security-archive: failed to find node for @astrojs/compiler@undefined found in the response.
security-archive: failed to find node for @astrojs/internal-helpers@undefined found in the response.
security-archive: failed to find node for @astrojs/markdown-remark@undefined found in the response.
security-archive: failed to find node for @astrojs/telemetry@undefined found in the response.
security-archive: failed to find node for @capsizecss/unpack@undefined found in the response.
security-archive: failed to find node for @oslojs/encoding@undefined found in the response.
security-archive: failed to find node for @rollup/pluginutils@undefined found in the response.
security-archive: failed to find node for @img/sharp-libvips-linux-arm64@undefined found in the response.
security-archive: failed to find node for @img/sharp-linux-arm64@undefined found in the response.
security-archive: failed to find node for @img/colour@undefined found in the response.
security-archive: failed to find node for @astrojs/prism@undefined found in the response.
security-archive: failed to find node for @types/estree@undefined found in the response.
security-archive: failed to find node for @esbuild/linux-arm64@undefined found in the response.
security-archive: failed to find node for @jridgewell/sourcemap-codec@undefined found in the response.
security-archive: failed to find node for @babel/parser@undefined found in the response.
security-archive: failed to find node for @babel/types@undefined found in the response.
security-archive: failed to find node for @types/hast@undefined found in the response.
security-archive: failed to find node for @shikijs/core@undefined found in the response.
security-archive: failed to find node for @shikijs/engine-javascript@undefined found in the response.
security-archive: failed to find node for @shikijs/engine-oniguruma@undefined found in the response.
security-archive: failed to find node for @shikijs/langs@undefined found in the response.
security-archive: failed to find node for @shikijs/themes@undefined found in the response.
security-archive: failed to find node for @shikijs/types@undefined found in the response.
security-archive: failed to find node for @shikijs/vscode-textmate@undefined found in the response.
security-archive: failed to find node for @types/unist@undefined found in the response.
security-archive: failed to find node for @emnapi/runtime@undefined found in the response.
security-archive: failed to find node for @types/mdast@undefined found in the response.
security-archive: failed to find node for @babel/helper-string-parser@undefined found in the response.
security-archive: failed to find node for @babel/helper-validator-identifier@undefined found in the response.
security-archive: failed to find node for @rollup/rollup-linux-arm64-gnu@undefined found in the response.
security-archive: failed to find node for @ungap/structured-clone@undefined found in the response.
security-archive: failed to find node for @types/nlcst@undefined found in the response.
security-archive: failed to find node for @types/debug@undefined found in the response.
security-archive: failed to find node for @types/ms@undefined found in the response.
