npm http fetch GET 200 https://vltoss.jfrog.io/artifactory/api/npm/benchmark-npm-remote/widest-line/-/widest-line-5.0.0.tgz 360ms (cache miss)
npm http fetch GET 200 https://vltoss.jfrog.io/artifactory/api/npm/benchmark-npm-remote/yocto-queue/-/yocto-queue-1.2.2.tgz 363ms (cache miss)
npm http fetch GET 200 https://vltoss.jfrog.io/artifactory/api/npm/benchmark-npm-remote/yoctocolors/-/yoctocolors-2.2.0.tgz 365ms (cache miss)
npm http fetch GET 200 https://vltoss.jfrog.io/artifactory/api/npm/benchmark-npm-remote/wrap-ansi/-/wrap-ansi-9.0.2.tgz 364ms (cache miss)
npm http fetch GET 200 https://vltoss.jfrog.io/artifactory/api/npm/benchmark-npm-remote/vitefu/-/vitefu-1.1.3.tgz 363ms (cache miss)
npm http fetch GET 200 https://vltoss.jfrog.io/artifactory/api/npm/benchmark-npm-remote/zod-to-ts/-/zod-to-ts-1.2.0.tgz 365ms (cache miss)
npm http fetch GET 200 https://vltoss.jfrog.io/artifactory/api/npm/benchmark-npm-remote/vfile-location/-/vfile-location-5.0.3.tgz 400ms (cache miss)
npm http fetch GET 200 https://vltoss.jfrog.io/artifactory/api/npm/benchmark-npm-remote/web-namespaces/-/web-namespaces-2.0.1.tgz 419ms (cache miss)
npm http fetch GET 200 https://vltoss.jfrog.io/artifactory/api/npm/benchmark-npm-remote/zwitch/-/zwitch-2.0.4.tgz 430ms (cache miss)
npm http fetch GET 200 https://vltoss.jfrog.io/artifactory/api/npm/benchmark-npm-remote/unist-util-visit-children/-/unist-util-visit-children-3.0.0.tgz 426ms (cache miss)
npm http fetch GET 200 https://vltoss.jfrog.io/artifactory/api/npm/benchmark-npm-remote/yocto-spinner/-/yocto-spinner-0.2.3.tgz 438ms (cache miss)
npm http fetch GET 200 https://vltoss.jfrog.io/artifactory/api/npm/benchmark-npm-remote/which-pm-runs/-/which-pm-runs-1.1.0.tgz 438ms (cache miss)
npm http fetch GET 200 https://vltoss.jfrog.io/artifactory/api/npm/benchmark-npm-remote/vfile-message/-/vfile-message-4.0.3.tgz 496ms (cache miss)
npm http fetch GET 200 https://vltoss.jfrog.io/artifactory/api/npm/benchmark-npm-remote/unist-util-visit/-/unist-util-visit-5.1.0.tgz 529ms (cache miss)
npm http fetch GET 200 https://vltoss.jfrog.io/artifactory/api/npm/benchmark-npm-remote/unist-util-stringify-position/-/unist-util-stringify-position-4.0.0.tgz 552ms (cache miss)
npm http fetch GET 200 https://vltoss.jfrog.io/artifactory/api/npm/benchmark-npm-remote/unist-util-visit-parents/-/unist-util-visit-parents-6.0.2.tgz 553ms (cache miss)
npm http fetch GET 200 https://vltoss.jfrog.io/artifactory/api/npm/benchmark-npm-remote/uncrypto/-/uncrypto-0.1.3.tgz 611ms (cache miss)
npm http fetch GET 200 https://vltoss.jfrog.io/artifactory/api/npm/benchmark-npm-remote/unist-util-remove-position/-/unist-util-remove-position-5.0.0.tgz 613ms (cache miss)
npm http fetch GET 200 https://vltoss.jfrog.io/artifactory/api/npm/benchmark-npm-remote/unist-util-modify-children/-/unist-util-modify-children-4.0.0.tgz 615ms (cache miss)
npm http fetch GET 200 https://vltoss.jfrog.io/artifactory/api/npm/benchmark-npm-remote/unist-util-position/-/unist-util-position-5.0.0.tgz 614ms (cache miss)
npm http fetch GET 200 https://vltoss.jfrog.io/artifactory/api/npm/benchmark-npm-remote/unist-util-find-after/-/unist-util-find-after-5.0.0.tgz 618ms (cache miss)
npm http fetch GET 200 https://vltoss.jfrog.io/artifactory/api/npm/benchmark-npm-remote/trim-lines/-/trim-lines-3.0.1.tgz 629ms (cache miss)
npm http fetch GET 200 https://vltoss.jfrog.io/artifactory/api/npm/benchmark-npm-remote/unist-util-is/-/unist-util-is-6.0.1.tgz 636ms (cache miss)
npm http fetch GET 200 https://vltoss.jfrog.io/artifactory/api/npm/benchmark-npm-remote/strip-ansi/-/strip-ansi-7.2.0.tgz 633ms (cache miss)
npm http fetch GET 200 https://vltoss.jfrog.io/artifactory/api/npm/benchmark-npm-remote/tinyglobby/-/tinyglobby-0.2.17.tgz 644ms (cache miss)
npm http fetch GET 200 https://vltoss.jfrog.io/artifactory/api/npm/benchmark-npm-remote/xxhash-wasm/-/xxhash-wasm-1.1.0.tgz 658ms (cache miss)
npm http fetch GET 200 https://vltoss.jfrog.io/artifactory/api/npm/benchmark-npm-remote/string-width/-/string-width-7.2.0.tgz 650ms (cache miss)
npm http fetch GET 200 https://vltoss.jfrog.io/artifactory/api/npm/benchmark-npm-remote/space-separated-tokens/-/space-separated-tokens-2.0.2.tgz 654ms (cache miss)
npm http fetch GET 200 https://vltoss.jfrog.io/artifactory/api/npm/benchmark-npm-remote/tinyexec/-/tinyexec-1.3.1.tgz 657ms (cache miss)
npm http fetch GET 200 https://vltoss.jfrog.io/artifactory/api/npm/benchmark-npm-remote/trough/-/trough-2.2.0.tgz 657ms (cache miss)
npm http fetch GET 200 https://vltoss.jfrog.io/artifactory/api/npm/benchmark-npm-remote/unifont/-/unifont-0.7.5.tgz 661ms (cache miss)
npm http fetch GET 200 https://vltoss.jfrog.io/artifactory/api/npm/benchmark-npm-remote/retext-stringify/-/retext-stringify-4.0.0.tgz 664ms (cache miss)
npm http fetch GET 200 https://vltoss.jfrog.io/artifactory/api/npm/benchmark-npm-remote/tiny-inflate/-/tiny-inflate-1.0.3.tgz 695ms (cache miss)
npm http fetch GET 200 https://vltoss.jfrog.io/artifactory/api/npm/benchmark-npm-remote/ufo/-/ufo-1.6.4.tgz 703ms (cache miss)
npm http fetch GET 200 https://vltoss.jfrog.io/artifactory/api/npm/benchmark-npm-remote/retext-smartypants/-/retext-smartypants-6.2.0.tgz 700ms (cache miss)
npm http fetch GET 200 https://vltoss.jfrog.io/artifactory/api/npm/benchmark-npm-remote/retext-latin/-/retext-latin-4.0.0.tgz 701ms (cache miss)
npm http fetch GET 200 https://vltoss.jfrog.io/artifactory/api/npm/benchmark-npm-remote/yargs-parser/-/yargs-parser-21.1.1.tgz 714ms (cache miss)
npm http fetch GET 200 https://vltoss.jfrog.io/artifactory/api/npm/benchmark-npm-remote/sax/-/sax-1.6.1.tgz 713ms (cache miss)
npm http fetch GET 200 https://vltoss.jfrog.io/artifactory/api/npm/benchmark-npm-remote/retext/-/retext-9.0.0.tgz 717ms (cache miss)
npm http fetch GET 200 https://vltoss.jfrog.io/artifactory/api/npm/benchmark-npm-remote/remark-smartypants/-/remark-smartypants-3.0.3.tgz 721ms (cache miss)
npm http fetch GET 200 https://vltoss.jfrog.io/artifactory/api/npm/benchmark-npm-remote/vfile/-/vfile-6.0.3.tgz 732ms (cache miss)
npm http fetch GET 200 https://vltoss.jfrog.io/artifactory/api/npm/benchmark-npm-remote/unified/-/unified-11.0.5.tgz 750ms (cache miss)
npm http fetch GET 200 https://vltoss.jfrog.io/artifactory/api/npm/benchmark-npm-remote/regex-utilities/-/regex-utilities-2.3.0.tgz 749ms (cache miss)
npm http fetch GET 200 https://vltoss.jfrog.io/artifactory/api/npm/benchmark-npm-remote/rehype-stringify/-/rehype-stringify-10.0.1.tgz 750ms (cache miss)
npm http fetch GET 200 https://vltoss.jfrog.io/artifactory/api/npm/benchmark-npm-remote/rehype-raw/-/rehype-raw-7.0.0.tgz 751ms (cache miss)
npm http fetch GET 200 https://vltoss.jfrog.io/artifactory/api/npm/benchmark-npm-remote/remark-gfm/-/remark-gfm-4.0.1.tgz 757ms (cache miss)
npm http fetch GET 200 https://vltoss.jfrog.io/artifactory/api/npm/benchmark-npm-remote/remark-stringify/-/remark-stringify-11.0.0.tgz 762ms (cache miss)
npm http fetch GET 200 https://vltoss.jfrog.io/artifactory/api/npm/benchmark-npm-remote/tsconfck/-/tsconfck-3.1.6.tgz 776ms (cache miss)
npm warn deprecated tsconfck@3.1.6: unmaintained
npm http fetch GET 200 https://vltoss.jfrog.io/artifactory/api/npm/benchmark-npm-remote/rehype-parse/-/rehype-parse-9.0.1.tgz 771ms (cache miss)
npm http fetch GET 200 https://vltoss.jfrog.io/artifactory/api/npm/benchmark-npm-remote/rehype/-/rehype-13.0.2.tgz 778ms (cache miss)
npm http fetch GET 200 https://vltoss.jfrog.io/artifactory/api/npm/benchmark-npm-remote/picocolors/-/picocolors-1.1.1.tgz 789ms (cache miss)
npm http fetch GET 200 https://vltoss.jfrog.io/artifactory/api/npm/benchmark-npm-remote/radix3/-/radix3-1.1.2.tgz 798ms (cache miss)
npm http fetch GET 200 https://vltoss.jfrog.io/artifactory/api/npm/benchmark-npm-remote/remark-rehype/-/remark-rehype-11.1.2.tgz 806ms (cache miss)
npm http fetch GET 200 https://vltoss.jfrog.io/artifactory/api/npm/benchmark-npm-remote/piccolore/-/piccolore-0.1.3.tgz 803ms (cache miss)
npm http fetch GET 200 https://vltoss.jfrog.io/artifactory/api/npm/benchmark-npm-remote/remark-parse/-/remark-parse-11.0.0.tgz 812ms (cache miss)
npm http fetch GET 200 https://vltoss.jfrog.io/artifactory/api/npm/benchmark-npm-remote/readdirp/-/readdirp-5.1.1.tgz 812ms (cache miss)
npm http fetch GET 200 https://vltoss.jfrog.io/artifactory/api/npm/benchmark-npm-remote/p-limit/-/p-limit-6.2.0.tgz 835ms (cache miss)
npm http fetch GET 200 https://vltoss.jfrog.io/artifactory/api/npm/benchmark-npm-remote/regex-recursion/-/regex-recursion-6.0.2.tgz 843ms (cache miss)
npm http fetch GET 200 https://vltoss.jfrog.io/artifactory/api/npm/benchmark-npm-remote/p-timeout/-/p-timeout-6.1.4.tgz 851ms (cache miss)
npm http fetch GET 200 https://vltoss.jfrog.io/artifactory/api/npm/benchmark-npm-remote/stringify-entities/-/stringify-entities-4.0.4.tgz 869ms (cache miss)
npm http fetch GET 200 https://vltoss.jfrog.io/artifactory/api/npm/benchmark-npm-remote/smol-toml/-/smol-toml-1.9.0.tgz 869ms (cache miss)
npm http fetch GET 200 https://vltoss.jfrog.io/artifactory/api/npm/benchmark-npm-remote/source-map-js/-/source-map-js-1.2.2.tgz 889ms (cache miss)
npm http fetch GET 200 https://vltoss.jfrog.io/artifactory/api/npm/benchmark-npm-remote/normalize-path/-/normalize-path-3.0.0.tgz 890ms (cache miss)
npm http fetch GET 200 https://vltoss.jfrog.io/artifactory/api/npm/benchmark-npm-remote/nlcst-to-string/-/nlcst-to-string-4.0.0.tgz 892ms (cache miss)
npm http fetch GET 200 https://vltoss.jfrog.io/artifactory/api/npm/benchmark-npm-remote/package-manager-detector/-/package-manager-detector-1.8.0.tgz 906ms (cache miss)
npm http fetch GET 200 https://vltoss.jfrog.io/artifactory/api/npm/benchmark-npm-remote/ms/-/ms-2.1.3.tgz 907ms (cache miss)
npm http fetch GET 200 https://vltoss.jfrog.io/artifactory/api/npm/benchmark-npm-remote/p-queue/-/p-queue-8.1.1.tgz 922ms (cache miss)
npm http fetch GET 200 https://vltoss.jfrog.io/artifactory/api/npm/benchmark-npm-remote/mrmime/-/mrmime-2.0.1.tgz 924ms (cache miss)
npm http fetch GET 200 https://vltoss.jfrog.io/artifactory/api/npm/benchmark-npm-remote/micromark-util-normalize-identifier/-/micromark-util-normalize-identifier-2.0.1.tgz 936ms (cache miss)
npm http fetch GET 200 https://vltoss.jfrog.io/artifactory/api/npm/benchmark-npm-remote/micromark-util-resolve-all/-/micromark-util-resolve-all-2.0.1.tgz 936ms (cache miss)
npm http fetch GET 200 https://vltoss.jfrog.io/artifactory/api/npm/benchmark-npm-remote/ultrahtml/-/ultrahtml-1.7.0.tgz 955ms (cache miss)
npm http fetch GET 200 https://vltoss.jfrog.io/artifactory/api/npm/benchmark-npm-remote/picomatch/-/picomatch-4.0.7.tgz 954ms (cache miss)
npm http fetch GET 200 https://vltoss.jfrog.io/artifactory/api/npm/benchmark-npm-remote/micromark-util-encode/-/micromark-util-encode-2.0.1.tgz 954ms (cache miss)
npm http fetch GET 200 https://vltoss.jfrog.io/artifactory/api/npm/benchmark-npm-remote/micromark-util-sanitize-uri/-/micromark-util-sanitize-uri-2.0.1.tgz 961ms (cache miss)
npm http fetch GET 200 https://vltoss.jfrog.io/artifactory/api/npm/benchmark-npm-remote/micromark-util-html-tag-name/-/micromark-util-html-tag-name-2.0.1.tgz 961ms (cache miss)
npm http fetch GET 200 https://vltoss.jfrog.io/artifactory/api/npm/benchmark-npm-remote/micromark-util-edit-map/-/micromark-util-edit-map-1.0.0.tgz 977ms (cache miss)
npm http fetch GET 200 https://vltoss.jfrog.io/artifactory/api/npm/benchmark-npm-remote/micromark-util-types/-/micromark-util-types-2.0.3.tgz 983ms (cache miss)
npm http fetch GET 200 https://vltoss.jfrog.io/artifactory/api/npm/benchmark-npm-remote/micromark-util-combine-extensions/-/micromark-util-combine-extensions-2.0.1.tgz 981ms (cache miss)
npm http fetch GET 200 https://vltoss.jfrog.io/artifactory/api/npm/benchmark-npm-remote/micromark-util-chunked/-/micromark-util-chunked-2.0.1.tgz 981ms (cache miss)
npm http fetch GET 200 https://vltoss.jfrog.io/artifactory/api/npm/benchmark-npm-remote/micromark-util-classify-character/-/micromark-util-classify-character-2.0.1.tgz 981ms (cache miss)
npm http fetch GET 200 https://vltoss.jfrog.io/artifactory/api/npm/benchmark-npm-remote/micromark-factory-whitespace/-/micromark-factory-whitespace-2.0.1.tgz 986ms (cache miss)
npm http fetch GET 200 https://vltoss.jfrog.io/artifactory/api/npm/benchmark-npm-remote/micromark-util-decode-numeric-character-reference/-/micromark-util-decode-numeric-character-reference-2.0.2.tgz 992ms (cache miss)
npm http fetch GET 200 https://vltoss.jfrog.io/artifactory/api/npm/benchmark-npm-remote/micromark-util-decode-string/-/micromark-util-decode-string-2.0.1.tgz 998ms (cache miss)
npm http fetch GET 200 https://vltoss.jfrog.io/artifactory/api/npm/benchmark-npm-remote/micromark-util-character/-/micromark-util-character-2.1.1.tgz 1005ms (cache miss)
npm http fetch GET 200 https://vltoss.jfrog.io/artifactory/api/npm/benchmark-npm-remote/micromark-factory-space/-/micromark-factory-space-2.1.0.tgz 1012ms (cache miss)
npm http fetch GET 200 https://vltoss.jfrog.io/artifactory/api/npm/benchmark-npm-remote/micromark-factory-label/-/micromark-factory-label-2.0.1.tgz 1018ms (cache miss)
npm http fetch GET 200 https://vltoss.jfrog.io/artifactory/api/npm/benchmark-npm-remote/micromark-factory-title/-/micromark-factory-title-2.0.1.tgz 1028ms (cache miss)
npm http fetch GET 200 https://vltoss.jfrog.io/artifactory/api/npm/benchmark-npm-remote/ohash/-/ohash-2.0.12.tgz 1041ms (cache miss)
npm http fetch GET 200 https://vltoss.jfrog.io/artifactory/api/npm/benchmark-npm-remote/micromark-extension-gfm-tagfilter/-/micromark-extension-gfm-tagfilter-2.0.0.tgz 1036ms (cache miss)
npm http fetch GET 200 https://vltoss.jfrog.io/artifactory/api/npm/benchmark-npm-remote/micromark-factory-destination/-/micromark-factory-destination-2.0.1.tgz 1042ms (cache miss)
npm http fetch GET 200 https://vltoss.jfrog.io/artifactory/api/npm/benchmark-npm-remote/micromark-extension-gfm/-/micromark-extension-gfm-3.0.0.tgz 1048ms (cache miss)
npm http fetch GET 200 https://vltoss.jfrog.io/artifactory/api/npm/benchmark-npm-remote/micromark-util-subtokenize/-/micromark-util-subtokenize-2.1.0.tgz 1060ms (cache miss)
npm http fetch GET 200 https://vltoss.jfrog.io/artifactory/api/npm/benchmark-npm-remote/sisteransi/-/sisteransi-1.0.5.tgz 1057ms (cache miss)
npm http fetch GET 200 https://vltoss.jfrog.io/artifactory/api/npm/benchmark-npm-remote/mdast-util-to-string/-/mdast-util-to-string-4.0.0.tgz 1076ms (cache miss)
npm http fetch GET 200 https://vltoss.jfrog.io/artifactory/api/npm/benchmark-npm-remote/nanoid/-/nanoid-3.3.19.tgz 1102ms (cache miss)
npm http fetch GET 200 https://vltoss.jfrog.io/artifactory/api/npm/benchmark-npm-remote/mdast-util-gfm-strikethrough/-/mdast-util-gfm-strikethrough-2.0.1.tgz 1092ms (cache miss)
npm http fetch GET 200 https://vltoss.jfrog.io/artifactory/api/npm/benchmark-npm-remote/mdast-util-gfm-task-list-item/-/mdast-util-gfm-task-list-item-2.0.0.tgz 1107ms (cache miss)
npm http fetch GET 200 https://vltoss.jfrog.io/artifactory/api/npm/benchmark-npm-remote/ofetch/-/ofetch-1.5.1.tgz 1124ms (cache miss)
npm http fetch GET 200 https://vltoss.jfrog.io/artifactory/api/npm/benchmark-npm-remote/micromark-util-symbol/-/micromark-util-symbol-2.0.1.tgz 1122ms (cache miss)
npm http fetch GET 200 https://vltoss.jfrog.io/artifactory/api/npm/benchmark-npm-remote/mdast-util-phrasing/-/mdast-util-phrasing-4.1.0.tgz 1114ms (cache miss)
npm http fetch GET 200 https://vltoss.jfrog.io/artifactory/api/npm/benchmark-npm-remote/mdast-util-gfm-footnote/-/mdast-util-gfm-footnote-2.1.0.tgz 1121ms (cache miss)
npm http fetch GET 200 https://vltoss.jfrog.io/artifactory/api/npm/benchmark-npm-remote/mdast-util-definitions/-/mdast-util-definitions-6.0.0.tgz 1120ms (cache miss)
npm http fetch GET 200 https://vltoss.jfrog.io/artifactory/api/npm/benchmark-npm-remote/mdast-util-gfm-table/-/mdast-util-gfm-table-2.0.0.tgz 1131ms (cache miss)
npm http fetch GET 200 https://vltoss.jfrog.io/artifactory/api/npm/benchmark-npm-remote/mdast-util-gfm-autolink-literal/-/mdast-util-gfm-autolink-literal-2.0.1.tgz 1136ms (cache miss)
npm http fetch GET 200 https://vltoss.jfrog.io/artifactory/api/npm/benchmark-npm-remote/markdown-table/-/markdown-table-3.0.4.tgz 1135ms (cache miss)
npm http fetch GET 200 https://vltoss.jfrog.io/artifactory/api/npm/benchmark-npm-remote/micromark-extension-gfm-task-list-item/-/micromark-extension-gfm-task-list-item-2.1.0.tgz 1165ms (cache miss)
npm http fetch GET 200 https://vltoss.jfrog.io/artifactory/api/npm/benchmark-npm-remote/longest-streak/-/longest-streak-3.1.0.tgz 1158ms (cache miss)
npm http fetch GET 200 https://vltoss.jfrog.io/artifactory/api/npm/benchmark-npm-remote/micromark-extension-gfm-strikethrough/-/micromark-extension-gfm-strikethrough-2.1.0.tgz 1170ms (cache miss)
npm http fetch GET 200 https://vltoss.jfrog.io/artifactory/api/npm/benchmark-npm-remote/is-plain-obj/-/is-plain-obj-4.1.0.tgz 1167ms (cache miss)
npm http fetch GET 200 https://vltoss.jfrog.io/artifactory/api/npm/benchmark-npm-remote/neotraverse/-/neotraverse-0.6.18.tgz 1187ms (cache miss)
npm http fetch GET 200 https://vltoss.jfrog.io/artifactory/api/npm/benchmark-npm-remote/kleur/-/kleur-3.0.3.tgz 1179ms (cache miss)
npm http fetch GET 200 https://vltoss.jfrog.io/artifactory/api/npm/benchmark-npm-remote/is-inside-container/-/is-inside-container-1.0.0.tgz 1194ms (cache miss)
npm http fetch GET 200 https://vltoss.jfrog.io/artifactory/api/npm/benchmark-npm-remote/is-docker/-/is-docker-3.0.0.tgz 1194ms (cache miss)
npm http fetch GET 200 https://vltoss.jfrog.io/artifactory/api/npm/benchmark-npm-remote/mdast-util-gfm/-/mdast-util-gfm-3.1.0.tgz 1203ms (cache miss)
npm http fetch GET 200 https://vltoss.jfrog.io/artifactory/api/npm/benchmark-npm-remote/is-wsl/-/is-wsl-3.1.1.tgz 1202ms (cache miss)
npm http fetch GET 200 https://vltoss.jfrog.io/artifactory/api/npm/benchmark-npm-remote/mdast-util-find-and-replace/-/mdast-util-find-and-replace-3.0.2.tgz 1210ms (cache miss)
npm http fetch GET 200 https://vltoss.jfrog.io/artifactory/api/npm/benchmark-npm-remote/is-fullwidth-code-point/-/is-fullwidth-code-point-3.0.0.tgz 1219ms (cache miss)
npm http fetch GET 200 https://vltoss.jfrog.io/artifactory/api/npm/benchmark-npm-remote/html-void-elements/-/html-void-elements-3.0.0.tgz 1219ms (cache miss)
npm http fetch GET 200 https://vltoss.jfrog.io/artifactory/api/npm/benchmark-npm-remote/hast-util-whitespace/-/hast-util-whitespace-3.0.0.tgz 1246ms (cache miss)
npm http fetch GET 200 https://vltoss.jfrog.io/artifactory/api/npm/benchmark-npm-remote/hast-util-parse-selector/-/hast-util-parse-selector-4.0.0.tgz 1246ms (cache miss)
npm http fetch GET 200 https://vltoss.jfrog.io/artifactory/api/npm/benchmark-npm-remote/micromark-extension-gfm-autolink-literal/-/micromark-extension-gfm-autolink-literal-2.1.0.tgz 1264ms (cache miss)
npm http fetch GET 200 https://vltoss.jfrog.io/artifactory/api/npm/benchmark-npm-remote/http-cache-semantics/-/http-cache-semantics-4.2.0.tgz 1272ms (cache miss)
npm http fetch GET 200 https://vltoss.jfrog.io/artifactory/api/npm/benchmark-npm-remote/hast-util-to-parse5/-/hast-util-to-parse5-8.0.1.tgz 1276ms (cache miss)
npm http fetch GET 200 https://vltoss.jfrog.io/artifactory/api/npm/benchmark-npm-remote/hast-util-to-text/-/hast-util-to-text-4.0.2.tgz 1276ms (cache miss)
npm http fetch GET 200 https://vltoss.jfrog.io/artifactory/api/npm/benchmark-npm-remote/flattie/-/flattie-1.1.1.tgz 1275ms (cache miss)
npm http fetch GET 200 https://vltoss.jfrog.io/artifactory/api/npm/benchmark-npm-remote/html-escaper/-/html-escaper-3.0.3.tgz 1282ms (cache miss)
npm http fetch GET 200 https://vltoss.jfrog.io/artifactory/api/npm/benchmark-npm-remote/iron-webcrypto/-/iron-webcrypto-1.2.1.tgz 1288ms (cache miss)
npm http fetch GET 200 https://vltoss.jfrog.io/artifactory/api/npm/benchmark-npm-remote/hast-util-is-element/-/hast-util-is-element-3.0.0.tgz 1293ms (cache miss)
npm http fetch GET 200 https://vltoss.jfrog.io/artifactory/api/npm/benchmark-npm-remote/fontace/-/fontace-0.4.1.tgz 1299ms (cache miss)
npm http fetch GET 200 https://vltoss.jfrog.io/artifactory/api/npm/benchmark-npm-remote/github-slugger/-/github-slugger-2.0.0.tgz 1305ms (cache miss)
npm http fetch GET 200 https://vltoss.jfrog.io/artifactory/api/npm/benchmark-npm-remote/extend/-/extend-3.0.2.tgz 1304ms (cache miss)
npm http fetch GET 200 https://vltoss.jfrog.io/artifactory/api/npm/benchmark-npm-remote/hast-util-from-parse5/-/hast-util-from-parse5-8.0.3.tgz 1324ms (cache miss)
npm http fetch GET 200 https://vltoss.jfrog.io/artifactory/api/npm/benchmark-npm-remote/get-east-asian-width/-/get-east-asian-width-1.7.0.tgz 1324ms (cache miss)
npm http fetch GET 200 https://vltoss.jfrog.io/artifactory/api/npm/benchmark-npm-remote/hast-util-raw/-/hast-util-raw-9.1.0.tgz 1333ms (cache miss)
npm http fetch GET 200 https://vltoss.jfrog.io/artifactory/api/npm/benchmark-npm-remote/escape-string-regexp/-/escape-string-regexp-5.0.0.tgz 1331ms (cache miss)
npm http fetch GET 200 https://vltoss.jfrog.io/artifactory/api/npm/benchmark-npm-remote/emoji-regex/-/emoji-regex-10.6.0.tgz 1335ms (cache miss)
npm http fetch GET 200 https://vltoss.jfrog.io/artifactory/api/npm/benchmark-npm-remote/estree-walker/-/estree-walker-3.0.3.tgz 1340ms (cache miss)
npm http fetch GET 200 https://vltoss.jfrog.io/artifactory/api/npm/benchmark-npm-remote/dlv/-/dlv-1.1.3.tgz 1339ms (cache miss)
npm http fetch GET 200 https://vltoss.jfrog.io/artifactory/api/npm/benchmark-npm-remote/fdir/-/fdir-6.5.0.tgz 1347ms (cache miss)
npm http fetch GET 200 https://vltoss.jfrog.io/artifactory/api/npm/benchmark-npm-remote/dset/-/dset-3.1.4.tgz 1346ms (cache miss)
npm http fetch GET 200 https://vltoss.jfrog.io/artifactory/api/npm/benchmark-npm-remote/nth-check/-/nth-check-2.1.1.tgz 1380ms (cache miss)
npm http fetch GET 200 https://vltoss.jfrog.io/artifactory/api/npm/benchmark-npm-remote/domelementtype/-/domelementtype-2.3.0.tgz 1402ms (cache miss)
npm http fetch GET 200 https://vltoss.jfrog.io/artifactory/api/npm/benchmark-npm-remote/mdast-util-from-markdown/-/mdast-util-from-markdown-2.0.3.tgz 1421ms (cache miss)
npm http fetch GET 200 https://vltoss.jfrog.io/artifactory/api/npm/benchmark-npm-remote/hast-util-from-html/-/hast-util-from-html-2.0.3.tgz 1415ms (cache miss)
npm http fetch GET 200 https://vltoss.jfrog.io/artifactory/api/npm/benchmark-npm-remote/decode-named-character-reference/-/decode-named-character-reference-1.3.0.tgz 1410ms (cache miss)
npm http fetch GET 200 https://vltoss.jfrog.io/artifactory/api/npm/benchmark-npm-remote/devlop/-/devlop-1.1.0.tgz 1413ms (cache miss)
npm http fetch GET 200 https://vltoss.jfrog.io/artifactory/api/npm/benchmark-npm-remote/deterministic-object-hash/-/deterministic-object-hash-2.0.2.tgz 1418ms (cache miss)
npm http fetch GET 200 https://vltoss.jfrog.io/artifactory/api/npm/benchmark-npm-remote/destr/-/destr-2.0.5.tgz 1419ms (cache miss)
npm http fetch GET 200 https://vltoss.jfrog.io/artifactory/api/npm/benchmark-npm-remote/cssesc/-/cssesc-3.0.0.tgz 1418ms (cache miss)
npm http fetch GET 200 https://vltoss.jfrog.io/artifactory/api/npm/benchmark-npm-remote/dequal/-/dequal-2.0.3.tgz 1444ms (cache miss)
npm http fetch GET 200 https://vltoss.jfrog.io/artifactory/api/npm/benchmark-npm-remote/defu/-/defu-6.1.7.tgz 1464ms (cache miss)
npm http fetch GET 200 https://vltoss.jfrog.io/artifactory/api/npm/benchmark-npm-remote/cli-boxes/-/cli-boxes-3.0.0.tgz 1463ms (cache miss)
npm http fetch GET 200 https://vltoss.jfrog.io/artifactory/api/npm/benchmark-npm-remote/semver/-/semver-7.8.5.tgz 1501ms (cache miss)
npm http fetch GET 200 https://vltoss.jfrog.io/artifactory/api/npm/benchmark-npm-remote/eventemitter3/-/eventemitter3-5.0.4.tgz 1475ms (cache miss)
npm http fetch GET 200 https://vltoss.jfrog.io/artifactory/api/npm/benchmark-npm-remote/cookie-es/-/cookie-es-1.2.3.tgz 1471ms (cache miss)
npm http fetch GET 200 https://vltoss.jfrog.io/artifactory/api/npm/benchmark-npm-remote/clsx/-/clsx-2.1.1.tgz 1476ms (cache miss)
npm http fetch GET 200 https://vltoss.jfrog.io/artifactory/api/npm/benchmark-npm-remote/ci-info/-/ci-info-4.4.0.tgz 1486ms (cache miss)
npm http fetch GET 200 https://vltoss.jfrog.io/artifactory/api/npm/benchmark-npm-remote/common-ancestor-path/-/common-ancestor-path-1.0.1.tgz 1488ms (cache miss)
npm http fetch GET 200 https://vltoss.jfrog.io/artifactory/api/npm/benchmark-npm-remote/esbuild/-/esbuild-0.27.7.tgz 1502ms (cache miss)
npm http fetch GET 200 https://vltoss.jfrog.io/artifactory/api/npm/benchmark-npm-remote/comma-separated-tokens/-/comma-separated-tokens-2.0.3.tgz 1497ms (cache miss)
npm http fetch GET 200 https://vltoss.jfrog.io/artifactory/api/npm/benchmark-npm-remote/character-entities-html4/-/character-entities-html4-2.1.0.tgz 1497ms (cache miss)
npm http fetch GET 200 https://vltoss.jfrog.io/artifactory/api/npm/benchmark-npm-remote/character-entities-legacy/-/character-entities-legacy-3.0.0.tgz 1506ms (cache miss)
npm http fetch GET 200 https://vltoss.jfrog.io/artifactory/api/npm/benchmark-npm-remote/detect-libc/-/detect-libc-2.1.2.tgz 1529ms (cache miss)
npm http fetch GET 200 https://vltoss.jfrog.io/artifactory/api/npm/benchmark-npm-remote/ccount/-/ccount-2.0.1.tgz 1530ms (cache miss)
npm http fetch GET 200 https://vltoss.jfrog.io/artifactory/api/npm/benchmark-npm-remote/import-meta-resolve/-/import-meta-resolve-4.2.0.tgz 1548ms (cache miss)
npm http fetch GET 200 https://vltoss.jfrog.io/artifactory/api/npm/benchmark-npm-remote/base-64/-/base-64-1.0.0.tgz 1537ms (cache miss)
npm http fetch GET 200 https://vltoss.jfrog.io/artifactory/api/npm/benchmark-npm-remote/es-module-lexer/-/es-module-lexer-1.7.0.tgz 1549ms (cache miss)
npm http fetch GET 200 https://vltoss.jfrog.io/artifactory/api/npm/benchmark-npm-remote/cookie/-/cookie-1.1.1.tgz 1545ms (cache miss)
npm http fetch GET 200 https://vltoss.jfrog.io/artifactory/api/npm/benchmark-npm-remote/camelcase/-/camelcase-8.0.0.tgz 1542ms (cache miss)
npm http fetch GET 200 https://vltoss.jfrog.io/artifactory/api/npm/benchmark-npm-remote/character-entities/-/character-entities-2.0.2.tgz 1548ms (cache miss)
npm http fetch GET 200 https://vltoss.jfrog.io/artifactory/api/npm/benchmark-npm-remote/boolbase/-/boolbase-1.0.0.tgz 1548ms (cache miss)
npm http fetch GET 200 https://vltoss.jfrog.io/artifactory/api/npm/benchmark-npm-remote/ansi-regex/-/ansi-regex-6.4.0.tgz 1565ms (cache miss)
npm http fetch GET 200 https://vltoss.jfrog.io/artifactory/api/npm/benchmark-npm-remote/boxen/-/boxen-8.0.1.tgz 1573ms (cache miss)
npm http fetch GET 200 https://vltoss.jfrog.io/artifactory/api/npm/benchmark-npm-remote/anymatch/-/anymatch-3.1.3.tgz 1572ms (cache miss)
npm http fetch GET 200 https://vltoss.jfrog.io/artifactory/api/npm/benchmark-npm-remote/hastscript/-/hastscript-9.0.1.tgz 1594ms (cache miss)
npm http fetch GET 200 https://vltoss.jfrog.io/artifactory/api/npm/benchmark-npm-remote/debug/-/debug-4.4.3.tgz 1587ms (cache miss)
npm http fetch GET 200 https://vltoss.jfrog.io/artifactory/api/npm/benchmark-npm-remote/array-iterate/-/array-iterate-2.0.1.tgz 1583ms (cache miss)
npm http fetch GET 200 https://vltoss.jfrog.io/artifactory/api/npm/benchmark-npm-remote/ansi-align/-/ansi-align-3.0.1.tgz 1587ms (cache miss)
npm http fetch GET 200 https://vltoss.jfrog.io/artifactory/api/npm/benchmark-npm-remote/ansi-styles/-/ansi-styles-6.2.3.tgz 1587ms (cache miss)
npm http fetch GET 200 https://vltoss.jfrog.io/artifactory/api/npm/benchmark-npm-remote/bail/-/bail-2.0.2.tgz 1588ms (cache miss)
npm http fetch GET 200 https://vltoss.jfrog.io/artifactory/api/npm/benchmark-npm-remote/@types/unist/-/unist-3.0.3.tgz 1600ms (cache miss)
npm http fetch GET 200 https://vltoss.jfrog.io/artifactory/api/npm/benchmark-npm-remote/@types/ms/-/ms-2.1.0.tgz 1601ms (cache miss)
npm http fetch GET 200 https://vltoss.jfrog.io/artifactory/api/npm/benchmark-npm-remote/dom-serializer/-/dom-serializer-2.0.0.tgz 1619ms (cache miss)
npm http fetch GET 200 https://vltoss.jfrog.io/artifactory/api/npm/benchmark-npm-remote/chokidar/-/chokidar-5.0.0.tgz 1643ms (cache miss)
npm http fetch GET 200 https://vltoss.jfrog.io/artifactory/api/npm/benchmark-npm-remote/@types/nlcst/-/nlcst-2.0.3.tgz 1640ms (cache miss)
npm http fetch GET 200 https://vltoss.jfrog.io/artifactory/api/npm/benchmark-npm-remote/sharp/-/sharp-0.34.5.tgz 1684ms (cache miss)
npm http fetch GET 200 https://vltoss.jfrog.io/artifactory/api/npm/benchmark-npm-remote/@types/debug/-/debug-4.1.13.tgz 1647ms (cache miss)
npm http fetch GET 200 https://vltoss.jfrog.io/artifactory/api/npm/benchmark-npm-remote/@types/hast/-/hast-3.0.5.tgz 1647ms (cache miss)
npm http fetch GET 200 https://vltoss.jfrog.io/artifactory/api/npm/benchmark-npm-remote/@types/estree/-/estree-1.0.9.tgz 1647ms (cache miss)
npm http fetch GET 200 https://vltoss.jfrog.io/artifactory/api/npm/benchmark-npm-remote/@types/mdast/-/mdast-4.0.4.tgz 1658ms (cache miss)
npm http fetch GET 200 https://vltoss.jfrog.io/artifactory/api/npm/benchmark-npm-remote/micromark-extension-gfm-table/-/micromark-extension-gfm-table-2.1.2.tgz 1691ms (cache miss)
npm http fetch GET 200 https://vltoss.jfrog.io/artifactory/api/npm/benchmark-npm-remote/domhandler/-/domhandler-5.0.3.tgz 1677ms (cache miss)
npm http fetch GET 200 https://vltoss.jfrog.io/artifactory/api/npm/benchmark-npm-remote/magicast/-/magicast-0.5.5.tgz 1689ms (cache miss)
npm http fetch GET 200 https://vltoss.jfrog.io/artifactory/api/npm/benchmark-npm-remote/magic-string/-/magic-string-0.30.21.tgz 1700ms (cache miss)
npm http fetch GET 200 https://vltoss.jfrog.io/artifactory/api/npm/benchmark-npm-remote/@shikijs/types/-/types-3.23.0.tgz 1698ms (cache miss)
npm http fetch GET 200 https://vltoss.jfrog.io/artifactory/api/npm/benchmark-npm-remote/@oslojs/encoding/-/encoding-1.1.0.tgz 1717ms (cache miss)
npm http fetch GET 200 https://vltoss.jfrog.io/artifactory/api/npm/benchmark-npm-remote/@astrojs/prism/-/prism-3.3.0.tgz 1719ms (cache miss)
npm http fetch GET 200 https://vltoss.jfrog.io/artifactory/api/npm/benchmark-npm-remote/@shikijs/engine-javascript/-/engine-javascript-3.23.0.tgz 1726ms (cache miss)
npm http fetch GET 200 https://vltoss.jfrog.io/artifactory/api/npm/benchmark-npm-remote/@capsizecss/unpack/-/unpack-4.0.1.tgz 1736ms (cache miss)
npm http fetch GET 200 https://vltoss.jfrog.io/artifactory/api/npm/benchmark-npm-remote/devalue/-/devalue-5.9.4.tgz 1753ms (cache miss)
npm http fetch GET 200 https://vltoss.jfrog.io/artifactory/api/npm/benchmark-npm-remote/@astrojs/internal-helpers/-/internal-helpers-0.7.6.tgz 1740ms (cache miss)
npm http fetch GET 200 https://vltoss.jfrog.io/artifactory/api/npm/benchmark-npm-remote/strip-ansi/-/strip-ansi-6.0.1.tgz 1745ms (cache miss)
npm http fetch GET 200 https://vltoss.jfrog.io/artifactory/api/npm/benchmark-npm-remote/@img/colour/-/colour-1.1.0.tgz 1752ms (cache miss)
npm http fetch GET 200 https://vltoss.jfrog.io/artifactory/api/npm/benchmark-npm-remote/@babel/helper-string-parser/-/helper-string-parser-7.29.7.tgz 1752ms (cache miss)
npm http fetch GET 200 https://vltoss.jfrog.io/artifactory/api/npm/benchmark-npm-remote/@shikijs/vscode-textmate/-/vscode-textmate-10.0.2.tgz 1759ms (cache miss)
npm http fetch GET 200 https://vltoss.jfrog.io/artifactory/api/npm/benchmark-npm-remote/string-width/-/string-width-4.2.3.tgz 1754ms (cache miss)
npm http fetch GET 200 https://vltoss.jfrog.io/artifactory/api/npm/benchmark-npm-remote/chalk/-/chalk-5.6.2.tgz 1769ms (cache miss)
npm http fetch GET 200 https://vltoss.jfrog.io/artifactory/api/npm/benchmark-npm-remote/ansi-regex/-/ansi-regex-5.0.1.tgz 1758ms (cache miss)
npm http fetch GET 200 https://vltoss.jfrog.io/artifactory/api/npm/benchmark-npm-remote/argparse/-/argparse-2.0.1.tgz 1770ms (cache miss)
npm http fetch GET 200 https://vltoss.jfrog.io/artifactory/api/npm/benchmark-npm-remote/@babel/helper-validator-identifier/-/helper-validator-identifier-7.29.7.tgz 1767ms (cache miss)
npm http fetch GET 200 https://vltoss.jfrog.io/artifactory/api/npm/benchmark-npm-remote/@rollup/pluginutils/-/pluginutils-5.4.0.tgz 1778ms (cache miss)
npm http fetch GET 200 https://vltoss.jfrog.io/artifactory/api/npm/benchmark-npm-remote/@ungap/structured-clone/-/structured-clone-1.4.0.tgz 1785ms (cache miss)
npm http fetch GET 200 https://vltoss.jfrog.io/artifactory/api/npm/benchmark-npm-remote/@shikijs/core/-/core-3.23.0.tgz 1783ms (cache miss)
npm http fetch GET 200 https://vltoss.jfrog.io/artifactory/api/npm/benchmark-npm-remote/emoji-regex/-/emoji-regex-8.0.0.tgz 1778ms (cache miss)
npm http fetch GET 200 https://vltoss.jfrog.io/artifactory/api/npm/benchmark-npm-remote/postcss/-/postcss-8.5.28.tgz 1821ms (cache miss)
npm http fetch GET 200 https://vltoss.jfrog.io/artifactory/api/npm/benchmark-npm-remote/fontkitten/-/fontkitten-1.0.3.tgz 1806ms (cache miss)
npm http fetch GET 200 https://vltoss.jfrog.io/artifactory/api/npm/benchmark-npm-remote/commander/-/commander-11.1.0.tgz 1804ms (cache miss)
npm http fetch GET 200 https://vltoss.jfrog.io/artifactory/api/npm/benchmark-npm-remote/esbuild/-/esbuild-0.25.12.tgz 1813ms (cache miss)
npm http fetch GET 200 https://vltoss.jfrog.io/artifactory/api/npm/benchmark-npm-remote/node-mock-http/-/node-mock-http-1.0.5.tgz 1851ms (cache miss)
npm http fetch GET 200 https://vltoss.jfrog.io/artifactory/api/npm/benchmark-npm-remote/mdn-data/-/mdn-data-2.27.1.tgz 1852ms (cache miss)
npm http fetch GET 200 https://vltoss.jfrog.io/artifactory/api/npm/benchmark-npm-remote/parse-latin/-/parse-latin-7.0.0.tgz 1873ms (cache miss)
npm http fetch GET 200 https://jfrog-prod-use2-shared-ohio-main.s3.amazonaws.com/aol-a0eigilwc24ii/filestore/9d/9d09ca63066cc48423211ed4caf5d70075d76a71?response-content-disposition=attachment%3Bfilename%3D%22node-fetch-native-1.6.7.tgz%22&response-content-type=application%2Fx-gzip&X-Artifactory-username=darcy%40vlt.sh&X-Artifactory-repoType=local&X-Artifactory-repositoryKey=benchmark-npm-remote-cache&X-Artifactory-originPackageType=npm&X-Artifactory-packageType=npm&X-Artifactory-artifactPath=node-fetch-native%2F-%2Fnode-fetch-native-1.6.7.tgz&X-Artifactory-originProjectKey=benchmark&X-Artifactory-projectKey=benchmark&X-Artifactory-originRepoType=remote&X-Artifactory-originRepositoryKey=benchmark-npm-remote&x-jf-traceId=6c1c23a296cd040ff33a2191f4e5399a&X-Amz-Security-Token=IQoJb3JpZ2luX2VjEKL%2F%2F%2F%2F%2F%2F%2F%2F%2F%2FwEaCXVzLWVhc3QtMiJHMEUCIQDVMM6hQLrcHwH67FU896QtC9YmtwKc2T3X5Gcfr8tXCgIgLBtwANB6Zn7jytMFtRVlqcQ3CTL34JCFjXIxiJAFsGAqkgUIaxAAGgw3MjE4ODI2MTMwMzciDGTDnQG6BGnnydftCSrvBKS9koNWQPnLqi6KjcKfNBD2PRTfT6%2BO9%2FZdqcvjTv55kWbnAu7GaSbQ89ymZiRz%2Fz0O0E%2BxtDh%2FzR0o0MZAzuxbJQZjwJydIEtjwavuIgBpzP1rz%2FAPQVFCM1H1QKlinYS0QMi%2BxHrZElgiPpIy1YiRIY53HZoPbym%2Ffqf7NcB6xPvoOA1Encr7TSwm0URIohwpfcv3XbZ3HTrfAUxnh3xoUveAE4gDEhXtzOKcbM6uGdE%2Bkj434yv%2B7d46ndcCh3WWQSImIwCW9kGDgbErC78rkDuikIVfsEjZJLs4uTQn4IaTKmzf1aWVpd1%2BRVzG9ONYdVxxN7xInXLQxC6VKocpKwy%2BtZ1897jXqfJsHENrgndjzwUrZ07OwMoirWmHENJYVhyRRirw8gBjgetMfDCy0A5VBwXTDfJOFesCUpuXr1IMJvNS6VdXYh61HDaX9J6%2FT5y7%2BKOIUorCDFjEK1KLuxb6%2BWtuoWldNm6PB0TBfTDBM3NP090iJKjyZ%2BENC05J7%2FLkqgKSWqEzhS3sYL5p0o1No5W32So9uSfi3DnWT3KniHekmwnyHStI%2FekxvzCKl9N2IlipyqVqyd3696UmSx6%2B8zjs%2BK8pkpfjCC0GYEyp6DDPYrmhvmgLNcgC3HQoqBS4EqaDH481BrmZImyMOJciZvFVxYx2YERM0nyYJIvaxWhXcxp6%2FiWS8ywestwTfzULKs6cLhjACwAjNOmCM%2BpcDjSPuv73SUJaN3NR%2FikHSqIFtdR0lsbdCi8%2FaTnkdVP0udPBZPb8Tk5p5bvIX%2F1OZFrewhfD0tKJRH79b0Y8He1%2FAqlSktX1ddU1MMOW9dUGOpkBkWhlnMYIY%2BK9LjxL5UOWUIgnGXUl1Z%2BA7CGUteR7IQypmJJ6I1aXzRpj%2FlGDLQ41zFGwPw6xs0e%2FMtJ9%2Fz2CN6H9Z%2B6uBqV2k4P58i87V0zm7vUo4bPMJk4AmFVoVv4Hnrdr3XfVG%2Fiyam5c9NMnWK9s3kAO3zLdLREunC%2BAOiK8eNwRBI7%2BuWpt20QBxN%2BT4mEUxeeMm2Ro&X-Amz-Algorithm=AWS4-HMAC-SHA256&X-Amz-Date=20260930T180843Z&X-Amz-SignedHeaders=host&X-Amz-Credential=ASIA2QE4OQUW3IHOQVTK%2F20260930%2Fus-east-2%2Fs3%2Faws4_request&X-Amz-Expires=30&X-Amz-Signature=6491490d5e5b7ef6c443746f61ff1a75296adaab9a839a718ec4f69da77db334 1871ms (cache miss)
npm http fetch GET 200 https://vltoss.jfrog.io/artifactory/api/npm/benchmark-npm-remote/h3/-/h3-1.15.11.tgz 1855ms (cache miss)
npm http fetch GET 200 https://vltoss.jfrog.io/artifactory/api/npm/benchmark-npm-remote/@astrojs/telemetry/-/telemetry-3.3.0.tgz 1838ms (cache miss)
npm http fetch GET 200 https://vltoss.jfrog.io/artifactory/api/npm/benchmark-npm-remote/picomatch/-/picomatch-2.3.2.tgz 1862ms (cache miss)
npm http fetch GET 200 https://vltoss.jfrog.io/artifactory/api/npm/benchmark-npm-remote/property-information/-/property-information-7.2.0.tgz 1919ms (cache miss)
npm http fetch GET 200 https://vltoss.jfrog.io/artifactory/api/npm/benchmark-npm-remote/micromark-extension-gfm-footnote/-/micromark-extension-gfm-footnote-2.1.0.tgz 1881ms (cache miss)
npm http fetch GET 200 https://vltoss.jfrog.io/artifactory/api/npm/benchmark-npm-remote/estree-walker/-/estree-walker-2.0.2.tgz 1881ms (cache miss)
npm http fetch GET 200 https://jfrog-prod-use2-shared-ohio-main.s3.amazonaws.com/aol-a0eigilwc24ii/filestore/78/789421048d66ac1b33613169d6d18b9cc6e340ed?response-content-disposition=attachment%3Bfilename%3D%22engine-oniguruma-3.23.0.tgz%22&response-content-type=application%2Fx-gzip&X-Artifactory-username=darcy%40vlt.sh&X-Artifactory-repoType=local&X-Artifactory-repositoryKey=benchmark-npm-remote-cache&X-Artifactory-originPackageType=npm&X-Artifactory-packageType=npm&X-Artifactory-artifactPath=%40shikijs%2Fengine-oniguruma%2F-%2Fengine-oniguruma-3.23.0.tgz&X-Artifactory-originProjectKey=benchmark&X-Artifactory-projectKey=benchmark&X-Artifactory-originRepoType=remote&X-Artifactory-originRepositoryKey=benchmark-npm-remote&x-jf-traceId=2118d0be1be565b5f63b416d16b3308f&X-Amz-Security-Token=IQoJb3JpZ2luX2VjEKL%2F%2F%2F%2F%2F%2F%2F%2F%2F%2FwEaCXVzLWVhc3QtMiJIMEYCIQD9RK8gPYUkFmNZBT%2B1THbr4vuVz4u4RiBKXw%2B6O23fRwIhAIxG%2FHEClf8wL947nh2A17fxaN2719PGMwQ%2FutwSkk7KKpIFCGsQABoMNzIxODgyNjEzMDM3IgzA48KXLK7uSmAyjJUq7wQ%2FWUbC8HJSzOsiI5VeBl2l7kiaOPkxIqc1sGtzuQm9Dk7x9dE9bTzGlFz6p1ZJldu6F15lTpBvQp0jzhaqwuukg55Rn%2Fty%2F%2BHG7DZpS54qsp85K8eBKc0E3BsF1qIMtbpdsd%2FxuXGR4lg8SLWOM1h67tkHoQnPB8dmK%2FmREo4rWMETv44o1hTzNVnhknfdliYVz%2FixUPkInVBo1NHr1uc5ClGQETGpR6k10rlr%2BYQFIJv9lK%2BCaNC73oq%2BPJo%2BVPqrClWUkP1UkBeJ8mjCoFNxp5Dq6NgWdueLd9X48xlsDex0nAzSaI7XRKcWvdBHWzprhNoU8yAl3BuelEv6WLXowf%2B32OuuWlK3yNNJbN9whmL1DxPrpmbPGSyrTGVoDHB7QDfivleA0v2oPciKyrjA3uaXOZmHvkHIrZ78GWNr7q1oHoyhP4lNOR9lGqMuRQyBC4DGmiTbxLh10A8dUq1wpMHJjGUxvrvr3e88QXjuAbCSXPLiMXzd6Z4KRHRnZESiAv%2FkPVs1qUnxrPaE15sH0NZVvELWUKtClXHiqYklusOHHa5laElPQ6olh1hJtYTpw%2F0k7Kzf0DWRLqq6SzYjoTRBk%2F8DdIlMTl9Tky3gekVo%2FyNn%2BoqB5bjHEBH8wtOBL8ocnOkDWhjw7q3HBFuEkWr5WCOkOB8h9EOJBod%2Bt5fjLIJWllhqxM62hSDRYBxty7rERX9Im0rUVFN%2FjQnoxpTl7%2FfzirRrQH8TRm5CIwAg97NHqLKCl9yd0IuieUVDrNF3tuHDd8f2fHw%2BFZ3tG3dDeVNW1KZvvX5VMvM7rqsE22YddajzuYTaqXKovzD%2BmvXVBjqYAev76hgiq3%2FD56iIH3DOJB50KEf64mbN4btRDsTQDuQ3Bj6ahKwvCQh22wNmE4%2Fbx2qS256spCN8t1KIQQAUCdTiOSSAyOJLxlNcPpDPkoRr6tjitH18dueGqnrg%2FQabkRwCKy%2FOIKl%2Fas5OWcN%2FV1AQSF9dn%2BTo42v1Po1o5opeN7IE%2FmejMbUNCh7l0JfZbBqEe1FEmlQu&X-Amz-Algorithm=AWS4-HMAC-SHA256&X-Amz-Date=20260930T180843Z&X-Amz-SignedHeaders=host&X-Amz-Credential=ASIA2QE4OQUWXGAUZ63Y%2F20260930%2Fus-east-2%2Fs3%2Faws4_request&X-Amz-Expires=30&X-Amz-Signature=ab271cc0bd3c6d88012e21b5433b75be34379d3add2f72a5a62cce5b4931aa44 1909ms (cache miss)
npm http fetch GET 200 https://jfrog-prod-use2-shared-ohio-main.s3.amazonaws.com/aol-a0eigilwc24ii/filestore/43/43e640280241b0d687a314e7a641d476407a1c4d?response-content-disposition=attachment%3Bfilename%3D%22oniguruma-to-es-4.3.6.tgz%22&response-content-type=application%2Fx-gzip&X-Artifactory-username=darcy%40vlt.sh&X-Artifactory-repoType=local&X-Artifactory-repositoryKey=benchmark-npm-remote-cache&X-Artifactory-originPackageType=npm&X-Artifactory-packageType=npm&X-Artifactory-artifactPath=oniguruma-to-es%2F-%2Foniguruma-to-es-4.3.6.tgz&X-Artifactory-originProjectKey=benchmark&X-Artifactory-projectKey=benchmark&X-Artifactory-originRepoType=remote&X-Artifactory-originRepositoryKey=benchmark-npm-remote&x-jf-traceId=fd7cbb8fed8275a0a70867bb27ce9f6a&X-Amz-Security-Token=IQoJb3JpZ2luX2VjEKL%2F%2F%2F%2F%2F%2F%2F%2F%2F%2FwEaCXVzLWVhc3QtMiJIMEYCIQD9RK8gPYUkFmNZBT%2B1THbr4vuVz4u4RiBKXw%2B6O23fRwIhAIxG%2FHEClf8wL947nh2A17fxaN2719PGMwQ%2FutwSkk7KKpIFCGsQABoMNzIxODgyNjEzMDM3IgzA48KXLK7uSmAyjJUq7wQ%2FWUbC8HJSzOsiI5VeBl2l7kiaOPkxIqc1sGtzuQm9Dk7x9dE9bTzGlFz6p1ZJldu6F15lTpBvQp0jzhaqwuukg55Rn%2Fty%2F%2BHG7DZpS54qsp85K8eBKc0E3BsF1qIMtbpdsd%2FxuXGR4lg8SLWOM1h67tkHoQnPB8dmK%2FmREo4rWMETv44o1hTzNVnhknfdliYVz%2FixUPkInVBo1NHr1uc5ClGQETGpR6k10rlr%2BYQFIJv9lK%2BCaNC73oq%2BPJo%2BVPqrClWUkP1UkBeJ8mjCoFNxp5Dq6NgWdueLd9X48xlsDex0nAzSaI7XRKcWvdBHWzprhNoU8yAl3BuelEv6WLXowf%2B32OuuWlK3yNNJbN9whmL1DxPrpmbPGSyrTGVoDHB7QDfivleA0v2oPciKyrjA3uaXOZmHvkHIrZ78GWNr7q1oHoyhP4lNOR9lGqMuRQyBC4DGmiTbxLh10A8dUq1wpMHJjGUxvrvr3e88QXjuAbCSXPLiMXzd6Z4KRHRnZESiAv%2FkPVs1qUnxrPaE15sH0NZVvELWUKtClXHiqYklusOHHa5laElPQ6olh1hJtYTpw%2F0k7Kzf0DWRLqq6SzYjoTRBk%2F8DdIlMTl9Tky3gekVo%2FyNn%2BoqB5bjHEBH8wtOBL8ocnOkDWhjw7q3HBFuEkWr5WCOkOB8h9EOJBod%2Bt5fjLIJWllhqxM62hSDRYBxty7rERX9Im0rUVFN%2FjQnoxpTl7%2FfzirRrQH8TRm5CIwAg97NHqLKCl9yd0IuieUVDrNF3tuHDd8f2fHw%2BFZ3tG3dDeVNW1KZvvX5VMvM7rqsE22YddajzuYTaqXKovzD%2BmvXVBjqYAev76hgiq3%2FD56iIH3DOJB50KEf64mbN4btRDsTQDuQ3Bj6ahKwvCQh22wNmE4%2Fbx2qS256spCN8t1KIQQAUCdTiOSSAyOJLxlNcPpDPkoRr6tjitH18dueGqnrg%2FQabkRwCKy%2FOIKl%2Fas5OWcN%2FV1AQSF9dn%2BTo42v1Po1o5opeN7IE%2FmejMbUNCh7l0JfZbBqEe1FEmlQu&X-Amz-Algorithm=AWS4-HMAC-SHA256&X-Amz-Date=20260930T180843Z&X-Amz-SignedHeaders=host&X-Amz-Credential=ASIA2QE4OQUWXGAUZ63Y%2F20260930%2Fus-east-2%2Fs3%2Faws4_request&X-Amz-Expires=30&X-Amz-Signature=8a57ba6ec7a323a416abd92e32429dfd658a762a0194bdc4b87dfc4354386f46 1958ms (cache miss)
npm http fetch GET 200 https://vltoss.jfrog.io/artifactory/api/npm/benchmark-npm-remote/@jridgewell/sourcemap-codec/-/sourcemap-codec-1.6.0.tgz 1962ms (cache miss)
npm http fetch GET 200 https://vltoss.jfrog.io/artifactory/api/npm/benchmark-npm-remote/@astrojs/markdown-remark/-/markdown-remark-6.3.11.tgz 1967ms (cache miss)
npm http fetch GET 200 https://vltoss.jfrog.io/artifactory/api/npm/benchmark-npm-remote/acorn/-/acorn-8.18.0.tgz 1994ms (cache miss)
npm http fetch GET 200 https://vltoss.jfrog.io/artifactory/api/npm/benchmark-npm-remote/regex/-/regex-6.1.0.tgz 2047ms (cache miss)
npm http fetch GET 200 https://vltoss.jfrog.io/artifactory/api/npm/benchmark-npm-remote/hast-util-to-html/-/hast-util-to-html-9.0.5.tgz 2031ms (cache miss)
npm http fetch GET 200 https://jfrog-prod-use2-shared-ohio-main.s3.amazonaws.com/aol-a0eigilwc24ii/filestore/85/85a164db7ce706f2a776812efa2b340f1721858e?response-content-disposition=attachment%3Bfilename%3D%22vite-6.4.3.tgz%22&response-content-type=application%2Fx-gzip&X-Artifactory-username=darcy%40vlt.sh&X-Artifactory-repoType=local&X-Artifactory-repositoryKey=benchmark-npm-remote-cache&X-Artifactory-originPackageType=npm&X-Artifactory-packageType=npm&X-Artifactory-artifactPath=vite%2F-%2Fvite-6.4.3.tgz&X-Artifactory-originProjectKey=benchmark&X-Artifactory-projectKey=benchmark&X-Artifactory-originRepoType=remote&X-Artifactory-originRepositoryKey=benchmark-npm-remote&x-jf-traceId=7874e5bfe2c55da7aaed2467d002e575&X-Amz-Security-Token=IQoJb3JpZ2luX2VjEKL%2F%2F%2F%2F%2F%2F%2F%2F%2F%2FwEaCXVzLWVhc3QtMiJIMEYCIQD9RK8gPYUkFmNZBT%2B1THbr4vuVz4u4RiBKXw%2B6O23fRwIhAIxG%2FHEClf8wL947nh2A17fxaN2719PGMwQ%2FutwSkk7KKpIFCGsQABoMNzIxODgyNjEzMDM3IgzA48KXLK7uSmAyjJUq7wQ%2FWUbC8HJSzOsiI5VeBl2l7kiaOPkxIqc1sGtzuQm9Dk7x9dE9bTzGlFz6p1ZJldu6F15lTpBvQp0jzhaqwuukg55Rn%2Fty%2F%2BHG7DZpS54qsp85K8eBKc0E3BsF1qIMtbpdsd%2FxuXGR4lg8SLWOM1h67tkHoQnPB8dmK%2FmREo4rWMETv44o1hTzNVnhknfdliYVz%2FixUPkInVBo1NHr1uc5ClGQETGpR6k10rlr%2BYQFIJv9lK%2BCaNC73oq%2BPJo%2BVPqrClWUkP1UkBeJ8mjCoFNxp5Dq6NgWdueLd9X48xlsDex0nAzSaI7XRKcWvdBHWzprhNoU8yAl3BuelEv6WLXowf%2B32OuuWlK3yNNJbN9whmL1DxPrpmbPGSyrTGVoDHB7QDfivleA0v2oPciKyrjA3uaXOZmHvkHIrZ78GWNr7q1oHoyhP4lNOR9lGqMuRQyBC4DGmiTbxLh10A8dUq1wpMHJjGUxvrvr3e88QXjuAbCSXPLiMXzd6Z4KRHRnZESiAv%2FkPVs1qUnxrPaE15sH0NZVvELWUKtClXHiqYklusOHHa5laElPQ6olh1hJtYTpw%2F0k7Kzf0DWRLqq6SzYjoTRBk%2F8DdIlMTl9Tky3gekVo%2FyNn%2BoqB5bjHEBH8wtOBL8ocnOkDWhjw7q3HBFuEkWr5WCOkOB8h9EOJBod%2Bt5fjLIJWllhqxM62hSDRYBxty7rERX9Im0rUVFN%2FjQnoxpTl7%2FfzirRrQH8TRm5CIwAg97NHqLKCl9yd0IuieUVDrNF3tuHDd8f2fHw%2BFZ3tG3dDeVNW1KZvvX5VMvM7rqsE22YddajzuYTaqXKovzD%2BmvXVBjqYAev76hgiq3%2FD56iIH3DOJB50KEf64mbN4btRDsTQDuQ3Bj6ahKwvCQh22wNmE4%2Fbx2qS256spCN8t1KIQQAUCdTiOSSAyOJLxlNcPpDPkoRr6tjitH18dueGqnrg%2FQabkRwCKy%2FOIKl%2Fas5OWcN%2FV1AQSF9dn%2BTo42v1Po1o5opeN7IE%2FmejMbUNCh7l0JfZbBqEe1FEmlQu&X-Amz-Algorithm=AWS4-HMAC-SHA256&X-Amz-Date=20260930T180842Z&X-Amz-SignedHeaders=host&X-Amz-Credential=ASIA2QE4OQUWXGAUZ63Y%2F20260930%2Fus-east-2%2Fs3%2Faws4_request&X-Amz-Expires=30&X-Amz-Signature=6730c16a2acac164bde0f627509aede03c5b442af9bc7bee45fef68ca7e1e633 2093ms (cache miss)
npm http fetch GET 200 https://vltoss.jfrog.io/artifactory/api/npm/benchmark-npm-remote/@img/sharp-linux-arm64/-/sharp-linux-arm64-0.34.5.tgz 2057ms (cache miss)
npm http fetch GET 200 https://jfrog-prod-use2-shared-ohio-main.s3.amazonaws.com/aol-a0eigilwc24ii/filestore/8e/8e44fb14a2643c59726bb15787b5f1512cb3d3fb?response-content-disposition=attachment%3Bfilename%3D%22js-yaml-4.3.2.tgz%22&response-content-type=application%2Fx-gzip&X-Artifactory-username=darcy%40vlt.sh&X-Artifactory-repoType=local&X-Artifactory-repositoryKey=benchmark-npm-remote-cache&X-Artifactory-originPackageType=npm&X-Artifactory-packageType=npm&X-Artifactory-artifactPath=js-yaml%2F-%2Fjs-yaml-4.3.2.tgz&X-Artifactory-originProjectKey=benchmark&X-Artifactory-projectKey=benchmark&X-Artifactory-originRepoType=remote&X-Artifactory-originRepositoryKey=benchmark-npm-remote&x-jf-traceId=0839cf73dc8796c7a3056c06d5f87c97&X-Amz-Security-Token=IQoJb3JpZ2luX2VjEKL%2F%2F%2F%2F%2F%2F%2F%2F%2F%2FwEaCXVzLWVhc3QtMiJHMEUCIQDVMM6hQLrcHwH67FU896QtC9YmtwKc2T3X5Gcfr8tXCgIgLBtwANB6Zn7jytMFtRVlqcQ3CTL34JCFjXIxiJAFsGAqkgUIaxAAGgw3MjE4ODI2MTMwMzciDGTDnQG6BGnnydftCSrvBKS9koNWQPnLqi6KjcKfNBD2PRTfT6%2BO9%2FZdqcvjTv55kWbnAu7GaSbQ89ymZiRz%2Fz0O0E%2BxtDh%2FzR0o0MZAzuxbJQZjwJydIEtjwavuIgBpzP1rz%2FAPQVFCM1H1QKlinYS0QMi%2BxHrZElgiPpIy1YiRIY53HZoPbym%2Ffqf7NcB6xPvoOA1Encr7TSwm0URIohwpfcv3XbZ3HTrfAUxnh3xoUveAE4gDEhXtzOKcbM6uGdE%2Bkj434yv%2B7d46ndcCh3WWQSImIwCW9kGDgbErC78rkDuikIVfsEjZJLs4uTQn4IaTKmzf1aWVpd1%2BRVzG9ONYdVxxN7xInXLQxC6VKocpKwy%2BtZ1897jXqfJsHENrgndjzwUrZ07OwMoirWmHENJYVhyRRirw8gBjgetMfDCy0A5VBwXTDfJOFesCUpuXr1IMJvNS6VdXYh61HDaX9J6%2FT5y7%2BKOIUorCDFjEK1KLuxb6%2BWtuoWldNm6PB0TBfTDBM3NP090iJKjyZ%2BENC05J7%2FLkqgKSWqEzhS3sYL5p0o1No5W32So9uSfi3DnWT3KniHekmwnyHStI%2FekxvzCKl9N2IlipyqVqyd3696UmSx6%2B8zjs%2BK8pkpfjCC0GYEyp6DDPYrmhvmgLNcgC3HQoqBS4EqaDH481BrmZImyMOJciZvFVxYx2YERM0nyYJIvaxWhXcxp6%2FiWS8ywestwTfzULKs6cLhjACwAjNOmCM%2BpcDjSPuv73SUJaN3NR%2FikHSqIFtdR0lsbdCi8%2FaTnkdVP0udPBZPb8Tk5p5bvIX%2F1OZFrewhfD0tKJRH79b0Y8He1%2FAqlSktX1ddU1MMOW9dUGOpkBkWhlnMYIY%2BK9LjxL5UOWUIgnGXUl1Z%2BA7CGUteR7IQypmJJ6I1aXzRpj%2FlGDLQ41zFGwPw6xs0e%2FMtJ9%2Fz2CN6H9Z%2B6uBqV2k4P58i87V0zm7vUo4bPMJk4AmFVoVv4Hnrdr3XfVG%2Fiyam5c9NMnWK9s3kAO3zLdLREunC%2BAOiK8eNwRBI7%2BuWpt20QBxN%2BT4mEUxeeMm2Ro&X-Amz-Algorithm=AWS4-HMAC-SHA256&X-Amz-Date=20260930T180843Z&X-Amz-SignedHeaders=host&X-Amz-Credential=ASIA2QE4OQUW3IHOQVTK%2F20260930%2Fus-east-2%2Fs3%2Faws4_request&X-Amz-Expires=30&X-Amz-Signature=86e6ce1e9d49390bb539e47e5c6461cbc053b596d1cf95f22142f81d23d09e33 2087ms (cache miss)
npm http fetch GET 200 https://vltoss.jfrog.io/artifactory/api/npm/benchmark-npm-remote/mdn-data/-/mdn-data-2.0.28.tgz 2080ms (cache miss)
npm http fetch GET 200 https://vltoss.jfrog.io/artifactory/api/npm/benchmark-npm-remote/css-what/-/css-what-7.0.0.tgz 2126ms (cache miss)
npm http fetch GET 200 https://jfrog-prod-use2-shared-ohio-main.s3.amazonaws.com/aol-a0eigilwc24ii/filestore/e7/e7ee0a24f752c5296c6455855ccb72662e67ea96?response-content-disposition=attachment%3Bfilename%3D%22parser-7.29.9.tgz%22&response-content-type=application%2Fx-gzip&X-Artifactory-username=darcy%40vlt.sh&X-Artifactory-repoType=local&X-Artifactory-repositoryKey=benchmark-npm-remote-cache&X-Artifactory-originPackageType=npm&X-Artifactory-packageType=npm&X-Artifactory-artifactPath=%40babel%2Fparser%2F-%2Fparser-7.29.9.tgz&X-Artifactory-originProjectKey=benchmark&X-Artifactory-projectKey=benchmark&X-Artifactory-originRepoType=remote&X-Artifactory-originRepositoryKey=benchmark-npm-remote&x-jf-traceId=744cc07a8e156a9bd828ebfc3553b5e6&X-Amz-Security-Token=IQoJb3JpZ2luX2VjEKL%2F%2F%2F%2F%2F%2F%2F%2F%2F%2FwEaCXVzLWVhc3QtMiJIMEYCIQD9RK8gPYUkFmNZBT%2B1THbr4vuVz4u4RiBKXw%2B6O23fRwIhAIxG%2FHEClf8wL947nh2A17fxaN2719PGMwQ%2FutwSkk7KKpIFCGsQABoMNzIxODgyNjEzMDM3IgzA48KXLK7uSmAyjJUq7wQ%2FWUbC8HJSzOsiI5VeBl2l7kiaOPkxIqc1sGtzuQm9Dk7x9dE9bTzGlFz6p1ZJldu6F15lTpBvQp0jzhaqwuukg55Rn%2Fty%2F%2BHG7DZpS54qsp85K8eBKc0E3BsF1qIMtbpdsd%2FxuXGR4lg8SLWOM1h67tkHoQnPB8dmK%2FmREo4rWMETv44o1hTzNVnhknfdliYVz%2FixUPkInVBo1NHr1uc5ClGQETGpR6k10rlr%2BYQFIJv9lK%2BCaNC73oq%2BPJo%2BVPqrClWUkP1UkBeJ8mjCoFNxp5Dq6NgWdueLd9X48xlsDex0nAzSaI7XRKcWvdBHWzprhNoU8yAl3BuelEv6WLXowf%2B32OuuWlK3yNNJbN9whmL1DxPrpmbPGSyrTGVoDHB7QDfivleA0v2oPciKyrjA3uaXOZmHvkHIrZ78GWNr7q1oHoyhP4lNOR9lGqMuRQyBC4DGmiTbxLh10A8dUq1wpMHJjGUxvrvr3e88QXjuAbCSXPLiMXzd6Z4KRHRnZESiAv%2FkPVs1qUnxrPaE15sH0NZVvELWUKtClXHiqYklusOHHa5laElPQ6olh1hJtYTpw%2F0k7Kzf0DWRLqq6SzYjoTRBk%2F8DdIlMTl9Tky3gekVo%2FyNn%2BoqB5bjHEBH8wtOBL8ocnOkDWhjw7q3HBFuEkWr5WCOkOB8h9EOJBod%2Bt5fjLIJWllhqxM62hSDRYBxty7rERX9Im0rUVFN%2FjQnoxpTl7%2FfzirRrQH8TRm5CIwAg97NHqLKCl9yd0IuieUVDrNF3tuHDd8f2fHw%2BFZ3tG3dDeVNW1KZvvX5VMvM7rqsE22YddajzuYTaqXKovzD%2BmvXVBjqYAev76hgiq3%2FD56iIH3DOJB50KEf64mbN4btRDsTQDuQ3Bj6ahKwvCQh22wNmE4%2Fbx2qS256spCN8t1KIQQAUCdTiOSSAyOJLxlNcPpDPkoRr6tjitH18dueGqnrg%2FQabkRwCKy%2FOIKl%2Fas5OWcN%2FV1AQSF9dn%2BTo42v1Po1o5opeN7IE%2FmejMbUNCh7l0JfZbBqEe1FEmlQu&X-Amz-Algorithm=AWS4-HMAC-SHA256&X-Amz-Date=20260930T180843Z&X-Amz-SignedHeaders=host&X-Amz-Credential=ASIA2QE4OQUWXGAUZ63Y%2F20260930%2Fus-east-2%2Fs3%2Faws4_request&X-Amz-Expires=30&X-Amz-Signature=555d56eddcc559d3e95dc0c9fd602c9bbca79648dc64f370bc5b7141de0c7626 2130ms (cache miss)
npm http fetch GET 200 https://jfrog-prod-use2-shared-ohio-main.s3.amazonaws.com/aol-a0eigilwc24ii/filestore/ff/fff99e3aff1ad28fe8506c6fd6e845c7b2848243?response-content-disposition=attachment%3Bfilename%3D%22rollup-linux-arm64-gnu-4.63.5.tgz%22&response-content-type=application%2Fx-gzip&X-Artifactory-username=darcy%40vlt.sh&X-Artifactory-repoType=local&X-Artifactory-repositoryKey=benchmark-npm-remote-cache&X-Artifactory-originPackageType=npm&X-Artifactory-packageType=npm&X-Artifactory-artifactPath=%40rollup%2Frollup-linux-arm64-gnu%2F-%2Frollup-linux-arm64-gnu-4.63.5.tgz&X-Artifactory-originProjectKey=benchmark&X-Artifactory-projectKey=benchmark&X-Artifactory-originRepoType=remote&X-Artifactory-originRepositoryKey=benchmark-npm-remote&x-jf-traceId=b2607f24d00916f0523c8544701d74c2&X-Amz-Security-Token=IQoJb3JpZ2luX2VjEKL%2F%2F%2F%2F%2F%2F%2F%2F%2F%2FwEaCXVzLWVhc3QtMiJIMEYCIQD9RK8gPYUkFmNZBT%2B1THbr4vuVz4u4RiBKXw%2B6O23fRwIhAIxG%2FHEClf8wL947nh2A17fxaN2719PGMwQ%2FutwSkk7KKpIFCGsQABoMNzIxODgyNjEzMDM3IgzA48KXLK7uSmAyjJUq7wQ%2FWUbC8HJSzOsiI5VeBl2l7kiaOPkxIqc1sGtzuQm9Dk7x9dE9bTzGlFz6p1ZJldu6F15lTpBvQp0jzhaqwuukg55Rn%2Fty%2F%2BHG7DZpS54qsp85K8eBKc0E3BsF1qIMtbpdsd%2FxuXGR4lg8SLWOM1h67tkHoQnPB8dmK%2FmREo4rWMETv44o1hTzNVnhknfdliYVz%2FixUPkInVBo1NHr1uc5ClGQETGpR6k10rlr%2BYQFIJv9lK%2BCaNC73oq%2BPJo%2BVPqrClWUkP1UkBeJ8mjCoFNxp5Dq6NgWdueLd9X48xlsDex0nAzSaI7XRKcWvdBHWzprhNoU8yAl3BuelEv6WLXowf%2B32OuuWlK3yNNJbN9whmL1DxPrpmbPGSyrTGVoDHB7QDfivleA0v2oPciKyrjA3uaXOZmHvkHIrZ78GWNr7q1oHoyhP4lNOR9lGqMuRQyBC4DGmiTbxLh10A8dUq1wpMHJjGUxvrvr3e88QXjuAbCSXPLiMXzd6Z4KRHRnZESiAv%2FkPVs1qUnxrPaE15sH0NZVvELWUKtClXHiqYklusOHHa5laElPQ6olh1hJtYTpw%2F0k7Kzf0DWRLqq6SzYjoTRBk%2F8DdIlMTl9Tky3gekVo%2FyNn%2BoqB5bjHEBH8wtOBL8ocnOkDWhjw7q3HBFuEkWr5WCOkOB8h9EOJBod%2Bt5fjLIJWllhqxM62hSDRYBxty7rERX9Im0rUVFN%2FjQnoxpTl7%2FfzirRrQH8TRm5CIwAg97NHqLKCl9yd0IuieUVDrNF3tuHDd8f2fHw%2BFZ3tG3dDeVNW1KZvvX5VMvM7rqsE22YddajzuYTaqXKovzD%2BmvXVBjqYAev76hgiq3%2FD56iIH3DOJB50KEf64mbN4btRDsTQDuQ3Bj6ahKwvCQh22wNmE4%2Fbx2qS256spCN8t1KIQQAUCdTiOSSAyOJLxlNcPpDPkoRr6tjitH18dueGqnrg%2FQabkRwCKy%2FOIKl%2Fas5OWcN%2FV1AQSF9dn%2BTo42v1Po1o5opeN7IE%2FmejMbUNCh7l0JfZbBqEe1FEmlQu&X-Amz-Algorithm=AWS4-HMAC-SHA256&X-Amz-Date=20260930T180843Z&X-Amz-SignedHeaders=host&X-Amz-Credential=ASIA2QE4OQUWXGAUZ63Y%2F20260930%2Fus-east-2%2Fs3%2Faws4_request&X-Amz-Expires=30&X-Amz-Signature=b51058ff5352d8cd9cb761fd8234e61c3ac39938df80b47a8d53cc0ac0030c10 2144ms (cache miss)
npm http fetch GET 200 https://vltoss.jfrog.io/artifactory/api/npm/benchmark-npm-remote/prompts/-/prompts-2.4.2.tgz 2182ms (cache miss)
npm http fetch GET 200 https://jfrog-prod-use2-shared-ohio-main.s3.amazonaws.com/aol-a0eigilwc24ii/filestore/f3/f3f4686d0874a544ce5497380f132d8b675b4e59?response-content-disposition=attachment%3Bfilename%3D%22rollup-4.63.5.tgz%22&response-content-type=application%2Fx-gzip&X-Artifactory-username=darcy%40vlt.sh&X-Artifactory-repoType=local&X-Artifactory-repositoryKey=benchmark-npm-remote-cache&X-Artifactory-originPackageType=npm&X-Artifactory-packageType=npm&X-Artifactory-artifactPath=rollup%2F-%2Frollup-4.63.5.tgz&X-Artifactory-originProjectKey=benchmark&X-Artifactory-projectKey=benchmark&X-Artifactory-originRepoType=remote&X-Artifactory-originRepositoryKey=benchmark-npm-remote&x-jf-traceId=421ed8493434796071fef65c8e22aa5d&X-Amz-Security-Token=IQoJb3JpZ2luX2VjEKL%2F%2F%2F%2F%2F%2F%2F%2F%2F%2FwEaCXVzLWVhc3QtMiJHMEUCIQDVMM6hQLrcHwH67FU896QtC9YmtwKc2T3X5Gcfr8tXCgIgLBtwANB6Zn7jytMFtRVlqcQ3CTL34JCFjXIxiJAFsGAqkgUIaxAAGgw3MjE4ODI2MTMwMzciDGTDnQG6BGnnydftCSrvBKS9koNWQPnLqi6KjcKfNBD2PRTfT6%2BO9%2FZdqcvjTv55kWbnAu7GaSbQ89ymZiRz%2Fz0O0E%2BxtDh%2FzR0o0MZAzuxbJQZjwJydIEtjwavuIgBpzP1rz%2FAPQVFCM1H1QKlinYS0QMi%2BxHrZElgiPpIy1YiRIY53HZoPbym%2Ffqf7NcB6xPvoOA1Encr7TSwm0URIohwpfcv3XbZ3HTrfAUxnh3xoUveAE4gDEhXtzOKcbM6uGdE%2Bkj434yv%2B7d46ndcCh3WWQSImIwCW9kGDgbErC78rkDuikIVfsEjZJLs4uTQn4IaTKmzf1aWVpd1%2BRVzG9ONYdVxxN7xInXLQxC6VKocpKwy%2BtZ1897jXqfJsHENrgndjzwUrZ07OwMoirWmHENJYVhyRRirw8gBjgetMfDCy0A5VBwXTDfJOFesCUpuXr1IMJvNS6VdXYh61HDaX9J6%2FT5y7%2BKOIUorCDFjEK1KLuxb6%2BWtuoWldNm6PB0TBfTDBM3NP090iJKjyZ%2BENC05J7%2FLkqgKSWqEzhS3sYL5p0o1No5W32So9uSfi3DnWT3KniHekmwnyHStI%2FekxvzCKl9N2IlipyqVqyd3696UmSx6%2B8zjs%2BK8pkpfjCC0GYEyp6DDPYrmhvmgLNcgC3HQoqBS4EqaDH481BrmZImyMOJciZvFVxYx2YERM0nyYJIvaxWhXcxp6%2FiWS8ywestwTfzULKs6cLhjACwAjNOmCM%2BpcDjSPuv73SUJaN3NR%2FikHSqIFtdR0lsbdCi8%2FaTnkdVP0udPBZPb8Tk5p5bvIX%2F1OZFrewhfD0tKJRH79b0Y8He1%2FAqlSktX1ddU1MMOW9dUGOpkBkWhlnMYIY%2BK9LjxL5UOWUIgnGXUl1Z%2BA7CGUteR7IQypmJJ6I1aXzRpj%2FlGDLQ41zFGwPw6xs0e%2FMtJ9%2Fz2CN6H9Z%2B6uBqV2k4P58i87V0zm7vUo4bPMJk4AmFVoVv4Hnrdr3XfVG%2Fiyam5c9NMnWK9s3kAO3zLdLREunC%2BAOiK8eNwRBI7%2BuWpt20QBxN%2BT4mEUxeeMm2Ro&X-Amz-Algorithm=AWS4-HMAC-SHA256&X-Amz-Date=20260930T180842Z&X-Amz-SignedHeaders=host&X-Amz-Credential=ASIA2QE4OQUW3IHOQVTK%2F20260930%2Fus-east-2%2Fs3%2Faws4_request&X-Amz-Expires=30&X-Amz-Signature=e65faa75bbe39b925527c06b1ecf0aebeb796e26a130893250a2a5d95660070f 2190ms (cache miss)
npm http fetch GET 200 https://vltoss.jfrog.io/artifactory/api/npm/benchmark-npm-remote/crossws/-/crossws-0.3.5.tgz 2187ms (cache miss)
npm http fetch GET 200 https://vltoss.jfrog.io/artifactory/api/npm/benchmark-npm-remote/domutils/-/domutils-3.2.2.tgz 2207ms (cache miss)
npm http fetch GET 200 https://vltoss.jfrog.io/artifactory/api/npm/benchmark-npm-remote/micromark/-/micromark-4.0.3.tgz 2244ms (cache miss)
npm http fetch GET 200 https://vltoss.jfrog.io/artifactory/api/npm/benchmark-npm-remote/parse5/-/parse5-7.3.0.tgz 2313ms (cache miss)
npm http fetch GET 200 https://vltoss.jfrog.io/artifactory/api/npm/benchmark-npm-remote/mdast-util-to-hast/-/mdast-util-to-hast-13.2.1.tgz 2347ms (cache miss)
npm http fetch GET 200 https://vltoss.jfrog.io/artifactory/api/npm/benchmark-npm-remote/entities/-/entities-4.5.0.tgz 2397ms (cache miss)
npm http fetch GET 200 https://vltoss.jfrog.io/artifactory/api/npm/benchmark-npm-remote/zod-to-json-schema/-/zod-to-json-schema-3.25.2.tgz 2460ms (cache miss)
npm http fetch GET 200 https://vltoss.jfrog.io/artifactory/api/npm/benchmark-npm-remote/type-fest/-/type-fest-4.41.0.tgz 2491ms (cache miss)
npm http fetch GET 200 https://vltoss.jfrog.io/artifactory/api/npm/benchmark-npm-remote/unstorage/-/unstorage-1.17.5.tgz 2508ms (cache miss)
npm http fetch GET 200 https://vltoss.jfrog.io/artifactory/api/npm/benchmark-npm-remote/entities/-/entities-6.0.1.tgz 2495ms (cache miss)
npm http fetch GET 200 https://vltoss.jfrog.io/artifactory/api/npm/benchmark-npm-remote/micromark-core-commonmark/-/micromark-core-commonmark-2.0.4.tgz 2543ms (cache miss)
npm http fetch GET 200 https://vltoss.jfrog.io/artifactory/api/npm/benchmark-npm-remote/csso/-/csso-5.0.5.tgz 2550ms (cache miss)
npm http fetch GET 200 https://vltoss.jfrog.io/artifactory/api/npm/benchmark-npm-remote/@shikijs/themes/-/themes-3.23.0.tgz 2568ms (cache miss)
npm http fetch GET 200 https://jfrog-prod-use2-shared-ohio-main.s3.amazonaws.com/aol-a0eigilwc24ii/filestore/d3/d3cf26ed98e19d3d100cdbeb661ce7b856719ca7?response-content-disposition=attachment%3Bfilename%3D%22compiler-2.13.1.tgz%22&response-content-type=application%2Fx-gzip&X-Artifactory-username=darcy%40vlt.sh&X-Artifactory-repoType=local&X-Artifactory-repositoryKey=benchmark-npm-remote-cache&X-Artifactory-originPackageType=npm&X-Artifactory-packageType=npm&X-Artifactory-artifactPath=%40astrojs%2Fcompiler%2F-%2Fcompiler-2.13.1.tgz&X-Artifactory-originProjectKey=benchmark&X-Artifactory-projectKey=benchmark&X-Artifactory-originRepoType=remote&X-Artifactory-originRepositoryKey=benchmark-npm-remote&x-jf-traceId=ba04969191d097b584659945f11b4014&X-Amz-Security-Token=IQoJb3JpZ2luX2VjEKL%2F%2F%2F%2F%2F%2F%2F%2F%2F%2FwEaCXVzLWVhc3QtMiJIMEYCIQD9RK8gPYUkFmNZBT%2B1THbr4vuVz4u4RiBKXw%2B6O23fRwIhAIxG%2FHEClf8wL947nh2A17fxaN2719PGMwQ%2FutwSkk7KKpIFCGsQABoMNzIxODgyNjEzMDM3IgzA48KXLK7uSmAyjJUq7wQ%2FWUbC8HJSzOsiI5VeBl2l7kiaOPkxIqc1sGtzuQm9Dk7x9dE9bTzGlFz6p1ZJldu6F15lTpBvQp0jzhaqwuukg55Rn%2Fty%2F%2BHG7DZpS54qsp85K8eBKc0E3BsF1qIMtbpdsd%2FxuXGR4lg8SLWOM1h67tkHoQnPB8dmK%2FmREo4rWMETv44o1hTzNVnhknfdliYVz%2FixUPkInVBo1NHr1uc5ClGQETGpR6k10rlr%2BYQFIJv9lK%2BCaNC73oq%2BPJo%2BVPqrClWUkP1UkBeJ8mjCoFNxp5Dq6NgWdueLd9X48xlsDex0nAzSaI7XRKcWvdBHWzprhNoU8yAl3BuelEv6WLXowf%2B32OuuWlK3yNNJbN9whmL1DxPrpmbPGSyrTGVoDHB7QDfivleA0v2oPciKyrjA3uaXOZmHvkHIrZ78GWNr7q1oHoyhP4lNOR9lGqMuRQyBC4DGmiTbxLh10A8dUq1wpMHJjGUxvrvr3e88QXjuAbCSXPLiMXzd6Z4KRHRnZESiAv%2FkPVs1qUnxrPaE15sH0NZVvELWUKtClXHiqYklusOHHa5laElPQ6olh1hJtYTpw%2F0k7Kzf0DWRLqq6SzYjoTRBk%2F8DdIlMTl9Tky3gekVo%2FyNn%2BoqB5bjHEBH8wtOBL8ocnOkDWhjw7q3HBFuEkWr5WCOkOB8h9EOJBod%2Bt5fjLIJWllhqxM62hSDRYBxty7rERX9Im0rUVFN%2FjQnoxpTl7%2FfzirRrQH8TRm5CIwAg97NHqLKCl9yd0IuieUVDrNF3tuHDd8f2fHw%2BFZ3tG3dDeVNW1KZvvX5VMvM7rqsE22YddajzuYTaqXKovzD%2BmvXVBjqYAev76hgiq3%2FD56iIH3DOJB50KEf64mbN4btRDsTQDuQ3Bj6ahKwvCQh22wNmE4%2Fbx2qS256spCN8t1KIQQAUCdTiOSSAyOJLxlNcPpDPkoRr6tjitH18dueGqnrg%2FQabkRwCKy%2FOIKl%2Fas5OWcN%2FV1AQSF9dn%2BTo42v1Po1o5opeN7IE%2FmejMbUNCh7l0JfZbBqEe1FEmlQu&X-Amz-Algorithm=AWS4-HMAC-SHA256&X-Amz-Date=20260930T180843Z&X-Amz-SignedHeaders=host&X-Amz-Credential=ASIA2QE4OQUWXGAUZ63Y%2F20260930%2Fus-east-2%2Fs3%2Faws4_request&X-Amz-Expires=30&X-Amz-Signature=5f0b6ea252f18af4722dcbf1b179b8758c5dc6ec283e79e2e4d4344460307156 2607ms (cache miss)
npm http fetch GET 200 https://jfrog-prod-use2-shared-ohio-main.s3.amazonaws.com/aol-a0eigilwc24ii/filestore/c9/c977eb69640ef232a5e8236a5a327ed8c9d52853?response-content-disposition=attachment%3Bfilename%3D%22svgo-4.1.0.tgz%22&response-content-type=application%2Fx-gzip&X-Artifactory-username=darcy%40vlt.sh&X-Artifactory-repoType=local&X-Artifactory-repositoryKey=benchmark-npm-remote-cache&X-Artifactory-originPackageType=npm&X-Artifactory-packageType=npm&X-Artifactory-artifactPath=svgo%2F-%2Fsvgo-4.1.0.tgz&X-Artifactory-originProjectKey=benchmark&X-Artifactory-projectKey=benchmark&X-Artifactory-originRepoType=remote&X-Artifactory-originRepositoryKey=benchmark-npm-remote&x-jf-traceId=9b103cc30cdf88e17d445aec22017701&X-Amz-Security-Token=IQoJb3JpZ2luX2VjEKL%2F%2F%2F%2F%2F%2F%2F%2F%2F%2FwEaCXVzLWVhc3QtMiJIMEYCIQD9RK8gPYUkFmNZBT%2B1THbr4vuVz4u4RiBKXw%2B6O23fRwIhAIxG%2FHEClf8wL947nh2A17fxaN2719PGMwQ%2FutwSkk7KKpIFCGsQABoMNzIxODgyNjEzMDM3IgzA48KXLK7uSmAyjJUq7wQ%2FWUbC8HJSzOsiI5VeBl2l7kiaOPkxIqc1sGtzuQm9Dk7x9dE9bTzGlFz6p1ZJldu6F15lTpBvQp0jzhaqwuukg55Rn%2Fty%2F%2BHG7DZpS54qsp85K8eBKc0E3BsF1qIMtbpdsd%2FxuXGR4lg8SLWOM1h67tkHoQnPB8dmK%2FmREo4rWMETv44o1hTzNVnhknfdliYVz%2FixUPkInVBo1NHr1uc5ClGQETGpR6k10rlr%2BYQFIJv9lK%2BCaNC73oq%2BPJo%2BVPqrClWUkP1UkBeJ8mjCoFNxp5Dq6NgWdueLd9X48xlsDex0nAzSaI7XRKcWvdBHWzprhNoU8yAl3BuelEv6WLXowf%2B32OuuWlK3yNNJbN9whmL1DxPrpmbPGSyrTGVoDHB7QDfivleA0v2oPciKyrjA3uaXOZmHvkHIrZ78GWNr7q1oHoyhP4lNOR9lGqMuRQyBC4DGmiTbxLh10A8dUq1wpMHJjGUxvrvr3e88QXjuAbCSXPLiMXzd6Z4KRHRnZESiAv%2FkPVs1qUnxrPaE15sH0NZVvELWUKtClXHiqYklusOHHa5laElPQ6olh1hJtYTpw%2F0k7Kzf0DWRLqq6SzYjoTRBk%2F8DdIlMTl9Tky3gekVo%2FyNn%2BoqB5bjHEBH8wtOBL8ocnOkDWhjw7q3HBFuEkWr5WCOkOB8h9EOJBod%2Bt5fjLIJWllhqxM62hSDRYBxty7rERX9Im0rUVFN%2FjQnoxpTl7%2FfzirRrQH8TRm5CIwAg97NHqLKCl9yd0IuieUVDrNF3tuHDd8f2fHw%2BFZ3tG3dDeVNW1KZvvX5VMvM7rqsE22YddajzuYTaqXKovzD%2BmvXVBjqYAev76hgiq3%2FD56iIH3DOJB50KEf64mbN4btRDsTQDuQ3Bj6ahKwvCQh22wNmE4%2Fbx2qS256spCN8t1KIQQAUCdTiOSSAyOJLxlNcPpDPkoRr6tjitH18dueGqnrg%2FQabkRwCKy%2FOIKl%2Fas5OWcN%2FV1AQSF9dn%2BTo42v1Po1o5opeN7IE%2FmejMbUNCh7l0JfZbBqEe1FEmlQu&X-Amz-Algorithm=AWS4-HMAC-SHA256&X-Amz-Date=20260930T180842Z&X-Amz-SignedHeaders=host&X-Amz-Credential=ASIA2QE4OQUWXGAUZ63Y%2F20260930%2Fus-east-2%2Fs3%2Faws4_request&X-Amz-Expires=30&X-Amz-Signature=7ef56c0062fcee57666129b86c450294edb27e7cda470f460f5f937cf0956bf2 2656ms (cache miss)
npm http fetch GET 200 https://vltoss.jfrog.io/artifactory/api/npm/benchmark-npm-remote/mdast-util-to-markdown/-/mdast-util-to-markdown-2.1.3.tgz 2682ms (cache miss)
npm http fetch GET 200 https://vltoss.jfrog.io/artifactory/api/npm/benchmark-npm-remote/diff/-/diff-8.0.4.tgz 2678ms (cache miss)
npm http fetch GET 200 https://vltoss.jfrog.io/artifactory/api/npm/benchmark-npm-remote/oniguruma-parser/-/oniguruma-parser-0.12.2.tgz 2712ms (cache miss)
npm http fetch GET 200 https://vltoss.jfrog.io/artifactory/api/npm/benchmark-npm-remote/css-select/-/css-select-6.0.0.tgz 2719ms (cache miss)
npm http fetch GET 200 https://jfrog-prod-use2-shared-ohio-main.s3.amazonaws.com/aol-a0eigilwc24ii/filestore/4f/4f5d1c27527d817b35684ae21419e57c2bda0966?response-content-disposition=attachment%3Bfilename%3D%22linux-arm64-0.27.7.tgz%22&response-content-type=application%2Fx-gzip&X-Artifactory-username=darcy%40vlt.sh&X-Artifactory-repoType=local&X-Artifactory-repositoryKey=benchmark-npm-remote-cache&X-Artifactory-originPackageType=npm&X-Artifactory-packageType=npm&X-Artifactory-artifactPath=%40esbuild%2Flinux-arm64%2F-%2Flinux-arm64-0.27.7.tgz&X-Artifactory-originProjectKey=benchmark&X-Artifactory-projectKey=benchmark&X-Artifactory-originRepoType=remote&X-Artifactory-originRepositoryKey=benchmark-npm-remote&x-jf-traceId=6e3772379e292810733b388cf7ca73bd&X-Amz-Security-Token=IQoJb3JpZ2luX2VjEKL%2F%2F%2F%2F%2F%2F%2F%2F%2F%2FwEaCXVzLWVhc3QtMiJIMEYCIQD9RK8gPYUkFmNZBT%2B1THbr4vuVz4u4RiBKXw%2B6O23fRwIhAIxG%2FHEClf8wL947nh2A17fxaN2719PGMwQ%2FutwSkk7KKpIFCGsQABoMNzIxODgyNjEzMDM3IgzA48KXLK7uSmAyjJUq7wQ%2FWUbC8HJSzOsiI5VeBl2l7kiaOPkxIqc1sGtzuQm9Dk7x9dE9bTzGlFz6p1ZJldu6F15lTpBvQp0jzhaqwuukg55Rn%2Fty%2F%2BHG7DZpS54qsp85K8eBKc0E3BsF1qIMtbpdsd%2FxuXGR4lg8SLWOM1h67tkHoQnPB8dmK%2FmREo4rWMETv44o1hTzNVnhknfdliYVz%2FixUPkInVBo1NHr1uc5ClGQETGpR6k10rlr%2BYQFIJv9lK%2BCaNC73oq%2BPJo%2BVPqrClWUkP1UkBeJ8mjCoFNxp5Dq6NgWdueLd9X48xlsDex0nAzSaI7XRKcWvdBHWzprhNoU8yAl3BuelEv6WLXowf%2B32OuuWlK3yNNJbN9whmL1DxPrpmbPGSyrTGVoDHB7QDfivleA0v2oPciKyrjA3uaXOZmHvkHIrZ78GWNr7q1oHoyhP4lNOR9lGqMuRQyBC4DGmiTbxLh10A8dUq1wpMHJjGUxvrvr3e88QXjuAbCSXPLiMXzd6Z4KRHRnZESiAv%2FkPVs1qUnxrPaE15sH0NZVvELWUKtClXHiqYklusOHHa5laElPQ6olh1hJtYTpw%2F0k7Kzf0DWRLqq6SzYjoTRBk%2F8DdIlMTl9Tky3gekVo%2FyNn%2BoqB5bjHEBH8wtOBL8ocnOkDWhjw7q3HBFuEkWr5WCOkOB8h9EOJBod%2Bt5fjLIJWllhqxM62hSDRYBxty7rERX9Im0rUVFN%2FjQnoxpTl7%2FfzirRrQH8TRm5CIwAg97NHqLKCl9yd0IuieUVDrNF3tuHDd8f2fHw%2BFZ3tG3dDeVNW1KZvvX5VMvM7rqsE22YddajzuYTaqXKovzD%2BmvXVBjqYAev76hgiq3%2FD56iIH3DOJB50KEf64mbN4btRDsTQDuQ3Bj6ahKwvCQh22wNmE4%2Fbx2qS256spCN8t1KIQQAUCdTiOSSAyOJLxlNcPpDPkoRr6tjitH18dueGqnrg%2FQabkRwCKy%2FOIKl%2Fas5OWcN%2FV1AQSF9dn%2BTo42v1Po1o5opeN7IE%2FmejMbUNCh7l0JfZbBqEe1FEmlQu&X-Amz-Algorithm=AWS4-HMAC-SHA256&X-Amz-Date=20260930T180843Z&X-Amz-SignedHeaders=host&X-Amz-Credential=ASIA2QE4OQUWXGAUZ63Y%2F20260930%2Fus-east-2%2Fs3%2Faws4_request&X-Amz-Expires=30&X-Amz-Signature=8863db80c0f1ac6e674c3e9466684b66bb2313cda68afbdeb4c0d488aca85d7d 2777ms (cache miss)
npm http fetch GET 200 https://vltoss.jfrog.io/artifactory/api/npm/benchmark-npm-remote/axobject-query/-/axobject-query-4.1.0.tgz 2817ms (cache miss)
npm http fetch GET 200 https://jfrog-prod-use2-shared-ohio-main.s3.amazonaws.com/aol-a0eigilwc24ii/filestore/a7/a7767b4034e35269562d2b9da2b185b5df70c421?response-content-disposition=attachment%3Bfilename%3D%22lru-cache-11.5.3.tgz%22&response-content-type=application%2Fx-gzip&X-Artifactory-username=darcy%40vlt.sh&X-Artifactory-repoType=local&X-Artifactory-repositoryKey=benchmark-npm-remote-cache&X-Artifactory-originPackageType=npm&X-Artifactory-packageType=npm&X-Artifactory-artifactPath=lru-cache%2F-%2Flru-cache-11.5.3.tgz&X-Artifactory-originProjectKey=benchmark&X-Artifactory-projectKey=benchmark&X-Artifactory-originRepoType=remote&X-Artifactory-originRepositoryKey=benchmark-npm-remote&x-jf-traceId=9812baba428a863b5d9777c09153d69e&X-Amz-Security-Token=IQoJb3JpZ2luX2VjEKL%2F%2F%2F%2F%2F%2F%2F%2F%2F%2FwEaCXVzLWVhc3QtMiJHMEUCIQDVMM6hQLrcHwH67FU896QtC9YmtwKc2T3X5Gcfr8tXCgIgLBtwANB6Zn7jytMFtRVlqcQ3CTL34JCFjXIxiJAFsGAqkgUIaxAAGgw3MjE4ODI2MTMwMzciDGTDnQG6BGnnydftCSrvBKS9koNWQPnLqi6KjcKfNBD2PRTfT6%2BO9%2FZdqcvjTv55kWbnAu7GaSbQ89ymZiRz%2Fz0O0E%2BxtDh%2FzR0o0MZAzuxbJQZjwJydIEtjwavuIgBpzP1rz%2FAPQVFCM1H1QKlinYS0QMi%2BxHrZElgiPpIy1YiRIY53HZoPbym%2Ffqf7NcB6xPvoOA1Encr7TSwm0URIohwpfcv3XbZ3HTrfAUxnh3xoUveAE4gDEhXtzOKcbM6uGdE%2Bkj434yv%2B7d46ndcCh3WWQSImIwCW9kGDgbErC78rkDuikIVfsEjZJLs4uTQn4IaTKmzf1aWVpd1%2BRVzG9ONYdVxxN7xInXLQxC6VKocpKwy%2BtZ1897jXqfJsHENrgndjzwUrZ07OwMoirWmHENJYVhyRRirw8gBjgetMfDCy0A5VBwXTDfJOFesCUpuXr1IMJvNS6VdXYh61HDaX9J6%2FT5y7%2BKOIUorCDFjEK1KLuxb6%2BWtuoWldNm6PB0TBfTDBM3NP090iJKjyZ%2BENC05J7%2FLkqgKSWqEzhS3sYL5p0o1No5W32So9uSfi3DnWT3KniHekmwnyHStI%2FekxvzCKl9N2IlipyqVqyd3696UmSx6%2B8zjs%2BK8pkpfjCC0GYEyp6DDPYrmhvmgLNcgC3HQoqBS4EqaDH481BrmZImyMOJciZvFVxYx2YERM0nyYJIvaxWhXcxp6%2FiWS8ywestwTfzULKs6cLhjACwAjNOmCM%2BpcDjSPuv73SUJaN3NR%2FikHSqIFtdR0lsbdCi8%2FaTnkdVP0udPBZPb8Tk5p5bvIX%2F1OZFrewhfD0tKJRH79b0Y8He1%2FAqlSktX1ddU1MMOW9dUGOpkBkWhlnMYIY%2BK9LjxL5UOWUIgnGXUl1Z%2BA7CGUteR7IQypmJJ6I1aXzRpj%2FlGDLQ41zFGwPw6xs0e%2FMtJ9%2Fz2CN6H9Z%2B6uBqV2k4P58i87V0zm7vUo4bPMJk4AmFVoVv4Hnrdr3XfVG%2Fiyam5c9NMnWK9s3kAO3zLdLREunC%2BAOiK8eNwRBI7%2BuWpt20QBxN%2BT4mEUxeeMm2Ro&X-Amz-Algorithm=AWS4-HMAC-SHA256&X-Amz-Date=20260930T180843Z&X-Amz-SignedHeaders=host&X-Amz-Credential=ASIA2QE4OQUW3IHOQVTK%2F20260930%2Fus-east-2%2Fs3%2Faws4_request&X-Amz-Expires=30&X-Amz-Signature=fb20c3d41953efec625763f6dccb29253cdf7d84de04ceecc9bb6db8232f5179 2835ms (cache miss)
npm http fetch GET 200 https://jfrog-prod-use2-shared-ohio-main.s3.amazonaws.com/aol-a0eigilwc24ii/filestore/e1/e1066bce58394f1b1141deec8557a5f0a22f5977?response-content-disposition=attachment%3Bfilename%3D%22linux-arm64-0.25.12.tgz%22&response-content-type=application%2Fx-gzip&X-Artifactory-username=darcy%40vlt.sh&X-Artifactory-repoType=local&X-Artifactory-repositoryKey=benchmark-npm-remote-cache&X-Artifactory-originPackageType=npm&X-Artifactory-packageType=npm&X-Artifactory-artifactPath=%40esbuild%2Flinux-arm64%2F-%2Flinux-arm64-0.25.12.tgz&X-Artifactory-originProjectKey=benchmark&X-Artifactory-projectKey=benchmark&X-Artifactory-originRepoType=remote&X-Artifactory-originRepositoryKey=benchmark-npm-remote&x-jf-traceId=8e94bfb848e7235549edd131e2747b0a&X-Amz-Security-Token=IQoJb3JpZ2luX2VjEKL%2F%2F%2F%2F%2F%2F%2F%2F%2F%2FwEaCXVzLWVhc3QtMiJIMEYCIQD9RK8gPYUkFmNZBT%2B1THbr4vuVz4u4RiBKXw%2B6O23fRwIhAIxG%2FHEClf8wL947nh2A17fxaN2719PGMwQ%2FutwSkk7KKpIFCGsQABoMNzIxODgyNjEzMDM3IgzA48KXLK7uSmAyjJUq7wQ%2FWUbC8HJSzOsiI5VeBl2l7kiaOPkxIqc1sGtzuQm9Dk7x9dE9bTzGlFz6p1ZJldu6F15lTpBvQp0jzhaqwuukg55Rn%2Fty%2F%2BHG7DZpS54qsp85K8eBKc0E3BsF1qIMtbpdsd%2FxuXGR4lg8SLWOM1h67tkHoQnPB8dmK%2FmREo4rWMETv44o1hTzNVnhknfdliYVz%2FixUPkInVBo1NHr1uc5ClGQETGpR6k10rlr%2BYQFIJv9lK%2BCaNC73oq%2BPJo%2BVPqrClWUkP1UkBeJ8mjCoFNxp5Dq6NgWdueLd9X48xlsDex0nAzSaI7XRKcWvdBHWzprhNoU8yAl3BuelEv6WLXowf%2B32OuuWlK3yNNJbN9whmL1DxPrpmbPGSyrTGVoDHB7QDfivleA0v2oPciKyrjA3uaXOZmHvkHIrZ78GWNr7q1oHoyhP4lNOR9lGqMuRQyBC4DGmiTbxLh10A8dUq1wpMHJjGUxvrvr3e88QXjuAbCSXPLiMXzd6Z4KRHRnZESiAv%2FkPVs1qUnxrPaE15sH0NZVvELWUKtClXHiqYklusOHHa5laElPQ6olh1hJtYTpw%2F0k7Kzf0DWRLqq6SzYjoTRBk%2F8DdIlMTl9Tky3gekVo%2FyNn%2BoqB5bjHEBH8wtOBL8ocnOkDWhjw7q3HBFuEkWr5WCOkOB8h9EOJBod%2Bt5fjLIJWllhqxM62hSDRYBxty7rERX9Im0rUVFN%2FjQnoxpTl7%2FfzirRrQH8TRm5CIwAg97NHqLKCl9yd0IuieUVDrNF3tuHDd8f2fHw%2BFZ3tG3dDeVNW1KZvvX5VMvM7rqsE22YddajzuYTaqXKovzD%2BmvXVBjqYAev76hgiq3%2FD56iIH3DOJB50KEf64mbN4btRDsTQDuQ3Bj6ahKwvCQh22wNmE4%2Fbx2qS256spCN8t1KIQQAUCdTiOSSAyOJLxlNcPpDPkoRr6tjitH18dueGqnrg%2FQabkRwCKy%2FOIKl%2Fas5OWcN%2FV1AQSF9dn%2BTo42v1Po1o5opeN7IE%2FmejMbUNCh7l0JfZbBqEe1FEmlQu&X-Amz-Algorithm=AWS4-HMAC-SHA256&X-Amz-Date=20260930T180843Z&X-Amz-SignedHeaders=host&X-Amz-Credential=ASIA2QE4OQUWXGAUZ63Y%2F20260930%2Fus-east-2%2Fs3%2Faws4_request&X-Amz-Expires=30&X-Amz-Signature=66a9f8e127032b419dd231f626a2ecc5935671c624ce5c5a856957265403d3ee 2831ms (cache miss)
npm http fetch GET 200 https://jfrog-prod-use2-shared-ohio-main.s3.amazonaws.com/aol-a0eigilwc24ii/filestore/12/1229eef31d85156d70fa3f4cd859376d0eaf6863?response-content-disposition=attachment%3Bfilename%3D%22types-7.29.8.tgz%22&response-content-type=application%2Fx-gzip&X-Artifactory-username=darcy%40vlt.sh&X-Artifactory-repoType=local&X-Artifactory-repositoryKey=benchmark-npm-remote-cache&X-Artifactory-originPackageType=npm&X-Artifactory-packageType=npm&X-Artifactory-artifactPath=%40babel%2Ftypes%2F-%2Ftypes-7.29.8.tgz&X-Artifactory-originProjectKey=benchmark&X-Artifactory-projectKey=benchmark&X-Artifactory-originRepoType=remote&X-Artifactory-originRepositoryKey=benchmark-npm-remote&x-jf-traceId=a202997149a39cc4d5632c89032ca2d7&X-Amz-Security-Token=IQoJb3JpZ2luX2VjEKL%2F%2F%2F%2F%2F%2F%2F%2F%2F%2FwEaCXVzLWVhc3QtMiJHMEUCIQDVMM6hQLrcHwH67FU896QtC9YmtwKc2T3X5Gcfr8tXCgIgLBtwANB6Zn7jytMFtRVlqcQ3CTL34JCFjXIxiJAFsGAqkgUIaxAAGgw3MjE4ODI2MTMwMzciDGTDnQG6BGnnydftCSrvBKS9koNWQPnLqi6KjcKfNBD2PRTfT6%2BO9%2FZdqcvjTv55kWbnAu7GaSbQ89ymZiRz%2Fz0O0E%2BxtDh%2FzR0o0MZAzuxbJQZjwJydIEtjwavuIgBpzP1rz%2FAPQVFCM1H1QKlinYS0QMi%2BxHrZElgiPpIy1YiRIY53HZoPbym%2Ffqf7NcB6xPvoOA1Encr7TSwm0URIohwpfcv3XbZ3HTrfAUxnh3xoUveAE4gDEhXtzOKcbM6uGdE%2Bkj434yv%2B7d46ndcCh3WWQSImIwCW9kGDgbErC78rkDuikIVfsEjZJLs4uTQn4IaTKmzf1aWVpd1%2BRVzG9ONYdVxxN7xInXLQxC6VKocpKwy%2BtZ1897jXqfJsHENrgndjzwUrZ07OwMoirWmHENJYVhyRRirw8gBjgetMfDCy0A5VBwXTDfJOFesCUpuXr1IMJvNS6VdXYh61HDaX9J6%2FT5y7%2BKOIUorCDFjEK1KLuxb6%2BWtuoWldNm6PB0TBfTDBM3NP090iJKjyZ%2BENC05J7%2FLkqgKSWqEzhS3sYL5p0o1No5W32So9uSfi3DnWT3KniHekmwnyHStI%2FekxvzCKl9N2IlipyqVqyd3696UmSx6%2B8zjs%2BK8pkpfjCC0GYEyp6DDPYrmhvmgLNcgC3HQoqBS4EqaDH481BrmZImyMOJciZvFVxYx2YERM0nyYJIvaxWhXcxp6%2FiWS8ywestwTfzULKs6cLhjACwAjNOmCM%2BpcDjSPuv73SUJaN3NR%2FikHSqIFtdR0lsbdCi8%2FaTnkdVP0udPBZPb8Tk5p5bvIX%2F1OZFrewhfD0tKJRH79b0Y8He1%2FAqlSktX1ddU1MMOW9dUGOpkBkWhlnMYIY%2BK9LjxL5UOWUIgnGXUl1Z%2BA7CGUteR7IQypmJJ6I1aXzRpj%2FlGDLQ41zFGwPw6xs0e%2FMtJ9%2Fz2CN6H9Z%2B6uBqV2k4P58i87V0zm7vUo4bPMJk4AmFVoVv4Hnrdr3XfVG%2Fiyam5c9NMnWK9s3kAO3zLdLREunC%2BAOiK8eNwRBI7%2BuWpt20QBxN%2BT4mEUxeeMm2Ro&X-Amz-Algorithm=AWS4-HMAC-SHA256&X-Amz-Date=20260930T180843Z&X-Amz-SignedHeaders=host&X-Amz-Credential=ASIA2QE4OQUW3IHOQVTK%2F20260930%2Fus-east-2%2Fs3%2Faws4_request&X-Amz-Expires=30&X-Amz-Signature=6dc7be44e3cdf0172549bb48f4d07ed733461369f36566c8ea9a1f170d4d717e 2910ms (cache miss)
npm http fetch GET 200 https://jfrog-prod-use2-shared-ohio-main.s3.amazonaws.com/aol-a0eigilwc24ii/filestore/b8/b8f6f6504384ae535c8e46f8403fd8075f011d46?response-content-disposition=attachment%3Bfilename%3D%22undici-8.11.2.tgz%22&response-content-type=application%2Fx-gzip&X-Artifactory-username=darcy%40vlt.sh&X-Artifactory-repoType=local&X-Artifactory-repositoryKey=benchmark-npm-remote-cache&X-Artifactory-originPackageType=npm&X-Artifactory-packageType=npm&X-Artifactory-artifactPath=undici%2F-%2Fundici-8.11.2.tgz&X-Artifactory-originProjectKey=benchmark&X-Artifactory-projectKey=benchmark&X-Artifactory-originRepoType=remote&X-Artifactory-originRepositoryKey=benchmark-npm-remote&x-jf-traceId=b1f5b3b825db531b18f6b0021750a22f&X-Amz-Security-Token=IQoJb3JpZ2luX2VjEKL%2F%2F%2F%2F%2F%2F%2F%2F%2F%2FwEaCXVzLWVhc3QtMiJIMEYCIQD9RK8gPYUkFmNZBT%2B1THbr4vuVz4u4RiBKXw%2B6O23fRwIhAIxG%2FHEClf8wL947nh2A17fxaN2719PGMwQ%2FutwSkk7KKpIFCGsQABoMNzIxODgyNjEzMDM3IgzA48KXLK7uSmAyjJUq7wQ%2FWUbC8HJSzOsiI5VeBl2l7kiaOPkxIqc1sGtzuQm9Dk7x9dE9bTzGlFz6p1ZJldu6F15lTpBvQp0jzhaqwuukg55Rn%2Fty%2F%2BHG7DZpS54qsp85K8eBKc0E3BsF1qIMtbpdsd%2FxuXGR4lg8SLWOM1h67tkHoQnPB8dmK%2FmREo4rWMETv44o1hTzNVnhknfdliYVz%2FixUPkInVBo1NHr1uc5ClGQETGpR6k10rlr%2BYQFIJv9lK%2BCaNC73oq%2BPJo%2BVPqrClWUkP1UkBeJ8mjCoFNxp5Dq6NgWdueLd9X48xlsDex0nAzSaI7XRKcWvdBHWzprhNoU8yAl3BuelEv6WLXowf%2B32OuuWlK3yNNJbN9whmL1DxPrpmbPGSyrTGVoDHB7QDfivleA0v2oPciKyrjA3uaXOZmHvkHIrZ78GWNr7q1oHoyhP4lNOR9lGqMuRQyBC4DGmiTbxLh10A8dUq1wpMHJjGUxvrvr3e88QXjuAbCSXPLiMXzd6Z4KRHRnZESiAv%2FkPVs1qUnxrPaE15sH0NZVvELWUKtClXHiqYklusOHHa5laElPQ6olh1hJtYTpw%2F0k7Kzf0DWRLqq6SzYjoTRBk%2F8DdIlMTl9Tky3gekVo%2FyNn%2BoqB5bjHEBH8wtOBL8ocnOkDWhjw7q3HBFuEkWr5WCOkOB8h9EOJBod%2Bt5fjLIJWllhqxM62hSDRYBxty7rERX9Im0rUVFN%2FjQnoxpTl7%2FfzirRrQH8TRm5CIwAg97NHqLKCl9yd0IuieUVDrNF3tuHDd8f2fHw%2BFZ3tG3dDeVNW1KZvvX5VMvM7rqsE22YddajzuYTaqXKovzD%2BmvXVBjqYAev76hgiq3%2FD56iIH3DOJB50KEf64mbN4btRDsTQDuQ3Bj6ahKwvCQh22wNmE4%2Fbx2qS256spCN8t1KIQQAUCdTiOSSAyOJLxlNcPpDPkoRr6tjitH18dueGqnrg%2FQabkRwCKy%2FOIKl%2Fas5OWcN%2FV1AQSF9dn%2BTo42v1Po1o5opeN7IE%2FmejMbUNCh7l0JfZbBqEe1FEmlQu&X-Amz-Algorithm=AWS4-HMAC-SHA256&X-Amz-Date=20260930T180842Z&X-Amz-SignedHeaders=host&X-Amz-Credential=ASIA2QE4OQUWXGAUZ63Y%2F20260930%2Fus-east-2%2Fs3%2Faws4_request&X-Amz-Expires=30&X-Amz-Signature=c917da0fb10252754b1c0a75b4f356897b0c219320ee4f7b06b45636ad211ed5 2962ms (cache miss)
npm http fetch GET 200 https://vltoss.jfrog.io/artifactory/api/npm/benchmark-npm-remote/aria-query/-/aria-query-5.3.2.tgz 2998ms (cache miss)
npm http fetch GET 200 https://jfrog-prod-use2-shared-ohio-main.s3.amazonaws.com/aol-a0eigilwc24ii/filestore/b1/b1b288b36864b3bce545ad91fa6dadcf1a4ad318?response-content-disposition=attachment%3Bfilename%3D%22sharp-libvips-linux-arm64-1.2.4.tgz%22&response-content-type=application%2Fx-gzip&X-Artifactory-username=darcy%40vlt.sh&X-Artifactory-repoType=local&X-Artifactory-repositoryKey=benchmark-npm-remote-cache&X-Artifactory-originPackageType=npm&X-Artifactory-packageType=npm&X-Artifactory-artifactPath=%40img%2Fsharp-libvips-linux-arm64%2F-%2Fsharp-libvips-linux-arm64-1.2.4.tgz&X-Artifactory-originProjectKey=benchmark&X-Artifactory-projectKey=benchmark&X-Artifactory-originRepoType=remote&X-Artifactory-originRepositoryKey=benchmark-npm-remote&x-jf-traceId=16f447481f09840c6fea5dcec1f5b907&X-Amz-Security-Token=IQoJb3JpZ2luX2VjEKL%2F%2F%2F%2F%2F%2F%2F%2F%2F%2FwEaCXVzLWVhc3QtMiJIMEYCIQD9RK8gPYUkFmNZBT%2B1THbr4vuVz4u4RiBKXw%2B6O23fRwIhAIxG%2FHEClf8wL947nh2A17fxaN2719PGMwQ%2FutwSkk7KKpIFCGsQABoMNzIxODgyNjEzMDM3IgzA48KXLK7uSmAyjJUq7wQ%2FWUbC8HJSzOsiI5VeBl2l7kiaOPkxIqc1sGtzuQm9Dk7x9dE9bTzGlFz6p1ZJldu6F15lTpBvQp0jzhaqwuukg55Rn%2Fty%2F%2BHG7DZpS54qsp85K8eBKc0E3BsF1qIMtbpdsd%2FxuXGR4lg8SLWOM1h67tkHoQnPB8dmK%2FmREo4rWMETv44o1hTzNVnhknfdliYVz%2FixUPkInVBo1NHr1uc5ClGQETGpR6k10rlr%2BYQFIJv9lK%2BCaNC73oq%2BPJo%2BVPqrClWUkP1UkBeJ8mjCoFNxp5Dq6NgWdueLd9X48xlsDex0nAzSaI7XRKcWvdBHWzprhNoU8yAl3BuelEv6WLXowf%2B32OuuWlK3yNNJbN9whmL1DxPrpmbPGSyrTGVoDHB7QDfivleA0v2oPciKyrjA3uaXOZmHvkHIrZ78GWNr7q1oHoyhP4lNOR9lGqMuRQyBC4DGmiTbxLh10A8dUq1wpMHJjGUxvrvr3e88QXjuAbCSXPLiMXzd6Z4KRHRnZESiAv%2FkPVs1qUnxrPaE15sH0NZVvELWUKtClXHiqYklusOHHa5laElPQ6olh1hJtYTpw%2F0k7Kzf0DWRLqq6SzYjoTRBk%2F8DdIlMTl9Tky3gekVo%2FyNn%2BoqB5bjHEBH8wtOBL8ocnOkDWhjw7q3HBFuEkWr5WCOkOB8h9EOJBod%2Bt5fjLIJWllhqxM62hSDRYBxty7rERX9Im0rUVFN%2FjQnoxpTl7%2FfzirRrQH8TRm5CIwAg97NHqLKCl9yd0IuieUVDrNF3tuHDd8f2fHw%2BFZ3tG3dDeVNW1KZvvX5VMvM7rqsE22YddajzuYTaqXKovzD%2BmvXVBjqYAev76hgiq3%2FD56iIH3DOJB50KEf64mbN4btRDsTQDuQ3Bj6ahKwvCQh22wNmE4%2Fbx2qS256spCN8t1KIQQAUCdTiOSSAyOJLxlNcPpDPkoRr6tjitH18dueGqnrg%2FQabkRwCKy%2FOIKl%2Fas5OWcN%2FV1AQSF9dn%2BTo42v1Po1o5opeN7IE%2FmejMbUNCh7l0JfZbBqEe1FEmlQu&X-Amz-Algorithm=AWS4-HMAC-SHA256&X-Amz-Date=20260930T180843Z&X-Amz-SignedHeaders=host&X-Amz-Credential=ASIA2QE4OQUWXGAUZ63Y%2F20260930%2Fus-east-2%2Fs3%2Faws4_request&X-Amz-Expires=30&X-Amz-Signature=8ff82198b36ea8a0ac1e179a8cae019521fbab7d4a4f124993c46fb88e809cbb 2994ms (cache miss)
npm http fetch GET 200 https://jfrog-prod-use2-shared-ohio-main.s3.amazonaws.com/aol-a0eigilwc24ii/filestore/36/36115d382d60afd271e377f9c5f67d02bd48c032?response-content-disposition=attachment%3Bfilename%3D%22css-tree-2.2.1.tgz%22&response-content-type=application%2Fx-gzip&X-Artifactory-username=darcy%40vlt.sh&X-Artifactory-repoType=local&X-Artifactory-repositoryKey=benchmark-npm-remote-cache&X-Artifactory-originPackageType=npm&X-Artifactory-packageType=npm&X-Artifactory-artifactPath=css-tree%2F-%2Fcss-tree-2.2.1.tgz&X-Artifactory-originProjectKey=benchmark&X-Artifactory-projectKey=benchmark&X-Artifactory-originRepoType=remote&X-Artifactory-originRepositoryKey=benchmark-npm-remote&x-jf-traceId=39429e136611ba2493591a1b572551bc&X-Amz-Security-Token=IQoJb3JpZ2luX2VjEKL%2F%2F%2F%2F%2F%2F%2F%2F%2F%2FwEaCXVzLWVhc3QtMiJIMEYCIQD9RK8gPYUkFmNZBT%2B1THbr4vuVz4u4RiBKXw%2B6O23fRwIhAIxG%2FHEClf8wL947nh2A17fxaN2719PGMwQ%2FutwSkk7KKpIFCGsQABoMNzIxODgyNjEzMDM3IgzA48KXLK7uSmAyjJUq7wQ%2FWUbC8HJSzOsiI5VeBl2l7kiaOPkxIqc1sGtzuQm9Dk7x9dE9bTzGlFz6p1ZJldu6F15lTpBvQp0jzhaqwuukg55Rn%2Fty%2F%2BHG7DZpS54qsp85K8eBKc0E3BsF1qIMtbpdsd%2FxuXGR4lg8SLWOM1h67tkHoQnPB8dmK%2FmREo4rWMETv44o1hTzNVnhknfdliYVz%2FixUPkInVBo1NHr1uc5ClGQETGpR6k10rlr%2BYQFIJv9lK%2BCaNC73oq%2BPJo%2BVPqrClWUkP1UkBeJ8mjCoFNxp5Dq6NgWdueLd9X48xlsDex0nAzSaI7XRKcWvdBHWzprhNoU8yAl3BuelEv6WLXowf%2B32OuuWlK3yNNJbN9whmL1DxPrpmbPGSyrTGVoDHB7QDfivleA0v2oPciKyrjA3uaXOZmHvkHIrZ78GWNr7q1oHoyhP4lNOR9lGqMuRQyBC4DGmiTbxLh10A8dUq1wpMHJjGUxvrvr3e88QXjuAbCSXPLiMXzd6Z4KRHRnZESiAv%2FkPVs1qUnxrPaE15sH0NZVvELWUKtClXHiqYklusOHHa5laElPQ6olh1hJtYTpw%2F0k7Kzf0DWRLqq6SzYjoTRBk%2F8DdIlMTl9Tky3gekVo%2FyNn%2BoqB5bjHEBH8wtOBL8ocnOkDWhjw7q3HBFuEkWr5WCOkOB8h9EOJBod%2Bt5fjLIJWllhqxM62hSDRYBxty7rERX9Im0rUVFN%2FjQnoxpTl7%2FfzirRrQH8TRm5CIwAg97NHqLKCl9yd0IuieUVDrNF3tuHDd8f2fHw%2BFZ3tG3dDeVNW1KZvvX5VMvM7rqsE22YddajzuYTaqXKovzD%2BmvXVBjqYAev76hgiq3%2FD56iIH3DOJB50KEf64mbN4btRDsTQDuQ3Bj6ahKwvCQh22wNmE4%2Fbx2qS256spCN8t1KIQQAUCdTiOSSAyOJLxlNcPpDPkoRr6tjitH18dueGqnrg%2FQabkRwCKy%2FOIKl%2Fas5OWcN%2FV1AQSF9dn%2BTo42v1Po1o5opeN7IE%2FmejMbUNCh7l0JfZbBqEe1FEmlQu&X-Amz-Algorithm=AWS4-HMAC-SHA256&X-Amz-Date=20260930T180843Z&X-Amz-SignedHeaders=host&X-Amz-Credential=ASIA2QE4OQUWXGAUZ63Y%2F20260930%2Fus-east-2%2Fs3%2Faws4_request&X-Amz-Expires=30&X-Amz-Signature=e247480979cd18bcdd707a32ed7c696fdfd33a615ee825a61f7ab32bfcc2eb98 3042ms (cache miss)
npm http fetch GET 200 https://jfrog-prod-use2-shared-ohio-main.s3.amazonaws.com/aol-a0eigilwc24ii/filestore/86/86cac7011561272b30e6b1e042ba6ce047aa7518?response-content-disposition=attachment%3Bfilename%3D%22css-tree-3.2.1.tgz%22&response-content-type=application%2Fx-gzip&X-Artifactory-username=darcy%40vlt.sh&X-Artifactory-repoType=local&X-Artifactory-repositoryKey=benchmark-npm-remote-cache&X-Artifactory-originPackageType=npm&X-Artifactory-packageType=npm&X-Artifactory-artifactPath=css-tree%2F-%2Fcss-tree-3.2.1.tgz&X-Artifactory-originProjectKey=benchmark&X-Artifactory-projectKey=benchmark&X-Artifactory-originRepoType=remote&X-Artifactory-originRepositoryKey=benchmark-npm-remote&x-jf-traceId=ec14e2c72fca685f7b444336b11cd1ef&X-Amz-Security-Token=IQoJb3JpZ2luX2VjEKL%2F%2F%2F%2F%2F%2F%2F%2F%2F%2FwEaCXVzLWVhc3QtMiJIMEYCIQD9RK8gPYUkFmNZBT%2B1THbr4vuVz4u4RiBKXw%2B6O23fRwIhAIxG%2FHEClf8wL947nh2A17fxaN2719PGMwQ%2FutwSkk7KKpIFCGsQABoMNzIxODgyNjEzMDM3IgzA48KXLK7uSmAyjJUq7wQ%2FWUbC8HJSzOsiI5VeBl2l7kiaOPkxIqc1sGtzuQm9Dk7x9dE9bTzGlFz6p1ZJldu6F15lTpBvQp0jzhaqwuukg55Rn%2Fty%2F%2BHG7DZpS54qsp85K8eBKc0E3BsF1qIMtbpdsd%2FxuXGR4lg8SLWOM1h67tkHoQnPB8dmK%2FmREo4rWMETv44o1hTzNVnhknfdliYVz%2FixUPkInVBo1NHr1uc5ClGQETGpR6k10rlr%2BYQFIJv9lK%2BCaNC73oq%2BPJo%2BVPqrClWUkP1UkBeJ8mjCoFNxp5Dq6NgWdueLd9X48xlsDex0nAzSaI7XRKcWvdBHWzprhNoU8yAl3BuelEv6WLXowf%2B32OuuWlK3yNNJbN9whmL1DxPrpmbPGSyrTGVoDHB7QDfivleA0v2oPciKyrjA3uaXOZmHvkHIrZ78GWNr7q1oHoyhP4lNOR9lGqMuRQyBC4DGmiTbxLh10A8dUq1wpMHJjGUxvrvr3e88QXjuAbCSXPLiMXzd6Z4KRHRnZESiAv%2FkPVs1qUnxrPaE15sH0NZVvELWUKtClXHiqYklusOHHa5laElPQ6olh1hJtYTpw%2F0k7Kzf0DWRLqq6SzYjoTRBk%2F8DdIlMTl9Tky3gekVo%2FyNn%2BoqB5bjHEBH8wtOBL8ocnOkDWhjw7q3HBFuEkWr5WCOkOB8h9EOJBod%2Bt5fjLIJWllhqxM62hSDRYBxty7rERX9Im0rUVFN%2FjQnoxpTl7%2FfzirRrQH8TRm5CIwAg97NHqLKCl9yd0IuieUVDrNF3tuHDd8f2fHw%2BFZ3tG3dDeVNW1KZvvX5VMvM7rqsE22YddajzuYTaqXKovzD%2BmvXVBjqYAev76hgiq3%2FD56iIH3DOJB50KEf64mbN4btRDsTQDuQ3Bj6ahKwvCQh22wNmE4%2Fbx2qS256spCN8t1KIQQAUCdTiOSSAyOJLxlNcPpDPkoRr6tjitH18dueGqnrg%2FQabkRwCKy%2FOIKl%2Fas5OWcN%2FV1AQSF9dn%2BTo42v1Po1o5opeN7IE%2FmejMbUNCh7l0JfZbBqEe1FEmlQu&X-Amz-Algorithm=AWS4-HMAC-SHA256&X-Amz-Date=20260930T180843Z&X-Amz-SignedHeaders=host&X-Amz-Credential=ASIA2QE4OQUWXGAUZ63Y%2F20260930%2Fus-east-2%2Fs3%2Faws4_request&X-Amz-Expires=30&X-Amz-Signature=d2810aa70682c3362b9842536865c40444b0c137edc16e067e5ddff9a9f2f85c 3096ms (cache miss)
npm http fetch GET 200 https://jfrog-prod-use2-shared-ohio-main.s3.amazonaws.com/aol-a0eigilwc24ii/filestore/5b/5b4f59e15310ab17a216f5d6cf53ee476ede670f?response-content-disposition=attachment%3Bfilename%3D%22typescript-5.9.3.tgz%22&response-content-type=application%2Fx-gzip&X-Artifactory-username=darcy%40vlt.sh&X-Artifactory-repoType=local&X-Artifactory-repositoryKey=benchmark-npm-remote-cache&X-Artifactory-originPackageType=npm&X-Artifactory-packageType=npm&X-Artifactory-artifactPath=typescript%2F-%2Ftypescript-5.9.3.tgz&X-Artifactory-originProjectKey=benchmark&X-Artifactory-projectKey=benchmark&X-Artifactory-originRepoType=remote&X-Artifactory-originRepositoryKey=benchmark-npm-remote&x-jf-traceId=e1b7a2b968c83491caf72da38c1d5139&X-Amz-Security-Token=IQoJb3JpZ2luX2VjEKL%2F%2F%2F%2F%2F%2F%2F%2F%2F%2FwEaCXVzLWVhc3QtMiJIMEYCIQD9RK8gPYUkFmNZBT%2B1THbr4vuVz4u4RiBKXw%2B6O23fRwIhAIxG%2FHEClf8wL947nh2A17fxaN2719PGMwQ%2FutwSkk7KKpIFCGsQABoMNzIxODgyNjEzMDM3IgzA48KXLK7uSmAyjJUq7wQ%2FWUbC8HJSzOsiI5VeBl2l7kiaOPkxIqc1sGtzuQm9Dk7x9dE9bTzGlFz6p1ZJldu6F15lTpBvQp0jzhaqwuukg55Rn%2Fty%2F%2BHG7DZpS54qsp85K8eBKc0E3BsF1qIMtbpdsd%2FxuXGR4lg8SLWOM1h67tkHoQnPB8dmK%2FmREo4rWMETv44o1hTzNVnhknfdliYVz%2FixUPkInVBo1NHr1uc5ClGQETGpR6k10rlr%2BYQFIJv9lK%2BCaNC73oq%2BPJo%2BVPqrClWUkP1UkBeJ8mjCoFNxp5Dq6NgWdueLd9X48xlsDex0nAzSaI7XRKcWvdBHWzprhNoU8yAl3BuelEv6WLXowf%2B32OuuWlK3yNNJbN9whmL1DxPrpmbPGSyrTGVoDHB7QDfivleA0v2oPciKyrjA3uaXOZmHvkHIrZ78GWNr7q1oHoyhP4lNOR9lGqMuRQyBC4DGmiTbxLh10A8dUq1wpMHJjGUxvrvr3e88QXjuAbCSXPLiMXzd6Z4KRHRnZESiAv%2FkPVs1qUnxrPaE15sH0NZVvELWUKtClXHiqYklusOHHa5laElPQ6olh1hJtYTpw%2F0k7Kzf0DWRLqq6SzYjoTRBk%2F8DdIlMTl9Tky3gekVo%2FyNn%2BoqB5bjHEBH8wtOBL8ocnOkDWhjw7q3HBFuEkWr5WCOkOB8h9EOJBod%2Bt5fjLIJWllhqxM62hSDRYBxty7rERX9Im0rUVFN%2FjQnoxpTl7%2FfzirRrQH8TRm5CIwAg97NHqLKCl9yd0IuieUVDrNF3tuHDd8f2fHw%2BFZ3tG3dDeVNW1KZvvX5VMvM7rqsE22YddajzuYTaqXKovzD%2BmvXVBjqYAev76hgiq3%2FD56iIH3DOJB50KEf64mbN4btRDsTQDuQ3Bj6ahKwvCQh22wNmE4%2Fbx2qS256spCN8t1KIQQAUCdTiOSSAyOJLxlNcPpDPkoRr6tjitH18dueGqnrg%2FQabkRwCKy%2FOIKl%2Fas5OWcN%2FV1AQSF9dn%2BTo42v1Po1o5opeN7IE%2FmejMbUNCh7l0JfZbBqEe1FEmlQu&X-Amz-Algorithm=AWS4-HMAC-SHA256&X-Amz-Date=20260930T180842Z&X-Amz-SignedHeaders=host&X-Amz-Credential=ASIA2QE4OQUWXGAUZ63Y%2F20260930%2Fus-east-2%2Fs3%2Faws4_request&X-Amz-Expires=30&X-Amz-Signature=aef73212ef3f077fb16291f88cfc2cda54b335656cddfccaf808c108b43e2cfd 3175ms (cache miss)
npm http fetch GET 200 https://jfrog-prod-use2-shared-ohio-main.s3.amazonaws.com/aol-a0eigilwc24ii/filestore/d9/d9709969d9d4e16403f6f348c63553b19f0975a9?response-content-disposition=attachment%3Bfilename%3D%22prismjs-1.30.0.tgz%22&response-content-type=application%2Fx-gzip&X-Artifactory-username=darcy%40vlt.sh&X-Artifactory-repoType=local&X-Artifactory-repositoryKey=benchmark-npm-remote-cache&X-Artifactory-originPackageType=npm&X-Artifactory-packageType=npm&X-Artifactory-artifactPath=prismjs%2F-%2Fprismjs-1.30.0.tgz&X-Artifactory-originProjectKey=benchmark&X-Artifactory-projectKey=benchmark&X-Artifactory-originRepoType=remote&X-Artifactory-originRepositoryKey=benchmark-npm-remote&x-jf-traceId=f08aeae89f11d30df08721cbc4211e72&X-Amz-Security-Token=IQoJb3JpZ2luX2VjEKL%2F%2F%2F%2F%2F%2F%2F%2F%2F%2FwEaCXVzLWVhc3QtMiJIMEYCIQD9RK8gPYUkFmNZBT%2B1THbr4vuVz4u4RiBKXw%2B6O23fRwIhAIxG%2FHEClf8wL947nh2A17fxaN2719PGMwQ%2FutwSkk7KKpIFCGsQABoMNzIxODgyNjEzMDM3IgzA48KXLK7uSmAyjJUq7wQ%2FWUbC8HJSzOsiI5VeBl2l7kiaOPkxIqc1sGtzuQm9Dk7x9dE9bTzGlFz6p1ZJldu6F15lTpBvQp0jzhaqwuukg55Rn%2Fty%2F%2BHG7DZpS54qsp85K8eBKc0E3BsF1qIMtbpdsd%2FxuXGR4lg8SLWOM1h67tkHoQnPB8dmK%2FmREo4rWMETv44o1hTzNVnhknfdliYVz%2FixUPkInVBo1NHr1uc5ClGQETGpR6k10rlr%2BYQFIJv9lK%2BCaNC73oq%2BPJo%2BVPqrClWUkP1UkBeJ8mjCoFNxp5Dq6NgWdueLd9X48xlsDex0nAzSaI7XRKcWvdBHWzprhNoU8yAl3BuelEv6WLXowf%2B32OuuWlK3yNNJbN9whmL1DxPrpmbPGSyrTGVoDHB7QDfivleA0v2oPciKyrjA3uaXOZmHvkHIrZ78GWNr7q1oHoyhP4lNOR9lGqMuRQyBC4DGmiTbxLh10A8dUq1wpMHJjGUxvrvr3e88QXjuAbCSXPLiMXzd6Z4KRHRnZESiAv%2FkPVs1qUnxrPaE15sH0NZVvELWUKtClXHiqYklusOHHa5laElPQ6olh1hJtYTpw%2F0k7Kzf0DWRLqq6SzYjoTRBk%2F8DdIlMTl9Tky3gekVo%2FyNn%2BoqB5bjHEBH8wtOBL8ocnOkDWhjw7q3HBFuEkWr5WCOkOB8h9EOJBod%2Bt5fjLIJWllhqxM62hSDRYBxty7rERX9Im0rUVFN%2FjQnoxpTl7%2FfzirRrQH8TRm5CIwAg97NHqLKCl9yd0IuieUVDrNF3tuHDd8f2fHw%2BFZ3tG3dDeVNW1KZvvX5VMvM7rqsE22YddajzuYTaqXKovzD%2BmvXVBjqYAev76hgiq3%2FD56iIH3DOJB50KEf64mbN4btRDsTQDuQ3Bj6ahKwvCQh22wNmE4%2Fbx2qS256spCN8t1KIQQAUCdTiOSSAyOJLxlNcPpDPkoRr6tjitH18dueGqnrg%2FQabkRwCKy%2FOIKl%2Fas5OWcN%2FV1AQSF9dn%2BTo42v1Po1o5opeN7IE%2FmejMbUNCh7l0JfZbBqEe1FEmlQu&X-Amz-Algorithm=AWS4-HMAC-SHA256&X-Amz-Date=20260930T180842Z&X-Amz-SignedHeaders=host&X-Amz-Credential=ASIA2QE4OQUWXGAUZ63Y%2F20260930%2Fus-east-2%2Fs3%2Faws4_request&X-Amz-Expires=30&X-Amz-Signature=1f385e055656ced585e90c1af2ae66d62fa7c3ae6d252ce55e018c3bae4bff8b 3220ms (cache miss)
npm http fetch GET 200 https://jfrog-prod-use2-shared-ohio-main.s3.amazonaws.com/aol-a0eigilwc24ii/filestore/00/00959d8b16c7f671221ae79b3ad8cde7e6a5c112?response-content-disposition=attachment%3Bfilename%3D%22langs-3.23.0.tgz%22&response-content-type=application%2Fx-gzip&X-Artifactory-username=darcy%40vlt.sh&X-Artifactory-repoType=local&X-Artifactory-repositoryKey=benchmark-npm-remote-cache&X-Artifactory-originPackageType=npm&X-Artifactory-packageType=npm&X-Artifactory-artifactPath=%40shikijs%2Flangs%2F-%2Flangs-3.23.0.tgz&X-Artifactory-originProjectKey=benchmark&X-Artifactory-projectKey=benchmark&X-Artifactory-originRepoType=remote&X-Artifactory-originRepositoryKey=benchmark-npm-remote&x-jf-traceId=9083c3ea281e1681b7e5d40f377a6360&X-Amz-Security-Token=IQoJb3JpZ2luX2VjEKL%2F%2F%2F%2F%2F%2F%2F%2F%2F%2FwEaCXVzLWVhc3QtMiJHMEUCIQDVMM6hQLrcHwH67FU896QtC9YmtwKc2T3X5Gcfr8tXCgIgLBtwANB6Zn7jytMFtRVlqcQ3CTL34JCFjXIxiJAFsGAqkgUIaxAAGgw3MjE4ODI2MTMwMzciDGTDnQG6BGnnydftCSrvBKS9koNWQPnLqi6KjcKfNBD2PRTfT6%2BO9%2FZdqcvjTv55kWbnAu7GaSbQ89ymZiRz%2Fz0O0E%2BxtDh%2FzR0o0MZAzuxbJQZjwJydIEtjwavuIgBpzP1rz%2FAPQVFCM1H1QKlinYS0QMi%2BxHrZElgiPpIy1YiRIY53HZoPbym%2Ffqf7NcB6xPvoOA1Encr7TSwm0URIohwpfcv3XbZ3HTrfAUxnh3xoUveAE4gDEhXtzOKcbM6uGdE%2Bkj434yv%2B7d46ndcCh3WWQSImIwCW9kGDgbErC78rkDuikIVfsEjZJLs4uTQn4IaTKmzf1aWVpd1%2BRVzG9ONYdVxxN7xInXLQxC6VKocpKwy%2BtZ1897jXqfJsHENrgndjzwUrZ07OwMoirWmHENJYVhyRRirw8gBjgetMfDCy0A5VBwXTDfJOFesCUpuXr1IMJvNS6VdXYh61HDaX9J6%2FT5y7%2BKOIUorCDFjEK1KLuxb6%2BWtuoWldNm6PB0TBfTDBM3NP090iJKjyZ%2BENC05J7%2FLkqgKSWqEzhS3sYL5p0o1No5W32So9uSfi3DnWT3KniHekmwnyHStI%2FekxvzCKl9N2IlipyqVqyd3696UmSx6%2B8zjs%2BK8pkpfjCC0GYEyp6DDPYrmhvmgLNcgC3HQoqBS4EqaDH481BrmZImyMOJciZvFVxYx2YERM0nyYJIvaxWhXcxp6%2FiWS8ywestwTfzULKs6cLhjACwAjNOmCM%2BpcDjSPuv73SUJaN3NR%2FikHSqIFtdR0lsbdCi8%2FaTnkdVP0udPBZPb8Tk5p5bvIX%2F1OZFrewhfD0tKJRH79b0Y8He1%2FAqlSktX1ddU1MMOW9dUGOpkBkWhlnMYIY%2BK9LjxL5UOWUIgnGXUl1Z%2BA7CGUteR7IQypmJJ6I1aXzRpj%2FlGDLQ41zFGwPw6xs0e%2FMtJ9%2Fz2CN6H9Z%2B6uBqV2k4P58i87V0zm7vUo4bPMJk4AmFVoVv4Hnrdr3XfVG%2Fiyam5c9NMnWK9s3kAO3zLdLREunC%2BAOiK8eNwRBI7%2BuWpt20QBxN%2BT4mEUxeeMm2Ro&X-Amz-Algorithm=AWS4-HMAC-SHA256&X-Amz-Date=20260930T180843Z&X-Amz-SignedHeaders=host&X-Amz-Credential=ASIA2QE4OQUW3IHOQVTK%2F20260930%2Fus-east-2%2Fs3%2Faws4_request&X-Amz-Expires=30&X-Amz-Signature=b415cedac5564a8625d0cb7f507612f00de9c482d1d20d733e8bdc8c8b43e0f3 3232ms (cache miss)
npm http fetch GET 200 https://jfrog-prod-use2-shared-ohio-main.s3.amazonaws.com/aol-a0eigilwc24ii/filestore/26/26841c3f6fd22a6a2760e7ccb719179768471e34?response-content-disposition=attachment%3Bfilename%3D%22zod-3.25.76.tgz%22&response-content-type=application%2Fx-gzip&X-Artifactory-username=darcy%40vlt.sh&X-Artifactory-repoType=local&X-Artifactory-repositoryKey=benchmark-npm-remote-cache&X-Artifactory-originPackageType=npm&X-Artifactory-packageType=npm&X-Artifactory-artifactPath=zod%2F-%2Fzod-3.25.76.tgz&X-Artifactory-originProjectKey=benchmark&X-Artifactory-projectKey=benchmark&X-Artifactory-originRepoType=remote&X-Artifactory-originRepositoryKey=benchmark-npm-remote&x-jf-traceId=c794c1d983f9caa445af3e3dbdf56bd7&X-Amz-Security-Token=IQoJb3JpZ2luX2VjEKL%2F%2F%2F%2F%2F%2F%2F%2F%2F%2FwEaCXVzLWVhc3QtMiJHMEUCIQDVMM6hQLrcHwH67FU896QtC9YmtwKc2T3X5Gcfr8tXCgIgLBtwANB6Zn7jytMFtRVlqcQ3CTL34JCFjXIxiJAFsGAqkgUIaxAAGgw3MjE4ODI2MTMwMzciDGTDnQG6BGnnydftCSrvBKS9koNWQPnLqi6KjcKfNBD2PRTfT6%2BO9%2FZdqcvjTv55kWbnAu7GaSbQ89ymZiRz%2Fz0O0E%2BxtDh%2FzR0o0MZAzuxbJQZjwJydIEtjwavuIgBpzP1rz%2FAPQVFCM1H1QKlinYS0QMi%2BxHrZElgiPpIy1YiRIY53HZoPbym%2Ffqf7NcB6xPvoOA1Encr7TSwm0URIohwpfcv3XbZ3HTrfAUxnh3xoUveAE4gDEhXtzOKcbM6uGdE%2Bkj434yv%2B7d46ndcCh3WWQSImIwCW9kGDgbErC78rkDuikIVfsEjZJLs4uTQn4IaTKmzf1aWVpd1%2BRVzG9ONYdVxxN7xInXLQxC6VKocpKwy%2BtZ1897jXqfJsHENrgndjzwUrZ07OwMoirWmHENJYVhyRRirw8gBjgetMfDCy0A5VBwXTDfJOFesCUpuXr1IMJvNS6VdXYh61HDaX9J6%2FT5y7%2BKOIUorCDFjEK1KLuxb6%2BWtuoWldNm6PB0TBfTDBM3NP090iJKjyZ%2BENC05J7%2FLkqgKSWqEzhS3sYL5p0o1No5W32So9uSfi3DnWT3KniHekmwnyHStI%2FekxvzCKl9N2IlipyqVqyd3696UmSx6%2B8zjs%2BK8pkpfjCC0GYEyp6DDPYrmhvmgLNcgC3HQoqBS4EqaDH481BrmZImyMOJciZvFVxYx2YERM0nyYJIvaxWhXcxp6%2FiWS8ywestwTfzULKs6cLhjACwAjNOmCM%2BpcDjSPuv73SUJaN3NR%2FikHSqIFtdR0lsbdCi8%2FaTnkdVP0udPBZPb8Tk5p5bvIX%2F1OZFrewhfD0tKJRH79b0Y8He1%2FAqlSktX1ddU1MMOW9dUGOpkBkWhlnMYIY%2BK9LjxL5UOWUIgnGXUl1Z%2BA7CGUteR7IQypmJJ6I1aXzRpj%2FlGDLQ41zFGwPw6xs0e%2FMtJ9%2Fz2CN6H9Z%2B6uBqV2k4P58i87V0zm7vUo4bPMJk4AmFVoVv4Hnrdr3XfVG%2Fiyam5c9NMnWK9s3kAO3zLdLREunC%2BAOiK8eNwRBI7%2BuWpt20QBxN%2BT4mEUxeeMm2Ro&X-Amz-Algorithm=AWS4-HMAC-SHA256&X-Amz-Date=20260930T180842Z&X-Amz-SignedHeaders=host&X-Amz-Credential=ASIA2QE4OQUW3IHOQVTK%2F20260930%2Fus-east-2%2Fs3%2Faws4_request&X-Amz-Expires=30&X-Amz-Signature=e9a4a9e438b4b42f77ef5bf35e266acb8933e1f6832f36037344b7dfa6422b93 3361ms (cache miss)
npm http fetch GET 200 https://vltoss.jfrog.io/artifactory/api/npm/benchmark-npm-remote/shiki/-/shiki-3.23.0.tgz 3379ms (cache miss)
npm http fetch GET 200 https://jfrog-prod-use2-shared-ohio-main.s3.amazonaws.com/aol-a0eigilwc24ii/filestore/8c/8c0ae11d1325fa8052bd25c431866bf921e4c9ad?response-content-disposition=attachment%3Bfilename%3D%22astro-5.18.2.tgz%22&response-content-type=application%2Fx-gzip&X-Artifactory-username=darcy%40vlt.sh&X-Artifactory-repoType=local&X-Artifactory-repositoryKey=benchmark-npm-remote-cache&X-Artifactory-originPackageType=npm&X-Artifactory-packageType=npm&X-Artifactory-artifactPath=astro%2F-%2Fastro-5.18.2.tgz&X-Artifactory-originProjectKey=benchmark&X-Artifactory-projectKey=benchmark&X-Artifactory-originRepoType=remote&X-Artifactory-originRepositoryKey=benchmark-npm-remote&x-jf-traceId=1d3e54511a7eef6336e8067056dda0bc&X-Amz-Security-Token=IQoJb3JpZ2luX2VjEKL%2F%2F%2F%2F%2F%2F%2F%2F%2F%2FwEaCXVzLWVhc3QtMiJIMEYCIQD9RK8gPYUkFmNZBT%2B1THbr4vuVz4u4RiBKXw%2B6O23fRwIhAIxG%2FHEClf8wL947nh2A17fxaN2719PGMwQ%2FutwSkk7KKpIFCGsQABoMNzIxODgyNjEzMDM3IgzA48KXLK7uSmAyjJUq7wQ%2FWUbC8HJSzOsiI5VeBl2l7kiaOPkxIqc1sGtzuQm9Dk7x9dE9bTzGlFz6p1ZJldu6F15lTpBvQp0jzhaqwuukg55Rn%2Fty%2F%2BHG7DZpS54qsp85K8eBKc0E3BsF1qIMtbpdsd%2FxuXGR4lg8SLWOM1h67tkHoQnPB8dmK%2FmREo4rWMETv44o1hTzNVnhknfdliYVz%2FixUPkInVBo1NHr1uc5ClGQETGpR6k10rlr%2BYQFIJv9lK%2BCaNC73oq%2BPJo%2BVPqrClWUkP1UkBeJ8mjCoFNxp5Dq6NgWdueLd9X48xlsDex0nAzSaI7XRKcWvdBHWzprhNoU8yAl3BuelEv6WLXowf%2B32OuuWlK3yNNJbN9whmL1DxPrpmbPGSyrTGVoDHB7QDfivleA0v2oPciKyrjA3uaXOZmHvkHIrZ78GWNr7q1oHoyhP4lNOR9lGqMuRQyBC4DGmiTbxLh10A8dUq1wpMHJjGUxvrvr3e88QXjuAbCSXPLiMXzd6Z4KRHRnZESiAv%2FkPVs1qUnxrPaE15sH0NZVvELWUKtClXHiqYklusOHHa5laElPQ6olh1hJtYTpw%2F0k7Kzf0DWRLqq6SzYjoTRBk%2F8DdIlMTl9Tky3gekVo%2FyNn%2BoqB5bjHEBH8wtOBL8ocnOkDWhjw7q3HBFuEkWr5WCOkOB8h9EOJBod%2Bt5fjLIJWllhqxM62hSDRYBxty7rERX9Im0rUVFN%2FjQnoxpTl7%2FfzirRrQH8TRm5CIwAg97NHqLKCl9yd0IuieUVDrNF3tuHDd8f2fHw%2BFZ3tG3dDeVNW1KZvvX5VMvM7rqsE22YddajzuYTaqXKovzD%2BmvXVBjqYAev76hgiq3%2FD56iIH3DOJB50KEf64mbN4btRDsTQDuQ3Bj6ahKwvCQh22wNmE4%2Fbx2qS256spCN8t1KIQQAUCdTiOSSAyOJLxlNcPpDPkoRr6tjitH18dueGqnrg%2FQabkRwCKy%2FOIKl%2Fas5OWcN%2FV1AQSF9dn%2BTo42v1Po1o5opeN7IE%2FmejMbUNCh7l0JfZbBqEe1FEmlQu&X-Amz-Algorithm=AWS4-HMAC-SHA256&X-Amz-Date=20260930T180843Z&X-Amz-SignedHeaders=host&X-Amz-Credential=ASIA2QE4OQUWXGAUZ63Y%2F20260930%2Fus-east-2%2Fs3%2Faws4_request&X-Amz-Expires=30&X-Amz-Signature=66fd8d089afe74953afe321d1d667520511225c87cfc29528cf48fbe2ac6cc01 3493ms (cache miss)

added 279 packages in 4s
