npm http fetch GET 200 https://vltoss.jfrog.io/artifactory/api/npm/benchmark-npm-remote/yocto-spinner/-/yocto-spinner-0.2.3.tgz 427ms (cache miss)
npm http fetch GET 200 https://vltoss.jfrog.io/artifactory/api/npm/benchmark-npm-remote/zwitch/-/zwitch-2.0.4.tgz 428ms (cache miss)
npm http fetch GET 200 https://vltoss.jfrog.io/artifactory/api/npm/benchmark-npm-remote/yocto-queue/-/yocto-queue-1.2.2.tgz 429ms (cache miss)
npm http fetch GET 200 https://vltoss.jfrog.io/artifactory/api/npm/benchmark-npm-remote/yoctocolors/-/yoctocolors-2.2.0.tgz 440ms (cache miss)
npm http fetch GET 200 https://vltoss.jfrog.io/artifactory/api/npm/benchmark-npm-remote/wrap-ansi/-/wrap-ansi-9.0.2.tgz 446ms (cache miss)
npm http fetch GET 200 https://vltoss.jfrog.io/artifactory/api/npm/benchmark-npm-remote/zod-to-ts/-/zod-to-ts-1.2.0.tgz 457ms (cache miss)
npm http fetch GET 200 https://vltoss.jfrog.io/artifactory/api/npm/benchmark-npm-remote/vfile-message/-/vfile-message-4.0.3.tgz 482ms (cache miss)
npm http fetch GET 200 https://vltoss.jfrog.io/artifactory/api/npm/benchmark-npm-remote/which-pm-runs/-/which-pm-runs-1.1.0.tgz 484ms (cache miss)
npm http fetch GET 200 https://vltoss.jfrog.io/artifactory/api/npm/benchmark-npm-remote/web-namespaces/-/web-namespaces-2.0.1.tgz 496ms (cache miss)
npm http fetch GET 200 https://vltoss.jfrog.io/artifactory/api/npm/benchmark-npm-remote/vfile-location/-/vfile-location-5.0.3.tgz 496ms (cache miss)
npm http fetch GET 200 https://vltoss.jfrog.io/artifactory/api/npm/benchmark-npm-remote/unist-util-visit/-/unist-util-visit-5.1.0.tgz 536ms (cache miss)
npm http fetch GET 200 https://vltoss.jfrog.io/artifactory/api/npm/benchmark-npm-remote/vitefu/-/vitefu-1.1.3.tgz 538ms (cache miss)
npm http fetch GET 200 https://vltoss.jfrog.io/artifactory/api/npm/benchmark-npm-remote/unist-util-visit-parents/-/unist-util-visit-parents-6.0.2.tgz 539ms (cache miss)
npm http fetch GET 200 https://vltoss.jfrog.io/artifactory/api/npm/benchmark-npm-remote/widest-line/-/widest-line-5.0.0.tgz 541ms (cache miss)
npm http fetch GET 200 https://vltoss.jfrog.io/artifactory/api/npm/benchmark-npm-remote/yargs-parser/-/yargs-parser-21.1.1.tgz 544ms (cache miss)
npm http fetch GET 200 https://vltoss.jfrog.io/artifactory/api/npm/benchmark-npm-remote/xxhash-wasm/-/xxhash-wasm-1.1.0.tgz 546ms (cache miss)
npm http fetch GET 200 https://vltoss.jfrog.io/artifactory/api/npm/benchmark-npm-remote/unist-util-visit-children/-/unist-util-visit-children-3.0.0.tgz 556ms (cache miss)
npm http fetch GET 200 https://vltoss.jfrog.io/artifactory/api/npm/benchmark-npm-remote/unist-util-stringify-position/-/unist-util-stringify-position-4.0.0.tgz 557ms (cache miss)
npm http fetch GET 200 https://vltoss.jfrog.io/artifactory/api/npm/benchmark-npm-remote/unist-util-remove-position/-/unist-util-remove-position-5.0.0.tgz 570ms (cache miss)
npm http fetch GET 200 https://vltoss.jfrog.io/artifactory/api/npm/benchmark-npm-remote/unist-util-position/-/unist-util-position-5.0.0.tgz 572ms (cache miss)
npm http fetch GET 200 https://vltoss.jfrog.io/artifactory/api/npm/benchmark-npm-remote/vfile/-/vfile-6.0.3.tgz 577ms (cache miss)
npm http fetch GET 200 https://vltoss.jfrog.io/artifactory/api/npm/benchmark-npm-remote/unist-util-find-after/-/unist-util-find-after-5.0.0.tgz 598ms (cache miss)
npm http fetch GET 200 https://vltoss.jfrog.io/artifactory/api/npm/benchmark-npm-remote/unist-util-modify-children/-/unist-util-modify-children-4.0.0.tgz 604ms (cache miss)
npm http fetch GET 200 https://vltoss.jfrog.io/artifactory/api/npm/benchmark-npm-remote/unifont/-/unifont-0.7.5.tgz 605ms (cache miss)
npm http fetch GET 200 https://vltoss.jfrog.io/artifactory/api/npm/benchmark-npm-remote/uncrypto/-/uncrypto-0.1.3.tgz 630ms (cache miss)
npm http fetch GET 200 https://vltoss.jfrog.io/artifactory/api/npm/benchmark-npm-remote/trough/-/trough-2.2.0.tgz 648ms (cache miss)
npm http fetch GET 200 https://vltoss.jfrog.io/artifactory/api/npm/benchmark-npm-remote/unist-util-is/-/unist-util-is-6.0.1.tgz 651ms (cache miss)
npm http fetch GET 200 https://vltoss.jfrog.io/artifactory/api/npm/benchmark-npm-remote/trim-lines/-/trim-lines-3.0.1.tgz 650ms (cache miss)
npm http fetch GET 200 https://vltoss.jfrog.io/artifactory/api/npm/benchmark-npm-remote/zod-to-json-schema/-/zod-to-json-schema-3.25.2.tgz 663ms (cache miss)
npm http fetch GET 200 https://vltoss.jfrog.io/artifactory/api/npm/benchmark-npm-remote/tinyglobby/-/tinyglobby-0.2.17.tgz 668ms (cache miss)
npm http fetch GET 200 https://vltoss.jfrog.io/artifactory/api/npm/benchmark-npm-remote/tinyexec/-/tinyexec-1.3.1.tgz 668ms (cache miss)
npm http fetch GET 200 https://vltoss.jfrog.io/artifactory/api/npm/benchmark-npm-remote/tiny-inflate/-/tiny-inflate-1.0.3.tgz 692ms (cache miss)
npm http fetch GET 200 https://vltoss.jfrog.io/artifactory/api/npm/benchmark-npm-remote/unified/-/unified-11.0.5.tgz 696ms (cache miss)
npm http fetch GET 200 https://vltoss.jfrog.io/artifactory/api/npm/benchmark-npm-remote/strip-ansi/-/strip-ansi-7.2.0.tgz 695ms (cache miss)
npm http fetch GET 200 https://vltoss.jfrog.io/artifactory/api/npm/benchmark-npm-remote/ufo/-/ufo-1.6.4.tgz 698ms (cache miss)
npm http fetch GET 200 https://vltoss.jfrog.io/artifactory/api/npm/benchmark-npm-remote/tsconfck/-/tsconfck-3.1.6.tgz 701ms (cache miss)
npm warn deprecated tsconfck@3.1.6: unmaintained
npm http fetch GET 200 https://vltoss.jfrog.io/artifactory/api/npm/benchmark-npm-remote/ultrahtml/-/ultrahtml-1.7.0.tgz 711ms (cache miss)
npm http fetch GET 200 https://vltoss.jfrog.io/artifactory/api/npm/benchmark-npm-remote/string-width/-/string-width-7.2.0.tgz 711ms (cache miss)
npm http fetch GET 200 https://vltoss.jfrog.io/artifactory/api/npm/benchmark-npm-remote/stringify-entities/-/stringify-entities-4.0.4.tgz 716ms (cache miss)
npm http fetch GET 200 https://vltoss.jfrog.io/artifactory/api/npm/benchmark-npm-remote/space-separated-tokens/-/space-separated-tokens-2.0.2.tgz 730ms (cache miss)
npm http fetch GET 200 https://vltoss.jfrog.io/artifactory/api/npm/benchmark-npm-remote/sisteransi/-/sisteransi-1.0.5.tgz 743ms (cache miss)
npm http fetch GET 200 https://vltoss.jfrog.io/artifactory/api/npm/benchmark-npm-remote/sax/-/sax-1.6.1.tgz 758ms (cache miss)
npm http fetch GET 200 https://vltoss.jfrog.io/artifactory/api/npm/benchmark-npm-remote/smol-toml/-/smol-toml-1.9.0.tgz 762ms (cache miss)
npm http fetch GET 200 https://vltoss.jfrog.io/artifactory/api/npm/benchmark-npm-remote/source-map-js/-/source-map-js-1.2.2.tgz 768ms (cache miss)
npm http fetch GET 200 https://vltoss.jfrog.io/artifactory/api/npm/benchmark-npm-remote/retext-stringify/-/retext-stringify-4.0.0.tgz 780ms (cache miss)
npm http fetch GET 200 https://vltoss.jfrog.io/artifactory/api/npm/benchmark-npm-remote/retext-latin/-/retext-latin-4.0.0.tgz 780ms (cache miss)
npm http fetch GET 200 https://vltoss.jfrog.io/artifactory/api/npm/benchmark-npm-remote/retext/-/retext-9.0.0.tgz 783ms (cache miss)
npm http fetch GET 200 https://vltoss.jfrog.io/artifactory/api/npm/benchmark-npm-remote/remark-smartypants/-/remark-smartypants-3.0.3.tgz 787ms (cache miss)
npm http fetch GET 200 https://vltoss.jfrog.io/artifactory/api/npm/benchmark-npm-remote/unstorage/-/unstorage-1.17.5.tgz 823ms (cache miss)
npm http fetch GET 200 https://vltoss.jfrog.io/artifactory/api/npm/benchmark-npm-remote/remark-parse/-/remark-parse-11.0.0.tgz 819ms (cache miss)
npm http fetch GET 200 https://vltoss.jfrog.io/artifactory/api/npm/benchmark-npm-remote/remark-stringify/-/remark-stringify-11.0.0.tgz 821ms (cache miss)
npm http fetch GET 200 https://vltoss.jfrog.io/artifactory/api/npm/benchmark-npm-remote/remark-gfm/-/remark-gfm-4.0.1.tgz 821ms (cache miss)
npm http fetch GET 200 https://vltoss.jfrog.io/artifactory/api/npm/benchmark-npm-remote/remark-rehype/-/remark-rehype-11.1.2.tgz 829ms (cache miss)
npm http fetch GET 200 https://vltoss.jfrog.io/artifactory/api/npm/benchmark-npm-remote/rehype-stringify/-/rehype-stringify-10.0.1.tgz 830ms (cache miss)
npm http fetch GET 200 https://vltoss.jfrog.io/artifactory/api/npm/benchmark-npm-remote/rehype-raw/-/rehype-raw-7.0.0.tgz 836ms (cache miss)
npm http fetch GET 200 https://vltoss.jfrog.io/artifactory/api/npm/benchmark-npm-remote/retext-smartypants/-/retext-smartypants-6.2.0.tgz 845ms (cache miss)
npm http fetch GET 200 https://vltoss.jfrog.io/artifactory/api/npm/benchmark-npm-remote/rehype/-/rehype-13.0.2.tgz 859ms (cache miss)
npm http fetch GET 200 https://vltoss.jfrog.io/artifactory/api/npm/benchmark-npm-remote/rehype-parse/-/rehype-parse-9.0.1.tgz 862ms (cache miss)
npm http fetch GET 200 https://vltoss.jfrog.io/artifactory/api/npm/benchmark-npm-remote/regex-recursion/-/regex-recursion-6.0.2.tgz 862ms (cache miss)
npm http fetch GET 200 https://vltoss.jfrog.io/artifactory/api/npm/benchmark-npm-remote/readdirp/-/readdirp-5.1.1.tgz 863ms (cache miss)
npm http fetch GET 200 https://vltoss.jfrog.io/artifactory/api/npm/benchmark-npm-remote/semver/-/semver-7.8.5.tgz 868ms (cache miss)
npm http fetch GET 200 https://vltoss.jfrog.io/artifactory/api/npm/benchmark-npm-remote/regex-utilities/-/regex-utilities-2.3.0.tgz 874ms (cache miss)
npm http fetch GET 200 https://vltoss.jfrog.io/artifactory/api/npm/benchmark-npm-remote/sharp/-/sharp-0.34.5.tgz 884ms (cache miss)
npm http fetch GET 200 https://vltoss.jfrog.io/artifactory/api/npm/benchmark-npm-remote/radix3/-/radix3-1.1.2.tgz 904ms (cache miss)
npm http fetch GET 200 https://vltoss.jfrog.io/artifactory/api/npm/benchmark-npm-remote/piccolore/-/piccolore-0.1.3.tgz 923ms (cache miss)
npm http fetch GET 200 https://vltoss.jfrog.io/artifactory/api/npm/benchmark-npm-remote/picocolors/-/picocolors-1.1.1.tgz 929ms (cache miss)
npm http fetch GET 200 https://vltoss.jfrog.io/artifactory/api/npm/benchmark-npm-remote/p-timeout/-/p-timeout-6.1.4.tgz 943ms (cache miss)
npm http fetch GET 200 https://vltoss.jfrog.io/artifactory/api/npm/benchmark-npm-remote/picomatch/-/picomatch-4.0.7.tgz 950ms (cache miss)
npm http fetch GET 200 https://vltoss.jfrog.io/artifactory/api/npm/benchmark-npm-remote/package-manager-detector/-/package-manager-detector-1.9.0.tgz 967ms (cache miss)
npm http fetch GET 200 https://vltoss.jfrog.io/artifactory/api/npm/benchmark-npm-remote/p-queue/-/p-queue-8.1.1.tgz 982ms (cache miss)
npm http fetch GET 200 https://vltoss.jfrog.io/artifactory/api/npm/benchmark-npm-remote/p-limit/-/p-limit-6.2.0.tgz 982ms (cache miss)
npm http fetch GET 200 https://vltoss.jfrog.io/artifactory/api/npm/benchmark-npm-remote/normalize-path/-/normalize-path-3.0.0.tgz 994ms (cache miss)
npm http fetch GET 200 https://vltoss.jfrog.io/artifactory/api/npm/benchmark-npm-remote/ohash/-/ohash-2.0.12.tgz 1035ms (cache miss)
npm http fetch GET 200 https://vltoss.jfrog.io/artifactory/api/npm/benchmark-npm-remote/nlcst-to-string/-/nlcst-to-string-4.0.0.tgz 1038ms (cache miss)
npm http fetch GET 200 https://vltoss.jfrog.io/artifactory/api/npm/benchmark-npm-remote/ofetch/-/ofetch-1.5.1.tgz 1078ms (cache miss)
npm http fetch GET 200 https://vltoss.jfrog.io/artifactory/api/npm/benchmark-npm-remote/ms/-/ms-2.1.3.tgz 1081ms (cache miss)
npm http fetch GET 200 https://vltoss.jfrog.io/artifactory/api/npm/benchmark-npm-remote/mrmime/-/mrmime-2.0.1.tgz 1090ms (cache miss)
npm http fetch GET 200 https://vltoss.jfrog.io/artifactory/api/npm/benchmark-npm-remote/micromark-util-resolve-all/-/micromark-util-resolve-all-2.0.1.tgz 1091ms (cache miss)
npm http fetch GET 200 https://vltoss.jfrog.io/artifactory/api/npm/benchmark-npm-remote/micromark-util-types/-/micromark-util-types-2.0.3.tgz 1093ms (cache miss)
npm http fetch GET 200 https://vltoss.jfrog.io/artifactory/api/npm/benchmark-npm-remote/micromark-util-sanitize-uri/-/micromark-util-sanitize-uri-2.0.1.tgz 1096ms (cache miss)
npm http fetch GET 200 https://vltoss.jfrog.io/artifactory/api/npm/benchmark-npm-remote/micromark-util-normalize-identifier/-/micromark-util-normalize-identifier-2.0.1.tgz 1101ms (cache miss)
npm http fetch GET 200 https://vltoss.jfrog.io/artifactory/api/npm/benchmark-npm-remote/micromark-util-html-tag-name/-/micromark-util-html-tag-name-2.0.1.tgz 1103ms (cache miss)
npm http fetch GET 200 https://vltoss.jfrog.io/artifactory/api/npm/benchmark-npm-remote/type-fest/-/type-fest-4.41.0.tgz 1118ms (cache miss)
npm http fetch GET 200 https://vltoss.jfrog.io/artifactory/api/npm/benchmark-npm-remote/micromark-util-encode/-/micromark-util-encode-2.0.1.tgz 1108ms (cache miss)
npm http fetch GET 200 https://vltoss.jfrog.io/artifactory/api/npm/benchmark-npm-remote/nanoid/-/nanoid-3.3.20.tgz 1112ms (cache miss)
npm http fetch GET 200 https://vltoss.jfrog.io/artifactory/api/npm/benchmark-npm-remote/micromark-util-decode-string/-/micromark-util-decode-string-2.0.1.tgz 1131ms (cache miss)
npm http fetch GET 200 https://vltoss.jfrog.io/artifactory/api/npm/benchmark-npm-remote/neotraverse/-/neotraverse-0.6.18.tgz 1139ms (cache miss)
npm http fetch GET 200 https://vltoss.jfrog.io/artifactory/api/npm/benchmark-npm-remote/micromark-util-edit-map/-/micromark-util-edit-map-1.0.0.tgz 1139ms (cache miss)
npm http fetch GET 200 https://vltoss.jfrog.io/artifactory/api/npm/benchmark-npm-remote/micromark-util-subtokenize/-/micromark-util-subtokenize-2.1.0.tgz 1147ms (cache miss)
npm http fetch GET 200 https://vltoss.jfrog.io/artifactory/api/npm/benchmark-npm-remote/nth-check/-/nth-check-2.1.1.tgz 1157ms (cache miss)
npm http fetch GET 200 https://vltoss.jfrog.io/artifactory/api/npm/benchmark-npm-remote/micromark-util-decode-numeric-character-reference/-/micromark-util-decode-numeric-character-reference-2.0.2.tgz 1156ms (cache miss)
npm http fetch GET 200 https://vltoss.jfrog.io/artifactory/api/npm/benchmark-npm-remote/property-information/-/property-information-7.2.0.tgz 1170ms (cache miss)
npm http fetch GET 200 https://vltoss.jfrog.io/artifactory/api/npm/benchmark-npm-remote/micromark-util-classify-character/-/micromark-util-classify-character-2.0.1.tgz 1164ms (cache miss)
npm http fetch GET 200 https://vltoss.jfrog.io/artifactory/api/npm/benchmark-npm-remote/micromark-util-symbol/-/micromark-util-symbol-2.0.1.tgz 1169ms (cache miss)
npm http fetch GET 200 https://vltoss.jfrog.io/artifactory/api/npm/benchmark-npm-remote/micromark-factory-whitespace/-/micromark-factory-whitespace-2.0.1.tgz 1169ms (cache miss)
npm http fetch GET 200 https://vltoss.jfrog.io/artifactory/api/npm/benchmark-npm-remote/micromark-util-combine-extensions/-/micromark-util-combine-extensions-2.0.1.tgz 1170ms (cache miss)
npm http fetch GET 200 https://vltoss.jfrog.io/artifactory/api/npm/benchmark-npm-remote/micromark-util-chunked/-/micromark-util-chunked-2.0.1.tgz 1171ms (cache miss)
npm http fetch GET 200 https://vltoss.jfrog.io/artifactory/api/npm/benchmark-npm-remote/micromark-factory-title/-/micromark-factory-title-2.0.1.tgz 1174ms (cache miss)
npm http fetch GET 200 https://vltoss.jfrog.io/artifactory/api/npm/benchmark-npm-remote/postcss/-/postcss-8.5.29.tgz 1182ms (cache miss)
npm http fetch GET 200 https://vltoss.jfrog.io/artifactory/api/npm/benchmark-npm-remote/micromark-util-character/-/micromark-util-character-2.1.1.tgz 1178ms (cache miss)
npm http fetch GET 200 https://vltoss.jfrog.io/artifactory/api/npm/benchmark-npm-remote/micromark-factory-label/-/micromark-factory-label-2.0.1.tgz 1179ms (cache miss)
npm http fetch GET 200 https://vltoss.jfrog.io/artifactory/api/npm/benchmark-npm-remote/micromark-factory-destination/-/micromark-factory-destination-2.0.1.tgz 1183ms (cache miss)
npm http fetch GET 200 https://vltoss.jfrog.io/artifactory/api/npm/benchmark-npm-remote/micromark-factory-space/-/micromark-factory-space-2.1.0.tgz 1190ms (cache miss)
npm http fetch GET 200 https://vltoss.jfrog.io/artifactory/api/npm/benchmark-npm-remote/micromark-extension-gfm-tagfilter/-/micromark-extension-gfm-tagfilter-2.0.0.tgz 1203ms (cache miss)
npm http fetch GET 200 https://vltoss.jfrog.io/artifactory/api/npm/benchmark-npm-remote/parse-latin/-/parse-latin-7.0.0.tgz 1229ms (cache miss)
npm http fetch GET 200 https://vltoss.jfrog.io/artifactory/api/npm/benchmark-npm-remote/micromark-extension-gfm-task-list-item/-/micromark-extension-gfm-task-list-item-2.1.0.tgz 1232ms (cache miss)
npm http fetch GET 200 https://vltoss.jfrog.io/artifactory/api/npm/benchmark-npm-remote/micromark-extension-gfm/-/micromark-extension-gfm-3.0.0.tgz 1234ms (cache miss)
npm http fetch GET 200 https://vltoss.jfrog.io/artifactory/api/npm/benchmark-npm-remote/mdast-util-to-string/-/mdast-util-to-string-4.0.0.tgz 1235ms (cache miss)
npm http fetch GET 200 https://vltoss.jfrog.io/artifactory/api/npm/benchmark-npm-remote/regex/-/regex-6.1.0.tgz 1260ms (cache miss)
npm http fetch GET 200 https://vltoss.jfrog.io/artifactory/api/npm/benchmark-npm-remote/micromark-extension-gfm-strikethrough/-/micromark-extension-gfm-strikethrough-2.1.0.tgz 1254ms (cache miss)
npm http fetch GET 200 https://vltoss.jfrog.io/artifactory/api/npm/benchmark-npm-remote/mdast-util-gfm-task-list-item/-/mdast-util-gfm-task-list-item-2.0.0.tgz 1255ms (cache miss)
npm http fetch GET 200 https://vltoss.jfrog.io/artifactory/api/npm/benchmark-npm-remote/mdast-util-phrasing/-/mdast-util-phrasing-4.1.0.tgz 1259ms (cache miss)
npm http fetch GET 200 https://vltoss.jfrog.io/artifactory/api/npm/benchmark-npm-remote/mdast-util-gfm-strikethrough/-/mdast-util-gfm-strikethrough-2.0.1.tgz 1259ms (cache miss)
npm http fetch GET 200 https://vltoss.jfrog.io/artifactory/api/npm/benchmark-npm-remote/micromark-extension-gfm-autolink-literal/-/micromark-extension-gfm-autolink-literal-2.1.0.tgz 1279ms (cache miss)
npm http fetch GET 200 https://vltoss.jfrog.io/artifactory/api/npm/benchmark-npm-remote/mdast-util-gfm-table/-/mdast-util-gfm-table-2.0.0.tgz 1280ms (cache miss)
npm http fetch GET 200 https://vltoss.jfrog.io/artifactory/api/npm/benchmark-npm-remote/mdast-util-gfm-footnote/-/mdast-util-gfm-footnote-2.1.0.tgz 1293ms (cache miss)
npm http fetch GET 200 https://vltoss.jfrog.io/artifactory/api/npm/benchmark-npm-remote/micromark-extension-gfm-footnote/-/micromark-extension-gfm-footnote-2.1.0.tgz 1297ms (cache miss)
npm http fetch GET 200 https://vltoss.jfrog.io/artifactory/api/npm/benchmark-npm-remote/mdast-util-gfm/-/mdast-util-gfm-3.1.0.tgz 1311ms (cache miss)
npm http fetch GET 200 https://vltoss.jfrog.io/artifactory/api/npm/benchmark-npm-remote/mdast-util-definitions/-/mdast-util-definitions-6.0.0.tgz 1312ms (cache miss)
npm http fetch GET 200 https://vltoss.jfrog.io/artifactory/api/npm/benchmark-npm-remote/mdast-util-gfm-autolink-literal/-/mdast-util-gfm-autolink-literal-2.0.1.tgz 1313ms (cache miss)
npm http fetch GET 200 https://vltoss.jfrog.io/artifactory/api/npm/benchmark-npm-remote/mdast-util-find-and-replace/-/mdast-util-find-and-replace-3.0.3.tgz 1317ms (cache miss)
npm http fetch GET 200 https://vltoss.jfrog.io/artifactory/api/npm/benchmark-npm-remote/markdown-table/-/markdown-table-3.0.4.tgz 1326ms (cache miss)
npm http fetch GET 200 https://vltoss.jfrog.io/artifactory/api/npm/benchmark-npm-remote/longest-streak/-/longest-streak-3.1.0.tgz 1341ms (cache miss)
npm http fetch GET 200 https://vltoss.jfrog.io/artifactory/api/npm/benchmark-npm-remote/node-mock-http/-/node-mock-http-1.0.5.tgz 1358ms (cache miss)
npm http fetch GET 200 https://vltoss.jfrog.io/artifactory/api/npm/benchmark-npm-remote/kleur/-/kleur-3.0.3.tgz 1360ms (cache miss)
npm http fetch GET 200 https://vltoss.jfrog.io/artifactory/api/npm/benchmark-npm-remote/is-wsl/-/is-wsl-3.1.1.tgz 1361ms (cache miss)
npm http fetch GET 200 https://vltoss.jfrog.io/artifactory/api/npm/benchmark-npm-remote/is-inside-container/-/is-inside-container-1.0.0.tgz 1364ms (cache miss)
npm http fetch GET 200 https://vltoss.jfrog.io/artifactory/api/npm/benchmark-npm-remote/is-fullwidth-code-point/-/is-fullwidth-code-point-3.0.0.tgz 1370ms (cache miss)
npm http fetch GET 200 https://vltoss.jfrog.io/artifactory/api/npm/benchmark-npm-remote/is-plain-obj/-/is-plain-obj-4.1.0.tgz 1370ms (cache miss)
npm http fetch GET 200 https://vltoss.jfrog.io/artifactory/api/npm/benchmark-npm-remote/html-void-elements/-/html-void-elements-3.0.0.tgz 1381ms (cache miss)
npm http fetch GET 200 https://vltoss.jfrog.io/artifactory/api/npm/benchmark-npm-remote/is-docker/-/is-docker-3.0.0.tgz 1383ms (cache miss)
npm http fetch GET 200 https://vltoss.jfrog.io/artifactory/api/npm/benchmark-npm-remote/micromark-extension-gfm-table/-/micromark-extension-gfm-table-2.1.2.tgz 1392ms (cache miss)
npm http fetch GET 200 https://vltoss.jfrog.io/artifactory/api/npm/benchmark-npm-remote/mdast-util-from-markdown/-/mdast-util-from-markdown-2.1.0.tgz 1398ms (cache miss)
npm http fetch GET 200 https://vltoss.jfrog.io/artifactory/api/npm/benchmark-npm-remote/iron-webcrypto/-/iron-webcrypto-1.2.1.tgz 1400ms (cache miss)
npm http fetch GET 200 https://vltoss.jfrog.io/artifactory/api/npm/benchmark-npm-remote/html-escaper/-/html-escaper-3.0.3.tgz 1416ms (cache miss)
npm http fetch GET 200 https://vltoss.jfrog.io/artifactory/api/npm/benchmark-npm-remote/http-cache-semantics/-/http-cache-semantics-4.3.0.tgz 1417ms (cache miss)
npm http fetch GET 200 https://vltoss.jfrog.io/artifactory/api/npm/benchmark-npm-remote/hast-util-whitespace/-/hast-util-whitespace-3.0.0.tgz 1421ms (cache miss)
npm http fetch GET 200 https://vltoss.jfrog.io/artifactory/api/npm/benchmark-npm-remote/prompts/-/prompts-2.4.2.tgz 1452ms (cache miss)
npm http fetch GET 200 https://vltoss.jfrog.io/artifactory/api/npm/benchmark-npm-remote/hast-util-to-text/-/hast-util-to-text-4.0.2.tgz 1443ms (cache miss)
npm http fetch GET 200 https://vltoss.jfrog.io/artifactory/api/npm/benchmark-npm-remote/hast-util-parse-selector/-/hast-util-parse-selector-4.0.0.tgz 1447ms (cache miss)
npm http fetch GET 200 https://vltoss.jfrog.io/artifactory/api/npm/benchmark-npm-remote/hast-util-to-parse5/-/hast-util-to-parse5-8.0.1.tgz 1454ms (cache miss)
npm http fetch GET 200 https://vltoss.jfrog.io/artifactory/api/npm/benchmark-npm-remote/hast-util-is-element/-/hast-util-is-element-3.0.0.tgz 1455ms (cache miss)
npm http fetch GET 200 https://vltoss.jfrog.io/artifactory/api/npm/benchmark-npm-remote/hast-util-raw/-/hast-util-raw-9.1.0.tgz 1474ms (cache miss)
npm http fetch GET 200 https://vltoss.jfrog.io/artifactory/api/npm/benchmark-npm-remote/flattie/-/flattie-1.1.1.tgz 1478ms (cache miss)
npm http fetch GET 200 https://vltoss.jfrog.io/artifactory/api/npm/benchmark-npm-remote/get-east-asian-width/-/get-east-asian-width-1.7.0.tgz 1488ms (cache miss)
npm http fetch GET 200 https://vltoss.jfrog.io/artifactory/api/npm/benchmark-npm-remote/hast-util-from-parse5/-/hast-util-from-parse5-8.0.3.tgz 1493ms (cache miss)
npm http fetch GET 200 https://vltoss.jfrog.io/artifactory/api/npm/benchmark-npm-remote/magicast/-/magicast-0.5.5.tgz 1501ms (cache miss)
npm http fetch GET 200 https://vltoss.jfrog.io/artifactory/api/npm/benchmark-npm-remote/github-slugger/-/github-slugger-2.0.0.tgz 1497ms (cache miss)
npm http fetch GET 200 https://vltoss.jfrog.io/artifactory/api/npm/benchmark-npm-remote/extend/-/extend-3.0.2.tgz 1515ms (cache miss)
npm http fetch GET 200 https://vltoss.jfrog.io/artifactory/api/npm/benchmark-npm-remote/fontace/-/fontace-0.4.1.tgz 1519ms (cache miss)
npm http fetch GET 200 https://vltoss.jfrog.io/artifactory/api/npm/benchmark-npm-remote/fdir/-/fdir-6.5.0.tgz 1522ms (cache miss)
npm http fetch GET 200 https://vltoss.jfrog.io/artifactory/api/npm/benchmark-npm-remote/import-meta-resolve/-/import-meta-resolve-4.2.0.tgz 1530ms (cache miss)
npm http fetch GET 200 https://vltoss.jfrog.io/artifactory/api/npm/benchmark-npm-remote/magic-string/-/magic-string-0.30.21.tgz 1540ms (cache miss)
npm http fetch GET 200 https://jfrog-prod-use2-shared-ohio-main.s3.amazonaws.com/aol-a0eigilwc24ii/filestore/dd/ddcfd2e568dd4904a9154d8763f2d78a3e9bf443?response-content-disposition=attachment%3Bfilename%3D%22vite-6.4.4.tgz%22&response-content-type=application%2Fx-gzip&X-Artifactory-username=darcy%40vlt.sh&X-Artifactory-repoType=local&X-Artifactory-repositoryKey=benchmark-npm-remote-cache&X-Artifactory-originPackageType=npm&X-Artifactory-packageType=npm&X-Artifactory-artifactPath=vite%2F-%2Fvite-6.4.4.tgz&X-Artifactory-originProjectKey=benchmark&X-Artifactory-projectKey=benchmark&X-Artifactory-originRepoType=remote&X-Artifactory-originRepositoryKey=benchmark-npm-remote&x-jf-traceId=bf7f6abc06428a56aa3c24fccc5c86ba&X-Amz-Security-Token=IQoJb3JpZ2luX2VjEEMaCXVzLWVhc3QtMiJHMEUCIBu0Ams9MyYD7872S7zAT1BdZ0Kuj75MdewLas%2FRtjYSAiEA%2BuycA4I5mQ3%2Fc%2FMjnRp6AwgIlGBRq7NH1sBNek8VsDoqkgUIDBAAGgw3MjE4ODI2MTMwMzciDNFSvGYmIgv9QJ7K6CrvBFnDO%2BekYzw2oje3ZnH35oZtxIJLM%2FeBTKrAKPJoZViYCzSi2XCkg2Wvr317P6PrBOn%2BrH5d51HmKQgsT1ag7MAyyUNRb5LJksZ8miofU1R41PI1mxdLhdkJmbZoquhP8a5fbtoz%2BCKegfdMwU4vniJIykVhNanSLroQXV%2BnUWQ6AkbzcQDECgqwckQGYcuZRPFpX2X4zORX0YFyVhHrYmGHhN051YsdLpv112KXuTq5VpVDPY%2BU2MtLKmCLTyynF%2BBjX3DrgyeHO%2FBqmI%2BY6GV7BKbW%2F9suv3h%2Bj1yQeQM2VooWlT%2BSD1hi2rXmgFGA7z4GTjca3AWM7M6Xq0EGFSsEwhiPpG3Z0KJeksCR0TpQd9%2FHcTsZCkPQ8LREOsbpwz6frvWsu0tIzhSh9kQnKgy3NX5NkxlESpk834u2LjYxWFOQH%2F3Ab5SPLpH09xWv%2BOxQGjh6xMBeJCDwaRXDB5y9D%2BFeTw06fKZXpk6z%2FbCCdxJY1Jwi2OEIgH3vJVY%2FSdJL42zD8lRAPaMquKOErxxpdWmBumCf771pRVTfW1KuOeMVgyad6lTTSaF%2Fsj%2FAa14YpfQUU6Bc1Z%2B3Fr6I19qqLXAt%2BfYOUWj1fL7J8djU45UD%2F44OVyPUCW%2FF4VMUMHFocDRmxHC%2BTgedwAQ0Z2rbbRlV9kJYp2TRWjWWbheC3DJxkH06nIdsbGXVXMoVL%2BClqvSS1SaFEcrrKfJo5zPr0olamuTV%2BhxI5eaeddLAuO2oMNfcJrw1GGVhiZdqCl6c11kfZKI0KBQ2OAJao15UVx2fWqHUO3yzwEzwF7iPNDhGb9Rz2pNlb0eumtCFMLrAmNYGOpkBw1WTwTZCJqmS%2BAhVf%2BrDaplcVCCB%2BD9XKMnSKSRGSGDgnV0Dc%2BzVjR2PQgHXqqUook7YVnaQQBCVktD8OzqPN%2BKP4d%2Far6MNLlHNC1Rx%2Fduc3ayUpeqzgfxZC9qC6TSmGKnpAb3Vc%2F0%2Frz0khecwHNISNSX3Qyi6aTtt5JO3Q%2FjhVzbxAGcupXkbXleZVEqBDDO1mdwFTUHP&X-Amz-Algorithm=AWS4-HMAC-SHA256&X-Amz-Date=20261007T103655Z&X-Amz-SignedHeaders=host&X-Amz-Credential=ASIA2QE4OQUWWEGGOBMO%2F20261007%2Fus-east-2%2Fs3%2Faws4_request&X-Amz-Expires=30&X-Amz-Signature=cb4a34ca3b2852effeb36bf39bd297497d62928dee9283cb4bc9aa6d1356f1fa 1570ms (cache miss)
npm http fetch GET 200 https://vltoss.jfrog.io/artifactory/api/npm/benchmark-npm-remote/hastscript/-/hastscript-9.0.1.tgz 1550ms (cache miss)
npm http fetch GET 200 https://vltoss.jfrog.io/artifactory/api/npm/benchmark-npm-remote/escape-string-regexp/-/escape-string-regexp-5.0.0.tgz 1546ms (cache miss)
npm http fetch GET 200 https://vltoss.jfrog.io/artifactory/api/npm/benchmark-npm-remote/mdn-data/-/mdn-data-2.27.1.tgz 1558ms (cache miss)
npm http fetch GET 200 https://vltoss.jfrog.io/artifactory/api/npm/benchmark-npm-remote/estree-walker/-/estree-walker-3.0.3.tgz 1550ms (cache miss)
npm http fetch GET 200 https://vltoss.jfrog.io/artifactory/api/npm/benchmark-npm-remote/hast-util-from-html/-/hast-util-from-html-2.0.3.tgz 1556ms (cache miss)
npm http fetch GET 200 https://vltoss.jfrog.io/artifactory/api/npm/benchmark-npm-remote/emoji-regex/-/emoji-regex-10.6.0.tgz 1561ms (cache miss)
npm http fetch GET 200 https://vltoss.jfrog.io/artifactory/api/npm/benchmark-npm-remote/dset/-/dset-3.1.4.tgz 1569ms (cache miss)
npm http fetch GET 200 https://jfrog-prod-use2-shared-ohio-main.s3.amazonaws.com/aol-a0eigilwc24ii/filestore/9d/9d09ca63066cc48423211ed4caf5d70075d76a71?response-content-disposition=attachment%3Bfilename%3D%22node-fetch-native-1.6.7.tgz%22&response-content-type=application%2Fx-gzip&X-Artifactory-username=darcy%40vlt.sh&X-Artifactory-repoType=local&X-Artifactory-repositoryKey=benchmark-npm-remote-cache&X-Artifactory-originPackageType=npm&X-Artifactory-packageType=npm&X-Artifactory-artifactPath=node-fetch-native%2F-%2Fnode-fetch-native-1.6.7.tgz&X-Artifactory-originProjectKey=benchmark&X-Artifactory-projectKey=benchmark&X-Artifactory-originRepoType=remote&X-Artifactory-originRepositoryKey=benchmark-npm-remote&x-jf-traceId=e4f545af16fcd23fc6778f1651b82ae5&X-Amz-Security-Token=IQoJb3JpZ2luX2VjEEMaCXVzLWVhc3QtMiJHMEUCIBu0Ams9MyYD7872S7zAT1BdZ0Kuj75MdewLas%2FRtjYSAiEA%2BuycA4I5mQ3%2Fc%2FMjnRp6AwgIlGBRq7NH1sBNek8VsDoqkgUIDBAAGgw3MjE4ODI2MTMwMzciDNFSvGYmIgv9QJ7K6CrvBFnDO%2BekYzw2oje3ZnH35oZtxIJLM%2FeBTKrAKPJoZViYCzSi2XCkg2Wvr317P6PrBOn%2BrH5d51HmKQgsT1ag7MAyyUNRb5LJksZ8miofU1R41PI1mxdLhdkJmbZoquhP8a5fbtoz%2BCKegfdMwU4vniJIykVhNanSLroQXV%2BnUWQ6AkbzcQDECgqwckQGYcuZRPFpX2X4zORX0YFyVhHrYmGHhN051YsdLpv112KXuTq5VpVDPY%2BU2MtLKmCLTyynF%2BBjX3DrgyeHO%2FBqmI%2BY6GV7BKbW%2F9suv3h%2Bj1yQeQM2VooWlT%2BSD1hi2rXmgFGA7z4GTjca3AWM7M6Xq0EGFSsEwhiPpG3Z0KJeksCR0TpQd9%2FHcTsZCkPQ8LREOsbpwz6frvWsu0tIzhSh9kQnKgy3NX5NkxlESpk834u2LjYxWFOQH%2F3Ab5SPLpH09xWv%2BOxQGjh6xMBeJCDwaRXDB5y9D%2BFeTw06fKZXpk6z%2FbCCdxJY1Jwi2OEIgH3vJVY%2FSdJL42zD8lRAPaMquKOErxxpdWmBumCf771pRVTfW1KuOeMVgyad6lTTSaF%2Fsj%2FAa14YpfQUU6Bc1Z%2B3Fr6I19qqLXAt%2BfYOUWj1fL7J8djU45UD%2F44OVyPUCW%2FF4VMUMHFocDRmxHC%2BTgedwAQ0Z2rbbRlV9kJYp2TRWjWWbheC3DJxkH06nIdsbGXVXMoVL%2BClqvSS1SaFEcrrKfJo5zPr0olamuTV%2BhxI5eaeddLAuO2oMNfcJrw1GGVhiZdqCl6c11kfZKI0KBQ2OAJao15UVx2fWqHUO3yzwEzwF7iPNDhGb9Rz2pNlb0eumtCFMLrAmNYGOpkBw1WTwTZCJqmS%2BAhVf%2BrDaplcVCCB%2BD9XKMnSKSRGSGDgnV0Dc%2BzVjR2PQgHXqqUook7YVnaQQBCVktD8OzqPN%2BKP4d%2Far6MNLlHNC1Rx%2Fduc3ayUpeqzgfxZC9qC6TSmGKnpAb3Vc%2F0%2Frz0khecwHNISNSX3Qyi6aTtt5JO3Q%2FjhVzbxAGcupXkbXleZVEqBDDO1mdwFTUHP&X-Amz-Algorithm=AWS4-HMAC-SHA256&X-Amz-Date=20261007T103655Z&X-Amz-SignedHeaders=host&X-Amz-Credential=ASIA2QE4OQUWWEGGOBMO%2F20261007%2Fus-east-2%2Fs3%2Faws4_request&X-Amz-Expires=30&X-Amz-Signature=e52833f9c9c16b78e0862e09c2a477d55b088f4f102d4e0bd2f9141120c4aaea 1603ms (cache miss)
npm http fetch GET 200 https://vltoss.jfrog.io/artifactory/api/npm/benchmark-npm-remote/domelementtype/-/domelementtype-2.3.0.tgz 1599ms (cache miss)
npm http fetch GET 200 https://vltoss.jfrog.io/artifactory/api/npm/benchmark-npm-remote/devlop/-/devlop-1.1.0.tgz 1602ms (cache miss)
npm http fetch GET 200 https://vltoss.jfrog.io/artifactory/api/npm/benchmark-npm-remote/eventemitter3/-/eventemitter3-5.0.4.tgz 1607ms (cache miss)
npm http fetch GET 200 https://vltoss.jfrog.io/artifactory/api/npm/benchmark-npm-remote/esbuild/-/esbuild-0.27.7.tgz 1609ms (cache miss)
npm http fetch GET 200 https://vltoss.jfrog.io/artifactory/api/npm/benchmark-npm-remote/deterministic-object-hash/-/deterministic-object-hash-2.0.2.tgz 1607ms (cache miss)
npm http fetch GET 200 https://vltoss.jfrog.io/artifactory/api/npm/benchmark-npm-remote/es-module-lexer/-/es-module-lexer-1.7.0.tgz 1613ms (cache miss)
npm http fetch GET 200 https://vltoss.jfrog.io/artifactory/api/npm/benchmark-npm-remote/destr/-/destr-2.0.5.tgz 1615ms (cache miss)
npm http fetch GET 200 https://vltoss.jfrog.io/artifactory/api/npm/benchmark-npm-remote/dequal/-/dequal-2.0.3.tgz 1616ms (cache miss)
npm http fetch GET 200 https://vltoss.jfrog.io/artifactory/api/npm/benchmark-npm-remote/decode-named-character-reference/-/decode-named-character-reference-1.3.0.tgz 1622ms (cache miss)
npm http fetch GET 200 https://vltoss.jfrog.io/artifactory/api/npm/benchmark-npm-remote/defu/-/defu-6.1.7.tgz 1629ms (cache miss)
npm http fetch GET 200 https://vltoss.jfrog.io/artifactory/api/npm/benchmark-npm-remote/cssesc/-/cssesc-3.0.0.tgz 1643ms (cache miss)
npm http fetch GET 200 https://vltoss.jfrog.io/artifactory/api/npm/benchmark-npm-remote/detect-libc/-/detect-libc-2.1.2.tgz 1646ms (cache miss)
npm http fetch GET 200 https://jfrog-prod-use2-shared-ohio-main.s3.amazonaws.com/aol-a0eigilwc24ii/filestore/43/43e640280241b0d687a314e7a641d476407a1c4d?response-content-disposition=attachment%3Bfilename%3D%22oniguruma-to-es-4.3.6.tgz%22&response-content-type=application%2Fx-gzip&X-Artifactory-username=darcy%40vlt.sh&X-Artifactory-repoType=local&X-Artifactory-repositoryKey=benchmark-npm-remote-cache&X-Artifactory-originPackageType=npm&X-Artifactory-packageType=npm&X-Artifactory-artifactPath=oniguruma-to-es%2F-%2Foniguruma-to-es-4.3.6.tgz&X-Artifactory-originProjectKey=benchmark&X-Artifactory-projectKey=benchmark&X-Artifactory-originRepoType=remote&X-Artifactory-originRepositoryKey=benchmark-npm-remote&x-jf-traceId=6227b433862cba4f3393adb356fe4a30&X-Amz-Security-Token=IQoJb3JpZ2luX2VjEEMaCXVzLWVhc3QtMiJHMEUCIBu0Ams9MyYD7872S7zAT1BdZ0Kuj75MdewLas%2FRtjYSAiEA%2BuycA4I5mQ3%2Fc%2FMjnRp6AwgIlGBRq7NH1sBNek8VsDoqkgUIDBAAGgw3MjE4ODI2MTMwMzciDNFSvGYmIgv9QJ7K6CrvBFnDO%2BekYzw2oje3ZnH35oZtxIJLM%2FeBTKrAKPJoZViYCzSi2XCkg2Wvr317P6PrBOn%2BrH5d51HmKQgsT1ag7MAyyUNRb5LJksZ8miofU1R41PI1mxdLhdkJmbZoquhP8a5fbtoz%2BCKegfdMwU4vniJIykVhNanSLroQXV%2BnUWQ6AkbzcQDECgqwckQGYcuZRPFpX2X4zORX0YFyVhHrYmGHhN051YsdLpv112KXuTq5VpVDPY%2BU2MtLKmCLTyynF%2BBjX3DrgyeHO%2FBqmI%2BY6GV7BKbW%2F9suv3h%2Bj1yQeQM2VooWlT%2BSD1hi2rXmgFGA7z4GTjca3AWM7M6Xq0EGFSsEwhiPpG3Z0KJeksCR0TpQd9%2FHcTsZCkPQ8LREOsbpwz6frvWsu0tIzhSh9kQnKgy3NX5NkxlESpk834u2LjYxWFOQH%2F3Ab5SPLpH09xWv%2BOxQGjh6xMBeJCDwaRXDB5y9D%2BFeTw06fKZXpk6z%2FbCCdxJY1Jwi2OEIgH3vJVY%2FSdJL42zD8lRAPaMquKOErxxpdWmBumCf771pRVTfW1KuOeMVgyad6lTTSaF%2Fsj%2FAa14YpfQUU6Bc1Z%2B3Fr6I19qqLXAt%2BfYOUWj1fL7J8djU45UD%2F44OVyPUCW%2FF4VMUMHFocDRmxHC%2BTgedwAQ0Z2rbbRlV9kJYp2TRWjWWbheC3DJxkH06nIdsbGXVXMoVL%2BClqvSS1SaFEcrrKfJo5zPr0olamuTV%2BhxI5eaeddLAuO2oMNfcJrw1GGVhiZdqCl6c11kfZKI0KBQ2OAJao15UVx2fWqHUO3yzwEzwF7iPNDhGb9Rz2pNlb0eumtCFMLrAmNYGOpkBw1WTwTZCJqmS%2BAhVf%2BrDaplcVCCB%2BD9XKMnSKSRGSGDgnV0Dc%2BzVjR2PQgHXqqUook7YVnaQQBCVktD8OzqPN%2BKP4d%2Far6MNLlHNC1Rx%2Fduc3ayUpeqzgfxZC9qC6TSmGKnpAb3Vc%2F0%2Frz0khecwHNISNSX3Qyi6aTtt5JO3Q%2FjhVzbxAGcupXkbXleZVEqBDDO1mdwFTUHP&X-Amz-Algorithm=AWS4-HMAC-SHA256&X-Amz-Date=20261007T103655Z&X-Amz-SignedHeaders=host&X-Amz-Credential=ASIA2QE4OQUWWEGGOBMO%2F20261007%2Fus-east-2%2Fs3%2Faws4_request&X-Amz-Expires=30&X-Amz-Signature=09c6961288b92be181d4fc2afb51920091ecbba8ae4fd16cb8a19986f9932b6f 1690ms (cache miss)
npm http fetch GET 200 https://vltoss.jfrog.io/artifactory/api/npm/benchmark-npm-remote/cookie-es/-/cookie-es-1.2.3.tgz 1672ms (cache miss)
npm http fetch GET 200 https://vltoss.jfrog.io/artifactory/api/npm/benchmark-npm-remote/domhandler/-/domhandler-5.0.3.tgz 1690ms (cache miss)
npm http fetch GET 200 https://vltoss.jfrog.io/artifactory/api/npm/benchmark-npm-remote/debug/-/debug-4.4.3.tgz 1689ms (cache miss)
npm http fetch GET 200 https://vltoss.jfrog.io/artifactory/api/npm/benchmark-npm-remote/dlv/-/dlv-1.1.3.tgz 1694ms (cache miss)
npm http fetch GET 200 https://vltoss.jfrog.io/artifactory/api/npm/benchmark-npm-remote/common-ancestor-path/-/common-ancestor-path-1.0.1.tgz 1694ms (cache miss)
npm http fetch GET 200 https://vltoss.jfrog.io/artifactory/api/npm/benchmark-npm-remote/cookie/-/cookie-1.1.1.tgz 1699ms (cache miss)
npm http fetch GET 200 https://vltoss.jfrog.io/artifactory/api/npm/benchmark-npm-remote/cli-boxes/-/cli-boxes-3.0.0.tgz 1699ms (cache miss)
npm http fetch GET 200 https://vltoss.jfrog.io/artifactory/api/npm/benchmark-npm-remote/clsx/-/clsx-2.1.1.tgz 1703ms (cache miss)
npm http fetch GET 200 https://vltoss.jfrog.io/artifactory/api/npm/benchmark-npm-remote/comma-separated-tokens/-/comma-separated-tokens-2.0.3.tgz 1705ms (cache miss)
npm http fetch GET 200 https://vltoss.jfrog.io/artifactory/api/npm/benchmark-npm-remote/fontkitten/-/fontkitten-1.0.3.tgz 1738ms (cache miss)
npm http fetch GET 200 https://vltoss.jfrog.io/artifactory/api/npm/benchmark-npm-remote/devalue/-/devalue-5.9.4.tgz 1740ms (cache miss)
npm http fetch GET 200 https://vltoss.jfrog.io/artifactory/api/npm/benchmark-npm-remote/ci-info/-/ci-info-4.4.0.tgz 1743ms (cache miss)
npm http fetch GET 200 https://vltoss.jfrog.io/artifactory/api/npm/benchmark-npm-remote/character-entities-legacy/-/character-entities-legacy-3.0.0.tgz 1743ms (cache miss)
npm http fetch GET 200 https://vltoss.jfrog.io/artifactory/api/npm/benchmark-npm-remote/character-entities-html4/-/character-entities-html4-2.1.0.tgz 1751ms (cache miss)
npm http fetch GET 200 https://vltoss.jfrog.io/artifactory/api/npm/benchmark-npm-remote/ccount/-/ccount-2.0.1.tgz 1755ms (cache miss)
npm http fetch GET 200 https://vltoss.jfrog.io/artifactory/api/npm/benchmark-npm-remote/h3/-/h3-1.15.11.tgz 1772ms (cache miss)
npm http fetch GET 200 https://vltoss.jfrog.io/artifactory/api/npm/benchmark-npm-remote/parse5/-/parse5-7.3.0.tgz 1791ms (cache miss)
npm http fetch GET 200 https://vltoss.jfrog.io/artifactory/api/npm/benchmark-npm-remote/character-entities/-/character-entities-2.0.2.tgz 1775ms (cache miss)
npm http fetch GET 200 https://vltoss.jfrog.io/artifactory/api/npm/benchmark-npm-remote/camelcase/-/camelcase-8.0.0.tgz 1778ms (cache miss)
npm http fetch GET 200 https://vltoss.jfrog.io/artifactory/api/npm/benchmark-npm-remote/chokidar/-/chokidar-5.0.0.tgz 1781ms (cache miss)
npm http fetch GET 200 https://vltoss.jfrog.io/artifactory/api/npm/benchmark-npm-remote/base-64/-/base-64-1.0.0.tgz 1781ms (cache miss)
npm http fetch GET 200 https://vltoss.jfrog.io/artifactory/api/npm/benchmark-npm-remote/boolbase/-/boolbase-1.0.0.tgz 1784ms (cache miss)
npm http fetch GET 200 https://jfrog-prod-use2-shared-ohio-main.s3.amazonaws.com/aol-a0eigilwc24ii/filestore/25/25a538c02fd53e19e1d2682478a76fa879a1ceba?response-content-disposition=attachment%3Bfilename%3D%22rollup-4.64.1.tgz%22&response-content-type=application%2Fx-gzip&X-Artifactory-username=darcy%40vlt.sh&X-Artifactory-repoType=local&X-Artifactory-repositoryKey=benchmark-npm-remote-cache&X-Artifactory-originPackageType=npm&X-Artifactory-packageType=npm&X-Artifactory-artifactPath=rollup%2F-%2Frollup-4.64.1.tgz&X-Artifactory-originProjectKey=benchmark&X-Artifactory-projectKey=benchmark&X-Artifactory-originRepoType=remote&X-Artifactory-originRepositoryKey=benchmark-npm-remote&x-jf-traceId=38d6f89019e39c4e0e8b4471a1e525f3&X-Amz-Security-Token=IQoJb3JpZ2luX2VjEEMaCXVzLWVhc3QtMiJHMEUCIBu0Ams9MyYD7872S7zAT1BdZ0Kuj75MdewLas%2FRtjYSAiEA%2BuycA4I5mQ3%2Fc%2FMjnRp6AwgIlGBRq7NH1sBNek8VsDoqkgUIDBAAGgw3MjE4ODI2MTMwMzciDNFSvGYmIgv9QJ7K6CrvBFnDO%2BekYzw2oje3ZnH35oZtxIJLM%2FeBTKrAKPJoZViYCzSi2XCkg2Wvr317P6PrBOn%2BrH5d51HmKQgsT1ag7MAyyUNRb5LJksZ8miofU1R41PI1mxdLhdkJmbZoquhP8a5fbtoz%2BCKegfdMwU4vniJIykVhNanSLroQXV%2BnUWQ6AkbzcQDECgqwckQGYcuZRPFpX2X4zORX0YFyVhHrYmGHhN051YsdLpv112KXuTq5VpVDPY%2BU2MtLKmCLTyynF%2BBjX3DrgyeHO%2FBqmI%2BY6GV7BKbW%2F9suv3h%2Bj1yQeQM2VooWlT%2BSD1hi2rXmgFGA7z4GTjca3AWM7M6Xq0EGFSsEwhiPpG3Z0KJeksCR0TpQd9%2FHcTsZCkPQ8LREOsbpwz6frvWsu0tIzhSh9kQnKgy3NX5NkxlESpk834u2LjYxWFOQH%2F3Ab5SPLpH09xWv%2BOxQGjh6xMBeJCDwaRXDB5y9D%2BFeTw06fKZXpk6z%2FbCCdxJY1Jwi2OEIgH3vJVY%2FSdJL42zD8lRAPaMquKOErxxpdWmBumCf771pRVTfW1KuOeMVgyad6lTTSaF%2Fsj%2FAa14YpfQUU6Bc1Z%2B3Fr6I19qqLXAt%2BfYOUWj1fL7J8djU45UD%2F44OVyPUCW%2FF4VMUMHFocDRmxHC%2BTgedwAQ0Z2rbbRlV9kJYp2TRWjWWbheC3DJxkH06nIdsbGXVXMoVL%2BClqvSS1SaFEcrrKfJo5zPr0olamuTV%2BhxI5eaeddLAuO2oMNfcJrw1GGVhiZdqCl6c11kfZKI0KBQ2OAJao15UVx2fWqHUO3yzwEzwF7iPNDhGb9Rz2pNlb0eumtCFMLrAmNYGOpkBw1WTwTZCJqmS%2BAhVf%2BrDaplcVCCB%2BD9XKMnSKSRGSGDgnV0Dc%2BzVjR2PQgHXqqUook7YVnaQQBCVktD8OzqPN%2BKP4d%2Far6MNLlHNC1Rx%2Fduc3ayUpeqzgfxZC9qC6TSmGKnpAb3Vc%2F0%2Frz0khecwHNISNSX3Qyi6aTtt5JO3Q%2FjhVzbxAGcupXkbXleZVEqBDDO1mdwFTUHP&X-Amz-Algorithm=AWS4-HMAC-SHA256&X-Amz-Date=20261007T103655Z&X-Amz-SignedHeaders=host&X-Amz-Credential=ASIA2QE4OQUWWEGGOBMO%2F20261007%2Fus-east-2%2Fs3%2Faws4_request&X-Amz-Expires=30&X-Amz-Signature=21c8714de9f38187e507f1850521e84c40f0aa46856d9d29b098f040df10fc2f 1817ms (cache miss)
npm http fetch GET 200 https://vltoss.jfrog.io/artifactory/api/npm/benchmark-npm-remote/bail/-/bail-2.0.2.tgz 1788ms (cache miss)
npm http fetch GET 200 https://vltoss.jfrog.io/artifactory/api/npm/benchmark-npm-remote/boxen/-/boxen-8.0.1.tgz 1792ms (cache miss)
npm http fetch GET 200 https://vltoss.jfrog.io/artifactory/api/npm/benchmark-npm-remote/array-iterate/-/array-iterate-2.0.1.tgz 1796ms (cache miss)
npm http fetch GET 200 https://vltoss.jfrog.io/artifactory/api/npm/benchmark-npm-remote/ansi-regex/-/ansi-regex-6.4.0.tgz 1796ms (cache miss)
npm http fetch GET 200 https://vltoss.jfrog.io/artifactory/api/npm/benchmark-npm-remote/ansi-styles/-/ansi-styles-6.2.3.tgz 1800ms (cache miss)
npm http fetch GET 200 https://vltoss.jfrog.io/artifactory/api/npm/benchmark-npm-remote/anymatch/-/anymatch-3.1.3.tgz 1806ms (cache miss)
npm http fetch GET 200 https://vltoss.jfrog.io/artifactory/api/npm/benchmark-npm-remote/ansi-align/-/ansi-align-3.0.1.tgz 1806ms (cache miss)
npm http fetch GET 200 https://vltoss.jfrog.io/artifactory/api/npm/benchmark-npm-remote/commander/-/commander-11.1.0.tgz 1822ms (cache miss)
npm http fetch GET 200 https://vltoss.jfrog.io/artifactory/api/npm/benchmark-npm-remote/chalk/-/chalk-5.6.2.tgz 1847ms (cache miss)
npm http fetch GET 200 https://vltoss.jfrog.io/artifactory/api/npm/benchmark-npm-remote/@types/unist/-/unist-3.0.3.tgz 1845ms (cache miss)
npm http fetch GET 200 https://vltoss.jfrog.io/artifactory/api/npm/benchmark-npm-remote/@types/nlcst/-/nlcst-2.0.3.tgz 1845ms (cache miss)
npm http fetch GET 200 https://vltoss.jfrog.io/artifactory/api/npm/benchmark-npm-remote/@types/ms/-/ms-2.1.0.tgz 1847ms (cache miss)
npm http fetch GET 200 https://vltoss.jfrog.io/artifactory/api/npm/benchmark-npm-remote/@types/estree/-/estree-1.0.9.tgz 1853ms (cache miss)
npm http fetch GET 200 https://vltoss.jfrog.io/artifactory/api/npm/benchmark-npm-remote/argparse/-/argparse-2.0.1.tgz 1861ms (cache miss)
npm http fetch GET 200 https://vltoss.jfrog.io/artifactory/api/npm/benchmark-npm-remote/@types/mdast/-/mdast-4.0.4.tgz 1859ms (cache miss)
npm http fetch GET 200 https://vltoss.jfrog.io/artifactory/api/npm/benchmark-npm-remote/@types/debug/-/debug-4.1.13.tgz 1863ms (cache miss)
npm http fetch GET 200 https://vltoss.jfrog.io/artifactory/api/npm/benchmark-npm-remote/@types/hast/-/hast-3.0.5.tgz 1867ms (cache miss)
npm http fetch GET 200 https://vltoss.jfrog.io/artifactory/api/npm/benchmark-npm-remote/@shikijs/types/-/types-3.23.0.tgz 1873ms (cache miss)
npm http fetch GET 200 https://vltoss.jfrog.io/artifactory/api/npm/benchmark-npm-remote/hast-util-to-html/-/hast-util-to-html-9.0.5.tgz 1891ms (cache miss)
npm http fetch GET 200 https://vltoss.jfrog.io/artifactory/api/npm/benchmark-npm-remote/@shikijs/engine-javascript/-/engine-javascript-3.23.0.tgz 1899ms (cache miss)
npm http fetch GET 200 https://vltoss.jfrog.io/artifactory/api/npm/benchmark-npm-remote/@ungap/structured-clone/-/structured-clone-1.4.0.tgz 1903ms (cache miss)
npm http fetch GET 200 https://vltoss.jfrog.io/artifactory/api/npm/benchmark-npm-remote/@shikijs/vscode-textmate/-/vscode-textmate-10.0.2.tgz 1902ms (cache miss)
npm http fetch GET 200 https://vltoss.jfrog.io/artifactory/api/npm/benchmark-npm-remote/@oslojs/encoding/-/encoding-1.1.0.tgz 1927ms (cache miss)
npm http fetch GET 200 https://jfrog-prod-use2-shared-ohio-main.s3.amazonaws.com/aol-a0eigilwc24ii/filestore/8e/8e44fb14a2643c59726bb15787b5f1512cb3d3fb?response-content-disposition=attachment%3Bfilename%3D%22js-yaml-4.3.2.tgz%22&response-content-type=application%2Fx-gzip&X-Artifactory-username=darcy%40vlt.sh&X-Artifactory-repoType=local&X-Artifactory-repositoryKey=benchmark-npm-remote-cache&X-Artifactory-originPackageType=npm&X-Artifactory-packageType=npm&X-Artifactory-artifactPath=js-yaml%2F-%2Fjs-yaml-4.3.2.tgz&X-Artifactory-originProjectKey=benchmark&X-Artifactory-projectKey=benchmark&X-Artifactory-originRepoType=remote&X-Artifactory-originRepositoryKey=benchmark-npm-remote&x-jf-traceId=040cb78cca7dd39f6897c81a3ee2c92c&X-Amz-Security-Token=IQoJb3JpZ2luX2VjEEMaCXVzLWVhc3QtMiJHMEUCIBu0Ams9MyYD7872S7zAT1BdZ0Kuj75MdewLas%2FRtjYSAiEA%2BuycA4I5mQ3%2Fc%2FMjnRp6AwgIlGBRq7NH1sBNek8VsDoqkgUIDBAAGgw3MjE4ODI2MTMwMzciDNFSvGYmIgv9QJ7K6CrvBFnDO%2BekYzw2oje3ZnH35oZtxIJLM%2FeBTKrAKPJoZViYCzSi2XCkg2Wvr317P6PrBOn%2BrH5d51HmKQgsT1ag7MAyyUNRb5LJksZ8miofU1R41PI1mxdLhdkJmbZoquhP8a5fbtoz%2BCKegfdMwU4vniJIykVhNanSLroQXV%2BnUWQ6AkbzcQDECgqwckQGYcuZRPFpX2X4zORX0YFyVhHrYmGHhN051YsdLpv112KXuTq5VpVDPY%2BU2MtLKmCLTyynF%2BBjX3DrgyeHO%2FBqmI%2BY6GV7BKbW%2F9suv3h%2Bj1yQeQM2VooWlT%2BSD1hi2rXmgFGA7z4GTjca3AWM7M6Xq0EGFSsEwhiPpG3Z0KJeksCR0TpQd9%2FHcTsZCkPQ8LREOsbpwz6frvWsu0tIzhSh9kQnKgy3NX5NkxlESpk834u2LjYxWFOQH%2F3Ab5SPLpH09xWv%2BOxQGjh6xMBeJCDwaRXDB5y9D%2BFeTw06fKZXpk6z%2FbCCdxJY1Jwi2OEIgH3vJVY%2FSdJL42zD8lRAPaMquKOErxxpdWmBumCf771pRVTfW1KuOeMVgyad6lTTSaF%2Fsj%2FAa14YpfQUU6Bc1Z%2B3Fr6I19qqLXAt%2BfYOUWj1fL7J8djU45UD%2F44OVyPUCW%2FF4VMUMHFocDRmxHC%2BTgedwAQ0Z2rbbRlV9kJYp2TRWjWWbheC3DJxkH06nIdsbGXVXMoVL%2BClqvSS1SaFEcrrKfJo5zPr0olamuTV%2BhxI5eaeddLAuO2oMNfcJrw1GGVhiZdqCl6c11kfZKI0KBQ2OAJao15UVx2fWqHUO3yzwEzwF7iPNDhGb9Rz2pNlb0eumtCFMLrAmNYGOpkBw1WTwTZCJqmS%2BAhVf%2BrDaplcVCCB%2BD9XKMnSKSRGSGDgnV0Dc%2BzVjR2PQgHXqqUook7YVnaQQBCVktD8OzqPN%2BKP4d%2Far6MNLlHNC1Rx%2Fduc3ayUpeqzgfxZC9qC6TSmGKnpAb3Vc%2F0%2Frz0khecwHNISNSX3Qyi6aTtt5JO3Q%2FjhVzbxAGcupXkbXleZVEqBDDO1mdwFTUHP&X-Amz-Algorithm=AWS4-HMAC-SHA256&X-Amz-Date=20261007T103656Z&X-Amz-SignedHeaders=host&X-Amz-Credential=ASIA2QE4OQUWWEGGOBMO%2F20261007%2Fus-east-2%2Fs3%2Faws4_request&X-Amz-Expires=30&X-Amz-Signature=27699ecbf414a032a57fba8529a62154d0cecc87210929104d78d14e1ed92f74 1955ms (cache miss)
npm http fetch GET 200 https://vltoss.jfrog.io/artifactory/api/npm/benchmark-npm-remote/@shikijs/core/-/core-3.23.0.tgz 1952ms (cache miss)
npm http fetch GET 200 https://vltoss.jfrog.io/artifactory/api/npm/benchmark-npm-remote/@capsizecss/unpack/-/unpack-4.0.1.tgz 1955ms (cache miss)
npm http fetch GET 200 https://vltoss.jfrog.io/artifactory/api/npm/benchmark-npm-remote/@rollup/pluginutils/-/pluginutils-5.4.0.tgz 1967ms (cache miss)
npm http fetch GET 200 https://vltoss.jfrog.io/artifactory/api/npm/benchmark-npm-remote/@img/colour/-/colour-1.1.0.tgz 1982ms (cache miss)
npm http fetch GET 200 https://vltoss.jfrog.io/artifactory/api/npm/benchmark-npm-remote/@babel/helper-validator-identifier/-/helper-validator-identifier-7.29.7.tgz 1982ms (cache miss)
npm http fetch GET 200 https://vltoss.jfrog.io/artifactory/api/npm/benchmark-npm-remote/@babel/helper-string-parser/-/helper-string-parser-7.29.7.tgz 1988ms (cache miss)
npm http fetch GET 200 https://vltoss.jfrog.io/artifactory/api/npm/benchmark-npm-remote/@astrojs/prism/-/prism-3.3.0.tgz 1997ms (cache miss)
npm http fetch GET 200 https://vltoss.jfrog.io/artifactory/api/npm/benchmark-npm-remote/micromark/-/micromark-4.0.3.tgz 2025ms (cache miss)
npm http fetch GET 200 https://vltoss.jfrog.io/artifactory/api/npm/benchmark-npm-remote/@astrojs/internal-helpers/-/internal-helpers-0.7.6.tgz 2021ms (cache miss)
npm http fetch GET 200 https://vltoss.jfrog.io/artifactory/api/npm/benchmark-npm-remote/strip-ansi/-/strip-ansi-6.0.1.tgz 2044ms (cache miss)
npm http fetch GET 200 https://vltoss.jfrog.io/artifactory/api/npm/benchmark-npm-remote/string-width/-/string-width-4.2.3.tgz 2064ms (cache miss)
npm http fetch GET 200 https://vltoss.jfrog.io/artifactory/api/npm/benchmark-npm-remote/ansi-regex/-/ansi-regex-5.0.1.tgz 2064ms (cache miss)
npm http fetch GET 200 https://vltoss.jfrog.io/artifactory/api/npm/benchmark-npm-remote/acorn/-/acorn-8.19.0.tgz 2075ms (cache miss)
npm http fetch GET 200 https://vltoss.jfrog.io/artifactory/api/npm/benchmark-npm-remote/esbuild/-/esbuild-0.25.12.tgz 2068ms (cache miss)
npm http fetch GET 200 https://vltoss.jfrog.io/artifactory/api/npm/benchmark-npm-remote/emoji-regex/-/emoji-regex-8.0.0.tgz 2069ms (cache miss)
npm http fetch GET 200 https://vltoss.jfrog.io/artifactory/api/npm/benchmark-npm-remote/@astrojs/telemetry/-/telemetry-3.3.0.tgz 2073ms (cache miss)
npm http fetch GET 200 https://vltoss.jfrog.io/artifactory/api/npm/benchmark-npm-remote/picomatch/-/picomatch-2.3.2.tgz 2101ms (cache miss)
npm http fetch GET 200 https://vltoss.jfrog.io/artifactory/api/npm/benchmark-npm-remote/@jridgewell/sourcemap-codec/-/sourcemap-codec-1.6.0.tgz 2105ms (cache miss)
npm http fetch GET 200 https://vltoss.jfrog.io/artifactory/api/npm/benchmark-npm-remote/css-what/-/css-what-7.0.0.tgz 2118ms (cache miss)
npm http fetch GET 200 https://jfrog-prod-use2-shared-ohio-main.s3.amazonaws.com/aol-a0eigilwc24ii/filestore/78/789421048d66ac1b33613169d6d18b9cc6e340ed?response-content-disposition=attachment%3Bfilename%3D%22engine-oniguruma-3.23.0.tgz%22&response-content-type=application%2Fx-gzip&X-Artifactory-username=darcy%40vlt.sh&X-Artifactory-repoType=local&X-Artifactory-repositoryKey=benchmark-npm-remote-cache&X-Artifactory-originPackageType=npm&X-Artifactory-packageType=npm&X-Artifactory-artifactPath=%40shikijs%2Fengine-oniguruma%2F-%2Fengine-oniguruma-3.23.0.tgz&X-Artifactory-originProjectKey=benchmark&X-Artifactory-projectKey=benchmark&X-Artifactory-originRepoType=remote&X-Artifactory-originRepositoryKey=benchmark-npm-remote&x-jf-traceId=1c2b5a237721636d0e0ae713b7712207&X-Amz-Security-Token=IQoJb3JpZ2luX2VjEEMaCXVzLWVhc3QtMiJHMEUCIBu0Ams9MyYD7872S7zAT1BdZ0Kuj75MdewLas%2FRtjYSAiEA%2BuycA4I5mQ3%2Fc%2FMjnRp6AwgIlGBRq7NH1sBNek8VsDoqkgUIDBAAGgw3MjE4ODI2MTMwMzciDNFSvGYmIgv9QJ7K6CrvBFnDO%2BekYzw2oje3ZnH35oZtxIJLM%2FeBTKrAKPJoZViYCzSi2XCkg2Wvr317P6PrBOn%2BrH5d51HmKQgsT1ag7MAyyUNRb5LJksZ8miofU1R41PI1mxdLhdkJmbZoquhP8a5fbtoz%2BCKegfdMwU4vniJIykVhNanSLroQXV%2BnUWQ6AkbzcQDECgqwckQGYcuZRPFpX2X4zORX0YFyVhHrYmGHhN051YsdLpv112KXuTq5VpVDPY%2BU2MtLKmCLTyynF%2BBjX3DrgyeHO%2FBqmI%2BY6GV7BKbW%2F9suv3h%2Bj1yQeQM2VooWlT%2BSD1hi2rXmgFGA7z4GTjca3AWM7M6Xq0EGFSsEwhiPpG3Z0KJeksCR0TpQd9%2FHcTsZCkPQ8LREOsbpwz6frvWsu0tIzhSh9kQnKgy3NX5NkxlESpk834u2LjYxWFOQH%2F3Ab5SPLpH09xWv%2BOxQGjh6xMBeJCDwaRXDB5y9D%2BFeTw06fKZXpk6z%2FbCCdxJY1Jwi2OEIgH3vJVY%2FSdJL42zD8lRAPaMquKOErxxpdWmBumCf771pRVTfW1KuOeMVgyad6lTTSaF%2Fsj%2FAa14YpfQUU6Bc1Z%2B3Fr6I19qqLXAt%2BfYOUWj1fL7J8djU45UD%2F44OVyPUCW%2FF4VMUMHFocDRmxHC%2BTgedwAQ0Z2rbbRlV9kJYp2TRWjWWbheC3DJxkH06nIdsbGXVXMoVL%2BClqvSS1SaFEcrrKfJo5zPr0olamuTV%2BhxI5eaeddLAuO2oMNfcJrw1GGVhiZdqCl6c11kfZKI0KBQ2OAJao15UVx2fWqHUO3yzwEzwF7iPNDhGb9Rz2pNlb0eumtCFMLrAmNYGOpkBw1WTwTZCJqmS%2BAhVf%2BrDaplcVCCB%2BD9XKMnSKSRGSGDgnV0Dc%2BzVjR2PQgHXqqUook7YVnaQQBCVktD8OzqPN%2BKP4d%2Far6MNLlHNC1Rx%2Fduc3ayUpeqzgfxZC9qC6TSmGKnpAb3Vc%2F0%2Frz0khecwHNISNSX3Qyi6aTtt5JO3Q%2FjhVzbxAGcupXkbXleZVEqBDDO1mdwFTUHP&X-Amz-Algorithm=AWS4-HMAC-SHA256&X-Amz-Date=20261007T103656Z&X-Amz-SignedHeaders=host&X-Amz-Credential=ASIA2QE4OQUWWEGGOBMO%2F20261007%2Fus-east-2%2Fs3%2Faws4_request&X-Amz-Expires=30&X-Amz-Signature=6e7b98e2624de64cf4265ed21551a3e4d6fa87d56b55e6a877d4ec951d4a7c95 2112ms (cache miss)
npm http fetch GET 200 https://vltoss.jfrog.io/artifactory/api/npm/benchmark-npm-remote/estree-walker/-/estree-walker-2.0.2.tgz 2135ms (cache miss)
npm http fetch GET 200 https://vltoss.jfrog.io/artifactory/api/npm/benchmark-npm-remote/@astrojs/markdown-remark/-/markdown-remark-6.3.11.tgz 2141ms (cache miss)
npm http fetch GET 200 https://vltoss.jfrog.io/artifactory/api/npm/benchmark-npm-remote/dom-serializer/-/dom-serializer-2.0.0.tgz 2146ms (cache miss)
npm http fetch GET 200 https://vltoss.jfrog.io/artifactory/api/npm/benchmark-npm-remote/mdast-util-to-hast/-/mdast-util-to-hast-13.2.1.tgz 2178ms (cache miss)
npm http fetch GET 200 https://vltoss.jfrog.io/artifactory/api/npm/benchmark-npm-remote/domutils/-/domutils-3.2.2.tgz 2169ms (cache miss)
npm http fetch GET 200 https://vltoss.jfrog.io/artifactory/api/npm/benchmark-npm-remote/crossws/-/crossws-0.3.5.tgz 2170ms (cache miss)
npm http fetch GET 200 https://vltoss.jfrog.io/artifactory/api/npm/benchmark-npm-remote/@img/sharp-linux-arm64/-/sharp-linux-arm64-0.34.5.tgz 2178ms (cache miss)
npm http fetch GET 200 https://vltoss.jfrog.io/artifactory/api/npm/benchmark-npm-remote/mdn-data/-/mdn-data-2.0.28.tgz 2196ms (cache miss)
npm http fetch GET 200 https://jfrog-prod-use2-shared-ohio-main.s3.amazonaws.com/aol-a0eigilwc24ii/filestore/e7/e7ee0a24f752c5296c6455855ccb72662e67ea96?response-content-disposition=attachment%3Bfilename%3D%22parser-7.29.9.tgz%22&response-content-type=application%2Fx-gzip&X-Artifactory-username=darcy%40vlt.sh&X-Artifactory-repoType=local&X-Artifactory-repositoryKey=benchmark-npm-remote-cache&X-Artifactory-originPackageType=npm&X-Artifactory-packageType=npm&X-Artifactory-artifactPath=%40babel%2Fparser%2F-%2Fparser-7.29.9.tgz&X-Artifactory-originProjectKey=benchmark&X-Artifactory-projectKey=benchmark&X-Artifactory-originRepoType=remote&X-Artifactory-originRepositoryKey=benchmark-npm-remote&x-jf-traceId=d1a2e2a0717306c2c8f1992b56787792&X-Amz-Security-Token=IQoJb3JpZ2luX2VjEEMaCXVzLWVhc3QtMiJHMEUCIBu0Ams9MyYD7872S7zAT1BdZ0Kuj75MdewLas%2FRtjYSAiEA%2BuycA4I5mQ3%2Fc%2FMjnRp6AwgIlGBRq7NH1sBNek8VsDoqkgUIDBAAGgw3MjE4ODI2MTMwMzciDNFSvGYmIgv9QJ7K6CrvBFnDO%2BekYzw2oje3ZnH35oZtxIJLM%2FeBTKrAKPJoZViYCzSi2XCkg2Wvr317P6PrBOn%2BrH5d51HmKQgsT1ag7MAyyUNRb5LJksZ8miofU1R41PI1mxdLhdkJmbZoquhP8a5fbtoz%2BCKegfdMwU4vniJIykVhNanSLroQXV%2BnUWQ6AkbzcQDECgqwckQGYcuZRPFpX2X4zORX0YFyVhHrYmGHhN051YsdLpv112KXuTq5VpVDPY%2BU2MtLKmCLTyynF%2BBjX3DrgyeHO%2FBqmI%2BY6GV7BKbW%2F9suv3h%2Bj1yQeQM2VooWlT%2BSD1hi2rXmgFGA7z4GTjca3AWM7M6Xq0EGFSsEwhiPpG3Z0KJeksCR0TpQd9%2FHcTsZCkPQ8LREOsbpwz6frvWsu0tIzhSh9kQnKgy3NX5NkxlESpk834u2LjYxWFOQH%2F3Ab5SPLpH09xWv%2BOxQGjh6xMBeJCDwaRXDB5y9D%2BFeTw06fKZXpk6z%2FbCCdxJY1Jwi2OEIgH3vJVY%2FSdJL42zD8lRAPaMquKOErxxpdWmBumCf771pRVTfW1KuOeMVgyad6lTTSaF%2Fsj%2FAa14YpfQUU6Bc1Z%2B3Fr6I19qqLXAt%2BfYOUWj1fL7J8djU45UD%2F44OVyPUCW%2FF4VMUMHFocDRmxHC%2BTgedwAQ0Z2rbbRlV9kJYp2TRWjWWbheC3DJxkH06nIdsbGXVXMoVL%2BClqvSS1SaFEcrrKfJo5zPr0olamuTV%2BhxI5eaeddLAuO2oMNfcJrw1GGVhiZdqCl6c11kfZKI0KBQ2OAJao15UVx2fWqHUO3yzwEzwF7iPNDhGb9Rz2pNlb0eumtCFMLrAmNYGOpkBw1WTwTZCJqmS%2BAhVf%2BrDaplcVCCB%2BD9XKMnSKSRGSGDgnV0Dc%2BzVjR2PQgHXqqUook7YVnaQQBCVktD8OzqPN%2BKP4d%2Far6MNLlHNC1Rx%2Fduc3ayUpeqzgfxZC9qC6TSmGKnpAb3Vc%2F0%2Frz0khecwHNISNSX3Qyi6aTtt5JO3Q%2FjhVzbxAGcupXkbXleZVEqBDDO1mdwFTUHP&X-Amz-Algorithm=AWS4-HMAC-SHA256&X-Amz-Date=20261007T103656Z&X-Amz-SignedHeaders=host&X-Amz-Credential=ASIA2QE4OQUWWEGGOBMO%2F20261007%2Fus-east-2%2Fs3%2Faws4_request&X-Amz-Expires=30&X-Amz-Signature=7e481e63b968317f8a1858c77e063c6941cdf42eb9c3512eb2f86ad2a35118b3 2282ms (cache miss)
npm http fetch GET 200 https://jfrog-prod-use2-shared-ohio-main.s3.amazonaws.com/aol-a0eigilwc24ii/filestore/c9/c977eb69640ef232a5e8236a5a327ed8c9d52853?response-content-disposition=attachment%3Bfilename%3D%22svgo-4.1.0.tgz%22&response-content-type=application%2Fx-gzip&X-Artifactory-username=darcy%40vlt.sh&X-Artifactory-repoType=local&X-Artifactory-repositoryKey=benchmark-npm-remote-cache&X-Artifactory-originPackageType=npm&X-Artifactory-packageType=npm&X-Artifactory-artifactPath=svgo%2F-%2Fsvgo-4.1.0.tgz&X-Artifactory-originProjectKey=benchmark&X-Artifactory-projectKey=benchmark&X-Artifactory-originRepoType=remote&X-Artifactory-originRepositoryKey=benchmark-npm-remote&x-jf-traceId=5335e611c8f33dc1cbb5ff0e01279663&X-Amz-Security-Token=IQoJb3JpZ2luX2VjEEMaCXVzLWVhc3QtMiJHMEUCIBu0Ams9MyYD7872S7zAT1BdZ0Kuj75MdewLas%2FRtjYSAiEA%2BuycA4I5mQ3%2Fc%2FMjnRp6AwgIlGBRq7NH1sBNek8VsDoqkgUIDBAAGgw3MjE4ODI2MTMwMzciDNFSvGYmIgv9QJ7K6CrvBFnDO%2BekYzw2oje3ZnH35oZtxIJLM%2FeBTKrAKPJoZViYCzSi2XCkg2Wvr317P6PrBOn%2BrH5d51HmKQgsT1ag7MAyyUNRb5LJksZ8miofU1R41PI1mxdLhdkJmbZoquhP8a5fbtoz%2BCKegfdMwU4vniJIykVhNanSLroQXV%2BnUWQ6AkbzcQDECgqwckQGYcuZRPFpX2X4zORX0YFyVhHrYmGHhN051YsdLpv112KXuTq5VpVDPY%2BU2MtLKmCLTyynF%2BBjX3DrgyeHO%2FBqmI%2BY6GV7BKbW%2F9suv3h%2Bj1yQeQM2VooWlT%2BSD1hi2rXmgFGA7z4GTjca3AWM7M6Xq0EGFSsEwhiPpG3Z0KJeksCR0TpQd9%2FHcTsZCkPQ8LREOsbpwz6frvWsu0tIzhSh9kQnKgy3NX5NkxlESpk834u2LjYxWFOQH%2F3Ab5SPLpH09xWv%2BOxQGjh6xMBeJCDwaRXDB5y9D%2BFeTw06fKZXpk6z%2FbCCdxJY1Jwi2OEIgH3vJVY%2FSdJL42zD8lRAPaMquKOErxxpdWmBumCf771pRVTfW1KuOeMVgyad6lTTSaF%2Fsj%2FAa14YpfQUU6Bc1Z%2B3Fr6I19qqLXAt%2BfYOUWj1fL7J8djU45UD%2F44OVyPUCW%2FF4VMUMHFocDRmxHC%2BTgedwAQ0Z2rbbRlV9kJYp2TRWjWWbheC3DJxkH06nIdsbGXVXMoVL%2BClqvSS1SaFEcrrKfJo5zPr0olamuTV%2BhxI5eaeddLAuO2oMNfcJrw1GGVhiZdqCl6c11kfZKI0KBQ2OAJao15UVx2fWqHUO3yzwEzwF7iPNDhGb9Rz2pNlb0eumtCFMLrAmNYGOpkBw1WTwTZCJqmS%2BAhVf%2BrDaplcVCCB%2BD9XKMnSKSRGSGDgnV0Dc%2BzVjR2PQgHXqqUook7YVnaQQBCVktD8OzqPN%2BKP4d%2Far6MNLlHNC1Rx%2Fduc3ayUpeqzgfxZC9qC6TSmGKnpAb3Vc%2F0%2Frz0khecwHNISNSX3Qyi6aTtt5JO3Q%2FjhVzbxAGcupXkbXleZVEqBDDO1mdwFTUHP&X-Amz-Algorithm=AWS4-HMAC-SHA256&X-Amz-Date=20261007T103655Z&X-Amz-SignedHeaders=host&X-Amz-Credential=ASIA2QE4OQUWWEGGOBMO%2F20261007%2Fus-east-2%2Fs3%2Faws4_request&X-Amz-Expires=30&X-Amz-Signature=6c08bffe98a2ec53459eda463684745aed9f232af0df149ca20907b6e9552d11 2381ms (cache miss)
npm http fetch GET 200 https://vltoss.jfrog.io/artifactory/api/npm/benchmark-npm-remote/micromark-core-commonmark/-/micromark-core-commonmark-2.0.4.tgz 2377ms (cache miss)
npm http fetch GET 200 https://jfrog-prod-use2-shared-ohio-main.s3.amazonaws.com/aol-a0eigilwc24ii/filestore/fa/fa7307648eec232e190638b78cd9958b41f1360c?response-content-disposition=attachment%3Bfilename%3D%22rollup-linux-arm64-gnu-4.64.1.tgz%22&response-content-type=application%2Fx-gzip&X-Artifactory-username=darcy%40vlt.sh&X-Artifactory-repoType=local&X-Artifactory-repositoryKey=benchmark-npm-remote-cache&X-Artifactory-originPackageType=npm&X-Artifactory-packageType=npm&X-Artifactory-artifactPath=%40rollup%2Frollup-linux-arm64-gnu%2F-%2Frollup-linux-arm64-gnu-4.64.1.tgz&X-Artifactory-originProjectKey=benchmark&X-Artifactory-projectKey=benchmark&X-Artifactory-originRepoType=remote&X-Artifactory-originRepositoryKey=benchmark-npm-remote&x-jf-traceId=5d45830a8a060ef6ff51107c0d922598&X-Amz-Security-Token=IQoJb3JpZ2luX2VjEEMaCXVzLWVhc3QtMiJHMEUCIBu0Ams9MyYD7872S7zAT1BdZ0Kuj75MdewLas%2FRtjYSAiEA%2BuycA4I5mQ3%2Fc%2FMjnRp6AwgIlGBRq7NH1sBNek8VsDoqkgUIDBAAGgw3MjE4ODI2MTMwMzciDNFSvGYmIgv9QJ7K6CrvBFnDO%2BekYzw2oje3ZnH35oZtxIJLM%2FeBTKrAKPJoZViYCzSi2XCkg2Wvr317P6PrBOn%2BrH5d51HmKQgsT1ag7MAyyUNRb5LJksZ8miofU1R41PI1mxdLhdkJmbZoquhP8a5fbtoz%2BCKegfdMwU4vniJIykVhNanSLroQXV%2BnUWQ6AkbzcQDECgqwckQGYcuZRPFpX2X4zORX0YFyVhHrYmGHhN051YsdLpv112KXuTq5VpVDPY%2BU2MtLKmCLTyynF%2BBjX3DrgyeHO%2FBqmI%2BY6GV7BKbW%2F9suv3h%2Bj1yQeQM2VooWlT%2BSD1hi2rXmgFGA7z4GTjca3AWM7M6Xq0EGFSsEwhiPpG3Z0KJeksCR0TpQd9%2FHcTsZCkPQ8LREOsbpwz6frvWsu0tIzhSh9kQnKgy3NX5NkxlESpk834u2LjYxWFOQH%2F3Ab5SPLpH09xWv%2BOxQGjh6xMBeJCDwaRXDB5y9D%2BFeTw06fKZXpk6z%2FbCCdxJY1Jwi2OEIgH3vJVY%2FSdJL42zD8lRAPaMquKOErxxpdWmBumCf771pRVTfW1KuOeMVgyad6lTTSaF%2Fsj%2FAa14YpfQUU6Bc1Z%2B3Fr6I19qqLXAt%2BfYOUWj1fL7J8djU45UD%2F44OVyPUCW%2FF4VMUMHFocDRmxHC%2BTgedwAQ0Z2rbbRlV9kJYp2TRWjWWbheC3DJxkH06nIdsbGXVXMoVL%2BClqvSS1SaFEcrrKfJo5zPr0olamuTV%2BhxI5eaeddLAuO2oMNfcJrw1GGVhiZdqCl6c11kfZKI0KBQ2OAJao15UVx2fWqHUO3yzwEzwF7iPNDhGb9Rz2pNlb0eumtCFMLrAmNYGOpkBw1WTwTZCJqmS%2BAhVf%2BrDaplcVCCB%2BD9XKMnSKSRGSGDgnV0Dc%2BzVjR2PQgHXqqUook7YVnaQQBCVktD8OzqPN%2BKP4d%2Far6MNLlHNC1Rx%2Fduc3ayUpeqzgfxZC9qC6TSmGKnpAb3Vc%2F0%2Frz0khecwHNISNSX3Qyi6aTtt5JO3Q%2FjhVzbxAGcupXkbXleZVEqBDDO1mdwFTUHP&X-Amz-Algorithm=AWS4-HMAC-SHA256&X-Amz-Date=20261007T103656Z&X-Amz-SignedHeaders=host&X-Amz-Credential=ASIA2QE4OQUWWEGGOBMO%2F20261007%2Fus-east-2%2Fs3%2Faws4_request&X-Amz-Expires=30&X-Amz-Signature=f4a6218f84e9d3a591f0c49e454f5618d694635767925920c7f39cf1b75890e8 2406ms (cache miss)
npm http fetch GET 200 https://vltoss.jfrog.io/artifactory/api/npm/benchmark-npm-remote/entities/-/entities-6.0.1.tgz 2475ms (cache miss)
npm http fetch GET 200 https://vltoss.jfrog.io/artifactory/api/npm/benchmark-npm-remote/oniguruma-parser/-/oniguruma-parser-0.12.2.tgz 2495ms (cache miss)
npm http fetch GET 200 https://vltoss.jfrog.io/artifactory/api/npm/benchmark-npm-remote/entities/-/entities-4.5.0.tgz 2505ms (cache miss)
npm http fetch GET 200 https://vltoss.jfrog.io/artifactory/api/npm/benchmark-npm-remote/csso/-/csso-5.0.5.tgz 2535ms (cache miss)
npm http fetch GET 200 https://vltoss.jfrog.io/artifactory/api/npm/benchmark-npm-remote/mdast-util-to-markdown/-/mdast-util-to-markdown-2.2.0.tgz 2571ms (cache miss)
npm http fetch GET 200 https://vltoss.jfrog.io/artifactory/api/npm/benchmark-npm-remote/@shikijs/themes/-/themes-3.23.0.tgz 2610ms (cache miss)
npm http fetch GET 200 https://vltoss.jfrog.io/artifactory/api/npm/benchmark-npm-remote/diff/-/diff-8.0.4.tgz 2642ms (cache miss)
npm http fetch GET 200 https://vltoss.jfrog.io/artifactory/api/npm/benchmark-npm-remote/css-select/-/css-select-6.0.0.tgz 2689ms (cache miss)
npm http fetch GET 200 https://jfrog-prod-use2-shared-ohio-main.s3.amazonaws.com/aol-a0eigilwc24ii/filestore/d3/d3cf26ed98e19d3d100cdbeb661ce7b856719ca7?response-content-disposition=attachment%3Bfilename%3D%22compiler-2.13.1.tgz%22&response-content-type=application%2Fx-gzip&X-Artifactory-username=darcy%40vlt.sh&X-Artifactory-repoType=local&X-Artifactory-repositoryKey=benchmark-npm-remote-cache&X-Artifactory-originPackageType=npm&X-Artifactory-packageType=npm&X-Artifactory-artifactPath=%40astrojs%2Fcompiler%2F-%2Fcompiler-2.13.1.tgz&X-Artifactory-originProjectKey=benchmark&X-Artifactory-projectKey=benchmark&X-Artifactory-originRepoType=remote&X-Artifactory-originRepositoryKey=benchmark-npm-remote&x-jf-traceId=74905d06913d8ebff812a02c2b944bcf&X-Amz-Security-Token=IQoJb3JpZ2luX2VjEEMaCXVzLWVhc3QtMiJHMEUCIBu0Ams9MyYD7872S7zAT1BdZ0Kuj75MdewLas%2FRtjYSAiEA%2BuycA4I5mQ3%2Fc%2FMjnRp6AwgIlGBRq7NH1sBNek8VsDoqkgUIDBAAGgw3MjE4ODI2MTMwMzciDNFSvGYmIgv9QJ7K6CrvBFnDO%2BekYzw2oje3ZnH35oZtxIJLM%2FeBTKrAKPJoZViYCzSi2XCkg2Wvr317P6PrBOn%2BrH5d51HmKQgsT1ag7MAyyUNRb5LJksZ8miofU1R41PI1mxdLhdkJmbZoquhP8a5fbtoz%2BCKegfdMwU4vniJIykVhNanSLroQXV%2BnUWQ6AkbzcQDECgqwckQGYcuZRPFpX2X4zORX0YFyVhHrYmGHhN051YsdLpv112KXuTq5VpVDPY%2BU2MtLKmCLTyynF%2BBjX3DrgyeHO%2FBqmI%2BY6GV7BKbW%2F9suv3h%2Bj1yQeQM2VooWlT%2BSD1hi2rXmgFGA7z4GTjca3AWM7M6Xq0EGFSsEwhiPpG3Z0KJeksCR0TpQd9%2FHcTsZCkPQ8LREOsbpwz6frvWsu0tIzhSh9kQnKgy3NX5NkxlESpk834u2LjYxWFOQH%2F3Ab5SPLpH09xWv%2BOxQGjh6xMBeJCDwaRXDB5y9D%2BFeTw06fKZXpk6z%2FbCCdxJY1Jwi2OEIgH3vJVY%2FSdJL42zD8lRAPaMquKOErxxpdWmBumCf771pRVTfW1KuOeMVgyad6lTTSaF%2Fsj%2FAa14YpfQUU6Bc1Z%2B3Fr6I19qqLXAt%2BfYOUWj1fL7J8djU45UD%2F44OVyPUCW%2FF4VMUMHFocDRmxHC%2BTgedwAQ0Z2rbbRlV9kJYp2TRWjWWbheC3DJxkH06nIdsbGXVXMoVL%2BClqvSS1SaFEcrrKfJo5zPr0olamuTV%2BhxI5eaeddLAuO2oMNfcJrw1GGVhiZdqCl6c11kfZKI0KBQ2OAJao15UVx2fWqHUO3yzwEzwF7iPNDhGb9Rz2pNlb0eumtCFMLrAmNYGOpkBw1WTwTZCJqmS%2BAhVf%2BrDaplcVCCB%2BD9XKMnSKSRGSGDgnV0Dc%2BzVjR2PQgHXqqUook7YVnaQQBCVktD8OzqPN%2BKP4d%2Far6MNLlHNC1Rx%2Fduc3ayUpeqzgfxZC9qC6TSmGKnpAb3Vc%2F0%2Frz0khecwHNISNSX3Qyi6aTtt5JO3Q%2FjhVzbxAGcupXkbXleZVEqBDDO1mdwFTUHP&X-Amz-Algorithm=AWS4-HMAC-SHA256&X-Amz-Date=20261007T103656Z&X-Amz-SignedHeaders=host&X-Amz-Credential=ASIA2QE4OQUWWEGGOBMO%2F20261007%2Fus-east-2%2Fs3%2Faws4_request&X-Amz-Expires=30&X-Amz-Signature=9ed4b66dbb34f64f7e7762054febdc5afe9e211831491cb56d98dd6a10251670 2690ms (cache miss)
npm http fetch GET 200 https://jfrog-prod-use2-shared-ohio-main.s3.amazonaws.com/aol-a0eigilwc24ii/filestore/b8/b8f6f6504384ae535c8e46f8403fd8075f011d46?response-content-disposition=attachment%3Bfilename%3D%22undici-8.11.2.tgz%22&response-content-type=application%2Fx-gzip&X-Artifactory-username=darcy%40vlt.sh&X-Artifactory-repoType=local&X-Artifactory-repositoryKey=benchmark-npm-remote-cache&X-Artifactory-originPackageType=npm&X-Artifactory-packageType=npm&X-Artifactory-artifactPath=undici%2F-%2Fundici-8.11.2.tgz&X-Artifactory-originProjectKey=benchmark&X-Artifactory-projectKey=benchmark&X-Artifactory-originRepoType=remote&X-Artifactory-originRepositoryKey=benchmark-npm-remote&x-jf-traceId=62cbb4ff5b7410bc31968663350a09e8&X-Amz-Security-Token=IQoJb3JpZ2luX2VjEEMaCXVzLWVhc3QtMiJHMEUCIBu0Ams9MyYD7872S7zAT1BdZ0Kuj75MdewLas%2FRtjYSAiEA%2BuycA4I5mQ3%2Fc%2FMjnRp6AwgIlGBRq7NH1sBNek8VsDoqkgUIDBAAGgw3MjE4ODI2MTMwMzciDNFSvGYmIgv9QJ7K6CrvBFnDO%2BekYzw2oje3ZnH35oZtxIJLM%2FeBTKrAKPJoZViYCzSi2XCkg2Wvr317P6PrBOn%2BrH5d51HmKQgsT1ag7MAyyUNRb5LJksZ8miofU1R41PI1mxdLhdkJmbZoquhP8a5fbtoz%2BCKegfdMwU4vniJIykVhNanSLroQXV%2BnUWQ6AkbzcQDECgqwckQGYcuZRPFpX2X4zORX0YFyVhHrYmGHhN051YsdLpv112KXuTq5VpVDPY%2BU2MtLKmCLTyynF%2BBjX3DrgyeHO%2FBqmI%2BY6GV7BKbW%2F9suv3h%2Bj1yQeQM2VooWlT%2BSD1hi2rXmgFGA7z4GTjca3AWM7M6Xq0EGFSsEwhiPpG3Z0KJeksCR0TpQd9%2FHcTsZCkPQ8LREOsbpwz6frvWsu0tIzhSh9kQnKgy3NX5NkxlESpk834u2LjYxWFOQH%2F3Ab5SPLpH09xWv%2BOxQGjh6xMBeJCDwaRXDB5y9D%2BFeTw06fKZXpk6z%2FbCCdxJY1Jwi2OEIgH3vJVY%2FSdJL42zD8lRAPaMquKOErxxpdWmBumCf771pRVTfW1KuOeMVgyad6lTTSaF%2Fsj%2FAa14YpfQUU6Bc1Z%2B3Fr6I19qqLXAt%2BfYOUWj1fL7J8djU45UD%2F44OVyPUCW%2FF4VMUMHFocDRmxHC%2BTgedwAQ0Z2rbbRlV9kJYp2TRWjWWbheC3DJxkH06nIdsbGXVXMoVL%2BClqvSS1SaFEcrrKfJo5zPr0olamuTV%2BhxI5eaeddLAuO2oMNfcJrw1GGVhiZdqCl6c11kfZKI0KBQ2OAJao15UVx2fWqHUO3yzwEzwF7iPNDhGb9Rz2pNlb0eumtCFMLrAmNYGOpkBw1WTwTZCJqmS%2BAhVf%2BrDaplcVCCB%2BD9XKMnSKSRGSGDgnV0Dc%2BzVjR2PQgHXqqUook7YVnaQQBCVktD8OzqPN%2BKP4d%2Far6MNLlHNC1Rx%2Fduc3ayUpeqzgfxZC9qC6TSmGKnpAb3Vc%2F0%2Frz0khecwHNISNSX3Qyi6aTtt5JO3Q%2FjhVzbxAGcupXkbXleZVEqBDDO1mdwFTUHP&X-Amz-Algorithm=AWS4-HMAC-SHA256&X-Amz-Date=20261007T103655Z&X-Amz-SignedHeaders=host&X-Amz-Credential=ASIA2QE4OQUWWEGGOBMO%2F20261007%2Fus-east-2%2Fs3%2Faws4_request&X-Amz-Expires=30&X-Amz-Signature=5436c04e64cec7b5a6084fa3ecae1bb00d5330c81fc310e56371a4438b9dd2b3 2759ms (cache miss)
npm http fetch GET 200 https://jfrog-prod-use2-shared-ohio-main.s3.amazonaws.com/aol-a0eigilwc24ii/filestore/a7/a7767b4034e35269562d2b9da2b185b5df70c421?response-content-disposition=attachment%3Bfilename%3D%22lru-cache-11.5.3.tgz%22&response-content-type=application%2Fx-gzip&X-Artifactory-username=darcy%40vlt.sh&X-Artifactory-repoType=local&X-Artifactory-repositoryKey=benchmark-npm-remote-cache&X-Artifactory-originPackageType=npm&X-Artifactory-packageType=npm&X-Artifactory-artifactPath=lru-cache%2F-%2Flru-cache-11.5.3.tgz&X-Artifactory-originProjectKey=benchmark&X-Artifactory-projectKey=benchmark&X-Artifactory-originRepoType=remote&X-Artifactory-originRepositoryKey=benchmark-npm-remote&x-jf-traceId=7b4de725041cf5aaf5d545aa26853b3c&X-Amz-Security-Token=IQoJb3JpZ2luX2VjEEMaCXVzLWVhc3QtMiJHMEUCIBu0Ams9MyYD7872S7zAT1BdZ0Kuj75MdewLas%2FRtjYSAiEA%2BuycA4I5mQ3%2Fc%2FMjnRp6AwgIlGBRq7NH1sBNek8VsDoqkgUIDBAAGgw3MjE4ODI2MTMwMzciDNFSvGYmIgv9QJ7K6CrvBFnDO%2BekYzw2oje3ZnH35oZtxIJLM%2FeBTKrAKPJoZViYCzSi2XCkg2Wvr317P6PrBOn%2BrH5d51HmKQgsT1ag7MAyyUNRb5LJksZ8miofU1R41PI1mxdLhdkJmbZoquhP8a5fbtoz%2BCKegfdMwU4vniJIykVhNanSLroQXV%2BnUWQ6AkbzcQDECgqwckQGYcuZRPFpX2X4zORX0YFyVhHrYmGHhN051YsdLpv112KXuTq5VpVDPY%2BU2MtLKmCLTyynF%2BBjX3DrgyeHO%2FBqmI%2BY6GV7BKbW%2F9suv3h%2Bj1yQeQM2VooWlT%2BSD1hi2rXmgFGA7z4GTjca3AWM7M6Xq0EGFSsEwhiPpG3Z0KJeksCR0TpQd9%2FHcTsZCkPQ8LREOsbpwz6frvWsu0tIzhSh9kQnKgy3NX5NkxlESpk834u2LjYxWFOQH%2F3Ab5SPLpH09xWv%2BOxQGjh6xMBeJCDwaRXDB5y9D%2BFeTw06fKZXpk6z%2FbCCdxJY1Jwi2OEIgH3vJVY%2FSdJL42zD8lRAPaMquKOErxxpdWmBumCf771pRVTfW1KuOeMVgyad6lTTSaF%2Fsj%2FAa14YpfQUU6Bc1Z%2B3Fr6I19qqLXAt%2BfYOUWj1fL7J8djU45UD%2F44OVyPUCW%2FF4VMUMHFocDRmxHC%2BTgedwAQ0Z2rbbRlV9kJYp2TRWjWWbheC3DJxkH06nIdsbGXVXMoVL%2BClqvSS1SaFEcrrKfJo5zPr0olamuTV%2BhxI5eaeddLAuO2oMNfcJrw1GGVhiZdqCl6c11kfZKI0KBQ2OAJao15UVx2fWqHUO3yzwEzwF7iPNDhGb9Rz2pNlb0eumtCFMLrAmNYGOpkBw1WTwTZCJqmS%2BAhVf%2BrDaplcVCCB%2BD9XKMnSKSRGSGDgnV0Dc%2BzVjR2PQgHXqqUook7YVnaQQBCVktD8OzqPN%2BKP4d%2Far6MNLlHNC1Rx%2Fduc3ayUpeqzgfxZC9qC6TSmGKnpAb3Vc%2F0%2Frz0khecwHNISNSX3Qyi6aTtt5JO3Q%2FjhVzbxAGcupXkbXleZVEqBDDO1mdwFTUHP&X-Amz-Algorithm=AWS4-HMAC-SHA256&X-Amz-Date=20261007T103656Z&X-Amz-SignedHeaders=host&X-Amz-Credential=ASIA2QE4OQUWWEGGOBMO%2F20261007%2Fus-east-2%2Fs3%2Faws4_request&X-Amz-Expires=30&X-Amz-Signature=f845548b3d4452ff19aa1fd07db4cd45ba09745b4587b32c66ddbecf209f8121 2790ms (cache miss)
npm http fetch GET 200 https://vltoss.jfrog.io/artifactory/api/npm/benchmark-npm-remote/axobject-query/-/axobject-query-4.1.0.tgz 2805ms (cache miss)
npm http fetch GET 200 https://jfrog-prod-use2-shared-ohio-main.s3.amazonaws.com/aol-a0eigilwc24ii/filestore/4f/4f5d1c27527d817b35684ae21419e57c2bda0966?response-content-disposition=attachment%3Bfilename%3D%22linux-arm64-0.27.7.tgz%22&response-content-type=application%2Fx-gzip&X-Artifactory-username=darcy%40vlt.sh&X-Artifactory-repoType=local&X-Artifactory-repositoryKey=benchmark-npm-remote-cache&X-Artifactory-originPackageType=npm&X-Artifactory-packageType=npm&X-Artifactory-artifactPath=%40esbuild%2Flinux-arm64%2F-%2Flinux-arm64-0.27.7.tgz&X-Artifactory-originProjectKey=benchmark&X-Artifactory-projectKey=benchmark&X-Artifactory-originRepoType=remote&X-Artifactory-originRepositoryKey=benchmark-npm-remote&x-jf-traceId=eb69eb3f0366745513e3009201cccfc6&X-Amz-Security-Token=IQoJb3JpZ2luX2VjEEMaCXVzLWVhc3QtMiJHMEUCIBu0Ams9MyYD7872S7zAT1BdZ0Kuj75MdewLas%2FRtjYSAiEA%2BuycA4I5mQ3%2Fc%2FMjnRp6AwgIlGBRq7NH1sBNek8VsDoqkgUIDBAAGgw3MjE4ODI2MTMwMzciDNFSvGYmIgv9QJ7K6CrvBFnDO%2BekYzw2oje3ZnH35oZtxIJLM%2FeBTKrAKPJoZViYCzSi2XCkg2Wvr317P6PrBOn%2BrH5d51HmKQgsT1ag7MAyyUNRb5LJksZ8miofU1R41PI1mxdLhdkJmbZoquhP8a5fbtoz%2BCKegfdMwU4vniJIykVhNanSLroQXV%2BnUWQ6AkbzcQDECgqwckQGYcuZRPFpX2X4zORX0YFyVhHrYmGHhN051YsdLpv112KXuTq5VpVDPY%2BU2MtLKmCLTyynF%2BBjX3DrgyeHO%2FBqmI%2BY6GV7BKbW%2F9suv3h%2Bj1yQeQM2VooWlT%2BSD1hi2rXmgFGA7z4GTjca3AWM7M6Xq0EGFSsEwhiPpG3Z0KJeksCR0TpQd9%2FHcTsZCkPQ8LREOsbpwz6frvWsu0tIzhSh9kQnKgy3NX5NkxlESpk834u2LjYxWFOQH%2F3Ab5SPLpH09xWv%2BOxQGjh6xMBeJCDwaRXDB5y9D%2BFeTw06fKZXpk6z%2FbCCdxJY1Jwi2OEIgH3vJVY%2FSdJL42zD8lRAPaMquKOErxxpdWmBumCf771pRVTfW1KuOeMVgyad6lTTSaF%2Fsj%2FAa14YpfQUU6Bc1Z%2B3Fr6I19qqLXAt%2BfYOUWj1fL7J8djU45UD%2F44OVyPUCW%2FF4VMUMHFocDRmxHC%2BTgedwAQ0Z2rbbRlV9kJYp2TRWjWWbheC3DJxkH06nIdsbGXVXMoVL%2BClqvSS1SaFEcrrKfJo5zPr0olamuTV%2BhxI5eaeddLAuO2oMNfcJrw1GGVhiZdqCl6c11kfZKI0KBQ2OAJao15UVx2fWqHUO3yzwEzwF7iPNDhGb9Rz2pNlb0eumtCFMLrAmNYGOpkBw1WTwTZCJqmS%2BAhVf%2BrDaplcVCCB%2BD9XKMnSKSRGSGDgnV0Dc%2BzVjR2PQgHXqqUook7YVnaQQBCVktD8OzqPN%2BKP4d%2Far6MNLlHNC1Rx%2Fduc3ayUpeqzgfxZC9qC6TSmGKnpAb3Vc%2F0%2Frz0khecwHNISNSX3Qyi6aTtt5JO3Q%2FjhVzbxAGcupXkbXleZVEqBDDO1mdwFTUHP&X-Amz-Algorithm=AWS4-HMAC-SHA256&X-Amz-Date=20261007T103656Z&X-Amz-SignedHeaders=host&X-Amz-Credential=ASIA2QE4OQUWWEGGOBMO%2F20261007%2Fus-east-2%2Fs3%2Faws4_request&X-Amz-Expires=30&X-Amz-Signature=948ca81f99764fba94b2efa28102e1b2450c939ac0488d3ece113d03e55d0172 2877ms (cache miss)
npm http fetch GET 200 https://jfrog-prod-use2-shared-ohio-main.s3.amazonaws.com/aol-a0eigilwc24ii/filestore/12/1229eef31d85156d70fa3f4cd859376d0eaf6863?response-content-disposition=attachment%3Bfilename%3D%22types-7.29.8.tgz%22&response-content-type=application%2Fx-gzip&X-Artifactory-username=darcy%40vlt.sh&X-Artifactory-repoType=local&X-Artifactory-repositoryKey=benchmark-npm-remote-cache&X-Artifactory-originPackageType=npm&X-Artifactory-packageType=npm&X-Artifactory-artifactPath=%40babel%2Ftypes%2F-%2Ftypes-7.29.8.tgz&X-Artifactory-originProjectKey=benchmark&X-Artifactory-projectKey=benchmark&X-Artifactory-originRepoType=remote&X-Artifactory-originRepositoryKey=benchmark-npm-remote&x-jf-traceId=8be782375c397640d32ccc35fc50c2a0&X-Amz-Security-Token=IQoJb3JpZ2luX2VjEEMaCXVzLWVhc3QtMiJHMEUCIBu0Ams9MyYD7872S7zAT1BdZ0Kuj75MdewLas%2FRtjYSAiEA%2BuycA4I5mQ3%2Fc%2FMjnRp6AwgIlGBRq7NH1sBNek8VsDoqkgUIDBAAGgw3MjE4ODI2MTMwMzciDNFSvGYmIgv9QJ7K6CrvBFnDO%2BekYzw2oje3ZnH35oZtxIJLM%2FeBTKrAKPJoZViYCzSi2XCkg2Wvr317P6PrBOn%2BrH5d51HmKQgsT1ag7MAyyUNRb5LJksZ8miofU1R41PI1mxdLhdkJmbZoquhP8a5fbtoz%2BCKegfdMwU4vniJIykVhNanSLroQXV%2BnUWQ6AkbzcQDECgqwckQGYcuZRPFpX2X4zORX0YFyVhHrYmGHhN051YsdLpv112KXuTq5VpVDPY%2BU2MtLKmCLTyynF%2BBjX3DrgyeHO%2FBqmI%2BY6GV7BKbW%2F9suv3h%2Bj1yQeQM2VooWlT%2BSD1hi2rXmgFGA7z4GTjca3AWM7M6Xq0EGFSsEwhiPpG3Z0KJeksCR0TpQd9%2FHcTsZCkPQ8LREOsbpwz6frvWsu0tIzhSh9kQnKgy3NX5NkxlESpk834u2LjYxWFOQH%2F3Ab5SPLpH09xWv%2BOxQGjh6xMBeJCDwaRXDB5y9D%2BFeTw06fKZXpk6z%2FbCCdxJY1Jwi2OEIgH3vJVY%2FSdJL42zD8lRAPaMquKOErxxpdWmBumCf771pRVTfW1KuOeMVgyad6lTTSaF%2Fsj%2FAa14YpfQUU6Bc1Z%2B3Fr6I19qqLXAt%2BfYOUWj1fL7J8djU45UD%2F44OVyPUCW%2FF4VMUMHFocDRmxHC%2BTgedwAQ0Z2rbbRlV9kJYp2TRWjWWbheC3DJxkH06nIdsbGXVXMoVL%2BClqvSS1SaFEcrrKfJo5zPr0olamuTV%2BhxI5eaeddLAuO2oMNfcJrw1GGVhiZdqCl6c11kfZKI0KBQ2OAJao15UVx2fWqHUO3yzwEzwF7iPNDhGb9Rz2pNlb0eumtCFMLrAmNYGOpkBw1WTwTZCJqmS%2BAhVf%2BrDaplcVCCB%2BD9XKMnSKSRGSGDgnV0Dc%2BzVjR2PQgHXqqUook7YVnaQQBCVktD8OzqPN%2BKP4d%2Far6MNLlHNC1Rx%2Fduc3ayUpeqzgfxZC9qC6TSmGKnpAb3Vc%2F0%2Frz0khecwHNISNSX3Qyi6aTtt5JO3Q%2FjhVzbxAGcupXkbXleZVEqBDDO1mdwFTUHP&X-Amz-Algorithm=AWS4-HMAC-SHA256&X-Amz-Date=20261007T103656Z&X-Amz-SignedHeaders=host&X-Amz-Credential=ASIA2QE4OQUWWEGGOBMO%2F20261007%2Fus-east-2%2Fs3%2Faws4_request&X-Amz-Expires=30&X-Amz-Signature=bf5ca8ed6856f5feea639ffc7c94b61897fe08b47500b4cdaab7cbb1b5fc414c 2980ms (cache miss)
npm http fetch GET 200 https://vltoss.jfrog.io/artifactory/api/npm/benchmark-npm-remote/aria-query/-/aria-query-5.3.2.tgz 3049ms (cache miss)
npm http fetch GET 200 https://jfrog-prod-use2-shared-ohio-main.s3.amazonaws.com/aol-a0eigilwc24ii/filestore/e1/e1066bce58394f1b1141deec8557a5f0a22f5977?response-content-disposition=attachment%3Bfilename%3D%22linux-arm64-0.25.12.tgz%22&response-content-type=application%2Fx-gzip&X-Artifactory-username=darcy%40vlt.sh&X-Artifactory-repoType=local&X-Artifactory-repositoryKey=benchmark-npm-remote-cache&X-Artifactory-originPackageType=npm&X-Artifactory-packageType=npm&X-Artifactory-artifactPath=%40esbuild%2Flinux-arm64%2F-%2Flinux-arm64-0.25.12.tgz&X-Artifactory-originProjectKey=benchmark&X-Artifactory-projectKey=benchmark&X-Artifactory-originRepoType=remote&X-Artifactory-originRepositoryKey=benchmark-npm-remote&x-jf-traceId=42890339402be27aaabbed31727e64e3&X-Amz-Security-Token=IQoJb3JpZ2luX2VjEEMaCXVzLWVhc3QtMiJHMEUCIBu0Ams9MyYD7872S7zAT1BdZ0Kuj75MdewLas%2FRtjYSAiEA%2BuycA4I5mQ3%2Fc%2FMjnRp6AwgIlGBRq7NH1sBNek8VsDoqkgUIDBAAGgw3MjE4ODI2MTMwMzciDNFSvGYmIgv9QJ7K6CrvBFnDO%2BekYzw2oje3ZnH35oZtxIJLM%2FeBTKrAKPJoZViYCzSi2XCkg2Wvr317P6PrBOn%2BrH5d51HmKQgsT1ag7MAyyUNRb5LJksZ8miofU1R41PI1mxdLhdkJmbZoquhP8a5fbtoz%2BCKegfdMwU4vniJIykVhNanSLroQXV%2BnUWQ6AkbzcQDECgqwckQGYcuZRPFpX2X4zORX0YFyVhHrYmGHhN051YsdLpv112KXuTq5VpVDPY%2BU2MtLKmCLTyynF%2BBjX3DrgyeHO%2FBqmI%2BY6GV7BKbW%2F9suv3h%2Bj1yQeQM2VooWlT%2BSD1hi2rXmgFGA7z4GTjca3AWM7M6Xq0EGFSsEwhiPpG3Z0KJeksCR0TpQd9%2FHcTsZCkPQ8LREOsbpwz6frvWsu0tIzhSh9kQnKgy3NX5NkxlESpk834u2LjYxWFOQH%2F3Ab5SPLpH09xWv%2BOxQGjh6xMBeJCDwaRXDB5y9D%2BFeTw06fKZXpk6z%2FbCCdxJY1Jwi2OEIgH3vJVY%2FSdJL42zD8lRAPaMquKOErxxpdWmBumCf771pRVTfW1KuOeMVgyad6lTTSaF%2Fsj%2FAa14YpfQUU6Bc1Z%2B3Fr6I19qqLXAt%2BfYOUWj1fL7J8djU45UD%2F44OVyPUCW%2FF4VMUMHFocDRmxHC%2BTgedwAQ0Z2rbbRlV9kJYp2TRWjWWbheC3DJxkH06nIdsbGXVXMoVL%2BClqvSS1SaFEcrrKfJo5zPr0olamuTV%2BhxI5eaeddLAuO2oMNfcJrw1GGVhiZdqCl6c11kfZKI0KBQ2OAJao15UVx2fWqHUO3yzwEzwF7iPNDhGb9Rz2pNlb0eumtCFMLrAmNYGOpkBw1WTwTZCJqmS%2BAhVf%2BrDaplcVCCB%2BD9XKMnSKSRGSGDgnV0Dc%2BzVjR2PQgHXqqUook7YVnaQQBCVktD8OzqPN%2BKP4d%2Far6MNLlHNC1Rx%2Fduc3ayUpeqzgfxZC9qC6TSmGKnpAb3Vc%2F0%2Frz0khecwHNISNSX3Qyi6aTtt5JO3Q%2FjhVzbxAGcupXkbXleZVEqBDDO1mdwFTUHP&X-Amz-Algorithm=AWS4-HMAC-SHA256&X-Amz-Date=20261007T103656Z&X-Amz-SignedHeaders=host&X-Amz-Credential=ASIA2QE4OQUWWEGGOBMO%2F20261007%2Fus-east-2%2Fs3%2Faws4_request&X-Amz-Expires=30&X-Amz-Signature=5869fc6aece124be740581c0c4e61e32497fa2572f3eefca8de40586adb70918 3063ms (cache miss)
npm http fetch GET 200 https://jfrog-prod-use2-shared-ohio-main.s3.amazonaws.com/aol-a0eigilwc24ii/filestore/b1/b1b288b36864b3bce545ad91fa6dadcf1a4ad318?response-content-disposition=attachment%3Bfilename%3D%22sharp-libvips-linux-arm64-1.2.4.tgz%22&response-content-type=application%2Fx-gzip&X-Artifactory-username=darcy%40vlt.sh&X-Artifactory-repoType=local&X-Artifactory-repositoryKey=benchmark-npm-remote-cache&X-Artifactory-originPackageType=npm&X-Artifactory-packageType=npm&X-Artifactory-artifactPath=%40img%2Fsharp-libvips-linux-arm64%2F-%2Fsharp-libvips-linux-arm64-1.2.4.tgz&X-Artifactory-originProjectKey=benchmark&X-Artifactory-projectKey=benchmark&X-Artifactory-originRepoType=remote&X-Artifactory-originRepositoryKey=benchmark-npm-remote&x-jf-traceId=cc09d1cab5e581eba9d7e0f6fb645f9d&X-Amz-Security-Token=IQoJb3JpZ2luX2VjEEMaCXVzLWVhc3QtMiJHMEUCIBu0Ams9MyYD7872S7zAT1BdZ0Kuj75MdewLas%2FRtjYSAiEA%2BuycA4I5mQ3%2Fc%2FMjnRp6AwgIlGBRq7NH1sBNek8VsDoqkgUIDBAAGgw3MjE4ODI2MTMwMzciDNFSvGYmIgv9QJ7K6CrvBFnDO%2BekYzw2oje3ZnH35oZtxIJLM%2FeBTKrAKPJoZViYCzSi2XCkg2Wvr317P6PrBOn%2BrH5d51HmKQgsT1ag7MAyyUNRb5LJksZ8miofU1R41PI1mxdLhdkJmbZoquhP8a5fbtoz%2BCKegfdMwU4vniJIykVhNanSLroQXV%2BnUWQ6AkbzcQDECgqwckQGYcuZRPFpX2X4zORX0YFyVhHrYmGHhN051YsdLpv112KXuTq5VpVDPY%2BU2MtLKmCLTyynF%2BBjX3DrgyeHO%2FBqmI%2BY6GV7BKbW%2F9suv3h%2Bj1yQeQM2VooWlT%2BSD1hi2rXmgFGA7z4GTjca3AWM7M6Xq0EGFSsEwhiPpG3Z0KJeksCR0TpQd9%2FHcTsZCkPQ8LREOsbpwz6frvWsu0tIzhSh9kQnKgy3NX5NkxlESpk834u2LjYxWFOQH%2F3Ab5SPLpH09xWv%2BOxQGjh6xMBeJCDwaRXDB5y9D%2BFeTw06fKZXpk6z%2FbCCdxJY1Jwi2OEIgH3vJVY%2FSdJL42zD8lRAPaMquKOErxxpdWmBumCf771pRVTfW1KuOeMVgyad6lTTSaF%2Fsj%2FAa14YpfQUU6Bc1Z%2B3Fr6I19qqLXAt%2BfYOUWj1fL7J8djU45UD%2F44OVyPUCW%2FF4VMUMHFocDRmxHC%2BTgedwAQ0Z2rbbRlV9kJYp2TRWjWWbheC3DJxkH06nIdsbGXVXMoVL%2BClqvSS1SaFEcrrKfJo5zPr0olamuTV%2BhxI5eaeddLAuO2oMNfcJrw1GGVhiZdqCl6c11kfZKI0KBQ2OAJao15UVx2fWqHUO3yzwEzwF7iPNDhGb9Rz2pNlb0eumtCFMLrAmNYGOpkBw1WTwTZCJqmS%2BAhVf%2BrDaplcVCCB%2BD9XKMnSKSRGSGDgnV0Dc%2BzVjR2PQgHXqqUook7YVnaQQBCVktD8OzqPN%2BKP4d%2Far6MNLlHNC1Rx%2Fduc3ayUpeqzgfxZC9qC6TSmGKnpAb3Vc%2F0%2Frz0khecwHNISNSX3Qyi6aTtt5JO3Q%2FjhVzbxAGcupXkbXleZVEqBDDO1mdwFTUHP&X-Amz-Algorithm=AWS4-HMAC-SHA256&X-Amz-Date=20261007T103656Z&X-Amz-SignedHeaders=host&X-Amz-Credential=ASIA2QE4OQUWWEGGOBMO%2F20261007%2Fus-east-2%2Fs3%2Faws4_request&X-Amz-Expires=30&X-Amz-Signature=a081d6780f1ead5dcdbc79ea19e5a67ed0c7831c7b45f30d88de319cce406673 3120ms (cache miss)
npm http fetch GET 200 https://jfrog-prod-use2-shared-ohio-main.s3.amazonaws.com/aol-a0eigilwc24ii/filestore/86/86cac7011561272b30e6b1e042ba6ce047aa7518?response-content-disposition=attachment%3Bfilename%3D%22css-tree-3.2.1.tgz%22&response-content-type=application%2Fx-gzip&X-Artifactory-username=darcy%40vlt.sh&X-Artifactory-repoType=local&X-Artifactory-repositoryKey=benchmark-npm-remote-cache&X-Artifactory-originPackageType=npm&X-Artifactory-packageType=npm&X-Artifactory-artifactPath=css-tree%2F-%2Fcss-tree-3.2.1.tgz&X-Artifactory-originProjectKey=benchmark&X-Artifactory-projectKey=benchmark&X-Artifactory-originRepoType=remote&X-Artifactory-originRepositoryKey=benchmark-npm-remote&x-jf-traceId=58e3a65866839af021c4aa98e630ddc4&X-Amz-Security-Token=IQoJb3JpZ2luX2VjEEMaCXVzLWVhc3QtMiJHMEUCIBu0Ams9MyYD7872S7zAT1BdZ0Kuj75MdewLas%2FRtjYSAiEA%2BuycA4I5mQ3%2Fc%2FMjnRp6AwgIlGBRq7NH1sBNek8VsDoqkgUIDBAAGgw3MjE4ODI2MTMwMzciDNFSvGYmIgv9QJ7K6CrvBFnDO%2BekYzw2oje3ZnH35oZtxIJLM%2FeBTKrAKPJoZViYCzSi2XCkg2Wvr317P6PrBOn%2BrH5d51HmKQgsT1ag7MAyyUNRb5LJksZ8miofU1R41PI1mxdLhdkJmbZoquhP8a5fbtoz%2BCKegfdMwU4vniJIykVhNanSLroQXV%2BnUWQ6AkbzcQDECgqwckQGYcuZRPFpX2X4zORX0YFyVhHrYmGHhN051YsdLpv112KXuTq5VpVDPY%2BU2MtLKmCLTyynF%2BBjX3DrgyeHO%2FBqmI%2BY6GV7BKbW%2F9suv3h%2Bj1yQeQM2VooWlT%2BSD1hi2rXmgFGA7z4GTjca3AWM7M6Xq0EGFSsEwhiPpG3Z0KJeksCR0TpQd9%2FHcTsZCkPQ8LREOsbpwz6frvWsu0tIzhSh9kQnKgy3NX5NkxlESpk834u2LjYxWFOQH%2F3Ab5SPLpH09xWv%2BOxQGjh6xMBeJCDwaRXDB5y9D%2BFeTw06fKZXpk6z%2FbCCdxJY1Jwi2OEIgH3vJVY%2FSdJL42zD8lRAPaMquKOErxxpdWmBumCf771pRVTfW1KuOeMVgyad6lTTSaF%2Fsj%2FAa14YpfQUU6Bc1Z%2B3Fr6I19qqLXAt%2BfYOUWj1fL7J8djU45UD%2F44OVyPUCW%2FF4VMUMHFocDRmxHC%2BTgedwAQ0Z2rbbRlV9kJYp2TRWjWWbheC3DJxkH06nIdsbGXVXMoVL%2BClqvSS1SaFEcrrKfJo5zPr0olamuTV%2BhxI5eaeddLAuO2oMNfcJrw1GGVhiZdqCl6c11kfZKI0KBQ2OAJao15UVx2fWqHUO3yzwEzwF7iPNDhGb9Rz2pNlb0eumtCFMLrAmNYGOpkBw1WTwTZCJqmS%2BAhVf%2BrDaplcVCCB%2BD9XKMnSKSRGSGDgnV0Dc%2BzVjR2PQgHXqqUook7YVnaQQBCVktD8OzqPN%2BKP4d%2Far6MNLlHNC1Rx%2Fduc3ayUpeqzgfxZC9qC6TSmGKnpAb3Vc%2F0%2Frz0khecwHNISNSX3Qyi6aTtt5JO3Q%2FjhVzbxAGcupXkbXleZVEqBDDO1mdwFTUHP&X-Amz-Algorithm=AWS4-HMAC-SHA256&X-Amz-Date=20261007T103656Z&X-Amz-SignedHeaders=host&X-Amz-Credential=ASIA2QE4OQUWWEGGOBMO%2F20261007%2Fus-east-2%2Fs3%2Faws4_request&X-Amz-Expires=30&X-Amz-Signature=ea5ffd7bf791e8c0e7c47cf5016e96f87e5d3246bfab6b8bf83e13f3563bcd0f 3160ms (cache miss)
npm http fetch GET 200 https://jfrog-prod-use2-shared-ohio-main.s3.amazonaws.com/aol-a0eigilwc24ii/filestore/5b/5b4f59e15310ab17a216f5d6cf53ee476ede670f?response-content-disposition=attachment%3Bfilename%3D%22typescript-5.9.3.tgz%22&response-content-type=application%2Fx-gzip&X-Artifactory-username=darcy%40vlt.sh&X-Artifactory-repoType=local&X-Artifactory-repositoryKey=benchmark-npm-remote-cache&X-Artifactory-originPackageType=npm&X-Artifactory-packageType=npm&X-Artifactory-artifactPath=typescript%2F-%2Ftypescript-5.9.3.tgz&X-Artifactory-originProjectKey=benchmark&X-Artifactory-projectKey=benchmark&X-Artifactory-originRepoType=remote&X-Artifactory-originRepositoryKey=benchmark-npm-remote&x-jf-traceId=b085129cf801d125f83da3e6668d1928&X-Amz-Security-Token=IQoJb3JpZ2luX2VjEEMaCXVzLWVhc3QtMiJHMEUCIBu0Ams9MyYD7872S7zAT1BdZ0Kuj75MdewLas%2FRtjYSAiEA%2BuycA4I5mQ3%2Fc%2FMjnRp6AwgIlGBRq7NH1sBNek8VsDoqkgUIDBAAGgw3MjE4ODI2MTMwMzciDNFSvGYmIgv9QJ7K6CrvBFnDO%2BekYzw2oje3ZnH35oZtxIJLM%2FeBTKrAKPJoZViYCzSi2XCkg2Wvr317P6PrBOn%2BrH5d51HmKQgsT1ag7MAyyUNRb5LJksZ8miofU1R41PI1mxdLhdkJmbZoquhP8a5fbtoz%2BCKegfdMwU4vniJIykVhNanSLroQXV%2BnUWQ6AkbzcQDECgqwckQGYcuZRPFpX2X4zORX0YFyVhHrYmGHhN051YsdLpv112KXuTq5VpVDPY%2BU2MtLKmCLTyynF%2BBjX3DrgyeHO%2FBqmI%2BY6GV7BKbW%2F9suv3h%2Bj1yQeQM2VooWlT%2BSD1hi2rXmgFGA7z4GTjca3AWM7M6Xq0EGFSsEwhiPpG3Z0KJeksCR0TpQd9%2FHcTsZCkPQ8LREOsbpwz6frvWsu0tIzhSh9kQnKgy3NX5NkxlESpk834u2LjYxWFOQH%2F3Ab5SPLpH09xWv%2BOxQGjh6xMBeJCDwaRXDB5y9D%2BFeTw06fKZXpk6z%2FbCCdxJY1Jwi2OEIgH3vJVY%2FSdJL42zD8lRAPaMquKOErxxpdWmBumCf771pRVTfW1KuOeMVgyad6lTTSaF%2Fsj%2FAa14YpfQUU6Bc1Z%2B3Fr6I19qqLXAt%2BfYOUWj1fL7J8djU45UD%2F44OVyPUCW%2FF4VMUMHFocDRmxHC%2BTgedwAQ0Z2rbbRlV9kJYp2TRWjWWbheC3DJxkH06nIdsbGXVXMoVL%2BClqvSS1SaFEcrrKfJo5zPr0olamuTV%2BhxI5eaeddLAuO2oMNfcJrw1GGVhiZdqCl6c11kfZKI0KBQ2OAJao15UVx2fWqHUO3yzwEzwF7iPNDhGb9Rz2pNlb0eumtCFMLrAmNYGOpkBw1WTwTZCJqmS%2BAhVf%2BrDaplcVCCB%2BD9XKMnSKSRGSGDgnV0Dc%2BzVjR2PQgHXqqUook7YVnaQQBCVktD8OzqPN%2BKP4d%2Far6MNLlHNC1Rx%2Fduc3ayUpeqzgfxZC9qC6TSmGKnpAb3Vc%2F0%2Frz0khecwHNISNSX3Qyi6aTtt5JO3Q%2FjhVzbxAGcupXkbXleZVEqBDDO1mdwFTUHP&X-Amz-Algorithm=AWS4-HMAC-SHA256&X-Amz-Date=20261007T103655Z&X-Amz-SignedHeaders=host&X-Amz-Credential=ASIA2QE4OQUWWEGGOBMO%2F20261007%2Fus-east-2%2Fs3%2Faws4_request&X-Amz-Expires=30&X-Amz-Signature=00b67a1ce50d240bb8b54dccd3424ac822c0be2fc04c24d8f28f2541e752d17a 3195ms (cache miss)
npm http fetch GET 200 https://jfrog-prod-use2-shared-ohio-main.s3.amazonaws.com/aol-a0eigilwc24ii/filestore/36/36115d382d60afd271e377f9c5f67d02bd48c032?response-content-disposition=attachment%3Bfilename%3D%22css-tree-2.2.1.tgz%22&response-content-type=application%2Fx-gzip&X-Artifactory-username=darcy%40vlt.sh&X-Artifactory-repoType=local&X-Artifactory-repositoryKey=benchmark-npm-remote-cache&X-Artifactory-originPackageType=npm&X-Artifactory-packageType=npm&X-Artifactory-artifactPath=css-tree%2F-%2Fcss-tree-2.2.1.tgz&X-Artifactory-originProjectKey=benchmark&X-Artifactory-projectKey=benchmark&X-Artifactory-originRepoType=remote&X-Artifactory-originRepositoryKey=benchmark-npm-remote&x-jf-traceId=b1d7416f888a1c810b68d8b721fbe06d&X-Amz-Security-Token=IQoJb3JpZ2luX2VjEEMaCXVzLWVhc3QtMiJHMEUCIBu0Ams9MyYD7872S7zAT1BdZ0Kuj75MdewLas%2FRtjYSAiEA%2BuycA4I5mQ3%2Fc%2FMjnRp6AwgIlGBRq7NH1sBNek8VsDoqkgUIDBAAGgw3MjE4ODI2MTMwMzciDNFSvGYmIgv9QJ7K6CrvBFnDO%2BekYzw2oje3ZnH35oZtxIJLM%2FeBTKrAKPJoZViYCzSi2XCkg2Wvr317P6PrBOn%2BrH5d51HmKQgsT1ag7MAyyUNRb5LJksZ8miofU1R41PI1mxdLhdkJmbZoquhP8a5fbtoz%2BCKegfdMwU4vniJIykVhNanSLroQXV%2BnUWQ6AkbzcQDECgqwckQGYcuZRPFpX2X4zORX0YFyVhHrYmGHhN051YsdLpv112KXuTq5VpVDPY%2BU2MtLKmCLTyynF%2BBjX3DrgyeHO%2FBqmI%2BY6GV7BKbW%2F9suv3h%2Bj1yQeQM2VooWlT%2BSD1hi2rXmgFGA7z4GTjca3AWM7M6Xq0EGFSsEwhiPpG3Z0KJeksCR0TpQd9%2FHcTsZCkPQ8LREOsbpwz6frvWsu0tIzhSh9kQnKgy3NX5NkxlESpk834u2LjYxWFOQH%2F3Ab5SPLpH09xWv%2BOxQGjh6xMBeJCDwaRXDB5y9D%2BFeTw06fKZXpk6z%2FbCCdxJY1Jwi2OEIgH3vJVY%2FSdJL42zD8lRAPaMquKOErxxpdWmBumCf771pRVTfW1KuOeMVgyad6lTTSaF%2Fsj%2FAa14YpfQUU6Bc1Z%2B3Fr6I19qqLXAt%2BfYOUWj1fL7J8djU45UD%2F44OVyPUCW%2FF4VMUMHFocDRmxHC%2BTgedwAQ0Z2rbbRlV9kJYp2TRWjWWbheC3DJxkH06nIdsbGXVXMoVL%2BClqvSS1SaFEcrrKfJo5zPr0olamuTV%2BhxI5eaeddLAuO2oMNfcJrw1GGVhiZdqCl6c11kfZKI0KBQ2OAJao15UVx2fWqHUO3yzwEzwF7iPNDhGb9Rz2pNlb0eumtCFMLrAmNYGOpkBw1WTwTZCJqmS%2BAhVf%2BrDaplcVCCB%2BD9XKMnSKSRGSGDgnV0Dc%2BzVjR2PQgHXqqUook7YVnaQQBCVktD8OzqPN%2BKP4d%2Far6MNLlHNC1Rx%2Fduc3ayUpeqzgfxZC9qC6TSmGKnpAb3Vc%2F0%2Frz0khecwHNISNSX3Qyi6aTtt5JO3Q%2FjhVzbxAGcupXkbXleZVEqBDDO1mdwFTUHP&X-Amz-Algorithm=AWS4-HMAC-SHA256&X-Amz-Date=20261007T103656Z&X-Amz-SignedHeaders=host&X-Amz-Credential=ASIA2QE4OQUWWEGGOBMO%2F20261007%2Fus-east-2%2Fs3%2Faws4_request&X-Amz-Expires=30&X-Amz-Signature=b90ade584c86f205f8ffbef08249d842f14b8a6a65f9bb78f6c82a96d6df20e6 3158ms (cache miss)
npm http fetch GET 200 https://jfrog-prod-use2-shared-ohio-main.s3.amazonaws.com/aol-a0eigilwc24ii/filestore/d9/d9709969d9d4e16403f6f348c63553b19f0975a9?response-content-disposition=attachment%3Bfilename%3D%22prismjs-1.30.0.tgz%22&response-content-type=application%2Fx-gzip&X-Artifactory-username=darcy%40vlt.sh&X-Artifactory-repoType=local&X-Artifactory-repositoryKey=benchmark-npm-remote-cache&X-Artifactory-originPackageType=npm&X-Artifactory-packageType=npm&X-Artifactory-artifactPath=prismjs%2F-%2Fprismjs-1.30.0.tgz&X-Artifactory-originProjectKey=benchmark&X-Artifactory-projectKey=benchmark&X-Artifactory-originRepoType=remote&X-Artifactory-originRepositoryKey=benchmark-npm-remote&x-jf-traceId=a65c0b461206c3a6a4fb87c21ea629b4&X-Amz-Security-Token=IQoJb3JpZ2luX2VjEEMaCXVzLWVhc3QtMiJHMEUCIBu0Ams9MyYD7872S7zAT1BdZ0Kuj75MdewLas%2FRtjYSAiEA%2BuycA4I5mQ3%2Fc%2FMjnRp6AwgIlGBRq7NH1sBNek8VsDoqkgUIDBAAGgw3MjE4ODI2MTMwMzciDNFSvGYmIgv9QJ7K6CrvBFnDO%2BekYzw2oje3ZnH35oZtxIJLM%2FeBTKrAKPJoZViYCzSi2XCkg2Wvr317P6PrBOn%2BrH5d51HmKQgsT1ag7MAyyUNRb5LJksZ8miofU1R41PI1mxdLhdkJmbZoquhP8a5fbtoz%2BCKegfdMwU4vniJIykVhNanSLroQXV%2BnUWQ6AkbzcQDECgqwckQGYcuZRPFpX2X4zORX0YFyVhHrYmGHhN051YsdLpv112KXuTq5VpVDPY%2BU2MtLKmCLTyynF%2BBjX3DrgyeHO%2FBqmI%2BY6GV7BKbW%2F9suv3h%2Bj1yQeQM2VooWlT%2BSD1hi2rXmgFGA7z4GTjca3AWM7M6Xq0EGFSsEwhiPpG3Z0KJeksCR0TpQd9%2FHcTsZCkPQ8LREOsbpwz6frvWsu0tIzhSh9kQnKgy3NX5NkxlESpk834u2LjYxWFOQH%2F3Ab5SPLpH09xWv%2BOxQGjh6xMBeJCDwaRXDB5y9D%2BFeTw06fKZXpk6z%2FbCCdxJY1Jwi2OEIgH3vJVY%2FSdJL42zD8lRAPaMquKOErxxpdWmBumCf771pRVTfW1KuOeMVgyad6lTTSaF%2Fsj%2FAa14YpfQUU6Bc1Z%2B3Fr6I19qqLXAt%2BfYOUWj1fL7J8djU45UD%2F44OVyPUCW%2FF4VMUMHFocDRmxHC%2BTgedwAQ0Z2rbbRlV9kJYp2TRWjWWbheC3DJxkH06nIdsbGXVXMoVL%2BClqvSS1SaFEcrrKfJo5zPr0olamuTV%2BhxI5eaeddLAuO2oMNfcJrw1GGVhiZdqCl6c11kfZKI0KBQ2OAJao15UVx2fWqHUO3yzwEzwF7iPNDhGb9Rz2pNlb0eumtCFMLrAmNYGOpkBw1WTwTZCJqmS%2BAhVf%2BrDaplcVCCB%2BD9XKMnSKSRGSGDgnV0Dc%2BzVjR2PQgHXqqUook7YVnaQQBCVktD8OzqPN%2BKP4d%2Far6MNLlHNC1Rx%2Fduc3ayUpeqzgfxZC9qC6TSmGKnpAb3Vc%2F0%2Frz0khecwHNISNSX3Qyi6aTtt5JO3Q%2FjhVzbxAGcupXkbXleZVEqBDDO1mdwFTUHP&X-Amz-Algorithm=AWS4-HMAC-SHA256&X-Amz-Date=20261007T103655Z&X-Amz-SignedHeaders=host&X-Amz-Credential=ASIA2QE4OQUWWEGGOBMO%2F20261007%2Fus-east-2%2Fs3%2Faws4_request&X-Amz-Expires=30&X-Amz-Signature=e2234387c0f32806f41317dd8441fde35ea98f6cc81ba725ff6f97e9b7146e89 3254ms (cache miss)
npm http fetch GET 200 https://jfrog-prod-use2-shared-ohio-main.s3.amazonaws.com/aol-a0eigilwc24ii/filestore/00/00959d8b16c7f671221ae79b3ad8cde7e6a5c112?response-content-disposition=attachment%3Bfilename%3D%22langs-3.23.0.tgz%22&response-content-type=application%2Fx-gzip&X-Artifactory-username=darcy%40vlt.sh&X-Artifactory-repoType=local&X-Artifactory-repositoryKey=benchmark-npm-remote-cache&X-Artifactory-originPackageType=npm&X-Artifactory-packageType=npm&X-Artifactory-artifactPath=%40shikijs%2Flangs%2F-%2Flangs-3.23.0.tgz&X-Artifactory-originProjectKey=benchmark&X-Artifactory-projectKey=benchmark&X-Artifactory-originRepoType=remote&X-Artifactory-originRepositoryKey=benchmark-npm-remote&x-jf-traceId=394e84b001f11614f7d12f45353c99a9&X-Amz-Security-Token=IQoJb3JpZ2luX2VjEEMaCXVzLWVhc3QtMiJHMEUCIBu0Ams9MyYD7872S7zAT1BdZ0Kuj75MdewLas%2FRtjYSAiEA%2BuycA4I5mQ3%2Fc%2FMjnRp6AwgIlGBRq7NH1sBNek8VsDoqkgUIDBAAGgw3MjE4ODI2MTMwMzciDNFSvGYmIgv9QJ7K6CrvBFnDO%2BekYzw2oje3ZnH35oZtxIJLM%2FeBTKrAKPJoZViYCzSi2XCkg2Wvr317P6PrBOn%2BrH5d51HmKQgsT1ag7MAyyUNRb5LJksZ8miofU1R41PI1mxdLhdkJmbZoquhP8a5fbtoz%2BCKegfdMwU4vniJIykVhNanSLroQXV%2BnUWQ6AkbzcQDECgqwckQGYcuZRPFpX2X4zORX0YFyVhHrYmGHhN051YsdLpv112KXuTq5VpVDPY%2BU2MtLKmCLTyynF%2BBjX3DrgyeHO%2FBqmI%2BY6GV7BKbW%2F9suv3h%2Bj1yQeQM2VooWlT%2BSD1hi2rXmgFGA7z4GTjca3AWM7M6Xq0EGFSsEwhiPpG3Z0KJeksCR0TpQd9%2FHcTsZCkPQ8LREOsbpwz6frvWsu0tIzhSh9kQnKgy3NX5NkxlESpk834u2LjYxWFOQH%2F3Ab5SPLpH09xWv%2BOxQGjh6xMBeJCDwaRXDB5y9D%2BFeTw06fKZXpk6z%2FbCCdxJY1Jwi2OEIgH3vJVY%2FSdJL42zD8lRAPaMquKOErxxpdWmBumCf771pRVTfW1KuOeMVgyad6lTTSaF%2Fsj%2FAa14YpfQUU6Bc1Z%2B3Fr6I19qqLXAt%2BfYOUWj1fL7J8djU45UD%2F44OVyPUCW%2FF4VMUMHFocDRmxHC%2BTgedwAQ0Z2rbbRlV9kJYp2TRWjWWbheC3DJxkH06nIdsbGXVXMoVL%2BClqvSS1SaFEcrrKfJo5zPr0olamuTV%2BhxI5eaeddLAuO2oMNfcJrw1GGVhiZdqCl6c11kfZKI0KBQ2OAJao15UVx2fWqHUO3yzwEzwF7iPNDhGb9Rz2pNlb0eumtCFMLrAmNYGOpkBw1WTwTZCJqmS%2BAhVf%2BrDaplcVCCB%2BD9XKMnSKSRGSGDgnV0Dc%2BzVjR2PQgHXqqUook7YVnaQQBCVktD8OzqPN%2BKP4d%2Far6MNLlHNC1Rx%2Fduc3ayUpeqzgfxZC9qC6TSmGKnpAb3Vc%2F0%2Frz0khecwHNISNSX3Qyi6aTtt5JO3Q%2FjhVzbxAGcupXkbXleZVEqBDDO1mdwFTUHP&X-Amz-Algorithm=AWS4-HMAC-SHA256&X-Amz-Date=20261007T103656Z&X-Amz-SignedHeaders=host&X-Amz-Credential=ASIA2QE4OQUWWEGGOBMO%2F20261007%2Fus-east-2%2Fs3%2Faws4_request&X-Amz-Expires=30&X-Amz-Signature=712a4cf5743337274b020666964036551578cf622c57681e810b98779699993d 3302ms (cache miss)
npm http fetch GET 200 https://jfrog-prod-use2-shared-ohio-main.s3.amazonaws.com/aol-a0eigilwc24ii/filestore/26/26841c3f6fd22a6a2760e7ccb719179768471e34?response-content-disposition=attachment%3Bfilename%3D%22zod-3.25.76.tgz%22&response-content-type=application%2Fx-gzip&X-Artifactory-username=darcy%40vlt.sh&X-Artifactory-repoType=local&X-Artifactory-repositoryKey=benchmark-npm-remote-cache&X-Artifactory-originPackageType=npm&X-Artifactory-packageType=npm&X-Artifactory-artifactPath=zod%2F-%2Fzod-3.25.76.tgz&X-Artifactory-originProjectKey=benchmark&X-Artifactory-projectKey=benchmark&X-Artifactory-originRepoType=remote&X-Artifactory-originRepositoryKey=benchmark-npm-remote&x-jf-traceId=4deb4428619663d080aa7d70460dcb5b&X-Amz-Security-Token=IQoJb3JpZ2luX2VjEEMaCXVzLWVhc3QtMiJHMEUCIBu0Ams9MyYD7872S7zAT1BdZ0Kuj75MdewLas%2FRtjYSAiEA%2BuycA4I5mQ3%2Fc%2FMjnRp6AwgIlGBRq7NH1sBNek8VsDoqkgUIDBAAGgw3MjE4ODI2MTMwMzciDNFSvGYmIgv9QJ7K6CrvBFnDO%2BekYzw2oje3ZnH35oZtxIJLM%2FeBTKrAKPJoZViYCzSi2XCkg2Wvr317P6PrBOn%2BrH5d51HmKQgsT1ag7MAyyUNRb5LJksZ8miofU1R41PI1mxdLhdkJmbZoquhP8a5fbtoz%2BCKegfdMwU4vniJIykVhNanSLroQXV%2BnUWQ6AkbzcQDECgqwckQGYcuZRPFpX2X4zORX0YFyVhHrYmGHhN051YsdLpv112KXuTq5VpVDPY%2BU2MtLKmCLTyynF%2BBjX3DrgyeHO%2FBqmI%2BY6GV7BKbW%2F9suv3h%2Bj1yQeQM2VooWlT%2BSD1hi2rXmgFGA7z4GTjca3AWM7M6Xq0EGFSsEwhiPpG3Z0KJeksCR0TpQd9%2FHcTsZCkPQ8LREOsbpwz6frvWsu0tIzhSh9kQnKgy3NX5NkxlESpk834u2LjYxWFOQH%2F3Ab5SPLpH09xWv%2BOxQGjh6xMBeJCDwaRXDB5y9D%2BFeTw06fKZXpk6z%2FbCCdxJY1Jwi2OEIgH3vJVY%2FSdJL42zD8lRAPaMquKOErxxpdWmBumCf771pRVTfW1KuOeMVgyad6lTTSaF%2Fsj%2FAa14YpfQUU6Bc1Z%2B3Fr6I19qqLXAt%2BfYOUWj1fL7J8djU45UD%2F44OVyPUCW%2FF4VMUMHFocDRmxHC%2BTgedwAQ0Z2rbbRlV9kJYp2TRWjWWbheC3DJxkH06nIdsbGXVXMoVL%2BClqvSS1SaFEcrrKfJo5zPr0olamuTV%2BhxI5eaeddLAuO2oMNfcJrw1GGVhiZdqCl6c11kfZKI0KBQ2OAJao15UVx2fWqHUO3yzwEzwF7iPNDhGb9Rz2pNlb0eumtCFMLrAmNYGOpkBw1WTwTZCJqmS%2BAhVf%2BrDaplcVCCB%2BD9XKMnSKSRGSGDgnV0Dc%2BzVjR2PQgHXqqUook7YVnaQQBCVktD8OzqPN%2BKP4d%2Far6MNLlHNC1Rx%2Fduc3ayUpeqzgfxZC9qC6TSmGKnpAb3Vc%2F0%2Frz0khecwHNISNSX3Qyi6aTtt5JO3Q%2FjhVzbxAGcupXkbXleZVEqBDDO1mdwFTUHP&X-Amz-Algorithm=AWS4-HMAC-SHA256&X-Amz-Date=20261007T103655Z&X-Amz-SignedHeaders=host&X-Amz-Credential=ASIA2QE4OQUWWEGGOBMO%2F20261007%2Fus-east-2%2Fs3%2Faws4_request&X-Amz-Expires=30&X-Amz-Signature=30b383e9439ef3272735a5d103cac14bdf617d918bdbc012301a54b473744094 3375ms (cache miss)
npm http fetch GET 200 https://vltoss.jfrog.io/artifactory/api/npm/benchmark-npm-remote/shiki/-/shiki-3.23.0.tgz 3392ms (cache miss)
npm http fetch GET 200 https://jfrog-prod-use2-shared-ohio-main.s3.amazonaws.com/aol-a0eigilwc24ii/filestore/8c/8c0ae11d1325fa8052bd25c431866bf921e4c9ad?response-content-disposition=attachment%3Bfilename%3D%22astro-5.18.2.tgz%22&response-content-type=application%2Fx-gzip&X-Artifactory-username=darcy%40vlt.sh&X-Artifactory-repoType=local&X-Artifactory-repositoryKey=benchmark-npm-remote-cache&X-Artifactory-originPackageType=npm&X-Artifactory-packageType=npm&X-Artifactory-artifactPath=astro%2F-%2Fastro-5.18.2.tgz&X-Artifactory-originProjectKey=benchmark&X-Artifactory-projectKey=benchmark&X-Artifactory-originRepoType=remote&X-Artifactory-originRepositoryKey=benchmark-npm-remote&x-jf-traceId=f09c04edf8401297ac05fbbea580869d&X-Amz-Security-Token=IQoJb3JpZ2luX2VjEEMaCXVzLWVhc3QtMiJHMEUCIBu0Ams9MyYD7872S7zAT1BdZ0Kuj75MdewLas%2FRtjYSAiEA%2BuycA4I5mQ3%2Fc%2FMjnRp6AwgIlGBRq7NH1sBNek8VsDoqkgUIDBAAGgw3MjE4ODI2MTMwMzciDNFSvGYmIgv9QJ7K6CrvBFnDO%2BekYzw2oje3ZnH35oZtxIJLM%2FeBTKrAKPJoZViYCzSi2XCkg2Wvr317P6PrBOn%2BrH5d51HmKQgsT1ag7MAyyUNRb5LJksZ8miofU1R41PI1mxdLhdkJmbZoquhP8a5fbtoz%2BCKegfdMwU4vniJIykVhNanSLroQXV%2BnUWQ6AkbzcQDECgqwckQGYcuZRPFpX2X4zORX0YFyVhHrYmGHhN051YsdLpv112KXuTq5VpVDPY%2BU2MtLKmCLTyynF%2BBjX3DrgyeHO%2FBqmI%2BY6GV7BKbW%2F9suv3h%2Bj1yQeQM2VooWlT%2BSD1hi2rXmgFGA7z4GTjca3AWM7M6Xq0EGFSsEwhiPpG3Z0KJeksCR0TpQd9%2FHcTsZCkPQ8LREOsbpwz6frvWsu0tIzhSh9kQnKgy3NX5NkxlESpk834u2LjYxWFOQH%2F3Ab5SPLpH09xWv%2BOxQGjh6xMBeJCDwaRXDB5y9D%2BFeTw06fKZXpk6z%2FbCCdxJY1Jwi2OEIgH3vJVY%2FSdJL42zD8lRAPaMquKOErxxpdWmBumCf771pRVTfW1KuOeMVgyad6lTTSaF%2Fsj%2FAa14YpfQUU6Bc1Z%2B3Fr6I19qqLXAt%2BfYOUWj1fL7J8djU45UD%2F44OVyPUCW%2FF4VMUMHFocDRmxHC%2BTgedwAQ0Z2rbbRlV9kJYp2TRWjWWbheC3DJxkH06nIdsbGXVXMoVL%2BClqvSS1SaFEcrrKfJo5zPr0olamuTV%2BhxI5eaeddLAuO2oMNfcJrw1GGVhiZdqCl6c11kfZKI0KBQ2OAJao15UVx2fWqHUO3yzwEzwF7iPNDhGb9Rz2pNlb0eumtCFMLrAmNYGOpkBw1WTwTZCJqmS%2BAhVf%2BrDaplcVCCB%2BD9XKMnSKSRGSGDgnV0Dc%2BzVjR2PQgHXqqUook7YVnaQQBCVktD8OzqPN%2BKP4d%2Far6MNLlHNC1Rx%2Fduc3ayUpeqzgfxZC9qC6TSmGKnpAb3Vc%2F0%2Frz0khecwHNISNSX3Qyi6aTtt5JO3Q%2FjhVzbxAGcupXkbXleZVEqBDDO1mdwFTUHP&X-Amz-Algorithm=AWS4-HMAC-SHA256&X-Amz-Date=20261007T103656Z&X-Amz-SignedHeaders=host&X-Amz-Credential=ASIA2QE4OQUWWEGGOBMO%2F20261007%2Fus-east-2%2Fs3%2Faws4_request&X-Amz-Expires=30&X-Amz-Signature=5aeb03f7a2c3519770c7f953a0749bd23287e1b5bb2563d19cd803c17d792774 3524ms (cache miss)

added 279 packages in 4s
