npm http fetch GET 200 https://registry.npmjs.org/astro 182ms (cache miss)
npm http fetch GET 200 https://registry.npmjs.org/dlv 42ms (cache miss)
npm http fetch GET 200 https://registry.npmjs.org/diff 29ms (cache miss)
npm http fetch GET 200 https://registry.npmjs.org/clsx 75ms (cache miss)
npm http fetch GET 200 https://registry.npmjs.org/svgo 35ms (cache miss)
npm http fetch GET 200 https://registry.npmjs.org/dset 42ms (cache miss)
npm http fetch GET 200 https://registry.npmjs.org/acorn 52ms (cache miss)
npm http fetch GET 200 https://registry.npmjs.org/zod 188ms (cache miss)
npm http fetch GET 200 https://registry.npmjs.org/boxen 41ms (cache miss)
npm http fetch GET 200 https://registry.npmjs.org/debug 27ms (cache miss)
npm http fetch GET 200 https://registry.npmjs.org/vfile 24ms (cache miss)
npm http fetch GET 200 https://registry.npmjs.org/shiki 53ms (cache miss)
npm http fetch GET 200 https://registry.npmjs.org/cookie 25ms (cache miss)
npm http fetch GET 200 https://registry.npmjs.org/cssesc 28ms (cache miss)
npm http fetch GET 200 https://registry.npmjs.org/rehype 32ms (cache miss)
npm http fetch GET 200 https://registry.npmjs.org/mrmime 56ms (cache miss)
npm http fetch GET 200 https://registry.npmjs.org/semver 50ms (cache miss)
npm http fetch GET 200 https://registry.npmjs.org/vitefu 42ms (cache miss)
npm http fetch GET 200 https://registry.npmjs.org/devalue 23ms (cache miss)
npm http fetch GET 200 https://registry.npmjs.org/ci-info 32ms (cache miss)
npm http fetch GET 200 https://registry.npmjs.org/flattie 38ms (cache miss)
npm http fetch GET 200 https://registry.npmjs.org/esbuild 65ms (cache miss)
npm http fetch GET 200 https://registry.npmjs.org/fontace 34ms (cache miss)
npm http fetch GET 200 https://registry.npmjs.org/js-yaml 36ms (cache miss)
npm http fetch GET 200 https://registry.npmjs.org/p-limit 37ms (cache miss)
npm http fetch GET 200 https://registry.npmjs.org/p-queue 26ms (cache miss)
npm http fetch GET 200 https://registry.npmjs.org/prompts 35ms (cache miss)
npm http fetch GET 200 https://registry.npmjs.org/unifont 24ms (cache miss)
npm http fetch GET 200 https://registry.npmjs.org/tinyexec 21ms (cache miss)
npm http fetch GET 200 https://registry.npmjs.org/magicast 35ms (cache miss)
npm http fetch GET 200 https://registry.npmjs.org/tsconfck 26ms (cache miss)
npm http fetch GET 200 https://registry.npmjs.org/piccolore 34ms (cache miss)
npm http fetch GET 200 https://registry.npmjs.org/picomatch 36ms (cache miss)
npm http fetch GET 200 https://registry.npmjs.org/smol-toml 41ms (cache miss)
npm http fetch GET 200 https://registry.npmjs.org/ultrahtml 24ms (cache miss)
npm http fetch GET 200 https://registry.npmjs.org/zod-to-ts 23ms (cache miss)
npm http fetch GET 200 https://registry.npmjs.org/unstorage 47ms (cache miss)
npm http fetch GET 200 https://registry.npmjs.org/aria-query 23ms (cache miss)
npm http fetch GET 200 https://registry.npmjs.org/neotraverse 34ms (cache miss)
npm http fetch GET 200 https://registry.npmjs.org/tinyglobby 42ms (cache miss)
npm http fetch GET 200 https://registry.npmjs.org/xxhash-wasm 21ms (cache miss)
npm http fetch GET 200 https://registry.npmjs.org/html-escaper 35ms (cache miss)
npm http fetch GET 200 https://registry.npmjs.org/magic-string 49ms (cache miss)
npm http fetch GET 200 https://registry.npmjs.org/yargs-parser 41ms (cache miss)
npm http fetch GET 200 https://registry.npmjs.org/estree-walker 32ms (cache miss)
npm http fetch GET 200 https://registry.npmjs.org/yocto-spinner 44ms (cache miss)
npm http fetch GET 200 https://registry.npmjs.org/axobject-query 54ms (cache miss)
npm http fetch GET 200 https://registry.npmjs.org/github-slugger 39ms (cache miss)
npm http fetch GET 200 https://registry.npmjs.org/es-module-lexer 47ms (cache miss)
npm http fetch GET 200 https://registry.npmjs.org/@oslojs%2fencoding 76ms (cache miss)
npm http fetch GET 200 https://registry.npmjs.org/unist-util-visit 52ms (cache miss)
npm http fetch GET 200 https://registry.npmjs.org/@astrojs%2fcompiler 109ms (cache miss)
npm http fetch GET 200 https://registry.npmjs.org/@astrojs%2ftelemetry 95ms (cache miss)
npm http fetch GET 200 https://registry.npmjs.org/zod-to-json-schema 49ms (cache miss)
npm http fetch GET 200 https://registry.npmjs.org/@capsizecss%2funpack 60ms (cache miss)
npm http fetch GET 200 https://registry.npmjs.org/@rollup%2fpluginutils 41ms (cache miss)
npm http fetch GET 200 https://registry.npmjs.org/import-meta-resolve 38ms (cache miss)
npm http fetch GET 200 https://registry.npmjs.org/common-ancestor-path 34ms (cache miss)
npm http fetch GET 200 https://registry.npmjs.org/http-cache-semantics 35ms (cache miss)
npm http fetch GET 200 https://registry.npmjs.org/package-manager-detector 31ms (cache miss)
npm http fetch GET 200 https://registry.npmjs.org/@astrojs%2fmarkdown-remark 48ms (cache miss)
npm http fetch GET 200 https://registry.npmjs.org/deterministic-object-hash 22ms (cache miss)
npm http fetch GET 200 https://registry.npmjs.org/vite 1234ms (cache miss)
npm http fetch GET 200 https://registry.npmjs.org/@astrojs%2finternal-helpers 161ms (cache miss)
npm http fetch GET 200 https://registry.npmjs.org/sharp 125ms (cache miss)
npm http fetch GET 200 https://registry.npmjs.org/typescript 212ms (cache miss)
npm http fetch GET 200 https://registry.npmjs.org/remark-gfm 26ms (cache miss)
npm http fetch GET 200 https://registry.npmjs.org/rehype-raw 32ms (cache miss)
npm http fetch GET 200 https://registry.npmjs.org/remark-parse 24ms (cache miss)
npm http fetch GET 200 https://registry.npmjs.org/unified 58ms (cache miss)
npm http fetch GET 200 https://registry.npmjs.org/remark-rehype 28ms (cache miss)
npm http fetch GET 200 https://registry.npmjs.org/rehype-stringify 37ms (cache miss)
npm http fetch GET 200 https://registry.npmjs.org/hast-util-to-text 36ms (cache miss)
npm http fetch GET 200 https://registry.npmjs.org/@astrojs%2fprism 64ms (cache miss)
npm http fetch GET 200 https://registry.npmjs.org/hast-util-from-html 24ms (cache miss)
npm http fetch GET 200 https://registry.npmjs.org/remark-smartypants 31ms (cache miss)
npm http fetch GET 200 https://registry.npmjs.org/mdast-util-definitions 21ms (cache miss)
npm http fetch GET 200 https://registry.npmjs.org/unist-util-visit-parents 29ms (cache miss)
npm http fetch GET 200 https://registry.npmjs.org/unist-util-remove-position 31ms (cache miss)
npm http fetch GET 200 https://registry.npmjs.org/is-wsl 23ms (cache miss)
npm http fetch GET 200 https://registry.npmjs.org/debug 42ms (cache revalidated)
npm http fetch GET 200 https://registry.npmjs.org/ci-info 30ms (cache revalidated)
npm http fetch GET 200 https://registry.npmjs.org/is-docker 23ms (cache miss)
npm http fetch GET 200 https://registry.npmjs.org/which-pm-runs 35ms (cache miss)
npm http fetch GET 200 https://registry.npmjs.org/fontkitten 37ms (cache miss)
npm http fetch GET 200 https://registry.npmjs.org/@types%2festree 29ms (cache miss)
npm http fetch GET 200 https://registry.npmjs.org/estree-walker 32ms (cache revalidated)
npm http fetch GET 200 https://registry.npmjs.org/chalk 27ms (cache miss)
npm http fetch GET 200 https://registry.npmjs.org/picomatch 34ms (cache revalidated)
npm http fetch GET 200 https://registry.npmjs.org/camelcase 33ms (cache miss)
npm http fetch GET 200 https://registry.npmjs.org/cli-boxes 29ms (cache miss)
npm http fetch GET 200 https://registry.npmjs.org/ansi-align 19ms (cache miss)
npm http fetch GET 200 https://registry.npmjs.org/wrap-ansi 24ms (cache miss)
npm http fetch GET 200 https://registry.npmjs.org/type-fest 63ms (cache miss)
npm http fetch GET 200 https://registry.npmjs.org/widest-line 24ms (cache miss)
npm http fetch GET 200 https://registry.npmjs.org/string-width 24ms (cache miss)
npm http fetch GET 200 https://registry.npmjs.org/base-64 20ms (cache miss)
npm http fetch GET 200 https://registry.npmjs.org/ms 34ms (cache miss)
npm http fetch GET 200 https://registry.npmjs.org/@esbuild%2faix-ppc64 61ms (cache miss)
npm http fetch GET 200 https://registry.npmjs.org/@esbuild%2flinux-arm 59ms (cache miss)
npm http fetch GET 200 https://registry.npmjs.org/@esbuild%2flinux-x64 56ms (cache miss)
npm http fetch GET 200 https://registry.npmjs.org/@esbuild%2fsunos-x64 34ms (cache miss)
npm http fetch GET 200 https://registry.npmjs.org/@esbuild%2fwin32-x64 39ms (cache miss)
npm http fetch GET 200 https://registry.npmjs.org/@esbuild%2fdarwin-x64 46ms (cache miss)
npm http fetch GET 200 https://registry.npmjs.org/@esbuild%2flinux-ia32 87ms (cache miss)
npm http fetch GET 200 https://registry.npmjs.org/@esbuild%2fnetbsd-x64 69ms (cache miss)
npm http fetch GET 200 https://registry.npmjs.org/@esbuild%2fwin32-ia32 59ms (cache miss)
npm http fetch GET 200 https://registry.npmjs.org/@esbuild%2fandroid-arm 37ms (cache miss)
npm http fetch GET 200 https://registry.npmjs.org/@esbuild%2fandroid-x64 45ms (cache miss)
npm http fetch GET 200 https://registry.npmjs.org/@esbuild%2ffreebsd-x64 53ms (cache miss)
npm http fetch GET 200 https://registry.npmjs.org/@esbuild%2flinux-ppc64 35ms (cache miss)
npm http fetch GET 200 https://registry.npmjs.org/@esbuild%2flinux-arm64 49ms (cache miss)
npm http fetch GET 200 https://registry.npmjs.org/@esbuild%2fopenbsd-x64 35ms (cache miss)
npm http fetch GET 200 https://registry.npmjs.org/@esbuild%2fwin32-arm64 53ms (cache miss)
npm http fetch GET 200 https://registry.npmjs.org/@esbuild%2flinux-s390x 86ms (cache miss)
npm http fetch GET 200 https://registry.npmjs.org/@esbuild%2fnetbsd-arm64 29ms (cache miss)
npm http fetch GET 200 https://registry.npmjs.org/@esbuild%2fdarwin-arm64 62ms (cache miss)
npm http fetch GET 200 https://registry.npmjs.org/@esbuild%2ffreebsd-arm64 38ms (cache miss)
npm http fetch GET 200 https://registry.npmjs.org/@esbuild%2fandroid-arm64 81ms (cache miss)
npm http fetch GET 200 https://registry.npmjs.org/@esbuild%2flinux-loong64 46ms (cache miss)
npm http fetch GET 200 https://registry.npmjs.org/@esbuild%2flinux-riscv64 37ms (cache miss)
npm http fetch GET 200 https://registry.npmjs.org/@esbuild%2flinux-mips64el 37ms (cache miss)
npm http fetch GET 200 https://registry.npmjs.org/@esbuild%2fopenbsd-arm64 43ms (cache miss)
npm http fetch GET 200 https://registry.npmjs.org/@esbuild%2fopenharmony-arm64 33ms (cache miss)
npm http fetch GET 200 https://registry.npmjs.org/fontkitten 37ms (cache revalidated)
npm http fetch GET 200 https://registry.npmjs.org/argparse 38ms (cache miss)
npm http fetch GET 200 https://registry.npmjs.org/@jridgewell%2fsourcemap-codec 35ms (cache miss)
npm http fetch GET 200 https://registry.npmjs.org/source-map-js 25ms (cache miss)
npm http fetch GET 200 https://registry.npmjs.org/@babel%2fparser 40ms (cache miss)
npm http fetch GET 200 https://registry.npmjs.org/@babel%2ftypes 53ms (cache miss)
npm http fetch GET 200 https://registry.npmjs.org/yocto-queue 21ms (cache miss)
npm http fetch GET 200 https://registry.npmjs.org/p-timeout 38ms (cache miss)
npm http fetch GET 200 https://registry.npmjs.org/kleur 28ms (cache miss)
npm http fetch GET 200 https://registry.npmjs.org/eventemitter3 36ms (cache miss)
npm http fetch GET 200 https://registry.npmjs.org/sisteransi 30ms (cache miss)
npm http fetch GET 200 https://registry.npmjs.org/@types%2fhast 30ms (cache miss)
npm http fetch GET 200 https://registry.npmjs.org/rehype-parse 33ms (cache miss)
npm http fetch GET 200 https://registry.npmjs.org/rehype-stringify 21ms (cache revalidated)
npm http fetch GET 200 https://registry.npmjs.org/unified 25ms (cache revalidated)
npm http fetch GET 200 https://registry.npmjs.org/detect-libc 30ms (cache miss)
npm http fetch GET 200 https://registry.npmjs.org/@img%2fcolour 47ms (cache miss)
npm http fetch GET 200 https://registry.npmjs.org/@img%2fsharp-wasm32 32ms (cache miss)
npm http fetch GET 200 https://registry.npmjs.org/@img%2fsharp-linux-arm 31ms (cache miss)
npm http fetch GET 200 https://registry.npmjs.org/@img%2fsharp-win32-x64 30ms (cache miss)
npm http fetch GET 200 https://registry.npmjs.org/@img%2fsharp-linux-x64 46ms (cache miss)
npm http fetch GET 200 https://registry.npmjs.org/@img%2fsharp-darwin-x64 37ms (cache miss)
npm http fetch GET 200 https://registry.npmjs.org/@img%2fsharp-win32-ia32 35ms (cache miss)
npm http fetch GET 200 https://registry.npmjs.org/@img%2fsharp-linux-arm64 46ms (cache miss)
npm http fetch GET 200 https://registry.npmjs.org/@img%2fsharp-linux-ppc64 33ms (cache miss)
npm http fetch GET 200 https://registry.npmjs.org/@img%2fsharp-linux-s390x 34ms (cache miss)
npm http fetch GET 200 https://registry.npmjs.org/@img%2fsharp-darwin-arm64 36ms (cache miss)
npm http fetch GET 200 https://registry.npmjs.org/@img%2fsharp-linux-riscv64 34ms (cache miss)
npm http fetch GET 200 https://registry.npmjs.org/@img%2fsharp-linuxmusl-arm64 41ms (cache miss)
npm http fetch GET 200 https://registry.npmjs.org/@img%2fsharp-win32-arm64 97ms (cache miss)
npm http fetch GET 200 https://registry.npmjs.org/@img%2fsharp-linuxmusl-x64 77ms (cache miss)
npm http fetch GET 200 https://registry.npmjs.org/@img%2fsharp-libvips-linux-arm 33ms (cache miss)
npm http fetch GET 200 https://registry.npmjs.org/@img%2fsharp-libvips-linux-x64 50ms (cache miss)
npm http fetch GET 200 https://registry.npmjs.org/@img%2fsharp-libvips-darwin-x64 33ms (cache miss)
npm http fetch GET 200 https://registry.npmjs.org/@img%2fsharp-libvips-linux-arm64 32ms (cache miss)
npm http fetch GET 200 https://registry.npmjs.org/@img%2fsharp-libvips-darwin-arm64 32ms (cache miss)
npm http fetch GET 200 https://registry.npmjs.org/@img%2fsharp-libvips-linux-ppc64 52ms (cache miss)
npm http fetch GET 200 https://registry.npmjs.org/@img%2fsharp-libvips-linux-s390x 58ms (cache miss)
npm http fetch GET 200 https://registry.npmjs.org/@img%2fsharp-libvips-linux-riscv64 31ms (cache miss)
npm http fetch GET 200 https://registry.npmjs.org/@img%2fsharp-libvips-linuxmusl-x64 43ms (cache miss)
npm http fetch GET 200 https://registry.npmjs.org/@types%2fhast 25ms (cache revalidated)
npm http fetch GET 200 https://registry.npmjs.org/@img%2fsharp-libvips-linuxmusl-arm64 55ms (cache miss)
npm http fetch GET 200 https://registry.npmjs.org/@shikijs%2flangs 42ms (cache miss)
npm http fetch GET 200 https://registry.npmjs.org/@shikijs%2fcore 61ms (cache miss)
npm http fetch GET 200 https://registry.npmjs.org/@shikijs%2ftypes 60ms (cache miss)
npm http fetch GET 200 https://registry.npmjs.org/@shikijs%2fthemes 38ms (cache miss)
npm http fetch GET 200 https://registry.npmjs.org/@shikijs%2fvscode-textmate 50ms (cache miss)
npm http fetch GET 200 https://registry.npmjs.org/@shikijs%2fengine-oniguruma 37ms (cache miss)
npm http fetch GET 200 https://registry.npmjs.org/sax 37ms (cache miss)
npm http fetch GET 200 https://registry.npmjs.org/@shikijs%2fengine-javascript 59ms (cache miss)
npm http fetch GET 200 https://registry.npmjs.org/csso 42ms (cache miss)
npm http fetch GET 200 https://registry.npmjs.org/css-tree 39ms (cache miss)
npm http fetch GET 200 https://registry.npmjs.org/css-what 40ms (cache miss)
npm http fetch GET 200 https://registry.npmjs.org/commander 35ms (cache miss)
npm http fetch GET 200 https://registry.npmjs.org/css-select 32ms (cache miss)
npm http fetch GET 200 https://registry.npmjs.org/fdir 23ms (cache miss)
npm http fetch GET 200 https://registry.npmjs.org/picocolors 40ms (cache miss)
npm http fetch GET 200 https://registry.npmjs.org/ohash 23ms (cache miss)
npm http fetch GET 200 https://registry.npmjs.org/css-tree 31ms (cache revalidated)
npm http fetch GET 200 https://registry.npmjs.org/undici 44ms (cache miss)
npm http fetch GET 200 https://registry.npmjs.org/@types%2funist 45ms (cache miss)
npm http fetch GET 200 https://registry.npmjs.org/unist-util-is 38ms (cache miss)
npm http fetch GET 200 https://registry.npmjs.org/unist-util-visit-parents 37ms (cache revalidated)
npm http fetch GET 200 https://registry.npmjs.org/ufo 40ms (cache miss)
npm http fetch GET 200 https://registry.npmjs.org/h3 54ms (cache miss)
npm http fetch GET 200 https://registry.npmjs.org/destr 36ms (cache miss)
npm http fetch GET 200 https://registry.npmjs.org/anymatch 22ms (cache miss)
npm http fetch GET 200 https://registry.npmjs.org/ofetch 34ms (cache miss)
npm http fetch GET 200 https://registry.npmjs.org/chokidar 27ms (cache miss)
npm http fetch GET 200 https://registry.npmjs.org/node-fetch-native 23ms (cache miss)
npm http fetch GET 200 https://registry.npmjs.org/lru-cache 34ms (cache miss)
npm http fetch GET 200 https://registry.npmjs.org/vfile-message 30ms (cache miss)
npm http fetch GET 200 https://registry.npmjs.org/fdir 25ms (cache revalidated)
npm http fetch GET 200 https://registry.npmjs.org/esbuild 35ms (cache revalidated)
npm http fetch GET 200 https://registry.npmjs.org/fsevents 43ms (cache miss)
npm http fetch GET 200 https://registry.npmjs.org/postcss 81ms (cache miss)
npm http fetch GET 200 https://registry.npmjs.org/rollup 116ms (cache miss)
npm http fetch GET 200 https://registry.npmjs.org/yoctocolors 64ms (cache miss)
npm http fetch GET 200 https://registry.npmjs.org/devlop 20ms (cache miss)
npm http fetch GET 200 https://registry.npmjs.org/prismjs 25ms (cache miss)
npm http fetch GET 200 https://registry.npmjs.org/hast-util-from-parse5 32ms (cache miss)
npm http fetch GET 200 https://registry.npmjs.org/parse5 19ms (cache miss)
npm http fetch GET 200 https://registry.npmjs.org/unist-util-find-after 33ms (cache miss)
npm http fetch GET 200 https://registry.npmjs.org/@types%2fmdast 27ms (cache miss)
npm http fetch GET 200 https://registry.npmjs.org/hast-util-is-element 48ms (cache miss)
npm http fetch GET 200 https://registry.npmjs.org/hast-util-to-html 33ms (cache miss)
npm http fetch GET 200 https://registry.npmjs.org/mdast-util-gfm 33ms (cache miss)
npm http fetch GET 200 https://registry.npmjs.org/hast-util-raw 43ms (cache miss)
npm http fetch GET 200 https://registry.npmjs.org/micromark-extension-gfm 28ms (cache miss)
npm http fetch GET 200 https://registry.npmjs.org/remark-stringify 38ms (cache miss)
npm http fetch GET 200 https://registry.npmjs.org/mdast-util-from-markdown 38ms (cache miss)
npm http fetch GET 200 https://registry.npmjs.org/micromark-util-types 21ms (cache miss)
npm http fetch GET 200 https://registry.npmjs.org/retext 27ms (cache miss)
npm http fetch GET 200 https://registry.npmjs.org/retext-smartypants 29ms (cache miss)
npm http fetch GET 200 https://registry.npmjs.org/mdast-util-to-hast 40ms (cache miss)
npm http fetch GET 200 https://registry.npmjs.org/bail 18ms (cache miss)
npm http fetch GET 200 https://registry.npmjs.org/devlop 28ms (cache revalidated)
npm http fetch GET 200 https://registry.npmjs.org/is-plain-obj 20ms (cache miss)
npm http fetch GET 200 https://registry.npmjs.org/extend 35ms (cache miss)
npm http fetch GET 200 https://registry.npmjs.org/trough 20ms (cache miss)
npm http fetch GET 200 https://registry.npmjs.org/is-inside-container 20ms (cache miss)
npm http fetch GET 200 https://registry.npmjs.org/tiny-inflate 33ms (cache miss)
npm http fetch GET 200 https://registry.npmjs.org/emoji-regex 22ms (cache miss)
npm http fetch GET 200 https://registry.npmjs.org/string-width 34ms (cache revalidated)
npm http fetch GET 200 https://registry.npmjs.org/strip-ansi 37ms (cache miss)
npm http fetch GET 200 https://registry.npmjs.org/get-east-asian-width 19ms (cache miss)
npm http fetch GET 200 https://registry.npmjs.org/strip-ansi 34ms (cache miss)
npm http fetch GET 200 https://registry.npmjs.org/ansi-styles 50ms (cache miss)
npm http fetch GET 200 https://registry.npmjs.org/emoji-regex 23ms (cache revalidated)
npm http fetch GET 200 https://registry.npmjs.org/is-fullwidth-code-point 25ms (cache miss)
npm http fetch GET 200 https://registry.npmjs.org/strip-ansi 34ms (cache revalidated)
npm http fetch GET 200 https://registry.npmjs.org/hastscript 24ms (cache miss)
npm http fetch GET 200 https://registry.npmjs.org/dequal 30ms (cache miss)
npm http fetch GET 200 https://registry.npmjs.org/@types%2funist 41ms (cache revalidated)
npm http fetch GET 200 https://registry.npmjs.org/property-information 28ms (cache miss)
npm http fetch GET 200 https://registry.npmjs.org/web-namespaces 30ms (cache miss)
npm http fetch GET 200 https://registry.npmjs.org/vfile-location 42ms (cache miss)
npm http fetch GET 200 https://registry.npmjs.org/entities 23ms (cache miss)
npm http fetch GET 200 https://registry.npmjs.org/unist-util-stringify-position 32ms (cache miss)
npm http fetch GET 200 https://registry.npmjs.org/comma-separated-tokens 21ms (cache miss)
npm http fetch GET 200 https://registry.npmjs.org/hast-util-parse-selector 25ms (cache miss)
npm http fetch GET 200 https://registry.npmjs.org/space-separated-tokens 34ms (cache miss)
npm http fetch GET 200 https://registry.npmjs.org/@babel%2fhelper-validator-identifier 33ms (cache miss)
npm http fetch GET 200 https://registry.npmjs.org/@babel%2fhelper-string-parser 38ms (cache miss)
npm http fetch GET 200 https://registry.npmjs.org/@babel%2ftypes 42ms (cache revalidated)
npm http fetch GET 200 https://registry.npmjs.org/html-void-elements 32ms (cache miss)
npm http fetch GET 200 https://registry.npmjs.org/@ungap%2fstructured-clone 37ms (cache miss)
npm http fetch GET 200 https://registry.npmjs.org/hast-util-to-parse5 40ms (cache miss)
npm http fetch GET 200 https://registry.npmjs.org/unist-util-position 30ms (cache miss)
npm http fetch GET 200 https://registry.npmjs.org/zwitch 29ms (cache miss)
npm http fetch GET 200 https://registry.npmjs.org/micromark-util-sanitize-uri 20ms (cache miss)
npm http fetch GET 200 https://registry.npmjs.org/trim-lines 27ms (cache miss)
npm http fetch GET 200 https://registry.npmjs.org/micromark-util-encode 28ms (cache miss)
npm http fetch GET 200 https://registry.npmjs.org/micromark-util-symbol 31ms (cache miss)
npm http fetch GET 200 https://registry.npmjs.org/micromark-util-character 38ms (cache miss)
npm http fetch GET 200 https://registry.npmjs.org/ccount 24ms (cache miss)
npm http fetch GET 200 https://registry.npmjs.org/stringify-entities 24ms (cache miss)
npm http fetch GET 200 https://registry.npmjs.org/hast-util-whitespace 32ms (cache miss)
npm http fetch GET 200 https://registry.npmjs.org/character-entities-legacy 22ms (cache miss)
npm http fetch GET 200 https://registry.npmjs.org/character-entities-html4 25ms (cache miss)
npm http fetch GET 200 https://registry.npmjs.org/mdast-util-gfm-strikethrough 25ms (cache miss)
npm http fetch GET 200 https://registry.npmjs.org/mdast-util-gfm-footnote 27ms (cache miss)
npm http fetch GET 200 https://registry.npmjs.org/mdast-util-gfm-autolink-literal 34ms (cache miss)
npm http fetch GET 200 https://registry.npmjs.org/mdast-util-gfm-task-list-item 26ms (cache miss)
npm http fetch GET 200 https://registry.npmjs.org/mdast-util-gfm-table 33ms (cache miss)
npm http fetch GET 200 https://registry.npmjs.org/mdast-util-to-markdown 35ms (cache miss)
npm http fetch GET 200 https://registry.npmjs.org/micromark-extension-gfm-footnote 22ms (cache miss)
npm http fetch GET 200 https://registry.npmjs.org/micromark-extension-gfm-autolink-literal 30ms (cache miss)
npm http fetch GET 200 https://registry.npmjs.org/micromark-extension-gfm-tagfilter 21ms (cache miss)
npm http fetch GET 200 https://registry.npmjs.org/micromark-extension-gfm-strikethrough 36ms (cache miss)
npm http fetch GET 200 https://registry.npmjs.org/micromark-extension-gfm-table 35ms (cache miss)
npm http fetch GET 200 https://registry.npmjs.org/micromark-extension-gfm-task-list-item 35ms (cache miss)
npm http fetch GET 200 https://registry.npmjs.org/micromark-util-combine-extensions 33ms (cache miss)
npm http fetch GET 200 https://registry.npmjs.org/decode-named-character-reference 22ms (cache miss)
npm http fetch GET 200 https://registry.npmjs.org/micromark 35ms (cache miss)
npm http fetch GET 200 https://registry.npmjs.org/micromark-util-decode-numeric-character-reference 20ms (cache miss)
npm http fetch GET 200 https://registry.npmjs.org/mdast-util-to-string 46ms (cache miss)
npm http fetch GET 200 https://registry.npmjs.org/micromark-util-decode-string 19ms (cache miss)
npm http fetch GET 200 https://registry.npmjs.org/micromark-util-normalize-identifier 20ms (cache miss)
npm http fetch GET 200 https://registry.npmjs.org/micromark-util-normalize-identifier 23ms (cache miss)
npm http fetch GET 200 https://registry.npmjs.org/mdast-util-find-and-replace 36ms (cache miss)
npm http fetch GET 200 https://registry.npmjs.org/markdown-table 30ms (cache miss)
npm http fetch GET 200 https://registry.npmjs.org/mdast-util-phrasing 28ms (cache miss)
npm http fetch GET 200 https://registry.npmjs.org/longest-streak 36ms (cache miss)
npm http fetch GET 200 https://registry.npmjs.org/micromark-util-html-tag-name 21ms (cache miss)
npm http fetch GET 200 https://registry.npmjs.org/micromark-util-classify-character 29ms (cache miss)
npm http fetch GET 200 https://registry.npmjs.org/character-entities 24ms (cache miss)
npm http fetch GET 200 https://registry.npmjs.org/@types%2fdebug 27ms (cache miss)
npm http fetch GET 200 https://registry.npmjs.org/micromark-util-chunked 31ms (cache miss)
npm http fetch GET 200 https://registry.npmjs.org/micromark-factory-space 23ms (cache miss)
npm http fetch GET 200 https://registry.npmjs.org/micromark-util-edit-map 23ms (cache miss)
npm http fetch GET 200 https://registry.npmjs.org/micromark-util-resolve-all 21ms (cache miss)
npm http fetch GET 200 https://registry.npmjs.org/micromark-core-commonmark 37ms (cache miss)
npm http fetch GET 200 https://registry.npmjs.org/micromark-util-subtokenize 23ms (cache miss)
npm http fetch GET 200 https://registry.npmjs.org/escape-string-regexp 31ms (cache miss)
npm http fetch GET 200 https://registry.npmjs.org/micromark-factory-label 20ms (cache miss)
npm http fetch GET 200 https://registry.npmjs.org/micromark-factory-space 33ms (cache revalidated)
npm http fetch GET 200 https://registry.npmjs.org/micromark-factory-title 22ms (cache miss)
npm http fetch GET 200 https://registry.npmjs.org/@types%2fms 49ms (cache miss)
npm http fetch GET 200 https://registry.npmjs.org/micromark-factory-destination 24ms (cache miss)
npm http fetch GET 200 https://registry.npmjs.org/micromark-factory-whitespace 35ms (cache miss)
npm http fetch GET 200 https://registry.npmjs.org/retext-stringify 27ms (cache miss)
npm http fetch GET 200 https://registry.npmjs.org/@types%2fnlcst 30ms (cache miss)
npm http fetch GET 200 https://registry.npmjs.org/retext-latin 35ms (cache miss)
npm http fetch GET 200 https://registry.npmjs.org/@types%2fnlcst 36ms (cache miss)
npm http fetch GET 200 https://registry.npmjs.org/nlcst-to-string 53ms (cache miss)
npm http fetch GET 200 https://registry.npmjs.org/parse-latin 39ms (cache miss)
npm http fetch GET 200 https://registry.npmjs.org/unist-util-visit-children 23ms (cache miss)
npm http fetch GET 200 https://registry.npmjs.org/unist-util-modify-children 24ms (cache miss)
npm http fetch GET 200 https://registry.npmjs.org/array-iterate 33ms (cache miss)
npm http fetch GET 200 https://registry.npmjs.org/@emnapi%2fruntime 54ms (cache miss)
npm http fetch GET 200 https://registry.npmjs.org/tslib 23ms (cache miss)
npm http fetch GET 200 https://registry.npmjs.org/oniguruma-to-es 34ms (cache miss)
npm http fetch GET 200 https://registry.npmjs.org/oniguruma-parser 26ms (cache miss)
npm http fetch GET 200 https://registry.npmjs.org/regex 27ms (cache miss)
npm http fetch GET 200 https://registry.npmjs.org/regex-recursion 31ms (cache miss)
npm http fetch GET 200 https://registry.npmjs.org/regex-utilities 21ms (cache miss)
npm http fetch GET 200 https://registry.npmjs.org/regex-utilities 27ms (cache miss)
npm http fetch GET 200 https://registry.npmjs.org/ansi-regex 36ms (cache miss)
npm http fetch GET 200 https://registry.npmjs.org/boolbase 23ms (cache miss)
npm http fetch GET 200 https://registry.npmjs.org/domutils 31ms (cache miss)
npm http fetch GET 200 https://registry.npmjs.org/nth-check 35ms (cache miss)
npm http fetch GET 200 https://registry.npmjs.org/domhandler 29ms (cache miss)
npm http fetch GET 200 https://registry.npmjs.org/mdn-data 25ms (cache miss)
npm http fetch GET 200 https://registry.npmjs.org/domelementtype 21ms (cache miss)
npm http fetch GET 200 https://registry.npmjs.org/dom-serializer 25ms (cache miss)
npm http fetch GET 200 https://registry.npmjs.org/domelementtype 28ms (cache miss)
npm http fetch GET 200 https://registry.npmjs.org/mdn-data 38ms (cache revalidated)
npm http fetch GET 200 https://registry.npmjs.org/entities 20ms (cache revalidated)
npm http fetch GET 200 https://registry.npmjs.org/readdirp 26ms (cache miss)
npm http fetch GET 200 https://registry.npmjs.org/defu 27ms (cache miss)
npm http fetch GET 200 https://registry.npmjs.org/normalize-path 32ms (cache miss)
npm http fetch GET 200 https://registry.npmjs.org/radix3 19ms (cache miss)
npm http fetch GET 200 https://registry.npmjs.org/uncrypto 27ms (cache miss)
npm http fetch GET 200 https://registry.npmjs.org/crossws 32ms (cache miss)
npm http fetch GET 200 https://registry.npmjs.org/cookie-es 20ms (cache miss)
npm http fetch GET 200 https://registry.npmjs.org/ufo 18ms (cache revalidated)
npm http fetch GET 200 https://registry.npmjs.org/iron-webcrypto 29ms (cache miss)
npm http fetch GET 200 https://registry.npmjs.org/node-mock-http 41ms (cache miss)
npm http fetch GET 200 https://registry.npmjs.org/@esbuild%2faix-ppc64 38ms (cache revalidated)
npm http fetch GET 200 https://registry.npmjs.org/@esbuild%2flinux-x64 50ms (cache revalidated)
npm http fetch GET 200 https://registry.npmjs.org/@esbuild%2flinux-arm 53ms (cache revalidated)
npm http fetch GET 200 https://registry.npmjs.org/@esbuild%2fsunos-x64 28ms (cache revalidated)
npm http fetch GET 200 https://registry.npmjs.org/@esbuild%2fwin32-x64 50ms (cache revalidated)
npm http fetch GET 200 https://registry.npmjs.org/@esbuild%2fdarwin-x64 52ms (cache revalidated)
npm http fetch GET 200 https://registry.npmjs.org/@esbuild%2flinux-ia32 51ms (cache revalidated)
npm http fetch GET 200 https://registry.npmjs.org/@esbuild%2fnetbsd-x64 28ms (cache revalidated)
npm http fetch GET 200 https://registry.npmjs.org/@esbuild%2fandroid-arm 28ms (cache revalidated)
npm http fetch GET 200 https://registry.npmjs.org/@esbuild%2fwin32-ia32 46ms (cache revalidated)
npm http fetch GET 200 https://registry.npmjs.org/@esbuild%2fandroid-x64 41ms (cache revalidated)
npm http fetch GET 200 https://registry.npmjs.org/@esbuild%2ffreebsd-x64 31ms (cache revalidated)
npm http fetch GET 200 https://registry.npmjs.org/@esbuild%2flinux-arm64 50ms (cache revalidated)
npm http fetch GET 200 https://registry.npmjs.org/@esbuild%2flinux-s390x 27ms (cache revalidated)
npm http fetch GET 200 https://registry.npmjs.org/@esbuild%2flinux-ppc64 38ms (cache revalidated)
npm http fetch GET 200 https://registry.npmjs.org/@esbuild%2fdarwin-arm64 31ms (cache revalidated)
npm http fetch GET 200 https://registry.npmjs.org/@esbuild%2fwin32-arm64 48ms (cache revalidated)
npm http fetch GET 200 https://registry.npmjs.org/@esbuild%2fopenbsd-x64 54ms (cache revalidated)
npm http fetch GET 200 https://registry.npmjs.org/@esbuild%2fandroid-arm64 31ms (cache revalidated)
npm http fetch GET 200 https://registry.npmjs.org/@esbuild%2fnetbsd-arm64 49ms (cache revalidated)
npm http fetch GET 200 https://registry.npmjs.org/@esbuild%2ffreebsd-arm64 47ms (cache revalidated)
npm http fetch GET 200 https://registry.npmjs.org/@esbuild%2flinux-loong64 29ms (cache revalidated)
npm http fetch GET 200 https://registry.npmjs.org/@esbuild%2flinux-riscv64 27ms (cache revalidated)
npm http fetch GET 200 https://registry.npmjs.org/@esbuild%2fopenbsd-arm64 42ms (cache revalidated)
npm http fetch GET 200 https://registry.npmjs.org/@esbuild%2fopenharmony-arm64 32ms (cache revalidated)
npm http fetch GET 200 https://registry.npmjs.org/@esbuild%2flinux-mips64el 49ms (cache revalidated)
npm http fetch GET 200 https://registry.npmjs.org/nanoid 39ms (cache miss)
npm http fetch GET 200 https://registry.npmjs.org/@rollup%2frollup-freebsd-x64 42ms (cache miss)
npm http fetch GET 200 https://registry.npmjs.org/@rollup%2frollup-darwin-x64 62ms (cache miss)
npm http fetch GET 200 https://registry.npmjs.org/@rollup%2frollup-openbsd-x64 51ms (cache miss)
npm http fetch GET 200 https://registry.npmjs.org/@napi-rs%2flzma-linux-x64-gnu 33ms (cache miss)
npm http fetch GET 200 https://registry.npmjs.org/@rollup%2frollup-darwin-arm64 40ms (cache miss)
npm http fetch GET 200 https://registry.npmjs.org/@rollup%2frollup-freebsd-arm64 35ms (cache miss)
npm http fetch GET 200 https://registry.npmjs.org/@rollup%2frollup-linux-x64-gnu 34ms (cache miss)
npm http fetch GET 200 https://registry.npmjs.org/@rollup%2frollup-android-arm64 58ms (cache miss)
npm http fetch GET 200 https://registry.npmjs.org/@rollup%2frollup-win32-x64-gnu 28ms (cache miss)
npm http fetch GET 200 https://registry.npmjs.org/@rollup%2frollup-linux-arm64-gnu 38ms (cache miss)
npm http fetch GET 200 https://registry.npmjs.org/@rollup%2frollup-win32-x64-msvc 60ms (cache miss)
npm http fetch GET 200 https://registry.npmjs.org/@rollup%2frollup-linux-x64-musl 70ms (cache miss)
npm http fetch GET 200 https://registry.npmjs.org/@rollup%2frollup-linux-ppc64-gnu 52ms (cache miss)
npm http fetch GET 200 https://registry.npmjs.org/@rollup%2frollup-win32-ia32-msvc 42ms (cache miss)
npm http fetch GET 200 https://registry.npmjs.org/@rollup%2frollup-linux-s390x-gnu 53ms (cache miss)
npm http fetch GET 200 https://registry.npmjs.org/@rollup%2frollup-android-arm-eabi 41ms (cache miss)
npm http fetch GET 200 https://registry.npmjs.org/@rollup%2frollup-linux-ppc64-musl 49ms (cache miss)
npm http fetch GET 200 https://registry.npmjs.org/@rollup%2frollup-win32-arm64-msvc 39ms (cache miss)
npm http fetch GET 200 https://registry.npmjs.org/@rollup%2frollup-linux-arm64-musl 93ms (cache miss)
npm http fetch GET 200 https://registry.npmjs.org/@rollup%2frollup-linux-riscv64-gnu 37ms (cache miss)
npm http fetch GET 200 https://registry.npmjs.org/@rollup%2frollup-linux-loong64-gnu 72ms (cache miss)
npm http fetch GET 200 https://registry.npmjs.org/@rollup%2frollup-openharmony-arm64 36ms (cache miss)
npm http fetch GET 200 https://registry.npmjs.org/@rollup%2frollup-linux-loong64-musl 29ms (cache miss)
npm http fetch GET 200 https://registry.npmjs.org/@rollup%2frollup-linux-arm-gnueabihf 44ms (cache miss)
npm http fetch GET 200 https://registry.npmjs.org/@rollup%2frollup-linux-riscv64-musl 61ms (cache miss)
npm http fetch GET 200 https://registry.npmjs.org/@rollup%2frollup-linux-arm-musleabihf 50ms (cache miss)
npm http fetch GET 200 https://registry.npmjs.org/ansi-regex 24ms (cache revalidated)
npm http fetch GET 200 https://registry.npmjs.org/ansi-styles/-/ansi-styles-6.2.3.tgz 207ms (cache miss)
npm http fetch GET 200 https://registry.npmjs.org/yoctocolors/-/yoctocolors-2.2.0.tgz 209ms (cache miss)
npm http fetch GET 200 https://registry.npmjs.org/is-fullwidth-code-point/-/is-fullwidth-code-point-3.0.0.tgz 208ms (cache miss)
npm http fetch GET 200 https://registry.npmjs.org/normalize-path/-/normalize-path-3.0.0.tgz 213ms (cache miss)
npm http fetch GET 200 https://registry.npmjs.org/ufo/-/ufo-1.6.4.tgz 248ms (cache miss)
npm http fetch GET 200 https://registry.npmjs.org/radix3/-/radix3-1.1.2.tgz 350ms (cache miss)
npm http fetch GET 200 https://registry.npmjs.org/defu/-/defu-6.1.7.tgz 381ms (cache miss)
npm http fetch GET 200 https://registry.npmjs.org/destr/-/destr-2.0.5.tgz 380ms (cache miss)
npm http fetch GET 200 https://registry.npmjs.org/array-iterate/-/array-iterate-2.0.1.tgz 395ms (cache miss)
npm http fetch GET 200 https://registry.npmjs.org/bail/-/bail-2.0.2.tgz 394ms (cache miss)
npm http fetch GET 200 https://registry.npmjs.org/cookie-es/-/cookie-es-1.2.3.tgz 409ms (cache miss)
npm http fetch GET 200 https://registry.npmjs.org/chokidar/-/chokidar-5.0.0.tgz 417ms (cache miss)
npm http fetch GET 200 https://registry.npmjs.org/uncrypto/-/uncrypto-0.1.3.tgz 419ms (cache miss)
npm http fetch GET 200 https://registry.npmjs.org/domelementtype/-/domelementtype-2.3.0.tgz 416ms (cache miss)
npm http fetch GET 200 https://registry.npmjs.org/readdirp/-/readdirp-5.1.1.tgz 429ms (cache miss)
npm http fetch GET 200 https://registry.npmjs.org/extend/-/extend-3.0.2.tgz 426ms (cache miss)
npm http fetch GET 200 https://registry.npmjs.org/is-plain-obj/-/is-plain-obj-4.1.0.tgz 435ms (cache miss)
npm http fetch GET 200 https://registry.npmjs.org/domhandler/-/domhandler-5.0.3.tgz 435ms (cache miss)
npm http fetch GET 200 https://registry.npmjs.org/dom-serializer/-/dom-serializer-2.0.0.tgz 442ms (cache miss)
npm http fetch GET 200 https://registry.npmjs.org/sax/-/sax-1.6.1.tgz 468ms (cache miss)
npm http fetch GET 200 https://registry.npmjs.org/character-entities-legacy/-/character-entities-legacy-3.0.0.tgz 476ms (cache miss)
npm http fetch GET 200 https://registry.npmjs.org/ofetch/-/ofetch-1.5.1.tgz 489ms (cache miss)
npm http fetch GET 200 https://registry.npmjs.org/trough/-/trough-2.2.0.tgz 489ms (cache miss)
npm http fetch GET 200 https://registry.npmjs.org/character-entities-html4/-/character-entities-html4-2.1.0.tgz 486ms (cache miss)
npm http fetch GET 200 https://registry.npmjs.org/picocolors/-/picocolors-1.1.1.tgz 486ms (cache miss)
npm http fetch GET 200 https://registry.npmjs.org/strip-ansi/-/strip-ansi-7.2.0.tgz 486ms (cache miss)
npm http fetch GET 200 https://registry.npmjs.org/boolbase/-/boolbase-1.0.0.tgz 497ms (cache miss)
npm http fetch GET 200 https://registry.npmjs.org/anymatch/-/anymatch-3.1.3.tgz 520ms (cache miss)
npm http fetch GET 200 https://registry.npmjs.org/get-east-asian-width/-/get-east-asian-width-1.7.0.tgz 515ms (cache miss)
npm http fetch GET 200 https://registry.npmjs.org/iron-webcrypto/-/iron-webcrypto-1.2.1.tgz 530ms (cache miss)
npm http fetch GET 200 https://registry.npmjs.org/fdir/-/fdir-6.5.0.tgz 526ms (cache miss)
npm http fetch GET 200 https://registry.npmjs.org/ansi-regex/-/ansi-regex-6.4.0.tgz 524ms (cache miss)
npm http fetch GET 200 https://registry.npmjs.org/regex-recursion/-/regex-recursion-6.0.2.tgz 524ms (cache miss)
npm http fetch GET 200 https://registry.npmjs.org/nanoid/-/nanoid-3.3.19.tgz 543ms (cache miss)
npm http fetch GET 200 https://registry.npmjs.org/regex-utilities/-/regex-utilities-2.3.0.tgz 535ms (cache miss)
npm http fetch GET 200 https://registry.npmjs.org/emoji-regex/-/emoji-regex-10.6.0.tgz 545ms (cache miss)
npm http fetch GET 200 https://registry.npmjs.org/@shikijs/engine-javascript/-/engine-javascript-3.23.0.tgz 543ms (cache miss)
npm http fetch GET 200 https://registry.npmjs.org/unist-util-visit-children/-/unist-util-visit-children-3.0.0.tgz 551ms (cache miss)
npm http fetch GET 200 https://registry.npmjs.org/@shikijs/types/-/types-3.23.0.tgz 562ms (cache miss)
npm http fetch GET 200 https://registry.npmjs.org/retext-stringify/-/retext-stringify-4.0.0.tgz 582ms (cache miss)
npm http fetch GET 200 https://registry.npmjs.org/unist-util-modify-children/-/unist-util-modify-children-4.0.0.tgz 583ms (cache miss)
npm http fetch GET 200 https://registry.npmjs.org/detect-libc/-/detect-libc-2.1.2.tgz 584ms (cache miss)
npm http fetch GET 200 https://registry.npmjs.org/nlcst-to-string/-/nlcst-to-string-4.0.0.tgz 592ms (cache miss)
npm http fetch GET 200 https://registry.npmjs.org/retext/-/retext-9.0.0.tgz 592ms (cache miss)
npm http fetch GET 200 https://registry.npmjs.org/micromark-extension-gfm-strikethrough/-/micromark-extension-gfm-strikethrough-2.1.0.tgz 603ms (cache miss)
npm http fetch GET 200 https://registry.npmjs.org/retext-latin/-/retext-latin-4.0.0.tgz 615ms (cache miss)
npm http fetch GET 200 https://registry.npmjs.org/micromark-extension-gfm-task-list-item/-/micromark-extension-gfm-task-list-item-2.1.0.tgz 615ms (cache miss)
npm http fetch GET 200 https://registry.npmjs.org/@shikijs/core/-/core-3.23.0.tgz 626ms (cache miss)
npm http fetch GET 200 https://registry.npmjs.org/retext-smartypants/-/retext-smartypants-6.2.0.tgz 625ms (cache miss)
npm http fetch GET 200 https://registry.npmjs.org/micromark-factory-title/-/micromark-factory-title-2.0.1.tgz 624ms (cache miss)
npm http fetch GET 200 https://registry.npmjs.org/@types/nlcst/-/nlcst-2.0.3.tgz 636ms (cache miss)
npm http fetch GET 200 https://registry.npmjs.org/micromark-extension-gfm-tagfilter/-/micromark-extension-gfm-tagfilter-2.0.0.tgz 635ms (cache miss)
npm http fetch GET 200 https://registry.npmjs.org/micromark-factory-whitespace/-/micromark-factory-whitespace-2.0.1.tgz 648ms (cache miss)
npm http fetch GET 200 https://registry.npmjs.org/micromark-util-subtokenize/-/micromark-util-subtokenize-2.1.0.tgz 647ms (cache miss)
npm http fetch GET 200 https://registry.npmjs.org/micromark-util-chunked/-/micromark-util-chunked-2.0.1.tgz 660ms (cache miss)
npm http fetch GET 200 https://registry.npmjs.org/@types/ms/-/ms-2.1.0.tgz 661ms (cache miss)
npm http fetch GET 200 https://registry.npmjs.org/@shikijs/vscode-textmate/-/vscode-textmate-10.0.2.tgz 675ms (cache miss)
npm http fetch GET 200 https://registry.npmjs.org/micromark-util-resolve-all/-/micromark-util-resolve-all-2.0.1.tgz 670ms (cache miss)
npm http fetch GET 200 https://registry.npmjs.org/micromark-util-combine-extensions/-/micromark-util-combine-extensions-2.0.1.tgz 670ms (cache miss)
npm http fetch GET 200 https://registry.npmjs.org/micromark-factory-space/-/micromark-factory-space-2.1.0.tgz 670ms (cache miss)
npm http fetch GET 200 https://registry.npmjs.org/micromark-factory-destination/-/micromark-factory-destination-2.0.1.tgz 689ms (cache miss)
npm http fetch GET 200 https://registry.npmjs.org/mdast-util-phrasing/-/mdast-util-phrasing-4.1.0.tgz 686ms (cache miss)
npm http fetch GET 200 https://registry.npmjs.org/micromark-util-html-tag-name/-/micromark-util-html-tag-name-2.0.1.tgz 688ms (cache miss)
npm http fetch GET 200 https://registry.npmjs.org/micromark-factory-label/-/micromark-factory-label-2.0.1.tgz 705ms (cache miss)
npm http fetch GET 200 https://registry.npmjs.org/micromark-util-edit-map/-/micromark-util-edit-map-1.0.0.tgz 705ms (cache miss)
npm http fetch GET 200 https://registry.npmjs.org/micromark-util-classify-character/-/micromark-util-classify-character-2.0.1.tgz 704ms (cache miss)
npm http fetch GET 200 https://registry.npmjs.org/@types/debug/-/debug-4.1.13.tgz 714ms (cache miss)
npm http fetch GET 200 https://registry.npmjs.org/character-entities/-/character-entities-2.0.2.tgz 712ms (cache miss)
npm http fetch GET 200 https://registry.npmjs.org/unist-util-is/-/unist-util-is-6.0.1.tgz 714ms (cache miss)
npm http fetch GET 200 https://registry.npmjs.org/longest-streak/-/longest-streak-3.1.0.tgz 726ms (cache miss)
npm http fetch GET 200 https://registry.npmjs.org/micromark-util-decode-string/-/micromark-util-decode-string-2.0.1.tgz 726ms (cache miss)
npm http fetch GET 200 https://registry.npmjs.org/mdast-util-find-and-replace/-/mdast-util-find-and-replace-3.0.2.tgz 727ms (cache miss)
npm http fetch GET 200 https://registry.npmjs.org/decode-named-character-reference/-/decode-named-character-reference-1.3.0.tgz 737ms (cache miss)
npm http fetch GET 200 https://registry.npmjs.org/micromark-util-normalize-identifier/-/micromark-util-normalize-identifier-2.0.1.tgz 739ms (cache miss)
npm http fetch GET 200 https://registry.npmjs.org/escape-string-regexp/-/escape-string-regexp-5.0.0.tgz 752ms (cache miss)
npm http fetch GET 200 https://registry.npmjs.org/markdown-table/-/markdown-table-3.0.4.tgz 772ms (cache miss)
npm http fetch GET 200 https://registry.npmjs.org/micromark-util-decode-numeric-character-reference/-/micromark-util-decode-numeric-character-reference-2.0.2.tgz 771ms (cache miss)
npm http fetch GET 200 https://registry.npmjs.org/mdast-util-gfm-strikethrough/-/mdast-util-gfm-strikethrough-2.0.1.tgz 770ms (cache miss)
npm http fetch GET 200 https://registry.npmjs.org/mdast-util-gfm-footnote/-/mdast-util-gfm-footnote-2.1.0.tgz 794ms (cache miss)
npm http fetch GET 200 https://registry.npmjs.org/mdast-util-gfm-task-list-item/-/mdast-util-gfm-task-list-item-2.0.0.tgz 795ms (cache miss)
npm http fetch GET 200 https://registry.npmjs.org/mdast-util-gfm-autolink-literal/-/mdast-util-gfm-autolink-literal-2.0.1.tgz 795ms (cache miss)
npm http fetch GET 200 https://registry.npmjs.org/remark-stringify/-/remark-stringify-11.0.0.tgz 794ms (cache miss)
npm http fetch GET 200 https://registry.npmjs.org/ohash/-/ohash-2.0.12.tgz 822ms (cache miss)
npm http fetch GET 200 https://registry.npmjs.org/mdast-util-gfm-table/-/mdast-util-gfm-table-2.0.0.tgz 807ms (cache miss)
npm http fetch GET 200 https://registry.npmjs.org/unist-util-stringify-position/-/unist-util-stringify-position-4.0.0.tgz 808ms (cache miss)
npm http fetch GET 200 https://registry.npmjs.org/mdast-util-to-string/-/mdast-util-to-string-4.0.0.tgz 819ms (cache miss)
npm http fetch GET 200 https://registry.npmjs.org/stringify-entities/-/stringify-entities-4.0.4.tgz 819ms (cache miss)
npm http fetch GET 200 https://registry.npmjs.org/ccount/-/ccount-2.0.1.tgz 830ms (cache miss)
npm http fetch GET 200 https://registry.npmjs.org/unist-util-position/-/unist-util-position-5.0.0.tgz 830ms (cache miss)
npm http fetch GET 200 https://registry.npmjs.org/micromark-util-encode/-/micromark-util-encode-2.0.1.tgz 846ms (cache miss)
npm http fetch GET 200 https://registry.npmjs.org/trim-lines/-/trim-lines-3.0.1.tgz 844ms (cache miss)
npm http fetch GET 200 https://registry.npmjs.org/micromark-util-character/-/micromark-util-character-2.1.1.tgz 846ms (cache miss)
npm http fetch GET 200 https://registry.npmjs.org/h3/-/h3-1.15.11.tgz 884ms (cache miss)
npm http fetch GET 200 https://registry.npmjs.org/micromark-extension-gfm/-/micromark-extension-gfm-3.0.0.tgz 867ms (cache miss)
npm http fetch GET 200 https://registry.npmjs.org/micromark-util-types/-/micromark-util-types-2.0.3.tgz 866ms (cache miss)
npm http fetch GET 200 https://registry.npmjs.org/micromark-util-sanitize-uri/-/micromark-util-sanitize-uri-2.0.1.tgz 866ms (cache miss)
npm http fetch GET 200 https://registry.npmjs.org/hast-util-whitespace/-/hast-util-whitespace-3.0.0.tgz 881ms (cache miss)
npm http fetch GET 200 https://registry.npmjs.org/hast-util-to-parse5/-/hast-util-to-parse5-8.0.1.tgz 878ms (cache miss)
npm http fetch GET 200 https://registry.npmjs.org/@ungap/structured-clone/-/structured-clone-1.4.0.tgz 879ms (cache miss)
npm http fetch GET 200 https://registry.npmjs.org/@img/sharp-linux-arm64/-/sharp-linux-arm64-0.34.5.tgz 905ms (cache miss)
npm http fetch GET 200 https://registry.npmjs.org/zwitch/-/zwitch-2.0.4.tgz 893ms (cache miss)
npm http fetch GET 200 https://registry.npmjs.org/rehype-parse/-/rehype-parse-9.0.1.tgz 893ms (cache miss)
npm http fetch GET 200 https://registry.npmjs.org/html-void-elements/-/html-void-elements-3.0.0.tgz 893ms (cache miss)
npm http fetch GET 200 https://registry.npmjs.org/yocto-queue/-/yocto-queue-1.2.2.tgz 892ms (cache miss)
npm http fetch GET 200 https://registry.npmjs.org/p-timeout/-/p-timeout-6.1.4.tgz 893ms (cache miss)
npm http fetch GET 200 https://registry.npmjs.org/kleur/-/kleur-3.0.3.tgz 893ms (cache miss)
npm http fetch GET 200 https://registry.npmjs.org/sisteransi/-/sisteransi-1.0.5.tgz 922ms (cache miss)
npm http fetch GET 200 https://registry.npmjs.org/@types/mdast/-/mdast-4.0.4.tgz 933ms (cache miss)
npm http fetch GET 200 https://registry.npmjs.org/space-separated-tokens/-/space-separated-tokens-2.0.2.tgz 933ms (cache miss)
npm http fetch GET 200 https://registry.npmjs.org/hast-util-raw/-/hast-util-raw-9.1.0.tgz 946ms (cache miss)
npm http fetch GET 200 https://registry.npmjs.org/@babel/helper-string-parser/-/helper-string-parser-7.29.7.tgz 944ms (cache miss)
npm http fetch GET 200 https://registry.npmjs.org/mdast-util-gfm/-/mdast-util-gfm-3.1.0.tgz 960ms (cache miss)
npm http fetch GET 200 https://registry.npmjs.org/hast-util-parse-selector/-/hast-util-parse-selector-4.0.0.tgz 955ms (cache miss)
npm http fetch GET 200 https://registry.npmjs.org/comma-separated-tokens/-/comma-separated-tokens-2.0.3.tgz 954ms (cache miss)
npm http fetch GET 200 https://registry.npmjs.org/is-inside-container/-/is-inside-container-1.0.0.tgz 955ms (cache miss)
npm http fetch GET 200 https://registry.npmjs.org/@babel/helper-validator-identifier/-/helper-validator-identifier-7.29.7.tgz 968ms (cache miss)
npm http fetch GET 200 https://registry.npmjs.org/argparse/-/argparse-2.0.1.tgz 967ms (cache miss)
npm http fetch GET 200 https://registry.npmjs.org/hast-util-is-element/-/hast-util-is-element-3.0.0.tgz 966ms (cache miss)
npm http fetch GET 200 https://registry.npmjs.org/vfile-location/-/vfile-location-5.0.3.tgz 967ms (cache miss)
npm http fetch GET 200 https://registry.npmjs.org/devlop/-/devlop-1.1.0.tgz 983ms (cache miss)
npm http fetch GET 200 https://registry.npmjs.org/dequal/-/dequal-2.0.3.tgz 984ms (cache miss)
npm http fetch GET 200 https://registry.npmjs.org/@types/unist/-/unist-3.0.3.tgz 984ms (cache miss)
npm http fetch GET 200 https://registry.npmjs.org/vfile-message/-/vfile-message-4.0.3.tgz 985ms (cache miss)
npm http fetch GET 200 https://registry.npmjs.org/micromark-extension-gfm-autolink-literal/-/micromark-extension-gfm-autolink-literal-2.1.0.tgz 1014ms (cache miss)
npm http fetch GET 200 https://registry.npmjs.org/hast-util-from-parse5/-/hast-util-from-parse5-8.0.3.tgz 999ms (cache miss)
npm http fetch GET 200 https://registry.npmjs.org/web-namespaces/-/web-namespaces-2.0.1.tgz 1000ms (cache miss)
npm http fetch GET 200 https://registry.npmjs.org/@types/hast/-/hast-3.0.5.tgz 999ms (cache miss)
npm http fetch GET 200 https://registry.npmjs.org/eventemitter3/-/eventemitter3-5.0.4.tgz 1016ms (cache miss)
npm http fetch GET 200 https://registry.npmjs.org/tiny-inflate/-/tiny-inflate-1.0.3.tgz 1012ms (cache miss)
npm http fetch GET 200 https://registry.npmjs.org/base-64/-/base-64-1.0.0.tgz 1012ms (cache miss)
npm http fetch GET 200 https://registry.npmjs.org/ms/-/ms-2.1.3.tgz 1012ms (cache miss)
npm http fetch GET 200 https://registry.npmjs.org/@img/colour/-/colour-1.1.0.tgz 1042ms (cache miss)
npm http fetch GET 200 https://registry.npmjs.org/wrap-ansi/-/wrap-ansi-9.0.2.tgz 1023ms (cache miss)
npm http fetch GET 200 https://registry.npmjs.org/widest-line/-/widest-line-5.0.0.tgz 1023ms (cache miss)
npm http fetch GET 200 https://registry.npmjs.org/ansi-align/-/ansi-align-3.0.1.tgz 1022ms (cache miss)
npm http fetch GET 200 https://registry.npmjs.org/cli-boxes/-/cli-boxes-3.0.0.tgz 1023ms (cache miss)
npm http fetch GET 200 https://registry.npmjs.org/string-width/-/string-width-7.2.0.tgz 1023ms (cache miss)
npm http fetch GET 200 https://registry.npmjs.org/micromark-extension-gfm-footnote/-/micromark-extension-gfm-footnote-2.1.0.tgz 1055ms (cache miss)
npm http fetch GET 200 https://registry.npmjs.org/camelcase/-/camelcase-8.0.0.tgz 1048ms (cache miss)
npm http fetch GET 200 https://registry.npmjs.org/is-docker/-/is-docker-3.0.0.tgz 1047ms (cache miss)
npm http fetch GET 200 https://registry.npmjs.org/is-wsl/-/is-wsl-3.1.1.tgz 1048ms (cache miss)
npm http fetch GET 200 https://registry.npmjs.org/which-pm-runs/-/which-pm-runs-1.1.0.tgz 1060ms (cache miss)
npm http fetch GET 200 https://registry.npmjs.org/@types/estree/-/estree-1.0.9.tgz 1061ms (cache miss)
npm http fetch GET 200 https://registry.npmjs.org/unist-util-remove-position/-/unist-util-remove-position-5.0.0.tgz 1060ms (cache miss)
npm http fetch GET 200 https://registry.npmjs.org/remark-rehype/-/remark-rehype-11.1.2.tgz 1069ms (cache miss)
npm http fetch GET 200 https://registry.npmjs.org/remark-parse/-/remark-parse-11.0.0.tgz 1070ms (cache miss)
npm http fetch GET 200 https://registry.npmjs.org/mdast-util-definitions/-/mdast-util-definitions-6.0.0.tgz 1069ms (cache miss)
npm http fetch GET 200 https://registry.npmjs.org/remark-smartypants/-/remark-smartypants-3.0.3.tgz 1086ms (cache miss)
npm http fetch GET 200 https://registry.npmjs.org/rehype-stringify/-/rehype-stringify-10.0.1.tgz 1086ms (cache miss)
npm http fetch GET 200 https://registry.npmjs.org/rehype-raw/-/rehype-raw-7.0.0.tgz 1086ms (cache miss)
npm http fetch GET 200 https://registry.npmjs.org/hast-util-to-text/-/hast-util-to-text-4.0.2.tgz 1101ms (cache miss)
npm http fetch GET 200 https://registry.npmjs.org/hast-util-from-html/-/hast-util-from-html-2.0.3.tgz 1101ms (cache miss)
npm http fetch GET 200 https://registry.npmjs.org/remark-gfm/-/remark-gfm-4.0.1.tgz 1121ms (cache miss)
npm http fetch GET 200 https://registry.npmjs.org/yocto-spinner/-/yocto-spinner-0.2.3.tgz 1129ms (cache miss)
npm http fetch GET 200 https://registry.npmjs.org/vitefu/-/vitefu-1.1.3.tgz 1137ms (cache miss)
npm http fetch GET 200 https://registry.npmjs.org/@astrojs/prism/-/prism-3.3.0.tgz 1144ms (cache miss)
npm http fetch GET 200 https://registry.npmjs.org/unifont/-/unifont-0.7.5.tgz 1163ms (cache miss)
npm http fetch GET 200 https://registry.npmjs.org/zod-to-ts/-/zod-to-ts-1.2.0.tgz 1166ms (cache miss)
npm http fetch GET 200 https://registry.npmjs.org/tinyglobby/-/tinyglobby-0.2.17.tgz 1164ms (cache miss)
npm http fetch GET 200 https://registry.npmjs.org/commander/-/commander-11.1.0.tgz 1260ms (cache miss)
npm http fetch GET 200 https://registry.npmjs.org/rehype/-/rehype-13.0.2.tgz 1229ms (cache miss)
npm http fetch GET 200 https://registry.npmjs.org/unist-util-visit/-/unist-util-visit-5.1.0.tgz 1237ms (cache miss)
npm http fetch GET 200 https://registry.npmjs.org/tinyexec/-/tinyexec-1.3.1.tgz 1244ms (cache miss)
npm http fetch GET 200 https://registry.npmjs.org/p-limit/-/p-limit-6.2.0.tgz 1243ms (cache miss)
npm http fetch GET 200 https://registry.npmjs.org/p-queue/-/p-queue-8.1.1.tgz 1244ms (cache miss)
npm http fetch GET 200 https://registry.npmjs.org/piccolore/-/piccolore-0.1.3.tgz 1251ms (cache miss)
npm http fetch GET 200 https://registry.npmjs.org/mrmime/-/mrmime-2.0.1.tgz 1257ms (cache miss)
npm http fetch GET 200 https://registry.npmjs.org/unified/-/unified-11.0.5.tgz 1271ms (cache miss)
npm http fetch GET 200 https://registry.npmjs.org/http-cache-semantics/-/http-cache-semantics-4.2.0.tgz 1265ms (cache miss)
npm http fetch GET 200 https://registry.npmjs.org/html-escaper/-/html-escaper-3.0.3.tgz 1264ms (cache miss)
npm http fetch GET 200 https://registry.npmjs.org/mdast-util-from-markdown/-/mdast-util-from-markdown-2.0.3.tgz 1290ms (cache miss)
npm http fetch GET 200 https://registry.npmjs.org/micromark-util-symbol/-/micromark-util-symbol-2.0.1.tgz 1290ms (cache miss)
npm http fetch GET 200 https://registry.npmjs.org/github-slugger/-/github-slugger-2.0.0.tgz 1272ms (cache miss)
npm http fetch GET 200 https://registry.npmjs.org/estree-walker/-/estree-walker-3.0.3.tgz 1272ms (cache miss)
npm http fetch GET 200 https://registry.npmjs.org/flattie/-/flattie-1.1.1.tgz 1272ms (cache miss)
npm http fetch GET 200 https://registry.npmjs.org/fontkitten/-/fontkitten-1.0.3.tgz 1287ms (cache miss)
npm http fetch GET 200 https://registry.npmjs.org/deterministic-object-hash/-/deterministic-object-hash-2.0.2.tgz 1278ms (cache miss)
npm http fetch GET 200 https://registry.npmjs.org/unist-util-visit-parents/-/unist-util-visit-parents-6.0.2.tgz 1295ms (cache miss)
npm http fetch GET 200 https://registry.npmjs.org/fontace/-/fontace-0.4.1.tgz 1287ms (cache miss)
npm http fetch GET 200 https://registry.npmjs.org/dset/-/dset-3.1.4.tgz 1287ms (cache miss)
npm http fetch GET 200 https://registry.npmjs.org/unist-util-find-after/-/unist-util-find-after-5.0.0.tgz 1287ms (cache miss)
npm http fetch GET 200 https://registry.npmjs.org/esbuild/-/esbuild-0.27.7.tgz 1295ms (cache miss)
npm http fetch GET 200 https://registry.npmjs.org/debug/-/debug-4.4.3.tgz 1294ms (cache miss)
npm http fetch GET 200 https://registry.npmjs.org/cssesc/-/cssesc-3.0.0.tgz 1294ms (cache miss)
npm http fetch GET 200 https://registry.npmjs.org/common-ancestor-path/-/common-ancestor-path-1.0.1.tgz 1294ms (cache miss)
npm http fetch GET 200 https://registry.npmjs.org/picomatch/-/picomatch-4.0.7.tgz 1304ms (cache miss)
npm http fetch GET 200 https://registry.npmjs.org/es-module-lexer/-/es-module-lexer-1.7.0.tgz 1302ms (cache miss)
npm http fetch GET 200 https://registry.npmjs.org/cookie/-/cookie-1.1.1.tgz 1302ms (cache miss)
npm http fetch GET 200 https://registry.npmjs.org/boxen/-/boxen-8.0.1.tgz 1301ms (cache miss)
npm http fetch GET 200 https://registry.npmjs.org/clsx/-/clsx-2.1.1.tgz 1302ms (cache miss)
npm http fetch GET 200 https://registry.npmjs.org/ci-info/-/ci-info-4.4.0.tgz 1307ms (cache miss)
npm http fetch GET 200 https://registry.npmjs.org/@oslojs/encoding/-/encoding-1.1.0.tgz 1306ms (cache miss)
npm http fetch GET 200 https://registry.npmjs.org/@shikijs/engine-oniguruma/-/engine-oniguruma-3.23.0.tgz 1346ms (cache miss)
npm http fetch GET 200 https://registry.npmjs.org/@capsizecss/unpack/-/unpack-4.0.1.tgz 1313ms (cache miss)
npm http fetch GET 200 https://registry.npmjs.org/strip-ansi/-/strip-ansi-6.0.1.tgz 1323ms (cache miss)
npm http fetch GET 200 https://registry.npmjs.org/@astrojs/telemetry/-/telemetry-3.3.0.tgz 1324ms (cache miss)
npm http fetch GET 200 https://registry.npmjs.org/ansi-regex/-/ansi-regex-5.0.1.tgz 1323ms (cache miss)
npm http fetch GET 200 https://registry.npmjs.org/package-manager-detector/-/package-manager-detector-1.8.0.tgz 1334ms (cache miss)
npm http fetch GET 200 https://registry.npmjs.org/@astrojs/markdown-remark/-/markdown-remark-6.3.11.tgz 1328ms (cache miss)
npm http fetch GET 200 https://registry.npmjs.org/@rollup/pluginutils/-/pluginutils-5.4.0.tgz 1330ms (cache miss)
npm http fetch GET 200 https://registry.npmjs.org/@astrojs/internal-helpers/-/internal-helpers-0.7.6.tgz 1329ms (cache miss)
npm http fetch GET 200 https://registry.npmjs.org/string-width/-/string-width-4.2.3.tgz 1327ms (cache miss)
npm http fetch GET 200 https://registry.npmjs.org/xxhash-wasm/-/xxhash-wasm-1.1.0.tgz 1342ms (cache miss)
npm http fetch GET 200 https://registry.npmjs.org/estree-walker/-/estree-walker-2.0.2.tgz 1332ms (cache miss)
npm http fetch GET 200 https://registry.npmjs.org/dlv/-/dlv-1.1.3.tgz 1332ms (cache miss)
npm http fetch GET 200 https://registry.npmjs.org/yargs-parser/-/yargs-parser-21.1.1.tgz 1347ms (cache miss)
npm http fetch GET 200 https://registry.npmjs.org/emoji-regex/-/emoji-regex-8.0.0.tgz 1337ms (cache miss)
npm http fetch GET 200 https://registry.npmjs.org/esbuild/-/esbuild-0.25.12.tgz 1342ms (cache miss)
npm http fetch GET 200 https://registry.npmjs.org/picomatch/-/picomatch-2.3.2.tgz 1348ms (cache miss)
npm http fetch GET 200 https://registry.npmjs.org/source-map-js/-/source-map-js-1.2.1.tgz 1371ms (cache miss)
npm http fetch GET 200 https://registry.npmjs.org/chalk/-/chalk-5.6.2.tgz 1369ms (cache miss)
npm http fetch GET 200 https://registry.npmjs.org/tsconfck/-/tsconfck-3.1.6.tgz 1367ms (cache miss)
npm warn deprecated tsconfck@3.1.6: unmaintained
npm http fetch GET 200 https://registry.npmjs.org/nth-check/-/nth-check-2.1.1.tgz 1425ms (cache miss)
npm http fetch GET 200 https://registry.npmjs.org/smol-toml/-/smol-toml-1.9.0.tgz 1417ms (cache miss)
npm http fetch GET 200 https://registry.npmjs.org/magicast/-/magicast-0.5.5.tgz 1415ms (cache miss)
npm http fetch GET 200 https://registry.npmjs.org/hastscript/-/hastscript-9.0.1.tgz 1430ms (cache miss)
npm http fetch GET 200 https://registry.npmjs.org/neotraverse/-/neotraverse-0.6.18.tgz 1441ms (cache miss)
npm http fetch GET 200 https://registry.npmjs.org/devalue/-/devalue-5.9.4.tgz 1439ms (cache miss)
npm http fetch GET 200 https://registry.npmjs.org/import-meta-resolve/-/import-meta-resolve-4.2.0.tgz 1445ms (cache miss)
npm http fetch GET 200 https://registry.npmjs.org/magic-string/-/magic-string-0.30.21.tgz 1453ms (cache miss)
npm http fetch GET 200 https://registry.npmjs.org/micromark-extension-gfm-table/-/micromark-extension-gfm-table-2.1.2.tgz 1498ms (cache miss)
npm http fetch GET 200 https://registry.npmjs.org/acorn/-/acorn-8.18.0.tgz 1466ms (cache miss)
npm http fetch GET 200 https://registry.npmjs.org/@jridgewell/sourcemap-codec/-/sourcemap-codec-1.6.0.tgz 1506ms (cache miss)
npm http fetch GET 200 https://registry.npmjs.org/mdn-data/-/mdn-data-2.27.1.tgz 1531ms (cache miss)
npm http fetch GET 200 https://registry.npmjs.org/vfile/-/vfile-6.0.3.tgz 1504ms (cache miss)
npm http fetch GET 200 https://registry.npmjs.org/ultrahtml/-/ultrahtml-1.7.0.tgz 1513ms (cache miss)
npm http fetch GET 200 https://registry.npmjs.org/node-fetch-native/-/node-fetch-native-1.6.7.tgz 1606ms (cache miss)
npm http fetch GET 200 https://registry.npmjs.org/node-mock-http/-/node-mock-http-1.0.5.tgz 1629ms (cache miss)
npm http fetch GET 200 https://registry.npmjs.org/mdn-data/-/mdn-data-2.0.28.tgz 1600ms (cache miss)
npm http fetch GET 200 https://registry.npmjs.org/oniguruma-to-es/-/oniguruma-to-es-4.3.6.tgz 1651ms (cache miss)
npm http fetch GET 200 https://registry.npmjs.org/@rollup/rollup-linux-arm64-gnu/-/rollup-linux-arm64-gnu-4.63.5.tgz 1664ms (cache miss)
npm http fetch GET 200 https://registry.npmjs.org/sharp/-/sharp-0.34.5.tgz 1631ms (cache miss)
npm http fetch GET 200 https://registry.npmjs.org/postcss/-/postcss-8.5.28.tgz 1677ms (cache miss)
npm http fetch GET 200 https://registry.npmjs.org/@babel/parser/-/parser-7.29.9.tgz 1652ms (cache miss)
npm http fetch GET 200 https://registry.npmjs.org/parse-latin/-/parse-latin-7.0.0.tgz 1676ms (cache miss)
npm http fetch GET 200 https://registry.npmjs.org/semver/-/semver-7.8.5.tgz 1651ms (cache miss)
npm http fetch GET 200 https://registry.npmjs.org/css-what/-/css-what-7.0.0.tgz 1703ms (cache miss)
npm http fetch GET 200 https://registry.npmjs.org/hast-util-to-html/-/hast-util-to-html-9.0.5.tgz 1696ms (cache miss)
npm http fetch GET 200 https://registry.npmjs.org/regex/-/regex-6.1.0.tgz 1759ms (cache miss)
npm http fetch GET 200 https://registry.npmjs.org/crossws/-/crossws-0.3.5.tgz 1773ms (cache miss)
npm http fetch GET 200 https://registry.npmjs.org/property-information/-/property-information-7.2.0.tgz 1765ms (cache miss)
npm http fetch GET 200 https://registry.npmjs.org/js-yaml/-/js-yaml-4.3.2.tgz 1762ms (cache miss)
npm http fetch GET 200 https://registry.npmjs.org/domutils/-/domutils-3.2.2.tgz 1823ms (cache miss)
npm http fetch GET 200 https://registry.npmjs.org/rollup/-/rollup-4.63.5.tgz 1934ms (cache miss)
npm http fetch GET 200 https://registry.npmjs.org/micromark/-/micromark-4.0.3.tgz 1937ms (cache miss)
npm http fetch GET 200 https://registry.npmjs.org/vite/-/vite-6.4.3.tgz 1925ms (cache miss)
npm http fetch GET 200 https://registry.npmjs.org/prompts/-/prompts-2.4.2.tgz 1952ms (cache miss)
npm http fetch GET 200 https://registry.npmjs.org/entities/-/entities-4.5.0.tgz 1977ms (cache miss)
npm http fetch GET 200 https://registry.npmjs.org/parse5/-/parse5-7.3.0.tgz 2041ms (cache miss)
npm http fetch GET 200 https://registry.npmjs.org/mdast-util-to-hast/-/mdast-util-to-hast-13.2.1.tgz 2052ms (cache miss)
npm http fetch GET 200 https://registry.npmjs.org/csso/-/csso-5.0.5.tgz 2100ms (cache miss)
npm http fetch GET 200 https://registry.npmjs.org/entities/-/entities-6.0.1.tgz 2117ms (cache miss)
npm http fetch GET 200 https://registry.npmjs.org/@shikijs/themes/-/themes-3.23.0.tgz 2156ms (cache miss)
npm http fetch GET 200 https://registry.npmjs.org/type-fest/-/type-fest-4.41.0.tgz 2201ms (cache miss)
npm http fetch GET 200 https://registry.npmjs.org/@astrojs/compiler/-/compiler-2.13.1.tgz 2189ms (cache miss)
npm http fetch GET 200 https://registry.npmjs.org/micromark-core-commonmark/-/micromark-core-commonmark-2.0.4.tgz 2228ms (cache miss)
npm http fetch GET 200 https://registry.npmjs.org/unstorage/-/unstorage-1.17.5.tgz 2302ms (cache miss)
npm http fetch GET 200 https://registry.npmjs.org/diff/-/diff-8.0.4.tgz 2300ms (cache miss)
npm http fetch GET 200 https://registry.npmjs.org/css-select/-/css-select-6.0.0.tgz 2353ms (cache miss)
npm http fetch GET 200 https://registry.npmjs.org/mdast-util-to-markdown/-/mdast-util-to-markdown-2.1.3.tgz 2350ms (cache miss)
npm http fetch GET 200 https://registry.npmjs.org/oniguruma-parser/-/oniguruma-parser-0.12.2.tgz 2372ms (cache miss)
npm http fetch GET 200 https://registry.npmjs.org/svgo/-/svgo-4.1.0.tgz 2346ms (cache miss)
npm http fetch GET 200 https://registry.npmjs.org/@esbuild/linux-arm64/-/linux-arm64-0.25.12.tgz 2338ms (cache miss)
npm http fetch GET 200 https://registry.npmjs.org/@esbuild/linux-arm64/-/linux-arm64-0.27.7.tgz 2364ms (cache miss)
npm http fetch GET 200 https://registry.npmjs.org/zod-to-json-schema/-/zod-to-json-schema-3.25.2.tgz 2385ms (cache miss)
npm http fetch GET 200 https://registry.npmjs.org/lru-cache/-/lru-cache-11.5.3.tgz 2462ms (cache miss)
npm http fetch GET 200 https://registry.npmjs.org/axobject-query/-/axobject-query-4.1.0.tgz 2432ms (cache miss)
npm http fetch GET 200 https://registry.npmjs.org/@babel/types/-/types-7.29.8.tgz 2533ms (cache miss)
npm http fetch GET 200 https://registry.npmjs.org/@img/sharp-libvips-linux-arm64/-/sharp-libvips-linux-arm64-1.2.4.tgz 2593ms (cache miss)
npm http fetch GET 200 https://registry.npmjs.org/undici/-/undici-8.11.2.tgz 2614ms (cache miss)
npm http fetch GET 200 https://registry.npmjs.org/aria-query/-/aria-query-5.3.2.tgz 2599ms (cache miss)
npm http fetch GET 200 https://registry.npmjs.org/css-tree/-/css-tree-2.2.1.tgz 2644ms (cache miss)
npm http fetch GET 200 https://registry.npmjs.org/css-tree/-/css-tree-3.2.1.tgz 2727ms (cache miss)
npm http fetch GET 200 https://registry.npmjs.org/typescript/-/typescript-5.9.3.tgz 2751ms (cache miss)
npm http fetch GET 200 https://registry.npmjs.org/prismjs/-/prismjs-1.30.0.tgz 2822ms (cache miss)
npm http fetch GET 200 https://registry.npmjs.org/@shikijs/langs/-/langs-3.23.0.tgz 2872ms (cache miss)
npm http fetch GET 200 https://registry.npmjs.org/zod/-/zod-3.25.76.tgz 2940ms (cache miss)
npm http fetch GET 200 https://registry.npmjs.org/shiki/-/shiki-3.23.0.tgz 2961ms (cache miss)
npm http fetch GET 200 https://registry.npmjs.org/astro/-/astro-5.18.2.tgz 3099ms (cache miss)

added 279 packages in 11s
