npm http fetch GET 200 https://registry.vlt.io/vlt/npm/astro 109ms (cache miss)
npm http fetch GET 200 https://registry.vlt.io/vlt/npm/dlv 44ms (cache miss)
npm http fetch GET 200 https://registry.vlt.io/vlt/npm/clsx 60ms (cache miss)
npm http fetch GET 200 https://registry.vlt.io/vlt/npm/zod 68ms (cache miss)
npm http fetch GET 200 https://registry.vlt.io/vlt/npm/diff 46ms (cache miss)
npm http fetch GET 200 https://registry.vlt.io/vlt/npm/svgo 34ms (cache miss)
npm http fetch GET 200 https://registry.vlt.io/vlt/npm/dset 52ms (cache miss)
npm http fetch GET 200 https://registry.vlt.io/vlt/npm/vite 49ms (cache miss)
npm http fetch GET 200 https://registry.vlt.io/vlt/npm/boxen 51ms (cache miss)
npm http fetch GET 200 https://registry.vlt.io/vlt/npm/acorn 57ms (cache miss)
npm http fetch GET 200 https://registry.vlt.io/vlt/npm/debug 35ms (cache miss)
npm http fetch GET 200 https://registry.vlt.io/vlt/npm/shiki 45ms (cache miss)
npm http fetch GET 200 https://registry.vlt.io/vlt/npm/vfile 46ms (cache miss)
npm http fetch GET 200 https://registry.vlt.io/vlt/npm/cookie 37ms (cache miss)
npm http fetch GET 200 https://registry.vlt.io/vlt/npm/cssesc 32ms (cache miss)
npm http fetch GET 200 https://registry.vlt.io/vlt/npm/mrmime 35ms (cache miss)
npm http fetch GET 200 https://registry.vlt.io/vlt/npm/vitefu 31ms (cache miss)
npm http fetch GET 200 https://registry.vlt.io/vlt/npm/semver 38ms (cache miss)
npm http fetch GET 200 https://registry.vlt.io/vlt/npm/rehype 58ms (cache miss)
npm http fetch GET 200 https://registry.vlt.io/vlt/npm/esbuild 33ms (cache miss)
npm http fetch GET 200 https://registry.vlt.io/vlt/npm/ci-info 45ms (cache miss)
npm http fetch GET 200 https://registry.vlt.io/vlt/npm/devalue 49ms (cache miss)
npm http fetch GET 200 https://registry.vlt.io/vlt/npm/flattie 51ms (cache miss)
npm http fetch GET 200 https://registry.vlt.io/vlt/npm/js-yaml 64ms (cache miss)
npm http fetch GET 200 https://registry.vlt.io/vlt/npm/fontace 72ms (cache miss)
npm http fetch GET 200 https://registry.vlt.io/vlt/npm/p-limit 43ms (cache miss)
npm http fetch GET 200 https://registry.vlt.io/vlt/npm/prompts 38ms (cache miss)
npm http fetch GET 200 https://registry.vlt.io/vlt/npm/p-queue 50ms (cache miss)
npm http fetch GET 200 https://registry.vlt.io/vlt/npm/unifont 37ms (cache miss)
npm http fetch GET 200 https://registry.vlt.io/vlt/npm/tinyexec 40ms (cache miss)
npm http fetch GET 200 https://registry.vlt.io/vlt/npm/magicast 51ms (cache miss)
npm http fetch GET 200 https://registry.vlt.io/vlt/npm/tsconfck 51ms (cache miss)
npm http fetch GET 200 https://registry.vlt.io/vlt/npm/picomatch 34ms (cache miss)
npm http fetch GET 200 https://registry.vlt.io/vlt/npm/piccolore 39ms (cache miss)
npm http fetch GET 200 https://registry.vlt.io/vlt/npm/smol-toml 55ms (cache miss)
npm http fetch GET 200 https://registry.vlt.io/vlt/npm/unstorage 35ms (cache miss)
npm http fetch GET 200 https://registry.vlt.io/vlt/npm/ultrahtml 48ms (cache miss)
npm http fetch GET 200 https://registry.vlt.io/vlt/npm/aria-query 35ms (cache miss)
npm http fetch GET 200 https://registry.vlt.io/vlt/npm/tinyglobby 32ms (cache miss)
npm http fetch GET 200 https://registry.vlt.io/vlt/npm/zod-to-ts 47ms (cache miss)
npm http fetch GET 200 https://registry.vlt.io/vlt/npm/html-escaper 30ms (cache miss)
npm http fetch GET 200 https://registry.vlt.io/vlt/npm/xxhash-wasm 39ms (cache miss)
npm http fetch GET 200 https://registry.vlt.io/vlt/npm/neotraverse 47ms (cache miss)
npm http fetch GET 200 https://registry.vlt.io/vlt/npm/yargs-parser 34ms (cache miss)
npm http fetch GET 200 https://registry.vlt.io/vlt/npm/magic-string 43ms (cache miss)
npm http fetch GET 200 https://registry.vlt.io/vlt/npm/estree-walker 41ms (cache miss)
npm http fetch GET 200 https://registry.vlt.io/vlt/npm/axobject-query 32ms (cache miss)
npm http fetch GET 200 https://registry.vlt.io/vlt/npm/yocto-spinner 45ms (cache miss)
npm http fetch GET 200 https://registry.vlt.io/vlt/npm/github-slugger 47ms (cache miss)
npm http fetch GET 200 https://registry.vlt.io/vlt/npm/es-module-lexer 33ms (cache miss)
npm http fetch GET 200 https://registry.vlt.io/vlt/npm/@oslojs%2fencoding 40ms (cache miss)
npm http fetch GET 200 https://registry.vlt.io/vlt/npm/unist-util-visit 37ms (cache miss)
npm http fetch GET 200 https://registry.vlt.io/vlt/npm/@astrojs%2fcompiler 32ms (cache miss)
npm http fetch GET 200 https://registry.vlt.io/vlt/npm/@astrojs%2ftelemetry 48ms (cache miss)
npm http fetch GET 200 https://registry.vlt.io/vlt/npm/@capsizecss%2funpack 41ms (cache miss)
npm http fetch GET 200 https://registry.vlt.io/vlt/npm/zod-to-json-schema 40ms (cache miss)
npm http fetch GET 200 https://registry.vlt.io/vlt/npm/import-meta-resolve 32ms (cache miss)
npm http fetch GET 200 https://registry.vlt.io/vlt/npm/@rollup%2fpluginutils 43ms (cache miss)
npm http fetch GET 200 https://registry.vlt.io/vlt/npm/common-ancestor-path 40ms (cache miss)
npm http fetch GET 200 https://registry.vlt.io/vlt/npm/http-cache-semantics 53ms (cache miss)
npm http fetch GET 200 https://registry.vlt.io/vlt/npm/@astrojs%2fmarkdown-remark 45ms (cache miss)
npm http fetch GET 200 https://registry.vlt.io/vlt/npm/package-manager-detector 46ms (cache miss)
npm http fetch GET 200 https://registry.vlt.io/vlt/npm/@astrojs%2finternal-helpers 39ms (cache miss)
npm http fetch GET 200 https://registry.vlt.io/vlt/npm/deterministic-object-hash 38ms (cache miss)
npm http fetch GET 200 https://registry.vlt.io/vlt/npm/sharp 34ms (cache miss)
npm http fetch GET 200 https://registry.vlt.io/vlt/npm/@types%2fnode 48ms (cache miss)
npm http fetch GET 200 https://registry.vlt.io/vlt/npm/jiti 35ms (cache miss)
npm http fetch GET 200 https://registry.vlt.io/vlt/npm/less 31ms (cache miss)
npm http fetch GET 200 https://registry.vlt.io/vlt/npm/lightningcss 33ms (cache miss)
npm http fetch GET 200 https://registry.vlt.io/vlt/npm/sass 34ms (cache miss)
npm http fetch GET 200 https://registry.vlt.io/vlt/npm/sass-embedded 32ms (cache miss)
npm http fetch GET 200 https://registry.vlt.io/vlt/npm/stylus 30ms (cache miss)
npm http fetch GET 200 https://registry.vlt.io/vlt/npm/sugarss 31ms (cache miss)
npm http fetch GET 200 https://registry.vlt.io/vlt/npm/postcss 42ms (cache miss)
npm http fetch GET 200 https://registry.vlt.io/vlt/npm/terser 39ms (cache miss)
npm http fetch GET 200 https://registry.vlt.io/vlt/npm/tsx 37ms (cache miss)
npm http fetch GET 200 https://registry.vlt.io/vlt/npm/yaml 34ms (cache miss)
npm http fetch GET 200 https://registry.vlt.io/vlt/npm/typescript 66ms (cache miss)
npm http fetch GET 200 https://registry.vlt.io/vlt/npm/@azure%2fapp-configuration 40ms (cache miss)
npm http fetch GET 200 https://registry.vlt.io/vlt/npm/@azure%2fcosmos 45ms (cache miss)
npm http fetch GET 200 https://registry.vlt.io/vlt/npm/@azure%2fdata-tables 38ms (cache miss)
npm http fetch GET 200 https://registry.vlt.io/vlt/npm/@azure%2fidentity 45ms (cache miss)
npm http fetch GET 200 https://registry.vlt.io/vlt/npm/@azure%2fkeyvault-secrets 38ms (cache miss)
npm http fetch GET 200 https://registry.vlt.io/vlt/npm/@azure%2fstorage-blob 41ms (cache miss)
npm http fetch GET 200 https://registry.vlt.io/vlt/npm/@capacitor%2fpreferences 44ms (cache miss)
npm http fetch GET 200 https://registry.vlt.io/vlt/npm/@capacitor%2fcore 39ms (cache miss)
npm http fetch GET 200 https://registry.vlt.io/vlt/npm/@deno%2fkv 49ms (cache miss)
npm http fetch GET 200 https://registry.vlt.io/vlt/npm/@netlify%2fblobs 40ms (cache miss)
npm http fetch GET 200 https://registry.vlt.io/vlt/npm/@planetscale%2fdatabase 41ms (cache miss)
npm http fetch GET 200 https://registry.vlt.io/vlt/npm/@upstash%2fredis 39ms (cache miss)
npm http fetch GET 200 https://registry.vlt.io/vlt/npm/@vercel%2fblob 31ms (cache miss)
npm http fetch GET 200 https://registry.vlt.io/vlt/npm/@vercel%2ffunctions 44ms (cache miss)
npm http fetch GET 200 https://registry.vlt.io/vlt/npm/@aws-sdk%2fcredential-provider-web-identity 39ms (cache miss)
npm http fetch GET 200 https://registry.vlt.io/vlt/npm/ws 35ms (cache miss)
npm http fetch GET 200 https://registry.vlt.io/vlt/npm/bufferutil 39ms (cache miss)
npm http fetch GET 200 https://registry.vlt.io/vlt/npm/utf-8-validate 43ms (cache miss)
npm http fetch GET 200 https://registry.vlt.io/vlt/npm/@vercel%2fkv 41ms (cache miss)
npm http fetch GET 200 https://registry.vlt.io/vlt/npm/aws4fetch 36ms (cache miss)
npm http fetch GET 200 https://registry.vlt.io/vlt/npm/db0 50ms (cache miss)
npm http fetch GET 200 https://registry.vlt.io/vlt/npm/@electric-sql%2fpglite 43ms (cache miss)
npm http fetch GET 200 https://registry.vlt.io/vlt/npm/@libsql%2fclient 39ms (cache miss)
npm http fetch GET 200 https://registry.vlt.io/vlt/npm/better-sqlite3 29ms (cache miss)
npm http fetch GET 200 https://registry.vlt.io/vlt/npm/drizzle-orm 39ms (cache miss)
npm http fetch GET 200 https://registry.vlt.io/vlt/npm/@aws-sdk%2fclient-rds-data 40ms (cache miss)
npm http fetch GET 200 https://registry.vlt.io/vlt/npm/@cloudflare%2fworkers-types 32ms (cache miss)
npm http fetch GET 200 https://registry.vlt.io/vlt/npm/@libsql%2fclient-wasm 38ms (cache miss)
npm http fetch GET 200 https://registry.vlt.io/vlt/npm/@neondatabase%2fserverless 41ms (cache miss)
npm http fetch GET 200 https://registry.vlt.io/vlt/npm/@op-engineering%2fop-sqlite 33ms (cache miss)
npm http fetch GET 200 https://registry.vlt.io/vlt/npm/@sqlite.org%2fsqlite-wasm 41ms (cache miss)
npm http fetch GET 200 https://registry.vlt.io/vlt/npm/react 36ms (cache miss)
npm http fetch GET 200 https://registry.vlt.io/vlt/npm/react-native 70ms (cache miss)
npm http fetch GET 200 https://registry.vlt.io/vlt/npm/@react-native%2fjest-preset 45ms (cache miss)
npm http fetch GET 200 https://registry.vlt.io/vlt/npm/@types%2freact 35ms (cache miss)
npm http fetch GET 200 https://registry.vlt.io/vlt/npm/@opentelemetry%2fapi 28ms (cache miss)
npm http fetch GET 200 https://registry.vlt.io/vlt/npm/@prisma%2fclient 174ms (cache miss)
npm http fetch GET 200 https://registry.vlt.io/vlt/npm/prisma 120ms (cache miss)
npm http fetch GET 200 https://registry.vlt.io/vlt/npm/typescript 44ms (cache revalidated)
npm http fetch GET 200 https://registry.vlt.io/vlt/npm/@tidbcloud%2fserverless 79ms (cache miss)
npm http fetch GET 200 https://registry.vlt.io/vlt/npm/@types%2fbetter-sqlite3 36ms (cache miss)
npm http fetch GET 200 https://registry.vlt.io/vlt/npm/@types%2fpg 43ms (cache miss)
npm http fetch GET 200 https://registry.vlt.io/vlt/npm/@types%2fsql.js 38ms (cache miss)
npm http fetch GET 200 https://registry.vlt.io/vlt/npm/@vercel%2fpostgres 36ms (cache miss)
npm http fetch GET 200 https://registry.vlt.io/vlt/npm/@xata.io%2fclient 48ms (cache miss)
npm http fetch GET 200 https://registry.vlt.io/vlt/npm/bun-types 45ms (cache miss)
npm http fetch GET 200 https://registry.vlt.io/vlt/npm/expo-sqlite 32ms (cache miss)
npm http fetch GET 200 https://registry.vlt.io/vlt/npm/expo 6403ms (cache miss)
npm http fetch GET 200 https://registry.vlt.io/vlt/npm/@expo%2fmetro-runtime 997ms (cache miss)
npm http fetch GET 200 https://registry.vlt.io/vlt/npm/react-dom 40ms (cache miss)
npm http fetch GET 200 https://registry.vlt.io/vlt/npm/react-native-web 2154ms (cache miss)
npm http fetch GET 200 https://registry.vlt.io/vlt/npm/react-native-webview 1876ms (cache miss)
npm http fetch GET 200 https://registry.vlt.io/vlt/npm/gel 773ms (cache miss)
npm http fetch GET 200 https://registry.vlt.io/vlt/npm/knex 2911ms (cache miss)
npm http fetch GET 200 https://registry.vlt.io/vlt/npm/pg-query-stream 409ms (cache miss)
npm http fetch GET 200 https://registry.vlt.io/vlt/npm/pg 972ms (cache miss)
npm http fetch GET 200 https://registry.vlt.io/vlt/npm/pg-native 193ms (cache miss)
npm http fetch GET 200 https://registry.vlt.io/vlt/npm/kysely 1246ms (cache miss)
npm http fetch GET 200 https://registry.vlt.io/vlt/npm/mysql2 1722ms (cache miss)
npm http fetch GET 200 https://registry.vlt.io/vlt/npm/@types%2fnode 38ms (cache revalidated)
npm http fetch GET 200 https://registry.vlt.io/vlt/npm/postgres 405ms (cache miss)
npm http fetch GET 200 https://registry.vlt.io/vlt/npm/sql.js 313ms (cache miss)
npm http fetch GET 200 https://registry.vlt.io/vlt/npm/sqlite3 586ms (cache miss)
npm http fetch GET 200 https://registry.vlt.io/vlt/npm/idb-keyval 294ms (cache miss)
npm http fetch GET 200 https://registry.vlt.io/vlt/npm/ioredis 1402ms (cache miss)
npm http fetch GET 200 https://registry.vlt.io/vlt/npm/uploadthing 441ms (cache miss)
npm http fetch GET 200 https://registry.vlt.io/vlt/npm/express 43ms (cache miss)
npm http fetch GET 200 https://registry.vlt.io/vlt/npm/h3 954ms (cache miss)
npm http fetch GET 200 https://registry.vlt.io/vlt/npm/crossws 434ms (cache miss)
npm http fetch GET 200 https://registry.vlt.io/vlt/npm/srvx 586ms (cache miss)
npm http fetch GET 200 https://registry.vlt.io/vlt/npm/tailwindcss 59ms (cache miss)
npm http fetch GET 200 https://registry.vlt.io/vlt/npm/typescript 46ms (cache revalidated)
npm http fetch GET 200 https://registry.vlt.io/vlt/npm/rollup 47ms (cache miss)
npm http fetch GET 200 https://registry.vlt.io/vlt/npm/remark-gfm 303ms (cache miss)
npm http fetch GET 200 https://registry.vlt.io/vlt/npm/unified 411ms (cache miss)
npm http fetch GET 200 https://registry.vlt.io/vlt/npm/rehype-raw 423ms (cache miss)
npm http fetch GET 200 https://registry.vlt.io/vlt/npm/remark-parse 353ms (cache miss)
npm http fetch GET 200 https://registry.vlt.io/vlt/npm/remark-rehype 288ms (cache miss)
npm http fetch GET 200 https://registry.vlt.io/vlt/npm/@astrojs%2fprism 336ms (cache miss)
npm http fetch GET 200 https://registry.vlt.io/vlt/npm/rehype-stringify 187ms (cache miss)
npm http fetch GET 200 https://registry.vlt.io/vlt/npm/remark-smartypants 193ms (cache miss)
npm http fetch GET 200 https://registry.vlt.io/vlt/npm/hast-util-to-text 368ms (cache miss)
npm http fetch GET 200 https://registry.vlt.io/vlt/npm/hast-util-from-html 381ms (cache miss)
npm http fetch GET 200 https://registry.vlt.io/vlt/npm/mdast-util-definitions 335ms (cache miss)
npm http fetch GET 200 https://registry.vlt.io/vlt/npm/debug 39ms (cache revalidated)
npm http fetch GET 200 https://registry.vlt.io/vlt/npm/is-wsl 37ms (cache miss)
npm http fetch GET 200 https://registry.vlt.io/vlt/npm/ci-info 29ms (cache revalidated)
npm http fetch GET 200 https://registry.vlt.io/vlt/npm/unist-util-visit-parents 352ms (cache miss)
npm http fetch GET 200 https://registry.vlt.io/vlt/npm/is-docker 38ms (cache miss)
npm http fetch GET 200 https://registry.vlt.io/vlt/npm/unist-util-remove-position 350ms (cache miss)
npm http fetch GET 200 https://registry.vlt.io/vlt/npm/@types%2festree 31ms (cache miss)
npm http fetch GET 200 https://registry.vlt.io/vlt/npm/estree-walker 31ms (cache revalidated)
npm http fetch GET 200 https://registry.vlt.io/vlt/npm/picomatch 32ms (cache revalidated)
npm http fetch GET 200 https://registry.vlt.io/vlt/npm/fontkitten 256ms (cache miss)
npm http fetch GET 200 https://registry.vlt.io/vlt/npm/which-pm-runs 292ms (cache miss)
npm http fetch GET 200 https://registry.vlt.io/vlt/npm/camelcase 37ms (cache miss)
npm http fetch GET 200 https://registry.vlt.io/vlt/npm/chalk 28ms (cache miss)
npm http fetch GET 200 https://registry.vlt.io/vlt/npm/string-width 28ms (cache miss)
npm http fetch GET 200 https://registry.vlt.io/vlt/npm/type-fest 30ms (cache miss)
npm http fetch GET 200 https://registry.vlt.io/vlt/npm/cli-boxes 218ms (cache miss)
npm http fetch GET 200 https://registry.vlt.io/vlt/npm/wrap-ansi 34ms (cache miss)
npm http fetch GET 200 https://registry.vlt.io/vlt/npm/ansi-align 315ms (cache miss)
npm http fetch GET 200 https://registry.vlt.io/vlt/npm/ms 30ms (cache miss)
npm http fetch GET 200 https://registry.vlt.io/vlt/npm/@esbuild%2faix-ppc64 40ms (cache miss)
npm http fetch GET 200 https://registry.vlt.io/vlt/npm/@esbuild%2flinux-arm 31ms (cache miss)
npm http fetch GET 200 https://registry.vlt.io/vlt/npm/widest-line 312ms (cache miss)
npm http fetch GET 200 https://registry.vlt.io/vlt/npm/@esbuild%2flinux-x64 32ms (cache miss)
npm http fetch GET 200 https://registry.vlt.io/vlt/npm/@esbuild%2fsunos-x64 36ms (cache miss)
npm http fetch GET 200 https://registry.vlt.io/vlt/npm/@esbuild%2fwin32-x64 39ms (cache miss)
npm http fetch GET 200 https://registry.vlt.io/vlt/npm/@esbuild%2fdarwin-x64 31ms (cache miss)
npm http fetch GET 200 https://registry.vlt.io/vlt/npm/base-64 208ms (cache miss)
npm http fetch GET 200 https://registry.vlt.io/vlt/npm/@esbuild%2flinux-ia32 40ms (cache miss)
npm http fetch GET 200 https://registry.vlt.io/vlt/npm/@esbuild%2fnetbsd-x64 31ms (cache miss)
npm http fetch GET 200 https://registry.vlt.io/vlt/npm/@esbuild%2fwin32-ia32 38ms (cache miss)
npm http fetch GET 200 https://registry.vlt.io/vlt/npm/@esbuild%2fandroid-arm 35ms (cache miss)
npm http fetch GET 200 https://registry.vlt.io/vlt/npm/@esbuild%2fandroid-x64 38ms (cache miss)
npm http fetch GET 200 https://registry.vlt.io/vlt/npm/@esbuild%2flinux-arm64 33ms (cache miss)
npm http fetch GET 200 https://registry.vlt.io/vlt/npm/@esbuild%2ffreebsd-x64 42ms (cache miss)
npm http fetch GET 200 https://registry.vlt.io/vlt/npm/@esbuild%2flinux-ppc64 40ms (cache miss)
npm http fetch GET 200 https://registry.vlt.io/vlt/npm/@esbuild%2flinux-s390x 32ms (cache miss)
npm http fetch GET 200 https://registry.vlt.io/vlt/npm/@esbuild%2fopenbsd-x64 38ms (cache miss)
npm http fetch GET 200 https://registry.vlt.io/vlt/npm/@esbuild%2fwin32-arm64 41ms (cache miss)
npm http fetch GET 200 https://registry.vlt.io/vlt/npm/@esbuild%2fdarwin-arm64 31ms (cache miss)
npm http fetch GET 200 https://registry.vlt.io/vlt/npm/@esbuild%2fnetbsd-arm64 38ms (cache miss)
npm http fetch GET 200 https://registry.vlt.io/vlt/npm/@esbuild%2ffreebsd-arm64 30ms (cache miss)
npm http fetch GET 200 https://registry.vlt.io/vlt/npm/@esbuild%2fandroid-arm64 37ms (cache miss)
npm http fetch GET 200 https://registry.vlt.io/vlt/npm/@esbuild%2flinux-loong64 40ms (cache miss)
npm http fetch GET 200 https://registry.vlt.io/vlt/npm/@esbuild%2flinux-riscv64 33ms (cache miss)
npm http fetch GET 200 https://registry.vlt.io/vlt/npm/@esbuild%2fopenbsd-arm64 32ms (cache miss)
npm http fetch GET 200 https://registry.vlt.io/vlt/npm/@esbuild%2flinux-mips64el 29ms (cache miss)
npm http fetch GET 200 https://registry.vlt.io/vlt/npm/fontkitten 38ms (cache revalidated)
npm http fetch GET 200 https://registry.vlt.io/vlt/npm/@esbuild%2fopenharmony-arm64 45ms (cache miss)
npm http fetch GET 200 https://registry.vlt.io/vlt/npm/argparse 41ms (cache miss)
npm http fetch GET 200 https://registry.vlt.io/vlt/npm/@jridgewell%2fsourcemap-codec 29ms (cache miss)
npm http fetch GET 200 https://registry.vlt.io/vlt/npm/@babel%2fparser 37ms (cache miss)
npm http fetch GET 200 https://registry.vlt.io/vlt/npm/@babel%2ftypes 31ms (cache miss)
npm http fetch GET 200 https://registry.vlt.io/vlt/npm/source-map-js 39ms (cache miss)
npm http fetch GET 200 https://registry.vlt.io/vlt/npm/yocto-queue 47ms (cache miss)
npm http fetch GET 200 https://registry.vlt.io/vlt/npm/kleur 38ms (cache miss)
npm http fetch GET 200 https://registry.vlt.io/vlt/npm/p-timeout 211ms (cache miss)
npm http fetch GET 200 https://registry.vlt.io/vlt/npm/sisteransi 190ms (cache miss)
npm http fetch GET 200 https://registry.vlt.io/vlt/npm/eventemitter3 283ms (cache miss)
npm http fetch GET 200 https://registry.vlt.io/vlt/npm/rehype-stringify 39ms (cache revalidated)
npm http fetch GET 200 https://registry.vlt.io/vlt/npm/unified 38ms (cache revalidated)
npm http fetch GET 200 https://registry.vlt.io/vlt/npm/@types%2fhast 181ms (cache miss)
npm http fetch GET 200 https://registry.vlt.io/vlt/npm/detect-libc 32ms (cache miss)
npm http fetch GET 200 https://registry.vlt.io/vlt/npm/@img%2fsharp-wasm32 34ms (cache miss)
npm http fetch GET 200 https://registry.vlt.io/vlt/npm/@img%2fsharp-linux-arm 32ms (cache miss)
npm http fetch GET 200 https://registry.vlt.io/vlt/npm/@img%2fsharp-linux-x64 43ms (cache miss)
npm http fetch GET 200 https://registry.vlt.io/vlt/npm/@img%2fcolour 162ms (cache miss)
npm http fetch GET 200 https://registry.vlt.io/vlt/npm/@img%2fsharp-win32-x64 32ms (cache miss)
npm http fetch GET 200 https://registry.vlt.io/vlt/npm/@img%2fsharp-darwin-x64 35ms (cache miss)
npm http fetch GET 200 https://registry.vlt.io/vlt/npm/@img%2fsharp-linux-arm64 29ms (cache miss)
npm http fetch GET 200 https://registry.vlt.io/vlt/npm/@img%2fsharp-win32-ia32 38ms (cache miss)
npm http fetch GET 200 https://registry.vlt.io/vlt/npm/rehype-parse 344ms (cache miss)
npm http fetch GET 200 https://registry.vlt.io/vlt/npm/@img%2fsharp-linux-s390x 29ms (cache miss)
npm http fetch GET 200 https://registry.vlt.io/vlt/npm/@img%2fsharp-darwin-arm64 31ms (cache miss)
npm http fetch GET 200 https://registry.vlt.io/vlt/npm/@img%2fsharp-linux-ppc64 214ms (cache miss)
npm http fetch GET 200 https://registry.vlt.io/vlt/npm/@img%2fsharp-linuxmusl-x64 37ms (cache miss)
npm http fetch GET 200 https://registry.vlt.io/vlt/npm/@img%2fsharp-linuxmusl-arm64 28ms (cache miss)
npm http fetch GET 200 https://registry.vlt.io/vlt/npm/@img%2fsharp-libvips-linux-arm 32ms (cache miss)
npm http fetch GET 200 https://registry.vlt.io/vlt/npm/@img%2fsharp-linux-riscv64 252ms (cache miss)
npm http fetch GET 200 https://registry.vlt.io/vlt/npm/@img%2fsharp-win32-arm64 322ms (cache miss)
npm http fetch GET 200 https://registry.vlt.io/vlt/npm/@img%2fsharp-libvips-linux-x64 29ms (cache miss)
npm http fetch GET 200 https://registry.vlt.io/vlt/npm/@img%2fsharp-libvips-darwin-x64 39ms (cache miss)
npm http fetch GET 200 https://registry.vlt.io/vlt/npm/@img%2fsharp-libvips-linux-arm64 33ms (cache miss)
npm http fetch GET 200 https://registry.vlt.io/vlt/npm/@img%2fsharp-libvips-linux-s390x 33ms (cache miss)
npm http fetch GET 200 https://registry.vlt.io/vlt/npm/@img%2fsharp-libvips-darwin-arm64 32ms (cache miss)
npm http fetch GET 200 https://registry.vlt.io/vlt/npm/@img%2fsharp-libvips-linuxmusl-x64 29ms (cache miss)
npm http fetch GET 200 https://registry.vlt.io/vlt/npm/@img%2fsharp-libvips-linuxmusl-arm64 32ms (cache miss)
npm http fetch GET 200 https://registry.vlt.io/vlt/npm/@types%2fhast 37ms (cache revalidated)
npm http fetch GET 200 https://registry.vlt.io/vlt/npm/@img%2fsharp-libvips-linux-ppc64 302ms (cache miss)
npm http fetch GET 200 https://registry.vlt.io/vlt/npm/@img%2fsharp-libvips-linux-riscv64 310ms (cache miss)
npm http fetch GET 200 https://registry.vlt.io/vlt/npm/@shikijs%2flangs 279ms (cache miss)
npm http fetch GET 200 https://registry.vlt.io/vlt/npm/@shikijs%2ftypes 400ms (cache miss)
npm http fetch GET 200 https://registry.vlt.io/vlt/npm/@shikijs%2fcore 631ms (cache miss)
npm http fetch GET 200 https://registry.vlt.io/vlt/npm/@shikijs%2fthemes 265ms (cache miss)
npm http fetch GET 200 https://registry.vlt.io/vlt/npm/@shikijs%2fvscode-textmate 200ms (cache miss)
npm http fetch GET 200 https://registry.vlt.io/vlt/npm/sax 31ms (cache miss)
npm http fetch GET 200 https://registry.vlt.io/vlt/npm/csso 30ms (cache miss)
npm http fetch GET 200 https://registry.vlt.io/vlt/npm/css-tree 33ms (cache miss)
npm http fetch GET 200 https://registry.vlt.io/vlt/npm/css-what 43ms (cache miss)
npm http fetch GET 200 https://registry.vlt.io/vlt/npm/@shikijs%2fengine-oniguruma 322ms (cache miss)
npm http fetch GET 200 https://registry.vlt.io/vlt/npm/@shikijs%2fengine-javascript 283ms (cache miss)
npm http fetch GET 200 https://registry.vlt.io/vlt/npm/commander 33ms (cache miss)
npm http fetch GET 200 https://registry.vlt.io/vlt/npm/css-select 37ms (cache miss)
npm http fetch GET 200 https://registry.vlt.io/vlt/npm/picocolors 35ms (cache miss)
npm http fetch GET 200 https://registry.vlt.io/vlt/npm/fdir 35ms (cache miss)
npm http fetch GET 200 https://registry.vlt.io/vlt/npm/css-tree 29ms (cache revalidated)
npm http fetch GET 200 https://registry.vlt.io/vlt/npm/ohash 254ms (cache miss)
npm http fetch GET 200 https://registry.vlt.io/vlt/npm/@types%2funist 199ms (cache miss)
npm http fetch GET 200 https://registry.vlt.io/vlt/npm/ofetch 250ms (cache miss)
npm http fetch GET 200 https://registry.vlt.io/vlt/npm/unist-util-visit-parents 42ms (cache revalidated)
npm http fetch GET 200 https://registry.vlt.io/vlt/npm/anymatch 29ms (cache miss)
npm http fetch GET 200 https://registry.vlt.io/vlt/npm/chokidar 30ms (cache miss)
npm http fetch GET 200 https://registry.vlt.io/vlt/npm/h3 34ms (cache revalidated)
npm http fetch GET 200 https://registry.vlt.io/vlt/npm/lru-cache 43ms (cache miss)
npm http fetch GET 200 https://registry.vlt.io/vlt/npm/unist-util-is 197ms (cache miss)
npm http fetch GET 200 https://registry.vlt.io/vlt/npm/destr 182ms (cache miss)
npm http fetch GET 200 https://registry.vlt.io/vlt/npm/node-fetch-native 227ms (cache miss)
npm http fetch GET 200 https://registry.vlt.io/vlt/npm/fdir 37ms (cache revalidated)
npm http fetch GET 200 https://registry.vlt.io/vlt/npm/rollup 36ms (cache revalidated)
npm http fetch GET 200 https://registry.vlt.io/vlt/npm/esbuild 34ms (cache revalidated)
npm http fetch GET 200 https://registry.vlt.io/vlt/npm/postcss 34ms (cache revalidated)
npm http fetch GET 200 https://registry.vlt.io/vlt/npm/fsevents 30ms (cache miss)
npm http fetch GET 200 https://registry.vlt.io/vlt/npm/vfile-message 372ms (cache miss)
npm http fetch GET 200 https://registry.vlt.io/vlt/npm/ufo 439ms (cache miss)
npm http fetch GET 200 https://registry.vlt.io/vlt/npm/yoctocolors 178ms (cache miss)
npm http fetch GET 200 https://registry.vlt.io/vlt/npm/devlop 187ms (cache miss)
npm http fetch GET 200 https://registry.vlt.io/vlt/npm/hast-util-from-parse5 216ms (cache miss)
npm http fetch GET 200 https://registry.vlt.io/vlt/npm/prismjs 247ms (cache miss)
npm http fetch GET 200 https://registry.vlt.io/vlt/npm/hast-util-is-element 195ms (cache miss)
npm http fetch GET 200 https://registry.vlt.io/vlt/npm/unist-util-find-after 183ms (cache miss)
npm http fetch GET 200 https://registry.vlt.io/vlt/npm/parse5 257ms (cache miss)
npm http fetch GET 200 https://registry.vlt.io/vlt/npm/@types%2fmdast 168ms (cache miss)
npm http fetch GET 200 https://registry.vlt.io/vlt/npm/hast-util-raw 304ms (cache miss)
npm http fetch GET 200 https://registry.vlt.io/vlt/npm/hast-util-to-html 303ms (cache miss)
npm http fetch GET 200 https://registry.vlt.io/vlt/npm/mdast-util-gfm 224ms (cache miss)
npm http fetch GET 200 https://registry.vlt.io/vlt/npm/micromark-extension-gfm 224ms (cache miss)
npm http fetch GET 200 https://registry.vlt.io/vlt/npm/remark-stringify 244ms (cache miss)
npm http fetch GET 200 https://registry.vlt.io/vlt/npm/mdast-util-from-markdown 276ms (cache miss)
npm http fetch GET 200 https://registry.vlt.io/vlt/npm/micromark-util-types 180ms (cache miss)
npm http fetch GET 200 https://registry.vlt.io/vlt/npm/retext-smartypants 228ms (cache miss)
npm http fetch GET 200 https://registry.vlt.io/vlt/npm/retext 296ms (cache miss)
npm http fetch GET 200 https://registry.vlt.io/vlt/npm/mdast-util-to-hast 400ms (cache miss)
npm http fetch GET 200 https://registry.vlt.io/vlt/npm/devlop 43ms (cache revalidated)
npm http fetch GET 200 https://registry.vlt.io/vlt/npm/extend 37ms (cache miss)
npm http fetch GET 200 https://registry.vlt.io/vlt/npm/is-plain-obj 41ms (cache miss)
npm http fetch GET 200 https://registry.vlt.io/vlt/npm/bail 184ms (cache miss)
npm http fetch GET 200 https://registry.vlt.io/vlt/npm/trough 211ms (cache miss)
npm http fetch GET 200 https://registry.vlt.io/vlt/npm/is-inside-container 272ms (cache miss)
npm http fetch GET 200 https://registry.vlt.io/vlt/npm/tiny-inflate 183ms (cache miss)
npm http fetch GET 200 https://registry.vlt.io/vlt/npm/string-width 33ms (cache revalidated)
npm http fetch GET 200 https://registry.vlt.io/vlt/npm/emoji-regex 35ms (cache miss)
npm http fetch GET 200 https://registry.vlt.io/vlt/npm/strip-ansi 43ms (cache miss)
npm http fetch GET 200 https://registry.vlt.io/vlt/npm/strip-ansi 32ms (cache miss)
npm http fetch GET 200 https://registry.vlt.io/vlt/npm/ansi-styles 42ms (cache miss)
npm http fetch GET 200 https://registry.vlt.io/vlt/npm/get-east-asian-width 239ms (cache miss)
npm http fetch GET 200 https://registry.vlt.io/vlt/npm/emoji-regex 31ms (cache revalidated)
npm http fetch GET 200 https://registry.vlt.io/vlt/npm/strip-ansi 33ms (cache revalidated)
npm http fetch GET 200 https://registry.vlt.io/vlt/npm/is-fullwidth-code-point 34ms (cache miss)
npm http fetch GET 200 https://registry.vlt.io/vlt/npm/@types%2funist 64ms (cache revalidated)
npm http fetch GET 200 https://registry.vlt.io/vlt/npm/dequal 231ms (cache miss)
npm http fetch GET 200 https://registry.vlt.io/vlt/npm/hastscript 280ms (cache miss)
npm http fetch GET 200 https://registry.vlt.io/vlt/npm/property-information 273ms (cache miss)
npm http fetch GET 200 https://registry.vlt.io/vlt/npm/entities 36ms (cache miss)
npm http fetch GET 200 https://registry.vlt.io/vlt/npm/vfile-location 222ms (cache miss)
npm http fetch GET 200 https://registry.vlt.io/vlt/npm/web-namespaces 209ms (cache miss)
npm http fetch GET 200 https://registry.vlt.io/vlt/npm/unist-util-stringify-position 222ms (cache miss)
npm http fetch GET 200 https://registry.vlt.io/vlt/npm/hast-util-parse-selector 214ms (cache miss)
npm http fetch GET 200 https://registry.vlt.io/vlt/npm/comma-separated-tokens 225ms (cache miss)
npm http fetch GET 200 https://registry.vlt.io/vlt/npm/space-separated-tokens 331ms (cache miss)
npm http fetch GET 200 https://registry.vlt.io/vlt/npm/@babel%2ftypes 32ms (cache revalidated)
npm http fetch GET 200 https://registry.vlt.io/vlt/npm/@babel%2fhelper-validator-identifier 36ms (cache miss)
npm http fetch GET 200 https://registry.vlt.io/vlt/npm/@babel%2fhelper-string-parser 48ms (cache miss)
npm http fetch GET 200 https://registry.vlt.io/vlt/npm/@ungap%2fstructured-clone 33ms (cache miss)
npm http fetch GET 200 https://registry.vlt.io/vlt/npm/html-void-elements 221ms (cache miss)
npm http fetch GET 200 https://registry.vlt.io/vlt/npm/hast-util-to-parse5 262ms (cache miss)
npm http fetch GET 200 https://registry.vlt.io/vlt/npm/unist-util-position 243ms (cache miss)
npm http fetch GET 200 https://registry.vlt.io/vlt/npm/zwitch 192ms (cache miss)
npm http fetch GET 200 https://registry.vlt.io/vlt/npm/micromark-util-sanitize-uri 180ms (cache miss)
npm http fetch GET 200 https://registry.vlt.io/vlt/npm/trim-lines 183ms (cache miss)
npm http fetch GET 200 https://registry.vlt.io/vlt/npm/micromark-util-character 165ms (cache miss)
npm http fetch GET 200 https://registry.vlt.io/vlt/npm/micromark-util-symbol 193ms (cache miss)
npm http fetch GET 200 https://registry.vlt.io/vlt/npm/micromark-util-encode 215ms (cache miss)
npm http fetch GET 200 https://registry.vlt.io/vlt/npm/hast-util-whitespace 188ms (cache miss)
npm http fetch GET 200 https://registry.vlt.io/vlt/npm/ccount 201ms (cache miss)
npm http fetch GET 200 https://registry.vlt.io/vlt/npm/stringify-entities 234ms (cache miss)
npm http fetch GET 200 https://registry.vlt.io/vlt/npm/character-entities-legacy 201ms (cache miss)
npm http fetch GET 200 https://registry.vlt.io/vlt/npm/character-entities-html4 211ms (cache miss)
npm http fetch GET 200 https://registry.vlt.io/vlt/npm/mdast-util-gfm-autolink-literal 189ms (cache miss)
npm http fetch GET 200 https://registry.vlt.io/vlt/npm/mdast-util-gfm-footnote 192ms (cache miss)
npm http fetch GET 200 https://registry.vlt.io/vlt/npm/mdast-util-gfm-strikethrough 193ms (cache miss)
npm http fetch GET 200 https://registry.vlt.io/vlt/npm/mdast-util-gfm-task-list-item 193ms (cache miss)
npm http fetch GET 200 https://registry.vlt.io/vlt/npm/mdast-util-gfm-table 197ms (cache miss)
npm http fetch GET 200 https://registry.vlt.io/vlt/npm/mdast-util-to-markdown 332ms (cache miss)
npm http fetch GET 200 https://registry.vlt.io/vlt/npm/micromark-extension-gfm-footnote 203ms (cache miss)
npm http fetch GET 200 https://registry.vlt.io/vlt/npm/micromark-extension-gfm-autolink-literal 223ms (cache miss)
npm http fetch GET 200 https://registry.vlt.io/vlt/npm/micromark-extension-gfm-strikethrough 241ms (cache miss)
npm http fetch GET 200 https://registry.vlt.io/vlt/npm/micromark-extension-gfm-tagfilter 207ms (cache miss)
npm http fetch GET 200 https://registry.vlt.io/vlt/npm/micromark-extension-gfm-table 238ms (cache miss)
npm http fetch GET 200 https://registry.vlt.io/vlt/npm/micromark-extension-gfm-task-list-item 240ms (cache miss)
npm http fetch GET 200 https://registry.vlt.io/vlt/npm/micromark-util-combine-extensions 237ms (cache miss)
npm http fetch GET 200 https://registry.vlt.io/vlt/npm/mdast-util-to-string 237ms (cache miss)
npm http fetch GET 200 https://registry.vlt.io/vlt/npm/decode-named-character-reference 300ms (cache miss)
npm http fetch GET 200 https://registry.vlt.io/vlt/npm/micromark 423ms (cache miss)
npm http fetch GET 200 https://registry.vlt.io/vlt/npm/micromark-util-decode-numeric-character-reference 209ms (cache miss)
npm http fetch GET 200 https://registry.vlt.io/vlt/npm/micromark-util-decode-string 163ms (cache miss)
npm http fetch GET 200 https://registry.vlt.io/vlt/npm/micromark-util-normalize-identifier 183ms (cache miss)
npm http fetch GET 200 https://registry.vlt.io/vlt/npm/mdast-util-find-and-replace 212ms (cache miss)
npm http fetch GET 200 https://registry.vlt.io/vlt/npm/micromark-util-normalize-identifier 292ms (cache miss)
npm http fetch GET 200 https://registry.vlt.io/vlt/npm/markdown-table 256ms (cache miss)
npm http fetch GET 200 https://registry.vlt.io/vlt/npm/longest-streak 223ms (cache miss)
npm http fetch GET 200 https://registry.vlt.io/vlt/npm/mdast-util-phrasing 261ms (cache miss)
npm http fetch GET 200 https://registry.vlt.io/vlt/npm/micromark-util-classify-character 320ms (cache miss)
npm http fetch GET 200 https://registry.vlt.io/vlt/npm/character-entities 188ms (cache miss)
npm http fetch GET 200 https://registry.vlt.io/vlt/npm/@types%2fdebug 225ms (cache miss)
npm http fetch GET 200 https://registry.vlt.io/vlt/npm/micromark-core-commonmark 240ms (cache miss)
npm http fetch GET 200 https://registry.vlt.io/vlt/npm/micromark-factory-space 210ms (cache miss)
npm http fetch GET 200 https://registry.vlt.io/vlt/npm/micromark-util-chunked 195ms (cache miss)
npm http fetch GET 200 https://registry.vlt.io/vlt/npm/micromark-util-resolve-all 196ms (cache miss)
npm http fetch GET 200 https://registry.vlt.io/vlt/npm/micromark-util-subtokenize 170ms (cache miss)
npm http fetch GET 200 https://registry.vlt.io/vlt/npm/escape-string-regexp 34ms (cache miss)
npm http fetch GET 200 https://registry.vlt.io/vlt/npm/micromark-factory-destination 159ms (cache miss)
npm http fetch GET 200 https://registry.vlt.io/vlt/npm/@types%2fms 164ms (cache miss)
npm http fetch GET 200 https://registry.vlt.io/vlt/npm/micromark-factory-label 189ms (cache miss)
npm http fetch GET 200 https://registry.vlt.io/vlt/npm/micromark-factory-whitespace 179ms (cache miss)
npm http fetch GET 200 https://registry.vlt.io/vlt/npm/micromark-factory-title 225ms (cache miss)
npm http fetch GET 200 https://registry.vlt.io/vlt/npm/micromark-util-html-tag-name 196ms (cache miss)
npm http fetch GET 200 https://registry.vlt.io/vlt/npm/@types%2fnlcst 175ms (cache miss)
npm http fetch GET 200 https://registry.vlt.io/vlt/npm/retext-stringify 180ms (cache miss)
npm http fetch GET 200 https://registry.vlt.io/vlt/npm/retext-latin 218ms (cache miss)
npm http fetch GET 200 https://registry.vlt.io/vlt/npm/nlcst-to-string 219ms (cache miss)
npm http fetch GET 200 https://registry.vlt.io/vlt/npm/parse-latin 433ms (cache miss)
npm http fetch GET 200 https://registry.vlt.io/vlt/npm/unist-util-visit-children 201ms (cache miss)
npm http fetch GET 200 https://registry.vlt.io/vlt/npm/unist-util-modify-children 210ms (cache miss)
npm http fetch GET 200 https://registry.vlt.io/vlt/npm/array-iterate 229ms (cache miss)
npm http fetch GET 200 https://registry.vlt.io/vlt/npm/@emnapi%2fruntime 30ms (cache miss)
npm http fetch GET 200 https://registry.vlt.io/vlt/npm/tslib 30ms (cache miss)
npm http fetch GET 200 https://registry.vlt.io/vlt/npm/oniguruma-to-es 345ms (cache miss)
npm http fetch GET 200 https://registry.vlt.io/vlt/npm/regex 208ms (cache miss)
npm http fetch GET 200 https://registry.vlt.io/vlt/npm/regex-recursion 231ms (cache miss)
npm http fetch GET 200 https://registry.vlt.io/vlt/npm/oniguruma-parser 252ms (cache miss)
npm http fetch GET 200 https://registry.vlt.io/vlt/npm/regex-utilities 153ms (cache miss)
npm http fetch GET 200 https://registry.vlt.io/vlt/npm/regex-utilities 285ms (cache miss)
npm http fetch GET 200 https://registry.vlt.io/vlt/npm/ansi-regex 37ms (cache miss)
npm http fetch GET 200 https://registry.vlt.io/vlt/npm/domutils 39ms (cache miss)
npm http fetch GET 200 https://registry.vlt.io/vlt/npm/boolbase 42ms (cache miss)
npm http fetch GET 200 https://registry.vlt.io/vlt/npm/nth-check 43ms (cache miss)
npm http fetch GET 200 https://registry.vlt.io/vlt/npm/mdn-data 32ms (cache miss)
npm http fetch GET 200 https://registry.vlt.io/vlt/npm/domhandler 39ms (cache miss)
npm http fetch GET 200 https://registry.vlt.io/vlt/npm/domelementtype 38ms (cache miss)
npm http fetch GET 200 https://registry.vlt.io/vlt/npm/domelementtype 42ms (cache miss)
npm http fetch GET 200 https://registry.vlt.io/vlt/npm/dom-serializer 48ms (cache miss)
npm http fetch GET 200 https://registry.vlt.io/vlt/npm/mdn-data 35ms (cache revalidated)
npm http fetch GET 200 https://registry.vlt.io/vlt/npm/entities 29ms (cache revalidated)
npm http fetch GET 200 https://registry.vlt.io/vlt/npm/ufo 59ms (cache revalidated)
npm http fetch GET 200 https://registry.vlt.io/vlt/npm/readdirp 32ms (cache miss)
npm http fetch GET 200 https://registry.vlt.io/vlt/npm/normalize-path 34ms (cache miss)
npm http fetch GET 200 https://registry.vlt.io/vlt/npm/crossws 52ms (cache revalidated)
npm http fetch GET 200 https://registry.vlt.io/vlt/npm/defu 228ms (cache miss)
npm http fetch GET 200 https://registry.vlt.io/vlt/npm/uncrypto 182ms (cache miss)
npm http fetch GET 200 https://registry.vlt.io/vlt/npm/radix3 299ms (cache miss)
npm http fetch GET 200 https://registry.vlt.io/vlt/npm/cookie-es 191ms (cache miss)
npm http fetch GET 200 https://registry.vlt.io/vlt/npm/node-mock-http 209ms (cache miss)
npm http fetch GET 200 https://registry.vlt.io/vlt/npm/iron-webcrypto 310ms (cache miss)
npm http fetch GET 200 https://registry.vlt.io/vlt/npm/@esbuild%2flinux-arm 30ms (cache revalidated)
npm http fetch GET 200 https://registry.vlt.io/vlt/npm/@esbuild%2flinux-x64 33ms (cache revalidated)
npm http fetch GET 200 https://registry.vlt.io/vlt/npm/@esbuild%2faix-ppc64 36ms (cache revalidated)
npm http fetch GET 200 https://registry.vlt.io/vlt/npm/@esbuild%2fwin32-x64 32ms (cache revalidated)
npm http fetch GET 200 https://registry.vlt.io/vlt/npm/@esbuild%2fdarwin-x64 33ms (cache revalidated)
npm http fetch GET 200 https://registry.vlt.io/vlt/npm/@esbuild%2fsunos-x64 41ms (cache revalidated)
npm http fetch GET 200 https://registry.vlt.io/vlt/npm/@esbuild%2fwin32-ia32 35ms (cache revalidated)
npm http fetch GET 200 https://registry.vlt.io/vlt/npm/@esbuild%2flinux-ia32 44ms (cache revalidated)
npm http fetch GET 200 https://registry.vlt.io/vlt/npm/@esbuild%2fnetbsd-x64 45ms (cache revalidated)
npm http fetch GET 200 https://registry.vlt.io/vlt/npm/@esbuild%2ffreebsd-x64 32ms (cache revalidated)
npm http fetch GET 200 https://registry.vlt.io/vlt/npm/@esbuild%2fandroid-x64 39ms (cache revalidated)
npm http fetch GET 200 https://registry.vlt.io/vlt/npm/@esbuild%2fandroid-arm 47ms (cache revalidated)
npm http fetch GET 200 https://registry.vlt.io/vlt/npm/@esbuild%2flinux-arm64 30ms (cache revalidated)
npm http fetch GET 200 https://registry.vlt.io/vlt/npm/@esbuild%2flinux-s390x 34ms (cache revalidated)
npm http fetch GET 200 https://registry.vlt.io/vlt/npm/@esbuild%2flinux-ppc64 42ms (cache revalidated)
npm http fetch GET 200 https://registry.vlt.io/vlt/npm/@esbuild%2fopenbsd-x64 33ms (cache revalidated)
npm http fetch GET 200 https://registry.vlt.io/vlt/npm/@esbuild%2fdarwin-arm64 36ms (cache revalidated)
npm http fetch GET 200 https://registry.vlt.io/vlt/npm/@esbuild%2fwin32-arm64 58ms (cache revalidated)
npm http fetch GET 200 https://registry.vlt.io/vlt/npm/@esbuild%2fnetbsd-arm64 38ms (cache revalidated)
npm http fetch GET 200 https://registry.vlt.io/vlt/npm/@esbuild%2fandroid-arm64 41ms (cache revalidated)
npm http fetch GET 200 https://registry.vlt.io/vlt/npm/@esbuild%2flinux-loong64 39ms (cache revalidated)
npm http fetch GET 200 https://registry.vlt.io/vlt/npm/@esbuild%2ffreebsd-arm64 43ms (cache revalidated)
npm http fetch GET 200 https://registry.vlt.io/vlt/npm/@esbuild%2flinux-riscv64 45ms (cache revalidated)
npm http fetch GET 200 https://registry.vlt.io/vlt/npm/@esbuild%2fopenbsd-arm64 37ms (cache revalidated)
npm http fetch GET 200 https://registry.vlt.io/vlt/npm/@esbuild%2flinux-mips64el 40ms (cache revalidated)
npm http fetch GET 200 https://registry.vlt.io/vlt/npm/@esbuild%2fopenharmony-arm64 36ms (cache revalidated)
npm http fetch GET 200 https://registry.vlt.io/vlt/npm/nanoid 30ms (cache miss)
npm http fetch GET 200 https://registry.vlt.io/vlt/npm/@rollup%2frollup-darwin-arm64 45ms (cache miss)
npm http fetch GET 200 https://registry.vlt.io/vlt/npm/@rollup%2frollup-android-arm64 28ms (cache miss)
npm http fetch GET 200 https://registry.vlt.io/vlt/npm/@rollup%2frollup-win32-arm64-msvc 29ms (cache miss)
npm http fetch GET 200 https://registry.vlt.io/vlt/npm/@rollup%2frollup-freebsd-arm64 32ms (cache miss)
npm http fetch GET 200 https://registry.vlt.io/vlt/npm/@rollup%2frollup-linux-arm64-gnu 29ms (cache miss)
npm http fetch GET 200 https://registry.vlt.io/vlt/npm/@rollup%2frollup-linux-arm64-musl 38ms (cache miss)
npm http fetch GET 200 https://registry.vlt.io/vlt/npm/@rollup%2frollup-android-arm-eabi 29ms (cache miss)
npm http fetch GET 200 https://registry.vlt.io/vlt/npm/@rollup%2frollup-linux-arm-gnueabihf 32ms (cache miss)
npm http fetch GET 200 https://registry.vlt.io/vlt/npm/@rollup%2frollup-linux-arm-musleabihf 40ms (cache miss)
npm http fetch GET 200 https://registry.vlt.io/vlt/npm/@rollup%2frollup-win32-ia32-msvc 31ms (cache miss)
npm http fetch GET 200 https://registry.vlt.io/vlt/npm/@rollup%2frollup-linux-loong64-gnu 41ms (cache miss)
npm http fetch GET 200 https://registry.vlt.io/vlt/npm/@rollup%2frollup-linux-riscv64-gnu 30ms (cache miss)
npm http fetch GET 200 https://registry.vlt.io/vlt/npm/@rollup%2frollup-linux-riscv64-musl 41ms (cache miss)
npm http fetch GET 200 https://registry.vlt.io/vlt/npm/@rollup%2frollup-linux-ppc64-gnu 33ms (cache miss)
npm http fetch GET 200 https://registry.vlt.io/vlt/npm/@rollup%2frollup-linux-loong64-musl 77ms (cache miss)
npm http fetch GET 200 https://registry.vlt.io/vlt/npm/@rollup%2frollup-linux-s390x-gnu 29ms (cache miss)
npm http fetch GET 200 https://registry.vlt.io/vlt/npm/@rollup%2frollup-linux-ppc64-musl 42ms (cache miss)
npm http fetch GET 200 https://registry.vlt.io/vlt/npm/@rollup%2frollup-darwin-x64 30ms (cache miss)
npm http fetch GET 200 https://registry.vlt.io/vlt/npm/@rollup%2frollup-win32-x64-msvc 28ms (cache miss)
npm http fetch GET 200 https://registry.vlt.io/vlt/npm/@rollup%2frollup-win32-x64-gnu 40ms (cache miss)
npm http fetch GET 200 https://registry.vlt.io/vlt/npm/@rollup%2frollup-freebsd-x64 34ms (cache miss)
npm http fetch GET 200 https://registry.vlt.io/vlt/npm/@rollup%2frollup-linux-x64-gnu 29ms (cache miss)
npm http fetch GET 200 https://registry.vlt.io/vlt/npm/@rollup%2frollup-linux-x64-musl 38ms (cache miss)
npm http fetch GET 200 https://registry.vlt.io/vlt/npm/@rollup%2frollup-openbsd-x64 42ms (cache miss)
npm http fetch GET 200 https://registry.vlt.io/vlt/npm/@rollup%2frollup-openharmony-arm64 41ms (cache miss)
npm http fetch GET 200 https://registry.vlt.io/vlt/npm/ansi-regex 31ms (cache revalidated)
npm http fetch GET 200 https://registry.vlt.io/vlt/npm/nanoid/-/nanoid-3.3.16.tgz 238ms (cache miss)
npm http fetch GET 200 https://registry.vlt.io/vlt/npm/ansi-styles/-/ansi-styles-6.2.3.tgz 250ms (cache miss)
npm http fetch GET 200 https://registry.vlt.io/vlt/npm/is-fullwidth-code-point/-/is-fullwidth-code-point-3.0.0.tgz 253ms (cache miss)
npm http fetch GET 200 https://registry.vlt.io/vlt/npm/normalize-path/-/normalize-path-3.0.0.tgz 267ms (cache miss)
npm http fetch GET 200 https://registry.vlt.io/vlt/npm/uncrypto/-/uncrypto-0.1.3.tgz 275ms (cache miss)
npm http fetch GET 200 https://registry.vlt.io/vlt/npm/yoctocolors/-/yoctocolors-2.1.2.tgz 281ms (cache miss)
npm http fetch GET 200 https://registry.vlt.io/vlt/npm/cookie-es/-/cookie-es-1.2.3.tgz 286ms (cache miss)
npm http fetch GET 200 https://registry.vlt.io/vlt/npm/radix3/-/radix3-1.1.2.tgz 292ms (cache miss)
npm http fetch GET 200 https://registry.vlt.io/vlt/npm/iron-webcrypto/-/iron-webcrypto-1.2.1.tgz 297ms (cache miss)
npm http fetch GET 200 https://registry.vlt.io/vlt/npm/defu/-/defu-6.1.7.tgz 304ms (cache miss)
npm http fetch GET 200 https://registry.vlt.io/vlt/npm/readdirp/-/readdirp-5.0.0.tgz 308ms (cache miss)
npm http fetch GET 200 https://registry.vlt.io/vlt/npm/chokidar/-/chokidar-5.0.0.tgz 341ms (cache miss)
npm http fetch GET 200 https://registry.vlt.io/vlt/npm/anymatch/-/anymatch-3.1.3.tgz 342ms (cache miss)
npm http fetch GET 200 https://registry.vlt.io/vlt/npm/array-iterate/-/array-iterate-2.0.1.tgz 346ms (cache miss)
npm http fetch GET 200 https://registry.vlt.io/vlt/npm/destr/-/destr-2.0.5.tgz 350ms (cache miss)
npm http fetch GET 200 https://registry.vlt.io/vlt/npm/trough/-/trough-2.2.0.tgz 358ms (cache miss)
npm http fetch GET 200 https://registry.vlt.io/vlt/npm/is-plain-obj/-/is-plain-obj-4.1.0.tgz 358ms (cache miss)
npm http fetch GET 200 https://registry.vlt.io/vlt/npm/ohash/-/ohash-2.0.11.tgz 367ms (cache miss)
npm http fetch GET 200 https://registry.vlt.io/vlt/npm/extend/-/extend-3.0.2.tgz 366ms (cache miss)
npm http fetch GET 200 https://registry.vlt.io/vlt/npm/fdir/-/fdir-6.5.0.tgz 379ms (cache miss)
npm http fetch GET 200 https://registry.vlt.io/vlt/npm/ufo/-/ufo-1.6.4.tgz 388ms (cache miss)
npm http fetch GET 200 https://registry.vlt.io/vlt/npm/nth-check/-/nth-check-2.1.1.tgz 399ms (cache miss)
npm http fetch GET 200 https://registry.vlt.io/vlt/npm/domelementtype/-/domelementtype-2.3.0.tgz 405ms (cache miss)
npm http fetch GET 200 https://registry.vlt.io/vlt/npm/bail/-/bail-2.0.2.tgz 412ms (cache miss)
npm http fetch GET 200 https://registry.vlt.io/vlt/npm/boolbase/-/boolbase-1.0.0.tgz 410ms (cache miss)
npm http fetch GET 200 https://registry.vlt.io/vlt/npm/sax/-/sax-1.6.0.tgz 418ms (cache miss)
npm http fetch GET 200 https://registry.vlt.io/vlt/npm/picocolors/-/picocolors-1.1.1.tgz 418ms (cache miss)
npm http fetch GET 200 https://registry.vlt.io/vlt/npm/domhandler/-/domhandler-5.0.3.tgz 424ms (cache miss)
npm http fetch GET 200 https://registry.vlt.io/vlt/npm/css-what/-/css-what-6.2.2.tgz 424ms (cache miss)
npm http fetch GET 200 https://registry.vlt.io/vlt/npm/character-entities-html4/-/character-entities-html4-2.1.0.tgz 443ms (cache miss)
npm http fetch GET 200 https://registry.vlt.io/vlt/npm/emoji-regex/-/emoji-regex-10.6.0.tgz 448ms (cache miss)
npm http fetch GET 200 https://registry.vlt.io/vlt/npm/character-entities-legacy/-/character-entities-legacy-3.0.0.tgz 455ms (cache miss)
npm http fetch GET 200 https://registry.vlt.io/vlt/npm/get-east-asian-width/-/get-east-asian-width-1.6.0.tgz 461ms (cache miss)
npm http fetch GET 200 https://registry.vlt.io/vlt/npm/regex-utilities/-/regex-utilities-2.3.0.tgz 483ms (cache miss)
npm http fetch GET 200 https://registry.vlt.io/vlt/npm/strip-ansi/-/strip-ansi-7.2.0.tgz 484ms (cache miss)
npm http fetch GET 200 https://registry.vlt.io/vlt/npm/ansi-regex/-/ansi-regex-6.2.2.tgz 485ms (cache miss)
npm http fetch GET 200 https://registry.vlt.io/vlt/npm/regex-recursion/-/regex-recursion-6.0.2.tgz 485ms (cache miss)
npm http fetch GET 200 https://registry.vlt.io/vlt/npm/@shikijs/types/-/types-3.23.0.tgz 509ms (cache miss)
npm http fetch GET 200 https://registry.vlt.io/vlt/npm/detect-libc/-/detect-libc-2.1.2.tgz 508ms (cache miss)
npm http fetch GET 200 https://registry.vlt.io/vlt/npm/@shikijs/engine-javascript/-/engine-javascript-3.23.0.tgz 550ms (cache miss)
npm http fetch GET 200 https://registry.vlt.io/vlt/npm/unist-util-visit-children/-/unist-util-visit-children-3.0.0.tgz 554ms (cache miss)
npm http fetch GET 200 https://registry.vlt.io/vlt/npm/@shikijs/vscode-textmate/-/vscode-textmate-10.0.2.tgz 562ms (cache miss)
npm http fetch GET 200 https://registry.vlt.io/vlt/npm/unist-util-modify-children/-/unist-util-modify-children-4.0.0.tgz 560ms (cache miss)
npm http fetch GET 200 https://registry.vlt.io/vlt/npm/retext-latin/-/retext-latin-4.0.0.tgz 574ms (cache miss)
npm http fetch GET 200 https://registry.vlt.io/vlt/npm/@shikijs/core/-/core-3.23.0.tgz 592ms (cache miss)
npm http fetch GET 200 https://registry.vlt.io/vlt/npm/@img/colour/-/colour-1.1.0.tgz 592ms (cache miss)
npm http fetch GET 200 https://registry.vlt.io/vlt/npm/retext-stringify/-/retext-stringify-4.0.0.tgz 591ms (cache miss)
npm http fetch GET 200 https://registry.vlt.io/vlt/npm/retext-smartypants/-/retext-smartypants-6.2.0.tgz 592ms (cache miss)
npm http fetch GET 200 https://registry.vlt.io/vlt/npm/nlcst-to-string/-/nlcst-to-string-4.0.0.tgz 602ms (cache miss)
npm http fetch GET 200 https://registry.vlt.io/vlt/npm/@types/nlcst/-/nlcst-2.0.3.tgz 601ms (cache miss)
npm http fetch GET 200 https://registry.vlt.io/vlt/npm/micromark-extension-gfm-task-list-item/-/micromark-extension-gfm-task-list-item-2.1.0.tgz 600ms (cache miss)
npm http fetch GET 200 https://registry.vlt.io/vlt/npm/micromark-extension-gfm-autolink-literal/-/micromark-extension-gfm-autolink-literal-2.1.0.tgz 607ms (cache miss)
npm http fetch GET 200 https://registry.vlt.io/vlt/npm/micromark-extension-gfm-tagfilter/-/micromark-extension-gfm-tagfilter-2.0.0.tgz 616ms (cache miss)
npm http fetch GET 200 https://registry.vlt.io/vlt/npm/micromark-util-html-tag-name/-/micromark-util-html-tag-name-2.0.1.tgz 615ms (cache miss)
npm http fetch GET 200 https://registry.vlt.io/vlt/npm/micromark-extension-gfm-strikethrough/-/micromark-extension-gfm-strikethrough-2.1.0.tgz 616ms (cache miss)
npm http fetch GET 200 https://registry.vlt.io/vlt/npm/retext/-/retext-9.0.0.tgz 629ms (cache miss)
npm http fetch GET 200 https://registry.vlt.io/vlt/npm/micromark-factory-whitespace/-/micromark-factory-whitespace-2.0.1.tgz 638ms (cache miss)
npm http fetch GET 200 https://registry.vlt.io/vlt/npm/micromark-factory-destination/-/micromark-factory-destination-2.0.1.tgz 645ms (cache miss)
npm http fetch GET 200 https://registry.vlt.io/vlt/npm/micromark-factory-label/-/micromark-factory-label-2.0.1.tgz 656ms (cache miss)
npm http fetch GET 200 https://registry.vlt.io/vlt/npm/@types/ms/-/ms-2.1.0.tgz 656ms (cache miss)
npm http fetch GET 200 https://registry.vlt.io/vlt/npm/h3/-/h3-1.15.11.tgz 679ms (cache miss)
npm http fetch GET 200 https://registry.vlt.io/vlt/npm/micromark-factory-title/-/micromark-factory-title-2.0.1.tgz 665ms (cache miss)
npm http fetch GET 200 https://registry.vlt.io/vlt/npm/micromark-util-subtokenize/-/micromark-util-subtokenize-2.1.0.tgz 664ms (cache miss)
npm http fetch GET 200 https://registry.vlt.io/vlt/npm/micromark-factory-space/-/micromark-factory-space-2.0.1.tgz 677ms (cache miss)
npm http fetch GET 200 https://registry.vlt.io/vlt/npm/micromark-util-combine-extensions/-/micromark-util-combine-extensions-2.0.1.tgz 678ms (cache miss)
npm http fetch GET 200 https://registry.vlt.io/vlt/npm/micromark-util-chunked/-/micromark-util-chunked-2.0.1.tgz 678ms (cache miss)
npm http fetch GET 200 https://registry.vlt.io/vlt/npm/@types/debug/-/debug-4.1.13.tgz 686ms (cache miss)
npm http fetch GET 200 https://registry.vlt.io/vlt/npm/micromark-util-resolve-all/-/micromark-util-resolve-all-2.0.1.tgz 688ms (cache miss)
npm http fetch GET 200 https://registry.vlt.io/vlt/npm/mdast-util-phrasing/-/mdast-util-phrasing-4.1.0.tgz 696ms (cache miss)
npm http fetch GET 200 https://registry.vlt.io/vlt/npm/micromark-util-classify-character/-/micromark-util-classify-character-2.0.1.tgz 705ms (cache miss)
npm http fetch GET 200 https://registry.vlt.io/vlt/npm/mdast-util-find-and-replace/-/mdast-util-find-and-replace-3.0.2.tgz 713ms (cache miss)
npm http fetch GET 200 https://registry.vlt.io/vlt/npm/ofetch/-/ofetch-1.5.1.tgz 740ms (cache miss)
npm http fetch GET 200 https://registry.vlt.io/vlt/npm/dom-serializer/-/dom-serializer-2.0.0.tgz 740ms (cache miss)
npm http fetch GET 200 https://registry.vlt.io/vlt/npm/unist-util-is/-/unist-util-is-6.0.1.tgz 726ms (cache miss)
npm http fetch GET 200 https://registry.vlt.io/vlt/npm/micromark-util-decode-string/-/micromark-util-decode-string-2.0.1.tgz 725ms (cache miss)
npm http fetch GET 200 https://registry.vlt.io/vlt/npm/markdown-table/-/markdown-table-3.0.4.tgz 727ms (cache miss)
npm http fetch GET 200 https://registry.vlt.io/vlt/npm/unist-util-stringify-position/-/unist-util-stringify-position-4.0.0.tgz 736ms (cache miss)
npm http fetch GET 200 https://registry.vlt.io/vlt/npm/micromark-util-normalize-identifier/-/micromark-util-normalize-identifier-2.0.1.tgz 736ms (cache miss)
npm http fetch GET 200 https://registry.vlt.io/vlt/npm/character-entities/-/character-entities-2.0.2.tgz 736ms (cache miss)
npm http fetch GET 200 https://registry.vlt.io/vlt/npm/mdast-util-to-string/-/mdast-util-to-string-4.0.0.tgz 736ms (cache miss)
npm http fetch GET 200 https://registry.vlt.io/vlt/npm/mdast-util-gfm-table/-/mdast-util-gfm-table-2.0.0.tgz 735ms (cache miss)
npm http fetch GET 200 https://registry.vlt.io/vlt/npm/micromark-util-decode-numeric-character-reference/-/micromark-util-decode-numeric-character-reference-2.0.2.tgz 736ms (cache miss)
npm http fetch GET 200 https://registry.vlt.io/vlt/npm/mdast-util-gfm-footnote/-/mdast-util-gfm-footnote-2.1.0.tgz 736ms (cache miss)
npm http fetch GET 200 https://registry.vlt.io/vlt/npm/decode-named-character-reference/-/decode-named-character-reference-1.3.0.tgz 736ms (cache miss)
npm http fetch GET 200 https://registry.vlt.io/vlt/npm/escape-string-regexp/-/escape-string-regexp-5.0.0.tgz 745ms (cache miss)
npm http fetch GET 200 https://registry.vlt.io/vlt/npm/commander/-/commander-11.1.0.tgz 758ms (cache miss)
npm http fetch GET 200 https://registry.vlt.io/vlt/npm/longest-streak/-/longest-streak-3.1.0.tgz 748ms (cache miss)
npm http fetch GET 200 https://registry.vlt.io/vlt/npm/mdast-util-gfm-strikethrough/-/mdast-util-gfm-strikethrough-2.0.0.tgz 746ms (cache miss)
npm http fetch GET 200 https://registry.vlt.io/vlt/npm/mdast-util-gfm-task-list-item/-/mdast-util-gfm-task-list-item-2.0.0.tgz 757ms (cache miss)
npm http fetch GET 200 https://registry.vlt.io/vlt/npm/stringify-entities/-/stringify-entities-4.0.4.tgz 777ms (cache miss)
npm http fetch GET 200 https://registry.vlt.io/vlt/npm/mdast-util-gfm/-/mdast-util-gfm-3.1.0.tgz 778ms (cache miss)
npm http fetch GET 200 https://registry.vlt.io/vlt/npm/remark-stringify/-/remark-stringify-11.0.0.tgz 785ms (cache miss)
npm http fetch GET 200 https://registry.vlt.io/vlt/npm/mdast-util-gfm-autolink-literal/-/mdast-util-gfm-autolink-literal-2.0.1.tgz 786ms (cache miss)
npm http fetch GET 200 https://registry.vlt.io/vlt/npm/micromark-util-encode/-/micromark-util-encode-2.0.1.tgz 785ms (cache miss)
npm http fetch GET 200 https://registry.vlt.io/vlt/npm/micromark-util-types/-/micromark-util-types-2.0.2.tgz 785ms (cache miss)
npm http fetch GET 200 https://registry.vlt.io/vlt/npm/micromark-util-symbol/-/micromark-util-symbol-2.0.1.tgz 786ms (cache miss)
npm http fetch GET 200 https://registry.vlt.io/vlt/npm/ccount/-/ccount-2.0.1.tgz 786ms (cache miss)
npm http fetch GET 200 https://registry.vlt.io/vlt/npm/micromark-util-character/-/micromark-util-character-2.1.1.tgz 796ms (cache miss)
npm http fetch GET 200 https://registry.vlt.io/vlt/npm/trim-lines/-/trim-lines-3.0.1.tgz 796ms (cache miss)
npm http fetch GET 200 https://registry.vlt.io/vlt/npm/@img/sharp-linux-arm64/-/sharp-linux-arm64-0.34.5.tgz 819ms (cache miss)
npm http fetch GET 200 https://registry.vlt.io/vlt/npm/hast-util-whitespace/-/hast-util-whitespace-3.0.0.tgz 809ms (cache miss)
npm http fetch GET 200 https://registry.vlt.io/vlt/npm/micromark-extension-gfm/-/micromark-extension-gfm-3.0.0.tgz 809ms (cache miss)
npm http fetch GET 200 https://registry.vlt.io/vlt/npm/unist-util-position/-/unist-util-position-5.0.0.tgz 816ms (cache miss)
npm http fetch GET 200 https://registry.vlt.io/vlt/npm/hast-util-to-parse5/-/hast-util-to-parse5-8.0.1.tgz 825ms (cache miss)
npm http fetch GET 200 https://registry.vlt.io/vlt/npm/sisteransi/-/sisteransi-1.0.5.tgz 825ms (cache miss)
npm http fetch GET 200 https://registry.vlt.io/vlt/npm/rehype-parse/-/rehype-parse-9.0.1.tgz 826ms (cache miss)
npm http fetch GET 200 https://registry.vlt.io/vlt/npm/kleur/-/kleur-3.0.3.tgz 825ms (cache miss)
npm http fetch GET 200 https://registry.vlt.io/vlt/npm/zwitch/-/zwitch-2.0.4.tgz 841ms (cache miss)
npm http fetch GET 200 https://registry.vlt.io/vlt/npm/@ungap/structured-clone/-/structured-clone-1.3.3.tgz 841ms (cache miss)
npm http fetch GET 200 https://registry.vlt.io/vlt/npm/html-void-elements/-/html-void-elements-3.0.0.tgz 842ms (cache miss)
npm http fetch GET 200 https://registry.vlt.io/vlt/npm/hast-util-raw/-/hast-util-raw-9.1.0.tgz 841ms (cache miss)
npm http fetch GET 200 https://registry.vlt.io/vlt/npm/micromark-util-sanitize-uri/-/micromark-util-sanitize-uri-2.0.1.tgz 858ms (cache miss)
npm http fetch GET 200 https://registry.vlt.io/vlt/npm/p-timeout/-/p-timeout-6.1.4.tgz 857ms (cache miss)
npm http fetch GET 200 https://registry.vlt.io/vlt/npm/eventemitter3/-/eventemitter3-5.0.4.tgz 868ms (cache miss)
npm http fetch GET 200 https://registry.vlt.io/vlt/npm/@babel/helper-validator-identifier/-/helper-validator-identifier-7.29.7.tgz 867ms (cache miss)
npm http fetch GET 200 https://registry.vlt.io/vlt/npm/@types/mdast/-/mdast-4.0.4.tgz 878ms (cache miss)
npm http fetch GET 200 https://registry.vlt.io/vlt/npm/is-inside-container/-/is-inside-container-1.0.0.tgz 877ms (cache miss)
npm http fetch GET 200 https://registry.vlt.io/vlt/npm/yocto-queue/-/yocto-queue-1.2.2.tgz 896ms (cache miss)
npm http fetch GET 200 https://registry.vlt.io/vlt/npm/hast-util-parse-selector/-/hast-util-parse-selector-4.0.0.tgz 895ms (cache miss)
npm http fetch GET 200 https://registry.vlt.io/vlt/npm/web-namespaces/-/web-namespaces-2.0.1.tgz 907ms (cache miss)
npm http fetch GET 200 https://registry.vlt.io/vlt/npm/hast-util-is-element/-/hast-util-is-element-3.0.0.tgz 908ms (cache miss)
npm http fetch GET 200 https://registry.vlt.io/vlt/npm/comma-separated-tokens/-/comma-separated-tokens-2.0.3.tgz 909ms (cache miss)
npm http fetch GET 200 https://registry.vlt.io/vlt/npm/space-separated-tokens/-/space-separated-tokens-2.0.2.tgz 919ms (cache miss)
npm http fetch GET 200 https://registry.vlt.io/vlt/npm/argparse/-/argparse-2.0.1.tgz 920ms (cache miss)
npm http fetch GET 200 https://registry.vlt.io/vlt/npm/unist-util-find-after/-/unist-util-find-after-5.0.0.tgz 920ms (cache miss)
npm http fetch GET 200 https://registry.vlt.io/vlt/npm/vfile-message/-/vfile-message-4.0.3.tgz 928ms (cache miss)
npm http fetch GET 200 https://registry.vlt.io/vlt/npm/dequal/-/dequal-2.0.3.tgz 928ms (cache miss)
npm http fetch GET 200 https://registry.vlt.io/vlt/npm/micromark-extension-gfm-footnote/-/micromark-extension-gfm-footnote-2.1.0.tgz 949ms (cache miss)
npm http fetch GET 200 https://registry.vlt.io/vlt/npm/@babel/helper-string-parser/-/helper-string-parser-7.29.7.tgz 938ms (cache miss)
npm http fetch GET 200 https://registry.vlt.io/vlt/npm/vfile-location/-/vfile-location-5.0.3.tgz 936ms (cache miss)
npm http fetch GET 200 https://registry.vlt.io/vlt/npm/hastscript/-/hastscript-9.0.1.tgz 937ms (cache miss)
npm http fetch GET 200 https://registry.vlt.io/vlt/npm/devlop/-/devlop-1.1.0.tgz 936ms (cache miss)
npm http fetch GET 200 https://registry.vlt.io/vlt/npm/hast-util-from-parse5/-/hast-util-from-parse5-8.0.3.tgz 954ms (cache miss)
npm http fetch GET 200 https://registry.vlt.io/vlt/npm/@types/unist/-/unist-3.0.3.tgz 954ms (cache miss)
npm http fetch GET 200 https://registry.vlt.io/vlt/npm/@types/hast/-/hast-3.0.5.tgz 954ms (cache miss)
npm http fetch GET 200 https://registry.vlt.io/vlt/npm/ms/-/ms-2.1.3.tgz 971ms (cache miss)
npm http fetch GET 200 https://registry.vlt.io/vlt/npm/tiny-inflate/-/tiny-inflate-1.0.3.tgz 975ms (cache miss)
npm http fetch GET 200 https://registry.vlt.io/vlt/npm/widest-line/-/widest-line-5.0.0.tgz 971ms (cache miss)
npm http fetch GET 200 https://registry.vlt.io/vlt/npm/base-64/-/base-64-1.0.0.tgz 976ms (cache miss)
npm http fetch GET 200 https://registry.vlt.io/vlt/npm/wrap-ansi/-/wrap-ansi-9.0.2.tgz 972ms (cache miss)
npm http fetch GET 200 https://registry.vlt.io/vlt/npm/string-width/-/string-width-7.2.0.tgz 989ms (cache miss)
npm http fetch GET 200 https://registry.vlt.io/vlt/npm/@types/estree/-/estree-1.0.9.tgz 988ms (cache miss)
npm http fetch GET 200 https://registry.vlt.io/vlt/npm/cli-boxes/-/cli-boxes-3.0.0.tgz 990ms (cache miss)
npm http fetch GET 200 https://registry.vlt.io/vlt/npm/camelcase/-/camelcase-8.0.0.tgz 990ms (cache miss)
npm http fetch GET 200 https://registry.vlt.io/vlt/npm/@shikijs/engine-oniguruma/-/engine-oniguruma-3.23.0.tgz 1029ms (cache miss)
npm http fetch GET 200 https://registry.vlt.io/vlt/npm/ansi-align/-/ansi-align-3.0.1.tgz 1019ms (cache miss)
npm http fetch GET 200 https://registry.vlt.io/vlt/npm/is-wsl/-/is-wsl-3.1.1.tgz 1019ms (cache miss)
npm http fetch GET 200 https://registry.vlt.io/vlt/npm/chalk/-/chalk-5.6.2.tgz 1031ms (cache miss)
npm http fetch GET 200 https://registry.vlt.io/vlt/npm/remark-smartypants/-/remark-smartypants-3.0.2.tgz 1030ms (cache miss)
npm http fetch GET 200 https://registry.vlt.io/vlt/npm/unist-util-remove-position/-/unist-util-remove-position-5.0.0.tgz 1030ms (cache miss)
npm http fetch GET 200 https://registry.vlt.io/vlt/npm/unist-util-visit-parents/-/unist-util-visit-parents-6.0.2.tgz 1030ms (cache miss)
npm http fetch GET 200 https://registry.vlt.io/vlt/npm/which-pm-runs/-/which-pm-runs-1.1.0.tgz 1037ms (cache miss)
npm http fetch GET 200 https://registry.vlt.io/vlt/npm/is-docker/-/is-docker-3.0.0.tgz 1037ms (cache miss)
npm http fetch GET 200 https://registry.vlt.io/vlt/npm/remark-gfm/-/remark-gfm-4.0.1.tgz 1036ms (cache miss)
npm http fetch GET 200 https://registry.vlt.io/vlt/npm/remark-parse/-/remark-parse-11.0.0.tgz 1037ms (cache miss)
npm http fetch GET 200 https://registry.vlt.io/vlt/npm/remark-rehype/-/remark-rehype-11.1.2.tgz 1044ms (cache miss)
npm http fetch GET 200 https://registry.vlt.io/vlt/npm/rehype-stringify/-/rehype-stringify-10.0.1.tgz 1045ms (cache miss)
npm http fetch GET 200 https://registry.vlt.io/vlt/npm/mdast-util-definitions/-/mdast-util-definitions-6.0.0.tgz 1056ms (cache miss)
npm http fetch GET 200 https://registry.vlt.io/vlt/npm/hast-util-from-html/-/hast-util-from-html-2.0.3.tgz 1070ms (cache miss)
npm http fetch GET 200 https://registry.vlt.io/vlt/npm/@astrojs/prism/-/prism-3.3.0.tgz 1070ms (cache miss)
npm http fetch GET 200 https://registry.vlt.io/vlt/npm/rehype-raw/-/rehype-raw-7.0.0.tgz 1071ms (cache miss)
npm http fetch GET 200 https://registry.vlt.io/vlt/npm/zod-to-ts/-/zod-to-ts-1.2.0.tgz 1070ms (cache miss)
npm http fetch GET 200 https://registry.vlt.io/vlt/npm/yocto-spinner/-/yocto-spinner-0.2.3.tgz 1077ms (cache miss)
npm http fetch GET 200 https://registry.vlt.io/vlt/npm/hast-util-to-text/-/hast-util-to-text-4.0.2.tgz 1087ms (cache miss)
npm http fetch GET 200 https://registry.vlt.io/vlt/npm/vitefu/-/vitefu-1.1.3.tgz 1085ms (cache miss)
npm http fetch GET 200 https://registry.vlt.io/vlt/npm/unifont/-/unifont-0.7.4.tgz 1134ms (cache miss)
npm http fetch GET 200 https://registry.vlt.io/vlt/npm/unist-util-visit/-/unist-util-visit-5.1.0.tgz 1158ms (cache miss)
npm http fetch GET 200 https://registry.vlt.io/vlt/npm/tinyexec/-/tinyexec-1.2.4.tgz 1175ms (cache miss)
npm http fetch GET 200 https://registry.vlt.io/vlt/npm/tinyglobby/-/tinyglobby-0.2.17.tgz 1175ms (cache miss)
npm http fetch GET 200 https://registry.vlt.io/vlt/npm/rehype/-/rehype-13.0.2.tgz 1185ms (cache miss)
npm http fetch GET 200 https://registry.vlt.io/vlt/npm/unified/-/unified-11.0.5.tgz 1199ms (cache miss)
npm http fetch GET 200 https://registry.vlt.io/vlt/npm/package-manager-detector/-/package-manager-detector-1.7.0.tgz 1195ms (cache miss)
npm http fetch GET 200 https://registry.vlt.io/vlt/npm/p-queue/-/p-queue-8.1.1.tgz 1195ms (cache miss)
npm http fetch GET 200 https://registry.vlt.io/vlt/npm/mdast-util-from-markdown/-/mdast-util-from-markdown-2.0.3.tgz 1228ms (cache miss)
npm http fetch GET 200 https://registry.vlt.io/vlt/npm/p-limit/-/p-limit-6.2.0.tgz 1215ms (cache miss)
npm http fetch GET 200 https://registry.vlt.io/vlt/npm/fontkitten/-/fontkitten-1.0.3.tgz 1231ms (cache miss)
npm http fetch GET 200 https://registry.vlt.io/vlt/npm/piccolore/-/piccolore-0.1.3.tgz 1225ms (cache miss)
npm http fetch GET 200 https://registry.vlt.io/vlt/npm/source-map-js/-/source-map-js-1.2.1.tgz 1250ms (cache miss)
npm http fetch GET 200 https://registry.vlt.io/vlt/npm/mrmime/-/mrmime-2.0.1.tgz 1240ms (cache miss)
npm http fetch GET 200 https://registry.vlt.io/vlt/npm/http-cache-semantics/-/http-cache-semantics-4.2.0.tgz 1240ms (cache miss)
npm http fetch GET 200 https://registry.vlt.io/vlt/npm/html-escaper/-/html-escaper-3.0.3.tgz 1240ms (cache miss)
npm http fetch GET 200 https://registry.vlt.io/vlt/npm/github-slugger/-/github-slugger-2.0.0.tgz 1241ms (cache miss)
npm http fetch GET 200 https://registry.vlt.io/vlt/npm/picomatch/-/picomatch-4.0.5.tgz 1252ms (cache miss)
npm http fetch GET 200 https://registry.vlt.io/vlt/npm/estree-walker/-/estree-walker-3.0.3.tgz 1250ms (cache miss)
npm http fetch GET 200 https://registry.vlt.io/vlt/npm/flattie/-/flattie-1.1.1.tgz 1250ms (cache miss)
npm http fetch GET 200 https://registry.vlt.io/vlt/npm/fontace/-/fontace-0.4.1.tgz 1260ms (cache miss)
npm http fetch GET 200 https://registry.vlt.io/vlt/npm/dset/-/dset-3.1.4.tgz 1271ms (cache miss)
npm http fetch GET 200 https://registry.vlt.io/vlt/npm/devalue/-/devalue-5.8.1.tgz 1271ms (cache miss)
npm http fetch GET 200 https://registry.vlt.io/vlt/npm/magicast/-/magicast-0.5.3.tgz 1291ms (cache miss)
npm http fetch GET 200 https://registry.vlt.io/vlt/npm/esbuild/-/esbuild-0.27.7.tgz 1292ms (cache miss)
npm http fetch GET 200 https://registry.vlt.io/vlt/npm/cssesc/-/cssesc-3.0.0.tgz 1293ms (cache miss)
npm http fetch GET 200 https://registry.vlt.io/vlt/npm/cookie/-/cookie-1.1.1.tgz 1292ms (cache miss)
npm http fetch GET 200 https://registry.vlt.io/vlt/npm/deterministic-object-hash/-/deterministic-object-hash-2.0.2.tgz 1294ms (cache miss)
npm http fetch GET 200 https://registry.vlt.io/vlt/npm/debug/-/debug-4.4.3.tgz 1294ms (cache miss)
npm http fetch GET 200 https://registry.vlt.io/vlt/npm/ci-info/-/ci-info-4.4.0.tgz 1294ms (cache miss)
npm http fetch GET 200 https://registry.vlt.io/vlt/npm/dlv/-/dlv-1.1.3.tgz 1310ms (cache miss)
npm http fetch GET 200 https://registry.vlt.io/vlt/npm/es-module-lexer/-/es-module-lexer-1.7.0.tgz 1311ms (cache miss)
npm http fetch GET 200 https://registry.vlt.io/vlt/npm/common-ancestor-path/-/common-ancestor-path-1.0.1.tgz 1310ms (cache miss)
npm http fetch GET 200 https://registry.vlt.io/vlt/npm/yargs-parser/-/yargs-parser-21.1.1.tgz 1322ms (cache miss)
npm http fetch GET 200 https://registry.vlt.io/vlt/npm/clsx/-/clsx-2.1.1.tgz 1314ms (cache miss)
npm http fetch GET 200 https://registry.vlt.io/vlt/npm/boxen/-/boxen-8.0.1.tgz 1315ms (cache miss)
npm http fetch GET 200 https://registry.vlt.io/vlt/npm/xxhash-wasm/-/xxhash-wasm-1.1.0.tgz 1328ms (cache miss)
npm http fetch GET 200 https://registry.vlt.io/vlt/npm/@oslojs/encoding/-/encoding-1.1.0.tgz 1325ms (cache miss)
npm http fetch GET 200 https://registry.vlt.io/vlt/npm/@astrojs/telemetry/-/telemetry-3.3.0.tgz 1325ms (cache miss)
npm http fetch GET 200 https://registry.vlt.io/vlt/npm/@rollup/pluginutils/-/pluginutils-5.4.0.tgz 1330ms (cache miss)
npm http fetch GET 200 https://registry.vlt.io/vlt/npm/@capsizecss/unpack/-/unpack-4.0.1.tgz 1330ms (cache miss)
npm http fetch GET 200 https://registry.vlt.io/vlt/npm/@astrojs/markdown-remark/-/markdown-remark-6.3.11.tgz 1330ms (cache miss)
npm http fetch GET 200 https://registry.vlt.io/vlt/npm/@astrojs/internal-helpers/-/internal-helpers-0.7.6.tgz 1334ms (cache miss)
npm http fetch GET 200 https://registry.vlt.io/vlt/npm/ansi-regex/-/ansi-regex-5.0.1.tgz 1333ms (cache miss)
npm http fetch GET 200 https://registry.vlt.io/vlt/npm/strip-ansi/-/strip-ansi-6.0.1.tgz 1337ms (cache miss)
npm http fetch GET 200 https://registry.vlt.io/vlt/npm/emoji-regex/-/emoji-regex-8.0.0.tgz 1340ms (cache miss)
npm http fetch GET 200 https://registry.vlt.io/vlt/npm/estree-walker/-/estree-walker-2.0.2.tgz 1341ms (cache miss)
npm http fetch GET 200 https://registry.vlt.io/vlt/npm/string-width/-/string-width-4.2.3.tgz 1346ms (cache miss)
npm http fetch GET 200 https://registry.vlt.io/vlt/npm/esbuild/-/esbuild-0.25.12.tgz 1350ms (cache miss)
npm http fetch GET 200 https://registry.vlt.io/vlt/npm/picomatch/-/picomatch-2.3.2.tgz 1355ms (cache miss)
npm http fetch GET 200 https://registry.vlt.io/vlt/npm/tsconfck/-/tsconfck-3.1.6.tgz 1370ms (cache miss)
npm http fetch GET 200 https://registry.vlt.io/vlt/npm/@rollup/rollup-linux-arm64-gnu/-/rollup-linux-arm64-gnu-4.62.2.tgz 1421ms (cache miss)
npm warn deprecated tsconfck@3.1.6: unmaintained
npm http fetch GET 200 https://registry.vlt.io/vlt/npm/mdn-data/-/mdn-data-2.27.1.tgz 1440ms (cache miss)
npm http fetch GET 200 https://registry.vlt.io/vlt/npm/node-fetch-native/-/node-fetch-native-1.6.7.tgz 1447ms (cache miss)
npm http fetch GET 200 https://registry.vlt.io/vlt/npm/@jridgewell/sourcemap-codec/-/sourcemap-codec-1.5.5.tgz 1431ms (cache miss)
npm http fetch GET 200 https://registry.vlt.io/vlt/npm/micromark-extension-gfm-table/-/micromark-extension-gfm-table-2.1.1.tgz 1453ms (cache miss)
npm http fetch GET 200 https://registry.vlt.io/vlt/npm/import-meta-resolve/-/import-meta-resolve-4.2.0.tgz 1424ms (cache miss)
npm http fetch GET 200 https://registry.vlt.io/vlt/npm/magic-string/-/magic-string-0.30.21.tgz 1434ms (cache miss)
npm http fetch GET 200 https://registry.vlt.io/vlt/npm/neotraverse/-/neotraverse-0.6.18.tgz 1439ms (cache miss)
npm http fetch GET 200 https://registry.vlt.io/vlt/npm/acorn/-/acorn-8.17.0.tgz 1453ms (cache miss)
npm http fetch GET 200 https://registry.vlt.io/vlt/npm/vfile/-/vfile-6.0.3.tgz 1472ms (cache miss)
npm http fetch GET 200 https://registry.vlt.io/vlt/npm/node-mock-http/-/node-mock-http-1.0.4.tgz 1516ms (cache miss)
npm http fetch GET 200 https://registry.vlt.io/vlt/npm/postcss/-/postcss-8.5.19.tgz 1524ms (cache miss)
npm http fetch GET 200 https://registry.vlt.io/vlt/npm/ultrahtml/-/ultrahtml-1.7.0.tgz 1482ms (cache miss)
npm http fetch GET 200 https://registry.vlt.io/vlt/npm/oniguruma-to-es/-/oniguruma-to-es-4.3.6.tgz 1560ms (cache miss)
npm http fetch GET 200 https://registry.vlt.io/vlt/npm/mdn-data/-/mdn-data-2.0.28.tgz 1541ms (cache miss)
npm http fetch GET 200 https://registry.vlt.io/vlt/npm/@babel/parser/-/parser-7.29.7.tgz 1576ms (cache miss)
npm http fetch GET 200 https://registry.vlt.io/vlt/npm/parse-latin/-/parse-latin-7.0.0.tgz 1605ms (cache miss)
npm http fetch GET 200 https://registry.vlt.io/vlt/npm/sharp/-/sharp-0.34.5.tgz 1578ms (cache miss)
npm http fetch GET 200 https://registry.vlt.io/vlt/npm/crossws/-/crossws-0.3.5.tgz 1627ms (cache miss)
npm http fetch GET 200 https://registry.vlt.io/vlt/npm/hast-util-to-html/-/hast-util-to-html-9.0.5.tgz 1622ms (cache miss)
npm http fetch GET 200 https://registry.vlt.io/vlt/npm/semver/-/semver-7.8.5.tgz 1602ms (cache miss)
npm http fetch GET 200 https://registry.vlt.io/vlt/npm/smol-toml/-/smol-toml-1.7.0.tgz 1609ms (cache miss)
npm http fetch GET 200 https://registry.vlt.io/vlt/npm/regex/-/regex-6.1.0.tgz 1655ms (cache miss)
npm http fetch GET 200 https://registry.vlt.io/vlt/npm/property-information/-/property-information-7.2.0.tgz 1668ms (cache miss)
npm http fetch GET 200 https://registry.vlt.io/vlt/npm/domutils/-/domutils-3.2.2.tgz 1709ms (cache miss)
npm http fetch GET 200 https://registry.vlt.io/vlt/npm/rollup/-/rollup-4.62.2.tgz 1728ms (cache miss)
npm http fetch GET 200 https://registry.vlt.io/vlt/npm/js-yaml/-/js-yaml-4.3.0.tgz 1680ms (cache miss)
npm http fetch GET 200 https://registry.vlt.io/vlt/npm/micromark/-/micromark-4.0.2.tgz 1818ms (cache miss)
npm http fetch GET 200 https://registry.vlt.io/vlt/npm/prompts/-/prompts-2.4.2.tgz 1859ms (cache miss)
npm http fetch GET 200 https://registry.vlt.io/vlt/npm/vite/-/vite-6.4.3.tgz 1878ms (cache miss)
npm http fetch GET 200 https://registry.vlt.io/vlt/npm/entities/-/entities-4.5.0.tgz 1893ms (cache miss)
npm http fetch GET 200 https://registry.vlt.io/vlt/npm/mdast-util-to-hast/-/mdast-util-to-hast-13.2.1.tgz 1939ms (cache miss)
npm http fetch GET 200 https://registry.vlt.io/vlt/npm/parse5/-/parse5-7.3.0.tgz 1934ms (cache miss)
npm http fetch GET 200 https://registry.vlt.io/vlt/npm/csso/-/csso-5.0.5.tgz 1993ms (cache miss)
npm http fetch GET 200 https://registry.vlt.io/vlt/npm/entities/-/entities-6.0.1.tgz 2008ms (cache miss)
npm http fetch GET 200 https://registry.vlt.io/vlt/npm/@shikijs/themes/-/themes-3.23.0.tgz 2050ms (cache miss)
npm http fetch GET 200 https://registry.vlt.io/vlt/npm/micromark-core-commonmark/-/micromark-core-commonmark-2.0.3.tgz 2095ms (cache miss)
npm http fetch GET 200 https://registry.vlt.io/vlt/npm/css-select/-/css-select-5.2.2.tgz 2124ms (cache miss)
npm http fetch GET 200 https://registry.vlt.io/vlt/npm/type-fest/-/type-fest-4.41.0.tgz 2103ms (cache miss)
npm http fetch GET 200 https://registry.vlt.io/vlt/npm/@astrojs/compiler/-/compiler-2.13.1.tgz 2178ms (cache miss)
npm http fetch GET 200 https://registry.vlt.io/vlt/npm/unstorage/-/unstorage-1.17.5.tgz 2200ms (cache miss)
npm http fetch GET 200 https://registry.vlt.io/vlt/npm/diff/-/diff-8.0.4.tgz 2206ms (cache miss)
npm http fetch GET 200 https://registry.vlt.io/vlt/npm/lru-cache/-/lru-cache-11.5.2.tgz 2255ms (cache miss)
npm http fetch GET 200 https://registry.vlt.io/vlt/npm/mdast-util-to-markdown/-/mdast-util-to-markdown-2.1.2.tgz 2236ms (cache miss)
npm http fetch GET 200 https://registry.vlt.io/vlt/npm/oniguruma-parser/-/oniguruma-parser-0.12.2.tgz 2256ms (cache miss)
npm http fetch GET 200 https://registry.vlt.io/vlt/npm/@esbuild/linux-arm64/-/linux-arm64-0.25.12.tgz 2243ms (cache miss)
npm http fetch GET 200 https://registry.vlt.io/vlt/npm/svgo/-/svgo-4.0.2.tgz 2257ms (cache miss)
npm http fetch GET 200 https://registry.vlt.io/vlt/npm/zod-to-json-schema/-/zod-to-json-schema-3.25.2.tgz 2285ms (cache miss)
npm http fetch GET 200 https://registry.vlt.io/vlt/npm/@esbuild/linux-arm64/-/linux-arm64-0.27.7.tgz 2310ms (cache miss)
npm http fetch GET 200 https://registry.vlt.io/vlt/npm/axobject-query/-/axobject-query-4.1.0.tgz 2329ms (cache miss)
npm http fetch GET 200 https://registry.vlt.io/vlt/npm/@babel/types/-/types-7.29.7.tgz 2422ms (cache miss)
npm http fetch GET 200 https://registry.vlt.io/vlt/npm/@img/sharp-libvips-linux-arm64/-/sharp-libvips-linux-arm64-1.2.4.tgz 2475ms (cache miss)
npm http fetch GET 200 https://registry.vlt.io/vlt/npm/aria-query/-/aria-query-5.3.2.tgz 2492ms (cache miss)
npm http fetch GET 200 https://registry.vlt.io/vlt/npm/css-tree/-/css-tree-2.2.1.tgz 2536ms (cache miss)
npm http fetch GET 200 https://registry.vlt.io/vlt/npm/css-tree/-/css-tree-3.2.1.tgz 2621ms (cache miss)
npm http fetch GET 200 https://registry.vlt.io/vlt/npm/typescript/-/typescript-5.9.3.tgz 2643ms (cache miss)
npm http fetch GET 200 https://registry.vlt.io/vlt/npm/prismjs/-/prismjs-1.30.0.tgz 2714ms (cache miss)
npm http fetch GET 200 https://registry.vlt.io/vlt/npm/@shikijs/langs/-/langs-3.23.0.tgz 2770ms (cache miss)
npm http fetch GET 200 https://registry.vlt.io/vlt/npm/zod/-/zod-3.25.76.tgz 2834ms (cache miss)
npm http fetch GET 200 https://registry.vlt.io/vlt/npm/shiki/-/shiki-3.23.0.tgz 2855ms (cache miss)
npm http fetch GET 200 https://registry.vlt.io/vlt/npm/astro/-/astro-5.18.2.tgz 2987ms (cache miss)

added 277 packages in 51s
