npm http fetch GET 200 https://registry.vlt.io/vlt/npm/astro 199ms (cache miss)
npm http fetch GET 200 https://registry.vlt.io/vlt/npm/dlv 123ms (cache miss)
npm http fetch GET 200 https://registry.vlt.io/vlt/npm/clsx 156ms (cache miss)
npm http fetch GET 200 https://registry.vlt.io/vlt/npm/zod 170ms (cache miss)
npm http fetch GET 200 https://registry.vlt.io/vlt/npm/diff 110ms (cache miss)
npm http fetch GET 200 https://registry.vlt.io/vlt/npm/dset 121ms (cache miss)
npm http fetch GET 200 https://registry.vlt.io/vlt/npm/svgo 128ms (cache miss)
npm http fetch GET 200 https://registry.vlt.io/vlt/npm/vite 121ms (cache miss)
npm http fetch GET 200 https://registry.vlt.io/vlt/npm/acorn 127ms (cache miss)
npm http fetch GET 200 https://registry.vlt.io/vlt/npm/boxen 119ms (cache miss)
npm http fetch GET 200 https://registry.vlt.io/vlt/npm/debug 116ms (cache miss)
npm http fetch GET 200 https://registry.vlt.io/vlt/npm/shiki 111ms (cache miss)
npm http fetch GET 200 https://registry.vlt.io/vlt/npm/vfile 128ms (cache miss)
npm http fetch GET 200 https://registry.vlt.io/vlt/npm/cookie 105ms (cache miss)
npm http fetch GET 200 https://registry.vlt.io/vlt/npm/cssesc 104ms (cache miss)
npm http fetch GET 200 https://registry.vlt.io/vlt/npm/mrmime 113ms (cache miss)
npm http fetch GET 200 https://registry.vlt.io/vlt/npm/rehype 115ms (cache miss)
npm http fetch GET 200 https://registry.vlt.io/vlt/npm/semver 108ms (cache miss)
npm http fetch GET 200 https://registry.vlt.io/vlt/npm/vitefu 110ms (cache miss)
npm http fetch GET 200 https://registry.vlt.io/vlt/npm/ci-info 259ms (cache miss)
npm http fetch GET 200 https://registry.vlt.io/vlt/npm/devalue 237ms (cache miss)
npm http fetch GET 200 https://registry.vlt.io/vlt/npm/esbuild 216ms (cache miss)
npm http fetch GET 200 https://registry.vlt.io/vlt/npm/flattie 129ms (cache miss)
npm http fetch GET 200 https://registry.vlt.io/vlt/npm/fontace 127ms (cache miss)
npm http fetch GET 200 https://registry.vlt.io/vlt/npm/js-yaml 117ms (cache miss)
npm http fetch GET 200 https://registry.vlt.io/vlt/npm/p-limit 110ms (cache miss)
npm http fetch GET 200 https://registry.vlt.io/vlt/npm/p-queue 124ms (cache miss)
npm http fetch GET 200 https://registry.vlt.io/vlt/npm/prompts 119ms (cache miss)
npm http fetch GET 200 https://registry.vlt.io/vlt/npm/unifont 391ms (cache miss)
npm http fetch GET 200 https://registry.vlt.io/vlt/npm/magicast 378ms (cache miss)
npm http fetch GET 200 https://registry.vlt.io/vlt/npm/tinyexec 374ms (cache miss)
npm http fetch GET 200 https://registry.vlt.io/vlt/npm/picomatch 115ms (cache miss)
npm http fetch GET 200 https://registry.vlt.io/vlt/npm/tsconfck 127ms (cache miss)
npm http fetch GET 200 https://registry.vlt.io/vlt/npm/piccolore 125ms (cache miss)
npm http fetch GET 200 https://registry.vlt.io/vlt/npm/smol-toml 118ms (cache miss)
npm http fetch GET 200 https://registry.vlt.io/vlt/npm/ultrahtml 120ms (cache miss)
npm http fetch GET 200 https://registry.vlt.io/vlt/npm/unstorage 127ms (cache miss)
npm http fetch GET 200 https://registry.vlt.io/vlt/npm/aria-query 110ms (cache miss)
npm http fetch GET 200 https://registry.vlt.io/vlt/npm/zod-to-ts 117ms (cache miss)
npm http fetch GET 200 https://registry.vlt.io/vlt/npm/tinyglobby 108ms (cache miss)
npm http fetch GET 200 https://registry.vlt.io/vlt/npm/html-escaper 121ms (cache miss)
npm http fetch GET 200 https://registry.vlt.io/vlt/npm/neotraverse 130ms (cache miss)
npm http fetch GET 200 https://registry.vlt.io/vlt/npm/xxhash-wasm 129ms (cache miss)
npm http fetch GET 200 https://registry.vlt.io/vlt/npm/estree-walker 108ms (cache miss)
npm http fetch GET 200 https://registry.vlt.io/vlt/npm/magic-string 115ms (cache miss)
npm http fetch GET 200 https://registry.vlt.io/vlt/npm/yargs-parser 117ms (cache miss)
npm http fetch GET 200 https://registry.vlt.io/vlt/npm/yocto-spinner 110ms (cache miss)
npm http fetch GET 200 https://registry.vlt.io/vlt/npm/axobject-query 114ms (cache miss)
npm http fetch GET 200 https://registry.vlt.io/vlt/npm/github-slugger 118ms (cache miss)
npm http fetch GET 200 https://registry.vlt.io/vlt/npm/es-module-lexer 108ms (cache miss)
npm http fetch GET 200 https://registry.vlt.io/vlt/npm/@oslojs%2fencoding 122ms (cache miss)
npm http fetch GET 200 https://registry.vlt.io/vlt/npm/unist-util-visit 119ms (cache miss)
npm http fetch GET 200 https://registry.vlt.io/vlt/npm/@astrojs%2fcompiler 116ms (cache miss)
npm http fetch GET 200 https://registry.vlt.io/vlt/npm/@astrojs%2ftelemetry 106ms (cache miss)
npm http fetch GET 200 https://registry.vlt.io/vlt/npm/@capsizecss%2funpack 108ms (cache miss)
npm http fetch GET 200 https://registry.vlt.io/vlt/npm/zod-to-json-schema 116ms (cache miss)
npm http fetch GET 200 https://registry.vlt.io/vlt/npm/@rollup%2fpluginutils 110ms (cache miss)
npm http fetch GET 200 https://registry.vlt.io/vlt/npm/import-meta-resolve 112ms (cache miss)
npm http fetch GET 200 https://registry.vlt.io/vlt/npm/common-ancestor-path 117ms (cache miss)
npm http fetch GET 200 https://registry.vlt.io/vlt/npm/http-cache-semantics 119ms (cache miss)
npm http fetch GET 200 https://registry.vlt.io/vlt/npm/package-manager-detector 115ms (cache miss)
npm http fetch GET 200 https://registry.vlt.io/vlt/npm/@astrojs%2finternal-helpers 125ms (cache miss)
npm http fetch GET 200 https://registry.vlt.io/vlt/npm/@astrojs%2fmarkdown-remark 278ms (cache miss)
npm http fetch GET 200 https://registry.vlt.io/vlt/npm/deterministic-object-hash 128ms (cache miss)
npm http fetch GET 200 https://registry.vlt.io/vlt/npm/sharp 120ms (cache miss)
npm http fetch GET 200 https://registry.vlt.io/vlt/npm/@types%2fnode 122ms (cache miss)
npm http fetch GET 200 https://registry.vlt.io/vlt/npm/jiti 126ms (cache miss)
npm http fetch GET 200 https://registry.vlt.io/vlt/npm/less 109ms (cache miss)
npm http fetch GET 200 https://registry.vlt.io/vlt/npm/lightningcss 107ms (cache miss)
npm http fetch GET 200 https://registry.vlt.io/vlt/npm/sass 117ms (cache miss)
npm http fetch GET 200 https://registry.vlt.io/vlt/npm/sass-embedded 116ms (cache miss)
npm http fetch GET 200 https://registry.vlt.io/vlt/npm/stylus 127ms (cache miss)
npm http fetch GET 200 https://registry.vlt.io/vlt/npm/sugarss 110ms (cache miss)
npm http fetch GET 200 https://registry.vlt.io/vlt/npm/postcss 110ms (cache miss)
npm http fetch GET 200 https://registry.vlt.io/vlt/npm/terser 104ms (cache miss)
npm http fetch GET 200 https://registry.vlt.io/vlt/npm/tsx 103ms (cache miss)
npm http fetch GET 200 https://registry.vlt.io/vlt/npm/yaml 140ms (cache miss)
npm http fetch GET 200 https://registry.vlt.io/vlt/npm/typescript 152ms (cache miss)
npm http fetch GET 200 https://registry.vlt.io/vlt/npm/@azure%2fapp-configuration 126ms (cache miss)
npm http fetch GET 200 https://registry.vlt.io/vlt/npm/@azure%2fcosmos 128ms (cache miss)
npm http fetch GET 200 https://registry.vlt.io/vlt/npm/@azure%2fdata-tables 121ms (cache miss)
npm http fetch GET 200 https://registry.vlt.io/vlt/npm/@azure%2fidentity 212ms (cache miss)
npm http fetch GET 200 https://registry.vlt.io/vlt/npm/@azure%2fkeyvault-secrets 123ms (cache miss)
npm http fetch GET 200 https://registry.vlt.io/vlt/npm/@azure%2fstorage-blob 136ms (cache miss)
npm http fetch GET 200 https://registry.vlt.io/vlt/npm/@capacitor%2fpreferences 135ms (cache miss)
npm http fetch GET 200 https://registry.vlt.io/vlt/npm/@capacitor%2fcore 167ms (cache miss)
npm http fetch GET 200 https://registry.vlt.io/vlt/npm/@deno%2fkv 148ms (cache miss)
npm http fetch GET 200 https://registry.vlt.io/vlt/npm/@netlify%2fblobs 166ms (cache miss)
npm http fetch GET 200 https://registry.vlt.io/vlt/npm/@planetscale%2fdatabase 186ms (cache miss)
npm http fetch GET 200 https://registry.vlt.io/vlt/npm/@upstash%2fredis 163ms (cache miss)
npm http fetch GET 200 https://registry.vlt.io/vlt/npm/@vercel%2fblob 159ms (cache miss)
npm http fetch GET 200 https://registry.vlt.io/vlt/npm/@vercel%2ffunctions 171ms (cache miss)
npm http fetch GET 200 https://registry.vlt.io/vlt/npm/@aws-sdk%2fcredential-provider-web-identity 161ms (cache miss)
npm http fetch GET 200 https://registry.vlt.io/vlt/npm/@vercel%2fkv 271ms (cache miss)
npm http fetch GET 200 https://registry.vlt.io/vlt/npm/aws4fetch 251ms (cache miss)
npm http fetch GET 200 https://registry.vlt.io/vlt/npm/db0 180ms (cache miss)
npm http fetch GET 200 https://registry.vlt.io/vlt/npm/@electric-sql%2fpglite 162ms (cache miss)
npm http fetch GET 200 https://registry.vlt.io/vlt/npm/@libsql%2fclient 177ms (cache miss)
npm http fetch GET 200 https://registry.vlt.io/vlt/npm/better-sqlite3 187ms (cache miss)
npm http fetch GET 200 https://registry.vlt.io/vlt/npm/drizzle-orm 509ms (cache miss)
npm http fetch GET 200 https://registry.vlt.io/vlt/npm/@aws-sdk%2fclient-rds-data 142ms (cache miss)
npm http fetch GET 200 https://registry.vlt.io/vlt/npm/@cloudflare%2fworkers-types 143ms (cache miss)
npm http fetch GET 200 https://registry.vlt.io/vlt/npm/@libsql%2fclient-wasm 240ms (cache miss)
npm http fetch GET 200 https://registry.vlt.io/vlt/npm/@neondatabase%2fserverless 165ms (cache miss)
npm http fetch GET 200 https://registry.vlt.io/vlt/npm/@op-engineering%2fop-sqlite 213ms (cache miss)
npm http fetch GET 200 https://registry.vlt.io/vlt/npm/@sqlite.org%2fsqlite-wasm 170ms (cache miss)
npm http fetch GET 200 https://registry.vlt.io/vlt/npm/react 215ms (cache miss)
npm http fetch GET 200 https://registry.vlt.io/vlt/npm/react-native 243ms (cache miss)
npm http fetch GET 200 https://registry.vlt.io/vlt/npm/@react-native%2fjest-preset 115ms (cache miss)
npm http fetch GET 200 https://registry.vlt.io/vlt/npm/@types%2freact 111ms (cache miss)
npm http fetch GET 200 https://registry.vlt.io/vlt/npm/@opentelemetry%2fapi 120ms (cache miss)
npm http fetch GET 200 https://registry.vlt.io/vlt/npm/@prisma%2fclient 276ms (cache miss)
npm http fetch GET 200 https://registry.vlt.io/vlt/npm/prisma 237ms (cache miss)
npm http fetch GET 200 https://registry.vlt.io/vlt/npm/typescript 145ms (cache revalidated)
npm http fetch GET 200 https://registry.vlt.io/vlt/npm/@tidbcloud%2fserverless 124ms (cache miss)
npm http fetch GET 200 https://registry.vlt.io/vlt/npm/@types%2fbetter-sqlite3 115ms (cache miss)
npm http fetch GET 200 https://registry.vlt.io/vlt/npm/@types%2fpg 117ms (cache miss)
npm http fetch GET 200 https://registry.vlt.io/vlt/npm/@types%2fsql.js 110ms (cache miss)
npm http fetch GET 200 https://registry.vlt.io/vlt/npm/@vercel%2fpostgres 107ms (cache miss)
npm http fetch GET 200 https://registry.vlt.io/vlt/npm/@xata.io%2fclient 117ms (cache miss)
npm http fetch GET 200 https://registry.vlt.io/vlt/npm/bun-types 120ms (cache miss)
npm http fetch GET 200 https://registry.vlt.io/vlt/npm/expo-sqlite 115ms (cache miss)
npm http fetch GET 200 https://registry.vlt.io/vlt/npm/expo 119ms (cache miss)
npm http fetch GET 200 https://registry.vlt.io/vlt/npm/@expo%2fdom-webview 111ms (cache miss)
npm http fetch GET 200 https://registry.vlt.io/vlt/npm/@expo%2fmetro-runtime 108ms (cache miss)
npm http fetch GET 200 https://registry.vlt.io/vlt/npm/react-dom 121ms (cache miss)
npm http fetch GET 200 https://registry.vlt.io/vlt/npm/react-native-webview 114ms (cache miss)
npm http fetch GET 200 https://registry.vlt.io/vlt/npm/gel 119ms (cache miss)
npm http fetch GET 200 https://registry.vlt.io/vlt/npm/knex 116ms (cache miss)
npm http fetch GET 200 https://registry.vlt.io/vlt/npm/pg-query-stream 110ms (cache miss)
npm http fetch GET 200 https://registry.vlt.io/vlt/npm/pg 110ms (cache miss)
npm http fetch GET 200 https://registry.vlt.io/vlt/npm/pg-native 107ms (cache miss)
npm http fetch GET 200 https://registry.vlt.io/vlt/npm/kysely 107ms (cache miss)
npm http fetch GET 200 https://registry.vlt.io/vlt/npm/mysql2 121ms (cache miss)
npm http fetch GET 200 https://registry.vlt.io/vlt/npm/@types%2fnode 109ms (cache revalidated)
npm http fetch GET 200 https://registry.vlt.io/vlt/npm/postgres 114ms (cache miss)
npm http fetch GET 200 https://registry.vlt.io/vlt/npm/sql.js 111ms (cache miss)
npm http fetch GET 200 https://registry.vlt.io/vlt/npm/sqlite3 106ms (cache miss)
npm http fetch GET 200 https://registry.vlt.io/vlt/npm/idb-keyval 107ms (cache miss)
npm http fetch GET 200 https://registry.vlt.io/vlt/npm/ioredis 117ms (cache miss)
npm http fetch GET 200 https://registry.vlt.io/vlt/npm/uploadthing 112ms (cache miss)
npm http fetch GET 200 https://registry.vlt.io/vlt/npm/express 112ms (cache miss)
npm http fetch GET 200 https://registry.vlt.io/vlt/npm/h3 120ms (cache miss)
npm http fetch GET 200 https://registry.vlt.io/vlt/npm/crossws 113ms (cache miss)
npm http fetch GET 200 https://registry.vlt.io/vlt/npm/srvx 109ms (cache miss)
npm http fetch GET 200 https://registry.vlt.io/vlt/npm/tailwindcss 125ms (cache miss)
npm http fetch GET 200 https://registry.vlt.io/vlt/npm/typescript 122ms (cache revalidated)
npm http fetch GET 200 https://registry.vlt.io/vlt/npm/rollup 124ms (cache miss)
npm http fetch GET 200 https://registry.vlt.io/vlt/npm/rehype-raw 107ms (cache miss)
npm http fetch GET 200 https://registry.vlt.io/vlt/npm/remark-gfm 113ms (cache miss)
npm http fetch GET 200 https://registry.vlt.io/vlt/npm/unified 117ms (cache miss)
npm http fetch GET 200 https://registry.vlt.io/vlt/npm/remark-parse 105ms (cache miss)
npm http fetch GET 200 https://registry.vlt.io/vlt/npm/@astrojs%2fprism 108ms (cache miss)
npm http fetch GET 200 https://registry.vlt.io/vlt/npm/rehype-stringify 104ms (cache miss)
npm http fetch GET 200 https://registry.vlt.io/vlt/npm/hast-util-to-text 110ms (cache miss)
npm http fetch GET 200 https://registry.vlt.io/vlt/npm/remark-rehype 289ms (cache miss)
npm http fetch GET 200 https://registry.vlt.io/vlt/npm/remark-smartypants 121ms (cache miss)
npm http fetch GET 200 https://registry.vlt.io/vlt/npm/hast-util-from-html 105ms (cache miss)
npm http fetch GET 200 https://registry.vlt.io/vlt/npm/mdast-util-definitions 109ms (cache miss)
npm http fetch GET 200 https://registry.vlt.io/vlt/npm/unist-util-remove-position 104ms (cache miss)
npm http fetch GET 200 https://registry.vlt.io/vlt/npm/unist-util-visit-parents 115ms (cache miss)
npm http fetch GET 200 https://registry.vlt.io/vlt/npm/debug 110ms (cache revalidated)
npm http fetch GET 200 https://registry.vlt.io/vlt/npm/is-wsl 109ms (cache miss)
npm http fetch GET 200 https://registry.vlt.io/vlt/npm/ci-info 105ms (cache revalidated)
npm http fetch GET 200 https://registry.vlt.io/vlt/npm/is-docker 110ms (cache miss)
npm http fetch GET 200 https://registry.vlt.io/vlt/npm/fontkitten 111ms (cache miss)
npm http fetch GET 200 https://registry.vlt.io/vlt/npm/picomatch 105ms (cache revalidated)
npm http fetch GET 200 https://registry.vlt.io/vlt/npm/@types%2festree 101ms (cache miss)
npm http fetch GET 200 https://registry.vlt.io/vlt/npm/which-pm-runs 266ms (cache miss)
npm http fetch GET 200 https://registry.vlt.io/vlt/npm/estree-walker 111ms (cache revalidated)
npm http fetch GET 200 https://registry.vlt.io/vlt/npm/chalk 106ms (cache miss)
npm http fetch GET 200 https://registry.vlt.io/vlt/npm/camelcase 119ms (cache miss)
npm http fetch GET 200 https://registry.vlt.io/vlt/npm/cli-boxes 104ms (cache miss)
npm http fetch GET 200 https://registry.vlt.io/vlt/npm/type-fest 112ms (cache miss)
npm http fetch GET 200 https://registry.vlt.io/vlt/npm/wrap-ansi 117ms (cache miss)
npm http fetch GET 200 https://registry.vlt.io/vlt/npm/ansi-align 108ms (cache miss)
npm http fetch GET 200 https://registry.vlt.io/vlt/npm/widest-line 114ms (cache miss)
npm http fetch GET 200 https://registry.vlt.io/vlt/npm/string-width 112ms (cache miss)
npm http fetch GET 200 https://registry.vlt.io/vlt/npm/ms 115ms (cache miss)
npm http fetch GET 200 https://registry.vlt.io/vlt/npm/base-64 108ms (cache miss)
npm http fetch GET 200 https://registry.vlt.io/vlt/npm/@esbuild%2faix-ppc64 108ms (cache miss)
npm http fetch GET 200 https://registry.vlt.io/vlt/npm/@esbuild%2flinux-arm 109ms (cache miss)
npm http fetch GET 200 https://registry.vlt.io/vlt/npm/@esbuild%2flinux-x64 110ms (cache miss)
npm http fetch GET 200 https://registry.vlt.io/vlt/npm/@esbuild%2fsunos-x64 295ms (cache miss)
npm http fetch GET 200 https://registry.vlt.io/vlt/npm/@esbuild%2fwin32-x64 296ms (cache miss)
npm http fetch GET 200 https://registry.vlt.io/vlt/npm/@esbuild%2fdarwin-x64 312ms (cache miss)
npm http fetch GET 200 https://registry.vlt.io/vlt/npm/@esbuild%2flinux-ia32 118ms (cache miss)
npm http fetch GET 200 https://registry.vlt.io/vlt/npm/@esbuild%2fnetbsd-x64 111ms (cache miss)
npm http fetch GET 200 https://registry.vlt.io/vlt/npm/@esbuild%2fwin32-ia32 114ms (cache miss)
npm http fetch GET 200 https://registry.vlt.io/vlt/npm/@esbuild%2fandroid-x64 116ms (cache miss)
npm http fetch GET 200 https://registry.vlt.io/vlt/npm/@esbuild%2fandroid-arm 122ms (cache miss)
npm http fetch GET 200 https://registry.vlt.io/vlt/npm/@esbuild%2ffreebsd-x64 111ms (cache miss)
npm http fetch GET 200 https://registry.vlt.io/vlt/npm/@esbuild%2flinux-arm64 112ms (cache miss)
npm http fetch GET 200 https://registry.vlt.io/vlt/npm/@esbuild%2flinux-ppc64 147ms (cache miss)
npm http fetch GET 200 https://registry.vlt.io/vlt/npm/@esbuild%2flinux-s390x 115ms (cache miss)
npm http fetch GET 200 https://registry.vlt.io/vlt/npm/@esbuild%2fopenbsd-x64 109ms (cache miss)
npm http fetch GET 200 https://registry.vlt.io/vlt/npm/@esbuild%2fwin32-arm64 102ms (cache miss)
npm http fetch GET 200 https://registry.vlt.io/vlt/npm/@esbuild%2fdarwin-arm64 111ms (cache miss)
npm http fetch GET 200 https://registry.vlt.io/vlt/npm/@esbuild%2fnetbsd-arm64 105ms (cache miss)
npm http fetch GET 200 https://registry.vlt.io/vlt/npm/@esbuild%2fandroid-arm64 118ms (cache miss)
npm http fetch GET 200 https://registry.vlt.io/vlt/npm/@esbuild%2ffreebsd-arm64 119ms (cache miss)
npm http fetch GET 200 https://registry.vlt.io/vlt/npm/@esbuild%2flinux-loong64 110ms (cache miss)
npm http fetch GET 200 https://registry.vlt.io/vlt/npm/@esbuild%2flinux-riscv64 111ms (cache miss)
npm http fetch GET 200 https://registry.vlt.io/vlt/npm/@esbuild%2fopenbsd-arm64 113ms (cache miss)
npm http fetch GET 200 https://registry.vlt.io/vlt/npm/@esbuild%2flinux-mips64el 109ms (cache miss)
npm http fetch GET 200 https://registry.vlt.io/vlt/npm/@esbuild%2fopenharmony-arm64 110ms (cache miss)
npm http fetch GET 200 https://registry.vlt.io/vlt/npm/fontkitten 117ms (cache revalidated)
npm http fetch GET 200 https://registry.vlt.io/vlt/npm/argparse 105ms (cache miss)
npm http fetch GET 200 https://registry.vlt.io/vlt/npm/@jridgewell%2fsourcemap-codec 109ms (cache miss)
npm http fetch GET 200 https://registry.vlt.io/vlt/npm/@babel%2ftypes 103ms (cache miss)
npm http fetch GET 200 https://registry.vlt.io/vlt/npm/@babel%2fparser 112ms (cache miss)
npm http fetch GET 200 https://registry.vlt.io/vlt/npm/source-map-js 113ms (cache miss)
npm http fetch GET 200 https://registry.vlt.io/vlt/npm/yocto-queue 120ms (cache miss)
npm http fetch GET 200 https://registry.vlt.io/vlt/npm/p-timeout 102ms (cache miss)
npm http fetch GET 200 https://registry.vlt.io/vlt/npm/eventemitter3 136ms (cache miss)
npm http fetch GET 200 https://registry.vlt.io/vlt/npm/kleur 119ms (cache miss)
npm http fetch GET 200 https://registry.vlt.io/vlt/npm/sisteransi 117ms (cache miss)
npm http fetch GET 200 https://registry.vlt.io/vlt/npm/unified 106ms (cache revalidated)
npm http fetch GET 200 https://registry.vlt.io/vlt/npm/@types%2fhast 128ms (cache miss)
npm http fetch GET 200 https://registry.vlt.io/vlt/npm/rehype-parse 119ms (cache miss)
npm http fetch GET 200 https://registry.vlt.io/vlt/npm/rehype-stringify 109ms (cache revalidated)
npm http fetch GET 200 https://registry.vlt.io/vlt/npm/@img%2fcolour 214ms (cache miss)
npm http fetch GET 200 https://registry.vlt.io/vlt/npm/@img%2fsharp-wasm32 168ms (cache miss)
npm http fetch GET 200 https://registry.vlt.io/vlt/npm/detect-libc 238ms (cache miss)
npm http fetch GET 200 https://registry.vlt.io/vlt/npm/@img%2fsharp-linux-arm 112ms (cache miss)
npm http fetch GET 200 https://registry.vlt.io/vlt/npm/@img%2fsharp-linux-x64 104ms (cache miss)
npm http fetch GET 200 https://registry.vlt.io/vlt/npm/@img%2fsharp-win32-x64 109ms (cache miss)
npm http fetch GET 200 https://registry.vlt.io/vlt/npm/@img%2fsharp-darwin-x64 101ms (cache miss)
npm http fetch GET 200 https://registry.vlt.io/vlt/npm/@img%2fsharp-win32-ia32 119ms (cache miss)
npm http fetch GET 200 https://registry.vlt.io/vlt/npm/@img%2fsharp-linux-arm64 114ms (cache miss)
npm http fetch GET 200 https://registry.vlt.io/vlt/npm/@img%2fsharp-linux-ppc64 101ms (cache miss)
npm http fetch GET 200 https://registry.vlt.io/vlt/npm/@img%2fsharp-linux-s390x 116ms (cache miss)
npm http fetch GET 200 https://registry.vlt.io/vlt/npm/@img%2fsharp-win32-arm64 118ms (cache miss)
npm http fetch GET 200 https://registry.vlt.io/vlt/npm/@img%2fsharp-darwin-arm64 102ms (cache miss)
npm http fetch GET 200 https://registry.vlt.io/vlt/npm/@img%2fsharp-linux-riscv64 109ms (cache miss)
npm http fetch GET 200 https://registry.vlt.io/vlt/npm/@img%2fsharp-linuxmusl-x64 122ms (cache miss)
npm http fetch GET 200 https://registry.vlt.io/vlt/npm/@img%2fsharp-linuxmusl-arm64 109ms (cache miss)
npm http fetch GET 200 https://registry.vlt.io/vlt/npm/@img%2fsharp-libvips-linux-arm 115ms (cache miss)
npm http fetch GET 200 https://registry.vlt.io/vlt/npm/@img%2fsharp-libvips-linux-x64 118ms (cache miss)
npm http fetch GET 200 https://registry.vlt.io/vlt/npm/@img%2fsharp-libvips-darwin-x64 106ms (cache miss)
npm http fetch GET 200 https://registry.vlt.io/vlt/npm/@img%2fsharp-libvips-linux-arm64 119ms (cache miss)
npm http fetch GET 200 https://registry.vlt.io/vlt/npm/@img%2fsharp-libvips-linux-ppc64 124ms (cache miss)
npm http fetch GET 200 https://registry.vlt.io/vlt/npm/@img%2fsharp-libvips-linux-s390x 116ms (cache miss)
npm http fetch GET 200 https://registry.vlt.io/vlt/npm/@img%2fsharp-libvips-darwin-arm64 104ms (cache miss)
npm http fetch GET 200 https://registry.vlt.io/vlt/npm/@img%2fsharp-libvips-linuxmusl-x64 130ms (cache miss)
npm http fetch GET 200 https://registry.vlt.io/vlt/npm/@img%2fsharp-libvips-linux-riscv64 147ms (cache miss)
npm http fetch GET 200 https://registry.vlt.io/vlt/npm/@img%2fsharp-libvips-linuxmusl-arm64 111ms (cache miss)
npm http fetch GET 200 https://registry.vlt.io/vlt/npm/@types%2fhast 110ms (cache revalidated)
npm http fetch GET 200 https://registry.vlt.io/vlt/npm/@shikijs%2fcore 107ms (cache miss)
npm http fetch GET 200 https://registry.vlt.io/vlt/npm/@shikijs%2flangs 107ms (cache miss)
npm http fetch GET 200 https://registry.vlt.io/vlt/npm/@shikijs%2fthemes 110ms (cache miss)
npm http fetch GET 200 https://registry.vlt.io/vlt/npm/@shikijs%2ftypes 131ms (cache miss)
npm http fetch GET 200 https://registry.vlt.io/vlt/npm/@shikijs%2fvscode-textmate 107ms (cache miss)
npm http fetch GET 200 https://registry.vlt.io/vlt/npm/@shikijs%2fengine-oniguruma 106ms (cache miss)
npm http fetch GET 200 https://registry.vlt.io/vlt/npm/sax 118ms (cache miss)
npm http fetch GET 200 https://registry.vlt.io/vlt/npm/@shikijs%2fengine-javascript 147ms (cache miss)
npm http fetch GET 200 https://registry.vlt.io/vlt/npm/csso 107ms (cache miss)
npm http fetch GET 200 https://registry.vlt.io/vlt/npm/css-tree 111ms (cache miss)
npm http fetch GET 200 https://registry.vlt.io/vlt/npm/css-what 115ms (cache miss)
npm http fetch GET 200 https://registry.vlt.io/vlt/npm/commander 114ms (cache miss)
npm http fetch GET 200 https://registry.vlt.io/vlt/npm/css-select 120ms (cache miss)
npm http fetch GET 200 https://registry.vlt.io/vlt/npm/picocolors 117ms (cache miss)
npm http fetch GET 200 https://registry.vlt.io/vlt/npm/fdir 124ms (cache miss)
npm http fetch GET 200 https://registry.vlt.io/vlt/npm/ohash 104ms (cache miss)
npm http fetch GET 200 https://registry.vlt.io/vlt/npm/ofetch 106ms (cache miss)
npm http fetch GET 200 https://registry.vlt.io/vlt/npm/css-tree 106ms (cache revalidated)
npm http fetch GET 200 https://registry.vlt.io/vlt/npm/@types%2funist 112ms (cache miss)
npm http fetch GET 200 https://registry.vlt.io/vlt/npm/unist-util-is 122ms (cache miss)
npm http fetch GET 200 https://registry.vlt.io/vlt/npm/unist-util-visit-parents 110ms (cache revalidated)
npm http fetch GET 200 https://registry.vlt.io/vlt/npm/h3 103ms (cache revalidated)
npm http fetch GET 200 https://registry.vlt.io/vlt/npm/ufo 117ms (cache miss)
npm http fetch GET 200 https://registry.vlt.io/vlt/npm/destr 114ms (cache miss)
npm http fetch GET 200 https://registry.vlt.io/vlt/npm/anymatch 111ms (cache miss)
npm http fetch GET 200 https://registry.vlt.io/vlt/npm/chokidar 112ms (cache miss)
npm http fetch GET 200 https://registry.vlt.io/vlt/npm/lru-cache 111ms (cache miss)
npm http fetch GET 200 https://registry.vlt.io/vlt/npm/node-fetch-native 112ms (cache miss)
npm http fetch GET 200 https://registry.vlt.io/vlt/npm/vfile-message 101ms (cache miss)
npm http fetch GET 200 https://registry.vlt.io/vlt/npm/fdir 119ms (cache revalidated)
npm http fetch GET 200 https://registry.vlt.io/vlt/npm/rollup 121ms (cache revalidated)
npm http fetch GET 200 https://registry.vlt.io/vlt/npm/esbuild 123ms (cache revalidated)
npm http fetch GET 200 https://registry.vlt.io/vlt/npm/postcss 115ms (cache revalidated)
npm http fetch GET 200 https://registry.vlt.io/vlt/npm/fsevents 106ms (cache miss)
npm http fetch GET 200 https://registry.vlt.io/vlt/npm/yoctocolors 106ms (cache miss)
npm http fetch GET 200 https://registry.vlt.io/vlt/npm/prismjs 104ms (cache miss)
npm http fetch GET 200 https://registry.vlt.io/vlt/npm/devlop 120ms (cache miss)
npm http fetch GET 200 https://registry.vlt.io/vlt/npm/parse5 121ms (cache miss)
npm http fetch GET 200 https://registry.vlt.io/vlt/npm/hast-util-from-parse5 113ms (cache miss)
npm http fetch GET 200 https://registry.vlt.io/vlt/npm/unist-util-find-after 109ms (cache miss)
npm http fetch GET 200 https://registry.vlt.io/vlt/npm/hast-util-is-element 115ms (cache miss)
npm http fetch GET 200 https://registry.vlt.io/vlt/npm/@types%2fmdast 112ms (cache miss)
npm http fetch GET 200 https://registry.vlt.io/vlt/npm/hast-util-raw 115ms (cache miss)
npm http fetch GET 200 https://registry.vlt.io/vlt/npm/hast-util-to-html 118ms (cache miss)
npm http fetch GET 200 https://registry.vlt.io/vlt/npm/mdast-util-gfm 136ms (cache miss)
npm http fetch GET 200 https://registry.vlt.io/vlt/npm/remark-stringify 119ms (cache miss)
npm http fetch GET 200 https://registry.vlt.io/vlt/npm/micromark-extension-gfm 115ms (cache miss)
npm http fetch GET 200 https://registry.vlt.io/vlt/npm/mdast-util-from-markdown 122ms (cache miss)
npm http fetch GET 200 https://registry.vlt.io/vlt/npm/mdast-util-to-hast 121ms (cache miss)
npm http fetch GET 200 https://registry.vlt.io/vlt/npm/micromark-util-types 140ms (cache miss)
npm http fetch GET 200 https://registry.vlt.io/vlt/npm/retext 135ms (cache miss)
npm http fetch GET 200 https://registry.vlt.io/vlt/npm/retext-smartypants 135ms (cache miss)
npm http fetch GET 200 https://registry.vlt.io/vlt/npm/bail 125ms (cache miss)
npm http fetch GET 200 https://registry.vlt.io/vlt/npm/trough 115ms (cache miss)
npm http fetch GET 200 https://registry.vlt.io/vlt/npm/extend 121ms (cache miss)
npm http fetch GET 200 https://registry.vlt.io/vlt/npm/devlop 131ms (cache revalidated)
npm http fetch GET 200 https://registry.vlt.io/vlt/npm/is-plain-obj 103ms (cache miss)
npm http fetch GET 200 https://registry.vlt.io/vlt/npm/is-inside-container 101ms (cache miss)
npm http fetch GET 200 https://registry.vlt.io/vlt/npm/tiny-inflate 106ms (cache miss)
npm http fetch GET 200 https://registry.vlt.io/vlt/npm/string-width 110ms (cache revalidated)
npm http fetch GET 200 https://registry.vlt.io/vlt/npm/strip-ansi 114ms (cache miss)
npm http fetch GET 200 https://registry.vlt.io/vlt/npm/emoji-regex 118ms (cache miss)
npm http fetch GET 200 https://registry.vlt.io/vlt/npm/get-east-asian-width 107ms (cache miss)
npm http fetch GET 200 https://registry.vlt.io/vlt/npm/ansi-styles 108ms (cache miss)
npm http fetch GET 200 https://registry.vlt.io/vlt/npm/emoji-regex 111ms (cache revalidated)
npm http fetch GET 200 https://registry.vlt.io/vlt/npm/is-fullwidth-code-point 113ms (cache miss)
npm http fetch GET 200 https://registry.vlt.io/vlt/npm/strip-ansi 116ms (cache revalidated)
npm http fetch GET 200 https://registry.vlt.io/vlt/npm/@types%2funist 110ms (cache revalidated)
npm http fetch GET 200 https://registry.vlt.io/vlt/npm/dequal 115ms (cache miss)
npm http fetch GET 200 https://registry.vlt.io/vlt/npm/hastscript 116ms (cache miss)
npm http fetch GET 200 https://registry.vlt.io/vlt/npm/vfile-location 112ms (cache miss)
npm http fetch GET 200 https://registry.vlt.io/vlt/npm/property-information 123ms (cache miss)
npm http fetch GET 200 https://registry.vlt.io/vlt/npm/web-namespaces 126ms (cache miss)
npm http fetch GET 200 https://registry.vlt.io/vlt/npm/entities 107ms (cache miss)
npm http fetch GET 200 https://registry.vlt.io/vlt/npm/unist-util-stringify-position 113ms (cache miss)
npm http fetch GET 200 https://registry.vlt.io/vlt/npm/space-separated-tokens 117ms (cache miss)
npm http fetch GET 200 https://registry.vlt.io/vlt/npm/hast-util-parse-selector 117ms (cache miss)
npm http fetch GET 200 https://registry.vlt.io/vlt/npm/comma-separated-tokens 121ms (cache miss)
npm http fetch GET 200 https://registry.vlt.io/vlt/npm/@babel%2fhelper-string-parser 113ms (cache miss)
npm http fetch GET 200 https://registry.vlt.io/vlt/npm/@babel%2fhelper-validator-identifier 116ms (cache miss)
npm http fetch GET 200 https://registry.vlt.io/vlt/npm/zwitch 118ms (cache miss)
npm http fetch GET 200 https://registry.vlt.io/vlt/npm/html-void-elements 119ms (cache miss)
npm http fetch GET 200 https://registry.vlt.io/vlt/npm/hast-util-to-parse5 122ms (cache miss)
npm http fetch GET 200 https://registry.vlt.io/vlt/npm/@ungap%2fstructured-clone 130ms (cache miss)
npm http fetch GET 200 https://registry.vlt.io/vlt/npm/unist-util-position 133ms (cache miss)
npm http fetch GET 200 https://registry.vlt.io/vlt/npm/trim-lines 175ms (cache miss)
npm http fetch GET 200 https://registry.vlt.io/vlt/npm/micromark-util-sanitize-uri 176ms (cache miss)
npm http fetch GET 200 https://registry.vlt.io/vlt/npm/micromark-util-symbol 115ms (cache miss)
npm http fetch GET 200 https://registry.vlt.io/vlt/npm/micromark-util-character 115ms (cache miss)
npm http fetch GET 200 https://registry.vlt.io/vlt/npm/micromark-util-encode 118ms (cache miss)
npm http fetch GET 200 https://registry.vlt.io/vlt/npm/ccount 108ms (cache miss)
npm http fetch GET 200 https://registry.vlt.io/vlt/npm/hast-util-whitespace 114ms (cache miss)
npm http fetch GET 200 https://registry.vlt.io/vlt/npm/stringify-entities 118ms (cache miss)
npm http fetch GET 200 https://registry.vlt.io/vlt/npm/character-entities-legacy 111ms (cache miss)
npm http fetch GET 200 https://registry.vlt.io/vlt/npm/character-entities-html4 112ms (cache miss)
npm http fetch GET 200 https://registry.vlt.io/vlt/npm/mdast-util-gfm-table 176ms (cache miss)
npm http fetch GET 200 https://registry.vlt.io/vlt/npm/mdast-util-gfm-footnote 264ms (cache miss)
npm http fetch GET 200 https://registry.vlt.io/vlt/npm/mdast-util-to-markdown 296ms (cache miss)
npm http fetch GET 200 https://registry.vlt.io/vlt/npm/mdast-util-gfm-strikethrough 193ms (cache miss)
npm http fetch GET 200 https://registry.vlt.io/vlt/npm/mdast-util-gfm-task-list-item 119ms (cache miss)
npm http fetch GET 200 https://registry.vlt.io/vlt/npm/mdast-util-gfm-autolink-literal 124ms (cache miss)
npm http fetch GET 200 https://registry.vlt.io/vlt/npm/micromark-extension-gfm-table 108ms (cache miss)
npm http fetch GET 200 https://registry.vlt.io/vlt/npm/micromark-extension-gfm-footnote 112ms (cache miss)
npm http fetch GET 200 https://registry.vlt.io/vlt/npm/micromark-extension-gfm-tagfilter 107ms (cache miss)
npm http fetch GET 200 https://registry.vlt.io/vlt/npm/micromark-util-combine-extensions 112ms (cache miss)
npm http fetch GET 200 https://registry.vlt.io/vlt/npm/micromark-extension-gfm-strikethrough 114ms (cache miss)
npm http fetch GET 200 https://registry.vlt.io/vlt/npm/micromark-extension-gfm-task-list-item 112ms (cache miss)
npm http fetch GET 200 https://registry.vlt.io/vlt/npm/micromark-extension-gfm-autolink-literal 109ms (cache miss)
npm http fetch GET 200 https://registry.vlt.io/vlt/npm/mdast-util-to-string 108ms (cache miss)
npm http fetch GET 200 https://registry.vlt.io/vlt/npm/micromark-util-decode-string 113ms (cache miss)
npm http fetch GET 200 https://registry.vlt.io/vlt/npm/micromark 115ms (cache miss)
npm http fetch GET 200 https://registry.vlt.io/vlt/npm/decode-named-character-reference 113ms (cache miss)
npm http fetch GET 200 https://registry.vlt.io/vlt/npm/micromark-util-normalize-identifier 112ms (cache miss)
npm http fetch GET 200 https://registry.vlt.io/vlt/npm/micromark-util-decode-numeric-character-reference 114ms (cache miss)
npm http fetch GET 200 https://registry.vlt.io/vlt/npm/markdown-table 108ms (cache miss)
npm http fetch GET 200 https://registry.vlt.io/vlt/npm/longest-streak 120ms (cache miss)
npm http fetch GET 200 https://registry.vlt.io/vlt/npm/mdast-util-find-and-replace 129ms (cache miss)
npm http fetch GET 200 https://registry.vlt.io/vlt/npm/mdast-util-phrasing 110ms (cache miss)
npm http fetch GET 200 https://registry.vlt.io/vlt/npm/micromark-util-classify-character 107ms (cache miss)
npm http fetch GET 200 https://registry.vlt.io/vlt/npm/character-entities 107ms (cache miss)
npm http fetch GET 200 https://registry.vlt.io/vlt/npm/@types%2fdebug 112ms (cache miss)
npm http fetch GET 200 https://registry.vlt.io/vlt/npm/micromark-util-chunked 121ms (cache miss)
npm http fetch GET 200 https://registry.vlt.io/vlt/npm/micromark-core-commonmark 109ms (cache miss)
npm http fetch GET 200 https://registry.vlt.io/vlt/npm/micromark-factory-space 118ms (cache miss)
npm http fetch GET 200 https://registry.vlt.io/vlt/npm/micromark-util-resolve-all 113ms (cache miss)
npm http fetch GET 200 https://registry.vlt.io/vlt/npm/micromark-util-subtokenize 111ms (cache miss)
npm http fetch GET 200 https://registry.vlt.io/vlt/npm/escape-string-regexp 109ms (cache miss)
npm http fetch GET 200 https://registry.vlt.io/vlt/npm/@types%2fms 102ms (cache miss)
npm http fetch GET 200 https://registry.vlt.io/vlt/npm/micromark-factory-title 114ms (cache miss)
npm http fetch GET 200 https://registry.vlt.io/vlt/npm/micromark-factory-label 114ms (cache miss)
npm http fetch GET 200 https://registry.vlt.io/vlt/npm/micromark-factory-whitespace 112ms (cache miss)
npm http fetch GET 200 https://registry.vlt.io/vlt/npm/micromark-factory-destination 110ms (cache miss)
npm http fetch GET 200 https://registry.vlt.io/vlt/npm/micromark-util-html-tag-name 114ms (cache miss)
npm http fetch GET 200 https://registry.vlt.io/vlt/npm/@types%2fnlcst 104ms (cache miss)
npm http fetch GET 200 https://registry.vlt.io/vlt/npm/retext-latin 105ms (cache miss)
npm http fetch GET 200 https://registry.vlt.io/vlt/npm/retext-stringify 117ms (cache miss)
npm http fetch GET 200 https://registry.vlt.io/vlt/npm/nlcst-to-string 115ms (cache miss)
npm http fetch GET 200 https://registry.vlt.io/vlt/npm/parse-latin 120ms (cache miss)
npm http fetch GET 200 https://registry.vlt.io/vlt/npm/unist-util-modify-children 118ms (cache miss)
npm http fetch GET 200 https://registry.vlt.io/vlt/npm/unist-util-visit-children 119ms (cache miss)
npm http fetch GET 200 https://registry.vlt.io/vlt/npm/array-iterate 106ms (cache miss)
npm http fetch GET 200 https://registry.vlt.io/vlt/npm/@emnapi%2fruntime 107ms (cache miss)
npm http fetch GET 200 https://registry.vlt.io/vlt/npm/tslib 109ms (cache miss)
npm http fetch GET 200 https://registry.vlt.io/vlt/npm/oniguruma-to-es 106ms (cache miss)
npm http fetch GET 200 https://registry.vlt.io/vlt/npm/regex-recursion 112ms (cache miss)
npm http fetch GET 200 https://registry.vlt.io/vlt/npm/oniguruma-parser 112ms (cache miss)
npm http fetch GET 200 https://registry.vlt.io/vlt/npm/regex 115ms (cache miss)
npm http fetch GET 200 https://registry.vlt.io/vlt/npm/regex-utilities 113ms (cache miss)
npm http fetch GET 200 https://registry.vlt.io/vlt/npm/regex-utilities 116ms (cache miss)
npm http fetch GET 200 https://registry.vlt.io/vlt/npm/ansi-regex 113ms (cache miss)
npm http fetch GET 200 https://registry.vlt.io/vlt/npm/boolbase 108ms (cache miss)
npm http fetch GET 200 https://registry.vlt.io/vlt/npm/domutils 112ms (cache miss)
npm http fetch GET 200 https://registry.vlt.io/vlt/npm/nth-check 115ms (cache miss)
npm http fetch GET 200 https://registry.vlt.io/vlt/npm/domhandler 114ms (cache miss)
npm http fetch GET 200 https://registry.vlt.io/vlt/npm/mdn-data 117ms (cache miss)
npm http fetch GET 200 https://registry.vlt.io/vlt/npm/domelementtype 116ms (cache miss)
npm http fetch GET 200 https://registry.vlt.io/vlt/npm/dom-serializer 121ms (cache miss)
npm http fetch GET 200 https://registry.vlt.io/vlt/npm/domelementtype 135ms (cache miss)
npm http fetch GET 200 https://registry.vlt.io/vlt/npm/mdn-data 111ms (cache revalidated)
npm http fetch GET 200 https://registry.vlt.io/vlt/npm/entities 112ms (cache revalidated)
npm http fetch GET 200 https://registry.vlt.io/vlt/npm/ufo 130ms (cache revalidated)
npm http fetch GET 200 https://registry.vlt.io/vlt/npm/normalize-path 116ms (cache miss)
npm http fetch GET 200 https://registry.vlt.io/vlt/npm/readdirp 127ms (cache miss)
npm http fetch GET 200 https://registry.vlt.io/vlt/npm/defu 127ms (cache miss)
npm http fetch GET 200 https://registry.vlt.io/vlt/npm/radix3 118ms (cache miss)
npm http fetch GET 200 https://registry.vlt.io/vlt/npm/uncrypto 113ms (cache miss)
npm http fetch GET 200 https://registry.vlt.io/vlt/npm/crossws 117ms (cache revalidated)
npm http fetch GET 200 https://registry.vlt.io/vlt/npm/cookie-es 207ms (cache miss)
npm http fetch GET 200 https://registry.vlt.io/vlt/npm/node-mock-http 199ms (cache miss)
npm http fetch GET 200 https://registry.vlt.io/vlt/npm/iron-webcrypto 208ms (cache miss)
npm http fetch GET 200 https://registry.vlt.io/vlt/npm/@esbuild%2flinux-arm 113ms (cache revalidated)
npm http fetch GET 200 https://registry.vlt.io/vlt/npm/@esbuild%2faix-ppc64 117ms (cache revalidated)
npm http fetch GET 200 https://registry.vlt.io/vlt/npm/@esbuild%2flinux-x64 123ms (cache revalidated)
npm http fetch GET 200 https://registry.vlt.io/vlt/npm/@esbuild%2fdarwin-x64 111ms (cache revalidated)
npm http fetch GET 200 https://registry.vlt.io/vlt/npm/@esbuild%2fwin32-x64 127ms (cache revalidated)
npm http fetch GET 200 https://registry.vlt.io/vlt/npm/@esbuild%2fsunos-x64 169ms (cache revalidated)
npm http fetch GET 200 https://registry.vlt.io/vlt/npm/@esbuild%2flinux-ia32 109ms (cache revalidated)
npm http fetch GET 200 https://registry.vlt.io/vlt/npm/@esbuild%2fnetbsd-x64 108ms (cache revalidated)
npm http fetch GET 200 https://registry.vlt.io/vlt/npm/@esbuild%2fwin32-ia32 112ms (cache revalidated)
npm http fetch GET 200 https://registry.vlt.io/vlt/npm/@esbuild%2fandroid-arm 114ms (cache revalidated)
npm http fetch GET 200 https://registry.vlt.io/vlt/npm/@esbuild%2fandroid-x64 125ms (cache revalidated)
npm http fetch GET 200 https://registry.vlt.io/vlt/npm/@esbuild%2ffreebsd-x64 111ms (cache revalidated)
npm http fetch GET 200 https://registry.vlt.io/vlt/npm/@esbuild%2flinux-arm64 119ms (cache revalidated)
npm http fetch GET 200 https://registry.vlt.io/vlt/npm/@esbuild%2flinux-ppc64 105ms (cache revalidated)
npm http fetch GET 200 https://registry.vlt.io/vlt/npm/@esbuild%2flinux-s390x 127ms (cache revalidated)
npm http fetch GET 200 https://registry.vlt.io/vlt/npm/@esbuild%2fopenbsd-x64 117ms (cache revalidated)
npm http fetch GET 200 https://registry.vlt.io/vlt/npm/@esbuild%2fwin32-arm64 122ms (cache revalidated)
npm http fetch GET 200 https://registry.vlt.io/vlt/npm/@esbuild%2fdarwin-arm64 117ms (cache revalidated)
npm http fetch GET 200 https://registry.vlt.io/vlt/npm/@esbuild%2fnetbsd-arm64 107ms (cache revalidated)
npm http fetch GET 200 https://registry.vlt.io/vlt/npm/@esbuild%2fandroid-arm64 108ms (cache revalidated)
npm http fetch GET 200 https://registry.vlt.io/vlt/npm/@esbuild%2ffreebsd-arm64 111ms (cache revalidated)
npm http fetch GET 200 https://registry.vlt.io/vlt/npm/@esbuild%2flinux-riscv64 106ms (cache revalidated)
npm http fetch GET 200 https://registry.vlt.io/vlt/npm/@esbuild%2flinux-loong64 123ms (cache revalidated)
npm http fetch GET 200 https://registry.vlt.io/vlt/npm/@esbuild%2fopenbsd-arm64 109ms (cache revalidated)
npm http fetch GET 200 https://registry.vlt.io/vlt/npm/@esbuild%2flinux-mips64el 115ms (cache revalidated)
npm http fetch GET 200 https://registry.vlt.io/vlt/npm/@esbuild%2fopenharmony-arm64 120ms (cache revalidated)
npm http fetch GET 200 https://registry.vlt.io/vlt/npm/nanoid 106ms (cache miss)
npm http fetch GET 200 https://registry.vlt.io/vlt/npm/@rollup%2frollup-darwin-x64 110ms (cache miss)
npm http fetch GET 200 https://registry.vlt.io/vlt/npm/@rollup%2frollup-freebsd-x64 108ms (cache miss)
npm http fetch GET 200 https://registry.vlt.io/vlt/npm/@rollup%2frollup-openbsd-x64 117ms (cache miss)
npm http fetch GET 200 https://registry.vlt.io/vlt/npm/@rollup%2frollup-darwin-arm64 114ms (cache miss)
npm http fetch GET 200 https://registry.vlt.io/vlt/npm/@rollup%2frollup-android-arm64 111ms (cache miss)
npm http fetch GET 200 https://registry.vlt.io/vlt/npm/@rollup%2frollup-freebsd-arm64 114ms (cache miss)
npm http fetch GET 200 https://registry.vlt.io/vlt/npm/@rollup%2frollup-win32-x64-gnu 114ms (cache miss)
npm http fetch GET 200 https://registry.vlt.io/vlt/npm/@rollup%2frollup-linux-x64-gnu 118ms (cache miss)
npm http fetch GET 200 https://registry.vlt.io/vlt/npm/@rollup%2frollup-linux-x64-musl 110ms (cache miss)
npm http fetch GET 200 https://registry.vlt.io/vlt/npm/@rollup%2frollup-linux-arm64-gnu 109ms (cache miss)
npm http fetch GET 200 https://registry.vlt.io/vlt/npm/@rollup%2frollup-win32-x64-msvc 134ms (cache miss)
npm http fetch GET 200 https://registry.vlt.io/vlt/npm/@rollup%2frollup-linux-ppc64-gnu 106ms (cache miss)
npm http fetch GET 200 https://registry.vlt.io/vlt/npm/@rollup%2frollup-linux-s390x-gnu 129ms (cache miss)
npm http fetch GET 200 https://registry.vlt.io/vlt/npm/@rollup%2frollup-win32-ia32-msvc 117ms (cache miss)
npm http fetch GET 200 https://registry.vlt.io/vlt/npm/@rollup%2frollup-android-arm-eabi 114ms (cache miss)
npm http fetch GET 200 https://registry.vlt.io/vlt/npm/@rollup%2frollup-linux-arm64-musl 115ms (cache miss)
npm http fetch GET 200 https://registry.vlt.io/vlt/npm/@rollup%2frollup-linux-ppc64-musl 115ms (cache miss)
npm http fetch GET 200 https://registry.vlt.io/vlt/npm/@rollup%2frollup-win32-arm64-msvc 106ms (cache miss)
npm http fetch GET 200 https://registry.vlt.io/vlt/npm/@rollup%2frollup-linux-riscv64-gnu 111ms (cache miss)
npm http fetch GET 200 https://registry.vlt.io/vlt/npm/@rollup%2frollup-openharmony-arm64 110ms (cache miss)
npm http fetch GET 200 https://registry.vlt.io/vlt/npm/@rollup%2frollup-linux-loong64-gnu 135ms (cache miss)
npm http fetch GET 200 https://registry.vlt.io/vlt/npm/@rollup%2frollup-linux-loong64-musl 120ms (cache miss)
npm http fetch GET 200 https://registry.vlt.io/vlt/npm/@rollup%2frollup-linux-riscv64-musl 120ms (cache miss)
npm http fetch GET 200 https://registry.vlt.io/vlt/npm/@rollup%2frollup-linux-arm-gnueabihf 126ms (cache miss)
npm http fetch GET 200 https://registry.vlt.io/vlt/npm/@rollup%2frollup-linux-arm-musleabihf 116ms (cache miss)
npm http fetch GET 200 https://registry.vlt.io/vlt/npm/ansi-regex 107ms (cache revalidated)
npm http fetch GET 403 https://registry.vlt.io/vlt/npm/is-fullwidth-code-point/-/is-fullwidth-code-point-3.0.0.tgz 394ms (cache skip)
npm http fetch GET 403 https://registry.vlt.io/vlt/npm/ansi-styles/-/ansi-styles-6.2.3.tgz 397ms (cache skip)
npm http fetch GET 403 https://registry.vlt.io/vlt/npm/yoctocolors/-/yoctocolors-2.1.2.tgz 398ms (cache skip)
npm http fetch GET 403 https://registry.vlt.io/vlt/npm/crossws/-/crossws-0.3.5.tgz 495ms (cache skip)
npm http fetch GET 403 https://registry.vlt.io/vlt/npm/postcss/-/postcss-8.5.14.tgz 497ms (cache skip)
npm http fetch GET 403 https://registry.vlt.io/vlt/npm/@rollup/rollup-linux-arm64-gnu/-/rollup-linux-arm64-gnu-4.60.3.tgz 506ms (cache skip)
npm http fetch GET 403 https://registry.vlt.io/vlt/npm/nanoid/-/nanoid-3.3.12.tgz 508ms (cache skip)
npm http fetch GET 403 https://registry.vlt.io/vlt/npm/readdirp/-/readdirp-5.0.0.tgz 639ms (cache skip)
npm http fetch GET 403 https://registry.vlt.io/vlt/npm/node-mock-http/-/node-mock-http-1.0.4.tgz 654ms (cache skip)
npm http fetch GET 403 https://registry.vlt.io/vlt/npm/radix3/-/radix3-1.1.2.tgz 658ms (cache skip)
npm http fetch GET 403 https://registry.vlt.io/vlt/npm/uncrypto/-/uncrypto-0.1.3.tgz 672ms (cache skip)
npm http fetch GET 403 https://registry.vlt.io/vlt/npm/cookie-es/-/cookie-es-1.2.3.tgz 679ms (cache skip)
npm http fetch GET 403 https://registry.vlt.io/vlt/npm/rollup/-/rollup-4.60.3.tgz 700ms (cache skip)
npm http fetch GET 403 https://registry.vlt.io/vlt/npm/defu/-/defu-6.1.7.tgz 701ms (cache skip)
npm http fetch GET 403 https://registry.vlt.io/vlt/npm/iron-webcrypto/-/iron-webcrypto-1.2.1.tgz 710ms (cache skip)
npm http fetch GET 403 https://registry.vlt.io/vlt/npm/normalize-path/-/normalize-path-3.0.0.tgz 756ms (cache skip)
npm http fetch GET 403 https://registry.vlt.io/vlt/npm/chokidar/-/chokidar-5.0.0.tgz 836ms (cache skip)
npm http fetch GET 403 https://registry.vlt.io/vlt/npm/array-iterate/-/array-iterate-2.0.1.tgz 853ms (cache skip)
npm http fetch GET 403 https://registry.vlt.io/vlt/npm/lru-cache/-/lru-cache-11.3.6.tgz 890ms (cache skip)
npm http fetch GET 403 https://registry.vlt.io/vlt/npm/h3/-/h3-1.15.11.tgz 896ms (cache skip)
npm http fetch GET 403 https://registry.vlt.io/vlt/npm/destr/-/destr-2.0.5.tgz 974ms (cache skip)
npm http fetch GET 403 https://registry.vlt.io/vlt/npm/ufo/-/ufo-1.6.4.tgz 980ms (cache skip)
npm http fetch GET 403 https://registry.vlt.io/vlt/npm/node-fetch-native/-/node-fetch-native-1.6.7.tgz 995ms (cache skip)
npm http fetch GET 403 https://registry.vlt.io/vlt/npm/ofetch/-/ofetch-1.5.1.tgz 1007ms (cache skip)
npm http fetch GET 403 https://registry.vlt.io/vlt/npm/anymatch/-/anymatch-3.1.3.tgz 1014ms (cache skip)
npm http fetch GET 403 https://registry.vlt.io/vlt/npm/ohash/-/ohash-2.0.11.tgz 1026ms (cache skip)
npm http fetch GET 403 https://registry.vlt.io/vlt/npm/trough/-/trough-2.2.0.tgz 1031ms (cache skip)
npm http fetch GET 403 https://registry.vlt.io/vlt/npm/bail/-/bail-2.0.2.tgz 1045ms (cache skip)
npm http fetch GET 403 https://registry.vlt.io/vlt/npm/fdir/-/fdir-6.5.0.tgz 1280ms (cache skip)
npm http fetch GET 403 https://registry.vlt.io/vlt/npm/is-plain-obj/-/is-plain-obj-4.1.0.tgz 1290ms (cache skip)
npm http fetch GET 403 https://registry.vlt.io/vlt/npm/dom-serializer/-/dom-serializer-2.0.0.tgz 1291ms (cache skip)
npm http fetch GET 403 https://registry.vlt.io/vlt/npm/domhandler/-/domhandler-5.0.3.tgz 1300ms (cache skip)
npm http fetch GET 403 https://registry.vlt.io/vlt/npm/domutils/-/domutils-3.2.2.tgz 1302ms (cache skip)
npm http fetch GET 403 https://registry.vlt.io/vlt/npm/sax/-/sax-1.6.0.tgz 1314ms (cache skip)
npm http fetch GET 403 https://registry.vlt.io/vlt/npm/nth-check/-/nth-check-2.1.1.tgz 1451ms (cache skip)
npm http fetch GET 403 https://registry.vlt.io/vlt/npm/boolbase/-/boolbase-1.0.0.tgz 1456ms (cache skip)
npm http fetch GET 403 https://registry.vlt.io/vlt/npm/csso/-/csso-5.0.5.tgz 1462ms (cache skip)
npm http fetch GET 403 https://registry.vlt.io/vlt/npm/mdn-data/-/mdn-data-2.27.1.tgz 1466ms (cache skip)
npm http fetch GET 403 https://registry.vlt.io/vlt/npm/domelementtype/-/domelementtype-2.3.0.tgz 1470ms (cache skip)
npm http fetch GET 403 https://registry.vlt.io/vlt/npm/extend/-/extend-3.0.2.tgz 1478ms (cache skip)
npm http fetch GET 403 https://registry.vlt.io/vlt/npm/picocolors/-/picocolors-1.1.1.tgz 1511ms (cache skip)
npm http fetch GET 403 https://registry.vlt.io/vlt/npm/ansi-regex/-/ansi-regex-6.2.2.tgz 1688ms (cache skip)
npm http fetch GET 403 https://registry.vlt.io/vlt/npm/commander/-/commander-11.1.0.tgz 1690ms (cache skip)
npm http fetch GET 403 https://registry.vlt.io/vlt/npm/character-entities-html4/-/character-entities-html4-2.1.0.tgz 1697ms (cache skip)
npm http fetch GET 403 https://registry.vlt.io/vlt/npm/oniguruma-parser/-/oniguruma-parser-0.12.2.tgz 1729ms (cache skip)
npm http fetch GET 403 https://registry.vlt.io/vlt/npm/regex/-/regex-6.1.0.tgz 1742ms (cache skip)
npm http fetch GET 403 https://registry.vlt.io/vlt/npm/css-tree/-/css-tree-3.2.1.tgz 1787ms (cache skip)
npm http fetch GET 403 https://registry.vlt.io/vlt/npm/css-what/-/css-what-6.2.2.tgz 1815ms (cache skip)
npm http fetch GET 403 https://registry.vlt.io/vlt/npm/css-select/-/css-select-5.2.2.tgz 1839ms (cache skip)
npm http fetch GET 403 https://registry.vlt.io/vlt/npm/strip-ansi/-/strip-ansi-7.2.0.tgz 1851ms (cache skip)
npm http fetch GET 403 https://registry.vlt.io/vlt/npm/regex-recursion/-/regex-recursion-6.0.2.tgz 1869ms (cache skip)
npm http fetch GET 403 https://registry.vlt.io/vlt/npm/emoji-regex/-/emoji-regex-10.6.0.tgz 1871ms (cache skip)
npm http fetch GET 403 https://registry.vlt.io/vlt/npm/regex-utilities/-/regex-utilities-2.3.0.tgz 1872ms (cache skip)
npm http fetch GET 403 https://registry.vlt.io/vlt/npm/character-entities-legacy/-/character-entities-legacy-3.0.0.tgz 1878ms (cache skip)
npm http fetch GET 403 https://registry.vlt.io/vlt/npm/get-east-asian-width/-/get-east-asian-width-1.5.0.tgz 1879ms (cache skip)
npm http fetch GET 403 https://registry.vlt.io/vlt/npm/@shikijs/vscode-textmate/-/vscode-textmate-10.0.2.tgz 1883ms (cache skip)
npm http fetch GET 403 https://registry.vlt.io/vlt/npm/oniguruma-to-es/-/oniguruma-to-es-4.3.6.tgz 1889ms (cache skip)
npm http fetch GET 403 https://registry.vlt.io/vlt/npm/@shikijs/themes/-/themes-3.23.0.tgz 1907ms (cache skip)
npm http fetch GET 403 https://registry.vlt.io/vlt/npm/@shikijs/types/-/types-3.23.0.tgz 2031ms (cache skip)
npm http fetch GET 403 https://registry.vlt.io/vlt/npm/@img/sharp-linux-arm64/-/sharp-linux-arm64-0.34.5.tgz 2063ms (cache skip)
npm http fetch GET 403 https://registry.vlt.io/vlt/npm/parse-latin/-/parse-latin-7.0.0.tgz 2077ms (cache skip)
npm http fetch GET 403 https://registry.vlt.io/vlt/npm/unist-util-visit-children/-/unist-util-visit-children-3.0.0.tgz 2079ms (cache skip)
npm http fetch GET 403 https://registry.vlt.io/vlt/npm/unist-util-modify-children/-/unist-util-modify-children-4.0.0.tgz 2088ms (cache skip)
npm http fetch GET 403 https://registry.vlt.io/vlt/npm/nlcst-to-string/-/nlcst-to-string-4.0.0.tgz 2094ms (cache skip)
npm http fetch GET 403 https://registry.vlt.io/vlt/npm/@img/colour/-/colour-1.1.0.tgz 2140ms (cache skip)
npm http fetch GET 403 https://registry.vlt.io/vlt/npm/@shikijs/engine-javascript/-/engine-javascript-3.23.0.tgz 2147ms (cache skip)
npm http fetch GET 403 https://registry.vlt.io/vlt/npm/@shikijs/langs/-/langs-3.23.0.tgz 2147ms (cache skip)
npm http fetch GET 403 https://registry.vlt.io/vlt/npm/@shikijs/engine-oniguruma/-/engine-oniguruma-3.23.0.tgz 2148ms (cache skip)
npm http fetch GET 403 https://registry.vlt.io/vlt/npm/@shikijs/core/-/core-3.23.0.tgz 2170ms (cache skip)
npm http fetch GET 403 https://registry.vlt.io/vlt/npm/detect-libc/-/detect-libc-2.1.2.tgz 2174ms (cache skip)
npm http fetch GET 403 https://registry.vlt.io/vlt/npm/retext-stringify/-/retext-stringify-4.0.0.tgz 2244ms (cache skip)
npm http fetch GET 403 https://registry.vlt.io/vlt/npm/@img/sharp-libvips-linux-arm64/-/sharp-libvips-linux-arm64-1.2.4.tgz 2247ms (cache skip)
npm http fetch GET 403 https://registry.vlt.io/vlt/npm/retext/-/retext-9.0.0.tgz 2267ms (cache skip)
npm http fetch GET 403 https://registry.vlt.io/vlt/npm/retext-latin/-/retext-latin-4.0.0.tgz 2303ms (cache skip)
npm http fetch GET 403 https://registry.vlt.io/vlt/npm/micromark-extension-gfm-tagfilter/-/micromark-extension-gfm-tagfilter-2.0.0.tgz 2324ms (cache skip)
npm http fetch GET 403 https://registry.vlt.io/vlt/npm/micromark-extension-gfm-strikethrough/-/micromark-extension-gfm-strikethrough-2.1.0.tgz 2339ms (cache skip)
npm http fetch GET 403 https://registry.vlt.io/vlt/npm/micromark-factory-whitespace/-/micromark-factory-whitespace-2.0.1.tgz 2365ms (cache skip)
npm http fetch GET 403 https://registry.vlt.io/vlt/npm/@types/nlcst/-/nlcst-2.0.3.tgz 2378ms (cache skip)
npm http fetch GET 403 https://registry.vlt.io/vlt/npm/micromark-factory-title/-/micromark-factory-title-2.0.1.tgz 2380ms (cache skip)
npm http fetch GET 403 https://registry.vlt.io/vlt/npm/retext-smartypants/-/retext-smartypants-6.2.0.tgz 2397ms (cache skip)
npm http fetch GET 403 https://registry.vlt.io/vlt/npm/micromark-extension-gfm-task-list-item/-/micromark-extension-gfm-task-list-item-2.1.0.tgz 2431ms (cache skip)
npm http fetch GET 403 https://registry.vlt.io/vlt/npm/micromark-extension-gfm-table/-/micromark-extension-gfm-table-2.1.1.tgz 2438ms (cache skip)
npm http fetch GET 403 https://registry.vlt.io/vlt/npm/micromark-factory-destination/-/micromark-factory-destination-2.0.1.tgz 2439ms (cache skip)
npm http fetch GET 403 https://registry.vlt.io/vlt/npm/micromark-extension-gfm-footnote/-/micromark-extension-gfm-footnote-2.1.0.tgz 2502ms (cache skip)
npm http fetch GET 403 https://registry.vlt.io/vlt/npm/micromark-util-html-tag-name/-/micromark-util-html-tag-name-2.0.1.tgz 2503ms (cache skip)
npm http fetch GET 403 https://registry.vlt.io/vlt/npm/micromark-extension-gfm-autolink-literal/-/micromark-extension-gfm-autolink-literal-2.1.0.tgz 2507ms (cache skip)
npm http fetch GET 403 https://registry.vlt.io/vlt/npm/@types/ms/-/ms-2.1.0.tgz 2507ms (cache skip)
npm http fetch GET 403 https://registry.vlt.io/vlt/npm/micromark-util-subtokenize/-/micromark-util-subtokenize-2.1.0.tgz 2508ms (cache skip)
npm http fetch GET 403 https://registry.vlt.io/vlt/npm/micromark-util-combine-extensions/-/micromark-util-combine-extensions-2.0.1.tgz 2534ms (cache skip)
npm http fetch GET 403 https://registry.vlt.io/vlt/npm/micromark-util-chunked/-/micromark-util-chunked-2.0.1.tgz 2550ms (cache skip)
npm http fetch GET 403 https://registry.vlt.io/vlt/npm/micromark-core-commonmark/-/micromark-core-commonmark-2.0.3.tgz 2584ms (cache skip)
npm http fetch GET 403 https://registry.vlt.io/vlt/npm/micromark-factory-label/-/micromark-factory-label-2.0.1.tgz 2605ms (cache skip)
npm http fetch GET 403 https://registry.vlt.io/vlt/npm/longest-streak/-/longest-streak-3.1.0.tgz 2642ms (cache skip)
npm http fetch GET 403 https://registry.vlt.io/vlt/npm/mdast-util-phrasing/-/mdast-util-phrasing-4.1.0.tgz 2644ms (cache skip)
npm http fetch GET 403 https://registry.vlt.io/vlt/npm/micromark-util-classify-character/-/micromark-util-classify-character-2.0.1.tgz 2659ms (cache skip)
npm http fetch GET 403 https://registry.vlt.io/vlt/npm/micromark-util-resolve-all/-/micromark-util-resolve-all-2.0.1.tgz 2662ms (cache skip)
npm http fetch GET 403 https://registry.vlt.io/vlt/npm/micromark-factory-space/-/micromark-factory-space-2.0.1.tgz 2725ms (cache skip)
npm http fetch GET 403 https://registry.vlt.io/vlt/npm/@types/debug/-/debug-4.1.13.tgz 2727ms (cache skip)
npm http fetch GET 403 https://registry.vlt.io/vlt/npm/markdown-table/-/markdown-table-3.0.4.tgz 2872ms (cache skip)
npm http fetch GET 403 https://registry.vlt.io/vlt/npm/character-entities/-/character-entities-2.0.2.tgz 2881ms (cache skip)
npm http fetch GET 403 https://registry.vlt.io/vlt/npm/unist-util-is/-/unist-util-is-6.0.1.tgz 2883ms (cache skip)
npm http fetch GET 403 https://registry.vlt.io/vlt/npm/escape-string-regexp/-/escape-string-regexp-5.0.0.tgz 2883ms (cache skip)
npm http fetch GET 403 https://registry.vlt.io/vlt/npm/mdast-util-find-and-replace/-/mdast-util-find-and-replace-3.0.2.tgz 2889ms (cache skip)
npm http fetch GET 403 https://registry.vlt.io/vlt/npm/unist-util-stringify-position/-/unist-util-stringify-position-4.0.0.tgz 2900ms (cache skip)
npm http fetch GET 403 https://registry.vlt.io/vlt/npm/micromark-util-normalize-identifier/-/micromark-util-normalize-identifier-2.0.1.tgz 2902ms (cache skip)
npm http fetch GET 403 https://registry.vlt.io/vlt/npm/micromark-util-decode-string/-/micromark-util-decode-string-2.0.1.tgz 2929ms (cache skip)
npm http fetch GET 403 https://registry.vlt.io/vlt/npm/micromark-util-decode-numeric-character-reference/-/micromark-util-decode-numeric-character-reference-2.0.2.tgz 2929ms (cache skip)
npm http fetch GET 403 https://registry.vlt.io/vlt/npm/decode-named-character-reference/-/decode-named-character-reference-1.3.0.tgz 2988ms (cache skip)
npm http fetch GET 403 https://registry.vlt.io/vlt/npm/micromark/-/micromark-4.0.2.tgz 2993ms (cache skip)
npm http fetch GET 403 https://registry.vlt.io/vlt/npm/mdast-util-to-markdown/-/mdast-util-to-markdown-2.1.2.tgz 3021ms (cache skip)
npm http fetch GET 403 https://registry.vlt.io/vlt/npm/mdast-util-to-string/-/mdast-util-to-string-4.0.0.tgz 3026ms (cache skip)
npm http fetch GET 403 https://registry.vlt.io/vlt/npm/mdast-util-gfm-strikethrough/-/mdast-util-gfm-strikethrough-2.0.0.tgz 3064ms (cache skip)
npm http fetch GET 403 https://registry.vlt.io/vlt/npm/mdast-util-gfm-task-list-item/-/mdast-util-gfm-task-list-item-2.0.0.tgz 3066ms (cache skip)
npm http fetch GET 403 https://registry.vlt.io/vlt/npm/hast-util-to-html/-/hast-util-to-html-9.0.5.tgz 3199ms (cache skip)
npm http fetch GET 403 https://registry.vlt.io/vlt/npm/ccount/-/ccount-2.0.1.tgz 3209ms (cache skip)
npm http fetch GET 403 https://registry.vlt.io/vlt/npm/mdast-util-gfm-footnote/-/mdast-util-gfm-footnote-2.1.0.tgz 3222ms (cache skip)
npm http fetch GET 403 https://registry.vlt.io/vlt/npm/mdast-util-gfm-table/-/mdast-util-gfm-table-2.0.0.tgz 3233ms (cache skip)
npm http fetch GET 403 https://registry.vlt.io/vlt/npm/mdast-util-from-markdown/-/mdast-util-from-markdown-2.0.3.tgz 3242ms (cache skip)
npm http fetch GET 403 https://registry.vlt.io/vlt/npm/remark-stringify/-/remark-stringify-11.0.0.tgz 3255ms (cache skip)
npm http fetch GET 403 https://registry.vlt.io/vlt/npm/micromark-extension-gfm/-/micromark-extension-gfm-3.0.0.tgz 3258ms (cache skip)
npm http fetch GET 403 https://registry.vlt.io/vlt/npm/mdast-util-gfm-autolink-literal/-/mdast-util-gfm-autolink-literal-2.0.1.tgz 3262ms (cache skip)
npm http fetch GET 403 https://registry.vlt.io/vlt/npm/stringify-entities/-/stringify-entities-4.0.4.tgz 3268ms (cache skip)
npm http fetch GET 403 https://registry.vlt.io/vlt/npm/hast-util-whitespace/-/hast-util-whitespace-3.0.0.tgz 3270ms (cache skip)
npm http fetch GET 403 https://registry.vlt.io/vlt/npm/mdast-util-gfm/-/mdast-util-gfm-3.1.0.tgz 3274ms (cache skip)
npm http fetch GET 403 https://registry.vlt.io/vlt/npm/micromark-util-types/-/micromark-util-types-2.0.2.tgz 3361ms (cache skip)
npm http fetch GET 403 https://registry.vlt.io/vlt/npm/micromark-util-symbol/-/micromark-util-symbol-2.0.1.tgz 3370ms (cache skip)
npm http fetch GET 403 https://registry.vlt.io/vlt/npm/micromark-util-character/-/micromark-util-character-2.1.1.tgz 3406ms (cache skip)
npm http fetch GET 403 https://registry.vlt.io/vlt/npm/micromark-util-encode/-/micromark-util-encode-2.0.1.tgz 3415ms (cache skip)
npm http fetch GET 403 https://registry.vlt.io/vlt/npm/trim-lines/-/trim-lines-3.0.1.tgz 3442ms (cache skip)
npm http fetch GET 403 https://registry.vlt.io/vlt/npm/unist-util-position/-/unist-util-position-5.0.0.tgz 3499ms (cache skip)
npm http fetch GET 403 https://registry.vlt.io/vlt/npm/sisteransi/-/sisteransi-1.0.5.tgz 3532ms (cache skip)
npm http fetch GET 403 https://registry.vlt.io/vlt/npm/micromark-util-sanitize-uri/-/micromark-util-sanitize-uri-2.0.1.tgz 3637ms (cache skip)
npm http fetch GET 403 https://registry.vlt.io/vlt/npm/zwitch/-/zwitch-2.0.4.tgz 3643ms (cache skip)
npm http fetch GET 403 https://registry.vlt.io/vlt/npm/hast-util-to-parse5/-/hast-util-to-parse5-8.0.1.tgz 3661ms (cache skip)
npm http fetch GET 403 https://registry.vlt.io/vlt/npm/html-void-elements/-/html-void-elements-3.0.0.tgz 3674ms (cache skip)
npm http fetch GET 403 https://registry.vlt.io/vlt/npm/@ungap/structured-clone/-/structured-clone-1.3.0.tgz 3678ms (cache skip)
npm http fetch GET 403 https://registry.vlt.io/vlt/npm/@types/mdast/-/mdast-4.0.4.tgz 3687ms (cache skip)
npm http fetch GET 403 https://registry.vlt.io/vlt/npm/kleur/-/kleur-3.0.3.tgz 3707ms (cache skip)
npm http fetch GET 403 https://registry.vlt.io/vlt/npm/rehype-parse/-/rehype-parse-9.0.1.tgz 3721ms (cache skip)
npm http fetch GET 403 https://registry.vlt.io/vlt/npm/entities/-/entities-6.0.1.tgz 3723ms (cache skip)
npm http fetch GET 403 https://registry.vlt.io/vlt/npm/mdast-util-to-hast/-/mdast-util-to-hast-13.2.1.tgz 3756ms (cache skip)
npm http fetch GET 403 https://registry.vlt.io/vlt/npm/p-timeout/-/p-timeout-6.1.4.tgz 3755ms (cache skip)
npm http fetch GET 403 https://registry.vlt.io/vlt/npm/eventemitter3/-/eventemitter3-5.0.4.tgz 3767ms (cache skip)
npm http fetch GET 403 https://registry.vlt.io/vlt/npm/hast-util-raw/-/hast-util-raw-9.1.0.tgz 3779ms (cache skip)
npm http fetch GET 403 https://registry.vlt.io/vlt/npm/yocto-queue/-/yocto-queue-1.2.2.tgz 3825ms (cache skip)
npm http fetch GET 403 https://registry.vlt.io/vlt/npm/source-map-js/-/source-map-js-1.2.1.tgz 3830ms (cache skip)
npm http fetch GET 403 https://registry.vlt.io/vlt/npm/@babel/helper-string-parser/-/helper-string-parser-7.27.1.tgz 3832ms (cache skip)
npm http fetch GET 403 https://registry.vlt.io/vlt/npm/@babel/parser/-/parser-7.29.3.tgz 3860ms (cache skip)
npm http fetch GET 403 https://registry.vlt.io/vlt/npm/@babel/types/-/types-7.29.0.tgz 3864ms (cache skip)
npm http fetch GET 403 https://registry.vlt.io/vlt/npm/@babel/helper-validator-identifier/-/helper-validator-identifier-7.28.5.tgz 3900ms (cache skip)
npm http fetch GET 403 https://registry.vlt.io/vlt/npm/web-namespaces/-/web-namespaces-2.0.1.tgz 3973ms (cache skip)
npm http fetch GET 403 https://registry.vlt.io/vlt/npm/vfile-location/-/vfile-location-5.0.3.tgz 4020ms (cache skip)
npm http fetch GET 403 https://registry.vlt.io/vlt/npm/hastscript/-/hastscript-9.0.1.tgz 4023ms (cache skip)
npm http fetch GET 403 https://registry.vlt.io/vlt/npm/@jridgewell/sourcemap-codec/-/sourcemap-codec-1.5.5.tgz 4040ms (cache skip)
npm http fetch GET 403 https://registry.vlt.io/vlt/npm/argparse/-/argparse-2.0.1.tgz 4048ms (cache skip)
npm http fetch GET 403 https://registry.vlt.io/vlt/npm/is-inside-container/-/is-inside-container-1.0.0.tgz 4051ms (cache skip)
npm http fetch GET 403 https://registry.vlt.io/vlt/npm/space-separated-tokens/-/space-separated-tokens-2.0.2.tgz 4064ms (cache skip)
npm http fetch GET 403 https://registry.vlt.io/vlt/npm/hast-util-parse-selector/-/hast-util-parse-selector-4.0.0.tgz 4071ms (cache skip)
npm http fetch GET 403 https://registry.vlt.io/vlt/npm/unist-util-find-after/-/unist-util-find-after-5.0.0.tgz 4091ms (cache skip)
npm http fetch GET 403 https://registry.vlt.io/vlt/npm/comma-separated-tokens/-/comma-separated-tokens-2.0.3.tgz 4113ms (cache skip)
npm http fetch GET 403 https://registry.vlt.io/vlt/npm/hast-util-is-element/-/hast-util-is-element-3.0.0.tgz 4115ms (cache skip)
npm http fetch GET 403 https://registry.vlt.io/vlt/npm/parse5/-/parse5-7.3.0.tgz 4166ms (cache skip)
npm http fetch GET 403 https://registry.vlt.io/vlt/npm/property-information/-/property-information-7.1.0.tgz 4176ms (cache skip)
npm http fetch GET 403 https://registry.vlt.io/vlt/npm/@types/unist/-/unist-3.0.3.tgz 4196ms (cache skip)
npm http fetch GET 403 https://registry.vlt.io/vlt/npm/dequal/-/dequal-2.0.3.tgz 4203ms (cache skip)
npm http fetch GET 403 https://registry.vlt.io/vlt/npm/@types/hast/-/hast-3.0.4.tgz 4230ms (cache skip)
npm http fetch GET 403 https://registry.vlt.io/vlt/npm/vfile-message/-/vfile-message-4.0.3.tgz 4251ms (cache skip)
npm http fetch GET 403 https://registry.vlt.io/vlt/npm/base-64/-/base-64-1.0.0.tgz 4263ms (cache skip)
npm http fetch GET 403 https://registry.vlt.io/vlt/npm/string-width/-/string-width-7.2.0.tgz 4292ms (cache skip)
npm http fetch GET 403 https://registry.vlt.io/vlt/npm/cli-boxes/-/cli-boxes-3.0.0.tgz 4318ms (cache skip)
npm http fetch GET 403 https://registry.vlt.io/vlt/npm/devlop/-/devlop-1.1.0.tgz 4360ms (cache skip)
npm http fetch GET 403 https://registry.vlt.io/vlt/npm/chalk/-/chalk-5.6.2.tgz 4359ms (cache skip)
npm http fetch GET 403 https://registry.vlt.io/vlt/npm/camelcase/-/camelcase-8.0.0.tgz 4362ms (cache skip)
npm http fetch GET 403 https://registry.vlt.io/vlt/npm/@esbuild/linux-arm64/-/linux-arm64-0.27.7.tgz 4389ms (cache skip)
npm http fetch GET 403 https://registry.vlt.io/vlt/npm/tiny-inflate/-/tiny-inflate-1.0.3.tgz 4393ms (cache skip)
npm http fetch GET 403 https://registry.vlt.io/vlt/npm/ansi-align/-/ansi-align-3.0.1.tgz 4394ms (cache skip)
npm http fetch GET 403 https://registry.vlt.io/vlt/npm/ms/-/ms-2.1.3.tgz 4406ms (cache skip)
npm http fetch GET 403 https://registry.vlt.io/vlt/npm/fontkitten/-/fontkitten-1.0.3.tgz 4412ms (cache skip)
npm http fetch GET 403 https://registry.vlt.io/vlt/npm/wrap-ansi/-/wrap-ansi-9.0.2.tgz 4423ms (cache skip)
npm http fetch GET 403 https://registry.vlt.io/vlt/npm/hast-util-from-parse5/-/hast-util-from-parse5-8.0.3.tgz 4442ms (cache skip)
npm http fetch GET 403 https://registry.vlt.io/vlt/npm/type-fest/-/type-fest-4.41.0.tgz 4452ms (cache skip)
npm http fetch GET 403 https://registry.vlt.io/vlt/npm/is-wsl/-/is-wsl-3.1.1.tgz 4525ms (cache skip)
npm http fetch GET 403 https://registry.vlt.io/vlt/npm/@types/estree/-/estree-1.0.8.tgz 4567ms (cache skip)
npm http fetch GET 403 https://registry.vlt.io/vlt/npm/unist-util-visit-parents/-/unist-util-visit-parents-6.0.2.tgz 4609ms (cache skip)
npm http fetch GET 403 https://registry.vlt.io/vlt/npm/unified/-/unified-11.0.5.tgz 4632ms (cache skip)
npm http fetch GET 403 https://registry.vlt.io/vlt/npm/unist-util-remove-position/-/unist-util-remove-position-5.0.0.tgz 4646ms (cache skip)
npm http fetch GET 403 https://registry.vlt.io/vlt/npm/which-pm-runs/-/which-pm-runs-1.1.0.tgz 4657ms (cache skip)
npm http fetch GET 403 https://registry.vlt.io/vlt/npm/remark-smartypants/-/remark-smartypants-3.0.2.tgz 4657ms (cache skip)
npm http fetch GET 403 https://registry.vlt.io/vlt/npm/remark-rehype/-/remark-rehype-11.1.2.tgz 4672ms (cache skip)
npm http fetch GET 403 https://registry.vlt.io/vlt/npm/remark-parse/-/remark-parse-11.0.0.tgz 4675ms (cache skip)
npm http fetch GET 403 https://registry.vlt.io/vlt/npm/is-docker/-/is-docker-3.0.0.tgz 4719ms (cache skip)
npm http fetch GET 403 https://registry.vlt.io/vlt/npm/widest-line/-/widest-line-5.0.0.tgz 4808ms (cache skip)
npm http fetch GET 403 https://registry.vlt.io/vlt/npm/remark-gfm/-/remark-gfm-4.0.1.tgz 4845ms (cache skip)
npm http fetch GET 403 https://registry.vlt.io/vlt/npm/rehype-stringify/-/rehype-stringify-10.0.1.tgz 4853ms (cache skip)
npm http fetch GET 403 https://registry.vlt.io/vlt/npm/rehype-raw/-/rehype-raw-7.0.0.tgz 4861ms (cache skip)
npm http fetch GET 403 https://registry.vlt.io/vlt/npm/zod/-/zod-3.25.76.tgz 4953ms (cache skip)
npm http fetch GET 403 https://registry.vlt.io/vlt/npm/hast-util-from-html/-/hast-util-from-html-2.0.3.tgz 4962ms (cache skip)
npm http fetch GET 403 https://registry.vlt.io/vlt/npm/zod-to-json-schema/-/zod-to-json-schema-3.25.2.tgz 4964ms (cache skip)
npm http fetch GET 403 https://registry.vlt.io/vlt/npm/typescript/-/typescript-5.9.3.tgz 4965ms (cache skip)
npm http fetch GET 403 https://registry.vlt.io/vlt/npm/zod-to-ts/-/zod-to-ts-1.2.0.tgz 4982ms (cache skip)
npm http fetch GET 403 https://registry.vlt.io/vlt/npm/yargs-parser/-/yargs-parser-21.1.1.tgz 4982ms (cache skip)
npm http fetch GET 403 https://registry.vlt.io/vlt/npm/@astrojs/prism/-/prism-3.3.0.tgz 4983ms (cache skip)
npm http fetch GET 403 https://registry.vlt.io/vlt/npm/vitefu/-/vitefu-1.1.3.tgz 4997ms (cache skip)
npm http fetch GET 403 https://registry.vlt.io/vlt/npm/vfile/-/vfile-6.0.3.tgz 5039ms (cache skip)
npm http fetch GET 403 https://registry.vlt.io/vlt/npm/mdast-util-definitions/-/mdast-util-definitions-6.0.0.tgz 5070ms (cache skip)
npm http fetch GET 403 https://registry.vlt.io/vlt/npm/hast-util-to-text/-/hast-util-to-text-4.0.2.tgz 5092ms (cache skip)
npm http fetch GET 403 https://registry.vlt.io/vlt/npm/yocto-spinner/-/yocto-spinner-0.2.3.tgz 5126ms (cache skip)
npm http fetch GET 403 https://registry.vlt.io/vlt/npm/unist-util-visit/-/unist-util-visit-5.1.0.tgz 5141ms (cache skip)
npm http fetch GET 403 https://registry.vlt.io/vlt/npm/ultrahtml/-/ultrahtml-1.6.0.tgz 5151ms (cache skip)
npm http fetch GET 403 https://registry.vlt.io/vlt/npm/unifont/-/unifont-0.7.4.tgz 5153ms (cache skip)
npm http fetch GET 403 https://registry.vlt.io/vlt/npm/tsconfck/-/tsconfck-3.1.6.tgz 5159ms (cache skip)
npm http fetch GET 403 https://registry.vlt.io/vlt/npm/vite/-/vite-6.4.2.tgz 5185ms (cache skip)
npm http fetch GET 403 https://registry.vlt.io/vlt/npm/smol-toml/-/smol-toml-1.6.1.tgz 5186ms (cache skip)
npm http fetch GET 403 https://registry.vlt.io/vlt/npm/unstorage/-/unstorage-1.17.5.tgz 5204ms (cache skip)
npm http fetch GET 403 https://registry.vlt.io/vlt/npm/shiki/-/shiki-3.23.0.tgz 5261ms (cache skip)
npm http fetch GET 403 https://registry.vlt.io/vlt/npm/semver/-/semver-7.7.4.tgz 5273ms (cache skip)
npm http fetch GET 403 https://registry.vlt.io/vlt/npm/tinyglobby/-/tinyglobby-0.2.16.tgz 5321ms (cache skip)
npm http fetch GET 403 https://registry.vlt.io/vlt/npm/svgo/-/svgo-4.0.1.tgz 5327ms (cache skip)
npm http fetch GET 403 https://registry.vlt.io/vlt/npm/tinyexec/-/tinyexec-1.1.2.tgz 5332ms (cache skip)
npm http fetch GET 403 https://registry.vlt.io/vlt/npm/piccolore/-/piccolore-0.1.3.tgz 5339ms (cache skip)
npm http fetch GET 403 https://registry.vlt.io/vlt/npm/xxhash-wasm/-/xxhash-wasm-1.1.0.tgz 5358ms (cache skip)
npm http fetch GET 403 https://registry.vlt.io/vlt/npm/package-manager-detector/-/package-manager-detector-1.6.0.tgz 5365ms (cache skip)
npm http fetch GET 403 https://registry.vlt.io/vlt/npm/p-queue/-/p-queue-8.1.1.tgz 5377ms (cache skip)
npm http fetch GET 403 https://registry.vlt.io/vlt/npm/p-limit/-/p-limit-6.2.0.tgz 5380ms (cache skip)
npm http fetch GET 403 https://registry.vlt.io/vlt/npm/neotraverse/-/neotraverse-0.6.18.tgz 5402ms (cache skip)
npm http fetch GET 403 https://registry.vlt.io/vlt/npm/sharp/-/sharp-0.34.5.tgz 5421ms (cache skip)
npm http fetch GET 403 https://registry.vlt.io/vlt/npm/magicast/-/magicast-0.5.2.tgz 5462ms (cache skip)
npm http fetch GET 403 https://registry.vlt.io/vlt/npm/rehype/-/rehype-13.0.2.tgz 5472ms (cache skip)
npm http fetch GET 403 https://registry.vlt.io/vlt/npm/prompts/-/prompts-2.4.2.tgz 5492ms (cache skip)
npm http fetch GET 403 https://registry.vlt.io/vlt/npm/picomatch/-/picomatch-4.0.4.tgz 5503ms (cache skip)
npm http fetch GET 403 https://registry.vlt.io/vlt/npm/magic-string/-/magic-string-0.30.21.tgz 5517ms (cache skip)
npm http fetch GET 403 https://registry.vlt.io/vlt/npm/import-meta-resolve/-/import-meta-resolve-4.2.0.tgz 5531ms (cache skip)
npm http fetch GET 403 https://registry.vlt.io/vlt/npm/http-cache-semantics/-/http-cache-semantics-4.2.0.tgz 5541ms (cache skip)
npm http fetch GET 403 https://registry.vlt.io/vlt/npm/html-escaper/-/html-escaper-3.0.3.tgz 5557ms (cache skip)
npm http fetch GET 403 https://registry.vlt.io/vlt/npm/github-slugger/-/github-slugger-2.0.0.tgz 5566ms (cache skip)
npm http fetch GET 403 https://registry.vlt.io/vlt/npm/fontace/-/fontace-0.4.1.tgz 5575ms (cache skip)
npm http fetch GET 403 https://registry.vlt.io/vlt/npm/flattie/-/flattie-1.1.1.tgz 5579ms (cache skip)
npm http fetch GET 403 https://registry.vlt.io/vlt/npm/estree-walker/-/estree-walker-3.0.3.tgz 5598ms (cache skip)
npm http fetch GET 403 https://registry.vlt.io/vlt/npm/dset/-/dset-3.1.4.tgz 5617ms (cache skip)
npm http fetch GET 403 https://registry.vlt.io/vlt/npm/js-yaml/-/js-yaml-4.1.1.tgz 5679ms (cache skip)
npm http fetch GET 403 https://registry.vlt.io/vlt/npm/es-module-lexer/-/es-module-lexer-1.7.0.tgz 5689ms (cache skip)
npm http fetch GET 403 https://registry.vlt.io/vlt/npm/esbuild/-/esbuild-0.27.7.tgz 5696ms (cache skip)
npm http fetch GET 403 https://registry.vlt.io/vlt/npm/dlv/-/dlv-1.1.3.tgz 5716ms (cache skip)
npm http fetch GET 403 https://registry.vlt.io/vlt/npm/diff/-/diff-8.0.4.tgz 5724ms (cache skip)
npm http fetch GET 403 https://registry.vlt.io/vlt/npm/devalue/-/devalue-5.8.0.tgz 5726ms (cache skip)
npm http fetch GET 403 https://registry.vlt.io/vlt/npm/deterministic-object-hash/-/deterministic-object-hash-2.0.2.tgz 5729ms (cache skip)
npm http fetch GET 403 https://registry.vlt.io/vlt/npm/debug/-/debug-4.4.3.tgz 5748ms (cache skip)
npm http fetch GET 403 https://registry.vlt.io/vlt/npm/cssesc/-/cssesc-3.0.0.tgz 5753ms (cache skip)
npm http fetch GET 403 https://registry.vlt.io/vlt/npm/cookie/-/cookie-1.1.1.tgz 5774ms (cache skip)
npm http fetch GET 403 https://registry.vlt.io/vlt/npm/common-ancestor-path/-/common-ancestor-path-1.0.1.tgz 5785ms (cache skip)
npm http fetch GET 403 https://registry.vlt.io/vlt/npm/mrmime/-/mrmime-2.0.1.tgz 5809ms (cache skip)
npm http fetch GET 403 https://registry.vlt.io/vlt/npm/ci-info/-/ci-info-4.4.0.tgz 5837ms (cache skip)
npm http fetch GET 403 https://registry.vlt.io/vlt/npm/boxen/-/boxen-8.0.1.tgz 5839ms (cache skip)
npm http fetch GET 403 https://registry.vlt.io/vlt/npm/acorn/-/acorn-8.16.0.tgz 5925ms (cache skip)
npm http fetch GET 403 https://registry.vlt.io/vlt/npm/clsx/-/clsx-2.1.1.tgz 5950ms (cache skip)
npm http fetch GET 403 https://registry.vlt.io/vlt/npm/@rollup/pluginutils/-/pluginutils-5.3.0.tgz 5951ms (cache skip)
npm http fetch GET 403 https://registry.vlt.io/vlt/npm/@capsizecss/unpack/-/unpack-4.0.0.tgz 5957ms (cache skip)
npm http fetch GET 403 https://registry.vlt.io/vlt/npm/@astrojs/telemetry/-/telemetry-3.3.0.tgz 5959ms (cache skip)
npm http fetch GET 403 https://registry.vlt.io/vlt/npm/@astrojs/markdown-remark/-/markdown-remark-6.3.11.tgz 5980ms (cache skip)
npm http fetch GET 403 https://registry.vlt.io/vlt/npm/@astrojs/internal-helpers/-/internal-helpers-0.7.6.tgz 6004ms (cache skip)
npm http fetch GET 403 https://registry.vlt.io/vlt/npm/axobject-query/-/axobject-query-4.1.0.tgz 6041ms (cache skip)
npm http fetch GET 403 https://registry.vlt.io/vlt/npm/astro/-/astro-5.18.1.tgz 6052ms (cache skip)
npm http fetch GET 403 https://registry.vlt.io/vlt/npm/@astrojs/compiler/-/compiler-2.13.1.tgz 6061ms (cache skip)
npm http fetch GET 403 https://registry.vlt.io/vlt/npm/aria-query/-/aria-query-5.3.2.tgz 6070ms (cache skip)
npm http fetch GET 403 https://registry.vlt.io/vlt/npm/mdn-data/-/mdn-data-2.0.28.tgz 6081ms (cache skip)
npm http fetch GET 403 https://registry.vlt.io/vlt/npm/entities/-/entities-4.5.0.tgz 6093ms (cache skip)
npm http fetch GET 403 https://registry.vlt.io/vlt/npm/@oslojs/encoding/-/encoding-1.1.0.tgz 6110ms (cache skip)
npm http fetch GET 403 https://registry.vlt.io/vlt/npm/css-tree/-/css-tree-2.2.1.tgz 6177ms (cache skip)
npm http fetch GET 403 https://registry.vlt.io/vlt/npm/picomatch/-/picomatch-2.3.2.tgz 6214ms (cache skip)
npm http fetch GET 403 https://registry.vlt.io/vlt/npm/ansi-regex/-/ansi-regex-5.0.1.tgz 6222ms (cache skip)
npm http fetch GET 403 https://registry.vlt.io/vlt/npm/strip-ansi/-/strip-ansi-6.0.1.tgz 6223ms (cache skip)
npm http fetch GET 403 https://registry.vlt.io/vlt/npm/string-width/-/string-width-4.2.3.tgz 6231ms (cache skip)
npm http fetch GET 403 https://registry.vlt.io/vlt/npm/emoji-regex/-/emoji-regex-8.0.0.tgz 6236ms (cache skip)
npm http fetch GET 403 https://registry.vlt.io/vlt/npm/@esbuild/linux-arm64/-/linux-arm64-0.25.12.tgz 6253ms (cache skip)
npm http fetch GET 403 https://registry.vlt.io/vlt/npm/estree-walker/-/estree-walker-2.0.2.tgz 6273ms (cache skip)
npm http fetch GET 403 https://registry.vlt.io/vlt/npm/esbuild/-/esbuild-0.25.12.tgz 6294ms (cache skip)
npm http fetch GET 403 https://registry.vlt.io/vlt/npm/prismjs/-/prismjs-1.30.0.tgz 6304ms (cache skip)
npm error code E403
npm error 403 403 Forbidden - GET https://registry.vlt.io/vlt/npm/is-fullwidth-code-point/-/is-fullwidth-code-point-3.0.0.tgz
npm error 403 In most cases, you or one of your dependencies are requesting a package version that is forbidden by your security policy, or on a server you do not have access to.
npm error A complete log of this run can be found in: /home/runner/.npm/_logs/2026-05-05T18_03_33_033Z-debug-0.log
