npm http fetch GET 200 https://registry.vlt.io/vlt/npm/astro 107ms (cache miss)
npm http fetch GET 200 https://registry.vlt.io/vlt/npm/dlv 55ms (cache miss)
npm http fetch GET 200 https://registry.vlt.io/vlt/npm/clsx 71ms (cache miss)
npm http fetch GET 200 https://registry.vlt.io/vlt/npm/diff 56ms (cache miss)
npm http fetch GET 200 https://registry.vlt.io/vlt/npm/dset 64ms (cache miss)
npm http fetch GET 200 https://registry.vlt.io/vlt/npm/svgo 60ms (cache miss)
npm http fetch GET 200 https://registry.vlt.io/vlt/npm/zod 183ms (cache miss)
npm http fetch GET 200 https://registry.vlt.io/vlt/npm/acorn 55ms (cache miss)
npm http fetch GET 200 https://registry.vlt.io/vlt/npm/debug 53ms (cache miss)
npm http fetch GET 200 https://registry.vlt.io/vlt/npm/vite 176ms (cache miss)
npm http fetch GET 200 https://registry.vlt.io/vlt/npm/boxen 159ms (cache miss)
npm http fetch GET 200 https://registry.vlt.io/vlt/npm/shiki 73ms (cache miss)
npm http fetch GET 200 https://registry.vlt.io/vlt/npm/vfile 56ms (cache miss)
npm http fetch GET 200 https://registry.vlt.io/vlt/npm/cssesc 60ms (cache miss)
npm http fetch GET 200 https://registry.vlt.io/vlt/npm/cookie 75ms (cache miss)
npm http fetch GET 200 https://registry.vlt.io/vlt/npm/mrmime 55ms (cache miss)
npm http fetch GET 200 https://registry.vlt.io/vlt/npm/rehype 57ms (cache miss)
npm http fetch GET 200 https://registry.vlt.io/vlt/npm/semver 58ms (cache miss)
npm http fetch GET 200 https://registry.vlt.io/vlt/npm/vitefu 52ms (cache miss)
npm http fetch GET 200 https://registry.vlt.io/vlt/npm/ci-info 56ms (cache miss)
npm http fetch GET 200 https://registry.vlt.io/vlt/npm/esbuild 57ms (cache miss)
npm http fetch GET 200 https://registry.vlt.io/vlt/npm/flattie 51ms (cache miss)
npm http fetch GET 200 https://registry.vlt.io/vlt/npm/devalue 124ms (cache miss)
npm http fetch GET 200 https://registry.vlt.io/vlt/npm/fontace 55ms (cache miss)
npm http fetch GET 200 https://registry.vlt.io/vlt/npm/js-yaml 55ms (cache miss)
npm http fetch GET 200 https://registry.vlt.io/vlt/npm/p-queue 55ms (cache miss)
npm http fetch GET 200 https://registry.vlt.io/vlt/npm/p-limit 70ms (cache miss)
npm http fetch GET 200 https://registry.vlt.io/vlt/npm/prompts 56ms (cache miss)
npm http fetch GET 200 https://registry.vlt.io/vlt/npm/magicast 54ms (cache miss)
npm http fetch GET 200 https://registry.vlt.io/vlt/npm/unifont 73ms (cache miss)
npm http fetch GET 200 https://registry.vlt.io/vlt/npm/tinyexec 60ms (cache miss)
npm http fetch GET 200 https://registry.vlt.io/vlt/npm/piccolore 58ms (cache miss)
npm http fetch GET 200 https://registry.vlt.io/vlt/npm/picomatch 56ms (cache miss)
npm http fetch GET 200 https://registry.vlt.io/vlt/npm/smol-toml 60ms (cache miss)
npm http fetch GET 200 https://registry.vlt.io/vlt/npm/ultrahtml 60ms (cache miss)
npm http fetch GET 200 https://registry.vlt.io/vlt/npm/tsconfck 163ms (cache miss)
npm http fetch GET 200 https://registry.vlt.io/vlt/npm/unstorage 53ms (cache miss)
npm http fetch GET 200 https://registry.vlt.io/vlt/npm/zod-to-ts 57ms (cache miss)
npm http fetch GET 200 https://registry.vlt.io/vlt/npm/tinyglobby 50ms (cache miss)
npm http fetch GET 200 https://registry.vlt.io/vlt/npm/neotraverse 60ms (cache miss)
npm http fetch GET 200 https://registry.vlt.io/vlt/npm/xxhash-wasm 53ms (cache miss)
npm http fetch GET 200 https://registry.vlt.io/vlt/npm/aria-query 126ms (cache miss)
npm http fetch GET 200 https://registry.vlt.io/vlt/npm/html-escaper 55ms (cache miss)
npm http fetch GET 200 https://registry.vlt.io/vlt/npm/magic-string 57ms (cache miss)
npm http fetch GET 200 https://registry.vlt.io/vlt/npm/yargs-parser 65ms (cache miss)
npm http fetch GET 200 https://registry.vlt.io/vlt/npm/estree-walker 56ms (cache miss)
npm http fetch GET 200 https://registry.vlt.io/vlt/npm/yocto-spinner 52ms (cache miss)
npm http fetch GET 200 https://registry.vlt.io/vlt/npm/axobject-query 53ms (cache miss)
npm http fetch GET 200 https://registry.vlt.io/vlt/npm/github-slugger 54ms (cache miss)
npm http fetch GET 200 https://registry.vlt.io/vlt/npm/es-module-lexer 56ms (cache miss)
npm http fetch GET 200 https://registry.vlt.io/vlt/npm/@oslojs%2fencoding 58ms (cache miss)
npm http fetch GET 200 https://registry.vlt.io/vlt/npm/unist-util-visit 49ms (cache miss)
npm http fetch GET 200 https://registry.vlt.io/vlt/npm/@astrojs%2fcompiler 52ms (cache miss)
npm http fetch GET 200 https://registry.vlt.io/vlt/npm/@astrojs%2ftelemetry 50ms (cache miss)
npm http fetch GET 200 https://registry.vlt.io/vlt/npm/@capsizecss%2funpack 52ms (cache miss)
npm http fetch GET 200 https://registry.vlt.io/vlt/npm/zod-to-json-schema 54ms (cache miss)
npm http fetch GET 200 https://registry.vlt.io/vlt/npm/@rollup%2fpluginutils 53ms (cache miss)
npm http fetch GET 200 https://registry.vlt.io/vlt/npm/common-ancestor-path 54ms (cache miss)
npm http fetch GET 200 https://registry.vlt.io/vlt/npm/import-meta-resolve 87ms (cache miss)
npm http fetch GET 200 https://registry.vlt.io/vlt/npm/http-cache-semantics 56ms (cache miss)
npm http fetch GET 200 https://registry.vlt.io/vlt/npm/@astrojs%2fmarkdown-remark 52ms (cache miss)
npm http fetch GET 200 https://registry.vlt.io/vlt/npm/@astrojs%2finternal-helpers 53ms (cache miss)
npm http fetch GET 200 https://registry.vlt.io/vlt/npm/package-manager-detector 58ms (cache miss)
npm http fetch GET 200 https://registry.vlt.io/vlt/npm/sharp 60ms (cache miss)
npm http fetch GET 200 https://registry.vlt.io/vlt/npm/deterministic-object-hash 127ms (cache miss)
npm http fetch GET 200 https://registry.vlt.io/vlt/npm/@types%2fnode 63ms (cache miss)
npm http fetch GET 200 https://registry.vlt.io/vlt/npm/jiti 61ms (cache miss)
npm http fetch GET 200 https://registry.vlt.io/vlt/npm/less 57ms (cache miss)
npm http fetch GET 200 https://registry.vlt.io/vlt/npm/lightningcss 56ms (cache miss)
npm http fetch GET 200 https://registry.vlt.io/vlt/npm/sass 51ms (cache miss)
npm http fetch GET 200 https://registry.vlt.io/vlt/npm/sass-embedded 55ms (cache miss)
npm http fetch GET 200 https://registry.vlt.io/vlt/npm/stylus 63ms (cache miss)
npm http fetch GET 200 https://registry.vlt.io/vlt/npm/sugarss 54ms (cache miss)
npm http fetch GET 200 https://registry.vlt.io/vlt/npm/postcss 51ms (cache miss)
npm http fetch GET 200 https://registry.vlt.io/vlt/npm/terser 52ms (cache miss)
npm http fetch GET 200 https://registry.vlt.io/vlt/npm/tsx 56ms (cache miss)
npm http fetch GET 200 https://registry.vlt.io/vlt/npm/yaml 52ms (cache miss)
npm http fetch GET 200 https://registry.vlt.io/vlt/npm/typescript 92ms (cache miss)
npm http fetch GET 200 https://registry.vlt.io/vlt/npm/@azure%2fapp-configuration 61ms (cache miss)
npm http fetch GET 200 https://registry.vlt.io/vlt/npm/@azure%2fcosmos 62ms (cache miss)
npm http fetch GET 200 https://registry.vlt.io/vlt/npm/@azure%2fdata-tables 61ms (cache miss)
npm http fetch GET 200 https://registry.vlt.io/vlt/npm/@azure%2fidentity 89ms (cache miss)
npm http fetch GET 200 https://registry.vlt.io/vlt/npm/@azure%2fkeyvault-secrets 60ms (cache miss)
npm http fetch GET 200 https://registry.vlt.io/vlt/npm/@azure%2fstorage-blob 63ms (cache miss)
npm http fetch GET 200 https://registry.vlt.io/vlt/npm/@capacitor%2fpreferences 73ms (cache miss)
npm http fetch GET 200 https://registry.vlt.io/vlt/npm/@capacitor%2fcore 57ms (cache miss)
npm http fetch GET 200 https://registry.vlt.io/vlt/npm/@deno%2fkv 87ms (cache miss)
npm http fetch GET 200 https://registry.vlt.io/vlt/npm/@netlify%2fblobs 75ms (cache miss)
npm http fetch GET 200 https://registry.vlt.io/vlt/npm/@planetscale%2fdatabase 76ms (cache miss)
npm http fetch GET 200 https://registry.vlt.io/vlt/npm/@upstash%2fredis 56ms (cache miss)
npm http fetch GET 200 https://registry.vlt.io/vlt/npm/@vercel%2fblob 60ms (cache miss)
npm http fetch GET 200 https://registry.vlt.io/vlt/npm/@vercel%2ffunctions 76ms (cache miss)
npm http fetch GET 200 https://registry.vlt.io/vlt/npm/@aws-sdk%2fcredential-provider-web-identity 53ms (cache miss)
npm http fetch GET 200 https://registry.vlt.io/vlt/npm/ws 56ms (cache miss)
npm http fetch GET 200 https://registry.vlt.io/vlt/npm/bufferutil 70ms (cache miss)
npm http fetch GET 200 https://registry.vlt.io/vlt/npm/utf-8-validate 71ms (cache miss)
npm http fetch GET 200 https://registry.vlt.io/vlt/npm/@vercel%2fkv 78ms (cache miss)
npm http fetch GET 200 https://registry.vlt.io/vlt/npm/aws4fetch 75ms (cache miss)
npm http fetch GET 200 https://registry.vlt.io/vlt/npm/db0 76ms (cache miss)
npm http fetch GET 200 https://registry.vlt.io/vlt/npm/@electric-sql%2fpglite 80ms (cache miss)
npm http fetch GET 200 https://registry.vlt.io/vlt/npm/@libsql%2fclient 72ms (cache miss)
npm http fetch GET 200 https://registry.vlt.io/vlt/npm/better-sqlite3 51ms (cache miss)
npm http fetch GET 200 https://registry.vlt.io/vlt/npm/drizzle-orm 64ms (cache miss)
npm http fetch GET 200 https://registry.vlt.io/vlt/npm/@aws-sdk%2fclient-rds-data 63ms (cache miss)
npm http fetch GET 200 https://registry.vlt.io/vlt/npm/@cloudflare%2fworkers-types 53ms (cache miss)
npm http fetch GET 200 https://registry.vlt.io/vlt/npm/@libsql%2fclient-wasm 67ms (cache miss)
npm http fetch GET 200 https://registry.vlt.io/vlt/npm/@neondatabase%2fserverless 57ms (cache miss)
npm http fetch GET 200 https://registry.vlt.io/vlt/npm/@op-engineering%2fop-sqlite 60ms (cache miss)
npm http fetch GET 200 https://registry.vlt.io/vlt/npm/@sqlite.org%2fsqlite-wasm 74ms (cache miss)
npm http fetch GET 200 https://registry.vlt.io/vlt/npm/react 66ms (cache miss)
npm http fetch GET 200 https://registry.vlt.io/vlt/npm/react-native 106ms (cache miss)
npm http fetch GET 200 https://registry.vlt.io/vlt/npm/@react-native%2fjest-preset 56ms (cache miss)
npm http fetch GET 200 https://registry.vlt.io/vlt/npm/@types%2freact 54ms (cache miss)
npm http fetch GET 200 https://registry.vlt.io/vlt/npm/@opentelemetry%2fapi 73ms (cache miss)
npm http fetch GET 200 https://registry.vlt.io/vlt/npm/@prisma%2fclient 125625ms (cache miss)
