npm http fetch GET 200 https://registry.vlt.io/vlt/npm/yoctocolors/-/yoctocolors-2.1.2.tgz 453ms (cache miss)
npm http fetch GET 200 https://registry.vlt.io/vlt/npm/zwitch/-/zwitch-2.0.4.tgz 463ms (cache miss)
npm http fetch GET 200 https://registry.vlt.io/vlt/npm/which-pm-runs/-/which-pm-runs-1.1.0.tgz 457ms (cache miss)
npm http fetch GET 200 https://registry.vlt.io/vlt/npm/yocto-spinner/-/yocto-spinner-0.2.3.tgz 461ms (cache miss)
npm http fetch GET 200 https://registry.vlt.io/vlt/npm/wrap-ansi/-/wrap-ansi-9.0.2.tgz 459ms (cache miss)
npm http fetch GET 200 https://registry.vlt.io/vlt/npm/widest-line/-/widest-line-5.0.0.tgz 467ms (cache miss)
npm http fetch GET 200 https://registry.vlt.io/vlt/npm/yargs-parser/-/yargs-parser-21.1.1.tgz 471ms (cache miss)
npm http fetch GET 200 https://registry.vlt.io/vlt/npm/zod-to-ts/-/zod-to-ts-1.2.0.tgz 472ms (cache miss)
npm http fetch GET 200 https://registry.vlt.io/vlt/npm/xxhash-wasm/-/xxhash-wasm-1.1.0.tgz 472ms (cache miss)
npm http fetch GET 200 https://registry.vlt.io/vlt/npm/vitefu/-/vitefu-1.1.3.tgz 501ms (cache miss)
npm http fetch GET 200 https://registry.vlt.io/vlt/npm/vite/-/vite-6.4.2.tgz 507ms (cache miss)
npm http fetch GET 200 https://registry.vlt.io/vlt/npm/yocto-queue/-/yocto-queue-1.2.2.tgz 545ms (cache miss)
npm http fetch GET 200 https://registry.vlt.io/vlt/npm/vfile-message/-/vfile-message-4.0.3.tgz 680ms (cache miss)
npm http fetch GET 200 https://registry.vlt.io/vlt/npm/vfile-location/-/vfile-location-5.0.3.tgz 698ms (cache miss)
npm http fetch GET 200 https://registry.vlt.io/vlt/npm/unist-util-visit-parents/-/unist-util-visit-parents-6.0.2.tgz 706ms (cache miss)
npm http fetch GET 200 https://registry.vlt.io/vlt/npm/unist-util-visit/-/unist-util-visit-5.1.0.tgz 718ms (cache miss)
npm http fetch GET 200 https://registry.vlt.io/vlt/npm/unist-util-visit-children/-/unist-util-visit-children-3.0.0.tgz 722ms (cache miss)
npm http fetch GET 200 https://registry.vlt.io/vlt/npm/zod/-/zod-3.25.76.tgz 729ms (cache miss)
npm http fetch GET 200 https://registry.vlt.io/vlt/npm/unist-util-remove-position/-/unist-util-remove-position-5.0.0.tgz 729ms (cache miss)
npm http fetch GET 200 https://registry.vlt.io/vlt/npm/unist-util-stringify-position/-/unist-util-stringify-position-4.0.0.tgz 733ms (cache miss)
npm http fetch GET 200 https://registry.vlt.io/vlt/npm/unstorage/-/unstorage-1.17.5.tgz 744ms (cache miss)
npm http fetch GET 200 https://registry.vlt.io/vlt/npm/unist-util-modify-children/-/unist-util-modify-children-4.0.0.tgz 766ms (cache miss)
npm http fetch GET 200 https://registry.vlt.io/vlt/npm/unist-util-find-after/-/unist-util-find-after-5.0.0.tgz 812ms (cache miss)
npm http fetch GET 200 https://registry.vlt.io/vlt/npm/unifont/-/unifont-0.7.4.tgz 893ms (cache miss)
npm http fetch GET 200 https://registry.vlt.io/vlt/npm/unified/-/unified-11.0.5.tgz 894ms (cache miss)
npm http fetch GET 200 https://registry.vlt.io/vlt/npm/uncrypto/-/uncrypto-0.1.3.tgz 905ms (cache miss)
npm http fetch GET 200 https://registry.vlt.io/vlt/npm/ultrahtml/-/ultrahtml-1.6.0.tgz 913ms (cache miss)
npm http fetch GET 200 https://registry.vlt.io/vlt/npm/ufo/-/ufo-1.6.4.tgz 938ms (cache miss)
npm http fetch GET 200 https://registry.vlt.io/vlt/npm/tsconfck/-/tsconfck-3.1.6.tgz 1000ms (cache miss)
npm http fetch GET 200 https://registry.vlt.io/vlt/npm/trough/-/trough-2.2.0.tgz 1001ms (cache miss)
npm http fetch GET 200 https://registry.vlt.io/vlt/npm/trim-lines/-/trim-lines-3.0.1.tgz 1026ms (cache miss)
npm http fetch GET 200 https://registry.vlt.io/vlt/npm/type-fest/-/type-fest-4.41.0.tgz 1068ms (cache miss)
npm http fetch GET 200 https://registry.vlt.io/vlt/npm/tinyexec/-/tinyexec-1.1.2.tgz 1125ms (cache miss)
npm http fetch GET 200 https://registry.vlt.io/vlt/npm/tinyglobby/-/tinyglobby-0.2.16.tgz 1126ms (cache miss)
npm http fetch GET 200 https://registry.vlt.io/vlt/npm/tiny-inflate/-/tiny-inflate-1.0.3.tgz 1135ms (cache miss)
npm http fetch GET 200 https://registry.vlt.io/vlt/npm/stringify-entities/-/stringify-entities-4.0.4.tgz 1167ms (cache miss)
npm http fetch GET 200 https://registry.vlt.io/vlt/npm/strip-ansi/-/strip-ansi-7.2.0.tgz 1183ms (cache miss)
npm http fetch GET 200 https://registry.vlt.io/vlt/npm/string-width/-/string-width-7.2.0.tgz 1185ms (cache miss)
npm http fetch GET 200 https://registry.vlt.io/vlt/npm/space-separated-tokens/-/space-separated-tokens-2.0.2.tgz 1210ms (cache miss)
npm http fetch GET 200 https://registry.vlt.io/vlt/npm/svgo/-/svgo-4.0.1.tgz 1215ms (cache miss)
npm http fetch GET 200 https://registry.vlt.io/vlt/npm/typescript/-/typescript-5.9.3.tgz 1230ms (cache miss)
npm http fetch GET 200 https://registry.vlt.io/vlt/npm/source-map-js/-/source-map-js-1.2.1.tgz 1264ms (cache miss)
npm http fetch GET 200 https://registry.vlt.io/vlt/npm/smol-toml/-/smol-toml-1.6.1.tgz 1312ms (cache miss)
npm http fetch GET 200 https://registry.vlt.io/vlt/npm/sisteransi/-/sisteransi-1.0.5.tgz 1401ms (cache miss)
npm http fetch GET 200 https://registry.vlt.io/vlt/npm/sharp/-/sharp-0.34.5.tgz 1415ms (cache miss)
npm http fetch GET 200 https://registry.vlt.io/vlt/npm/sax/-/sax-1.6.0.tgz 1429ms (cache miss)
npm http fetch GET 200 https://registry.vlt.io/vlt/npm/semver/-/semver-7.8.0.tgz 1430ms (cache miss)
npm http fetch GET 200 https://registry.vlt.io/vlt/npm/retext-smartypants/-/retext-smartypants-6.2.0.tgz 1443ms (cache miss)
npm http fetch GET 200 https://registry.vlt.io/vlt/npm/retext-stringify/-/retext-stringify-4.0.0.tgz 1466ms (cache miss)
npm http fetch GET 200 https://registry.vlt.io/vlt/npm/rollup/-/rollup-4.60.4.tgz 1470ms (cache miss)
npm http fetch GET 200 https://registry.vlt.io/vlt/npm/retext-latin/-/retext-latin-4.0.0.tgz 1555ms (cache miss)
npm http fetch GET 200 https://registry.vlt.io/vlt/npm/retext/-/retext-9.0.0.tgz 1571ms (cache miss)
npm http fetch GET 200 https://registry.vlt.io/vlt/npm/shiki/-/shiki-3.23.0.tgz 1604ms (cache miss)
npm http fetch GET 200 https://registry.vlt.io/vlt/npm/remark-smartypants/-/remark-smartypants-3.0.2.tgz 1653ms (cache miss)
npm http fetch GET 200 https://registry.vlt.io/vlt/npm/remark-stringify/-/remark-stringify-11.0.0.tgz 1666ms (cache miss)
npm http fetch GET 200 https://registry.vlt.io/vlt/npm/remark-parse/-/remark-parse-11.0.0.tgz 1673ms (cache miss)
npm http fetch GET 200 https://registry.vlt.io/vlt/npm/remark-rehype/-/remark-rehype-11.1.2.tgz 1683ms (cache miss)
npm http fetch GET 200 https://registry.vlt.io/vlt/npm/rehype-stringify/-/rehype-stringify-10.0.1.tgz 1684ms (cache miss)
npm http fetch GET 200 https://registry.vlt.io/vlt/npm/remark-gfm/-/remark-gfm-4.0.1.tgz 1711ms (cache miss)
npm http fetch GET 200 https://registry.vlt.io/vlt/npm/rehype-raw/-/rehype-raw-7.0.0.tgz 1725ms (cache miss)
npm http fetch GET 200 https://registry.vlt.io/vlt/npm/rehype/-/rehype-13.0.2.tgz 1726ms (cache miss)
npm http fetch GET 200 https://registry.vlt.io/vlt/npm/rehype-parse/-/rehype-parse-9.0.1.tgz 1809ms (cache miss)
npm http fetch GET 200 https://registry.vlt.io/vlt/npm/regex-utilities/-/regex-utilities-2.3.0.tgz 1817ms (cache miss)
npm http fetch GET 200 https://registry.vlt.io/vlt/npm/readdirp/-/readdirp-5.0.0.tgz 1904ms (cache miss)
npm http fetch GET 200 https://registry.vlt.io/vlt/npm/radix3/-/radix3-1.1.2.tgz 1905ms (cache miss)
npm http fetch GET 200 https://registry.vlt.io/vlt/npm/regex-recursion/-/regex-recursion-6.0.2.tgz 1909ms (cache miss)
npm http fetch GET 200 https://registry.vlt.io/vlt/npm/regex/-/regex-6.1.0.tgz 1912ms (cache miss)
npm http fetch GET 200 https://registry.vlt.io/vlt/npm/property-information/-/property-information-7.1.0.tgz 1931ms (cache miss)
npm http fetch GET 200 https://registry.vlt.io/vlt/npm/prompts/-/prompts-2.4.2.tgz 1947ms (cache miss)
npm http fetch GET 200 https://registry.vlt.io/vlt/npm/picomatch/-/picomatch-4.0.4.tgz 1975ms (cache miss)
npm http fetch GET 200 https://registry.vlt.io/vlt/npm/postcss/-/postcss-8.5.14.tgz 2050ms (cache miss)
npm http fetch GET 200 https://registry.vlt.io/vlt/npm/picocolors/-/picocolors-1.1.1.tgz 2052ms (cache miss)
npm http fetch GET 200 https://registry.vlt.io/vlt/npm/prismjs/-/prismjs-1.30.0.tgz 2067ms (cache miss)
npm http fetch GET 200 https://registry.vlt.io/vlt/npm/piccolore/-/piccolore-0.1.3.tgz 2114ms (cache miss)
npm http fetch GET 200 https://registry.vlt.io/vlt/npm/parse5/-/parse5-7.3.0.tgz 2143ms (cache miss)
npm http fetch GET 200 https://registry.vlt.io/vlt/npm/p-timeout/-/p-timeout-6.1.4.tgz 2150ms (cache miss)
npm http fetch GET 200 https://registry.vlt.io/vlt/npm/package-manager-detector/-/package-manager-detector-1.6.0.tgz 2168ms (cache miss)
npm http fetch GET 200 https://registry.vlt.io/vlt/npm/p-queue/-/p-queue-8.1.1.tgz 2174ms (cache miss)
npm http fetch GET 200 https://registry.vlt.io/vlt/npm/p-limit/-/p-limit-6.2.0.tgz 2183ms (cache miss)
npm http fetch GET 200 https://registry.vlt.io/vlt/npm/parse-latin/-/parse-latin-7.0.0.tgz 2190ms (cache miss)
npm http fetch GET 200 https://registry.vlt.io/vlt/npm/oniguruma-to-es/-/oniguruma-to-es-4.3.6.tgz 2239ms (cache miss)
npm http fetch GET 200 https://registry.vlt.io/vlt/npm/oniguruma-parser/-/oniguruma-parser-0.12.2.tgz 2314ms (cache miss)
npm http fetch GET 200 https://registry.vlt.io/vlt/npm/ohash/-/ohash-2.0.11.tgz 2326ms (cache miss)
npm http fetch GET 200 https://registry.vlt.io/vlt/npm/ofetch/-/ofetch-1.5.1.tgz 2402ms (cache miss)
npm http fetch GET 200 https://registry.vlt.io/vlt/npm/nth-check/-/nth-check-2.1.1.tgz 2414ms (cache miss)
npm http fetch GET 200 https://registry.vlt.io/vlt/npm/normalize-path/-/normalize-path-3.0.0.tgz 2420ms (cache miss)
npm http fetch GET 200 https://registry.vlt.io/vlt/npm/node-fetch-native/-/node-fetch-native-1.6.7.tgz 2439ms (cache miss)
npm http fetch GET 200 https://registry.vlt.io/vlt/npm/node-mock-http/-/node-mock-http-1.0.4.tgz 2445ms (cache miss)
npm http fetch GET 200 https://registry.vlt.io/vlt/npm/neotraverse/-/neotraverse-0.6.18.tgz 2467ms (cache miss)
npm http fetch GET 200 https://registry.vlt.io/vlt/npm/nlcst-to-string/-/nlcst-to-string-4.0.0.tgz 2473ms (cache miss)
npm http fetch GET 200 https://registry.vlt.io/vlt/npm/zod-to-json-schema/-/zod-to-json-schema-3.25.2.tgz 2565ms (cache miss)
npm http fetch GET 200 https://registry.vlt.io/vlt/npm/nanoid/-/nanoid-3.3.12.tgz 2548ms (cache miss)
npm http fetch GET 200 https://registry.vlt.io/vlt/npm/ms/-/ms-2.1.3.tgz 2597ms (cache miss)
npm http fetch GET 200 https://registry.vlt.io/vlt/npm/mrmime/-/mrmime-2.0.1.tgz 2636ms (cache miss)
npm http fetch GET 200 https://registry.vlt.io/vlt/npm/micromark-util-types/-/micromark-util-types-2.0.2.tgz 2708ms (cache miss)
npm http fetch GET 200 https://registry.vlt.io/vlt/npm/micromark-util-symbol/-/micromark-util-symbol-2.0.1.tgz 2726ms (cache miss)
npm http fetch GET 200 https://registry.vlt.io/vlt/npm/micromark-util-subtokenize/-/micromark-util-subtokenize-2.1.0.tgz 2727ms (cache miss)
npm http fetch GET 200 https://registry.vlt.io/vlt/npm/micromark-util-sanitize-uri/-/micromark-util-sanitize-uri-2.0.1.tgz 2741ms (cache miss)
npm http fetch GET 200 https://registry.vlt.io/vlt/npm/micromark-util-resolve-all/-/micromark-util-resolve-all-2.0.1.tgz 2744ms (cache miss)
npm http fetch GET 200 https://registry.vlt.io/vlt/npm/web-namespaces/-/web-namespaces-2.0.1.tgz 2783ms (cache miss)
npm http fetch GET 200 https://registry.vlt.io/vlt/npm/micromark-util-normalize-identifier/-/micromark-util-normalize-identifier-2.0.1.tgz 2767ms (cache miss)
npm http fetch GET 200 https://registry.vlt.io/vlt/npm/micromark-util-html-tag-name/-/micromark-util-html-tag-name-2.0.1.tgz 2772ms (cache miss)
npm http fetch GET 200 https://registry.vlt.io/vlt/npm/micromark-util-encode/-/micromark-util-encode-2.0.1.tgz 2847ms (cache miss)
npm http fetch GET 200 https://registry.vlt.io/vlt/npm/vfile/-/vfile-6.0.3.tgz 2869ms (cache miss)
npm http fetch GET 200 https://registry.vlt.io/vlt/npm/micromark-util-decode-string/-/micromark-util-decode-string-2.0.1.tgz 2863ms (cache miss)
npm http fetch GET 200 https://registry.vlt.io/vlt/npm/micromark-util-decode-numeric-character-reference/-/micromark-util-decode-numeric-character-reference-2.0.2.tgz 2922ms (cache miss)
npm http fetch GET 200 https://registry.vlt.io/vlt/npm/micromark-util-classify-character/-/micromark-util-classify-character-2.0.1.tgz 2973ms (cache miss)
npm http fetch GET 200 https://registry.vlt.io/vlt/npm/unist-util-position/-/unist-util-position-5.0.0.tgz 3003ms (cache miss)
npm http fetch GET 200 https://registry.vlt.io/vlt/npm/micromark-util-combine-extensions/-/micromark-util-combine-extensions-2.0.1.tgz 2995ms (cache miss)
npm http fetch GET 200 https://registry.vlt.io/vlt/npm/micromark-util-character/-/micromark-util-character-2.1.1.tgz 3008ms (cache miss)
npm http fetch GET 200 https://registry.vlt.io/vlt/npm/micromark-util-chunked/-/micromark-util-chunked-2.0.1.tgz 3008ms (cache miss)
npm http fetch GET 200 https://registry.vlt.io/vlt/npm/micromark-factory-space/-/micromark-factory-space-2.0.1.tgz 3012ms (cache miss)
npm http fetch GET 200 https://registry.vlt.io/vlt/npm/micromark-factory-whitespace/-/micromark-factory-whitespace-2.0.1.tgz 3017ms (cache miss)
npm http fetch GET 200 https://registry.vlt.io/vlt/npm/micromark-factory-title/-/micromark-factory-title-2.0.1.tgz 3059ms (cache miss)
npm http fetch GET 200 https://registry.vlt.io/vlt/npm/micromark-factory-label/-/micromark-factory-label-2.0.1.tgz 3070ms (cache miss)
npm http fetch GET 200 https://registry.vlt.io/vlt/npm/micromark-factory-destination/-/micromark-factory-destination-2.0.1.tgz 3099ms (cache miss)
npm http fetch GET 200 https://registry.vlt.io/vlt/npm/micromark-extension-gfm-task-list-item/-/micromark-extension-gfm-task-list-item-2.1.0.tgz 3117ms (cache miss)
npm http fetch GET 200 https://registry.vlt.io/vlt/npm/micromark-extension-gfm-tagfilter/-/micromark-extension-gfm-tagfilter-2.0.0.tgz 3142ms (cache miss)
npm http fetch GET 200 https://registry.vlt.io/vlt/npm/unist-util-is/-/unist-util-is-6.0.1.tgz 3175ms (cache miss)
npm http fetch GET 200 https://registry.vlt.io/vlt/npm/micromark-extension-gfm-table/-/micromark-extension-gfm-table-2.1.1.tgz 3167ms (cache miss)
npm http fetch GET 200 https://registry.vlt.io/vlt/npm/micromark-extension-gfm-strikethrough/-/micromark-extension-gfm-strikethrough-2.1.0.tgz 3224ms (cache miss)
npm http fetch GET 200 https://registry.vlt.io/vlt/npm/micromark-extension-gfm-footnote/-/micromark-extension-gfm-footnote-2.1.0.tgz 3283ms (cache miss)
npm http fetch GET 200 https://registry.vlt.io/vlt/npm/micromark-extension-gfm/-/micromark-extension-gfm-3.0.0.tgz 3292ms (cache miss)
npm http fetch GET 200 https://registry.vlt.io/vlt/npm/micromark-extension-gfm-autolink-literal/-/micromark-extension-gfm-autolink-literal-2.1.0.tgz 3325ms (cache miss)
npm http fetch GET 200 https://registry.vlt.io/vlt/npm/mdn-data/-/mdn-data-2.27.1.tgz 3336ms (cache miss)
npm http fetch GET 200 https://registry.vlt.io/vlt/npm/mdast-util-to-string/-/mdast-util-to-string-4.0.0.tgz 3342ms (cache miss)
npm http fetch GET 200 https://registry.vlt.io/vlt/npm/micromark/-/micromark-4.0.2.tgz 3345ms (cache miss)
npm http fetch GET 200 https://registry.vlt.io/vlt/npm/micromark-core-commonmark/-/micromark-core-commonmark-2.0.3.tgz 3400ms (cache miss)
npm http fetch GET 200 https://registry.vlt.io/vlt/npm/mdast-util-to-hast/-/mdast-util-to-hast-13.2.1.tgz 3419ms (cache miss)
npm http fetch GET 200 https://registry.vlt.io/vlt/npm/mdast-util-to-markdown/-/mdast-util-to-markdown-2.1.2.tgz 3423ms (cache miss)
npm http fetch GET 200 https://registry.vlt.io/vlt/npm/mdast-util-phrasing/-/mdast-util-phrasing-4.1.0.tgz 3475ms (cache miss)
npm http fetch GET 200 https://registry.vlt.io/vlt/npm/mdast-util-gfm-strikethrough/-/mdast-util-gfm-strikethrough-2.0.0.tgz 3487ms (cache miss)
npm http fetch GET 200 https://registry.vlt.io/vlt/npm/mdast-util-gfm-table/-/mdast-util-gfm-table-2.0.0.tgz 3500ms (cache miss)
npm http fetch GET 200 https://registry.vlt.io/vlt/npm/mdast-util-gfm-task-list-item/-/mdast-util-gfm-task-list-item-2.0.0.tgz 3529ms (cache miss)
npm http fetch GET 200 https://registry.vlt.io/vlt/npm/mdast-util-gfm-footnote/-/mdast-util-gfm-footnote-2.1.0.tgz 3526ms (cache miss)
npm http fetch GET 200 https://registry.vlt.io/vlt/npm/mdast-util-gfm-autolink-literal/-/mdast-util-gfm-autolink-literal-2.0.1.tgz 3559ms (cache miss)
npm http fetch GET 200 https://registry.vlt.io/vlt/npm/mdast-util-from-markdown/-/mdast-util-from-markdown-2.0.3.tgz 3626ms (cache miss)
npm http fetch GET 200 https://registry.vlt.io/vlt/npm/mdast-util-definitions/-/mdast-util-definitions-6.0.0.tgz 3653ms (cache miss)
npm http fetch GET 200 https://registry.vlt.io/vlt/npm/mdast-util-gfm/-/mdast-util-gfm-3.1.0.tgz 3662ms (cache miss)
npm http fetch GET 200 https://registry.vlt.io/vlt/npm/markdown-table/-/markdown-table-3.0.4.tgz 3662ms (cache miss)
npm http fetch GET 200 https://registry.vlt.io/vlt/npm/magic-string/-/magic-string-0.30.21.tgz 3673ms (cache miss)
npm http fetch GET 200 https://registry.vlt.io/vlt/npm/mdast-util-find-and-replace/-/mdast-util-find-and-replace-3.0.2.tgz 3698ms (cache miss)
npm http fetch GET 200 https://registry.vlt.io/vlt/npm/longest-streak/-/longest-streak-3.1.0.tgz 3725ms (cache miss)
npm http fetch GET 200 https://registry.vlt.io/vlt/npm/lru-cache/-/lru-cache-11.4.0.tgz 3769ms (cache miss)
npm http fetch GET 200 https://registry.vlt.io/vlt/npm/magicast/-/magicast-0.5.3.tgz 3775ms (cache miss)
npm http fetch GET 200 https://registry.vlt.io/vlt/npm/kleur/-/kleur-3.0.3.tgz 3795ms (cache miss)
npm http fetch GET 200 https://registry.vlt.io/vlt/npm/js-yaml/-/js-yaml-4.1.1.tgz 3810ms (cache miss)
npm http fetch GET 200 https://registry.vlt.io/vlt/npm/is-wsl/-/is-wsl-3.1.1.tgz 3819ms (cache miss)
npm http fetch GET 200 https://registry.vlt.io/vlt/npm/is-plain-obj/-/is-plain-obj-4.1.0.tgz 3855ms (cache miss)
npm http fetch GET 200 https://registry.vlt.io/vlt/npm/is-fullwidth-code-point/-/is-fullwidth-code-point-3.0.0.tgz 3862ms (cache miss)
npm http fetch GET 200 https://registry.vlt.io/vlt/npm/is-docker/-/is-docker-3.0.0.tgz 3926ms (cache miss)
npm http fetch GET 200 https://registry.vlt.io/vlt/npm/iron-webcrypto/-/iron-webcrypto-1.2.1.tgz 3953ms (cache miss)
npm http fetch GET 200 https://registry.vlt.io/vlt/npm/http-cache-semantics/-/http-cache-semantics-4.2.0.tgz 3966ms (cache miss)
npm http fetch GET 200 https://registry.vlt.io/vlt/npm/html-void-elements/-/html-void-elements-3.0.0.tgz 3990ms (cache miss)
npm http fetch GET 200 https://registry.vlt.io/vlt/npm/html-escaper/-/html-escaper-3.0.3.tgz 4013ms (cache miss)
npm http fetch GET 200 https://registry.vlt.io/vlt/npm/import-meta-resolve/-/import-meta-resolve-4.2.0.tgz 4017ms (cache miss)
npm http fetch GET 200 https://registry.vlt.io/vlt/npm/hastscript/-/hastscript-9.0.1.tgz 4054ms (cache miss)
npm http fetch GET 200 https://registry.vlt.io/vlt/npm/hast-util-whitespace/-/hast-util-whitespace-3.0.0.tgz 4069ms (cache miss)
npm http fetch GET 200 https://registry.vlt.io/vlt/npm/hast-util-to-text/-/hast-util-to-text-4.0.2.tgz 4118ms (cache miss)
npm http fetch GET 200 https://registry.vlt.io/vlt/npm/hast-util-to-html/-/hast-util-to-html-9.0.5.tgz 4124ms (cache miss)
npm http fetch GET 200 https://registry.vlt.io/vlt/npm/hast-util-to-parse5/-/hast-util-to-parse5-8.0.1.tgz 4134ms (cache miss)
npm http fetch GET 200 https://registry.vlt.io/vlt/npm/hast-util-raw/-/hast-util-raw-9.1.0.tgz 4169ms (cache miss)
npm http fetch GET 200 https://registry.vlt.io/vlt/npm/hast-util-from-parse5/-/hast-util-from-parse5-8.0.3.tgz 4193ms (cache miss)
npm http fetch GET 200 https://registry.vlt.io/vlt/npm/hast-util-from-html/-/hast-util-from-html-2.0.3.tgz 4254ms (cache miss)
npm http fetch GET 200 https://registry.vlt.io/vlt/npm/github-slugger/-/github-slugger-2.0.0.tgz 4286ms (cache miss)
npm http fetch GET 200 https://registry.vlt.io/vlt/npm/h3/-/h3-1.15.11.tgz 4290ms (cache miss)
npm http fetch GET 200 https://registry.vlt.io/vlt/npm/get-east-asian-width/-/get-east-asian-width-1.6.0.tgz 4307ms (cache miss)
npm http fetch GET 200 https://registry.vlt.io/vlt/npm/flattie/-/flattie-1.1.1.tgz 4362ms (cache miss)
npm http fetch GET 200 https://registry.vlt.io/vlt/npm/fdir/-/fdir-6.5.0.tgz 4386ms (cache miss)
npm http fetch GET 200 https://registry.vlt.io/vlt/npm/fontkitten/-/fontkitten-1.0.3.tgz 4401ms (cache miss)
npm http fetch GET 200 https://registry.vlt.io/vlt/npm/fontace/-/fontace-0.4.1.tgz 4402ms (cache miss)
npm http fetch GET 200 https://registry.vlt.io/vlt/npm/extend/-/extend-3.0.2.tgz 4419ms (cache miss)
npm http fetch GET 200 https://registry.vlt.io/vlt/npm/eventemitter3/-/eventemitter3-5.0.4.tgz 4441ms (cache miss)
npm http fetch GET 200 https://registry.vlt.io/vlt/npm/hast-util-parse-selector/-/hast-util-parse-selector-4.0.0.tgz 4447ms (cache miss)
npm http fetch GET 200 https://registry.vlt.io/vlt/npm/escape-string-regexp/-/escape-string-regexp-5.0.0.tgz 4493ms (cache miss)
npm http fetch GET 200 https://registry.vlt.io/vlt/npm/hast-util-is-element/-/hast-util-is-element-3.0.0.tgz 4527ms (cache miss)
npm http fetch GET 200 https://registry.vlt.io/vlt/npm/estree-walker/-/estree-walker-3.0.3.tgz 4531ms (cache miss)
npm http fetch GET 200 https://registry.vlt.io/vlt/npm/esbuild/-/esbuild-0.27.7.tgz 4548ms (cache miss)
npm http fetch GET 200 https://registry.vlt.io/vlt/npm/entities/-/entities-6.0.1.tgz 4596ms (cache miss)
npm http fetch GET 200 https://registry.vlt.io/vlt/npm/emoji-regex/-/emoji-regex-10.6.0.tgz 4602ms (cache miss)
npm http fetch GET 200 https://registry.vlt.io/vlt/npm/es-module-lexer/-/es-module-lexer-1.7.0.tgz 4686ms (cache miss)
npm http fetch GET 200 https://registry.vlt.io/vlt/npm/domutils/-/domutils-3.2.2.tgz 4695ms (cache miss)
npm http fetch GET 200 https://registry.vlt.io/vlt/npm/domelementtype/-/domelementtype-2.3.0.tgz 4710ms (cache miss)
npm http fetch GET 200 https://registry.vlt.io/vlt/npm/dset/-/dset-3.1.4.tgz 4727ms (cache miss)
npm http fetch GET 200 https://registry.vlt.io/vlt/npm/domhandler/-/domhandler-5.0.3.tgz 4727ms (cache miss)
npm http fetch GET 200 https://registry.vlt.io/vlt/npm/dom-serializer/-/dom-serializer-2.0.0.tgz 4764ms (cache miss)
npm http fetch GET 200 https://registry.vlt.io/vlt/npm/diff/-/diff-8.0.4.tgz 4816ms (cache miss)
npm http fetch GET 200 https://registry.vlt.io/vlt/npm/devlop/-/devlop-1.1.0.tgz 4839ms (cache miss)
npm http fetch GET 200 https://registry.vlt.io/vlt/npm/deterministic-object-hash/-/deterministic-object-hash-2.0.2.tgz 4883ms (cache miss)
npm http fetch GET 200 https://registry.vlt.io/vlt/npm/devalue/-/devalue-5.8.1.tgz 4888ms (cache miss)
npm http fetch GET 200 https://registry.vlt.io/vlt/npm/detect-libc/-/detect-libc-2.1.2.tgz 4895ms (cache miss)
npm http fetch GET 200 https://registry.vlt.io/vlt/npm/dlv/-/dlv-1.1.3.tgz 4928ms (cache miss)
npm http fetch GET 200 https://registry.vlt.io/vlt/npm/destr/-/destr-2.0.5.tgz 4936ms (cache miss)
npm http fetch GET 200 https://registry.vlt.io/vlt/npm/dequal/-/dequal-2.0.3.tgz 4978ms (cache miss)
npm http fetch GET 200 https://registry.vlt.io/vlt/npm/decode-named-character-reference/-/decode-named-character-reference-1.3.0.tgz 5017ms (cache miss)
npm http fetch GET 200 https://registry.vlt.io/vlt/npm/defu/-/defu-6.1.7.tgz 5021ms (cache miss)
npm http fetch GET 200 https://registry.vlt.io/vlt/npm/debug/-/debug-4.4.3.tgz 5042ms (cache miss)
npm http fetch GET 200 https://registry.vlt.io/vlt/npm/csso/-/csso-5.0.5.tgz 5072ms (cache miss)
npm http fetch GET 200 https://registry.vlt.io/vlt/npm/cssesc/-/cssesc-3.0.0.tgz 5087ms (cache miss)
npm http fetch GET 200 https://registry.vlt.io/vlt/npm/css-what/-/css-what-6.2.2.tgz 5107ms (cache miss)
npm http fetch GET 200 https://registry.vlt.io/vlt/npm/css-select/-/css-select-5.2.2.tgz 5215ms (cache miss)
npm http fetch GET 200 https://registry.vlt.io/vlt/npm/cookie-es/-/cookie-es-1.2.3.tgz 5227ms (cache miss)
npm http fetch GET 200 https://registry.vlt.io/vlt/npm/cookie/-/cookie-1.1.1.tgz 5235ms (cache miss)
npm http fetch GET 200 https://registry.vlt.io/vlt/npm/crossws/-/crossws-0.3.5.tgz 5237ms (cache miss)
npm http fetch GET 200 https://registry.vlt.io/vlt/npm/common-ancestor-path/-/common-ancestor-path-1.0.1.tgz 5250ms (cache miss)
npm http fetch GET 200 https://registry.vlt.io/vlt/npm/commander/-/commander-11.1.0.tgz 5282ms (cache miss)
npm http fetch GET 200 https://registry.vlt.io/vlt/npm/css-tree/-/css-tree-3.2.1.tgz 5284ms (cache miss)
npm http fetch GET 200 https://registry.vlt.io/vlt/npm/comma-separated-tokens/-/comma-separated-tokens-2.0.3.tgz 5310ms (cache miss)
npm http fetch GET 200 https://registry.vlt.io/vlt/npm/clsx/-/clsx-2.1.1.tgz 5354ms (cache miss)
npm http fetch GET 200 https://registry.vlt.io/vlt/npm/cli-boxes/-/cli-boxes-3.0.0.tgz 5354ms (cache miss)
npm http fetch GET 200 https://registry.vlt.io/vlt/npm/ci-info/-/ci-info-4.4.0.tgz 5378ms (cache miss)
npm http fetch GET 200 https://registry.vlt.io/vlt/npm/chokidar/-/chokidar-5.0.0.tgz 5398ms (cache miss)
npm http fetch GET 200 https://registry.vlt.io/vlt/npm/character-entities-legacy/-/character-entities-legacy-3.0.0.tgz 5439ms (cache miss)
npm http fetch GET 200 https://registry.vlt.io/vlt/npm/character-entities-html4/-/character-entities-html4-2.1.0.tgz 5453ms (cache miss)
npm http fetch GET 200 https://registry.vlt.io/vlt/npm/ccount/-/ccount-2.0.1.tgz 5507ms (cache miss)
npm http fetch GET 200 https://registry.vlt.io/vlt/npm/camelcase/-/camelcase-8.0.0.tgz 5538ms (cache miss)
npm http fetch GET 200 https://registry.vlt.io/vlt/npm/boolbase/-/boolbase-1.0.0.tgz 5551ms (cache miss)
npm http fetch GET 200 https://registry.vlt.io/vlt/npm/boxen/-/boxen-8.0.1.tgz 5551ms (cache miss)
npm http fetch GET 200 https://registry.vlt.io/vlt/npm/character-entities/-/character-entities-2.0.2.tgz 5570ms (cache miss)
npm http fetch GET 200 https://registry.vlt.io/vlt/npm/base-64/-/base-64-1.0.0.tgz 5628ms (cache miss)
npm http fetch GET 200 https://registry.vlt.io/vlt/npm/bail/-/bail-2.0.2.tgz 5628ms (cache miss)
npm http fetch GET 200 https://registry.vlt.io/vlt/npm/array-iterate/-/array-iterate-2.0.1.tgz 5688ms (cache miss)
npm http fetch GET 200 https://registry.vlt.io/vlt/npm/chalk/-/chalk-5.6.2.tgz 5727ms (cache miss)
npm http fetch GET 200 https://registry.vlt.io/vlt/npm/axobject-query/-/axobject-query-4.1.0.tgz 5744ms (cache miss)
npm http fetch GET 200 https://registry.vlt.io/vlt/npm/aria-query/-/aria-query-5.3.2.tgz 5782ms (cache miss)
npm http fetch GET 200 https://registry.vlt.io/vlt/npm/argparse/-/argparse-2.0.1.tgz 5792ms (cache miss)
npm http fetch GET 200 https://registry.vlt.io/vlt/npm/anymatch/-/anymatch-3.1.3.tgz 5806ms (cache miss)
npm http fetch GET 200 https://registry.vlt.io/vlt/npm/ansi-styles/-/ansi-styles-6.2.3.tgz 5885ms (cache miss)
npm http fetch GET 200 https://registry.vlt.io/vlt/npm/ansi-align/-/ansi-align-3.0.1.tgz 5889ms (cache miss)
npm http fetch GET 200 https://registry.vlt.io/vlt/npm/ansi-regex/-/ansi-regex-6.2.2.tgz 5912ms (cache miss)
npm http fetch GET 200 https://registry.vlt.io/vlt/npm/acorn/-/acorn-8.16.0.tgz 5921ms (cache miss)
npm http fetch GET 200 https://registry.vlt.io/vlt/npm/@ungap/structured-clone/-/structured-clone-1.3.1.tgz 5940ms (cache miss)
npm http fetch GET 200 https://registry.vlt.io/vlt/npm/@types/nlcst/-/nlcst-2.0.3.tgz 5996ms (cache miss)
npm http fetch GET 200 https://registry.vlt.io/vlt/npm/@types/unist/-/unist-3.0.3.tgz 5996ms (cache miss)
npm http fetch GET 200 https://registry.vlt.io/vlt/npm/astro/-/astro-5.18.1.tgz 6004ms (cache miss)
npm http fetch GET 200 https://registry.vlt.io/vlt/npm/is-inside-container/-/is-inside-container-1.0.0.tgz 6023ms (cache miss)
npm http fetch GET 200 https://registry.vlt.io/vlt/npm/@types/ms/-/ms-2.1.0.tgz 6017ms (cache miss)
npm http fetch GET 200 https://registry.vlt.io/vlt/npm/@types/mdast/-/mdast-4.0.4.tgz 6036ms (cache miss)
npm http fetch GET 200 https://registry.vlt.io/vlt/npm/@types/hast/-/hast-3.0.4.tgz 6037ms (cache miss)
npm http fetch GET 200 https://registry.vlt.io/vlt/npm/@types/estree/-/estree-1.0.9.tgz 6071ms (cache miss)
npm http fetch GET 200 https://registry.vlt.io/vlt/npm/@types/debug/-/debug-4.1.13.tgz 6079ms (cache miss)
npm http fetch GET 200 https://registry.vlt.io/vlt/npm/@shikijs/types/-/types-3.23.0.tgz 6138ms (cache miss)
npm http fetch GET 200 https://registry.vlt.io/vlt/npm/@shikijs/vscode-textmate/-/vscode-textmate-10.0.2.tgz 6162ms (cache miss)
npm http fetch GET 200 https://registry.vlt.io/vlt/npm/@shikijs/engine-oniguruma/-/engine-oniguruma-3.23.0.tgz 6259ms (cache miss)
npm http fetch GET 200 https://registry.vlt.io/vlt/npm/@shikijs/engine-javascript/-/engine-javascript-3.23.0.tgz 6275ms (cache miss)
npm http fetch GET 200 https://registry.vlt.io/vlt/npm/@shikijs/core/-/core-3.23.0.tgz 6295ms (cache miss)
npm http fetch GET 200 https://registry.vlt.io/vlt/npm/@shikijs/themes/-/themes-3.23.0.tgz 6300ms (cache miss)
npm http fetch GET 200 https://registry.vlt.io/vlt/npm/@rollup/pluginutils/-/pluginutils-5.3.0.tgz 6378ms (cache miss)
npm http fetch GET 200 https://registry.vlt.io/vlt/npm/@oslojs/encoding/-/encoding-1.1.0.tgz 6406ms (cache miss)
npm http fetch GET 200 https://registry.vlt.io/vlt/npm/@jridgewell/sourcemap-codec/-/sourcemap-codec-1.5.5.tgz 6412ms (cache miss)
npm http fetch GET 200 https://registry.vlt.io/vlt/npm/@rollup/rollup-linux-arm64-gnu/-/rollup-linux-arm64-gnu-4.60.4.tgz 6415ms (cache miss)
npm http fetch GET 200 https://registry.vlt.io/vlt/npm/@img/sharp-linux-arm64/-/sharp-linux-arm64-0.34.5.tgz 6418ms (cache miss)
npm http fetch GET 200 https://registry.vlt.io/vlt/npm/@shikijs/langs/-/langs-3.23.0.tgz 6454ms (cache miss)
npm http fetch GET 200 https://registry.vlt.io/vlt/npm/@img/colour/-/colour-1.1.0.tgz 6476ms (cache miss)
npm http fetch GET 200 https://registry.vlt.io/vlt/npm/@capsizecss/unpack/-/unpack-4.0.0.tgz 6590ms (cache miss)
npm http fetch GET 200 https://registry.vlt.io/vlt/npm/@babel/helper-validator-identifier/-/helper-validator-identifier-7.28.5.tgz 6628ms (cache miss)
npm http fetch GET 200 https://registry.vlt.io/vlt/npm/@babel/helper-string-parser/-/helper-string-parser-7.27.1.tgz 6628ms (cache miss)
npm http fetch GET 200 https://registry.vlt.io/vlt/npm/@astrojs/telemetry/-/telemetry-3.3.0.tgz 6646ms (cache miss)
npm http fetch GET 200 https://registry.vlt.io/vlt/npm/@babel/parser/-/parser-7.29.3.tgz 6648ms (cache miss)
npm http fetch GET 200 https://registry.vlt.io/vlt/npm/@astrojs/prism/-/prism-3.3.0.tgz 6686ms (cache miss)
npm http fetch GET 200 https://registry.vlt.io/vlt/npm/@esbuild/linux-arm64/-/linux-arm64-0.27.7.tgz 6698ms (cache miss)
npm http fetch GET 200 https://registry.vlt.io/vlt/npm/@astrojs/markdown-remark/-/markdown-remark-6.3.11.tgz 6717ms (cache miss)
npm http fetch GET 200 https://registry.vlt.io/vlt/npm/@astrojs/internal-helpers/-/internal-helpers-0.7.6.tgz 6767ms (cache miss)
npm http fetch GET 200 https://registry.vlt.io/vlt/npm/esbuild/-/esbuild-0.25.12.tgz 6795ms (cache miss)
npm http fetch GET 200 https://registry.vlt.io/vlt/npm/@types/estree/-/estree-1.0.8.tgz 6822ms (cache miss)
npm http fetch GET 200 https://registry.vlt.io/vlt/npm/@babel/types/-/types-7.29.0.tgz 6861ms (cache miss)
npm http fetch GET 200 https://registry.vlt.io/vlt/npm/@astrojs/compiler/-/compiler-2.13.1.tgz 6898ms (cache miss)
npm http fetch GET 200 https://registry.vlt.io/vlt/npm/entities/-/entities-4.5.0.tgz 6913ms (cache miss)
npm http fetch GET 200 https://registry.vlt.io/vlt/npm/picomatch/-/picomatch-2.3.2.tgz 6943ms (cache miss)
npm http fetch GET 200 https://registry.vlt.io/vlt/npm/strip-ansi/-/strip-ansi-6.0.1.tgz 6949ms (cache miss)
npm http fetch GET 200 https://registry.vlt.io/vlt/npm/string-width/-/string-width-4.2.3.tgz 6955ms (cache miss)
npm http fetch GET 200 https://registry.vlt.io/vlt/npm/emoji-regex/-/emoji-regex-8.0.0.tgz 6964ms (cache miss)
npm http fetch GET 200 https://registry.vlt.io/vlt/npm/mdn-data/-/mdn-data-2.0.28.tgz 6968ms (cache miss)
npm http fetch GET 200 https://registry.vlt.io/vlt/npm/ansi-regex/-/ansi-regex-5.0.1.tgz 6968ms (cache miss)
npm http fetch GET 200 https://registry.vlt.io/vlt/npm/estree-walker/-/estree-walker-2.0.2.tgz 6993ms (cache miss)
npm http fetch GET 200 https://registry.vlt.io/vlt/npm/@img/sharp-libvips-linux-arm64/-/sharp-libvips-linux-arm64-1.2.4.tgz 7022ms (cache miss)
npm http fetch GET 200 https://registry.vlt.io/vlt/npm/@esbuild/linux-arm64/-/linux-arm64-0.25.12.tgz 7035ms (cache miss)
npm http fetch GET 200 https://registry.vlt.io/vlt/npm/css-tree/-/css-tree-2.2.1.tgz 7067ms (cache miss)

added 278 packages in 8s
