npm http fetch GET 200 https://registry.vlt.io/vlt/npm/astro 116ms (cache miss)
npm http fetch GET 200 https://registry.vlt.io/vlt/npm/dlv 32ms (cache miss)
npm http fetch GET 200 https://registry.vlt.io/vlt/npm/clsx 89ms (cache miss)
npm http fetch GET 200 https://registry.vlt.io/vlt/npm/dset 39ms (cache miss)
npm http fetch GET 200 https://registry.vlt.io/vlt/npm/svgo 36ms (cache miss)
npm http fetch GET 200 https://registry.vlt.io/vlt/npm/vite 45ms (cache miss)
npm http fetch GET 200 https://registry.vlt.io/vlt/npm/acorn 59ms (cache miss)
npm http fetch GET 200 https://registry.vlt.io/vlt/npm/boxen 36ms (cache miss)
npm http fetch GET 200 https://registry.vlt.io/vlt/npm/debug 47ms (cache miss)
npm http fetch GET 200 https://registry.vlt.io/vlt/npm/shiki 53ms (cache miss)
npm http fetch GET 200 https://registry.vlt.io/vlt/npm/vfile 36ms (cache miss)
npm http fetch GET 200 https://registry.vlt.io/vlt/npm/cookie 79ms (cache miss)
npm http fetch GET 200 https://registry.vlt.io/vlt/npm/cssesc 27ms (cache miss)
npm http fetch GET 200 https://registry.vlt.io/vlt/npm/mrmime 32ms (cache miss)
npm http fetch GET 200 https://registry.vlt.io/vlt/npm/rehype 37ms (cache miss)
npm http fetch GET 200 https://registry.vlt.io/vlt/npm/semver 34ms (cache miss)
npm http fetch GET 200 https://registry.vlt.io/vlt/npm/vitefu 27ms (cache miss)
npm http fetch GET 200 https://registry.vlt.io/vlt/npm/zod 2164ms (cache miss)
npm http fetch GET 200 https://registry.vlt.io/vlt/npm/diff 2159ms (cache miss)
npm http fetch GET 200 https://registry.vlt.io/vlt/npm/esbuild 36ms (cache miss)
npm http fetch GET 200 https://registry.vlt.io/vlt/npm/devalue 63ms (cache miss)
npm http fetch GET 200 https://registry.vlt.io/vlt/npm/flattie 29ms (cache miss)
npm http fetch GET 200 https://registry.vlt.io/vlt/npm/fontace 29ms (cache miss)
npm http fetch GET 200 https://registry.vlt.io/vlt/npm/js-yaml 32ms (cache miss)
npm http fetch GET 200 https://registry.vlt.io/vlt/npm/p-limit 30ms (cache miss)
npm http fetch GET 200 https://registry.vlt.io/vlt/npm/prompts 26ms (cache miss)
npm http fetch GET 200 https://registry.vlt.io/vlt/npm/p-queue 33ms (cache miss)
npm http fetch GET 200 https://registry.vlt.io/vlt/npm/magicast 42ms (cache miss)
npm http fetch GET 200 https://registry.vlt.io/vlt/npm/unifont 48ms (cache miss)
npm http fetch GET 200 https://registry.vlt.io/vlt/npm/tsconfck 34ms (cache miss)
npm http fetch GET 200 https://registry.vlt.io/vlt/npm/tinyexec 39ms (cache miss)
npm http fetch GET 200 https://registry.vlt.io/vlt/npm/piccolore 28ms (cache miss)
npm http fetch GET 200 https://registry.vlt.io/vlt/npm/picomatch 36ms (cache miss)
npm http fetch GET 200 https://registry.vlt.io/vlt/npm/ultrahtml 26ms (cache miss)
npm http fetch GET 200 https://registry.vlt.io/vlt/npm/smol-toml 52ms (cache miss)
npm http fetch GET 200 https://registry.vlt.io/vlt/npm/unstorage 33ms (cache miss)
npm http fetch GET 200 https://registry.vlt.io/vlt/npm/zod-to-ts 38ms (cache miss)
npm http fetch GET 200 https://registry.vlt.io/vlt/npm/aria-query 37ms (cache miss)
npm http fetch GET 200 https://registry.vlt.io/vlt/npm/tinyglobby 32ms (cache miss)
npm http fetch GET 200 https://registry.vlt.io/vlt/npm/neotraverse 38ms (cache miss)
npm http fetch GET 200 https://registry.vlt.io/vlt/npm/xxhash-wasm 30ms (cache miss)
npm http fetch GET 200 https://registry.vlt.io/vlt/npm/html-escaper 46ms (cache miss)
npm http fetch GET 200 https://registry.vlt.io/vlt/npm/magic-string 60ms (cache miss)
npm http fetch GET 200 https://registry.vlt.io/vlt/npm/yargs-parser 29ms (cache miss)
npm http fetch GET 200 https://registry.vlt.io/vlt/npm/estree-walker 37ms (cache miss)
npm http fetch GET 200 https://registry.vlt.io/vlt/npm/yocto-spinner 30ms (cache miss)
npm http fetch GET 200 https://registry.vlt.io/vlt/npm/github-slugger 37ms (cache miss)
npm http fetch GET 200 https://registry.vlt.io/vlt/npm/axobject-query 59ms (cache miss)
npm http fetch GET 200 https://registry.vlt.io/vlt/npm/@oslojs%2fencoding 27ms (cache miss)
npm http fetch GET 200 https://registry.vlt.io/vlt/npm/es-module-lexer 52ms (cache miss)
npm http fetch GET 200 https://registry.vlt.io/vlt/npm/unist-util-visit 26ms (cache miss)
npm http fetch GET 200 https://registry.vlt.io/vlt/npm/@astrojs%2fcompiler 38ms (cache miss)
npm http fetch GET 200 https://registry.vlt.io/vlt/npm/@astrojs%2ftelemetry 43ms (cache miss)
npm http fetch GET 200 https://registry.vlt.io/vlt/npm/@capsizecss%2funpack 29ms (cache miss)
npm http fetch GET 200 https://registry.vlt.io/vlt/npm/ci-info 2153ms (cache miss)
npm http fetch GET 200 https://registry.vlt.io/vlt/npm/zod-to-json-schema 27ms (cache miss)
npm http fetch GET 200 https://registry.vlt.io/vlt/npm/@rollup%2fpluginutils 27ms (cache miss)
npm http fetch GET 200 https://registry.vlt.io/vlt/npm/common-ancestor-path 26ms (cache miss)
npm http fetch GET 200 https://registry.vlt.io/vlt/npm/import-meta-resolve 41ms (cache miss)
npm http fetch GET 200 https://registry.vlt.io/vlt/npm/@astrojs%2fmarkdown-remark 24ms (cache miss)
npm http fetch GET 200 https://registry.vlt.io/vlt/npm/package-manager-detector 33ms (cache miss)
npm http fetch GET 200 https://registry.vlt.io/vlt/npm/http-cache-semantics 59ms (cache miss)
npm http fetch GET 200 https://registry.vlt.io/vlt/npm/@astrojs%2finternal-helpers 36ms (cache miss)
npm http fetch GET 200 https://registry.vlt.io/vlt/npm/deterministic-object-hash 31ms (cache miss)
npm http fetch GET 200 https://registry.vlt.io/vlt/npm/sharp 42ms (cache miss)
npm http fetch GET 200 https://registry.vlt.io/vlt/npm/@types%2fnode 41ms (cache miss)
npm http fetch GET 200 https://registry.vlt.io/vlt/npm/jiti 28ms (cache miss)
npm http fetch GET 200 https://registry.vlt.io/vlt/npm/less 34ms (cache miss)
npm http fetch GET 200 https://registry.vlt.io/vlt/npm/lightningcss 26ms (cache miss)
npm http fetch GET 200 https://registry.vlt.io/vlt/npm/sass 35ms (cache miss)
npm http fetch GET 200 https://registry.vlt.io/vlt/npm/sass-embedded 32ms (cache miss)
npm http fetch GET 200 https://registry.vlt.io/vlt/npm/stylus 34ms (cache miss)
npm http fetch GET 200 https://registry.vlt.io/vlt/npm/sugarss 29ms (cache miss)
npm http fetch GET 200 https://registry.vlt.io/vlt/npm/postcss 28ms (cache miss)
npm http fetch GET 200 https://registry.vlt.io/vlt/npm/terser 32ms (cache miss)
npm http fetch GET 200 https://registry.vlt.io/vlt/npm/tsx 68ms (cache miss)
npm http fetch GET 200 https://registry.vlt.io/vlt/npm/yaml 33ms (cache miss)
npm http fetch GET 200 https://registry.vlt.io/vlt/npm/typescript 71ms (cache miss)
npm http fetch GET 200 https://registry.vlt.io/vlt/npm/@azure%2fapp-configuration 51ms (cache miss)
npm http fetch GET 200 https://registry.vlt.io/vlt/npm/@azure%2fcosmos 40ms (cache miss)
npm http fetch GET 200 https://registry.vlt.io/vlt/npm/@azure%2fdata-tables 32ms (cache miss)
npm http fetch GET 200 https://registry.vlt.io/vlt/npm/@azure%2fidentity 42ms (cache miss)
npm http fetch GET 200 https://registry.vlt.io/vlt/npm/@azure%2fkeyvault-secrets 45ms (cache miss)
npm http fetch GET 200 https://registry.vlt.io/vlt/npm/@azure%2fstorage-blob 35ms (cache miss)
npm http fetch GET 200 https://registry.vlt.io/vlt/npm/@capacitor%2fpreferences 35ms (cache miss)
npm http fetch GET 200 https://registry.vlt.io/vlt/npm/@capacitor%2fcore 31ms (cache miss)
npm http fetch GET 200 https://registry.vlt.io/vlt/npm/@deno%2fkv 28ms (cache miss)
npm http fetch GET 200 https://registry.vlt.io/vlt/npm/@netlify%2fblobs 31ms (cache miss)
npm http fetch GET 200 https://registry.vlt.io/vlt/npm/@planetscale%2fdatabase 28ms (cache miss)
npm http fetch GET 200 https://registry.vlt.io/vlt/npm/@upstash%2fredis 29ms (cache miss)
npm http fetch GET 200 https://registry.vlt.io/vlt/npm/@vercel%2fblob 43ms (cache miss)
npm http fetch GET 200 https://registry.vlt.io/vlt/npm/@vercel%2ffunctions 26ms (cache miss)
npm http fetch GET 200 https://registry.vlt.io/vlt/npm/@aws-sdk%2fcredential-provider-web-identity 28ms (cache miss)
npm http fetch GET 200 https://registry.vlt.io/vlt/npm/ws 33ms (cache miss)
npm http fetch GET 200 https://registry.vlt.io/vlt/npm/bufferutil 25ms (cache miss)
npm http fetch GET 200 https://registry.vlt.io/vlt/npm/utf-8-validate 27ms (cache miss)
npm http fetch GET 200 https://registry.vlt.io/vlt/npm/@vercel%2fkv 30ms (cache miss)
npm http fetch GET 200 https://registry.vlt.io/vlt/npm/aws4fetch 31ms (cache miss)
npm http fetch GET 200 https://registry.vlt.io/vlt/npm/db0 27ms (cache miss)
npm http fetch GET 200 https://registry.vlt.io/vlt/npm/@electric-sql%2fpglite 31ms (cache miss)
npm http fetch GET 200 https://registry.vlt.io/vlt/npm/@libsql%2fclient 26ms (cache miss)
npm http fetch GET 200 https://registry.vlt.io/vlt/npm/better-sqlite3 26ms (cache miss)
npm http fetch GET 200 https://registry.vlt.io/vlt/npm/drizzle-orm 41ms (cache miss)
npm http fetch GET 200 https://registry.vlt.io/vlt/npm/@aws-sdk%2fclient-rds-data 35ms (cache miss)
npm http fetch GET 200 https://registry.vlt.io/vlt/npm/@cloudflare%2fworkers-types 28ms (cache miss)
npm http fetch GET 200 https://registry.vlt.io/vlt/npm/@libsql%2fclient-wasm 31ms (cache miss)
npm http fetch GET 200 https://registry.vlt.io/vlt/npm/@neondatabase%2fserverless 32ms (cache miss)
npm http fetch GET 200 https://registry.vlt.io/vlt/npm/@op-engineering%2fop-sqlite 38ms (cache miss)
npm http fetch GET 200 https://registry.vlt.io/vlt/npm/@sqlite.org%2fsqlite-wasm 32ms (cache miss)
npm http fetch GET 200 https://registry.vlt.io/vlt/npm/react 34ms (cache miss)
npm http fetch GET 200 https://registry.vlt.io/vlt/npm/react-native 65ms (cache miss)
npm http fetch GET 200 https://registry.vlt.io/vlt/npm/@react-native%2fjest-preset 33ms (cache miss)
npm http fetch GET 200 https://registry.vlt.io/vlt/npm/@types%2freact 26ms (cache miss)
npm http fetch GET 200 https://registry.vlt.io/vlt/npm/@opentelemetry%2fapi 26ms (cache miss)
