Progress: resolved 0, reused 0, downloaded 1, added 0
Downloading next@15.0.3: 0 B/24.75 MB
Downloading @next/swc-darwin-arm64@15.0.3: 0 B/40.68 MB
Downloading @next/swc-darwin-x64@15.0.3: 0 B/42.13 MB
Downloading @next/swc-linux-x64-gnu@15.0.3: 0 B/45.67 MB
Downloading @next/swc-win32-arm64-msvc@15.0.3: 0 B/35.43 MB
Downloading @next/swc-linux-arm64-gnu@15.0.3: 0 B/41.91 MB
Downloading @next/swc-win32-x64-msvc@15.0.3: 0 B/56.62 MB
Downloading @next/swc-linux-arm64-musl@15.0.3: 0 B/51.29 MB
Downloading @next/swc-linux-x64-musl@15.0.3: 0 B/55.51 MB
Downloading @img/sharp-win32-ia32@0.33.5: 0 B/8.12 MB
Downloading @img/sharp-libvips-darwin-x64@1.0.4: 0 B/7.98 MB
Downloading @img/sharp-libvips-linuxmusl-arm64@1.0.4: 0 B/7.13 MB
Downloading @img/sharp-libvips-darwin-arm64@1.0.4: 0 B/7.10 MB
Downloading @img/sharp-libvips-linuxmusl-x64@1.0.4: 0 B/7.20 MB
Downloading @img/sharp-libvips-linux-arm@1.0.5: 0 B/6.23 MB
Downloading @img/sharp-win32-x64@0.33.5: 0 B/8.18 MB
Downloading @img/sharp-libvips-linux-x64@1.0.4: 0 B/7.06 MB
Downloading @img/sharp-libvips-linux-arm64@1.0.4: 0 B/7.10 MB
Downloading @img/sharp-libvips-linux-s390x@1.0.4: 0 B/6.44 MB
Progress: resolved 0, reused 0, downloaded 273, added 0
Packages: +407
++++++++++++++++++++++++++++++++++++++++++++++++++++++++++++++++++++++++++++++++
Packages: +407
++++++++++++++++++++++++++++++++++++++++++++++++++++++++++++++++++++++++++++++++
Packages are hard linked from the content-addressable store to the virtual store.
  Content-addressable store is at: /home/runner/.local/share/pnpm/store/v11
  Virtual store is at:             node_modules/.pnpm
Progress: resolved 407, reused 0, downloaded 407, added 407, done

dependencies:
+ next 15.0.3
+ react 19.0.0-rc-66855b96-20241106
+ react-dom 19.0.0-rc-66855b96-20241106

devDependencies:
+ @types/node 20.19.43
+ @types/react 18.3.31
+ @types/react-dom 18.3.7
+ eslint 8.57.1
+ eslint-config-next 15.0.3
+ postcss 8.5.16
+ tailwindcss 3.4.19
+ typescript 5.9.3

Error: ERR_PNPM_IGNORED_BUILDS

  × installing dependencies
  ╰─▶ Ignored build scripts: sharp@0.33.5, unrs-resolver@1.12.2
  help: Run "pnpm approve-builds" to pick which dependencies should be allowed
        to run scripts.

