[zpm prepare]
cwd:
/home/runner/work/benchmarks/benchmarks/fixtures/next
package.json:
-rw-r--r-- 1 runner runner 598 Apr 21 10:59 package.json
yarn path:
/home/runner/.yarn/switch/bin/yarn
yarn version:
4.14.1
canary version:
6.0.0-rc.17
packageManager (before):
"yarn@4.14.1"
set packageManager=yarn@6.0.0-rc.17:
packageManager (after):
"yarn@6.0.0-rc.17"
[zpm prepare]
cwd:
/home/runner/work/benchmarks/benchmarks/fixtures/next
package.json:
-rw-r--r-- 1 runner runner 598 Apr 21 11:00 package.json
yarn path:
/home/runner/.yarn/switch/bin/yarn
yarn version:
4.14.1
canary version:
6.0.0-rc.17
packageManager (before):
"yarn@4.14.1"
set packageManager=yarn@6.0.0-rc.17:
packageManager (after):
"yarn@6.0.0-rc.17"
[zpm prepare]
cwd:
/home/runner/work/benchmarks/benchmarks/fixtures/next
package.json:
-rw-r--r-- 1 runner runner 598 Apr 21 11:00 package.json
yarn path:
/home/runner/.yarn/switch/bin/yarn
yarn version:
4.14.1
canary version:
6.0.0-rc.17
packageManager (before):
"yarn@4.14.1"
set packageManager=yarn@6.0.0-rc.17:
packageManager (after):
"yarn@6.0.0-rc.17"
[zpm prepare]
cwd:
/home/runner/work/benchmarks/benchmarks/fixtures/next
package.json:
-rw-r--r-- 1 runner runner 598 Apr 21 11:00 package.json
yarn path:
/home/runner/.yarn/switch/bin/yarn
yarn version:
4.14.1
canary version:
6.0.0-rc.17
packageManager (before):
"yarn@4.14.1"
set packageManager=yarn@6.0.0-rc.17:
packageManager (after):
"yarn@6.0.0-rc.17"
[zpm prepare]
cwd:
/home/runner/work/benchmarks/benchmarks/fixtures/next
package.json:
-rw-r--r-- 1 runner runner 598 Apr 21 11:00 package.json
yarn path:
/home/runner/.yarn/switch/bin/yarn
yarn version:
4.14.1
canary version:
6.0.0-rc.17
packageManager (before):
"yarn@4.14.1"
set packageManager=yarn@6.0.0-rc.17:
packageManager (after):
"yarn@6.0.0-rc.17"
[zpm prepare]
cwd:
/home/runner/work/benchmarks/benchmarks/fixtures/next
package.json:
-rw-r--r-- 1 runner runner 598 Apr 21 11:01 package.json
yarn path:
/home/runner/.yarn/switch/bin/yarn
yarn version:
4.14.1
canary version:
6.0.0-rc.17
packageManager (before):
"yarn@4.14.1"
set packageManager=yarn@6.0.0-rc.17:
packageManager (after):
"yarn@6.0.0-rc.17"
[zpm prepare]
cwd:
/home/runner/work/benchmarks/benchmarks/fixtures/next
package.json:
-rw-r--r-- 1 runner runner 598 Apr 21 11:01 package.json
yarn path:
/home/runner/.yarn/switch/bin/yarn
yarn version:
4.14.1
canary version:
6.0.0-rc.17
packageManager (before):
"yarn@4.14.1"
set packageManager=yarn@6.0.0-rc.17:
packageManager (after):
"yarn@6.0.0-rc.17"
[zpm prepare]
cwd:
/home/runner/work/benchmarks/benchmarks/fixtures/next
package.json:
-rw-r--r-- 1 runner runner 598 Apr 21 11:15 package.json
yarn path:
/home/runner/.yarn/switch/bin/yarn
yarn version:
4.14.1
canary version:
6.0.0-rc.17
packageManager (before):
"yarn@4.14.1"
set packageManager=yarn@6.0.0-rc.17:
packageManager (after):
"yarn@6.0.0-rc.17"
