npm http fetch GET 200 https://npm.cloudsmith.io/vlt/benchmarks/canvas 309ms (cache miss)
npm http fetch GET 200 https://npm.cloudsmith.io/vlt/benchmarks/@alex_neo%2fjest-expect-message 239ms (cache miss)
npm http fetch GET 200 https://npm.cloudsmith.io/vlt/benchmarks/@eslint%2fjs 478ms (cache miss)
npm http fetch GET 200 https://npm.cloudsmith.io/vlt/benchmarks/@nrwl%2ftao 291ms (cache miss)
npm http fetch GET 200 https://npm.cloudsmith.io/vlt/benchmarks/@nrwl%2fworkspace 2938ms (cache miss)
npm http fetch GET 200 https://npm.cloudsmith.io/vlt/benchmarks/@playwright%2ftest 3115ms (cache miss)
npm http fetch GET 200 https://npm.cloudsmith.io/vlt/benchmarks/@types%2fexpect-puppeteer 210ms (cache miss)
npm http fetch GET 200 https://npm.cloudsmith.io/vlt/benchmarks/@types%2ffs-extra 241ms (cache miss)
npm http fetch GET 200 https://npm.cloudsmith.io/vlt/benchmarks/@types%2fjest 240ms (cache miss)
npm http fetch GET 200 https://npm.cloudsmith.io/vlt/benchmarks/@types%2fjest-environment-puppeteer 7733ms (cache miss)
npm http fetch GET 200 https://npm.cloudsmith.io/vlt/benchmarks/@types%2fjest-expect-message 3589ms (cache miss)
npm http fetch GET 200 https://npm.cloudsmith.io/vlt/benchmarks/@types%2fpuppeteer 211ms (cache miss)
npm http fetch GET 200 https://npm.cloudsmith.io/vlt/benchmarks/@typescript-eslint%2feslint-plugin 579ms (cache miss)
npm http fetch GET 200 https://npm.cloudsmith.io/vlt/benchmarks/@typescript-eslint%2fparser 396ms (cache miss)
npm http fetch GET 200 https://npm.cloudsmith.io/vlt/benchmarks/eslint 234ms (cache miss)
npm http fetch GET 200 https://npm.cloudsmith.io/vlt/benchmarks/typescript 440ms (cache miss)
npm http fetch GET 200 https://npm.cloudsmith.io/vlt/benchmarks/ajv 341ms (cache miss)
npm http fetch GET 200 https://npm.cloudsmith.io/vlt/benchmarks/chokidar 9561ms (cache miss)
npm http fetch GET 200 https://npm.cloudsmith.io/vlt/benchmarks/dotenv 316ms (cache miss)
npm http fetch GET 200 https://npm.cloudsmith.io/vlt/benchmarks/es-check 199ms (cache miss)
npm http fetch GET 200 https://npm.cloudsmith.io/vlt/benchmarks/eslint-config-prettier 212ms (cache miss)
npm http fetch GET 200 https://npm.cloudsmith.io/vlt/benchmarks/eslint-formatter-azure-devops 203ms (cache miss)
npm http fetch GET 200 https://npm.cloudsmith.io/vlt/benchmarks/eslint-plugin-github 406ms (cache miss)
npm http fetch GET 200 https://npm.cloudsmith.io/vlt/benchmarks/eslint-plugin-import 203ms (cache miss)
npm http fetch GET 200 https://npm.cloudsmith.io/vlt/benchmarks/eslint-plugin-jest 232ms (cache miss)
npm http fetch GET 200 https://npm.cloudsmith.io/vlt/benchmarks/jest 231ms (cache miss)
npm http fetch GET 200 https://npm.cloudsmith.io/vlt/benchmarks/eslint-plugin-jsdoc 4731ms (cache miss)
npm http fetch GET 200 https://npm.cloudsmith.io/vlt/benchmarks/eslint-plugin-prettier 219ms (cache miss)
npm http fetch GET 200 https://npm.cloudsmith.io/vlt/benchmarks/prettier 236ms (cache miss)
npm http fetch GET 200 https://npm.cloudsmith.io/vlt/benchmarks/eslint-plugin-tsdoc 15775ms (cache miss)
npm http fetch GET 200 https://npm.cloudsmith.io/vlt/benchmarks/fs-extra 197ms (cache miss)
npm http fetch GET 200 https://npm.cloudsmith.io/vlt/benchmarks/glob 234ms (cache miss)
npm http fetch GET 200 https://npm.cloudsmith.io/vlt/benchmarks/globals 19ms (cache miss)
npm http fetch GET 200 https://npm.cloudsmith.io/vlt/benchmarks/jest-environment-jsdom 761ms (cache miss)
npm http fetch GET 200 https://npm.cloudsmith.io/vlt/benchmarks/jest-junit 490ms (cache miss)
npm http fetch GET 200 https://npm.cloudsmith.io/vlt/benchmarks/mini-css-extract-plugin 321ms (cache miss)
npm http fetch GET 200 https://npm.cloudsmith.io/vlt/benchmarks/webpack 381ms (cache miss)
npm http fetch GET 200 https://npm.cloudsmith.io/vlt/benchmarks/nx 448ms (cache miss)
npm http fetch GET 200 https://npm.cloudsmith.io/vlt/benchmarks/rimraf 2347ms (cache miss)
npm http fetch GET 200 https://npm.cloudsmith.io/vlt/benchmarks/ts-jest 530ms (cache miss)
npm http fetch GET 200 https://npm.cloudsmith.io/vlt/benchmarks/ts-node 269ms (cache miss)
npm http fetch GET 200 https://npm.cloudsmith.io/vlt/benchmarks/@types%2fnode 326ms (cache miss)
npm http fetch GET 200 https://npm.cloudsmith.io/vlt/benchmarks/ts-patch 190ms (cache miss)
npm http fetch GET 200 https://npm.cloudsmith.io/vlt/benchmarks/tslib 216ms (cache miss)
npm http fetch GET 200 https://npm.cloudsmith.io/vlt/benchmarks/typedoc 227ms (cache miss)
npm http fetch GET 200 https://npm.cloudsmith.io/vlt/benchmarks/webpack-cli 206ms (cache miss)
npm http fetch GET 200 https://npm.cloudsmith.io/vlt/benchmarks/tslib 66ms (cache updated)
npm http fetch GET 200 https://npm.cloudsmith.io/vlt/benchmarks/nx 221ms (cache updated)
npm http fetch GET 200 https://npm.cloudsmith.io/vlt/benchmarks/@nx%2fworkspace 2422ms (cache miss)
npm http fetch GET 200 https://npm.cloudsmith.io/vlt/benchmarks/@types%2fpuppeteer 206ms (cache updated)
npm http fetch GET 200 https://npm.cloudsmith.io/vlt/benchmarks/playwright 4100ms (cache miss)
npm http fetch GET 200 https://npm.cloudsmith.io/vlt/benchmarks/pretty-format 331ms (cache miss)
npm http fetch GET 200 https://npm.cloudsmith.io/vlt/benchmarks/@jest%2ftypes 617ms (cache miss)
npm http fetch GET 200 https://npm.cloudsmith.io/vlt/benchmarks/jest-matcher-utils 2927ms (cache miss)
npm http fetch GET 200 https://npm.cloudsmith.io/vlt/benchmarks/@eslint-community%2fregexpp 211ms (cache miss)
npm http fetch GET 200 https://npm.cloudsmith.io/vlt/benchmarks/jest-environment-node 1755ms (cache miss)
npm http fetch GET 200 https://npm.cloudsmith.io/vlt/benchmarks/@typescript-eslint%2ftype-utils 354ms (cache miss)
npm http fetch GET 200 https://npm.cloudsmith.io/vlt/benchmarks/@typescript-eslint%2futils 1087ms (cache miss)
npm http fetch GET 200 https://npm.cloudsmith.io/vlt/benchmarks/@typescript-eslint%2fvisitor-keys 533ms (cache miss)
npm http fetch GET 200 https://npm.cloudsmith.io/vlt/benchmarks/ignore 207ms (cache miss)
npm http fetch GET 200 https://npm.cloudsmith.io/vlt/benchmarks/natural-compare 184ms (cache miss)
npm http fetch GET 200 https://npm.cloudsmith.io/vlt/benchmarks/ts-api-utils 206ms (cache miss)
npm http fetch GET 200 https://npm.cloudsmith.io/vlt/benchmarks/@typescript-eslint%2fscope-manager 350ms (cache miss)
npm http fetch GET 200 https://npm.cloudsmith.io/vlt/benchmarks/@typescript-eslint%2ftypes 382ms (cache miss)
npm http fetch GET 200 https://npm.cloudsmith.io/vlt/benchmarks/@typescript-eslint%2ftypescript-estree 415ms (cache miss)
npm http fetch GET 200 https://npm.cloudsmith.io/vlt/benchmarks/debug 1277ms (cache miss)
npm http fetch GET 200 https://npm.cloudsmith.io/vlt/benchmarks/@typescript-eslint%2fscope-manager 10355ms (cache miss)
npm http fetch GET 200 https://npm.cloudsmith.io/vlt/benchmarks/@eslint-community%2fregexpp 31ms (cache updated)
npm http fetch GET 200 https://npm.cloudsmith.io/vlt/benchmarks/@eslint%2fconfig-array 616ms (cache miss)
npm http fetch GET 200 https://npm.cloudsmith.io/vlt/benchmarks/@eslint%2fconfig-helpers 227ms (cache miss)
npm http fetch GET 200 https://npm.cloudsmith.io/vlt/benchmarks/@eslint%2fcore 601ms (cache miss)
npm http fetch GET 200 https://npm.cloudsmith.io/vlt/benchmarks/@eslint%2feslintrc 417ms (cache miss)
npm http fetch GET 200 https://npm.cloudsmith.io/vlt/benchmarks/@eslint%2fplugin-kit 641ms (cache miss)
npm http fetch GET 200 https://npm.cloudsmith.io/vlt/benchmarks/@types%2fjest 18735ms (cache updated)
npm http fetch GET 200 https://npm.cloudsmith.io/vlt/benchmarks/@humanwhocodes%2fmodule-importer 213ms (cache miss)
npm http fetch GET 200 https://npm.cloudsmith.io/vlt/benchmarks/@humanwhocodes%2fretry 218ms (cache miss)
npm http fetch GET 200 https://npm.cloudsmith.io/vlt/benchmarks/@types%2festree 680ms (cache miss)
npm http fetch GET 200 https://npm.cloudsmith.io/vlt/benchmarks/ajv 52ms (cache updated)
npm http fetch GET 200 https://npm.cloudsmith.io/vlt/benchmarks/chalk 31ms (cache miss)
npm http fetch GET 200 https://npm.cloudsmith.io/vlt/benchmarks/cross-spawn 208ms (cache miss)
npm http fetch GET 200 https://npm.cloudsmith.io/vlt/benchmarks/debug 20ms (cache updated)
npm http fetch GET 200 https://npm.cloudsmith.io/vlt/benchmarks/escape-string-regexp 31ms (cache miss)
npm http fetch GET 200 https://npm.cloudsmith.io/vlt/benchmarks/eslint-scope 643ms (cache miss)
npm http fetch GET 200 https://npm.cloudsmith.io/vlt/benchmarks/eslint-visitor-keys 238ms (cache miss)
npm http fetch GET 200 https://npm.cloudsmith.io/vlt/benchmarks/espree 209ms (cache miss)
npm http fetch GET 200 https://npm.cloudsmith.io/vlt/benchmarks/@humanfs%2fnode 4126ms (cache miss)
npm http fetch GET 200 https://npm.cloudsmith.io/vlt/benchmarks/esutils 202ms (cache miss)
npm http fetch GET 200 https://npm.cloudsmith.io/vlt/benchmarks/esquery 1556ms (cache miss)
npm http fetch GET 200 https://npm.cloudsmith.io/vlt/benchmarks/fast-deep-equal 255ms (cache miss)
npm http fetch GET 200 https://npm.cloudsmith.io/vlt/benchmarks/file-entry-cache 199ms (cache miss)
npm http fetch GET 200 https://npm.cloudsmith.io/vlt/benchmarks/find-up 27ms (cache miss)
npm http fetch GET 200 https://npm.cloudsmith.io/vlt/benchmarks/ignore 29ms (cache updated)
npm http fetch GET 200 https://npm.cloudsmith.io/vlt/benchmarks/imurmurhash 202ms (cache miss)
npm http fetch GET 200 https://npm.cloudsmith.io/vlt/benchmarks/glob-parent 418ms (cache miss)
npm http fetch GET 200 https://npm.cloudsmith.io/vlt/benchmarks/is-glob 344ms (cache miss)
npm http fetch GET 200 https://npm.cloudsmith.io/vlt/benchmarks/json-stable-stringify-without-jsonify 232ms (cache miss)
npm http fetch GET 200 https://npm.cloudsmith.io/vlt/benchmarks/lodash.merge 843ms (cache miss)
npm http fetch GET 200 https://npm.cloudsmith.io/vlt/benchmarks/optionator 269ms (cache miss)
npm http fetch GET 200 https://npm.cloudsmith.io/vlt/benchmarks/fast-deep-equal 30ms (cache updated)
npm http fetch GET 200 https://npm.cloudsmith.io/vlt/benchmarks/json-schema-traverse 210ms (cache miss)
npm http fetch GET 200 https://npm.cloudsmith.io/vlt/benchmarks/require-from-string 908ms (cache miss)
npm http fetch GET 200 https://npm.cloudsmith.io/vlt/benchmarks/uri-js 1316ms (cache miss)
npm http fetch GET 200 https://npm.cloudsmith.io/vlt/benchmarks/minimatch 3666ms (cache miss)
npm http fetch GET 200 https://npm.cloudsmith.io/vlt/benchmarks/node-addon-api 218ms (cache miss)
npm http fetch GET 200 https://npm.cloudsmith.io/vlt/benchmarks/prebuild-install 204ms (cache miss)
npm http fetch GET 200 https://npm.cloudsmith.io/vlt/benchmarks/anymatch 490ms (cache miss)
npm http fetch GET 200 https://npm.cloudsmith.io/vlt/benchmarks/glob-parent 18ms (cache updated)
npm http fetch GET 200 https://npm.cloudsmith.io/vlt/benchmarks/braces 480ms (cache miss)
npm http fetch GET 200 https://npm.cloudsmith.io/vlt/benchmarks/is-glob 18ms (cache updated)
npm http fetch GET 200 https://npm.cloudsmith.io/vlt/benchmarks/is-binary-path 227ms (cache miss)
npm http fetch GET 200 https://npm.cloudsmith.io/vlt/benchmarks/normalize-path 411ms (cache miss)
npm http fetch GET 200 https://npm.cloudsmith.io/vlt/benchmarks/readdirp 626ms (cache miss)
npm http fetch GET 200 https://npm.cloudsmith.io/vlt/benchmarks/@eslint-community%2feslint-utils 17847ms (cache miss)
npm http fetch GET 200 https://npm.cloudsmith.io/vlt/benchmarks/commander 254ms (cache miss)
npm http fetch GET 200 https://npm.cloudsmith.io/vlt/benchmarks/fast-glob 245ms (cache miss)
npm http fetch GET 200 https://npm.cloudsmith.io/vlt/benchmarks/supports-color 32ms (cache miss)
npm http fetch GET 200 https://npm.cloudsmith.io/vlt/benchmarks/winston 396ms (cache miss)
npm http fetch GET 200 https://npm.cloudsmith.io/vlt/benchmarks/acorn 2063ms (cache miss)
npm http fetch GET 200 https://npm.cloudsmith.io/vlt/benchmarks/@eslint%2fcompat 250ms (cache miss)
npm http fetch GET 200 https://npm.cloudsmith.io/vlt/benchmarks/aria-query 236ms (cache miss)
npm http fetch GET 200 https://npm.cloudsmith.io/vlt/benchmarks/eslint-plugin-escompat 228ms (cache miss)
npm http fetch GET 200 https://npm.cloudsmith.io/vlt/benchmarks/fsevents 3003ms (cache miss)
npm http fetch GET 200 https://npm.cloudsmith.io/vlt/benchmarks/eslint-plugin-eslint-comments 232ms (cache miss)
npm http fetch GET 200 https://npm.cloudsmith.io/vlt/benchmarks/@github%2fbrowserslist-config 785ms (cache miss)
npm http fetch GET 200 https://npm.cloudsmith.io/vlt/benchmarks/eslint-plugin-filenames 240ms (cache miss)
npm http fetch GET 200 https://npm.cloudsmith.io/vlt/benchmarks/eslint-plugin-jsx-a11y 220ms (cache miss)
npm http fetch GET 200 https://npm.cloudsmith.io/vlt/benchmarks/eslint-plugin-no-only-tests 800ms (cache miss)
npm http fetch GET 200 https://npm.cloudsmith.io/vlt/benchmarks/eslint-plugin-prettier 698ms (cache updated)
npm http fetch GET 200 https://npm.cloudsmith.io/vlt/benchmarks/eslint-plugin-i18n-text 1134ms (cache miss)
npm http fetch GET 200 https://npm.cloudsmith.io/vlt/benchmarks/globals 214ms (cache updated)
npm http fetch GET 200 https://npm.cloudsmith.io/vlt/benchmarks/eslint-rule-documentation 370ms (cache miss)
npm http fetch GET 200 https://npm.cloudsmith.io/vlt/benchmarks/prettier 207ms (cache updated)
npm http fetch GET 200 https://npm.cloudsmith.io/vlt/benchmarks/typescript 733ms (cache updated)
npm http fetch GET 200 https://npm.cloudsmith.io/vlt/benchmarks/svg-element-attributes 1269ms (cache miss)
npm http fetch GET 200 https://npm.cloudsmith.io/vlt/benchmarks/@rtsao%2fscc 316ms (cache miss)
npm http fetch GET 200 https://npm.cloudsmith.io/vlt/benchmarks/typescript-eslint 667ms (cache miss)
npm http fetch GET 200 https://npm.cloudsmith.io/vlt/benchmarks/array-includes 394ms (cache miss)
npm http fetch GET 200 https://npm.cloudsmith.io/vlt/benchmarks/array.prototype.flat 664ms (cache miss)
npm http fetch GET 200 https://npm.cloudsmith.io/vlt/benchmarks/array.prototype.flatmap 589ms (cache miss)
npm http fetch GET 200 https://npm.cloudsmith.io/vlt/benchmarks/debug 428ms (cache updated)
npm http fetch GET 200 https://npm.cloudsmith.io/vlt/benchmarks/doctrine 218ms (cache miss)
npm http fetch GET 200 https://npm.cloudsmith.io/vlt/benchmarks/eslint-import-resolver-node 231ms (cache miss)
npm http fetch GET 200 https://npm.cloudsmith.io/vlt/benchmarks/array.prototype.findlastindex 2615ms (cache miss)
npm http fetch GET 200 https://npm.cloudsmith.io/vlt/benchmarks/eslint-module-utils 267ms (cache miss)
npm http fetch GET 200 https://npm.cloudsmith.io/vlt/benchmarks/hasown 1865ms (cache miss)
npm http fetch GET 200 https://npm.cloudsmith.io/vlt/benchmarks/is-glob 31ms (cache updated)
npm http fetch GET 200 https://npm.cloudsmith.io/vlt/benchmarks/minimatch 21ms (cache updated)
npm http fetch GET 200 https://npm.cloudsmith.io/vlt/benchmarks/object.fromentries 213ms (cache miss)
npm http fetch GET 200 https://npm.cloudsmith.io/vlt/benchmarks/object.groupby 212ms (cache miss)
npm http fetch GET 200 https://npm.cloudsmith.io/vlt/benchmarks/object.values 219ms (cache miss)
npm http fetch GET 200 https://npm.cloudsmith.io/vlt/benchmarks/semver 862ms (cache miss)
npm http fetch GET 200 https://npm.cloudsmith.io/vlt/benchmarks/string.prototype.trimend 229ms (cache miss)
npm http fetch GET 200 https://npm.cloudsmith.io/vlt/benchmarks/tsconfig-paths 304ms (cache miss)
npm http fetch GET 200 https://npm.cloudsmith.io/vlt/benchmarks/@typescript-eslint%2futils 352ms (cache updated)
npm http fetch GET 200 https://npm.cloudsmith.io/vlt/benchmarks/@es-joy%2fjsdoccomment 280ms (cache miss)
npm http fetch GET 200 https://npm.cloudsmith.io/vlt/benchmarks/are-docs-informative 437ms (cache miss)
npm http fetch GET 200 https://npm.cloudsmith.io/vlt/benchmarks/comment-parser 255ms (cache miss)
npm http fetch GET 200 https://npm.cloudsmith.io/vlt/benchmarks/debug 32ms (cache updated)
npm http fetch GET 200 https://npm.cloudsmith.io/vlt/benchmarks/espree 21ms (cache updated)
npm http fetch GET 200 https://npm.cloudsmith.io/vlt/benchmarks/esquery 20ms (cache updated)
npm http fetch GET 200 https://npm.cloudsmith.io/vlt/benchmarks/parse-imports-exports 238ms (cache miss)
npm http fetch GET 200 https://npm.cloudsmith.io/vlt/benchmarks/semver 31ms (cache updated)
npm http fetch GET 200 https://npm.cloudsmith.io/vlt/benchmarks/spdx-expression-parse 223ms (cache miss)
npm http fetch GET 200 https://npm.cloudsmith.io/vlt/benchmarks/prettier-linter-helpers 331ms (cache miss)
npm http fetch GET 200 https://npm.cloudsmith.io/vlt/benchmarks/synckit 280ms (cache miss)
npm http fetch GET 200 https://npm.cloudsmith.io/vlt/benchmarks/@typescript-eslint%2futils 97ms (cache updated)
npm http fetch GET 200 https://npm.cloudsmith.io/vlt/benchmarks/@microsoft%2ftsdoc-config 274ms (cache miss)
npm http fetch GET 200 https://npm.cloudsmith.io/vlt/benchmarks/jsx-ast-utils 11518ms (cache miss)
npm http fetch GET 200 https://npm.cloudsmith.io/vlt/benchmarks/@microsoft%2ftsdoc 195ms (cache miss)
npm http fetch GET 200 https://npm.cloudsmith.io/vlt/benchmarks/graceful-fs 255ms (cache miss)
npm http fetch GET 200 https://npm.cloudsmith.io/vlt/benchmarks/jsonfile 302ms (cache miss)
npm http fetch GET 200 https://npm.cloudsmith.io/vlt/benchmarks/universalify 206ms (cache miss)
npm http fetch GET 200 https://npm.cloudsmith.io/vlt/benchmarks/foreground-child 256ms (cache miss)
npm http fetch GET 200 https://npm.cloudsmith.io/vlt/benchmarks/minimatch 21ms (cache updated)
npm http fetch GET 200 https://npm.cloudsmith.io/vlt/benchmarks/minipass 18ms (cache miss)
npm http fetch GET 200 https://npm.cloudsmith.io/vlt/benchmarks/jackspeak 223ms (cache miss)
npm http fetch GET 200 https://npm.cloudsmith.io/vlt/benchmarks/package-json-from-dist 276ms (cache miss)
npm http fetch GET 200 https://npm.cloudsmith.io/vlt/benchmarks/path-scurry 278ms (cache miss)
npm http fetch GET 200 https://npm.cloudsmith.io/vlt/benchmarks/@jest%2fcore 229ms (cache miss)
npm http fetch GET 200 https://npm.cloudsmith.io/vlt/benchmarks/@jest%2ftypes 202ms (cache updated)
npm http fetch GET 200 https://npm.cloudsmith.io/vlt/benchmarks/import-local 225ms (cache miss)
npm http fetch GET 200 https://npm.cloudsmith.io/vlt/benchmarks/jest-cli 224ms (cache miss)
npm http fetch GET 200 https://npm.cloudsmith.io/vlt/benchmarks/@jest%2fenvironment-jsdom-abstract 493ms (cache miss)
npm http fetch GET 200 https://npm.cloudsmith.io/vlt/benchmarks/@types%2fjsdom 562ms (cache miss)
npm http fetch GET 200 https://npm.cloudsmith.io/vlt/benchmarks/jsdom 1378ms (cache miss)
npm http fetch GET 200 https://npm.cloudsmith.io/vlt/benchmarks/mkdirp 221ms (cache miss)
npm http fetch GET 200 https://npm.cloudsmith.io/vlt/benchmarks/strip-ansi 340ms (cache miss)
npm http fetch GET 200 https://npm.cloudsmith.io/vlt/benchmarks/uuid 282ms (cache miss)
npm http fetch GET 200 https://npm.cloudsmith.io/vlt/benchmarks/xml 197ms (cache miss)
npm http fetch GET 200 https://npm.cloudsmith.io/vlt/benchmarks/is-core-module 13423ms (cache miss)
npm http fetch GET 200 https://npm.cloudsmith.io/vlt/benchmarks/@types%2festree 348ms (cache updated)
npm http fetch GET 200 https://npm.cloudsmith.io/vlt/benchmarks/schema-utils 1932ms (cache miss)
npm http fetch GET 200 https://npm.cloudsmith.io/vlt/benchmarks/@types%2fjson-schema 234ms (cache miss)
npm http fetch GET 200 https://npm.cloudsmith.io/vlt/benchmarks/@webassemblyjs%2fast 303ms (cache miss)
npm http fetch GET 200 https://npm.cloudsmith.io/vlt/benchmarks/@webassemblyjs%2fwasm-edit 191ms (cache miss)
npm http fetch GET 200 https://npm.cloudsmith.io/vlt/benchmarks/browserslist 214ms (cache miss)
npm http fetch GET 200 https://npm.cloudsmith.io/vlt/benchmarks/chrome-trace-event 198ms (cache miss)
npm http fetch GET 200 https://npm.cloudsmith.io/vlt/benchmarks/enhanced-resolve 258ms (cache miss)
npm http fetch GET 200 https://npm.cloudsmith.io/vlt/benchmarks/es-module-lexer 1353ms (cache miss)
npm http fetch GET 200 https://npm.cloudsmith.io/vlt/benchmarks/events 202ms (cache miss)
npm http fetch GET 200 https://npm.cloudsmith.io/vlt/benchmarks/graceful-fs 20ms (cache updated)
npm http fetch GET 200 https://npm.cloudsmith.io/vlt/benchmarks/mime-db 315ms (cache miss)
npm http fetch GET 200 https://npm.cloudsmith.io/vlt/benchmarks/minimizer-webpack-plugin 237ms (cache miss)
npm http fetch GET 200 https://npm.cloudsmith.io/vlt/benchmarks/schema-utils 20ms (cache updated)
npm http fetch GET 200 https://npm.cloudsmith.io/vlt/benchmarks/tapable 1149ms (cache miss)
npm http fetch GET 200 https://npm.cloudsmith.io/vlt/benchmarks/watchpack 195ms (cache miss)
npm http fetch GET 200 https://npm.cloudsmith.io/vlt/benchmarks/webpack-sources 225ms (cache miss)
npm http fetch GET 200 https://npm.cloudsmith.io/vlt/benchmarks/@emnapi%2fcore 314ms (cache miss)
npm http fetch GET 200 https://npm.cloudsmith.io/vlt/benchmarks/@emnapi%2fruntime 232ms (cache miss)
npm http fetch GET 200 https://npm.cloudsmith.io/vlt/benchmarks/@emnapi%2fwasi-threads 209ms (cache miss)
npm http fetch GET 200 https://npm.cloudsmith.io/vlt/benchmarks/@jest%2fdiff-sequences 187ms (cache miss)
npm http fetch GET 200 https://npm.cloudsmith.io/vlt/benchmarks/@napi-rs%2fwasm-runtime 205ms (cache miss)
npm http fetch GET 200 https://npm.cloudsmith.io/vlt/benchmarks/@tybys%2fwasm-util 212ms (cache miss)
npm http fetch GET 200 https://npm.cloudsmith.io/vlt/benchmarks/@yarnpkg%2flockfile 202ms (cache miss)
npm http fetch GET 200 https://npm.cloudsmith.io/vlt/benchmarks/@zkochan%2fjs-yaml 1556ms (cache miss)
npm http fetch GET 200 https://npm.cloudsmith.io/vlt/benchmarks/@webassemblyjs%2fwasm-parser 11457ms (cache miss)
npm http fetch GET 200 https://npm.cloudsmith.io/vlt/benchmarks/ansi-colors 224ms (cache miss)
npm http fetch GET 200 https://npm.cloudsmith.io/vlt/benchmarks/ansi-regex 197ms (cache miss)
npm http fetch GET 200 https://npm.cloudsmith.io/vlt/benchmarks/ansi-styles 217ms (cache miss)
npm http fetch GET 200 https://npm.cloudsmith.io/vlt/benchmarks/argparse 605ms (cache miss)
npm http fetch GET 200 https://npm.cloudsmith.io/vlt/benchmarks/asynckit 227ms (cache miss)
npm http fetch GET 200 https://npm.cloudsmith.io/vlt/benchmarks/axios 377ms (cache miss)
npm http fetch GET 200 https://npm.cloudsmith.io/vlt/benchmarks/agent-base 7439ms (cache miss)
npm http fetch GET 200 https://npm.cloudsmith.io/vlt/benchmarks/base64-js 535ms (cache miss)
npm http fetch GET 200 https://npm.cloudsmith.io/vlt/benchmarks/bl 339ms (cache miss)
npm http fetch GET 200 https://npm.cloudsmith.io/vlt/benchmarks/balanced-match 2752ms (cache miss)
npm http fetch GET 200 https://npm.cloudsmith.io/vlt/benchmarks/brace-expansion 253ms (cache miss)
npm http fetch GET 200 https://npm.cloudsmith.io/vlt/benchmarks/buffer 202ms (cache miss)
npm http fetch GET 200 https://npm.cloudsmith.io/vlt/benchmarks/@jest%2fenvironment 22789ms (cache miss)
npm http fetch GET 200 https://npm.cloudsmith.io/vlt/benchmarks/cli-cursor 347ms (cache miss)
npm http fetch GET 200 https://npm.cloudsmith.io/vlt/benchmarks/cli-spinners 245ms (cache miss)
npm http fetch GET 200 https://npm.cloudsmith.io/vlt/benchmarks/cliui 237ms (cache miss)
npm http fetch GET 200 https://npm.cloudsmith.io/vlt/benchmarks/clone 252ms (cache miss)
npm http fetch GET 200 https://npm.cloudsmith.io/vlt/benchmarks/color-convert 329ms (cache miss)
npm http fetch GET 200 https://npm.cloudsmith.io/vlt/benchmarks/call-bind-apply-helpers 2712ms (cache miss)
npm http fetch GET 200 https://npm.cloudsmith.io/vlt/benchmarks/color-name 524ms (cache miss)
npm http fetch GET 200 https://npm.cloudsmith.io/vlt/benchmarks/debug 398ms (cache updated)
npm http fetch GET 200 https://npm.cloudsmith.io/vlt/benchmarks/defaults 239ms (cache miss)
npm http fetch GET 200 https://npm.cloudsmith.io/vlt/benchmarks/combined-stream 2268ms (cache miss)
npm http fetch GET 200 https://npm.cloudsmith.io/vlt/benchmarks/delayed-stream 327ms (cache miss)
npm http fetch GET 200 https://npm.cloudsmith.io/vlt/benchmarks/define-lazy-prop 1906ms (cache miss)
npm http fetch GET 200 https://npm.cloudsmith.io/vlt/benchmarks/dotenv 254ms (cache updated)
npm http fetch GET 200 https://npm.cloudsmith.io/vlt/benchmarks/chalk 7721ms (cache updated)
npm http fetch GET 200 https://npm.cloudsmith.io/vlt/benchmarks/ejs 217ms (cache miss)
npm http fetch GET 200 https://npm.cloudsmith.io/vlt/benchmarks/dunder-proto 2662ms (cache miss)
npm http fetch GET 200 https://npm.cloudsmith.io/vlt/benchmarks/end-of-stream 2099ms (cache miss)
npm http fetch GET 200 https://npm.cloudsmith.io/vlt/benchmarks/enquirer 1441ms (cache miss)
npm http fetch GET 200 https://npm.cloudsmith.io/vlt/benchmarks/emoji-regex 4326ms (cache miss)
npm http fetch GET 200 https://npm.cloudsmith.io/vlt/benchmarks/es-errors 401ms (cache miss)
npm http fetch GET 200 https://npm.cloudsmith.io/vlt/benchmarks/es-object-atoms 225ms (cache miss)
npm http fetch GET 200 https://npm.cloudsmith.io/vlt/benchmarks/dotenv-expand 7941ms (cache miss)
npm http fetch GET 200 https://npm.cloudsmith.io/vlt/benchmarks/escalade 18ms (cache miss)
npm http fetch GET 200 https://npm.cloudsmith.io/vlt/benchmarks/escape-string-regexp 640ms (cache updated)
npm http fetch GET 200 https://npm.cloudsmith.io/vlt/benchmarks/es-define-property 2495ms (cache miss)
npm http fetch GET 200 https://npm.cloudsmith.io/vlt/benchmarks/flat 207ms (cache miss)
npm http fetch GET 200 https://npm.cloudsmith.io/vlt/benchmarks/figures 553ms (cache miss)
npm http fetch GET 200 https://npm.cloudsmith.io/vlt/benchmarks/form-data 257ms (cache miss)
npm http fetch GET 200 https://npm.cloudsmith.io/vlt/benchmarks/follow-redirects 388ms (cache miss)
npm http fetch GET 200 https://npm.cloudsmith.io/vlt/benchmarks/fs-constants 1870ms (cache miss)
npm http fetch GET 200 https://npm.cloudsmith.io/vlt/benchmarks/es-set-tostringtag 3733ms (cache miss)
npm http fetch GET 200 https://npm.cloudsmith.io/vlt/benchmarks/get-intrinsic 261ms (cache miss)
npm http fetch GET 200 https://npm.cloudsmith.io/vlt/benchmarks/get-caller-file 500ms (cache miss)
npm http fetch GET 200 https://npm.cloudsmith.io/vlt/benchmarks/get-proto 346ms (cache miss)
npm http fetch GET 200 https://npm.cloudsmith.io/vlt/benchmarks/gopd 264ms (cache miss)
npm http fetch GET 200 https://npm.cloudsmith.io/vlt/benchmarks/has-flag 1595ms (cache miss)
npm http fetch GET 200 https://npm.cloudsmith.io/vlt/benchmarks/function-bind 4163ms (cache miss)
npm http fetch GET 200 https://npm.cloudsmith.io/vlt/benchmarks/hasown 474ms (cache updated)
npm http fetch GET 200 https://npm.cloudsmith.io/vlt/benchmarks/https-proxy-agent 564ms (cache miss)
npm http fetch GET 200 https://npm.cloudsmith.io/vlt/benchmarks/ieee754 410ms (cache miss)
npm http fetch GET 200 https://npm.cloudsmith.io/vlt/benchmarks/has-symbols 3257ms (cache miss)
npm http fetch GET 200 https://npm.cloudsmith.io/vlt/benchmarks/ignore 245ms (cache updated)
npm http fetch GET 200 https://npm.cloudsmith.io/vlt/benchmarks/is-docker 936ms (cache miss)
npm http fetch GET 200 https://npm.cloudsmith.io/vlt/benchmarks/is-fullwidth-code-point 351ms (cache miss)
npm http fetch GET 200 https://npm.cloudsmith.io/vlt/benchmarks/has-tostringtag 3189ms (cache miss)
npm http fetch GET 200 https://npm.cloudsmith.io/vlt/benchmarks/is-unicode-supported 405ms (cache miss)
npm http fetch GET 200 https://npm.cloudsmith.io/vlt/benchmarks/is-wsl 247ms (cache miss)
npm http fetch GET 200 https://npm.cloudsmith.io/vlt/benchmarks/is-interactive 867ms (cache miss)
npm http fetch GET 200 https://npm.cloudsmith.io/vlt/benchmarks/json5 1603ms (cache miss)
npm http fetch GET 200 https://npm.cloudsmith.io/vlt/benchmarks/lines-and-columns 233ms (cache miss)
npm http fetch GET 200 https://npm.cloudsmith.io/vlt/benchmarks/inherits 5768ms (cache miss)
npm http fetch GET 200 https://npm.cloudsmith.io/vlt/benchmarks/math-intrinsics 215ms (cache miss)
npm http fetch GET 200 https://npm.cloudsmith.io/vlt/benchmarks/jsonc-parser 4053ms (cache miss)
npm http fetch GET 200 https://npm.cloudsmith.io/vlt/benchmarks/mime-db 462ms (cache updated)
npm http fetch GET 200 https://npm.cloudsmith.io/vlt/benchmarks/mime-types 315ms (cache miss)
npm http fetch GET 200 https://npm.cloudsmith.io/vlt/benchmarks/mimic-fn 288ms (cache miss)
npm http fetch GET 200 https://npm.cloudsmith.io/vlt/benchmarks/minimist 17ms (cache miss)
npm http fetch GET 200 https://npm.cloudsmith.io/vlt/benchmarks/log-symbols 2979ms (cache miss)
npm http fetch GET 200 https://npm.cloudsmith.io/vlt/benchmarks/minimatch 371ms (cache updated)
npm http fetch GET 200 https://npm.cloudsmith.io/vlt/benchmarks/ms 498ms (cache miss)
npm http fetch GET 200 https://npm.cloudsmith.io/vlt/benchmarks/once 392ms (cache miss)
npm http fetch GET 200 https://npm.cloudsmith.io/vlt/benchmarks/open 233ms (cache miss)
npm http fetch GET 200 https://npm.cloudsmith.io/vlt/benchmarks/onetime 628ms (cache miss)
npm http fetch GET 200 https://npm.cloudsmith.io/vlt/benchmarks/npm-run-path 969ms (cache miss)
npm http fetch GET 200 https://npm.cloudsmith.io/vlt/benchmarks/ora 392ms (cache miss)
npm http fetch GET 200 https://npm.cloudsmith.io/vlt/benchmarks/path-key 404ms (cache miss)
npm http fetch GET 200 https://npm.cloudsmith.io/vlt/benchmarks/readable-stream 285ms (cache miss)
npm http fetch GET 200 https://npm.cloudsmith.io/vlt/benchmarks/proxy-from-env 1674ms (cache miss)
npm http fetch GET 200 https://npm.cloudsmith.io/vlt/benchmarks/resolve.exports 261ms (cache miss)
npm http fetch GET 200 https://npm.cloudsmith.io/vlt/benchmarks/restore-cursor 535ms (cache miss)
npm http fetch GET 200 https://npm.cloudsmith.io/vlt/benchmarks/safe-buffer 217ms (cache miss)
npm http fetch GET 200 https://npm.cloudsmith.io/vlt/benchmarks/picocolors 2807ms (cache miss)
npm http fetch GET 200 https://npm.cloudsmith.io/vlt/benchmarks/semver 264ms (cache updated)
npm http fetch GET 200 https://npm.cloudsmith.io/vlt/benchmarks/smol-toml 584ms (cache miss)
npm http fetch GET 200 https://npm.cloudsmith.io/vlt/benchmarks/require-directory 3279ms (cache miss)
npm http fetch GET 200 https://npm.cloudsmith.io/vlt/benchmarks/string_decoder 230ms (cache miss)
npm http fetch GET 200 https://npm.cloudsmith.io/vlt/benchmarks/strip-ansi 212ms (cache updated)
npm http fetch GET 200 https://npm.cloudsmith.io/vlt/benchmarks/string-width 872ms (cache miss)
npm http fetch GET 200 https://npm.cloudsmith.io/vlt/benchmarks/supports-color 395ms (cache updated)
npm http fetch GET 200 https://npm.cloudsmith.io/vlt/benchmarks/tar-stream 220ms (cache miss)
npm http fetch GET 200 https://npm.cloudsmith.io/vlt/benchmarks/tmp 446ms (cache miss)
npm http fetch GET 200 https://npm.cloudsmith.io/vlt/benchmarks/tree-kill 204ms (cache miss)
npm http fetch GET 200 https://npm.cloudsmith.io/vlt/benchmarks/tsconfig-paths 221ms (cache updated)
npm http fetch GET 200 https://npm.cloudsmith.io/vlt/benchmarks/signal-exit 3676ms (cache miss)
npm http fetch GET 200 https://npm.cloudsmith.io/vlt/benchmarks/tslib 1541ms (cache updated)
npm http fetch GET 200 https://npm.cloudsmith.io/vlt/benchmarks/wcwidth 211ms (cache miss)
npm http fetch GET 200 https://npm.cloudsmith.io/vlt/benchmarks/wrap-ansi 224ms (cache miss)
npm http fetch GET 200 https://npm.cloudsmith.io/vlt/benchmarks/wrappy 376ms (cache miss)
npm http fetch GET 200 https://npm.cloudsmith.io/vlt/benchmarks/y18n 192ms (cache miss)
npm http fetch GET 200 https://npm.cloudsmith.io/vlt/benchmarks/yaml 289ms (cache miss)
npm http fetch GET 200 https://npm.cloudsmith.io/vlt/benchmarks/yargs 272ms (cache miss)
npm http fetch GET 200 https://npm.cloudsmith.io/vlt/benchmarks/util-deprecate 3141ms (cache miss)
npm http fetch GET 200 https://npm.cloudsmith.io/vlt/benchmarks/@nx%2fnx-darwin-arm64 1844ms (cache miss)
npm http fetch GET 200 https://npm.cloudsmith.io/vlt/benchmarks/@nx%2fnx-darwin-x64 300ms (cache miss)
npm http fetch GET 200 https://npm.cloudsmith.io/vlt/benchmarks/@nx%2fnx-freebsd-x64 316ms (cache miss)
npm http fetch GET 200 https://npm.cloudsmith.io/vlt/benchmarks/@nx%2fnx-linux-arm-gnueabihf 280ms (cache miss)
npm http fetch GET 200 https://npm.cloudsmith.io/vlt/benchmarks/@nx%2fnx-linux-arm64-gnu 3632ms (cache miss)
npm http fetch GET 200 https://npm.cloudsmith.io/vlt/benchmarks/@nx%2fnx-linux-arm64-musl 359ms (cache miss)
npm http fetch GET 200 https://npm.cloudsmith.io/vlt/benchmarks/@nx%2fnx-linux-x64-gnu 303ms (cache miss)
npm http fetch GET 200 https://npm.cloudsmith.io/vlt/benchmarks/@nx%2fnx-linux-x64-musl 260ms (cache miss)
npm http fetch GET 200 https://npm.cloudsmith.io/vlt/benchmarks/@nx%2fnx-win32-arm64-msvc 315ms (cache miss)
npm http fetch GET 200 https://npm.cloudsmith.io/vlt/benchmarks/@nx%2fnx-win32-x64-msvc 2415ms (cache miss)
npm http fetch GET 200 https://npm.cloudsmith.io/vlt/benchmarks/glob 306ms (cache updated)
npm http fetch GET 200 https://npm.cloudsmith.io/vlt/benchmarks/bs-logger 211ms (cache miss)
npm http fetch GET 200 https://npm.cloudsmith.io/vlt/benchmarks/strip-bom 16126ms (cache miss)
npm http fetch GET 200 https://npm.cloudsmith.io/vlt/benchmarks/fast-json-stable-stringify 243ms (cache miss)
npm http fetch GET 200 https://npm.cloudsmith.io/vlt/benchmarks/json5 31ms (cache updated)
npm http fetch GET 200 https://npm.cloudsmith.io/vlt/benchmarks/jest-util 224ms (cache miss)
npm http fetch GET 200 https://npm.cloudsmith.io/vlt/benchmarks/lodash.memoize 246ms (cache miss)
npm http fetch GET 200 https://npm.cloudsmith.io/vlt/benchmarks/semver 21ms (cache updated)
npm http fetch GET 200 https://npm.cloudsmith.io/vlt/benchmarks/make-error 188ms (cache miss)
npm http fetch GET 200 https://npm.cloudsmith.io/vlt/benchmarks/yargs-parser 245ms (cache miss)
npm http fetch GET 200 https://npm.cloudsmith.io/vlt/benchmarks/@cspotcode%2fsource-map-support 235ms (cache miss)
npm http fetch GET 200 https://npm.cloudsmith.io/vlt/benchmarks/@tsconfig%2fnode12 199ms (cache miss)
npm http fetch GET 200 https://npm.cloudsmith.io/vlt/benchmarks/@tsconfig%2fnode10 335ms (cache miss)
npm http fetch GET 200 https://npm.cloudsmith.io/vlt/benchmarks/@tsconfig%2fnode14 218ms (cache miss)
npm http fetch GET 200 https://npm.cloudsmith.io/vlt/benchmarks/@tsconfig%2fnode16 250ms (cache miss)
npm http fetch GET 200 https://npm.cloudsmith.io/vlt/benchmarks/acorn-walk 247ms (cache miss)
npm http fetch GET 200 https://npm.cloudsmith.io/vlt/benchmarks/arg 274ms (cache miss)
npm http fetch GET 200 https://npm.cloudsmith.io/vlt/benchmarks/create-require 224ms (cache miss)
npm http fetch GET 200 https://npm.cloudsmith.io/vlt/benchmarks/acorn 3823ms (cache updated)
npm http fetch GET 200 https://npm.cloudsmith.io/vlt/benchmarks/make-error 44ms (cache updated)
npm http fetch GET 200 https://npm.cloudsmith.io/vlt/benchmarks/diff 4828ms (cache miss)
npm http fetch GET 200 https://npm.cloudsmith.io/vlt/benchmarks/yn 217ms (cache miss)
npm http fetch GET 200 https://npm.cloudsmith.io/vlt/benchmarks/undici-types 273ms (cache miss)
npm http fetch GET 200 https://npm.cloudsmith.io/vlt/benchmarks/chalk 216ms (cache updated)
npm http fetch GET 200 https://npm.cloudsmith.io/vlt/benchmarks/global-prefix 221ms (cache miss)
npm http fetch GET 200 https://npm.cloudsmith.io/vlt/benchmarks/minimist 213ms (cache updated)
npm http fetch GET 200 https://npm.cloudsmith.io/vlt/benchmarks/v8-compile-cache-lib 3768ms (cache miss)
npm http fetch GET 200 https://npm.cloudsmith.io/vlt/benchmarks/semver 33ms (cache updated)
npm http fetch GET 200 https://npm.cloudsmith.io/vlt/benchmarks/@gerrit0%2fmini-shiki 241ms (cache miss)
npm http fetch GET 200 https://npm.cloudsmith.io/vlt/benchmarks/lunr 244ms (cache miss)
npm http fetch GET 200 https://npm.cloudsmith.io/vlt/benchmarks/markdown-it 201ms (cache miss)
npm http fetch GET 200 https://npm.cloudsmith.io/vlt/benchmarks/minimatch 356ms (cache updated)
npm http fetch GET 200 https://npm.cloudsmith.io/vlt/benchmarks/yaml 21ms (cache updated)
npm http fetch GET 200 https://npm.cloudsmith.io/vlt/benchmarks/@discoveryjs%2fjson-ext 217ms (cache miss)
npm http fetch GET 200 https://npm.cloudsmith.io/vlt/benchmarks/@webpack-cli%2fconfigtest 228ms (cache miss)
npm http fetch GET 200 https://npm.cloudsmith.io/vlt/benchmarks/@webpack-cli%2finfo 195ms (cache miss)
npm http fetch GET 200 https://npm.cloudsmith.io/vlt/benchmarks/yargs-parser 22006ms (cache miss)
npm http fetch GET 200 https://npm.cloudsmith.io/vlt/benchmarks/@webpack-cli%2fserve 267ms (cache miss)
npm http fetch GET 200 https://npm.cloudsmith.io/vlt/benchmarks/colorette 207ms (cache miss)
npm http fetch GET 200 https://npm.cloudsmith.io/vlt/benchmarks/commander 246ms (cache updated)
npm http fetch GET 200 https://npm.cloudsmith.io/vlt/benchmarks/cross-spawn 194ms (cache updated)
npm http fetch GET 200 https://npm.cloudsmith.io/vlt/benchmarks/envinfo 267ms (cache miss)
npm http fetch GET 200 https://npm.cloudsmith.io/vlt/benchmarks/fastest-levenshtein 346ms (cache miss)
npm http fetch GET 200 https://npm.cloudsmith.io/vlt/benchmarks/interpret 189ms (cache miss)
npm http fetch GET 200 https://npm.cloudsmith.io/vlt/benchmarks/rechoir 269ms (cache miss)
npm http fetch GET 200 https://npm.cloudsmith.io/vlt/benchmarks/webpack-merge 285ms (cache miss)
npm http fetch GET 200 https://npm.cloudsmith.io/vlt/benchmarks/resolve 23487ms (cache miss)
npm http fetch GET 200 https://npm.cloudsmith.io/vlt/benchmarks/@yarnpkg%2flockfile 199ms (cache updated)
npm http fetch GET 200 https://npm.cloudsmith.io/vlt/benchmarks/axios 202ms (cache updated)
npm http fetch GET 200 https://npm.cloudsmith.io/vlt/benchmarks/@yarnpkg%2fparsers 257ms (cache miss)
npm http fetch GET 200 https://npm.cloudsmith.io/vlt/benchmarks/chalk 206ms (cache updated)
npm http fetch GET 200 https://npm.cloudsmith.io/vlt/benchmarks/dotenv 269ms (cache updated)
npm http fetch GET 200 https://npm.cloudsmith.io/vlt/benchmarks/dotenv-expand 200ms (cache updated)
npm http fetch GET 200 https://npm.cloudsmith.io/vlt/benchmarks/enquirer 330ms (cache updated)
npm http fetch GET 200 https://npm.cloudsmith.io/vlt/benchmarks/front-matter 256ms (cache miss)
npm http fetch GET 200 https://npm.cloudsmith.io/vlt/benchmarks/ignore 185ms (cache updated)
npm http fetch GET 200 https://npm.cloudsmith.io/vlt/benchmarks/cliui 1131ms (cache updated)
npm http fetch GET 200 https://npm.cloudsmith.io/vlt/benchmarks/minimatch 32ms (cache updated)
npm http fetch GET 200 https://npm.cloudsmith.io/vlt/benchmarks/jest-diff 220ms (cache miss)
npm http fetch GET 200 https://npm.cloudsmith.io/vlt/benchmarks/npm-run-path 289ms (cache updated)
npm http fetch GET 200 https://npm.cloudsmith.io/vlt/benchmarks/open 202ms (cache updated)
npm http fetch GET 200 https://npm.cloudsmith.io/vlt/benchmarks/string-width 212ms (cache updated)
npm http fetch GET 200 https://npm.cloudsmith.io/vlt/benchmarks/strong-log-transformer 194ms (cache miss)
npm http fetch GET 200 https://npm.cloudsmith.io/vlt/benchmarks/tar-stream 194ms (cache updated)
npm http fetch GET 200 https://npm.cloudsmith.io/vlt/benchmarks/tmp 218ms (cache updated)
npm http fetch GET 200 https://npm.cloudsmith.io/vlt/benchmarks/tsconfig-paths 250ms (cache updated)
npm http fetch GET 200 https://npm.cloudsmith.io/vlt/benchmarks/yargs 222ms (cache updated)
npm http fetch GET 200 https://npm.cloudsmith.io/vlt/benchmarks/@nx%2fnx-darwin-x64 313ms (cache updated)
npm http fetch GET 200 https://npm.cloudsmith.io/vlt/benchmarks/@nx%2fnx-darwin-arm64 268ms (cache updated)
npm http fetch GET 200 https://npm.cloudsmith.io/vlt/benchmarks/node-machine-id 791ms (cache miss)
npm http fetch GET 200 https://npm.cloudsmith.io/vlt/benchmarks/@nx%2fnx-linux-x64-gnu 274ms (cache updated)
npm http fetch GET 200 https://npm.cloudsmith.io/vlt/benchmarks/@nx%2fnx-linux-x64-musl 410ms (cache updated)
npm http fetch GET 200 https://npm.cloudsmith.io/vlt/benchmarks/@nx%2fnx-win32-x64-msvc 294ms (cache updated)
npm http fetch GET 200 https://npm.cloudsmith.io/vlt/benchmarks/@nx%2fnx-linux-arm64-gnu 244ms (cache updated)
npm http fetch GET 200 https://npm.cloudsmith.io/vlt/benchmarks/@nx%2fnx-linux-arm64-musl 288ms (cache updated)
npm http fetch GET 200 https://npm.cloudsmith.io/vlt/benchmarks/@nx%2fnx-linux-arm-gnueabihf 262ms (cache updated)
npm http fetch GET 200 https://npm.cloudsmith.io/vlt/benchmarks/@nx%2fnx-freebsd-x64 307ms (cache updated)
npm http fetch GET 200 https://npm.cloudsmith.io/vlt/benchmarks/@nx%2fnx-win32-arm64-msvc 2637ms (cache updated)
npm http fetch GET 200 https://npm.cloudsmith.io/vlt/benchmarks/flat 18090ms (cache updated)
npm http fetch GET 200 https://npm.cloudsmith.io/vlt/benchmarks/@nx%2fdevkit 319ms (cache miss)
npm http fetch GET 200 https://npm.cloudsmith.io/vlt/benchmarks/ejs 35ms (cache updated)
npm http fetch GET 200 https://npm.cloudsmith.io/vlt/benchmarks/supports-color 203ms (cache updated)
npm http fetch GET 200 https://npm.cloudsmith.io/vlt/benchmarks/ansi-colors 205ms (cache updated)
npm http fetch GET 200 https://npm.cloudsmith.io/vlt/benchmarks/ansi-styles 780ms (cache updated)
npm http fetch GET 200 https://npm.cloudsmith.io/vlt/benchmarks/@nrwl%2fdevkit 1729ms (cache miss)
npm http fetch GET 200 https://npm.cloudsmith.io/vlt/benchmarks/fsevents 246ms (cache updated)
npm http fetch GET 200 https://npm.cloudsmith.io/vlt/benchmarks/playwright-core 434ms (cache miss)
npm http fetch GET 200 https://npm.cloudsmith.io/vlt/benchmarks/jest-diff 29ms (cache updated)
npm http fetch GET 200 https://npm.cloudsmith.io/vlt/benchmarks/jest-get-type 199ms (cache miss)
npm http fetch GET 200 https://npm.cloudsmith.io/vlt/benchmarks/ansi-styles 32ms (cache updated)
npm http fetch GET 200 https://npm.cloudsmith.io/vlt/benchmarks/ansi-regex 222ms (cache updated)
npm http fetch GET 200 https://npm.cloudsmith.io/vlt/benchmarks/pretty-format 269ms (cache updated)
npm http fetch GET 200 https://npm.cloudsmith.io/vlt/benchmarks/react-is 310ms (cache miss)
npm http fetch GET 200 https://npm.cloudsmith.io/vlt/benchmarks/@types%2fyargs 268ms (cache miss)
npm http fetch GET 200 https://npm.cloudsmith.io/vlt/benchmarks/@types%2fistanbul-reports 271ms (cache miss)
npm http fetch GET 200 https://npm.cloudsmith.io/vlt/benchmarks/@types%2fistanbul-lib-coverage 425ms (cache miss)
npm http fetch GET 200 https://npm.cloudsmith.io/vlt/benchmarks/@jest%2fenvironment 201ms (cache updated)
npm http fetch GET 200 https://npm.cloudsmith.io/vlt/benchmarks/@jest%2ffake-timers 264ms (cache miss)
npm http fetch GET 200 https://npm.cloudsmith.io/vlt/benchmarks/jest-mock 251ms (cache miss)
npm http fetch GET 200 https://npm.cloudsmith.io/vlt/benchmarks/jest-util 222ms (cache updated)
npm http fetch GET 200 https://npm.cloudsmith.io/vlt/benchmarks/@types%2fistanbul-lib-report 190ms (cache miss)
npm http fetch GET 200 https://npm.cloudsmith.io/vlt/benchmarks/@types%2fyargs-parser 219ms (cache miss)
npm http fetch GET 200 https://npm.cloudsmith.io/vlt/benchmarks/eslint 273ms (cache updated)
npm http fetch GET 200 https://npm.cloudsmith.io/vlt/benchmarks/typescript 422ms (cache updated)
npm http fetch GET 200 https://npm.cloudsmith.io/vlt/benchmarks/eslint-visitor-keys 208ms (cache updated)
npm http fetch GET 200 https://npm.cloudsmith.io/vlt/benchmarks/@eslint-community%2feslint-utils 210ms (cache updated)
npm http fetch GET 200 https://npm.cloudsmith.io/vlt/benchmarks/@typescript-eslint%2fproject-service 241ms (cache miss)
npm http fetch GET 200 https://npm.cloudsmith.io/vlt/benchmarks/@typescript-eslint%2ftsconfig-utils 259ms (cache miss)
npm http fetch GET 200 https://npm.cloudsmith.io/vlt/benchmarks/minimatch 272ms (cache updated)
npm http fetch GET 200 https://npm.cloudsmith.io/vlt/benchmarks/tinyglobby 213ms (cache miss)
npm http fetch GET 200 https://npm.cloudsmith.io/vlt/benchmarks/semver 290ms (cache updated)
npm http fetch GET 200 https://npm.cloudsmith.io/vlt/benchmarks/ms 15032ms (cache updated)
npm http fetch GET 200 https://npm.cloudsmith.io/vlt/benchmarks/@typescript-eslint%2ftsconfig-utils 41ms (cache updated)
npm http fetch GET 200 https://npm.cloudsmith.io/vlt/benchmarks/fdir 204ms (cache miss)
npm http fetch GET 200 https://npm.cloudsmith.io/vlt/benchmarks/picomatch 204ms (cache miss)
npm http fetch GET 200 https://npm.cloudsmith.io/vlt/benchmarks/brace-expansion 402ms (cache updated)
npm http fetch GET 200 https://npm.cloudsmith.io/vlt/benchmarks/eslint-visitor-keys 35ms (cache updated)
npm http fetch GET 200 https://npm.cloudsmith.io/vlt/benchmarks/punycode 368ms (cache miss)
npm http fetch GET 200 https://npm.cloudsmith.io/vlt/benchmarks/expand-template 181ms (cache miss)
npm http fetch GET 200 https://npm.cloudsmith.io/vlt/benchmarks/detect-libc 210ms (cache miss)
npm http fetch GET 200 https://npm.cloudsmith.io/vlt/benchmarks/github-from-package 211ms (cache miss)
npm http fetch GET 200 https://npm.cloudsmith.io/vlt/benchmarks/mkdirp-classic 184ms (cache miss)
npm http fetch GET 200 https://npm.cloudsmith.io/vlt/benchmarks/minimist 216ms (cache updated)
npm http fetch GET 200 https://npm.cloudsmith.io/vlt/benchmarks/napi-build-utils 233ms (cache miss)
npm http fetch GET 200 https://npm.cloudsmith.io/vlt/benchmarks/node-abi 207ms (cache miss)
npm http fetch GET 200 https://npm.cloudsmith.io/vlt/benchmarks/pump 363ms (cache miss)
npm http fetch GET 200 https://npm.cloudsmith.io/vlt/benchmarks/simple-get 217ms (cache miss)
npm http fetch GET 200 https://npm.cloudsmith.io/vlt/benchmarks/rc 477ms (cache miss)
npm http fetch GET 200 https://npm.cloudsmith.io/vlt/benchmarks/tar-fs 262ms (cache miss)
npm http fetch GET 200 https://npm.cloudsmith.io/vlt/benchmarks/tunnel-agent 235ms (cache miss)
npm http fetch GET 200 https://npm.cloudsmith.io/vlt/benchmarks/color-convert 203ms (cache updated)
npm http fetch GET 200 https://npm.cloudsmith.io/vlt/benchmarks/has-flag 6258ms (cache updated)
npm http fetch GET 200 https://npm.cloudsmith.io/vlt/benchmarks/color-name 328ms (cache updated)
npm http fetch GET 200 https://npm.cloudsmith.io/vlt/benchmarks/picomatch 22ms (cache updated)
npm http fetch GET 200 https://npm.cloudsmith.io/vlt/benchmarks/normalize-path 222ms (cache updated)
npm http fetch GET 200 https://npm.cloudsmith.io/vlt/benchmarks/is-glob 241ms (cache updated)
npm http fetch GET 200 https://npm.cloudsmith.io/vlt/benchmarks/fill-range 282ms (cache miss)
npm http fetch GET 200 https://npm.cloudsmith.io/vlt/benchmarks/picomatch 31ms (cache updated)
npm http fetch GET 200 https://npm.cloudsmith.io/vlt/benchmarks/is-extglob 210ms (cache miss)
npm http fetch GET 200 https://npm.cloudsmith.io/vlt/benchmarks/binary-extensions 277ms (cache miss)
npm http fetch GET 200 https://npm.cloudsmith.io/vlt/benchmarks/to-regex-range 4738ms (cache miss)
npm http fetch GET 200 https://npm.cloudsmith.io/vlt/benchmarks/@nodelib%2ffs.walk 224ms (cache miss)
npm http fetch GET 200 https://npm.cloudsmith.io/vlt/benchmarks/merge2 261ms (cache miss)
npm http fetch GET 200 https://npm.cloudsmith.io/vlt/benchmarks/@dabh%2fdiagnostics 196ms (cache miss)
npm http fetch GET 200 https://npm.cloudsmith.io/vlt/benchmarks/micromatch 296ms (cache miss)
npm http fetch GET 200 https://npm.cloudsmith.io/vlt/benchmarks/@colors%2fcolors 197ms (cache miss)
npm http fetch GET 200 https://npm.cloudsmith.io/vlt/benchmarks/async 203ms (cache miss)
npm http fetch GET 200 https://npm.cloudsmith.io/vlt/benchmarks/is-stream 227ms (cache miss)
npm http fetch GET 200 https://npm.cloudsmith.io/vlt/benchmarks/logform 186ms (cache miss)
npm http fetch GET 200 https://npm.cloudsmith.io/vlt/benchmarks/one-time 201ms (cache miss)
npm http fetch GET 200 https://npm.cloudsmith.io/vlt/benchmarks/safe-stable-stringify 190ms (cache miss)
npm http fetch GET 200 https://npm.cloudsmith.io/vlt/benchmarks/@nodelib%2ffs.stat 1668ms (cache miss)
npm http fetch GET 200 https://npm.cloudsmith.io/vlt/benchmarks/stack-trace 456ms (cache miss)
npm http fetch GET 200 https://npm.cloudsmith.io/vlt/benchmarks/triple-beam 209ms (cache miss)
npm http fetch GET 200 https://npm.cloudsmith.io/vlt/benchmarks/winston-transport 206ms (cache miss)
npm http fetch GET 200 https://npm.cloudsmith.io/vlt/benchmarks/readable-stream 8190ms (cache updated)
npm http fetch GET 200 https://npm.cloudsmith.io/vlt/benchmarks/espree 203ms (cache updated)
npm http fetch GET 200 https://npm.cloudsmith.io/vlt/benchmarks/globals 223ms (cache updated)
npm http fetch GET 200 https://npm.cloudsmith.io/vlt/benchmarks/@eslint%2fobject-schema 253ms (cache miss)
npm http fetch GET 200 https://npm.cloudsmith.io/vlt/benchmarks/js-yaml 268ms (cache miss)
npm http fetch GET 200 https://npm.cloudsmith.io/vlt/benchmarks/import-fresh 367ms (cache miss)
npm http fetch GET 200 https://npm.cloudsmith.io/vlt/benchmarks/levn 202ms (cache miss)
npm http fetch GET 200 https://npm.cloudsmith.io/vlt/benchmarks/@humanwhocodes%2fretry 194ms (cache updated)
npm http fetch GET 200 https://npm.cloudsmith.io/vlt/benchmarks/@humanfs%2fcore 220ms (cache miss)
npm http fetch GET 200 https://npm.cloudsmith.io/vlt/benchmarks/@humanfs%2ftypes 221ms (cache miss)
npm http fetch GET 200 https://npm.cloudsmith.io/vlt/benchmarks/fast-json-stable-stringify 186ms (cache updated)
npm http fetch GET 200 https://npm.cloudsmith.io/vlt/benchmarks/strip-json-comments 903ms (cache miss)
npm http fetch GET 200 https://npm.cloudsmith.io/vlt/benchmarks/json-schema-traverse 194ms (cache updated)
npm http fetch GET 200 https://npm.cloudsmith.io/vlt/benchmarks/path-key 207ms (cache updated)
npm http fetch GET 200 https://npm.cloudsmith.io/vlt/benchmarks/which 228ms (cache miss)
npm http fetch GET 200 https://npm.cloudsmith.io/vlt/benchmarks/esrecurse 214ms (cache miss)
npm http fetch GET 200 https://npm.cloudsmith.io/vlt/benchmarks/shebang-command 409ms (cache miss)
npm http fetch GET 200 https://npm.cloudsmith.io/vlt/benchmarks/estraverse 191ms (cache miss)
npm http fetch GET 200 https://npm.cloudsmith.io/vlt/benchmarks/acorn 235ms (cache updated)
npm http fetch GET 200 https://npm.cloudsmith.io/vlt/benchmarks/acorn-jsx 224ms (cache miss)
npm http fetch GET 200 https://npm.cloudsmith.io/vlt/benchmarks/estraverse 266ms (cache updated)
npm http fetch GET 200 https://npm.cloudsmith.io/vlt/benchmarks/locate-path 213ms (cache miss)
npm http fetch GET 200 https://npm.cloudsmith.io/vlt/benchmarks/brace-expansion 29ms (cache updated)
npm http fetch GET 200 https://npm.cloudsmith.io/vlt/benchmarks/path-exists 297ms (cache miss)
npm http fetch GET 200 https://npm.cloudsmith.io/vlt/benchmarks/prelude-ls 208ms (cache miss)
npm http fetch GET 200 https://npm.cloudsmith.io/vlt/benchmarks/deep-is 219ms (cache miss)
npm http fetch GET 200 https://npm.cloudsmith.io/vlt/benchmarks/word-wrap 346ms (cache miss)
npm http fetch GET 200 https://npm.cloudsmith.io/vlt/benchmarks/type-check 280ms (cache miss)
npm http fetch GET 200 https://npm.cloudsmith.io/vlt/benchmarks/fast-levenshtein 218ms (cache miss)
npm http fetch GET 200 https://npm.cloudsmith.io/vlt/benchmarks/flat-cache 1953ms (cache miss)
npm http fetch GET 200 https://npm.cloudsmith.io/vlt/benchmarks/argparse 207ms (cache updated)
npm http fetch GET 200 https://npm.cloudsmith.io/vlt/benchmarks/resolve-from 245ms (cache miss)
npm http fetch GET 200 https://npm.cloudsmith.io/vlt/benchmarks/parent-module 3186ms (cache miss)
npm http fetch GET 200 https://npm.cloudsmith.io/vlt/benchmarks/type-check 20ms (cache updated)
npm http fetch GET 200 https://npm.cloudsmith.io/vlt/benchmarks/isexe 234ms (cache miss)
npm http fetch GET 200 https://npm.cloudsmith.io/vlt/benchmarks/shebang-regex 255ms (cache miss)
npm http fetch GET 200 https://npm.cloudsmith.io/vlt/benchmarks/eslint 407ms (cache updated)
npm http fetch GET 200 https://npm.cloudsmith.io/vlt/benchmarks/eslint 3575ms (cache updated)
npm http fetch GET 200 https://npm.cloudsmith.io/vlt/benchmarks/eslint-config-prettier 204ms (cache updated)
npm http fetch GET 200 https://npm.cloudsmith.io/vlt/benchmarks/@eslint%2fcore 246ms (cache updated)
npm http fetch GET 200 https://npm.cloudsmith.io/vlt/benchmarks/ignore 220ms (cache updated)
npm http fetch GET 200 https://npm.cloudsmith.io/vlt/benchmarks/escape-string-regexp 562ms (cache updated)
npm http fetch GET 200 https://npm.cloudsmith.io/vlt/benchmarks/lodash.kebabcase 191ms (cache miss)
npm http fetch GET 200 https://npm.cloudsmith.io/vlt/benchmarks/lodash.camelcase 517ms (cache miss)
npm http fetch GET 200 https://npm.cloudsmith.io/vlt/benchmarks/browserslist 1193ms (cache updated)
npm http fetch GET 200 https://npm.cloudsmith.io/vlt/benchmarks/lodash.upperfirst 372ms (cache miss)
npm http fetch GET 200 https://npm.cloudsmith.io/vlt/benchmarks/array-includes 195ms (cache updated)
npm http fetch GET 200 https://npm.cloudsmith.io/vlt/benchmarks/array.prototype.flatmap 208ms (cache updated)
npm http fetch GET 200 https://npm.cloudsmith.io/vlt/benchmarks/ast-types-flow 197ms (cache miss)
npm http fetch GET 200 https://npm.cloudsmith.io/vlt/benchmarks/axe-core 344ms (cache miss)
npm http fetch GET 200 https://npm.cloudsmith.io/vlt/benchmarks/damerau-levenshtein 355ms (cache miss)
npm http fetch GET 200 https://npm.cloudsmith.io/vlt/benchmarks/emoji-regex 260ms (cache updated)
npm http fetch GET 200 https://npm.cloudsmith.io/vlt/benchmarks/jsx-ast-utils 198ms (cache updated)
npm http fetch GET 200 https://npm.cloudsmith.io/vlt/benchmarks/language-tags 325ms (cache miss)
npm http fetch GET 200 https://npm.cloudsmith.io/vlt/benchmarks/safe-regex-test 212ms (cache miss)
npm http fetch GET 200 https://npm.cloudsmith.io/vlt/benchmarks/lodash.snakecase 2600ms (cache miss)
npm http fetch GET 200 https://npm.cloudsmith.io/vlt/benchmarks/prettier-linter-helpers 194ms (cache updated)
npm http fetch GET 200 https://npm.cloudsmith.io/vlt/benchmarks/string.prototype.includes 246ms (cache miss)
npm http fetch GET 200 https://npm.cloudsmith.io/vlt/benchmarks/array-includes 30ms (cache updated)
npm http fetch GET 200 https://npm.cloudsmith.io/vlt/benchmarks/synckit 205ms (cache updated)
npm http fetch GET 200 https://npm.cloudsmith.io/vlt/benchmarks/array.prototype.flat 203ms (cache updated)
npm http fetch GET 200 https://npm.cloudsmith.io/vlt/benchmarks/axobject-query 3846ms (cache miss)
npm http fetch GET 200 https://npm.cloudsmith.io/vlt/benchmarks/object.values 4159ms (cache updated)
npm http fetch GET 200 https://npm.cloudsmith.io/vlt/benchmarks/object.assign 4683ms (cache miss)
npm http fetch GET 200 https://npm.cloudsmith.io/vlt/benchmarks/baseline-browser-mapping 234ms (cache miss)
npm http fetch GET 200 https://npm.cloudsmith.io/vlt/benchmarks/electron-to-chromium 359ms (cache miss)
npm http fetch GET 200 https://npm.cloudsmith.io/vlt/benchmarks/node-releases 288ms (cache miss)
npm http fetch GET 200 https://npm.cloudsmith.io/vlt/benchmarks/update-browserslist-db 202ms (cache miss)
