Error:   × installing dependencies
  ├─▶ failed to import "/home/runner/.local/share/pnpm/store/v11/
  │   files/68/8bded0158eb202d81f43c2e21a8c3889d0742fc3a625e6e989efe92b1fbb4f8
  │   e5df5739390f3f44b4a803b6b6ff44197e1efa2e0c3784e89178cba4973ca0e" to "/
  │   home/runner/work/benchmarks/benchmarks/fixtures/svelte/
  │   node_modules/.pnpm/aria-hidden@1.2.6/node_modules/aria-hidden/LICENSE":
  │   No such file or directory (os error 2)
  ├─▶ failed to import "/home/runner/.local/share/pnpm/store/v11/
  │   files/68/8bded0158eb202d81f43c2e21a8c3889d0742fc3a625e6e989efe92b1fbb4f8
  │   e5df5739390f3f44b4a803b6b6ff44197e1efa2e0c3784e89178cba4973ca0e" to "/
  │   home/runner/work/benchmarks/benchmarks/fixtures/svelte/
  │   node_modules/.pnpm/aria-hidden@1.2.6/node_modules/aria-hidden/LICENSE":
  │   No such file or directory (os error 2)
  ├─▶ failed to import "/home/runner/.local/share/pnpm/store/v11/
  │   files/68/8bded0158eb202d81f43c2e21a8c3889d0742fc3a625e6e989efe92b1fbb4f8
  │   e5df5739390f3f44b4a803b6b6ff44197e1efa2e0c3784e89178cba4973ca0e" to "/
  │   home/runner/work/benchmarks/benchmarks/fixtures/svelte/
  │   node_modules/.pnpm/aria-hidden@1.2.6/node_modules/aria-hidden/LICENSE":
  │   No such file or directory (os error 2)
  ├─▶ failed to import "/home/runner/.local/share/pnpm/store/v11/
  │   files/68/8bded0158eb202d81f43c2e21a8c3889d0742fc3a625e6e989efe92b1fbb4f8
  │   e5df5739390f3f44b4a803b6b6ff44197e1efa2e0c3784e89178cba4973ca0e" to "/
  │   home/runner/work/benchmarks/benchmarks/fixtures/svelte/
  │   node_modules/.pnpm/aria-hidden@1.2.6/node_modules/aria-hidden/LICENSE":
  │   No such file or directory (os error 2)
  ├─▶ failed to import "/home/runner/.local/share/pnpm/store/v11/
  │   files/68/8bded0158eb202d81f43c2e21a8c3889d0742fc3a625e6e989efe92b1fbb4f8
  │   e5df5739390f3f44b4a803b6b6ff44197e1efa2e0c3784e89178cba4973ca0e" to "/
  │   home/runner/work/benchmarks/benchmarks/fixtures/svelte/
  │   node_modules/.pnpm/aria-hidden@1.2.6/node_modules/aria-hidden/LICENSE":
  │   No such file or directory (os error 2)
  ╰─▶ No such file or directory (os error 2)

