[WARN] Skipping optional dependency @esbuild/android-x64@0.25.12
[WARN] Skipping optional dependency @esbuild/darwin-x64@0.25.12
[WARN] Skipping optional dependency @esbuild/linux-x64@0.25.12
[WARN] Skipping optional dependency @esbuild/openharmony-arm64@0.25.12
[WARN] Skipping optional dependency @esbuild/win32-arm64@0.25.12
[WARN] Skipping optional dependency @rollup/rollup-linux-riscv64-gnu@4.62.2
[WARN] Skipping optional dependency @rollup/rollup-win32-x64-gnu@4.62.2
[WARN] Skipping optional dependency @esbuild/openbsd-x64@0.25.12
[WARN] Skipping optional dependency @esbuild/android-arm@0.25.12
[WARN] Skipping optional dependency @esbuild/linux-ppc64@0.25.12
[WARN] Skipping optional dependency @rollup/rollup-darwin-arm64@4.62.2
[WARN] Skipping optional dependency @rollup/rollup-win32-x64-msvc@4.62.2
[WARN] Skipping optional dependency @rollup/rollup-win32-arm64-msvc@4.62.2
[WARN] Skipping optional dependency @esbuild/netbsd-x64@0.25.12
[WARN] Skipping optional dependency @rollup/rollup-freebsd-arm64@4.62.2
[WARN] Skipping optional dependency @rollup/rollup-linux-x64-musl@4.62.2
[WARN] Skipping optional dependency @rollup/rollup-android-arm64@4.62.2
[WARN] Skipping optional dependency @rollup/rollup-linux-ppc64-gnu@4.62.2
[WARN] Skipping optional dependency @esbuild/netbsd-arm64@0.25.12
[WARN] Skipping optional dependency @rollup/rollup-win32-ia32-msvc@4.62.2
[WARN] Skipping optional dependency @rollup/rollup-android-arm-eabi@4.62.2
[WARN] Skipping optional dependency @esbuild/win32-x64@0.25.12
[WARN] Skipping optional dependency @rollup/rollup-darwin-x64@4.62.2
[WARN] Skipping optional dependency @esbuild/android-arm64@0.25.12
[WARN] Skipping optional dependency @esbuild/linux-loong64@0.25.12
[WARN] Skipping optional dependency @rollup/rollup-freebsd-x64@4.62.2
[WARN] Skipping optional dependency @esbuild/win32-ia32@0.25.12
[WARN] Skipping optional dependency @rollup/rollup-linux-arm-musleabihf@4.62.2
[WARN] Skipping optional dependency @esbuild/linux-s390x@0.25.12
[WARN] Skipping optional dependency @esbuild/linux-ia32@0.25.12
[WARN] Skipping optional dependency fsevents@2.3.3
[WARN] Skipping optional dependency @esbuild/linux-mips64el@0.25.12
[WARN] Skipping optional dependency @esbuild/sunos-x64@0.25.12
[WARN] Skipping optional dependency @rollup/rollup-linux-s390x-gnu@4.62.2
[WARN] Skipping optional dependency @rollup/rollup-linux-loong64-gnu@4.62.2
[WARN] Skipping optional dependency @rollup/rollup-linux-ppc64-musl@4.62.2
[WARN] Skipping optional dependency @esbuild/linux-riscv64@0.25.12
[WARN] Skipping optional dependency @rollup/rollup-linux-arm-gnueabihf@4.62.2
[WARN] Skipping optional dependency @esbuild/linux-arm@0.25.12
[WARN] Skipping optional dependency @rollup/rollup-linux-loong64-musl@4.62.2
[WARN] Skipping optional dependency @rollup/rollup-openbsd-x64@4.62.2
[WARN] Skipping optional dependency @esbuild/darwin-arm64@0.25.12
[WARN] Skipping optional dependency @esbuild/aix-ppc64@0.25.12
[WARN] Skipping optional dependency @esbuild/openbsd-arm64@0.25.12
[WARN] Skipping optional dependency @rollup/rollup-openharmony-arm64@4.62.2
[WARN] Skipping optional dependency @rollup/rollup-linux-x64-gnu@4.62.2
[WARN] Skipping optional dependency @rollup/rollup-linux-riscv64-musl@4.62.2
[WARN] Skipping optional dependency @rollup/rollup-linux-arm64-musl@4.62.2
[WARN] Skipping optional dependency @esbuild/freebsd-arm64@0.25.12
[WARN] Skipping optional dependency @esbuild/freebsd-x64@0.25.12
? Verifying lockfile against supply-chain policies (109 entries)...
Packages: +59
+++++++++++++++++++++++++++++++++++++++++++++++++++++++++++
Packages: +59
+++++++++++++++++++++++++++++++++++++++++++++++++++++++++++
✓ Lockfile passes supply-chain policies (109 entries in 408ms)
Packages are hard linked from the content-addressable store to the virtual store.
  Content-addressable store is at: /home/runner/.local/share/pnpm/store/v11
  Virtual store is at:             node_modules/.pnpm
Progress: resolved 59, reused 0, downloaded 59, added 59, done

devDependencies:
+ @fontsource/fira-mono 5.2.7
+ @neoconfetti/svelte 2.2.2
+ @sveltejs/adapter-auto 3.3.1
+ @sveltejs/kit 2.69.1
+ @sveltejs/vite-plugin-svelte 5.1.1
+ svelte 5.56.4
+ svelte-check 4.7.2
+ typescript 5.9.3
+ vite 6.4.3

Error: ERR_PNPM_IGNORED_BUILDS

  × installing dependencies
  ╰─▶ Ignored build scripts: esbuild@0.25.12
  help: Run "pnpm approve-builds" to pick which dependencies should be allowed
        to run scripts.

