npm http fetch GET 404 https://registry.vlt.io/vlt/npm/pinia 84ms (cache skip)
npm http fetch GET 404 https://registry.vlt.io/vlt/npm/vue 104ms (cache skip)
npm http fetch GET 404 https://registry.vlt.io/vlt/npm/vue-router 102ms (cache skip)
npm http fetch GET 404 https://registry.vlt.io/vlt/npm/@playwright%2ftest 98ms (cache skip)
npm http fetch GET 404 https://registry.vlt.io/vlt/npm/@tsconfig%2fnode22 57ms (cache skip)
npm http fetch GET 404 https://registry.vlt.io/vlt/npm/@types%2fjsdom 57ms (cache skip)
npm http fetch GET 404 https://registry.vlt.io/vlt/npm/@types%2fnode 55ms (cache skip)
npm http fetch GET 404 https://registry.vlt.io/vlt/npm/@vitejs%2fplugin-vue 54ms (cache skip)
npm http fetch GET 404 https://registry.vlt.io/vlt/npm/@vitejs%2fplugin-vue-jsx 56ms (cache skip)
npm http fetch GET 404 https://registry.vlt.io/vlt/npm/@vitest%2feslint-plugin 58ms (cache skip)
npm http fetch GET 404 https://registry.vlt.io/vlt/npm/@vue%2feslint-config-prettier 57ms (cache skip)
npm http fetch GET 404 https://registry.vlt.io/vlt/npm/@vue%2feslint-config-typescript 58ms (cache skip)
npm http fetch GET 404 https://registry.vlt.io/vlt/npm/@vue%2ftest-utils 54ms (cache skip)
npm http fetch GET 404 https://registry.vlt.io/vlt/npm/@vue%2ftsconfig 53ms (cache skip)
npm http fetch GET 404 https://registry.vlt.io/vlt/npm/eslint 58ms (cache skip)
npm http fetch GET 404 https://registry.vlt.io/vlt/npm/eslint-plugin-playwright 57ms (cache skip)
npm http fetch GET 404 https://registry.vlt.io/vlt/npm/eslint-plugin-vue 56ms (cache skip)
npm http fetch GET 404 https://registry.vlt.io/vlt/npm/jsdom 57ms (cache skip)
npm http fetch GET 404 https://registry.vlt.io/vlt/npm/npm-run-all2 71ms (cache skip)
npm http fetch GET 404 https://registry.vlt.io/vlt/npm/prettier 55ms (cache skip)
npm http fetch GET 404 https://registry.vlt.io/vlt/npm/typescript 56ms (cache skip)
npm http fetch GET 404 https://registry.vlt.io/vlt/npm/vite 61ms (cache skip)
npm http fetch GET 404 https://registry.vlt.io/vlt/npm/vite-plugin-vue-devtools 56ms (cache skip)
npm http fetch GET 404 https://registry.vlt.io/vlt/npm/vitest 58ms (cache skip)
npm http fetch GET 404 https://registry.vlt.io/vlt/npm/vue-tsc 57ms (cache skip)
npm error code E404
npm error 404 Not Found - GET https://registry.vlt.io/vlt/npm/@playwright%2ftest - Package not found
npm error 404
npm error 404  The requested resource '@playwright/test@^1.49.0' could not be found or you do not have permission to access it.
npm error 404
npm error 404 Note that you can also install from a
npm error 404 tarball, folder, http url, or git url.
npm error A complete log of this run can be found in: /home/runner/.npm/_logs/2026-05-10T10_47_06_700Z-debug-0.log
