[zpm prepare]
cwd:
/home/runner/work/benchmarks/benchmarks/fixtures/vue
package.json:
-rw-r--r-- 1 runner runner 1300 Jun 17 12:13 package.json
yarn path:
/home/runner/.yarn/switch/bin/yarn
yarn version:
4.17.0
canary version:
6.0.0-rc.18
packageManager (before):
"yarn@4.17.0"
set packageManager=yarn@6.0.0-rc.18:
packageManager (after):
"yarn@6.0.0-rc.18"
[zpm prepare]
cwd:
/home/runner/work/benchmarks/benchmarks/fixtures/vue
package.json:
-rw-r--r-- 1 runner runner 1266 Jun 17 12:13 package.json
yarn path:
/home/runner/.yarn/switch/bin/yarn
yarn version:
1.22.22
canary version:
6.0.0-rc.18
packageManager (before):
{}
set packageManager=yarn@6.0.0-rc.18:
packageManager (after):
"yarn@6.0.0-rc.18"
[zpm prepare]
cwd:
/home/runner/work/benchmarks/benchmarks/fixtures/vue
package.json:
-rw-r--r-- 1 runner runner 1266 Jun 17 12:13 package.json
yarn path:
/home/runner/.yarn/switch/bin/yarn
yarn version:
1.22.22
canary version:
6.0.0-rc.18
packageManager (before):
{}
set packageManager=yarn@6.0.0-rc.18:
packageManager (after):
"yarn@6.0.0-rc.18"
[zpm prepare]
cwd:
/home/runner/work/benchmarks/benchmarks/fixtures/vue
package.json:
-rw-r--r-- 1 runner runner 1266 Jun 17 12:13 package.json
yarn path:
/home/runner/.yarn/switch/bin/yarn
yarn version:
1.22.22
canary version:
6.0.0-rc.18
packageManager (before):
{}
set packageManager=yarn@6.0.0-rc.18:
packageManager (after):
"yarn@6.0.0-rc.18"
[zpm prepare]
cwd:
/home/runner/work/benchmarks/benchmarks/fixtures/vue
package.json:
-rw-r--r-- 1 runner runner 1266 Jun 17 12:13 package.json
yarn path:
/home/runner/.yarn/switch/bin/yarn
yarn version:
1.22.22
canary version:
6.0.0-rc.18
packageManager (before):
{}
set packageManager=yarn@6.0.0-rc.18:
packageManager (after):
"yarn@6.0.0-rc.18"
[zpm prepare]
cwd:
/home/runner/work/benchmarks/benchmarks/fixtures/vue
package.json:
-rw-r--r-- 1 runner runner 1266 Jun 17 12:13 package.json
yarn path:
/home/runner/.yarn/switch/bin/yarn
yarn version:
1.22.22
canary version:
6.0.0-rc.18
packageManager (before):
{}
set packageManager=yarn@6.0.0-rc.18:
packageManager (after):
"yarn@6.0.0-rc.18"
[zpm prepare]
cwd:
/home/runner/work/benchmarks/benchmarks/fixtures/vue
package.json:
-rw-r--r-- 1 runner runner 1266 Jun 17 12:13 package.json
yarn path:
/home/runner/.yarn/switch/bin/yarn
yarn version:
1.22.22
canary version:
6.0.0-rc.18
packageManager (before):
{}
set packageManager=yarn@6.0.0-rc.18:
packageManager (after):
"yarn@6.0.0-rc.18"
[zpm prepare]
cwd:
/home/runner/work/benchmarks/benchmarks/fixtures/vue
package.json:
-rw-r--r-- 1 runner runner 1301 Jun 17 12:22 package.json
yarn path:
/home/runner/.yarn/switch/bin/yarn
yarn version:
4.17.0
canary version:
6.0.0-rc.18
packageManager (before):
"yarn@4.17.0"
set packageManager=yarn@6.0.0-rc.18:
packageManager (after):
"yarn@6.0.0-rc.18"
