security-archive: failed to find node for @babel/code-frame@undefined found in the response.
security-archive: failed to find node for @babel/parser@undefined found in the response.
security-archive: failed to find node for @babel/traverse@undefined found in the response.
security-archive: failed to find node for @babel/types@undefined found in the response.
security-archive: failed to find node for @babel/core@undefined found in the response.
security-archive: failed to find node for @babel/helper-module-imports@undefined found in the response.
security-archive: failed to find node for @rtsao/scc@undefined found in the response.
security-archive: failed to find node for @eslint-community/eslint-utils@undefined found in the response.
security-archive: failed to find node for @eslint-community/regexpp@undefined found in the response.
security-archive: failed to find node for @eslint/eslintrc@undefined found in the response.
security-archive: failed to find node for @eslint/js@undefined found in the response.
security-archive: failed to find node for @humanwhocodes/config-array@undefined found in the response.
security-archive: failed to find node for @humanwhocodes/module-importer@undefined found in the response.
security-archive: failed to find node for @nodelib/fs.walk@undefined found in the response.
security-archive: failed to find node for @ungap/structured-clone@undefined found in the response.
security-archive: failed to find node for @babel/runtime@undefined found in the response.
security-archive: failed to find node for @react-dnd/invariant@undefined found in the response.
security-archive: failed to find node for @react-dnd/shallowequal@undefined found in the response.
security-archive: failed to find node for @remix-run/router@undefined found in the response.
security-archive: failed to find node for @types/sortablejs@undefined found in the response.
security-archive: failed to find node for @floating-ui/dom@undefined found in the response.
security-archive: failed to find node for @csstools/css-parser-algorithms@undefined found in the response.
security-archive: failed to find node for @csstools/css-syntax-patches-for-csstree@undefined found in the response.
security-archive: failed to find node for @csstools/css-tokenizer@undefined found in the response.
security-archive: failed to find node for @csstools/media-query-list-parser@undefined found in the response.
security-archive: failed to find node for @csstools/selector-specificity@undefined found in the response.
security-archive: failed to find node for @dual-bundle/import-meta-resolve@undefined found in the response.
security-archive: failed to find node for @discoveryjs/json-ext@undefined found in the response.
security-archive: failed to find node for @babel/helper-validator-identifier@undefined found in the response.
security-archive: failed to find node for @babel/generator@undefined found in the response.
security-archive: failed to find node for @babel/helper-globals@undefined found in the response.
security-archive: failed to find node for @babel/template@undefined found in the response.
security-archive: failed to find node for @babel/helper-string-parser@undefined found in the response.
security-archive: failed to find node for @babel/helper-compilation-targets@undefined found in the response.
security-archive: failed to find node for @babel/helper-module-transforms@undefined found in the response.
security-archive: failed to find node for @babel/helpers@undefined found in the response.
security-archive: failed to find node for @jridgewell/remapping@undefined found in the response.
security-archive: failed to find node for @types/estree@undefined found in the response.
security-archive: failed to find node for @types/json-schema@undefined found in the response.
security-archive: failed to find node for @webassemblyjs/ast@undefined found in the response.
security-archive: failed to find node for @webassemblyjs/wasm-edit@undefined found in the response.
security-archive: failed to find node for @webassemblyjs/wasm-parser@undefined found in the response.
security-archive: failed to find node for @types/glob@undefined found in the response.
security-archive: failed to find node for @types/json5@undefined found in the response.
security-archive: failed to find node for @humanwhocodes/object-schema@undefined found in the response.
security-archive: failed to find node for @nodelib/fs.scandir@undefined found in the response.
security-archive: failed to find node for @pkgjs/parseargs@undefined found in the response.
security-archive: failed to find node for @isaacs/cliui@undefined found in the response.
security-archive: failed to find node for @react-dnd/asap@undefined found in the response.
security-archive: failed to find node for @types/resize-observer-browser@undefined found in the response.
security-archive: failed to find node for @floating-ui/core@undefined found in the response.
security-archive: failed to find node for @floating-ui/utils@undefined found in the response.
security-archive: failed to find node for @nodelib/fs.stat@undefined found in the response.
security-archive: failed to find node for @paralleldrive/cuid2@undefined found in the response.
security-archive: failed to find node for @polka/url@undefined found in the response.
security-archive: failed to find node for @jridgewell/gen-mapping@undefined found in the response.
security-archive: failed to find node for @jridgewell/trace-mapping@undefined found in the response.
security-archive: failed to find node for @babel/compat-data@undefined found in the response.
security-archive: failed to find node for @babel/helper-validator-option@undefined found in the response.
security-archive: failed to find node for @webassemblyjs/helper-numbers@undefined found in the response.
security-archive: failed to find node for @webassemblyjs/helper-wasm-bytecode@undefined found in the response.
security-archive: failed to find node for @webassemblyjs/helper-buffer@undefined found in the response.
security-archive: failed to find node for @webassemblyjs/helper-wasm-section@undefined found in the response.
security-archive: failed to find node for @webassemblyjs/wasm-gen@undefined found in the response.
security-archive: failed to find node for @webassemblyjs/wasm-opt@undefined found in the response.
security-archive: failed to find node for @webassemblyjs/wast-printer@undefined found in the response.
security-archive: failed to find node for @webassemblyjs/helper-api-error@undefined found in the response.
security-archive: failed to find node for @webassemblyjs/ieee754@undefined found in the response.
security-archive: failed to find node for @webassemblyjs/leb128@undefined found in the response.
security-archive: failed to find node for @webassemblyjs/utf8@undefined found in the response.
security-archive: failed to find node for @types/minimatch@undefined found in the response.
security-archive: failed to find node for @types/node@undefined found in the response.
security-archive: failed to find node for @noble/hashes@undefined found in the response.
security-archive: failed to find node for @jridgewell/sourcemap-codec@undefined found in the response.
security-archive: failed to find node for @jridgewell/resolve-uri@undefined found in the response.
security-archive: failed to find node for @webassemblyjs/floating-point-hex-parser@undefined found in the response.
security-archive: failed to find node for @xtuc/long@undefined found in the response.
security-archive: failed to find node for @xtuc/ieee754@undefined found in the response.
security-archive: failed to find node for @jridgewell/source-map@undefined found in the response.
security-archive: failed to find node for @cacheable/memory@undefined found in the response.
security-archive: failed to find node for @cacheable/utils@undefined found in the response.
security-archive: failed to find node for @keyv/bigmap@undefined found in the response.
security-archive: failed to find node for @keyv/serialize@undefined found in the response.
