npm http fetch GET 200 https://npm.pkg.github.com/vltsandbox/astro 293ms (cache miss)
npm http fetch GET 200 https://npm.pkg.github.com/vltsandbox/dlv 100ms (cache miss)
npm http fetch GET 200 https://npm.pkg.github.com/vltsandbox/clsx 153ms (cache miss)
npm http fetch GET 200 https://npm.pkg.github.com/vltsandbox/diff 85ms (cache miss)
npm http fetch GET 200 https://npm.pkg.github.com/vltsandbox/dset 113ms (cache miss)
npm http fetch GET 200 https://npm.pkg.github.com/vltsandbox/zod 286ms (cache miss)
npm http fetch GET 200 https://npm.pkg.github.com/vltsandbox/svgo 121ms (cache miss)
npm http fetch GET 200 https://npm.pkg.github.com/vltsandbox/boxen 92ms (cache miss)
npm http fetch GET 200 https://npm.pkg.github.com/vltsandbox/acorn 134ms (cache miss)
npm http fetch GET 200 https://npm.pkg.github.com/vltsandbox/debug 91ms (cache miss)
npm http fetch GET 200 https://npm.pkg.github.com/vltsandbox/shiki 119ms (cache miss)
npm http fetch GET 200 https://npm.pkg.github.com/vltsandbox/vfile 123ms (cache miss)
npm http fetch GET 200 https://npm.pkg.github.com/vltsandbox/cssesc 95ms (cache miss)
npm http fetch GET 200 https://npm.pkg.github.com/vltsandbox/cookie 201ms (cache miss)
npm http fetch GET 200 https://npm.pkg.github.com/vltsandbox/mrmime 95ms (cache miss)
npm http fetch GET 200 https://npm.pkg.github.com/vltsandbox/rehype 91ms (cache miss)
npm http fetch GET 200 https://npm.pkg.github.com/vltsandbox/semver 118ms (cache miss)
npm http fetch GET 200 https://npm.pkg.github.com/vltsandbox/vitefu 87ms (cache miss)
npm http fetch GET 200 https://npm.pkg.github.com/vltsandbox/ci-info 95ms (cache miss)
npm http fetch GET 200 https://npm.pkg.github.com/vltsandbox/devalue 99ms (cache miss)
npm http fetch GET 200 https://npm.pkg.github.com/vltsandbox/flattie 102ms (cache miss)
npm http fetch GET 200 https://npm.pkg.github.com/vltsandbox/esbuild 147ms (cache miss)
npm http fetch GET 200 https://npm.pkg.github.com/vltsandbox/fontace 95ms (cache miss)
npm http fetch GET 200 https://npm.pkg.github.com/vltsandbox/js-yaml 83ms (cache miss)
npm http fetch GET 200 https://npm.pkg.github.com/vltsandbox/p-limit 84ms (cache miss)
npm http fetch GET 200 https://npm.pkg.github.com/vltsandbox/p-queue 92ms (cache miss)
npm http fetch GET 200 https://npm.pkg.github.com/vltsandbox/prompts 97ms (cache miss)
npm http fetch GET 200 https://npm.pkg.github.com/vltsandbox/unifont 94ms (cache miss)
npm http fetch GET 200 https://npm.pkg.github.com/vltsandbox/magicast 86ms (cache miss)
npm http fetch GET 200 https://npm.pkg.github.com/vltsandbox/vite 1283ms (cache miss)
npm http fetch GET 200 https://npm.pkg.github.com/vltsandbox/tinyexec 208ms (cache miss)
npm http fetch GET 200 https://npm.pkg.github.com/vltsandbox/tsconfck 158ms (cache miss)
npm http fetch GET 200 https://npm.pkg.github.com/vltsandbox/piccolore 81ms (cache miss)
npm http fetch GET 200 https://npm.pkg.github.com/vltsandbox/smol-toml 85ms (cache miss)
npm http fetch GET 200 https://npm.pkg.github.com/vltsandbox/picomatch 95ms (cache miss)
npm http fetch GET 200 https://npm.pkg.github.com/vltsandbox/zod-to-ts 100ms (cache miss)
npm http fetch GET 200 https://npm.pkg.github.com/vltsandbox/ultrahtml 147ms (cache miss)
npm http fetch GET 200 https://npm.pkg.github.com/vltsandbox/unstorage 133ms (cache miss)
npm http fetch GET 200 https://npm.pkg.github.com/vltsandbox/aria-query 79ms (cache miss)
npm http fetch GET 200 https://npm.pkg.github.com/vltsandbox/neotraverse 80ms (cache miss)
npm http fetch GET 200 https://npm.pkg.github.com/vltsandbox/tinyglobby 131ms (cache miss)
npm http fetch GET 200 https://npm.pkg.github.com/vltsandbox/xxhash-wasm 92ms (cache miss)
npm http fetch GET 200 https://npm.pkg.github.com/vltsandbox/html-escaper 80ms (cache miss)
npm http fetch GET 200 https://npm.pkg.github.com/vltsandbox/magic-string 113ms (cache miss)
npm http fetch GET 200 https://npm.pkg.github.com/vltsandbox/yargs-parser 118ms (cache miss)
npm http fetch GET 200 https://npm.pkg.github.com/vltsandbox/estree-walker 113ms (cache miss)
npm http fetch GET 200 https://npm.pkg.github.com/vltsandbox/axobject-query 97ms (cache miss)
npm http fetch GET 200 https://npm.pkg.github.com/vltsandbox/yocto-spinner 201ms (cache miss)
npm http fetch GET 200 https://npm.pkg.github.com/vltsandbox/es-module-lexer 96ms (cache miss)
npm http fetch GET 200 https://npm.pkg.github.com/vltsandbox/@oslojs%2fencoding 97ms (cache miss)
npm http fetch GET 200 https://npm.pkg.github.com/vltsandbox/github-slugger 266ms (cache miss)
npm http fetch GET 200 https://npm.pkg.github.com/vltsandbox/unist-util-visit 109ms (cache miss)
npm http fetch GET 200 https://npm.pkg.github.com/vltsandbox/@astrojs%2ftelemetry 107ms (cache miss)
npm http fetch GET 200 https://npm.pkg.github.com/vltsandbox/@capsizecss%2funpack 97ms (cache miss)
npm http fetch GET 200 https://npm.pkg.github.com/vltsandbox/@astrojs%2fcompiler 151ms (cache miss)
npm http fetch GET 200 https://npm.pkg.github.com/vltsandbox/zod-to-json-schema 99ms (cache miss)
npm http fetch GET 200 https://npm.pkg.github.com/vltsandbox/import-meta-resolve 87ms (cache miss)
npm http fetch GET 200 https://npm.pkg.github.com/vltsandbox/@rollup%2fpluginutils 123ms (cache miss)
npm http fetch GET 200 https://npm.pkg.github.com/vltsandbox/common-ancestor-path 98ms (cache miss)
npm http fetch GET 200 https://npm.pkg.github.com/vltsandbox/http-cache-semantics 85ms (cache miss)
npm http fetch GET 200 https://npm.pkg.github.com/vltsandbox/@astrojs%2fmarkdown-remark 106ms (cache miss)
npm http fetch GET 200 https://npm.pkg.github.com/vltsandbox/package-manager-detector 109ms (cache miss)
npm http fetch GET 200 https://npm.pkg.github.com/vltsandbox/@astrojs%2finternal-helpers 120ms (cache miss)
npm http fetch GET 200 https://npm.pkg.github.com/vltsandbox/deterministic-object-hash 93ms (cache miss)
npm http fetch GET 200 https://npm.pkg.github.com/vltsandbox/sharp 108ms (cache miss)
npm http fetch GET 200 https://npm.pkg.github.com/vltsandbox/@types%2fnode 290ms (cache miss)
npm http fetch GET 200 https://npm.pkg.github.com/vltsandbox/jiti 95ms (cache miss)
npm http fetch GET 200 https://npm.pkg.github.com/vltsandbox/less 116ms (cache miss)
npm http fetch GET 200 https://npm.pkg.github.com/vltsandbox/lightningcss 101ms (cache miss)
npm http fetch GET 200 https://npm.pkg.github.com/vltsandbox/sass 106ms (cache miss)
npm http fetch GET 200 https://npm.pkg.github.com/vltsandbox/sass-embedded 102ms (cache miss)
npm http fetch GET 200 https://npm.pkg.github.com/vltsandbox/stylus 98ms (cache miss)
npm http fetch GET 200 https://npm.pkg.github.com/vltsandbox/sugarss 101ms (cache miss)
npm http fetch GET 200 https://npm.pkg.github.com/vltsandbox/postcss 138ms (cache miss)
npm http fetch GET 200 https://npm.pkg.github.com/vltsandbox/terser 119ms (cache miss)
npm http fetch GET 200 https://npm.pkg.github.com/vltsandbox/tsx 117ms (cache miss)
npm http fetch GET 200 https://npm.pkg.github.com/vltsandbox/yaml 103ms (cache miss)
npm http fetch GET 200 https://npm.pkg.github.com/vltsandbox/typescript 463ms (cache miss)
npm http fetch GET 200 https://npm.pkg.github.com/vltsandbox/@azure%2fapp-configuration 169ms (cache miss)
npm http fetch GET 200 https://npm.pkg.github.com/vltsandbox/@azure%2fcosmos 224ms (cache miss)
npm http fetch GET 200 https://npm.pkg.github.com/vltsandbox/@azure%2fdata-tables 202ms (cache miss)
npm http fetch GET 200 https://npm.pkg.github.com/vltsandbox/@azure%2fidentity 216ms (cache miss)
npm http fetch GET 200 https://npm.pkg.github.com/vltsandbox/@azure%2fkeyvault-secrets 165ms (cache miss)
npm http fetch GET 200 https://npm.pkg.github.com/vltsandbox/@azure%2fstorage-blob 161ms (cache miss)
npm http fetch GET 200 https://npm.pkg.github.com/vltsandbox/@capacitor%2fpreferences 173ms (cache miss)
npm http fetch GET 200 https://npm.pkg.github.com/vltsandbox/@capacitor%2fcore 228ms (cache miss)
npm http fetch GET 200 https://npm.pkg.github.com/vltsandbox/@deno%2fkv 136ms (cache miss)
npm http fetch GET 200 https://npm.pkg.github.com/vltsandbox/@netlify%2fblobs 114ms (cache miss)
npm http fetch GET 200 https://npm.pkg.github.com/vltsandbox/@planetscale%2fdatabase 113ms (cache miss)
npm http fetch GET 200 https://npm.pkg.github.com/vltsandbox/@upstash%2fredis 169ms (cache miss)
npm http fetch GET 200 https://npm.pkg.github.com/vltsandbox/@vercel%2fblob 174ms (cache miss)
npm http fetch GET 200 https://npm.pkg.github.com/vltsandbox/@vercel%2ffunctions 209ms (cache miss)
npm http fetch GET 200 https://npm.pkg.github.com/vltsandbox/@aws-sdk%2fcredential-provider-web-identity 118ms (cache miss)
npm http fetch GET 200 https://npm.pkg.github.com/vltsandbox/@vercel%2fkv 120ms (cache miss)
npm http fetch GET 200 https://npm.pkg.github.com/vltsandbox/aws4fetch 318ms (cache miss)
npm http fetch GET 200 https://npm.pkg.github.com/vltsandbox/db0 82ms (cache miss)
npm http fetch GET 200 https://npm.pkg.github.com/vltsandbox/@electric-sql%2fpglite 118ms (cache miss)
npm http fetch GET 200 https://npm.pkg.github.com/vltsandbox/@libsql%2fclient 117ms (cache miss)
npm http fetch GET 200 https://npm.pkg.github.com/vltsandbox/better-sqlite3 88ms (cache miss)
npm http fetch GET 200 https://npm.pkg.github.com/vltsandbox/drizzle-orm 6536ms (cache miss)
npm http fetch GET 200 https://npm.pkg.github.com/vltsandbox/@aws-sdk%2fclient-rds-data 207ms (cache miss)
npm http fetch GET 200 https://npm.pkg.github.com/vltsandbox/@cloudflare%2fworkers-types 137ms (cache miss)
npm http fetch GET 200 https://npm.pkg.github.com/vltsandbox/@libsql%2fclient-wasm 151ms (cache miss)
npm http fetch GET 200 https://npm.pkg.github.com/vltsandbox/@neondatabase%2fserverless 127ms (cache miss)
npm http fetch GET 200 https://npm.pkg.github.com/vltsandbox/@op-engineering%2fop-sqlite 113ms (cache miss)
npm http fetch GET 200 https://npm.pkg.github.com/vltsandbox/@sqlite.org%2fsqlite-wasm 124ms (cache miss)
npm http fetch GET 200 https://npm.pkg.github.com/vltsandbox/react 218ms (cache miss)
npm http fetch GET 200 https://npm.pkg.github.com/vltsandbox/react-native 331ms (cache miss)
npm http fetch GET 200 https://npm.pkg.github.com/vltsandbox/@react-native%2fjest-preset 116ms (cache miss)
npm http fetch GET 200 https://npm.pkg.github.com/vltsandbox/@types%2freact 169ms (cache miss)
npm http fetch GET 200 https://npm.pkg.github.com/vltsandbox/@opentelemetry%2fapi 109ms (cache miss)
npm http fetch GET 200 https://npm.pkg.github.com/vltsandbox/@prisma%2fclient 966ms (cache miss)
npm http fetch GET 200 https://npm.pkg.github.com/vltsandbox/prisma 1262ms (cache miss)
npm http fetch GET 200 https://npm.pkg.github.com/vltsandbox/typescript 403ms (cache updated)
npm http fetch GET 200 https://npm.pkg.github.com/vltsandbox/@tidbcloud%2fserverless 94ms (cache miss)
npm http fetch GET 200 https://npm.pkg.github.com/vltsandbox/@types%2fbetter-sqlite3 92ms (cache miss)
npm http fetch GET 200 https://npm.pkg.github.com/vltsandbox/@types%2fpg 138ms (cache miss)
npm http fetch GET 200 https://npm.pkg.github.com/vltsandbox/@types%2fsql.js 120ms (cache miss)
npm http fetch GET 200 https://npm.pkg.github.com/vltsandbox/@vercel%2fpostgres 123ms (cache miss)
npm http fetch GET 200 https://npm.pkg.github.com/vltsandbox/@xata.io%2fclient 357ms (cache miss)
npm http fetch GET 200 https://npm.pkg.github.com/vltsandbox/bun-types 174ms (cache miss)
npm http fetch GET 200 https://npm.pkg.github.com/vltsandbox/expo-sqlite 129ms (cache miss)
npm http fetch GET 200 https://npm.pkg.github.com/vltsandbox/expo 189ms (cache miss)
npm http fetch GET 200 https://npm.pkg.github.com/vltsandbox/@expo%2fdom-webview 116ms (cache miss)
npm http fetch GET 200 https://npm.pkg.github.com/vltsandbox/@expo%2fmetro-runtime 120ms (cache miss)
npm http fetch GET 200 https://npm.pkg.github.com/vltsandbox/react-dom 236ms (cache miss)
npm http fetch GET 200 https://npm.pkg.github.com/vltsandbox/react-native-webview 124ms (cache miss)
npm http fetch GET 200 https://npm.pkg.github.com/vltsandbox/gel 111ms (cache miss)
npm http fetch GET 200 https://npm.pkg.github.com/vltsandbox/knex 127ms (cache miss)
npm http fetch GET 200 https://npm.pkg.github.com/vltsandbox/pg-query-stream 82ms (cache miss)
npm http fetch GET 200 https://npm.pkg.github.com/vltsandbox/pg 103ms (cache miss)
npm http fetch GET 200 https://npm.pkg.github.com/vltsandbox/pg-native 88ms (cache miss)
npm http fetch GET 200 https://npm.pkg.github.com/vltsandbox/kysely 100ms (cache miss)
npm http fetch GET 200 https://npm.pkg.github.com/vltsandbox/mysql2 127ms (cache miss)
npm http fetch GET 200 https://npm.pkg.github.com/vltsandbox/@types%2fnode 258ms (cache updated)
npm http fetch GET 200 https://npm.pkg.github.com/vltsandbox/postgres 101ms (cache miss)
npm http fetch GET 200 https://npm.pkg.github.com/vltsandbox/sql.js 88ms (cache miss)
npm http fetch GET 200 https://npm.pkg.github.com/vltsandbox/sqlite3 96ms (cache miss)
npm http fetch GET 200 https://npm.pkg.github.com/vltsandbox/idb-keyval 89ms (cache miss)
npm http fetch GET 200 https://npm.pkg.github.com/vltsandbox/ioredis 111ms (cache miss)
npm http fetch GET 200 https://npm.pkg.github.com/vltsandbox/uploadthing 103ms (cache miss)
npm http fetch GET 200 https://npm.pkg.github.com/vltsandbox/express 127ms (cache miss)
npm http fetch GET 200 https://npm.pkg.github.com/vltsandbox/h3 123ms (cache miss)
npm http fetch GET 200 https://npm.pkg.github.com/vltsandbox/crossws 88ms (cache miss)
npm http fetch GET 200 https://npm.pkg.github.com/vltsandbox/srvx 98ms (cache miss)
npm http fetch GET 200 https://npm.pkg.github.com/vltsandbox/tailwindcss 250ms (cache miss)
npm http fetch GET 200 https://npm.pkg.github.com/vltsandbox/typescript 328ms (cache updated)
npm http fetch GET 200 https://npm.pkg.github.com/vltsandbox/rollup 190ms (cache miss)
npm http fetch GET 200 https://npm.pkg.github.com/vltsandbox/rehype-raw 92ms (cache miss)
npm http fetch GET 200 https://npm.pkg.github.com/vltsandbox/remark-gfm 93ms (cache miss)
npm http fetch GET 200 https://npm.pkg.github.com/vltsandbox/remark-parse 100ms (cache miss)
npm http fetch GET 200 https://npm.pkg.github.com/vltsandbox/@astrojs%2fprism 96ms (cache miss)
npm http fetch GET 200 https://npm.pkg.github.com/vltsandbox/unified 315ms (cache miss)
npm http fetch GET 200 https://npm.pkg.github.com/vltsandbox/remark-rehype 247ms (cache miss)
npm http fetch GET 200 https://npm.pkg.github.com/vltsandbox/rehype-stringify 127ms (cache miss)
npm http fetch GET 200 https://npm.pkg.github.com/vltsandbox/remark-smartypants 110ms (cache miss)
npm http fetch GET 200 https://npm.pkg.github.com/vltsandbox/hast-util-from-html 99ms (cache miss)
npm http fetch GET 200 https://npm.pkg.github.com/vltsandbox/hast-util-to-text 227ms (cache miss)
npm http fetch GET 200 https://npm.pkg.github.com/vltsandbox/mdast-util-definitions 114ms (cache miss)
npm http fetch GET 200 https://npm.pkg.github.com/vltsandbox/unist-util-visit-parents 99ms (cache miss)
npm http fetch GET 200 https://npm.pkg.github.com/vltsandbox/unist-util-remove-position 87ms (cache miss)
npm http fetch GET 200 https://npm.pkg.github.com/vltsandbox/debug 105ms (cache updated)
npm http fetch GET 200 https://npm.pkg.github.com/vltsandbox/is-wsl 100ms (cache miss)
npm http fetch GET 200 https://npm.pkg.github.com/vltsandbox/ci-info 132ms (cache updated)
npm http fetch GET 200 https://npm.pkg.github.com/vltsandbox/is-docker 97ms (cache miss)
npm http fetch GET 200 https://npm.pkg.github.com/vltsandbox/which-pm-runs 97ms (cache miss)
npm http fetch GET 200 https://npm.pkg.github.com/vltsandbox/@types%2festree 92ms (cache miss)
npm http fetch GET 200 https://npm.pkg.github.com/vltsandbox/fontkitten 126ms (cache miss)
npm http fetch GET 200 https://npm.pkg.github.com/vltsandbox/picomatch 93ms (cache updated)
npm http fetch GET 200 https://npm.pkg.github.com/vltsandbox/ansi-align 97ms (cache miss)
npm http fetch GET 200 https://npm.pkg.github.com/vltsandbox/camelcase 89ms (cache miss)
npm http fetch GET 200 https://npm.pkg.github.com/vltsandbox/estree-walker 275ms (cache updated)
npm http fetch GET 200 https://npm.pkg.github.com/vltsandbox/chalk 104ms (cache miss)
npm http fetch GET 200 https://npm.pkg.github.com/vltsandbox/string-width 160ms (cache miss)
npm http fetch GET 200 https://npm.pkg.github.com/vltsandbox/type-fest 163ms (cache miss)
npm http fetch GET 200 https://npm.pkg.github.com/vltsandbox/cli-boxes 267ms (cache miss)
npm http fetch GET 200 https://npm.pkg.github.com/vltsandbox/widest-line 116ms (cache miss)
npm http fetch GET 200 https://npm.pkg.github.com/vltsandbox/wrap-ansi 120ms (cache miss)
npm http fetch GET 200 https://npm.pkg.github.com/vltsandbox/ms 105ms (cache miss)
npm http fetch GET 200 https://npm.pkg.github.com/vltsandbox/base-64 93ms (cache miss)
npm http fetch GET 200 https://npm.pkg.github.com/vltsandbox/@esbuild%2faix-ppc64 137ms (cache miss)
npm http fetch GET 200 https://npm.pkg.github.com/vltsandbox/@esbuild%2flinux-arm 125ms (cache miss)
npm http fetch GET 200 https://npm.pkg.github.com/vltsandbox/@esbuild%2fsunos-x64 101ms (cache miss)
npm http fetch GET 200 https://npm.pkg.github.com/vltsandbox/@esbuild%2flinux-x64 160ms (cache miss)
npm http fetch GET 200 https://npm.pkg.github.com/vltsandbox/@esbuild%2fwin32-x64 109ms (cache miss)
npm http fetch GET 200 https://npm.pkg.github.com/vltsandbox/@esbuild%2fdarwin-x64 115ms (cache miss)
npm http fetch GET 200 https://npm.pkg.github.com/vltsandbox/@esbuild%2flinux-ia32 117ms (cache miss)
npm http fetch GET 200 https://npm.pkg.github.com/vltsandbox/@esbuild%2fnetbsd-x64 165ms (cache miss)
npm http fetch GET 200 https://npm.pkg.github.com/vltsandbox/@esbuild%2fandroid-arm 116ms (cache miss)
npm http fetch GET 200 https://npm.pkg.github.com/vltsandbox/@esbuild%2fwin32-ia32 140ms (cache miss)
npm http fetch GET 200 https://npm.pkg.github.com/vltsandbox/@esbuild%2fandroid-x64 110ms (cache miss)
npm http fetch GET 200 https://npm.pkg.github.com/vltsandbox/@esbuild%2ffreebsd-x64 113ms (cache miss)
npm http fetch GET 200 https://npm.pkg.github.com/vltsandbox/@esbuild%2flinux-arm64 140ms (cache miss)
npm http fetch GET 200 https://npm.pkg.github.com/vltsandbox/@esbuild%2flinux-ppc64 130ms (cache miss)
npm http fetch GET 200 https://npm.pkg.github.com/vltsandbox/@esbuild%2flinux-s390x 116ms (cache miss)
npm http fetch GET 200 https://npm.pkg.github.com/vltsandbox/@esbuild%2fwin32-arm64 105ms (cache miss)
npm http fetch GET 200 https://npm.pkg.github.com/vltsandbox/@esbuild%2fopenbsd-x64 154ms (cache miss)
npm http fetch GET 200 https://npm.pkg.github.com/vltsandbox/@esbuild%2fandroid-arm64 98ms (cache miss)
npm http fetch GET 200 https://npm.pkg.github.com/vltsandbox/@esbuild%2fnetbsd-arm64 109ms (cache miss)
npm http fetch GET 200 https://npm.pkg.github.com/vltsandbox/@esbuild%2ffreebsd-arm64 109ms (cache miss)
npm http fetch GET 200 https://npm.pkg.github.com/vltsandbox/@esbuild%2flinux-loong64 125ms (cache miss)
npm http fetch GET 200 https://npm.pkg.github.com/vltsandbox/@esbuild%2fdarwin-arm64 354ms (cache miss)
npm http fetch GET 200 https://npm.pkg.github.com/vltsandbox/@esbuild%2flinux-riscv64 156ms (cache miss)
npm http fetch GET 200 https://npm.pkg.github.com/vltsandbox/@esbuild%2flinux-mips64el 128ms (cache miss)
npm http fetch GET 200 https://npm.pkg.github.com/vltsandbox/@esbuild%2fopenharmony-arm64 113ms (cache miss)
npm http fetch GET 200 https://npm.pkg.github.com/vltsandbox/fontkitten 114ms (cache updated)
npm http fetch GET 200 https://npm.pkg.github.com/vltsandbox/argparse 90ms (cache miss)
npm http fetch GET 200 https://npm.pkg.github.com/vltsandbox/@esbuild%2fopenbsd-arm64 347ms (cache miss)
npm http fetch GET 200 https://npm.pkg.github.com/vltsandbox/@babel%2ftypes 117ms (cache miss)
npm http fetch GET 200 https://npm.pkg.github.com/vltsandbox/@jridgewell%2fsourcemap-codec 223ms (cache miss)
npm http fetch GET 200 https://npm.pkg.github.com/vltsandbox/source-map-js 112ms (cache miss)
npm http fetch GET 200 https://npm.pkg.github.com/vltsandbox/yocto-queue 95ms (cache miss)
npm http fetch GET 200 https://npm.pkg.github.com/vltsandbox/@babel%2fparser 269ms (cache miss)
npm http fetch GET 200 https://npm.pkg.github.com/vltsandbox/eventemitter3 112ms (cache miss)
npm http fetch GET 200 https://npm.pkg.github.com/vltsandbox/kleur 129ms (cache miss)
npm http fetch GET 200 https://npm.pkg.github.com/vltsandbox/sisteransi 94ms (cache miss)
npm http fetch GET 200 https://npm.pkg.github.com/vltsandbox/rehype-parse 106ms (cache miss)
npm http fetch GET 200 https://npm.pkg.github.com/vltsandbox/p-timeout 415ms (cache miss)
npm http fetch GET 200 https://npm.pkg.github.com/vltsandbox/rehype-stringify 97ms (cache updated)
npm http fetch GET 200 https://npm.pkg.github.com/vltsandbox/unified 100ms (cache updated)
npm http fetch GET 200 https://npm.pkg.github.com/vltsandbox/@types%2fhast 385ms (cache miss)
npm http fetch GET 200 https://npm.pkg.github.com/vltsandbox/@img%2fcolour 111ms (cache miss)
npm http fetch GET 200 https://npm.pkg.github.com/vltsandbox/@img%2fsharp-linux-arm 95ms (cache miss)
npm http fetch GET 200 https://npm.pkg.github.com/vltsandbox/@img%2fsharp-linux-x64 191ms (cache miss)
npm http fetch GET 200 https://npm.pkg.github.com/vltsandbox/@img%2fsharp-win32-x64 98ms (cache miss)
npm http fetch GET 200 https://npm.pkg.github.com/vltsandbox/@img%2fsharp-darwin-x64 101ms (cache miss)
npm http fetch GET 200 https://npm.pkg.github.com/vltsandbox/detect-libc 529ms (cache miss)
npm http fetch GET 200 https://npm.pkg.github.com/vltsandbox/@img%2fsharp-wasm32 514ms (cache miss)
npm http fetch GET 200 https://npm.pkg.github.com/vltsandbox/@img%2fsharp-linux-arm64 90ms (cache miss)
npm http fetch GET 200 https://npm.pkg.github.com/vltsandbox/@img%2fsharp-linux-s390x 175ms (cache miss)
npm http fetch GET 200 https://npm.pkg.github.com/vltsandbox/@img%2fsharp-linux-ppc64 406ms (cache miss)
npm http fetch GET 200 https://npm.pkg.github.com/vltsandbox/@img%2fsharp-win32-ia32 432ms (cache miss)
npm http fetch GET 200 https://npm.pkg.github.com/vltsandbox/@img%2fsharp-linux-riscv64 101ms (cache miss)
npm http fetch GET 200 https://npm.pkg.github.com/vltsandbox/@img%2fsharp-darwin-arm64 116ms (cache miss)
npm http fetch GET 200 https://npm.pkg.github.com/vltsandbox/@img%2fsharp-win32-arm64 281ms (cache miss)
npm http fetch GET 200 https://npm.pkg.github.com/vltsandbox/@img%2fsharp-linuxmusl-x64 141ms (cache miss)
npm http fetch GET 200 https://npm.pkg.github.com/vltsandbox/@img%2fsharp-linuxmusl-arm64 314ms (cache miss)
npm http fetch GET 200 https://npm.pkg.github.com/vltsandbox/@img%2fsharp-libvips-linux-x64 360ms (cache miss)
npm http fetch GET 200 https://npm.pkg.github.com/vltsandbox/@img%2fsharp-libvips-linux-arm 565ms (cache miss)
npm http fetch GET 200 https://npm.pkg.github.com/vltsandbox/@img%2fsharp-libvips-linux-arm64 113ms (cache miss)
npm http fetch GET 200 https://npm.pkg.github.com/vltsandbox/@img%2fsharp-libvips-darwin-x64 339ms (cache miss)
npm http fetch GET 200 https://npm.pkg.github.com/vltsandbox/@img%2fsharp-libvips-linux-ppc64 99ms (cache miss)
npm http fetch GET 200 https://npm.pkg.github.com/vltsandbox/@img%2fsharp-libvips-darwin-arm64 95ms (cache miss)
npm http fetch GET 200 https://npm.pkg.github.com/vltsandbox/@img%2fsharp-libvips-linuxmusl-x64 112ms (cache miss)
npm http fetch GET 200 https://npm.pkg.github.com/vltsandbox/@img%2fsharp-libvips-linux-s390x 295ms (cache miss)
npm http fetch GET 200 https://npm.pkg.github.com/vltsandbox/@img%2fsharp-libvips-linuxmusl-arm64 93ms (cache miss)
npm http fetch GET 200 https://npm.pkg.github.com/vltsandbox/@types%2fhast 89ms (cache updated)
npm http fetch GET 200 https://npm.pkg.github.com/vltsandbox/@img%2fsharp-libvips-linux-riscv64 413ms (cache miss)
npm http fetch GET 200 https://npm.pkg.github.com/vltsandbox/@shikijs%2ftypes 199ms (cache miss)
npm http fetch GET 200 https://npm.pkg.github.com/vltsandbox/@shikijs%2flangs 310ms (cache miss)
npm http fetch GET 200 https://npm.pkg.github.com/vltsandbox/@shikijs%2fvscode-textmate 128ms (cache miss)
npm http fetch GET 200 https://npm.pkg.github.com/vltsandbox/@shikijs%2fcore 638ms (cache miss)
npm http fetch GET 200 https://npm.pkg.github.com/vltsandbox/@shikijs%2fengine-javascript 102ms (cache miss)
npm http fetch GET 200 https://npm.pkg.github.com/vltsandbox/@shikijs%2fthemes 549ms (cache miss)
npm http fetch GET 200 https://npm.pkg.github.com/vltsandbox/@shikijs%2fengine-oniguruma 579ms (cache miss)
npm http fetch GET 200 https://npm.pkg.github.com/vltsandbox/csso 365ms (cache miss)
npm http fetch GET 200 https://npm.pkg.github.com/vltsandbox/sax 513ms (cache miss)
npm http fetch GET 200 https://npm.pkg.github.com/vltsandbox/css-tree 290ms (cache miss)
npm http fetch GET 200 https://npm.pkg.github.com/vltsandbox/css-what 120ms (cache miss)
npm http fetch GET 200 https://npm.pkg.github.com/vltsandbox/picocolors 91ms (cache miss)
npm http fetch GET 200 https://npm.pkg.github.com/vltsandbox/fdir 85ms (cache miss)
npm http fetch GET 200 https://npm.pkg.github.com/vltsandbox/commander 319ms (cache miss)
npm http fetch GET 200 https://npm.pkg.github.com/vltsandbox/css-select 253ms (cache miss)
npm http fetch GET 200 https://npm.pkg.github.com/vltsandbox/ofetch 90ms (cache miss)
npm http fetch GET 200 https://npm.pkg.github.com/vltsandbox/ohash 97ms (cache miss)
npm http fetch GET 200 https://npm.pkg.github.com/vltsandbox/css-tree 172ms (cache updated)
npm http fetch GET 200 https://npm.pkg.github.com/vltsandbox/@types%2funist 98ms (cache miss)
npm http fetch GET 200 https://npm.pkg.github.com/vltsandbox/unist-util-is 97ms (cache miss)
npm http fetch GET 200 https://npm.pkg.github.com/vltsandbox/unist-util-visit-parents 96ms (cache updated)
npm http fetch GET 200 https://npm.pkg.github.com/vltsandbox/anymatch 89ms (cache miss)
npm http fetch GET 200 https://npm.pkg.github.com/vltsandbox/chokidar 104ms (cache miss)
npm http fetch GET 200 https://npm.pkg.github.com/vltsandbox/destr 101ms (cache miss)
npm http fetch GET 200 https://npm.pkg.github.com/vltsandbox/h3 105ms (cache updated)
npm http fetch GET 200 https://npm.pkg.github.com/vltsandbox/lru-cache 99ms (cache miss)
npm http fetch GET 200 https://npm.pkg.github.com/vltsandbox/node-fetch-native 87ms (cache miss)
npm http fetch GET 200 https://npm.pkg.github.com/vltsandbox/ufo 110ms (cache miss)
npm http fetch GET 200 https://npm.pkg.github.com/vltsandbox/vfile-message 90ms (cache miss)
npm http fetch GET 200 https://npm.pkg.github.com/vltsandbox/fdir 105ms (cache updated)
npm http fetch GET 200 https://npm.pkg.github.com/vltsandbox/postcss 140ms (cache updated)
npm http fetch GET 200 https://npm.pkg.github.com/vltsandbox/esbuild 191ms (cache updated)
npm http fetch GET 200 https://npm.pkg.github.com/vltsandbox/rollup 224ms (cache updated)
npm http fetch GET 200 https://npm.pkg.github.com/vltsandbox/yoctocolors 96ms (cache miss)
npm http fetch GET 200 https://npm.pkg.github.com/vltsandbox/fsevents 128ms (cache miss)
npm http fetch GET 200 https://npm.pkg.github.com/vltsandbox/devlop 85ms (cache miss)
npm http fetch GET 200 https://npm.pkg.github.com/vltsandbox/prismjs 101ms (cache miss)
npm http fetch GET 200 https://npm.pkg.github.com/vltsandbox/hast-util-from-parse5 105ms (cache miss)
npm http fetch GET 200 https://npm.pkg.github.com/vltsandbox/parse5 109ms (cache miss)
npm http fetch GET 200 https://npm.pkg.github.com/vltsandbox/hast-util-is-element 100ms (cache miss)
npm http fetch GET 200 https://npm.pkg.github.com/vltsandbox/unist-util-find-after 101ms (cache miss)
npm http fetch GET 200 https://npm.pkg.github.com/vltsandbox/@types%2fmdast 97ms (cache miss)
npm http fetch GET 200 https://npm.pkg.github.com/vltsandbox/hast-util-to-html 90ms (cache miss)
npm http fetch GET 200 https://npm.pkg.github.com/vltsandbox/hast-util-raw 98ms (cache miss)
npm http fetch GET 200 https://npm.pkg.github.com/vltsandbox/mdast-util-gfm 80ms (cache miss)
npm http fetch GET 200 https://npm.pkg.github.com/vltsandbox/micromark-extension-gfm 93ms (cache miss)
npm http fetch GET 200 https://npm.pkg.github.com/vltsandbox/remark-stringify 97ms (cache miss)
npm http fetch GET 200 https://npm.pkg.github.com/vltsandbox/mdast-util-from-markdown 92ms (cache miss)
npm http fetch GET 200 https://npm.pkg.github.com/vltsandbox/micromark-util-types 86ms (cache miss)
npm http fetch GET 200 https://npm.pkg.github.com/vltsandbox/mdast-util-to-hast 100ms (cache miss)
npm http fetch GET 200 https://npm.pkg.github.com/vltsandbox/retext-smartypants 91ms (cache miss)
npm http fetch GET 200 https://npm.pkg.github.com/vltsandbox/retext 106ms (cache miss)
npm http fetch GET 200 https://npm.pkg.github.com/vltsandbox/bail 96ms (cache miss)
npm http fetch GET 200 https://npm.pkg.github.com/vltsandbox/devlop 102ms (cache updated)
npm http fetch GET 200 https://npm.pkg.github.com/vltsandbox/extend 85ms (cache miss)
npm http fetch GET 200 https://npm.pkg.github.com/vltsandbox/is-plain-obj 95ms (cache miss)
npm http fetch GET 200 https://npm.pkg.github.com/vltsandbox/unified 275ms (cache updated)
npm http fetch GET 200 https://npm.pkg.github.com/vltsandbox/trough 90ms (cache miss)
npm http fetch GET 200 https://npm.pkg.github.com/vltsandbox/is-inside-container 92ms (cache miss)
npm http fetch GET 200 https://npm.pkg.github.com/vltsandbox/tiny-inflate 93ms (cache miss)
npm http fetch GET 200 https://npm.pkg.github.com/vltsandbox/string-width 95ms (cache updated)
npm http fetch GET 200 https://npm.pkg.github.com/vltsandbox/strip-ansi 98ms (cache miss)
npm http fetch GET 200 https://npm.pkg.github.com/vltsandbox/emoji-regex 101ms (cache miss)
npm http fetch GET 200 https://npm.pkg.github.com/vltsandbox/ansi-styles 85ms (cache miss)
npm http fetch GET 200 https://npm.pkg.github.com/vltsandbox/get-east-asian-width 91ms (cache miss)
npm http fetch GET 200 https://npm.pkg.github.com/vltsandbox/strip-ansi 93ms (cache updated)
npm http fetch GET 200 https://npm.pkg.github.com/vltsandbox/emoji-regex 98ms (cache updated)
npm http fetch GET 200 https://npm.pkg.github.com/vltsandbox/is-fullwidth-code-point 136ms (cache miss)
npm http fetch GET 200 https://npm.pkg.github.com/vltsandbox/@types%2funist 103ms (cache updated)
npm http fetch GET 200 https://npm.pkg.github.com/vltsandbox/dequal 104ms (cache miss)
npm http fetch GET 200 https://npm.pkg.github.com/vltsandbox/hastscript 107ms (cache miss)
npm http fetch GET 200 https://npm.pkg.github.com/vltsandbox/property-information 96ms (cache miss)
npm http fetch GET 200 https://npm.pkg.github.com/vltsandbox/web-namespaces 99ms (cache miss)
npm http fetch GET 200 https://npm.pkg.github.com/vltsandbox/unist-util-stringify-position 87ms (cache miss)
npm http fetch GET 200 https://npm.pkg.github.com/vltsandbox/entities 117ms (cache miss)
npm http fetch GET 200 https://npm.pkg.github.com/vltsandbox/vfile-location 294ms (cache miss)
npm http fetch GET 200 https://npm.pkg.github.com/vltsandbox/space-separated-tokens 91ms (cache miss)
npm http fetch GET 200 https://npm.pkg.github.com/vltsandbox/comma-separated-tokens 102ms (cache miss)
npm http fetch GET 200 https://npm.pkg.github.com/vltsandbox/hast-util-parse-selector 229ms (cache miss)
npm http fetch GET 200 https://npm.pkg.github.com/vltsandbox/@babel%2fhelper-validator-identifier 104ms (cache miss)
npm http fetch GET 200 https://npm.pkg.github.com/vltsandbox/@babel%2fhelper-string-parser 119ms (cache miss)
npm http fetch GET 200 https://npm.pkg.github.com/vltsandbox/html-void-elements 90ms (cache miss)
npm http fetch GET 200 https://npm.pkg.github.com/vltsandbox/hast-util-to-parse5 93ms (cache miss)
npm http fetch GET 200 https://npm.pkg.github.com/vltsandbox/@ungap%2fstructured-clone 116ms (cache miss)
npm http fetch GET 200 https://npm.pkg.github.com/vltsandbox/zwitch 91ms (cache miss)
npm http fetch GET 200 https://npm.pkg.github.com/vltsandbox/unist-util-position 97ms (cache miss)
npm http fetch GET 200 https://npm.pkg.github.com/vltsandbox/trim-lines 92ms (cache miss)
npm http fetch GET 200 https://npm.pkg.github.com/vltsandbox/micromark-util-sanitize-uri 97ms (cache miss)
npm http fetch GET 200 https://npm.pkg.github.com/vltsandbox/micromark-util-encode 82ms (cache miss)
npm http fetch GET 200 https://npm.pkg.github.com/vltsandbox/micromark-util-character 84ms (cache miss)
npm http fetch GET 200 https://npm.pkg.github.com/vltsandbox/micromark-util-symbol 105ms (cache miss)
npm http fetch GET 200 https://npm.pkg.github.com/vltsandbox/hast-util-whitespace 101ms (cache miss)
npm http fetch GET 200 https://npm.pkg.github.com/vltsandbox/ccount 121ms (cache miss)
npm http fetch GET 200 https://npm.pkg.github.com/vltsandbox/stringify-entities 124ms (cache miss)
npm http fetch GET 200 https://npm.pkg.github.com/vltsandbox/character-entities-legacy 77ms (cache miss)
npm http fetch GET 200 https://npm.pkg.github.com/vltsandbox/character-entities-html4 79ms (cache miss)
npm http fetch GET 200 https://npm.pkg.github.com/vltsandbox/mdast-util-gfm-strikethrough 77ms (cache miss)
npm http fetch GET 200 https://npm.pkg.github.com/vltsandbox/mdast-util-gfm-footnote 83ms (cache miss)
npm http fetch GET 200 https://npm.pkg.github.com/vltsandbox/mdast-util-gfm-autolink-literal 105ms (cache miss)
npm http fetch GET 200 https://npm.pkg.github.com/vltsandbox/mdast-util-gfm-table 85ms (cache miss)
npm http fetch GET 200 https://npm.pkg.github.com/vltsandbox/mdast-util-gfm-task-list-item 83ms (cache miss)
npm http fetch GET 200 https://npm.pkg.github.com/vltsandbox/mdast-util-to-markdown 118ms (cache miss)
npm http fetch GET 200 https://npm.pkg.github.com/vltsandbox/micromark-extension-gfm-autolink-literal 89ms (cache miss)
npm http fetch GET 200 https://npm.pkg.github.com/vltsandbox/micromark-extension-gfm-footnote 90ms (cache miss)
npm http fetch GET 200 https://npm.pkg.github.com/vltsandbox/micromark-extension-gfm-strikethrough 85ms (cache miss)
npm http fetch GET 200 https://npm.pkg.github.com/vltsandbox/micromark-extension-gfm-table 89ms (cache miss)
npm http fetch GET 200 https://npm.pkg.github.com/vltsandbox/micromark-extension-gfm-tagfilter 105ms (cache miss)
npm http fetch GET 200 https://npm.pkg.github.com/vltsandbox/micromark-extension-gfm-task-list-item 99ms (cache miss)
npm http fetch GET 200 https://npm.pkg.github.com/vltsandbox/micromark-util-combine-extensions 104ms (cache miss)
npm http fetch GET 200 https://npm.pkg.github.com/vltsandbox/mdast-util-to-string 87ms (cache miss)
npm http fetch GET 200 https://npm.pkg.github.com/vltsandbox/micromark 92ms (cache miss)
npm http fetch GET 200 https://npm.pkg.github.com/vltsandbox/decode-named-character-reference 131ms (cache miss)
npm http fetch GET 200 https://npm.pkg.github.com/vltsandbox/micromark-util-decode-numeric-character-reference 84ms (cache miss)
npm http fetch GET 200 https://npm.pkg.github.com/vltsandbox/micromark-util-decode-string 90ms (cache miss)
npm http fetch GET 200 https://npm.pkg.github.com/vltsandbox/micromark-util-normalize-identifier 104ms (cache miss)
npm http fetch GET 200 https://npm.pkg.github.com/vltsandbox/micromark-util-normalize-identifier 105ms (cache miss)
npm http fetch GET 200 https://npm.pkg.github.com/vltsandbox/mdast-util-find-and-replace 117ms (cache miss)
npm http fetch GET 200 https://npm.pkg.github.com/vltsandbox/markdown-table 83ms (cache miss)
npm http fetch GET 200 https://npm.pkg.github.com/vltsandbox/mdast-util-phrasing 87ms (cache miss)
npm http fetch GET 200 https://npm.pkg.github.com/vltsandbox/longest-streak 90ms (cache miss)
npm http fetch GET 200 https://npm.pkg.github.com/vltsandbox/micromark-util-classify-character 98ms (cache miss)
npm http fetch GET 200 https://npm.pkg.github.com/vltsandbox/micromark-core-commonmark 83ms (cache miss)
npm http fetch GET 200 https://npm.pkg.github.com/vltsandbox/micromark-factory-space 75ms (cache miss)
npm http fetch GET 200 https://npm.pkg.github.com/vltsandbox/character-entities 214ms (cache miss)
npm http fetch GET 200 https://npm.pkg.github.com/vltsandbox/@types%2fdebug 227ms (cache miss)
npm http fetch GET 200 https://npm.pkg.github.com/vltsandbox/micromark-util-chunked 88ms (cache miss)
npm http fetch GET 200 https://npm.pkg.github.com/vltsandbox/micromark-util-resolve-all 100ms (cache miss)
npm http fetch GET 200 https://npm.pkg.github.com/vltsandbox/micromark-util-subtokenize 95ms (cache miss)
npm http fetch GET 200 https://npm.pkg.github.com/vltsandbox/escape-string-regexp 96ms (cache miss)
npm http fetch GET 200 https://npm.pkg.github.com/vltsandbox/micromark-factory-label 89ms (cache miss)
npm http fetch GET 200 https://npm.pkg.github.com/vltsandbox/micromark-factory-destination 94ms (cache miss)
npm http fetch GET 200 https://npm.pkg.github.com/vltsandbox/@types%2fms 115ms (cache miss)
npm http fetch GET 200 https://npm.pkg.github.com/vltsandbox/micromark-factory-whitespace 76ms (cache miss)
npm http fetch GET 200 https://npm.pkg.github.com/vltsandbox/micromark-factory-title 97ms (cache miss)
npm http fetch GET 200 https://npm.pkg.github.com/vltsandbox/micromark-util-html-tag-name 80ms (cache miss)
npm http fetch GET 200 https://npm.pkg.github.com/vltsandbox/retext-latin 89ms (cache miss)
npm http fetch GET 200 https://npm.pkg.github.com/vltsandbox/retext-stringify 92ms (cache miss)
npm http fetch GET 200 https://npm.pkg.github.com/vltsandbox/@types%2fnlcst 113ms (cache miss)
npm http fetch GET 200 https://npm.pkg.github.com/vltsandbox/@types%2fnlcst 92ms (cache miss)
npm http fetch GET 200 https://npm.pkg.github.com/vltsandbox/nlcst-to-string 95ms (cache miss)
npm http fetch GET 200 https://npm.pkg.github.com/vltsandbox/parse-latin 88ms (cache miss)
npm http fetch GET 200 https://npm.pkg.github.com/vltsandbox/unist-util-visit-children 92ms (cache miss)
npm http fetch GET 200 https://npm.pkg.github.com/vltsandbox/unist-util-modify-children 101ms (cache miss)
npm http fetch GET 200 https://npm.pkg.github.com/vltsandbox/array-iterate 103ms (cache miss)
npm http fetch GET 200 https://npm.pkg.github.com/vltsandbox/@emnapi%2fruntime 113ms (cache miss)
npm http fetch GET 200 https://npm.pkg.github.com/vltsandbox/tslib 88ms (cache miss)
npm http fetch GET 200 https://npm.pkg.github.com/vltsandbox/oniguruma-to-es 96ms (cache miss)
npm http fetch GET 200 https://npm.pkg.github.com/vltsandbox/oniguruma-parser 86ms (cache miss)
npm http fetch GET 200 https://npm.pkg.github.com/vltsandbox/regex-recursion 95ms (cache miss)
npm http fetch GET 200 https://npm.pkg.github.com/vltsandbox/regex 97ms (cache miss)
npm http fetch GET 200 https://npm.pkg.github.com/vltsandbox/regex-utilities 90ms (cache miss)
npm http fetch GET 200 https://npm.pkg.github.com/vltsandbox/regex-utilities 104ms (cache miss)
npm http fetch GET 200 https://npm.pkg.github.com/vltsandbox/ansi-regex 96ms (cache miss)
npm http fetch GET 200 https://npm.pkg.github.com/vltsandbox/boolbase 81ms (cache miss)
npm http fetch GET 200 https://npm.pkg.github.com/vltsandbox/domutils 93ms (cache miss)
npm http fetch GET 200 https://npm.pkg.github.com/vltsandbox/nth-check 112ms (cache miss)
npm http fetch GET 200 https://npm.pkg.github.com/vltsandbox/domhandler 86ms (cache miss)
npm http fetch GET 200 https://npm.pkg.github.com/vltsandbox/css-tree 96ms (cache updated)
npm http fetch GET 200 https://npm.pkg.github.com/vltsandbox/mdn-data 117ms (cache miss)
npm http fetch GET 200 https://npm.pkg.github.com/vltsandbox/domelementtype 89ms (cache miss)
npm http fetch GET 200 https://npm.pkg.github.com/vltsandbox/domelementtype 98ms (cache miss)
npm http fetch GET 200 https://npm.pkg.github.com/vltsandbox/dom-serializer 161ms (cache miss)
npm http fetch GET 200 https://npm.pkg.github.com/vltsandbox/mdn-data 112ms (cache updated)
npm http fetch GET 200 https://npm.pkg.github.com/vltsandbox/entities 112ms (cache updated)
npm http fetch GET 200 https://npm.pkg.github.com/vltsandbox/picomatch 100ms (cache updated)
npm http fetch GET 200 https://npm.pkg.github.com/vltsandbox/ufo 89ms (cache updated)
npm http fetch GET 200 https://npm.pkg.github.com/vltsandbox/normalize-path 95ms (cache miss)
npm http fetch GET 200 https://npm.pkg.github.com/vltsandbox/readdirp 97ms (cache miss)
npm http fetch GET 200 https://npm.pkg.github.com/vltsandbox/picomatch 103ms (cache updated)
npm http fetch GET 200 https://npm.pkg.github.com/vltsandbox/crossws 113ms (cache updated)
npm http fetch GET 200 https://npm.pkg.github.com/vltsandbox/radix3 127ms (cache miss)
npm http fetch GET 200 https://npm.pkg.github.com/vltsandbox/defu 151ms (cache miss)
npm http fetch GET 200 https://npm.pkg.github.com/vltsandbox/uncrypto 89ms (cache miss)
npm http fetch GET 200 https://npm.pkg.github.com/vltsandbox/cookie-es 109ms (cache miss)
npm http fetch GET 200 https://npm.pkg.github.com/vltsandbox/node-mock-http 104ms (cache miss)
npm http fetch GET 200 https://npm.pkg.github.com/vltsandbox/iron-webcrypto 219ms (cache miss)
npm http fetch GET 200 https://npm.pkg.github.com/vltsandbox/@esbuild%2faix-ppc64 122ms (cache updated)
npm http fetch GET 200 https://npm.pkg.github.com/vltsandbox/@esbuild%2flinux-arm 125ms (cache updated)
npm http fetch GET 200 https://npm.pkg.github.com/vltsandbox/@esbuild%2flinux-x64 131ms (cache updated)
npm http fetch GET 200 https://npm.pkg.github.com/vltsandbox/@esbuild%2fwin32-x64 108ms (cache updated)
npm http fetch GET 200 https://npm.pkg.github.com/vltsandbox/@esbuild%2fsunos-x64 118ms (cache updated)
npm http fetch GET 200 https://npm.pkg.github.com/vltsandbox/@esbuild%2fdarwin-x64 175ms (cache updated)
npm http fetch GET 200 https://npm.pkg.github.com/vltsandbox/@esbuild%2flinux-ia32 116ms (cache updated)
npm http fetch GET 200 https://npm.pkg.github.com/vltsandbox/@esbuild%2fnetbsd-x64 112ms (cache updated)
npm http fetch GET 200 https://npm.pkg.github.com/vltsandbox/@esbuild%2fwin32-ia32 94ms (cache updated)
npm http fetch GET 200 https://npm.pkg.github.com/vltsandbox/@esbuild%2fandroid-x64 106ms (cache updated)
npm http fetch GET 200 https://npm.pkg.github.com/vltsandbox/@esbuild%2fandroid-arm 116ms (cache updated)
npm http fetch GET 200 https://npm.pkg.github.com/vltsandbox/@esbuild%2ffreebsd-x64 102ms (cache updated)
npm http fetch GET 200 https://npm.pkg.github.com/vltsandbox/@esbuild%2flinux-ppc64 96ms (cache updated)
npm http fetch GET 200 https://npm.pkg.github.com/vltsandbox/@esbuild%2flinux-arm64 160ms (cache updated)
npm http fetch GET 200 https://npm.pkg.github.com/vltsandbox/@esbuild%2flinux-s390x 146ms (cache updated)
npm http fetch GET 200 https://npm.pkg.github.com/vltsandbox/@esbuild%2fopenbsd-x64 108ms (cache updated)
npm http fetch GET 200 https://npm.pkg.github.com/vltsandbox/@esbuild%2fwin32-arm64 111ms (cache updated)
npm http fetch GET 200 https://npm.pkg.github.com/vltsandbox/@esbuild%2fdarwin-arm64 113ms (cache updated)
npm http fetch GET 200 https://npm.pkg.github.com/vltsandbox/@esbuild%2fnetbsd-arm64 124ms (cache updated)
npm http fetch GET 200 https://npm.pkg.github.com/vltsandbox/@esbuild%2fandroid-arm64 120ms (cache updated)
npm http fetch GET 200 https://npm.pkg.github.com/vltsandbox/@esbuild%2ffreebsd-arm64 104ms (cache updated)
npm http fetch GET 200 https://npm.pkg.github.com/vltsandbox/@esbuild%2flinux-loong64 113ms (cache updated)
npm http fetch GET 200 https://npm.pkg.github.com/vltsandbox/@esbuild%2fopenbsd-arm64 98ms (cache updated)
npm http fetch GET 200 https://npm.pkg.github.com/vltsandbox/@esbuild%2flinux-riscv64 118ms (cache updated)
npm http fetch GET 200 https://npm.pkg.github.com/vltsandbox/@esbuild%2flinux-mips64el 131ms (cache updated)
npm http fetch GET 200 https://npm.pkg.github.com/vltsandbox/@esbuild%2fopenharmony-arm64 109ms (cache updated)
npm http fetch GET 200 https://npm.pkg.github.com/vltsandbox/nanoid 130ms (cache miss)
npm http fetch GET 200 https://npm.pkg.github.com/vltsandbox/@types%2festree 137ms (cache updated)
npm http fetch GET 200 https://npm.pkg.github.com/vltsandbox/@rollup%2frollup-darwin-arm64 113ms (cache miss)
npm http fetch GET 200 https://npm.pkg.github.com/vltsandbox/@rollup%2frollup-android-arm64 126ms (cache miss)
npm http fetch GET 200 https://npm.pkg.github.com/vltsandbox/@rollup%2frollup-win32-arm64-msvc 106ms (cache miss)
npm http fetch GET 200 https://npm.pkg.github.com/vltsandbox/@rollup%2frollup-freebsd-arm64 102ms (cache miss)
npm http fetch GET 200 https://npm.pkg.github.com/vltsandbox/@rollup%2frollup-linux-arm64-gnu 130ms (cache miss)
npm http fetch GET 200 https://npm.pkg.github.com/vltsandbox/@rollup%2frollup-linux-arm64-musl 115ms (cache miss)
npm http fetch GET 200 https://npm.pkg.github.com/vltsandbox/@rollup%2frollup-linux-arm-gnueabihf 121ms (cache miss)
npm http fetch GET 200 https://npm.pkg.github.com/vltsandbox/@rollup%2frollup-linux-arm-musleabihf 145ms (cache miss)
npm http fetch GET 200 https://npm.pkg.github.com/vltsandbox/@rollup%2frollup-android-arm-eabi 262ms (cache miss)
npm http fetch GET 200 https://npm.pkg.github.com/vltsandbox/@rollup%2frollup-win32-ia32-msvc 102ms (cache miss)
npm http fetch GET 200 https://npm.pkg.github.com/vltsandbox/@rollup%2frollup-linux-loong64-musl 100ms (cache miss)
npm http fetch GET 200 https://npm.pkg.github.com/vltsandbox/@rollup%2frollup-linux-loong64-gnu 110ms (cache miss)
npm http fetch GET 200 https://npm.pkg.github.com/vltsandbox/@rollup%2frollup-linux-riscv64-gnu 145ms (cache miss)
npm http fetch GET 200 https://npm.pkg.github.com/vltsandbox/@rollup%2frollup-linux-ppc64-gnu 97ms (cache miss)
npm http fetch GET 200 https://npm.pkg.github.com/vltsandbox/@rollup%2frollup-linux-riscv64-musl 102ms (cache miss)
npm http fetch GET 200 https://npm.pkg.github.com/vltsandbox/@rollup%2frollup-linux-ppc64-musl 106ms (cache miss)
npm http fetch GET 200 https://npm.pkg.github.com/vltsandbox/@rollup%2frollup-darwin-x64 100ms (cache miss)
npm http fetch GET 200 https://npm.pkg.github.com/vltsandbox/@rollup%2frollup-linux-s390x-gnu 131ms (cache miss)
npm http fetch GET 200 https://npm.pkg.github.com/vltsandbox/@rollup%2frollup-win32-x64-gnu 98ms (cache miss)
npm http fetch GET 200 https://npm.pkg.github.com/vltsandbox/@rollup%2frollup-win32-x64-msvc 131ms (cache miss)
npm http fetch GET 200 https://npm.pkg.github.com/vltsandbox/@rollup%2frollup-freebsd-x64 120ms (cache miss)
npm http fetch GET 200 https://npm.pkg.github.com/vltsandbox/@rollup%2frollup-linux-x64-gnu 101ms (cache miss)
npm http fetch GET 200 https://npm.pkg.github.com/vltsandbox/@rollup%2frollup-linux-x64-musl 129ms (cache miss)
npm http fetch GET 200 https://npm.pkg.github.com/vltsandbox/@rollup%2frollup-openbsd-x64 118ms (cache miss)
npm http fetch GET 200 https://npm.pkg.github.com/vltsandbox/@rollup%2frollup-openharmony-arm64 102ms (cache miss)
npm http fetch GET 200 https://npm.pkg.github.com/vltsandbox/ansi-regex 97ms (cache updated)
npm http fetch GET 200 https://registry.npmjs.com/is-fullwidth-code-point/-/is-fullwidth-code-point-3.0.0.tgz 198ms (cache miss)
npm http fetch GET 200 https://registry.npmjs.com/yoctocolors/-/yoctocolors-2.1.2.tgz 197ms (cache miss)
npm http fetch GET 200 https://registry.npmjs.com/ansi-styles/-/ansi-styles-6.2.3.tgz 198ms (cache miss)
npm http fetch GET 200 https://registry.npmjs.com/normalize-path/-/normalize-path-3.0.0.tgz 214ms (cache miss)
npm http fetch GET 200 https://registry.npmjs.com/radix3/-/radix3-1.1.2.tgz 396ms (cache miss)
npm http fetch GET 200 https://registry.npmjs.com/chokidar/-/chokidar-5.0.0.tgz 399ms (cache miss)
npm http fetch GET 200 https://registry.npmjs.com/uncrypto/-/uncrypto-0.1.3.tgz 406ms (cache miss)
npm http fetch GET 200 https://registry.npmjs.com/is-plain-obj/-/is-plain-obj-4.1.0.tgz 409ms (cache miss)
npm http fetch GET 200 https://registry.npmjs.com/anymatch/-/anymatch-3.1.3.tgz 424ms (cache miss)
npm http fetch GET 200 https://registry.npmjs.com/readdirp/-/readdirp-5.0.0.tgz 431ms (cache miss)
npm http fetch GET 200 https://registry.npmjs.com/array-iterate/-/array-iterate-2.0.1.tgz 442ms (cache miss)
npm http fetch GET 200 https://registry.npmjs.com/bail/-/bail-2.0.2.tgz 441ms (cache miss)
npm http fetch GET 200 https://registry.npmjs.com/cookie-es/-/cookie-es-1.2.3.tgz 448ms (cache miss)
npm http fetch GET 200 https://registry.npmjs.com/extend/-/extend-3.0.2.tgz 446ms (cache miss)
npm http fetch GET 200 https://registry.npmjs.com/fdir/-/fdir-6.5.0.tgz 446ms (cache miss)
npm http fetch GET 200 https://registry.npmjs.com/sax/-/sax-1.6.0.tgz 493ms (cache miss)
npm http fetch GET 200 https://registry.npmjs.com/picocolors/-/picocolors-1.1.1.tgz 508ms (cache miss)
npm http fetch GET 200 https://registry.npmjs.com/boolbase/-/boolbase-1.0.0.tgz 517ms (cache miss)
npm http fetch GET 200 https://registry.npmjs.com/defu/-/defu-6.1.7.tgz 536ms (cache miss)
npm http fetch GET 200 https://registry.npmjs.com/destr/-/destr-2.0.5.tgz 539ms (cache miss)
npm http fetch GET 200 https://registry.npmjs.com/character-entities-legacy/-/character-entities-legacy-3.0.0.tgz 536ms (cache miss)
npm http fetch GET 200 https://registry.npmjs.com/trough/-/trough-2.2.0.tgz 546ms (cache miss)
npm http fetch GET 200 https://registry.npmjs.com/h3/-/h3-1.15.11.tgz 578ms (cache miss)
npm http fetch GET 200 https://registry.npmjs.com/ansi-regex/-/ansi-regex-6.2.2.tgz 576ms (cache miss)
npm http fetch GET 200 https://registry.npmjs.com/iron-webcrypto/-/iron-webcrypto-1.2.1.tgz 592ms (cache miss)
npm http fetch GET 200 https://registry.npmjs.com/strip-ansi/-/strip-ansi-7.2.0.tgz 587ms (cache miss)
npm http fetch GET 200 https://registry.npmjs.com/get-east-asian-width/-/get-east-asian-width-1.6.0.tgz 599ms (cache miss)
npm http fetch GET 200 https://registry.npmjs.com/emoji-regex/-/emoji-regex-10.6.0.tgz 611ms (cache miss)
npm http fetch GET 200 https://registry.npmjs.com/character-entities-html4/-/character-entities-html4-2.1.0.tgz 623ms (cache miss)
npm http fetch GET 200 https://registry.npmjs.com/regex-recursion/-/regex-recursion-6.0.2.tgz 635ms (cache miss)
npm http fetch GET 200 https://registry.npmjs.com/regex-utilities/-/regex-utilities-2.3.0.tgz 635ms (cache miss)
npm http fetch GET 200 https://registry.npmjs.com/domelementtype/-/domelementtype-2.3.0.tgz 660ms (cache miss)
npm http fetch GET 200 https://registry.npmjs.com/@shikijs/types/-/types-3.23.0.tgz 657ms (cache miss)
npm http fetch GET 200 https://registry.npmjs.com/@shikijs/vscode-textmate/-/vscode-textmate-10.0.2.tgz 657ms (cache miss)
npm http fetch GET 200 https://registry.npmjs.com/retext-stringify/-/retext-stringify-4.0.0.tgz 655ms (cache miss)
npm http fetch GET 200 https://registry.npmjs.com/nanoid/-/nanoid-3.3.12.tgz 673ms (cache miss)
npm http fetch GET 200 https://registry.npmjs.com/unist-util-visit-children/-/unist-util-visit-children-3.0.0.tgz 671ms (cache miss)
npm http fetch GET 200 https://registry.npmjs.com/retext-latin/-/retext-latin-4.0.0.tgz 684ms (cache miss)
npm http fetch GET 200 https://registry.npmjs.com/nlcst-to-string/-/nlcst-to-string-4.0.0.tgz 686ms (cache miss)
npm http fetch GET 200 https://registry.npmjs.com/retext-smartypants/-/retext-smartypants-6.2.0.tgz 685ms (cache miss)
npm http fetch GET 200 https://registry.npmjs.com/retext/-/retext-9.0.0.tgz 685ms (cache miss)
npm http fetch GET 200 https://registry.npmjs.com/@types/nlcst/-/nlcst-2.0.3.tgz 693ms (cache miss)
npm http fetch GET 200 https://registry.npmjs.com/micromark-extension-gfm-task-list-item/-/micromark-extension-gfm-task-list-item-2.1.0.tgz 692ms (cache miss)
npm http fetch GET 200 https://registry.npmjs.com/unist-util-modify-children/-/unist-util-modify-children-4.0.0.tgz 700ms (cache miss)
npm http fetch GET 200 https://registry.npmjs.com/detect-libc/-/detect-libc-2.1.2.tgz 701ms (cache miss)
npm http fetch GET 200 https://registry.npmjs.com/ufo/-/ufo-1.6.4.tgz 722ms (cache miss)
npm http fetch GET 200 https://registry.npmjs.com/@img/colour/-/colour-1.1.0.tgz 715ms (cache miss)
npm http fetch GET 200 https://registry.npmjs.com/micromark-factory-whitespace/-/micromark-factory-whitespace-2.0.1.tgz 713ms (cache miss)
npm http fetch GET 200 https://registry.npmjs.com/micromark-util-html-tag-name/-/micromark-util-html-tag-name-2.0.1.tgz 720ms (cache miss)
npm http fetch GET 200 https://registry.npmjs.com/micromark-extension-gfm-tagfilter/-/micromark-extension-gfm-tagfilter-2.0.0.tgz 726ms (cache miss)
npm http fetch GET 200 https://registry.npmjs.com/micromark-factory-label/-/micromark-factory-label-2.0.1.tgz 725ms (cache miss)
npm http fetch GET 200 https://registry.npmjs.com/micromark-factory-title/-/micromark-factory-title-2.0.1.tgz 730ms (cache miss)
npm http fetch GET 200 https://registry.npmjs.com/micromark-util-resolve-all/-/micromark-util-resolve-all-2.0.1.tgz 736ms (cache miss)
npm http fetch GET 200 https://registry.npmjs.com/micromark-factory-destination/-/micromark-factory-destination-2.0.1.tgz 737ms (cache miss)
npm http fetch GET 200 https://registry.npmjs.com/@types/ms/-/ms-2.1.0.tgz 737ms (cache miss)
npm http fetch GET 200 https://registry.npmjs.com/micromark-util-chunked/-/micromark-util-chunked-2.0.1.tgz 744ms (cache miss)
npm http fetch GET 200 https://registry.npmjs.com/micromark-util-combine-extensions/-/micromark-util-combine-extensions-2.0.1.tgz 752ms (cache miss)
npm http fetch GET 200 https://registry.npmjs.com/@shikijs/engine-javascript/-/engine-javascript-3.23.0.tgz 762ms (cache miss)
npm http fetch GET 200 https://registry.npmjs.com/mdast-util-phrasing/-/mdast-util-phrasing-4.1.0.tgz 765ms (cache miss)
npm http fetch GET 200 https://registry.npmjs.com/@types/debug/-/debug-4.1.13.tgz 765ms (cache miss)
npm http fetch GET 200 https://registry.npmjs.com/escape-string-regexp/-/escape-string-regexp-5.0.0.tgz 764ms (cache miss)
npm http fetch GET 200 https://registry.npmjs.com/micromark-factory-space/-/micromark-factory-space-2.0.1.tgz 780ms (cache miss)
npm http fetch GET 200 https://registry.npmjs.com/unist-util-is/-/unist-util-is-6.0.1.tgz 786ms (cache miss)
npm http fetch GET 200 https://registry.npmjs.com/markdown-table/-/markdown-table-3.0.4.tgz 793ms (cache miss)
npm http fetch GET 200 https://registry.npmjs.com/micromark-util-classify-character/-/micromark-util-classify-character-2.0.1.tgz 794ms (cache miss)
npm http fetch GET 200 https://registry.npmjs.com/ofetch/-/ofetch-1.5.1.tgz 811ms (cache miss)
npm http fetch GET 200 https://registry.npmjs.com/character-entities/-/character-entities-2.0.2.tgz 800ms (cache miss)
npm http fetch GET 200 https://registry.npmjs.com/mdast-util-find-and-replace/-/mdast-util-find-and-replace-3.0.2.tgz 811ms (cache miss)
npm http fetch GET 200 https://registry.npmjs.com/micromark-util-normalize-identifier/-/micromark-util-normalize-identifier-2.0.1.tgz 810ms (cache miss)
npm http fetch GET 200 https://registry.npmjs.com/micromark-util-decode-string/-/micromark-util-decode-string-2.0.1.tgz 811ms (cache miss)
npm http fetch GET 200 https://registry.npmjs.com/unist-util-stringify-position/-/unist-util-stringify-position-4.0.0.tgz 820ms (cache miss)
npm http fetch GET 200 https://registry.npmjs.com/longest-streak/-/longest-streak-3.1.0.tgz 822ms (cache miss)
npm http fetch GET 200 https://registry.npmjs.com/mdast-util-to-string/-/mdast-util-to-string-4.0.0.tgz 820ms (cache miss)
npm http fetch GET 200 https://registry.npmjs.com/@shikijs/core/-/core-3.23.0.tgz 848ms (cache miss)
npm http fetch GET 200 https://registry.npmjs.com/mdast-util-gfm-task-list-item/-/mdast-util-gfm-task-list-item-2.0.0.tgz 840ms (cache miss)
npm http fetch GET 200 https://registry.npmjs.com/mdast-util-gfm-footnote/-/mdast-util-gfm-footnote-2.1.0.tgz 845ms (cache miss)
npm http fetch GET 200 https://registry.npmjs.com/micromark-util-decode-numeric-character-reference/-/micromark-util-decode-numeric-character-reference-2.0.2.tgz 853ms (cache miss)
npm http fetch GET 200 https://registry.npmjs.com/mdast-util-gfm-strikethrough/-/mdast-util-gfm-strikethrough-2.0.0.tgz 852ms (cache miss)
npm http fetch GET 200 https://registry.npmjs.com/dom-serializer/-/dom-serializer-2.0.0.tgz 871ms (cache miss)
npm http fetch GET 200 https://registry.npmjs.com/decode-named-character-reference/-/decode-named-character-reference-1.3.0.tgz 858ms (cache miss)
npm http fetch GET 200 https://registry.npmjs.com/remark-stringify/-/remark-stringify-11.0.0.tgz 870ms (cache miss)
npm http fetch GET 200 https://registry.npmjs.com/ohash/-/ohash-2.0.11.tgz 893ms (cache miss)
npm http fetch GET 200 https://registry.npmjs.com/mdast-util-gfm-autolink-literal/-/mdast-util-gfm-autolink-literal-2.0.1.tgz 877ms (cache miss)
npm http fetch GET 200 https://registry.npmjs.com/mdast-util-gfm-table/-/mdast-util-gfm-table-2.0.0.tgz 884ms (cache miss)
npm http fetch GET 200 https://registry.npmjs.com/domhandler/-/domhandler-5.0.3.tgz 908ms (cache miss)
npm http fetch GET 200 https://registry.npmjs.com/micromark-extension-gfm-strikethrough/-/micromark-extension-gfm-strikethrough-2.1.0.tgz 906ms (cache miss)
npm http fetch GET 200 https://registry.npmjs.com/micromark-extension-gfm/-/micromark-extension-gfm-3.0.0.tgz 900ms (cache miss)
npm http fetch GET 200 https://registry.npmjs.com/micromark-util-subtokenize/-/micromark-util-subtokenize-2.1.0.tgz 910ms (cache miss)
npm http fetch GET 200 https://registry.npmjs.com/micromark-util-encode/-/micromark-util-encode-2.0.1.tgz 904ms (cache miss)
npm http fetch GET 200 https://registry.npmjs.com/micromark-util-symbol/-/micromark-util-symbol-2.0.1.tgz 904ms (cache miss)
npm http fetch GET 200 https://registry.npmjs.com/trim-lines/-/trim-lines-3.0.1.tgz 905ms (cache miss)
npm http fetch GET 200 https://registry.npmjs.com/hast-util-whitespace/-/hast-util-whitespace-3.0.0.tgz 911ms (cache miss)
npm http fetch GET 200 https://registry.npmjs.com/micromark-util-types/-/micromark-util-types-2.0.2.tgz 911ms (cache miss)
npm http fetch GET 200 https://registry.npmjs.com/ccount/-/ccount-2.0.1.tgz 918ms (cache miss)
npm http fetch GET 200 https://registry.npmjs.com/zwitch/-/zwitch-2.0.4.tgz 917ms (cache miss)
npm http fetch GET 200 https://registry.npmjs.com/unist-util-position/-/unist-util-position-5.0.0.tgz 916ms (cache miss)
npm http fetch GET 200 https://registry.npmjs.com/mdast-util-gfm/-/mdast-util-gfm-3.1.0.tgz 920ms (cache miss)
npm http fetch GET 200 https://registry.npmjs.com/html-void-elements/-/html-void-elements-3.0.0.tgz 917ms (cache miss)
npm http fetch GET 200 https://registry.npmjs.com/micromark-util-sanitize-uri/-/micromark-util-sanitize-uri-2.0.1.tgz 923ms (cache miss)
npm http fetch GET 200 https://registry.npmjs.com/micromark-extension-gfm-autolink-literal/-/micromark-extension-gfm-autolink-literal-2.1.0.tgz 938ms (cache miss)
npm http fetch GET 200 https://registry.npmjs.com/@img/sharp-linux-arm64/-/sharp-linux-arm64-0.34.5.tgz 947ms (cache miss)
npm http fetch GET 200 https://registry.npmjs.com/micromark-util-character/-/micromark-util-character-2.1.1.tgz 936ms (cache miss)
npm http fetch GET 200 https://registry.npmjs.com/micromark-extension-gfm-footnote/-/micromark-extension-gfm-footnote-2.1.0.tgz 956ms (cache miss)
npm http fetch GET 200 https://registry.npmjs.com/sisteransi/-/sisteransi-1.0.5.tgz 953ms (cache miss)
npm http fetch GET 200 https://registry.npmjs.com/hast-util-to-parse5/-/hast-util-to-parse5-8.0.1.tgz 959ms (cache miss)
npm http fetch GET 200 https://registry.npmjs.com/hast-util-raw/-/hast-util-raw-9.1.0.tgz 958ms (cache miss)
npm http fetch GET 200 https://registry.npmjs.com/p-timeout/-/p-timeout-6.1.4.tgz 959ms (cache miss)
npm http fetch GET 200 https://registry.npmjs.com/kleur/-/kleur-3.0.3.tgz 966ms (cache miss)
npm http fetch GET 200 https://registry.npmjs.com/eventemitter3/-/eventemitter3-5.0.4.tgz 971ms (cache miss)
npm http fetch GET 200 https://registry.npmjs.com/commander/-/commander-11.1.0.tgz 995ms (cache miss)
npm http fetch GET 200 https://registry.npmjs.com/rehype-parse/-/rehype-parse-9.0.1.tgz 984ms (cache miss)
npm http fetch GET 200 https://registry.npmjs.com/@babel/helper-string-parser/-/helper-string-parser-7.27.1.tgz 988ms (cache miss)
npm http fetch GET 200 https://registry.npmjs.com/yocto-queue/-/yocto-queue-1.2.2.tgz 988ms (cache miss)
npm http fetch GET 200 https://registry.npmjs.com/hast-util-parse-selector/-/hast-util-parse-selector-4.0.0.tgz 1021ms (cache miss)
npm http fetch GET 200 https://registry.npmjs.com/is-inside-container/-/is-inside-container-1.0.0.tgz 1022ms (cache miss)
npm http fetch GET 200 https://registry.npmjs.com/@types/mdast/-/mdast-4.0.4.tgz 1034ms (cache miss)
npm http fetch GET 200 https://registry.npmjs.com/comma-separated-tokens/-/comma-separated-tokens-2.0.3.tgz 1038ms (cache miss)
npm http fetch GET 200 https://registry.npmjs.com/hast-util-is-element/-/hast-util-is-element-3.0.0.tgz 1038ms (cache miss)
npm http fetch GET 200 https://registry.npmjs.com/space-separated-tokens/-/space-separated-tokens-2.0.2.tgz 1039ms (cache miss)
npm http fetch GET 200 https://registry.npmjs.com/@babel/helper-validator-identifier/-/helper-validator-identifier-7.28.5.tgz 1056ms (cache miss)
npm http fetch GET 200 https://registry.npmjs.com/argparse/-/argparse-2.0.1.tgz 1056ms (cache miss)
npm http fetch GET 200 https://registry.npmjs.com/unist-util-find-after/-/unist-util-find-after-5.0.0.tgz 1056ms (cache miss)
npm http fetch GET 200 https://registry.npmjs.com/web-namespaces/-/web-namespaces-2.0.1.tgz 1055ms (cache miss)
npm http fetch GET 200 https://registry.npmjs.com/vfile-location/-/vfile-location-5.0.3.tgz 1062ms (cache miss)
npm http fetch GET 200 https://registry.npmjs.com/dequal/-/dequal-2.0.3.tgz 1077ms (cache miss)
npm http fetch GET 200 https://registry.npmjs.com/hast-util-from-parse5/-/hast-util-from-parse5-8.0.3.tgz 1097ms (cache miss)
npm http fetch GET 200 https://registry.npmjs.com/vfile-message/-/vfile-message-4.0.3.tgz 1104ms (cache miss)
npm http fetch GET 200 https://registry.npmjs.com/tiny-inflate/-/tiny-inflate-1.0.3.tgz 1109ms (cache miss)
npm http fetch GET 200 https://registry.npmjs.com/@types/unist/-/unist-3.0.3.tgz 1110ms (cache miss)
npm http fetch GET 200 https://registry.npmjs.com/@types/hast/-/hast-3.0.4.tgz 1115ms (cache miss)
npm http fetch GET 200 https://registry.npmjs.com/hastscript/-/hastscript-9.0.1.tgz 1122ms (cache miss)
npm http fetch GET 200 https://registry.npmjs.com/devlop/-/devlop-1.1.0.tgz 1122ms (cache miss)
npm http fetch GET 200 https://registry.npmjs.com/widest-line/-/widest-line-5.0.0.tgz 1134ms (cache miss)
npm http fetch GET 200 https://registry.npmjs.com/ms/-/ms-2.1.3.tgz 1142ms (cache miss)
npm http fetch GET 200 https://registry.npmjs.com/@ungap/structured-clone/-/structured-clone-1.3.1.tgz 1154ms (cache miss)
npm http fetch GET 200 https://registry.npmjs.com/base-64/-/base-64-1.0.0.tgz 1148ms (cache miss)
npm http fetch GET 200 https://registry.npmjs.com/camelcase/-/camelcase-8.0.0.tgz 1152ms (cache miss)
npm http fetch GET 200 https://registry.npmjs.com/string-width/-/string-width-7.2.0.tgz 1154ms (cache miss)
npm http fetch GET 200 https://registry.npmjs.com/chalk/-/chalk-5.6.2.tgz 1158ms (cache miss)
npm http fetch GET 200 https://registry.npmjs.com/nth-check/-/nth-check-2.1.1.tgz 1199ms (cache miss)
npm http fetch GET 200 https://registry.npmjs.com/cli-boxes/-/cli-boxes-3.0.0.tgz 1176ms (cache miss)
npm http fetch GET 200 https://registry.npmjs.com/wrap-ansi/-/wrap-ansi-9.0.2.tgz 1185ms (cache miss)
npm http fetch GET 200 https://registry.npmjs.com/ansi-align/-/ansi-align-3.0.1.tgz 1184ms (cache miss)
npm http fetch GET 200 https://registry.npmjs.com/is-wsl/-/is-wsl-3.1.1.tgz 1184ms (cache miss)
npm http fetch GET 200 https://registry.npmjs.com/@shikijs/engine-oniguruma/-/engine-oniguruma-3.23.0.tgz 1217ms (cache miss)
npm http fetch GET 200 https://registry.npmjs.com/is-docker/-/is-docker-3.0.0.tgz 1196ms (cache miss)
npm http fetch GET 200 https://registry.npmjs.com/mdast-util-from-markdown/-/mdast-util-from-markdown-2.0.3.tgz 1216ms (cache miss)
npm http fetch GET 200 https://registry.npmjs.com/@types/estree/-/estree-1.0.9.tgz 1205ms (cache miss)
npm http fetch GET 200 https://registry.npmjs.com/mdn-data/-/mdn-data-2.27.1.tgz 1246ms (cache miss)
npm http fetch GET 200 https://registry.npmjs.com/remark-smartypants/-/remark-smartypants-3.0.2.tgz 1219ms (cache miss)
npm http fetch GET 200 https://registry.npmjs.com/unist-util-remove-position/-/unist-util-remove-position-5.0.0.tgz 1233ms (cache miss)
npm http fetch GET 200 https://registry.npmjs.com/remark-gfm/-/remark-gfm-4.0.1.tgz 1233ms (cache miss)
npm http fetch GET 200 https://registry.npmjs.com/rehype-raw/-/rehype-raw-7.0.0.tgz 1237ms (cache miss)
npm http fetch GET 200 https://registry.npmjs.com/remark-rehype/-/remark-rehype-11.1.2.tgz 1243ms (cache miss)
npm http fetch GET 200 https://registry.npmjs.com/mdast-util-definitions/-/mdast-util-definitions-6.0.0.tgz 1242ms (cache miss)
npm http fetch GET 200 https://registry.npmjs.com/which-pm-runs/-/which-pm-runs-1.1.0.tgz 1246ms (cache miss)
npm http fetch GET 200 https://registry.npmjs.com/remark-parse/-/remark-parse-11.0.0.tgz 1258ms (cache miss)
npm http fetch GET 200 https://registry.npmjs.com/hast-util-to-text/-/hast-util-to-text-4.0.2.tgz 1264ms (cache miss)
npm http fetch GET 200 https://registry.npmjs.com/stringify-entities/-/stringify-entities-4.0.4.tgz 1290ms (cache miss)
npm http fetch GET 200 https://registry.npmjs.com/yocto-spinner/-/yocto-spinner-0.2.3.tgz 1296ms (cache miss)
npm http fetch GET 200 https://registry.npmjs.com/zod-to-ts/-/zod-to-ts-1.2.0.tgz 1302ms (cache miss)
npm http fetch GET 200 https://registry.npmjs.com/rehype-stringify/-/rehype-stringify-10.0.1.tgz 1305ms (cache miss)
npm http fetch GET 200 https://registry.npmjs.com/fontkitten/-/fontkitten-1.0.3.tgz 1311ms (cache miss)
npm http fetch GET 200 https://registry.npmjs.com/vitefu/-/vitefu-1.1.3.tgz 1307ms (cache miss)
npm http fetch GET 200 https://registry.npmjs.com/css-what/-/css-what-6.2.2.tgz 1349ms (cache miss)
npm http fetch GET 200 https://registry.npmjs.com/source-map-js/-/source-map-js-1.2.1.tgz 1330ms (cache miss)
npm http fetch GET 200 https://registry.npmjs.com/unist-util-visit/-/unist-util-visit-5.1.0.tgz 1320ms (cache miss)
npm http fetch GET 200 https://registry.npmjs.com/tinyglobby/-/tinyglobby-0.2.16.tgz 1319ms (cache miss)
npm http fetch GET 200 https://registry.npmjs.com/@astrojs/prism/-/prism-3.3.0.tgz 1332ms (cache miss)
npm http fetch GET 200 https://registry.npmjs.com/piccolore/-/piccolore-0.1.3.tgz 1339ms (cache miss)
npm http fetch GET 200 https://registry.npmjs.com/unist-util-visit-parents/-/unist-util-visit-parents-6.0.2.tgz 1359ms (cache miss)
npm http fetch GET 200 https://registry.npmjs.com/package-manager-detector/-/package-manager-detector-1.6.0.tgz 1354ms (cache miss)
npm http fetch GET 200 https://registry.npmjs.com/tinyexec/-/tinyexec-1.1.2.tgz 1356ms (cache miss)
npm http fetch GET 200 https://registry.npmjs.com/unified/-/unified-11.0.5.tgz 1368ms (cache miss)
npm http fetch GET 200 https://registry.npmjs.com/micromark-extension-gfm-table/-/micromark-extension-gfm-table-2.1.1.tgz 1399ms (cache miss)
npm http fetch GET 200 https://registry.npmjs.com/hast-util-from-html/-/hast-util-from-html-2.0.3.tgz 1384ms (cache miss)
npm http fetch GET 200 https://registry.npmjs.com/unifont/-/unifont-0.7.4.tgz 1382ms (cache miss)
npm http fetch GET 200 https://registry.npmjs.com/p-limit/-/p-limit-6.2.0.tgz 1380ms (cache miss)
npm http fetch GET 200 https://registry.npmjs.com/mrmime/-/mrmime-2.0.1.tgz 1387ms (cache miss)
npm http fetch GET 200 https://registry.npmjs.com/html-escaper/-/html-escaper-3.0.3.tgz 1400ms (cache miss)
npm http fetch GET 200 https://registry.npmjs.com/github-slugger/-/github-slugger-2.0.0.tgz 1406ms (cache miss)
npm http fetch GET 200 https://registry.npmjs.com/estree-walker/-/estree-walker-3.0.3.tgz 1412ms (cache miss)
npm http fetch GET 200 https://registry.npmjs.com/http-cache-semantics/-/http-cache-semantics-4.2.0.tgz 1428ms (cache miss)
npm http fetch GET 200 https://registry.npmjs.com/fontace/-/fontace-0.4.1.tgz 1428ms (cache miss)
npm http fetch GET 200 https://registry.npmjs.com/dlv/-/dlv-1.1.3.tgz 1443ms (cache miss)
npm http fetch GET 200 https://registry.npmjs.com/picomatch/-/picomatch-4.0.4.tgz 1451ms (cache miss)
npm http fetch GET 200 https://registry.npmjs.com/flattie/-/flattie-1.1.1.tgz 1455ms (cache miss)
npm http fetch GET 200 https://registry.npmjs.com/xxhash-wasm/-/xxhash-wasm-1.1.0.tgz 1466ms (cache miss)
npm http fetch GET 200 https://registry.npmjs.com/deterministic-object-hash/-/deterministic-object-hash-2.0.2.tgz 1461ms (cache miss)
npm http fetch GET 200 https://registry.npmjs.com/cssesc/-/cssesc-3.0.0.tgz 1465ms (cache miss)
npm http fetch GET 200 https://registry.npmjs.com/yargs-parser/-/yargs-parser-21.1.1.tgz 1489ms (cache miss)
npm http fetch GET 200 https://registry.npmjs.com/esbuild/-/esbuild-0.27.7.tgz 1484ms (cache miss)
npm http fetch GET 200 https://registry.npmjs.com/boxen/-/boxen-8.0.1.tgz 1483ms (cache miss)
npm http fetch GET 200 https://registry.npmjs.com/ci-info/-/ci-info-4.4.0.tgz 1483ms (cache miss)
npm http fetch GET 200 https://registry.npmjs.com/clsx/-/clsx-2.1.1.tgz 1483ms (cache miss)
npm http fetch GET 200 https://registry.npmjs.com/@jridgewell/sourcemap-codec/-/sourcemap-codec-1.5.5.tgz 1511ms (cache miss)
npm http fetch GET 200 https://registry.npmjs.com/es-module-lexer/-/es-module-lexer-1.7.0.tgz 1507ms (cache miss)
npm http fetch GET 200 https://registry.npmjs.com/cookie/-/cookie-1.1.1.tgz 1505ms (cache miss)
npm http fetch GET 200 https://registry.npmjs.com/node-mock-http/-/node-mock-http-1.0.4.tgz 1552ms (cache miss)
npm http fetch GET 200 https://registry.npmjs.com/postcss/-/postcss-8.5.14.tgz 1559ms (cache miss)
npm http fetch GET 200 https://registry.npmjs.com/p-queue/-/p-queue-8.1.1.tgz 1520ms (cache miss)
npm http fetch GET 200 https://registry.npmjs.com/node-fetch-native/-/node-fetch-native-1.6.7.tgz 1560ms (cache miss)
npm http fetch GET 200 https://registry.npmjs.com/tsconfck/-/tsconfck-3.1.6.tgz 1527ms (cache miss)
npm http fetch GET 200 https://registry.npmjs.com/common-ancestor-path/-/common-ancestor-path-1.0.1.tgz 1522ms (cache miss)
npm http fetch GET 200 https://registry.npmjs.com/debug/-/debug-4.4.3.tgz 1527ms (cache miss)
npm http fetch GET 200 https://registry.npmjs.com/dset/-/dset-3.1.4.tgz 1531ms (cache miss)
npm http fetch GET 200 https://registry.npmjs.com/@capsizecss/unpack/-/unpack-4.0.0.tgz 1535ms (cache miss)
npm http fetch GET 200 https://registry.npmjs.com/rehype/-/rehype-13.0.2.tgz 1542ms (cache miss)
npm http fetch GET 200 https://registry.npmjs.com/@oslojs/encoding/-/encoding-1.1.0.tgz 1555ms (cache miss)
npm http fetch GET 200 https://registry.npmjs.com/@astrojs/markdown-remark/-/markdown-remark-6.3.11.tgz 1555ms (cache miss)
npm http fetch GET 200 https://registry.npmjs.com/@rollup/pluginutils/-/pluginutils-5.3.0.tgz 1565ms (cache miss)
npm http fetch GET 200 https://registry.npmjs.com/ansi-regex/-/ansi-regex-5.0.1.tgz 1567ms (cache miss)
npm http fetch GET 200 https://registry.npmjs.com/@types/estree/-/estree-1.0.8.tgz 1567ms (cache miss)
npm http fetch GET 200 https://registry.npmjs.com/strip-ansi/-/strip-ansi-6.0.1.tgz 1573ms (cache miss)
npm http fetch GET 200 https://registry.npmjs.com/devalue/-/devalue-5.8.1.tgz 1584ms (cache miss)
npm http fetch GET 200 https://registry.npmjs.com/emoji-regex/-/emoji-regex-8.0.0.tgz 1579ms (cache miss)
npm http fetch GET 200 https://registry.npmjs.com/@rollup/rollup-linux-arm64-gnu/-/rollup-linux-arm64-gnu-4.60.4.tgz 1641ms (cache miss)
npm http fetch GET 200 https://registry.npmjs.com/magicast/-/magicast-0.5.3.tgz 1610ms (cache miss)
npm http fetch GET 200 https://registry.npmjs.com/esbuild/-/esbuild-0.25.12.tgz 1603ms (cache miss)
npm http fetch GET 200 https://registry.npmjs.com/@astrojs/internal-helpers/-/internal-helpers-0.7.6.tgz 1619ms (cache miss)
npm http fetch GET 200 https://registry.npmjs.com/neotraverse/-/neotraverse-0.6.18.tgz 1627ms (cache miss)
npm http fetch GET 200 https://registry.npmjs.com/import-meta-resolve/-/import-meta-resolve-4.2.0.tgz 1627ms (cache miss)
npm http fetch GET 200 https://registry.npmjs.com/smol-toml/-/smol-toml-1.6.1.tgz 1636ms (cache miss)
npm http fetch GET 200 https://registry.npmjs.com/@astrojs/telemetry/-/telemetry-3.3.0.tgz 1629ms (cache miss)
npm http fetch GET 200 https://registry.npmjs.com/string-width/-/string-width-4.2.3.tgz 1643ms (cache miss)
npm http fetch GET 200 https://registry.npmjs.com/vfile/-/vfile-6.0.3.tgz 1660ms (cache miss)
npm http fetch GET 200 https://registry.npmjs.com/picomatch/-/picomatch-2.3.2.tgz 1653ms (cache miss)
npm http fetch GET 200 https://registry.npmjs.com/magic-string/-/magic-string-0.30.21.tgz 1666ms (cache miss)
npm http fetch GET 200 https://registry.npmjs.com/acorn/-/acorn-8.16.0.tgz 1665ms (cache miss)
npm http fetch GET 200 https://registry.npmjs.com/oniguruma-to-es/-/oniguruma-to-es-4.3.6.tgz 1706ms (cache miss)
npm http fetch GET 200 https://registry.npmjs.com/estree-walker/-/estree-walker-2.0.2.tgz 1668ms (cache miss)
npm http fetch GET 200 https://registry.npmjs.com/parse-latin/-/parse-latin-7.0.0.tgz 1706ms (cache miss)
npm http fetch GET 200 https://registry.npmjs.com/@babel/parser/-/parser-7.29.3.tgz 1711ms (cache miss)
npm http fetch GET 200 https://registry.npmjs.com/crossws/-/crossws-0.3.5.tgz 1767ms (cache miss)
npm http fetch GET 200 https://registry.npmjs.com/hast-util-to-html/-/hast-util-to-html-9.0.5.tgz 1757ms (cache miss)
npm http fetch GET 200 https://registry.npmjs.com/ultrahtml/-/ultrahtml-1.6.0.tgz 1754ms (cache miss)
npm http fetch GET 200 https://registry.npmjs.com/regex/-/regex-6.1.0.tgz 1787ms (cache miss)
npm http fetch GET 200 https://registry.npmjs.com/sharp/-/sharp-0.34.5.tgz 1763ms (cache miss)
npm http fetch GET 200 https://registry.npmjs.com/js-yaml/-/js-yaml-4.1.1.tgz 1783ms (cache miss)
npm http fetch GET 200 https://registry.npmjs.com/mdn-data/-/mdn-data-2.0.28.tgz 1781ms (cache miss)
npm http fetch GET 200 https://registry.npmjs.com/rollup/-/rollup-4.60.4.tgz 1833ms (cache miss)
npm http fetch GET 200 https://registry.npmjs.com/semver/-/semver-7.8.0.tgz 1800ms (cache miss)
npm http fetch GET 200 https://registry.npmjs.com/domutils/-/domutils-3.2.2.tgz 1834ms (cache miss)
npm http fetch GET 200 https://registry.npmjs.com/property-information/-/property-information-7.1.0.tgz 1828ms (cache miss)
npm http fetch GET 200 https://registry.npmjs.com/micromark/-/micromark-4.0.2.tgz 1956ms (cache miss)
npm http fetch GET 200 https://registry.npmjs.com/vite/-/vite-6.4.2.tgz 1999ms (cache miss)
npm http fetch GET 200 https://registry.npmjs.com/prompts/-/prompts-2.4.2.tgz 2028ms (cache miss)
npm http fetch GET 200 https://registry.npmjs.com/mdast-util-to-hast/-/mdast-util-to-hast-13.2.1.tgz 2074ms (cache miss)
npm http fetch GET 200 https://registry.npmjs.com/parse5/-/parse5-7.3.0.tgz 2092ms (cache miss)
npm http fetch GET 200 https://registry.npmjs.com/entities/-/entities-4.5.0.tgz 2089ms (cache miss)
npm http fetch GET 200 https://registry.npmjs.com/csso/-/csso-5.0.5.tgz 2145ms (cache miss)
npm http fetch GET 200 https://registry.npmjs.com/@shikijs/themes/-/themes-3.23.0.tgz 2171ms (cache miss)
npm http fetch GET 200 https://registry.npmjs.com/entities/-/entities-6.0.1.tgz 2167ms (cache miss)
npm http fetch GET 200 https://registry.npmjs.com/micromark-core-commonmark/-/micromark-core-commonmark-2.0.3.tgz 2209ms (cache miss)
npm http fetch GET 200 https://registry.npmjs.com/css-select/-/css-select-5.2.2.tgz 2234ms (cache miss)
npm http fetch GET 200 https://registry.npmjs.com/type-fest/-/type-fest-4.41.0.tgz 2235ms (cache miss)
npm http fetch GET 200 https://registry.npmjs.com/@astrojs/compiler/-/compiler-2.13.1.tgz 2253ms (cache miss)
npm http fetch GET 200 https://registry.npmjs.com/lru-cache/-/lru-cache-11.3.6.tgz 2349ms (cache miss)
npm http fetch GET 200 https://registry.npmjs.com/mdast-util-to-markdown/-/mdast-util-to-markdown-2.1.2.tgz 2339ms (cache miss)
npm http fetch GET 200 https://registry.npmjs.com/oniguruma-parser/-/oniguruma-parser-0.12.2.tgz 2354ms (cache miss)
npm http fetch GET 200 https://registry.npmjs.com/unstorage/-/unstorage-1.17.5.tgz 2337ms (cache miss)
npm http fetch GET 200 https://registry.npmjs.com/diff/-/diff-8.0.4.tgz 2353ms (cache miss)
npm http fetch GET 200 https://registry.npmjs.com/@esbuild/linux-arm64/-/linux-arm64-0.27.7.tgz 2384ms (cache miss)
npm http fetch GET 200 https://registry.npmjs.com/svgo/-/svgo-4.0.1.tgz 2381ms (cache miss)
npm http fetch GET 200 https://registry.npmjs.com/@esbuild/linux-arm64/-/linux-arm64-0.25.12.tgz 2387ms (cache miss)
npm http fetch GET 200 https://registry.npmjs.com/zod-to-json-schema/-/zod-to-json-schema-3.25.2.tgz 2411ms (cache miss)
npm http fetch GET 200 https://registry.npmjs.com/axobject-query/-/axobject-query-4.1.0.tgz 2460ms (cache miss)
npm http fetch GET 200 https://registry.npmjs.com/@babel/types/-/types-7.29.0.tgz 2531ms (cache miss)
npm http fetch GET 200 https://registry.npmjs.com/@img/sharp-libvips-linux-arm64/-/sharp-libvips-linux-arm64-1.2.4.tgz 2579ms (cache miss)
npm http fetch GET 200 https://registry.npmjs.com/aria-query/-/aria-query-5.3.2.tgz 2604ms (cache miss)
npm http fetch GET 200 https://registry.npmjs.com/css-tree/-/css-tree-2.2.1.tgz 2660ms (cache miss)
npm http fetch GET 200 https://registry.npmjs.com/css-tree/-/css-tree-3.2.1.tgz 2717ms (cache miss)
npm http fetch GET 200 https://registry.npmjs.com/typescript/-/typescript-5.9.3.tgz 2756ms (cache miss)
npm http fetch GET 200 https://registry.npmjs.com/prismjs/-/prismjs-1.30.0.tgz 2821ms (cache miss)
npm http fetch GET 200 https://registry.npmjs.com/@shikijs/langs/-/langs-3.23.0.tgz 2867ms (cache miss)
npm http fetch GET 200 https://registry.npmjs.com/zod/-/zod-3.25.76.tgz 2939ms (cache miss)
npm http fetch GET 200 https://registry.npmjs.com/shiki/-/shiki-3.23.0.tgz 2957ms (cache miss)
npm http fetch GET 200 https://registry.npmjs.com/astro/-/astro-5.18.1.tgz 3099ms (cache miss)

added 278 packages in 47s
