npm http fetch GET 200 https://npm.pkg.github.com/vltsandbox/astro 508ms (cache miss)
npm http fetch GET 200 https://npm.pkg.github.com/vltsandbox/dlv 112ms (cache miss)
npm http fetch GET 200 https://npm.pkg.github.com/vltsandbox/clsx 224ms (cache miss)
npm http fetch GET 200 https://npm.pkg.github.com/vltsandbox/diff 120ms (cache miss)
npm http fetch GET 200 https://npm.pkg.github.com/vltsandbox/dset 122ms (cache miss)
npm http fetch GET 200 https://npm.pkg.github.com/vltsandbox/svgo 132ms (cache miss)
npm http fetch GET 200 https://npm.pkg.github.com/vltsandbox/zod 444ms (cache miss)
npm http fetch GET 200 https://npm.pkg.github.com/vltsandbox/acorn 117ms (cache miss)
npm http fetch GET 200 https://npm.pkg.github.com/vltsandbox/boxen 123ms (cache miss)
npm http fetch GET 200 https://npm.pkg.github.com/vltsandbox/debug 126ms (cache miss)
npm http fetch GET 200 https://npm.pkg.github.com/vltsandbox/shiki 125ms (cache miss)
npm http fetch GET 200 https://npm.pkg.github.com/vltsandbox/vfile 115ms (cache miss)
npm http fetch GET 200 https://npm.pkg.github.com/vltsandbox/cookie 130ms (cache miss)
npm http fetch GET 200 https://npm.pkg.github.com/vltsandbox/cssesc 116ms (cache miss)
npm http fetch GET 200 https://npm.pkg.github.com/vltsandbox/rehype 106ms (cache miss)
npm http fetch GET 200 https://npm.pkg.github.com/vltsandbox/mrmime 119ms (cache miss)
npm http fetch GET 200 https://npm.pkg.github.com/vltsandbox/semver 138ms (cache miss)
npm http fetch GET 200 https://npm.pkg.github.com/vltsandbox/vitefu 138ms (cache miss)
npm http fetch GET 200 https://npm.pkg.github.com/vltsandbox/ci-info 122ms (cache miss)
npm http fetch GET 200 https://npm.pkg.github.com/vltsandbox/devalue 140ms (cache miss)
npm http fetch GET 200 https://npm.pkg.github.com/vltsandbox/flattie 111ms (cache miss)
npm http fetch GET 200 https://npm.pkg.github.com/vltsandbox/esbuild 164ms (cache miss)
npm http fetch GET 200 https://npm.pkg.github.com/vltsandbox/fontace 113ms (cache miss)
npm http fetch GET 200 https://npm.pkg.github.com/vltsandbox/js-yaml 131ms (cache miss)
npm http fetch GET 200 https://npm.pkg.github.com/vltsandbox/p-limit 115ms (cache miss)
npm http fetch GET 200 https://npm.pkg.github.com/vltsandbox/vite 1299ms (cache miss)
npm http fetch GET 200 https://npm.pkg.github.com/vltsandbox/prompts 180ms (cache miss)
npm http fetch GET 200 https://npm.pkg.github.com/vltsandbox/p-queue 244ms (cache miss)
npm http fetch GET 200 https://npm.pkg.github.com/vltsandbox/magicast 109ms (cache miss)
npm http fetch GET 200 https://npm.pkg.github.com/vltsandbox/unifont 124ms (cache miss)
npm http fetch GET 200 https://npm.pkg.github.com/vltsandbox/tinyexec 131ms (cache miss)
npm http fetch GET 200 https://npm.pkg.github.com/vltsandbox/tsconfck 124ms (cache miss)
npm http fetch GET 200 https://npm.pkg.github.com/vltsandbox/piccolore 125ms (cache miss)
npm http fetch GET 200 https://npm.pkg.github.com/vltsandbox/picomatch 116ms (cache miss)
npm http fetch GET 200 https://npm.pkg.github.com/vltsandbox/smol-toml 116ms (cache miss)
npm http fetch GET 200 https://npm.pkg.github.com/vltsandbox/ultrahtml 123ms (cache miss)
npm http fetch GET 200 https://npm.pkg.github.com/vltsandbox/unstorage 120ms (cache miss)
npm http fetch GET 200 https://npm.pkg.github.com/vltsandbox/zod-to-ts 121ms (cache miss)
npm http fetch GET 200 https://npm.pkg.github.com/vltsandbox/aria-query 118ms (cache miss)
npm http fetch GET 200 https://npm.pkg.github.com/vltsandbox/tinyglobby 109ms (cache miss)
npm http fetch GET 200 https://npm.pkg.github.com/vltsandbox/neotraverse 109ms (cache miss)
npm http fetch GET 200 https://npm.pkg.github.com/vltsandbox/xxhash-wasm 115ms (cache miss)
npm http fetch GET 200 https://npm.pkg.github.com/vltsandbox/html-escaper 122ms (cache miss)
npm http fetch GET 200 https://npm.pkg.github.com/vltsandbox/magic-string 118ms (cache miss)
npm http fetch GET 200 https://npm.pkg.github.com/vltsandbox/yargs-parser 136ms (cache miss)
npm http fetch GET 200 https://npm.pkg.github.com/vltsandbox/estree-walker 153ms (cache miss)
npm http fetch GET 200 https://npm.pkg.github.com/vltsandbox/yocto-spinner 109ms (cache miss)
npm http fetch GET 200 https://npm.pkg.github.com/vltsandbox/axobject-query 125ms (cache miss)
npm http fetch GET 200 https://npm.pkg.github.com/vltsandbox/github-slugger 115ms (cache miss)
npm http fetch GET 200 https://npm.pkg.github.com/vltsandbox/es-module-lexer 119ms (cache miss)
npm http fetch GET 200 https://npm.pkg.github.com/vltsandbox/@oslojs%2fencoding 125ms (cache miss)
npm http fetch GET 200 https://npm.pkg.github.com/vltsandbox/unist-util-visit 119ms (cache miss)
npm http fetch GET 200 https://npm.pkg.github.com/vltsandbox/@astrojs%2fcompiler 165ms (cache miss)
npm http fetch GET 200 https://npm.pkg.github.com/vltsandbox/@astrojs%2ftelemetry 132ms (cache miss)
npm http fetch GET 200 https://npm.pkg.github.com/vltsandbox/@capsizecss%2funpack 129ms (cache miss)
npm http fetch GET 200 https://npm.pkg.github.com/vltsandbox/zod-to-json-schema 125ms (cache miss)
npm http fetch GET 200 https://npm.pkg.github.com/vltsandbox/@rollup%2fpluginutils 120ms (cache miss)
npm http fetch GET 200 https://npm.pkg.github.com/vltsandbox/import-meta-resolve 126ms (cache miss)
npm http fetch GET 200 https://npm.pkg.github.com/vltsandbox/common-ancestor-path 106ms (cache miss)
npm http fetch GET 200 https://npm.pkg.github.com/vltsandbox/http-cache-semantics 113ms (cache miss)
npm http fetch GET 200 https://npm.pkg.github.com/vltsandbox/@astrojs%2fmarkdown-remark 145ms (cache miss)
npm http fetch GET 200 https://npm.pkg.github.com/vltsandbox/package-manager-detector 129ms (cache miss)
npm http fetch GET 200 https://npm.pkg.github.com/vltsandbox/@astrojs%2finternal-helpers 132ms (cache miss)
npm http fetch GET 200 https://npm.pkg.github.com/vltsandbox/deterministic-object-hash 108ms (cache miss)
npm http fetch GET 200 https://npm.pkg.github.com/vltsandbox/sharp 135ms (cache miss)
npm http fetch GET 200 https://npm.pkg.github.com/vltsandbox/typescript 349ms (cache miss)
npm http fetch GET 200 https://npm.pkg.github.com/vltsandbox/remark-gfm 114ms (cache miss)
npm http fetch GET 200 https://npm.pkg.github.com/vltsandbox/rehype-raw 121ms (cache miss)
npm http fetch GET 200 https://npm.pkg.github.com/vltsandbox/unified 135ms (cache miss)
npm http fetch GET 200 https://npm.pkg.github.com/vltsandbox/remark-rehype 126ms (cache miss)
npm http fetch GET 200 https://npm.pkg.github.com/vltsandbox/@astrojs%2fprism 126ms (cache miss)
npm http fetch GET 200 https://npm.pkg.github.com/vltsandbox/remark-parse 158ms (cache miss)
npm http fetch GET 200 https://npm.pkg.github.com/vltsandbox/rehype-stringify 111ms (cache miss)
npm http fetch GET 200 https://npm.pkg.github.com/vltsandbox/hast-util-to-text 114ms (cache miss)
npm http fetch GET 200 https://npm.pkg.github.com/vltsandbox/remark-smartypants 117ms (cache miss)
npm http fetch GET 200 https://npm.pkg.github.com/vltsandbox/hast-util-from-html 111ms (cache miss)
npm http fetch GET 200 https://npm.pkg.github.com/vltsandbox/mdast-util-definitions 123ms (cache miss)
npm http fetch GET 200 https://npm.pkg.github.com/vltsandbox/unist-util-visit-parents 118ms (cache miss)
npm http fetch GET 200 https://npm.pkg.github.com/vltsandbox/unist-util-remove-position 116ms (cache miss)
npm http fetch GET 200 https://npm.pkg.github.com/vltsandbox/debug 125ms (cache updated)
npm http fetch GET 200 https://npm.pkg.github.com/vltsandbox/is-wsl 119ms (cache miss)
npm http fetch GET 200 https://npm.pkg.github.com/vltsandbox/ci-info 127ms (cache updated)
npm http fetch GET 200 https://npm.pkg.github.com/vltsandbox/which-pm-runs 112ms (cache miss)
npm http fetch GET 200 https://npm.pkg.github.com/vltsandbox/is-docker 115ms (cache miss)
npm http fetch GET 200 https://npm.pkg.github.com/vltsandbox/fontkitten 110ms (cache miss)
npm http fetch GET 200 https://npm.pkg.github.com/vltsandbox/estree-walker 114ms (cache updated)
npm http fetch GET 200 https://npm.pkg.github.com/vltsandbox/@types%2festree 125ms (cache miss)
npm http fetch GET 200 https://npm.pkg.github.com/vltsandbox/chalk 125ms (cache miss)
npm http fetch GET 200 https://npm.pkg.github.com/vltsandbox/camelcase 119ms (cache miss)
npm http fetch GET 200 https://npm.pkg.github.com/vltsandbox/picomatch 159ms (cache updated)
npm http fetch GET 200 https://npm.pkg.github.com/vltsandbox/cli-boxes 105ms (cache miss)
npm http fetch GET 200 https://npm.pkg.github.com/vltsandbox/wrap-ansi 107ms (cache miss)
npm http fetch GET 200 https://npm.pkg.github.com/vltsandbox/type-fest 138ms (cache miss)
npm http fetch GET 200 https://npm.pkg.github.com/vltsandbox/widest-line 109ms (cache miss)
npm http fetch GET 200 https://npm.pkg.github.com/vltsandbox/ansi-align 123ms (cache miss)
npm http fetch GET 200 https://npm.pkg.github.com/vltsandbox/string-width 126ms (cache miss)
npm http fetch GET 200 https://npm.pkg.github.com/vltsandbox/ms 112ms (cache miss)
npm http fetch GET 200 https://npm.pkg.github.com/vltsandbox/base-64 118ms (cache miss)
npm http fetch GET 200 https://npm.pkg.github.com/vltsandbox/@esbuild%2faix-ppc64 157ms (cache miss)
npm http fetch GET 200 https://npm.pkg.github.com/vltsandbox/@esbuild%2flinux-arm 129ms (cache miss)
npm http fetch GET 200 https://npm.pkg.github.com/vltsandbox/@esbuild%2flinux-x64 121ms (cache miss)
npm http fetch GET 200 https://npm.pkg.github.com/vltsandbox/@esbuild%2fsunos-x64 129ms (cache miss)
npm http fetch GET 200 https://npm.pkg.github.com/vltsandbox/@esbuild%2fdarwin-x64 129ms (cache miss)
npm http fetch GET 200 https://npm.pkg.github.com/vltsandbox/@esbuild%2fwin32-x64 161ms (cache miss)
npm http fetch GET 200 https://npm.pkg.github.com/vltsandbox/@esbuild%2flinux-ia32 130ms (cache miss)
npm http fetch GET 200 https://npm.pkg.github.com/vltsandbox/@esbuild%2fnetbsd-x64 132ms (cache miss)
npm http fetch GET 200 https://npm.pkg.github.com/vltsandbox/@esbuild%2fwin32-ia32 142ms (cache miss)
npm http fetch GET 200 https://npm.pkg.github.com/vltsandbox/@esbuild%2fandroid-arm 132ms (cache miss)
npm http fetch GET 200 https://npm.pkg.github.com/vltsandbox/@esbuild%2fandroid-x64 127ms (cache miss)
npm http fetch GET 200 https://npm.pkg.github.com/vltsandbox/@esbuild%2ffreebsd-x64 134ms (cache miss)
npm http fetch GET 200 https://npm.pkg.github.com/vltsandbox/@esbuild%2flinux-arm64 133ms (cache miss)
npm http fetch GET 200 https://npm.pkg.github.com/vltsandbox/@esbuild%2flinux-ppc64 131ms (cache miss)
npm http fetch GET 200 https://npm.pkg.github.com/vltsandbox/@esbuild%2flinux-s390x 142ms (cache miss)
npm http fetch GET 200 https://npm.pkg.github.com/vltsandbox/@esbuild%2fopenbsd-x64 129ms (cache miss)
npm http fetch GET 200 https://npm.pkg.github.com/vltsandbox/@esbuild%2fwin32-arm64 128ms (cache miss)
npm http fetch GET 200 https://npm.pkg.github.com/vltsandbox/@esbuild%2fdarwin-arm64 125ms (cache miss)
npm http fetch GET 200 https://npm.pkg.github.com/vltsandbox/@esbuild%2fnetbsd-arm64 117ms (cache miss)
npm http fetch GET 200 https://npm.pkg.github.com/vltsandbox/@esbuild%2fandroid-arm64 133ms (cache miss)
npm http fetch GET 200 https://npm.pkg.github.com/vltsandbox/@esbuild%2ffreebsd-arm64 126ms (cache miss)
npm http fetch GET 200 https://npm.pkg.github.com/vltsandbox/@esbuild%2flinux-loong64 125ms (cache miss)
npm http fetch GET 200 https://npm.pkg.github.com/vltsandbox/@esbuild%2flinux-riscv64 145ms (cache miss)
npm http fetch GET 200 https://npm.pkg.github.com/vltsandbox/@esbuild%2fopenbsd-arm64 122ms (cache miss)
npm http fetch GET 200 https://npm.pkg.github.com/vltsandbox/@esbuild%2flinux-mips64el 130ms (cache miss)
npm http fetch GET 200 https://npm.pkg.github.com/vltsandbox/@esbuild%2fopenharmony-arm64 126ms (cache miss)
npm http fetch GET 200 https://npm.pkg.github.com/vltsandbox/fontkitten 121ms (cache updated)
npm http fetch GET 200 https://npm.pkg.github.com/vltsandbox/argparse 117ms (cache miss)
npm http fetch GET 200 https://npm.pkg.github.com/vltsandbox/@jridgewell%2fsourcemap-codec 138ms (cache miss)
npm http fetch GET 200 https://npm.pkg.github.com/vltsandbox/@babel%2ftypes 137ms (cache miss)
npm http fetch GET 200 https://npm.pkg.github.com/vltsandbox/@babel%2fparser 131ms (cache miss)
npm http fetch GET 200 https://npm.pkg.github.com/vltsandbox/source-map-js 125ms (cache miss)
npm http fetch GET 200 https://npm.pkg.github.com/vltsandbox/yocto-queue 108ms (cache miss)
npm http fetch GET 200 https://npm.pkg.github.com/vltsandbox/p-timeout 109ms (cache miss)
npm http fetch GET 200 https://npm.pkg.github.com/vltsandbox/eventemitter3 116ms (cache miss)
npm http fetch GET 200 https://npm.pkg.github.com/vltsandbox/kleur 117ms (cache miss)
npm http fetch GET 200 https://npm.pkg.github.com/vltsandbox/sisteransi 108ms (cache miss)
npm http fetch GET 200 https://npm.pkg.github.com/vltsandbox/@types%2fhast 117ms (cache miss)
npm http fetch GET 200 https://npm.pkg.github.com/vltsandbox/rehype-parse 124ms (cache miss)
npm http fetch GET 200 https://npm.pkg.github.com/vltsandbox/rehype-stringify 112ms (cache updated)
npm http fetch GET 200 https://npm.pkg.github.com/vltsandbox/detect-libc 109ms (cache miss)
npm http fetch GET 200 https://npm.pkg.github.com/vltsandbox/@img%2fcolour 123ms (cache miss)
npm http fetch GET 200 https://npm.pkg.github.com/vltsandbox/unified 142ms (cache updated)
npm http fetch GET 200 https://npm.pkg.github.com/vltsandbox/@img%2fsharp-wasm32 129ms (cache miss)
npm http fetch GET 200 https://npm.pkg.github.com/vltsandbox/@img%2fsharp-linux-x64 121ms (cache miss)
npm http fetch GET 200 https://npm.pkg.github.com/vltsandbox/@img%2fsharp-linux-arm 133ms (cache miss)
npm http fetch GET 200 https://npm.pkg.github.com/vltsandbox/@img%2fsharp-win32-x64 140ms (cache miss)
npm http fetch GET 200 https://npm.pkg.github.com/vltsandbox/@img%2fsharp-win32-ia32 132ms (cache miss)
npm http fetch GET 200 https://npm.pkg.github.com/vltsandbox/@img%2fsharp-darwin-x64 137ms (cache miss)
npm http fetch GET 200 https://npm.pkg.github.com/vltsandbox/@img%2fsharp-linux-arm64 122ms (cache miss)
npm http fetch GET 200 https://npm.pkg.github.com/vltsandbox/@img%2fsharp-linux-s390x 119ms (cache miss)
npm http fetch GET 200 https://npm.pkg.github.com/vltsandbox/@img%2fsharp-linux-ppc64 125ms (cache miss)
npm http fetch GET 200 https://npm.pkg.github.com/vltsandbox/@img%2fsharp-win32-arm64 126ms (cache miss)
npm http fetch GET 200 https://npm.pkg.github.com/vltsandbox/@img%2fsharp-darwin-arm64 129ms (cache miss)
npm http fetch GET 200 https://npm.pkg.github.com/vltsandbox/@img%2fsharp-linux-riscv64 154ms (cache miss)
npm http fetch GET 200 https://npm.pkg.github.com/vltsandbox/@img%2fsharp-linuxmusl-x64 116ms (cache miss)
npm http fetch GET 200 https://npm.pkg.github.com/vltsandbox/@img%2fsharp-linuxmusl-arm64 135ms (cache miss)
npm http fetch GET 200 https://npm.pkg.github.com/vltsandbox/@img%2fsharp-libvips-linux-arm 121ms (cache miss)
npm http fetch GET 200 https://npm.pkg.github.com/vltsandbox/@img%2fsharp-libvips-linux-x64 122ms (cache miss)
npm http fetch GET 200 https://npm.pkg.github.com/vltsandbox/@img%2fsharp-libvips-linux-arm64 118ms (cache miss)
npm http fetch GET 200 https://npm.pkg.github.com/vltsandbox/@img%2fsharp-libvips-darwin-x64 148ms (cache miss)
npm http fetch GET 200 https://npm.pkg.github.com/vltsandbox/@img%2fsharp-libvips-linux-ppc64 119ms (cache miss)
npm http fetch GET 200 https://npm.pkg.github.com/vltsandbox/@img%2fsharp-libvips-linux-s390x 129ms (cache miss)
npm http fetch GET 200 https://npm.pkg.github.com/vltsandbox/@img%2fsharp-libvips-darwin-arm64 120ms (cache miss)
npm http fetch GET 200 https://npm.pkg.github.com/vltsandbox/@img%2fsharp-libvips-linux-riscv64 126ms (cache miss)
npm http fetch GET 200 https://npm.pkg.github.com/vltsandbox/@img%2fsharp-libvips-linuxmusl-arm64 134ms (cache miss)
npm http fetch GET 200 https://npm.pkg.github.com/vltsandbox/@img%2fsharp-libvips-linuxmusl-x64 151ms (cache miss)
npm http fetch GET 200 https://npm.pkg.github.com/vltsandbox/@types%2fhast 114ms (cache updated)
npm http fetch GET 200 https://npm.pkg.github.com/vltsandbox/@shikijs%2flangs 137ms (cache miss)
npm http fetch GET 200 https://npm.pkg.github.com/vltsandbox/@shikijs%2fcore 155ms (cache miss)
npm http fetch GET 200 https://npm.pkg.github.com/vltsandbox/@shikijs%2ftypes 118ms (cache miss)
npm http fetch GET 200 https://npm.pkg.github.com/vltsandbox/@shikijs%2fthemes 122ms (cache miss)
npm http fetch GET 200 https://npm.pkg.github.com/vltsandbox/@shikijs%2fvscode-textmate 138ms (cache miss)
npm http fetch GET 200 https://npm.pkg.github.com/vltsandbox/@shikijs%2fengine-oniguruma 126ms (cache miss)
npm http fetch GET 200 https://npm.pkg.github.com/vltsandbox/@shikijs%2fengine-javascript 123ms (cache miss)
npm http fetch GET 200 https://npm.pkg.github.com/vltsandbox/sax 117ms (cache miss)
npm http fetch GET 200 https://npm.pkg.github.com/vltsandbox/csso 118ms (cache miss)
npm http fetch GET 200 https://npm.pkg.github.com/vltsandbox/css-tree 110ms (cache miss)
npm http fetch GET 200 https://npm.pkg.github.com/vltsandbox/css-what 124ms (cache miss)
npm http fetch GET 200 https://npm.pkg.github.com/vltsandbox/commander 140ms (cache miss)
npm http fetch GET 200 https://npm.pkg.github.com/vltsandbox/css-select 114ms (cache miss)
npm http fetch GET 200 https://npm.pkg.github.com/vltsandbox/picocolors 114ms (cache miss)
npm http fetch GET 200 https://npm.pkg.github.com/vltsandbox/fdir 114ms (cache miss)
npm http fetch GET 200 https://npm.pkg.github.com/vltsandbox/ohash 118ms (cache miss)
npm http fetch GET 200 https://npm.pkg.github.com/vltsandbox/undici 135ms (cache miss)
npm http fetch GET 200 https://npm.pkg.github.com/vltsandbox/css-tree 133ms (cache updated)
npm http fetch GET 200 https://npm.pkg.github.com/vltsandbox/@types%2funist 116ms (cache miss)
npm http fetch GET 200 https://npm.pkg.github.com/vltsandbox/unist-util-is 124ms (cache miss)
npm http fetch GET 200 https://npm.pkg.github.com/vltsandbox/unist-util-visit-parents 120ms (cache updated)
npm http fetch GET 200 https://npm.pkg.github.com/vltsandbox/h3 133ms (cache miss)
npm http fetch GET 200 https://npm.pkg.github.com/vltsandbox/ufo 121ms (cache miss)
npm http fetch GET 200 https://npm.pkg.github.com/vltsandbox/destr 111ms (cache miss)
npm http fetch GET 200 https://npm.pkg.github.com/vltsandbox/ofetch 111ms (cache miss)
npm http fetch GET 200 https://npm.pkg.github.com/vltsandbox/anymatch 121ms (cache miss)
npm http fetch GET 200 https://npm.pkg.github.com/vltsandbox/chokidar 136ms (cache miss)
npm http fetch GET 200 https://npm.pkg.github.com/vltsandbox/lru-cache 125ms (cache miss)
npm http fetch GET 200 https://npm.pkg.github.com/vltsandbox/node-fetch-native 117ms (cache miss)
npm http fetch GET 200 https://npm.pkg.github.com/vltsandbox/vfile-message 122ms (cache miss)
npm http fetch GET 200 https://npm.pkg.github.com/vltsandbox/fdir 112ms (cache updated)
npm http fetch GET 200 https://npm.pkg.github.com/vltsandbox/esbuild 175ms (cache updated)
npm http fetch GET 200 https://npm.pkg.github.com/vltsandbox/postcss 148ms (cache miss)
npm http fetch GET 200 https://npm.pkg.github.com/vltsandbox/rollup 232ms (cache miss)
npm http fetch GET 200 https://npm.pkg.github.com/vltsandbox/fsevents 140ms (cache miss)
npm http fetch GET 200 https://npm.pkg.github.com/vltsandbox/yoctocolors 126ms (cache miss)
npm http fetch GET 200 https://npm.pkg.github.com/vltsandbox/prismjs 115ms (cache miss)
npm http fetch GET 200 https://npm.pkg.github.com/vltsandbox/devlop 122ms (cache miss)
npm http fetch GET 200 https://npm.pkg.github.com/vltsandbox/hast-util-from-parse5 124ms (cache miss)
npm http fetch GET 200 https://npm.pkg.github.com/vltsandbox/parse5 121ms (cache miss)
npm http fetch GET 200 https://npm.pkg.github.com/vltsandbox/hast-util-is-element 118ms (cache miss)
npm http fetch GET 200 https://npm.pkg.github.com/vltsandbox/unist-util-find-after 120ms (cache miss)
npm http fetch GET 200 https://npm.pkg.github.com/vltsandbox/hast-util-raw 113ms (cache miss)
npm http fetch GET 200 https://npm.pkg.github.com/vltsandbox/@types%2fmdast 126ms (cache miss)
npm http fetch GET 200 https://npm.pkg.github.com/vltsandbox/hast-util-to-html 122ms (cache miss)
npm http fetch GET 200 https://npm.pkg.github.com/vltsandbox/@types%2fmdast 116ms (cache miss)
npm http fetch GET 200 https://npm.pkg.github.com/vltsandbox/mdast-util-gfm 112ms (cache miss)
npm http fetch GET 200 https://npm.pkg.github.com/vltsandbox/micromark-extension-gfm 111ms (cache miss)
npm http fetch GET 200 https://npm.pkg.github.com/vltsandbox/remark-stringify 108ms (cache miss)
npm http fetch GET 200 https://npm.pkg.github.com/vltsandbox/mdast-util-from-markdown 176ms (cache miss)
npm http fetch GET 200 https://npm.pkg.github.com/vltsandbox/micromark-util-types 174ms (cache miss)
npm http fetch GET 200 https://npm.pkg.github.com/vltsandbox/mdast-util-to-hast 132ms (cache miss)
npm http fetch GET 200 https://npm.pkg.github.com/vltsandbox/retext 117ms (cache miss)
npm http fetch GET 200 https://npm.pkg.github.com/vltsandbox/retext-smartypants 119ms (cache miss)
npm http fetch GET 200 https://npm.pkg.github.com/vltsandbox/unified 129ms (cache updated)
npm http fetch GET 200 https://npm.pkg.github.com/vltsandbox/devlop 115ms (cache updated)
npm http fetch GET 200 https://npm.pkg.github.com/vltsandbox/bail 125ms (cache miss)
npm http fetch GET 200 https://npm.pkg.github.com/vltsandbox/extend 111ms (cache miss)
npm http fetch GET 200 https://npm.pkg.github.com/vltsandbox/is-plain-obj 107ms (cache miss)
npm http fetch GET 200 https://npm.pkg.github.com/vltsandbox/trough 104ms (cache miss)
npm http fetch GET 200 https://npm.pkg.github.com/vltsandbox/is-inside-container 121ms (cache miss)
npm http fetch GET 200 https://npm.pkg.github.com/vltsandbox/tiny-inflate 162ms (cache miss)
npm http fetch GET 200 https://npm.pkg.github.com/vltsandbox/string-width 110ms (cache updated)
npm http fetch GET 200 https://npm.pkg.github.com/vltsandbox/strip-ansi 118ms (cache miss)
npm http fetch GET 200 https://npm.pkg.github.com/vltsandbox/emoji-regex 120ms (cache miss)
npm http fetch GET 200 https://npm.pkg.github.com/vltsandbox/ansi-styles 109ms (cache miss)
npm http fetch GET 200 https://npm.pkg.github.com/vltsandbox/get-east-asian-width 124ms (cache miss)
npm http fetch GET 200 https://npm.pkg.github.com/vltsandbox/is-fullwidth-code-point 125ms (cache miss)
npm http fetch GET 200 https://npm.pkg.github.com/vltsandbox/strip-ansi 128ms (cache updated)
npm http fetch GET 200 https://npm.pkg.github.com/vltsandbox/emoji-regex 136ms (cache updated)
npm http fetch GET 200 https://npm.pkg.github.com/vltsandbox/hastscript 112ms (cache miss)
npm http fetch GET 200 https://npm.pkg.github.com/vltsandbox/@types%2funist 117ms (cache updated)
npm http fetch GET 200 https://npm.pkg.github.com/vltsandbox/dequal 119ms (cache miss)
npm http fetch GET 200 https://npm.pkg.github.com/vltsandbox/vfile-location 114ms (cache miss)
npm http fetch GET 200 https://npm.pkg.github.com/vltsandbox/web-namespaces 114ms (cache miss)
npm http fetch GET 200 https://npm.pkg.github.com/vltsandbox/property-information 122ms (cache miss)
npm http fetch GET 200 https://npm.pkg.github.com/vltsandbox/unist-util-stringify-position 111ms (cache miss)
npm http fetch GET 200 https://npm.pkg.github.com/vltsandbox/entities 141ms (cache miss)
npm http fetch GET 200 https://npm.pkg.github.com/vltsandbox/space-separated-tokens 113ms (cache miss)
npm http fetch GET 200 https://npm.pkg.github.com/vltsandbox/comma-separated-tokens 129ms (cache miss)
npm http fetch GET 200 https://npm.pkg.github.com/vltsandbox/hast-util-parse-selector 130ms (cache miss)
npm http fetch GET 200 https://npm.pkg.github.com/vltsandbox/@babel%2fhelper-string-parser 120ms (cache miss)
npm http fetch GET 200 https://npm.pkg.github.com/vltsandbox/@babel%2fhelper-validator-identifier 122ms (cache miss)
npm http fetch GET 200 https://npm.pkg.github.com/vltsandbox/@babel%2ftypes 130ms (cache updated)
npm http fetch GET 200 https://npm.pkg.github.com/vltsandbox/html-void-elements 114ms (cache miss)
npm http fetch GET 200 https://npm.pkg.github.com/vltsandbox/hast-util-to-parse5 125ms (cache miss)
npm http fetch GET 200 https://npm.pkg.github.com/vltsandbox/@ungap%2fstructured-clone 130ms (cache miss)
npm http fetch GET 200 https://npm.pkg.github.com/vltsandbox/zwitch 114ms (cache miss)
npm http fetch GET 200 https://npm.pkg.github.com/vltsandbox/unist-util-position 127ms (cache miss)
npm http fetch GET 200 https://npm.pkg.github.com/vltsandbox/micromark-util-sanitize-uri 114ms (cache miss)
npm http fetch GET 200 https://npm.pkg.github.com/vltsandbox/trim-lines 138ms (cache miss)
npm http fetch GET 200 https://npm.pkg.github.com/vltsandbox/micromark-util-encode 110ms (cache miss)
npm http fetch GET 200 https://npm.pkg.github.com/vltsandbox/micromark-util-symbol 116ms (cache miss)
npm http fetch GET 200 https://npm.pkg.github.com/vltsandbox/micromark-util-character 132ms (cache miss)
npm http fetch GET 200 https://npm.pkg.github.com/vltsandbox/hast-util-whitespace 111ms (cache miss)
npm http fetch GET 200 https://npm.pkg.github.com/vltsandbox/ccount 112ms (cache miss)
npm http fetch GET 200 https://npm.pkg.github.com/vltsandbox/stringify-entities 129ms (cache miss)
npm http fetch GET 200 https://npm.pkg.github.com/vltsandbox/character-entities-html4 114ms (cache miss)
npm http fetch GET 200 https://npm.pkg.github.com/vltsandbox/character-entities-legacy 120ms (cache miss)
npm http fetch GET 200 https://npm.pkg.github.com/vltsandbox/mdast-util-gfm-autolink-literal 107ms (cache miss)
npm http fetch GET 200 https://npm.pkg.github.com/vltsandbox/mdast-util-gfm-footnote 125ms (cache miss)
npm http fetch GET 200 https://npm.pkg.github.com/vltsandbox/mdast-util-gfm-strikethrough 155ms (cache miss)
npm http fetch GET 200 https://npm.pkg.github.com/vltsandbox/mdast-util-gfm-table 114ms (cache miss)
npm http fetch GET 200 https://npm.pkg.github.com/vltsandbox/mdast-util-gfm-task-list-item 119ms (cache miss)
npm http fetch GET 200 https://npm.pkg.github.com/vltsandbox/mdast-util-to-markdown 117ms (cache miss)
npm http fetch GET 200 https://npm.pkg.github.com/vltsandbox/micromark-extension-gfm-autolink-literal 117ms (cache miss)
npm http fetch GET 200 https://npm.pkg.github.com/vltsandbox/micromark-extension-gfm-footnote 116ms (cache miss)
npm http fetch GET 200 https://npm.pkg.github.com/vltsandbox/micromark-extension-gfm-strikethrough 123ms (cache miss)
npm http fetch GET 200 https://npm.pkg.github.com/vltsandbox/micromark-extension-gfm-tagfilter 126ms (cache miss)
npm http fetch GET 200 https://npm.pkg.github.com/vltsandbox/micromark-extension-gfm-table 153ms (cache miss)
npm http fetch GET 200 https://npm.pkg.github.com/vltsandbox/micromark-extension-gfm-task-list-item 119ms (cache miss)
npm http fetch GET 200 https://npm.pkg.github.com/vltsandbox/micromark-util-combine-extensions 116ms (cache miss)
npm http fetch GET 200 https://npm.pkg.github.com/vltsandbox/decode-named-character-reference 110ms (cache miss)
npm http fetch GET 200 https://npm.pkg.github.com/vltsandbox/mdast-util-to-string 116ms (cache miss)
npm http fetch GET 200 https://npm.pkg.github.com/vltsandbox/micromark 119ms (cache miss)
npm http fetch GET 200 https://npm.pkg.github.com/vltsandbox/micromark-util-decode-string 119ms (cache miss)
npm http fetch GET 200 https://npm.pkg.github.com/vltsandbox/micromark-util-decode-numeric-character-reference 127ms (cache miss)
npm http fetch GET 200 https://npm.pkg.github.com/vltsandbox/micromark-util-normalize-identifier 119ms (cache miss)
npm http fetch GET 200 https://npm.pkg.github.com/vltsandbox/micromark-util-normalize-identifier 113ms (cache miss)
npm http fetch GET 200 https://npm.pkg.github.com/vltsandbox/mdast-util-find-and-replace 117ms (cache miss)
npm http fetch GET 200 https://npm.pkg.github.com/vltsandbox/markdown-table 131ms (cache miss)
npm http fetch GET 200 https://npm.pkg.github.com/vltsandbox/longest-streak 108ms (cache miss)
npm http fetch GET 200 https://npm.pkg.github.com/vltsandbox/mdast-util-phrasing 115ms (cache miss)
npm http fetch GET 200 https://npm.pkg.github.com/vltsandbox/micromark-util-html-tag-name 112ms (cache miss)
npm http fetch GET 200 https://npm.pkg.github.com/vltsandbox/micromark-util-classify-character 154ms (cache miss)
npm http fetch GET 200 https://npm.pkg.github.com/vltsandbox/character-entities 109ms (cache miss)
npm http fetch GET 200 https://npm.pkg.github.com/vltsandbox/micromark-util-chunked 113ms (cache miss)
npm http fetch GET 200 https://npm.pkg.github.com/vltsandbox/@types%2fdebug 122ms (cache miss)
npm http fetch GET 200 https://npm.pkg.github.com/vltsandbox/micromark-util-edit-map 110ms (cache miss)
npm http fetch GET 200 https://npm.pkg.github.com/vltsandbox/micromark-factory-space 121ms (cache miss)
npm http fetch GET 200 https://npm.pkg.github.com/vltsandbox/micromark-core-commonmark 113ms (cache miss)
npm http fetch GET 200 https://npm.pkg.github.com/vltsandbox/micromark-util-subtokenize 124ms (cache miss)
npm http fetch GET 200 https://npm.pkg.github.com/vltsandbox/micromark-util-resolve-all 149ms (cache miss)
npm http fetch GET 200 https://npm.pkg.github.com/vltsandbox/escape-string-regexp 113ms (cache miss)
npm http fetch GET 200 https://npm.pkg.github.com/vltsandbox/micromark-factory-space 115ms (cache updated)
npm http fetch GET 200 https://npm.pkg.github.com/vltsandbox/@types%2fms 116ms (cache miss)
npm http fetch GET 200 https://npm.pkg.github.com/vltsandbox/micromark-factory-label 121ms (cache miss)
npm http fetch GET 200 https://npm.pkg.github.com/vltsandbox/micromark-factory-title 115ms (cache miss)
npm http fetch GET 200 https://npm.pkg.github.com/vltsandbox/micromark-factory-whitespace 115ms (cache miss)
npm http fetch GET 200 https://npm.pkg.github.com/vltsandbox/micromark-factory-destination 121ms (cache miss)
npm http fetch GET 200 https://npm.pkg.github.com/vltsandbox/retext-latin 111ms (cache miss)
npm http fetch GET 200 https://npm.pkg.github.com/vltsandbox/@types%2fnlcst 125ms (cache miss)
npm http fetch GET 200 https://npm.pkg.github.com/vltsandbox/retext-stringify 131ms (cache miss)
npm http fetch GET 200 https://npm.pkg.github.com/vltsandbox/@types%2fnlcst 122ms (cache miss)
npm http fetch GET 200 https://npm.pkg.github.com/vltsandbox/nlcst-to-string 113ms (cache miss)
npm http fetch GET 200 https://npm.pkg.github.com/vltsandbox/parse-latin 113ms (cache miss)
npm http fetch GET 200 https://npm.pkg.github.com/vltsandbox/unist-util-visit-children 111ms (cache miss)
npm http fetch GET 200 https://npm.pkg.github.com/vltsandbox/unist-util-modify-children 122ms (cache miss)
npm http fetch GET 200 https://npm.pkg.github.com/vltsandbox/array-iterate 121ms (cache miss)
npm http fetch GET 200 https://npm.pkg.github.com/vltsandbox/@emnapi%2fruntime 143ms (cache miss)
npm http fetch GET 200 https://npm.pkg.github.com/vltsandbox/tslib 117ms (cache miss)
npm http fetch GET 200 https://npm.pkg.github.com/vltsandbox/oniguruma-to-es 119ms (cache miss)
npm http fetch GET 200 https://npm.pkg.github.com/vltsandbox/regex-recursion 112ms (cache miss)
npm http fetch GET 200 https://npm.pkg.github.com/vltsandbox/oniguruma-parser 114ms (cache miss)
npm http fetch GET 200 https://npm.pkg.github.com/vltsandbox/regex 116ms (cache miss)
npm http fetch GET 200 https://npm.pkg.github.com/vltsandbox/regex-utilities 105ms (cache miss)
npm http fetch GET 200 https://npm.pkg.github.com/vltsandbox/regex-utilities 114ms (cache miss)
npm http fetch GET 200 https://npm.pkg.github.com/vltsandbox/ansi-regex 123ms (cache miss)
npm http fetch GET 200 https://npm.pkg.github.com/vltsandbox/boolbase 109ms (cache miss)
npm http fetch GET 200 https://npm.pkg.github.com/vltsandbox/nth-check 113ms (cache miss)
npm http fetch GET 200 https://npm.pkg.github.com/vltsandbox/domutils 120ms (cache miss)
npm http fetch GET 200 https://npm.pkg.github.com/vltsandbox/domhandler 109ms (cache miss)
npm http fetch GET 200 https://npm.pkg.github.com/vltsandbox/mdn-data 114ms (cache miss)
npm http fetch GET 200 https://npm.pkg.github.com/vltsandbox/css-tree 118ms (cache updated)
npm http fetch GET 200 https://npm.pkg.github.com/vltsandbox/domelementtype 113ms (cache miss)
npm http fetch GET 200 https://npm.pkg.github.com/vltsandbox/domelementtype 117ms (cache miss)
npm http fetch GET 200 https://npm.pkg.github.com/vltsandbox/dom-serializer 118ms (cache miss)
npm http fetch GET 200 https://npm.pkg.github.com/vltsandbox/mdn-data 120ms (cache updated)
npm http fetch GET 200 https://npm.pkg.github.com/vltsandbox/entities 156ms (cache updated)
npm http fetch GET 200 https://npm.pkg.github.com/vltsandbox/picomatch 111ms (cache updated)
npm http fetch GET 200 https://npm.pkg.github.com/vltsandbox/normalize-path 110ms (cache miss)
npm http fetch GET 200 https://npm.pkg.github.com/vltsandbox/picomatch 120ms (cache updated)
npm http fetch GET 200 https://npm.pkg.github.com/vltsandbox/readdirp 131ms (cache miss)
npm http fetch GET 200 https://npm.pkg.github.com/vltsandbox/defu 132ms (cache miss)
npm http fetch GET 200 https://npm.pkg.github.com/vltsandbox/radix3 126ms (cache miss)
npm http fetch GET 200 https://npm.pkg.github.com/vltsandbox/crossws 169ms (cache miss)
npm http fetch GET 200 https://npm.pkg.github.com/vltsandbox/uncrypto 116ms (cache miss)
npm http fetch GET 200 https://npm.pkg.github.com/vltsandbox/cookie-es 115ms (cache miss)
npm http fetch GET 200 https://npm.pkg.github.com/vltsandbox/iron-webcrypto 111ms (cache miss)
npm http fetch GET 200 https://npm.pkg.github.com/vltsandbox/node-mock-http 109ms (cache miss)
npm http fetch GET 200 https://npm.pkg.github.com/vltsandbox/ufo 118ms (cache updated)
npm http fetch GET 200 https://npm.pkg.github.com/vltsandbox/@esbuild%2faix-ppc64 130ms (cache updated)
npm http fetch GET 200 https://npm.pkg.github.com/vltsandbox/@esbuild%2flinux-x64 131ms (cache updated)
npm http fetch GET 200 https://npm.pkg.github.com/vltsandbox/@esbuild%2flinux-arm 144ms (cache updated)
npm http fetch GET 200 https://npm.pkg.github.com/vltsandbox/@esbuild%2fsunos-x64 145ms (cache updated)
npm http fetch GET 200 https://npm.pkg.github.com/vltsandbox/@esbuild%2fdarwin-x64 133ms (cache updated)
npm http fetch GET 200 https://npm.pkg.github.com/vltsandbox/@esbuild%2fwin32-x64 146ms (cache updated)
npm http fetch GET 200 https://npm.pkg.github.com/vltsandbox/@esbuild%2flinux-ia32 140ms (cache updated)
npm http fetch GET 200 https://npm.pkg.github.com/vltsandbox/@esbuild%2fwin32-ia32 144ms (cache updated)
npm http fetch GET 200 https://npm.pkg.github.com/vltsandbox/@esbuild%2fnetbsd-x64 161ms (cache updated)
npm http fetch GET 200 https://npm.pkg.github.com/vltsandbox/@esbuild%2fandroid-x64 121ms (cache updated)
npm http fetch GET 200 https://npm.pkg.github.com/vltsandbox/@esbuild%2fandroid-arm 155ms (cache updated)
npm http fetch GET 200 https://npm.pkg.github.com/vltsandbox/@esbuild%2ffreebsd-x64 134ms (cache updated)
npm http fetch GET 200 https://npm.pkg.github.com/vltsandbox/@esbuild%2flinux-arm64 127ms (cache updated)
npm http fetch GET 200 https://npm.pkg.github.com/vltsandbox/@esbuild%2flinux-ppc64 132ms (cache updated)
npm http fetch GET 200 https://npm.pkg.github.com/vltsandbox/@esbuild%2flinux-s390x 142ms (cache updated)
npm http fetch GET 200 https://npm.pkg.github.com/vltsandbox/@esbuild%2fopenbsd-x64 123ms (cache updated)
npm http fetch GET 200 https://npm.pkg.github.com/vltsandbox/@esbuild%2fwin32-arm64 127ms (cache updated)
npm http fetch GET 200 https://npm.pkg.github.com/vltsandbox/@esbuild%2fdarwin-arm64 164ms (cache updated)
npm http fetch GET 200 https://npm.pkg.github.com/vltsandbox/@esbuild%2fnetbsd-arm64 145ms (cache updated)
npm http fetch GET 200 https://npm.pkg.github.com/vltsandbox/@esbuild%2fandroid-arm64 129ms (cache updated)
npm http fetch GET 200 https://npm.pkg.github.com/vltsandbox/@esbuild%2ffreebsd-arm64 128ms (cache updated)
npm http fetch GET 200 https://npm.pkg.github.com/vltsandbox/@esbuild%2flinux-loong64 141ms (cache updated)
npm http fetch GET 200 https://npm.pkg.github.com/vltsandbox/@esbuild%2flinux-riscv64 133ms (cache updated)
npm http fetch GET 200 https://npm.pkg.github.com/vltsandbox/@esbuild%2fopenbsd-arm64 131ms (cache updated)
npm http fetch GET 200 https://npm.pkg.github.com/vltsandbox/@esbuild%2flinux-mips64el 146ms (cache updated)
npm http fetch GET 200 https://npm.pkg.github.com/vltsandbox/@esbuild%2fopenharmony-arm64 134ms (cache updated)
npm http fetch GET 200 https://npm.pkg.github.com/vltsandbox/nanoid 124ms (cache miss)
npm http fetch GET 200 https://npm.pkg.github.com/vltsandbox/@rollup%2frollup-freebsd-x64 120ms (cache miss)
npm http fetch GET 200 https://npm.pkg.github.com/vltsandbox/@rollup%2frollup-darwin-x64 129ms (cache miss)
npm http fetch GET 200 https://npm.pkg.github.com/vltsandbox/@rollup%2frollup-openbsd-x64 118ms (cache miss)
npm http fetch GET 200 https://npm.pkg.github.com/vltsandbox/@rollup%2frollup-darwin-arm64 121ms (cache miss)
npm http fetch GET 200 https://npm.pkg.github.com/vltsandbox/@rollup%2frollup-android-arm64 128ms (cache miss)
npm http fetch GET 200 https://npm.pkg.github.com/vltsandbox/@rollup%2frollup-freebsd-arm64 122ms (cache miss)
npm http fetch GET 200 https://npm.pkg.github.com/vltsandbox/@napi-rs%2flzma-linux-x64-gnu 276ms (cache miss)
npm http fetch GET 200 https://npm.pkg.github.com/vltsandbox/@rollup%2frollup-linux-x64-gnu 129ms (cache miss)
npm http fetch GET 200 https://npm.pkg.github.com/vltsandbox/@rollup%2frollup-win32-x64-gnu 124ms (cache miss)
npm http fetch GET 200 https://npm.pkg.github.com/vltsandbox/@rollup%2frollup-linux-x64-musl 139ms (cache miss)
npm http fetch GET 200 https://npm.pkg.github.com/vltsandbox/@rollup%2frollup-win32-x64-msvc 139ms (cache miss)
npm http fetch GET 200 https://npm.pkg.github.com/vltsandbox/@rollup%2frollup-linux-arm64-gnu 123ms (cache miss)
npm http fetch GET 200 https://npm.pkg.github.com/vltsandbox/@rollup%2frollup-linux-ppc64-gnu 142ms (cache miss)
npm http fetch GET 200 https://npm.pkg.github.com/vltsandbox/@rollup%2frollup-linux-s390x-gnu 128ms (cache miss)
npm http fetch GET 200 https://npm.pkg.github.com/vltsandbox/@rollup%2frollup-win32-ia32-msvc 140ms (cache miss)
npm http fetch GET 200 https://npm.pkg.github.com/vltsandbox/@rollup%2frollup-android-arm-eabi 129ms (cache miss)
npm http fetch GET 200 https://npm.pkg.github.com/vltsandbox/@rollup%2frollup-linux-arm64-musl 131ms (cache miss)
npm http fetch GET 200 https://npm.pkg.github.com/vltsandbox/@rollup%2frollup-linux-ppc64-musl 121ms (cache miss)
npm http fetch GET 200 https://npm.pkg.github.com/vltsandbox/@rollup%2frollup-win32-arm64-msvc 140ms (cache miss)
npm http fetch GET 200 https://npm.pkg.github.com/vltsandbox/@rollup%2frollup-linux-loong64-gnu 141ms (cache miss)
npm http fetch GET 200 https://npm.pkg.github.com/vltsandbox/@rollup%2frollup-linux-riscv64-gnu 124ms (cache miss)
npm http fetch GET 200 https://npm.pkg.github.com/vltsandbox/@rollup%2frollup-linux-loong64-musl 118ms (cache miss)
npm http fetch GET 200 https://npm.pkg.github.com/vltsandbox/@rollup%2frollup-openharmony-arm64 146ms (cache miss)
npm http fetch GET 200 https://npm.pkg.github.com/vltsandbox/@rollup%2frollup-linux-riscv64-musl 127ms (cache miss)
npm http fetch GET 200 https://npm.pkg.github.com/vltsandbox/@rollup%2frollup-linux-arm-gnueabihf 130ms (cache miss)
npm http fetch GET 200 https://npm.pkg.github.com/vltsandbox/@rollup%2frollup-linux-arm-musleabihf 128ms (cache miss)
npm http fetch GET 200 https://npm.pkg.github.com/vltsandbox/ansi-regex 114ms (cache updated)
npm http fetch GET 200 https://registry.npmjs.com/is-fullwidth-code-point/-/is-fullwidth-code-point-3.0.0.tgz 324ms (cache miss)
npm http fetch GET 200 https://registry.npmjs.com/yoctocolors/-/yoctocolors-2.2.0.tgz 344ms (cache miss)
npm http fetch GET 200 https://registry.npmjs.com/radix3/-/radix3-1.1.2.tgz 415ms (cache miss)
npm http fetch GET 200 https://registry.npmjs.com/normalize-path/-/normalize-path-3.0.0.tgz 473ms (cache miss)
npm http fetch GET 200 https://registry.npmjs.com/destr/-/destr-2.0.5.tgz 500ms (cache miss)
npm http fetch GET 200 https://registry.npmjs.com/cookie-es/-/cookie-es-1.2.3.tgz 527ms (cache miss)
npm http fetch GET 200 https://registry.npmjs.com/defu/-/defu-6.1.7.tgz 536ms (cache miss)
npm http fetch GET 200 https://registry.npmjs.com/ansi-styles/-/ansi-styles-6.2.3.tgz 536ms (cache miss)
npm http fetch GET 200 https://registry.npmjs.com/anymatch/-/anymatch-3.1.3.tgz 544ms (cache miss)
npm http fetch GET 200 https://registry.npmjs.com/array-iterate/-/array-iterate-2.0.1.tgz 549ms (cache miss)
npm http fetch GET 200 https://registry.npmjs.com/is-plain-obj/-/is-plain-obj-4.1.0.tgz 550ms (cache miss)
npm http fetch GET 200 https://registry.npmjs.com/readdirp/-/readdirp-5.1.1.tgz 559ms (cache miss)
npm http fetch GET 200 https://registry.npmjs.com/trough/-/trough-2.2.0.tgz 558ms (cache miss)
npm http fetch GET 200 https://registry.npmjs.com/uncrypto/-/uncrypto-0.1.3.tgz 568ms (cache miss)
npm http fetch GET 200 https://registry.npmjs.com/bail/-/bail-2.0.2.tgz 562ms (cache miss)
npm http fetch GET 200 https://registry.npmjs.com/extend/-/extend-3.0.2.tgz 573ms (cache miss)
npm http fetch GET 200 https://registry.npmjs.com/iron-webcrypto/-/iron-webcrypto-1.2.1.tgz 595ms (cache miss)
npm http fetch GET 200 https://registry.npmjs.com/ufo/-/ufo-1.6.4.tgz 595ms (cache miss)
npm http fetch GET 200 https://registry.npmjs.com/fdir/-/fdir-6.5.0.tgz 593ms (cache miss)
npm http fetch GET 200 https://registry.npmjs.com/boolbase/-/boolbase-1.0.0.tgz 604ms (cache miss)
npm http fetch GET 200 https://registry.npmjs.com/picocolors/-/picocolors-1.1.1.tgz 610ms (cache miss)
npm http fetch GET 200 https://registry.npmjs.com/domelementtype/-/domelementtype-2.3.0.tgz 616ms (cache miss)
npm http fetch GET 200 https://registry.npmjs.com/ansi-regex/-/ansi-regex-6.4.0.tgz 615ms (cache miss)
npm http fetch GET 200 https://registry.npmjs.com/character-entities-legacy/-/character-entities-legacy-3.0.0.tgz 615ms (cache miss)
npm http fetch GET 200 https://registry.npmjs.com/chokidar/-/chokidar-5.0.0.tgz 637ms (cache miss)
npm http fetch GET 200 https://registry.npmjs.com/character-entities-html4/-/character-entities-html4-2.1.0.tgz 637ms (cache miss)
npm http fetch GET 200 https://registry.npmjs.com/strip-ansi/-/strip-ansi-7.2.0.tgz 637ms (cache miss)
npm http fetch GET 200 https://registry.npmjs.com/nanoid/-/nanoid-3.3.19.tgz 661ms (cache miss)
npm http fetch GET 200 https://registry.npmjs.com/sax/-/sax-1.6.1.tgz 668ms (cache miss)
npm http fetch GET 200 https://registry.npmjs.com/get-east-asian-width/-/get-east-asian-width-1.7.0.tgz 667ms (cache miss)
npm http fetch GET 200 https://registry.npmjs.com/ofetch/-/ofetch-1.5.1.tgz 679ms (cache miss)
npm http fetch GET 200 https://registry.npmjs.com/emoji-regex/-/emoji-regex-10.6.0.tgz 674ms (cache miss)
npm http fetch GET 200 https://registry.npmjs.com/regex-recursion/-/regex-recursion-6.0.2.tgz 673ms (cache miss)
npm http fetch GET 200 https://registry.npmjs.com/ohash/-/ohash-2.0.12.tgz 698ms (cache miss)
npm http fetch GET 200 https://registry.npmjs.com/regex-utilities/-/regex-utilities-2.3.0.tgz 694ms (cache miss)
npm http fetch GET 200 https://registry.npmjs.com/@shikijs/types/-/types-3.23.0.tgz 715ms (cache miss)
npm http fetch GET 200 https://registry.npmjs.com/detect-libc/-/detect-libc-2.1.2.tgz 748ms (cache miss)
npm http fetch GET 200 https://registry.npmjs.com/dom-serializer/-/dom-serializer-2.0.0.tgz 764ms (cache miss)
npm http fetch GET 200 https://registry.npmjs.com/@shikijs/core/-/core-3.23.0.tgz 758ms (cache miss)
npm http fetch GET 200 https://registry.npmjs.com/@shikijs/vscode-textmate/-/vscode-textmate-10.0.2.tgz 764ms (cache miss)
npm http fetch GET 200 https://registry.npmjs.com/@shikijs/engine-javascript/-/engine-javascript-3.23.0.tgz 774ms (cache miss)
npm http fetch GET 200 https://registry.npmjs.com/unist-util-visit-children/-/unist-util-visit-children-3.0.0.tgz 782ms (cache miss)
npm http fetch GET 200 https://registry.npmjs.com/retext-stringify/-/retext-stringify-4.0.0.tgz 782ms (cache miss)
npm http fetch GET 200 https://registry.npmjs.com/unist-util-modify-children/-/unist-util-modify-children-4.0.0.tgz 788ms (cache miss)
npm http fetch GET 200 https://registry.npmjs.com/nlcst-to-string/-/nlcst-to-string-4.0.0.tgz 794ms (cache miss)
npm http fetch GET 200 https://registry.npmjs.com/retext/-/retext-9.0.0.tgz 798ms (cache miss)
npm http fetch GET 200 https://registry.npmjs.com/commander/-/commander-11.1.0.tgz 807ms (cache miss)
npm http fetch GET 200 https://registry.npmjs.com/retext-latin/-/retext-latin-4.0.0.tgz 802ms (cache miss)
npm http fetch GET 200 https://registry.npmjs.com/micromark-extension-gfm-task-list-item/-/micromark-extension-gfm-task-list-item-2.1.0.tgz 801ms (cache miss)
npm http fetch GET 200 https://registry.npmjs.com/@img/colour/-/colour-1.1.0.tgz 813ms (cache miss)
npm http fetch GET 200 https://registry.npmjs.com/@types/nlcst/-/nlcst-2.0.3.tgz 812ms (cache miss)
npm http fetch GET 200 https://registry.npmjs.com/retext-smartypants/-/retext-smartypants-6.2.0.tgz 813ms (cache miss)
npm http fetch GET 200 https://registry.npmjs.com/domhandler/-/domhandler-5.0.3.tgz 841ms (cache miss)
npm http fetch GET 200 https://registry.npmjs.com/micromark-extension-gfm-tagfilter/-/micromark-extension-gfm-tagfilter-2.0.0.tgz 841ms (cache miss)
npm http fetch GET 200 https://registry.npmjs.com/h3/-/h3-1.15.11.tgz 857ms (cache miss)
npm http fetch GET 200 https://registry.npmjs.com/micromark-extension-gfm-strikethrough/-/micromark-extension-gfm-strikethrough-2.1.0.tgz 847ms (cache miss)
npm http fetch GET 200 https://registry.npmjs.com/micromark-factory-label/-/micromark-factory-label-2.0.1.tgz 869ms (cache miss)
npm http fetch GET 200 https://registry.npmjs.com/micromark-factory-whitespace/-/micromark-factory-whitespace-2.0.1.tgz 874ms (cache miss)
npm http fetch GET 200 https://registry.npmjs.com/micromark-factory-title/-/micromark-factory-title-2.0.1.tgz 877ms (cache miss)
npm http fetch GET 200 https://registry.npmjs.com/@types/ms/-/ms-2.1.0.tgz 877ms (cache miss)
npm http fetch GET 200 https://registry.npmjs.com/micromark-util-edit-map/-/micromark-util-edit-map-1.0.0.tgz 882ms (cache miss)
npm http fetch GET 200 https://registry.npmjs.com/micromark-factory-space/-/micromark-factory-space-2.1.0.tgz 881ms (cache miss)
npm http fetch GET 200 https://registry.npmjs.com/micromark-util-chunked/-/micromark-util-chunked-2.0.1.tgz 888ms (cache miss)
npm http fetch GET 200 https://registry.npmjs.com/micromark-factory-destination/-/micromark-factory-destination-2.0.1.tgz 893ms (cache miss)
npm http fetch GET 200 https://registry.npmjs.com/micromark-util-resolve-all/-/micromark-util-resolve-all-2.0.1.tgz 904ms (cache miss)
npm http fetch GET 200 https://registry.npmjs.com/micromark-util-combine-extensions/-/micromark-util-combine-extensions-2.0.1.tgz 912ms (cache miss)
npm http fetch GET 200 https://registry.npmjs.com/@types/debug/-/debug-4.1.13.tgz 926ms (cache miss)
npm http fetch GET 200 https://registry.npmjs.com/micromark-util-classify-character/-/micromark-util-classify-character-2.0.1.tgz 931ms (cache miss)
npm http fetch GET 200 https://registry.npmjs.com/@shikijs/engine-oniguruma/-/engine-oniguruma-3.23.0.tgz 953ms (cache miss)
npm http fetch GET 200 https://registry.npmjs.com/micromark-util-html-tag-name/-/micromark-util-html-tag-name-2.0.1.tgz 946ms (cache miss)
npm http fetch GET 200 https://registry.npmjs.com/mdast-util-phrasing/-/mdast-util-phrasing-4.1.0.tgz 951ms (cache miss)
npm http fetch GET 200 https://registry.npmjs.com/longest-streak/-/longest-streak-3.1.0.tgz 955ms (cache miss)
npm http fetch GET 200 https://registry.npmjs.com/escape-string-regexp/-/escape-string-regexp-5.0.0.tgz 954ms (cache miss)
npm http fetch GET 200 https://registry.npmjs.com/unist-util-is/-/unist-util-is-6.0.1.tgz 959ms (cache miss)
npm http fetch GET 200 https://registry.npmjs.com/character-entities/-/character-entities-2.0.2.tgz 959ms (cache miss)
npm http fetch GET 200 https://registry.npmjs.com/mdast-util-find-and-replace/-/mdast-util-find-and-replace-3.0.2.tgz 963ms (cache miss)
npm http fetch GET 200 https://registry.npmjs.com/micromark-extension-gfm-autolink-literal/-/micromark-extension-gfm-autolink-literal-2.1.0.tgz 975ms (cache miss)
npm http fetch GET 200 https://registry.npmjs.com/micromark-util-normalize-identifier/-/micromark-util-normalize-identifier-2.0.1.tgz 970ms (cache miss)
npm http fetch GET 200 https://registry.npmjs.com/micromark-util-decode-string/-/micromark-util-decode-string-2.0.1.tgz 975ms (cache miss)
npm http fetch GET 200 https://registry.npmjs.com/micromark-util-subtokenize/-/micromark-util-subtokenize-2.1.0.tgz 984ms (cache miss)
npm http fetch GET 200 https://registry.npmjs.com/markdown-table/-/markdown-table-3.0.4.tgz 982ms (cache miss)
npm http fetch GET 200 https://registry.npmjs.com/unist-util-stringify-position/-/unist-util-stringify-position-4.0.0.tgz 986ms (cache miss)
npm http fetch GET 200 https://registry.npmjs.com/nth-check/-/nth-check-2.1.1.tgz 1005ms (cache miss)
npm http fetch GET 200 https://registry.npmjs.com/micromark-util-decode-numeric-character-reference/-/micromark-util-decode-numeric-character-reference-2.0.2.tgz 995ms (cache miss)
npm http fetch GET 200 https://registry.npmjs.com/micromark-extension-gfm-footnote/-/micromark-extension-gfm-footnote-2.1.0.tgz 1006ms (cache miss)
npm http fetch GET 200 https://registry.npmjs.com/mdast-util-to-string/-/mdast-util-to-string-4.0.0.tgz 1017ms (cache miss)
npm http fetch GET 200 https://registry.npmjs.com/mdast-util-gfm-task-list-item/-/mdast-util-gfm-task-list-item-2.0.0.tgz 1020ms (cache miss)
npm http fetch GET 200 https://registry.npmjs.com/decode-named-character-reference/-/decode-named-character-reference-1.3.0.tgz 1022ms (cache miss)
npm http fetch GET 200 https://registry.npmjs.com/mdast-util-gfm-footnote/-/mdast-util-gfm-footnote-2.1.0.tgz 1022ms (cache miss)
npm http fetch GET 200 https://registry.npmjs.com/mdast-util-gfm-autolink-literal/-/mdast-util-gfm-autolink-literal-2.0.1.tgz 1024ms (cache miss)
npm http fetch GET 200 https://registry.npmjs.com/mdast-util-gfm-table/-/mdast-util-gfm-table-2.0.0.tgz 1026ms (cache miss)
npm http fetch GET 200 https://registry.npmjs.com/mdast-util-gfm-strikethrough/-/mdast-util-gfm-strikethrough-2.0.1.tgz 1030ms (cache miss)
npm http fetch GET 200 https://registry.npmjs.com/remark-stringify/-/remark-stringify-11.0.0.tgz 1038ms (cache miss)
npm http fetch GET 200 https://registry.npmjs.com/mdast-util-gfm/-/mdast-util-gfm-3.1.0.tgz 1042ms (cache miss)
npm http fetch GET 200 https://registry.npmjs.com/@img/sharp-linux-arm64/-/sharp-linux-arm64-0.34.5.tgz 1056ms (cache miss)
npm http fetch GET 200 https://registry.npmjs.com/stringify-entities/-/stringify-entities-4.0.4.tgz 1053ms (cache miss)
npm http fetch GET 200 https://registry.npmjs.com/hast-util-whitespace/-/hast-util-whitespace-3.0.0.tgz 1057ms (cache miss)
npm http fetch GET 200 https://registry.npmjs.com/micromark-extension-gfm/-/micromark-extension-gfm-3.0.0.tgz 1059ms (cache miss)
npm http fetch GET 200 https://registry.npmjs.com/ccount/-/ccount-2.0.1.tgz 1063ms (cache miss)
npm http fetch GET 200 https://registry.npmjs.com/mdn-data/-/mdn-data-2.27.1.tgz 1089ms (cache miss)
npm http fetch GET 200 https://registry.npmjs.com/trim-lines/-/trim-lines-3.0.1.tgz 1085ms (cache miss)
npm http fetch GET 200 https://registry.npmjs.com/micromark-util-encode/-/micromark-util-encode-2.0.1.tgz 1085ms (cache miss)
npm http fetch GET 200 https://registry.npmjs.com/micromark-util-character/-/micromark-util-character-2.1.1.tgz 1094ms (cache miss)
npm http fetch GET 200 https://registry.npmjs.com/micromark-util-types/-/micromark-util-types-2.0.3.tgz 1100ms (cache miss)
npm http fetch GET 200 https://registry.npmjs.com/micromark-util-sanitize-uri/-/micromark-util-sanitize-uri-2.0.1.tgz 1105ms (cache miss)
npm http fetch GET 200 https://registry.npmjs.com/hast-util-to-parse5/-/hast-util-to-parse5-8.0.1.tgz 1107ms (cache miss)
npm http fetch GET 200 https://registry.npmjs.com/unist-util-position/-/unist-util-position-5.0.0.tgz 1110ms (cache miss)
npm http fetch GET 200 https://registry.npmjs.com/html-void-elements/-/html-void-elements-3.0.0.tgz 1117ms (cache miss)
npm http fetch GET 200 https://registry.npmjs.com/zwitch/-/zwitch-2.0.4.tgz 1130ms (cache miss)
npm http fetch GET 200 https://registry.npmjs.com/sisteransi/-/sisteransi-1.0.5.tgz 1137ms (cache miss)
npm http fetch GET 200 https://registry.npmjs.com/hast-util-raw/-/hast-util-raw-9.1.0.tgz 1147ms (cache miss)
npm http fetch GET 200 https://registry.npmjs.com/@rollup/rollup-linux-arm64-gnu/-/rollup-linux-arm64-gnu-4.63.5.tgz 1185ms (cache miss)
npm http fetch GET 200 https://registry.npmjs.com/@ungap/structured-clone/-/structured-clone-1.4.0.tgz 1159ms (cache miss)
npm http fetch GET 200 https://registry.npmjs.com/mdast-util-from-markdown/-/mdast-util-from-markdown-2.0.3.tgz 1166ms (cache miss)
npm http fetch GET 200 https://registry.npmjs.com/kleur/-/kleur-3.0.3.tgz 1165ms (cache miss)
npm http fetch GET 200 https://registry.npmjs.com/rehype-parse/-/rehype-parse-9.0.1.tgz 1170ms (cache miss)
npm http fetch GET 200 https://registry.npmjs.com/p-timeout/-/p-timeout-6.1.4.tgz 1187ms (cache miss)
npm http fetch GET 200 https://registry.npmjs.com/eventemitter3/-/eventemitter3-5.0.4.tgz 1196ms (cache miss)
npm http fetch GET 200 https://registry.npmjs.com/node-mock-http/-/node-mock-http-1.0.5.tgz 1226ms (cache miss)
npm http fetch GET 200 https://registry.npmjs.com/micromark-extension-gfm-table/-/micromark-extension-gfm-table-2.1.2.tgz 1216ms (cache miss)
npm http fetch GET 200 https://registry.npmjs.com/yocto-queue/-/yocto-queue-1.2.2.tgz 1203ms (cache miss)
npm http fetch GET 200 https://registry.npmjs.com/@types/mdast/-/mdast-4.0.4.tgz 1206ms (cache miss)
npm http fetch GET 200 https://registry.npmjs.com/@babel/helper-validator-identifier/-/helper-validator-identifier-7.29.7.tgz 1207ms (cache miss)
npm http fetch GET 200 https://registry.npmjs.com/micromark-util-symbol/-/micromark-util-symbol-2.0.1.tgz 1226ms (cache miss)
npm http fetch GET 200 https://registry.npmjs.com/@babel/helper-string-parser/-/helper-string-parser-7.29.7.tgz 1224ms (cache miss)
npm http fetch GET 200 https://registry.npmjs.com/is-inside-container/-/is-inside-container-1.0.0.tgz 1230ms (cache miss)
npm http fetch GET 200 https://registry.npmjs.com/argparse/-/argparse-2.0.1.tgz 1236ms (cache miss)
npm http fetch GET 200 https://registry.npmjs.com/hast-util-parse-selector/-/hast-util-parse-selector-4.0.0.tgz 1246ms (cache miss)
npm http fetch GET 200 https://registry.npmjs.com/unist-util-find-after/-/unist-util-find-after-5.0.0.tgz 1254ms (cache miss)
npm http fetch GET 200 https://registry.npmjs.com/space-separated-tokens/-/space-separated-tokens-2.0.2.tgz 1255ms (cache miss)
npm http fetch GET 200 https://registry.npmjs.com/node-fetch-native/-/node-fetch-native-1.6.7.tgz 1279ms (cache miss)
npm http fetch GET 200 https://registry.npmjs.com/web-namespaces/-/web-namespaces-2.0.1.tgz 1259ms (cache miss)
npm http fetch GET 200 https://registry.npmjs.com/comma-separated-tokens/-/comma-separated-tokens-2.0.3.tgz 1267ms (cache miss)
npm http fetch GET 200 https://registry.npmjs.com/postcss/-/postcss-8.5.28.tgz 1302ms (cache miss)
npm http fetch GET 200 https://registry.npmjs.com/vfile-message/-/vfile-message-4.0.3.tgz 1278ms (cache miss)
npm http fetch GET 200 https://registry.npmjs.com/hast-util-is-element/-/hast-util-is-element-3.0.0.tgz 1282ms (cache miss)
npm http fetch GET 200 https://registry.npmjs.com/vfile-location/-/vfile-location-5.0.3.tgz 1281ms (cache miss)
npm http fetch GET 200 https://registry.npmjs.com/@types/unist/-/unist-3.0.3.tgz 1280ms (cache miss)
npm http fetch GET 200 https://registry.npmjs.com/hastscript/-/hastscript-9.0.1.tgz 1284ms (cache miss)
npm http fetch GET 200 https://registry.npmjs.com/dequal/-/dequal-2.0.3.tgz 1284ms (cache miss)
npm http fetch GET 200 https://registry.npmjs.com/hast-util-from-parse5/-/hast-util-from-parse5-8.0.3.tgz 1301ms (cache miss)
npm http fetch GET 200 https://registry.npmjs.com/devlop/-/devlop-1.1.0.tgz 1307ms (cache miss)
npm http fetch GET 200 https://registry.npmjs.com/@types/hast/-/hast-3.0.5.tgz 1309ms (cache miss)
npm http fetch GET 200 https://registry.npmjs.com/oniguruma-to-es/-/oniguruma-to-es-4.3.6.tgz 1339ms (cache miss)
npm http fetch GET 200 https://registry.npmjs.com/base-64/-/base-64-1.0.0.tgz 1323ms (cache miss)
npm http fetch GET 200 https://registry.npmjs.com/source-map-js/-/source-map-js-1.2.2.tgz 1333ms (cache miss)
npm http fetch GET 200 https://registry.npmjs.com/ms/-/ms-2.1.3.tgz 1341ms (cache miss)
npm http fetch GET 200 https://registry.npmjs.com/css-what/-/css-what-7.0.0.tgz 1372ms (cache miss)
npm http fetch GET 200 https://registry.npmjs.com/tiny-inflate/-/tiny-inflate-1.0.3.tgz 1352ms (cache miss)
npm http fetch GET 200 https://registry.npmjs.com/widest-line/-/widest-line-5.0.0.tgz 1360ms (cache miss)
npm http fetch GET 200 https://registry.npmjs.com/string-width/-/string-width-7.2.0.tgz 1360ms (cache miss)
npm http fetch GET 200 https://registry.npmjs.com/wrap-ansi/-/wrap-ansi-9.0.2.tgz 1364ms (cache miss)
npm http fetch GET 200 https://registry.npmjs.com/cli-boxes/-/cli-boxes-3.0.0.tgz 1364ms (cache miss)
npm http fetch GET 200 https://registry.npmjs.com/camelcase/-/camelcase-8.0.0.tgz 1392ms (cache miss)
npm http fetch GET 200 https://registry.npmjs.com/ansi-align/-/ansi-align-3.0.1.tgz 1403ms (cache miss)
npm http fetch GET 200 https://registry.npmjs.com/@types/estree/-/estree-1.0.9.tgz 1409ms (cache miss)
npm http fetch GET 200 https://registry.npmjs.com/which-pm-runs/-/which-pm-runs-1.1.0.tgz 1412ms (cache miss)
npm http fetch GET 200 https://registry.npmjs.com/is-wsl/-/is-wsl-3.1.1.tgz 1420ms (cache miss)
npm http fetch GET 200 https://registry.npmjs.com/is-docker/-/is-docker-3.0.0.tgz 1432ms (cache miss)
npm http fetch GET 200 https://registry.npmjs.com/unist-util-visit-parents/-/unist-util-visit-parents-6.0.2.tgz 1451ms (cache miss)
npm http fetch GET 200 https://registry.npmjs.com/unist-util-remove-position/-/unist-util-remove-position-5.0.0.tgz 1456ms (cache miss)
npm http fetch GET 200 https://registry.npmjs.com/parse-latin/-/parse-latin-7.0.0.tgz 1483ms (cache miss)
npm http fetch GET 200 https://registry.npmjs.com/remark-smartypants/-/remark-smartypants-3.0.3.tgz 1460ms (cache miss)
npm http fetch GET 200 https://registry.npmjs.com/fontkitten/-/fontkitten-1.0.3.tgz 1467ms (cache miss)
npm http fetch GET 200 https://registry.npmjs.com/remark-rehype/-/remark-rehype-11.1.2.tgz 1478ms (cache miss)
npm http fetch GET 200 https://registry.npmjs.com/crossws/-/crossws-0.3.5.tgz 1536ms (cache miss)
npm http fetch GET 200 https://registry.npmjs.com/remark-gfm/-/remark-gfm-4.0.1.tgz 1501ms (cache miss)
npm http fetch GET 200 https://registry.npmjs.com/rehype-stringify/-/rehype-stringify-10.0.1.tgz 1501ms (cache miss)
npm http fetch GET 200 https://registry.npmjs.com/remark-parse/-/remark-parse-11.0.0.tgz 1505ms (cache miss)
npm http fetch GET 200 https://registry.npmjs.com/rehype-raw/-/rehype-raw-7.0.0.tgz 1504ms (cache miss)
npm http fetch GET 200 https://registry.npmjs.com/mdast-util-definitions/-/mdast-util-definitions-6.0.0.tgz 1509ms (cache miss)
npm http fetch GET 200 https://registry.npmjs.com/chalk/-/chalk-5.6.2.tgz 1515ms (cache miss)
npm http fetch GET 200 https://registry.npmjs.com/hast-util-from-html/-/hast-util-from-html-2.0.3.tgz 1521ms (cache miss)
npm http fetch GET 200 https://registry.npmjs.com/hast-util-to-text/-/hast-util-to-text-4.0.2.tgz 1526ms (cache miss)
npm http fetch GET 200 https://registry.npmjs.com/@jridgewell/sourcemap-codec/-/sourcemap-codec-1.6.0.tgz 1547ms (cache miss)
npm http fetch GET 200 https://registry.npmjs.com/zod-to-ts/-/zod-to-ts-1.2.0.tgz 1538ms (cache miss)
npm http fetch GET 200 https://registry.npmjs.com/unified/-/unified-11.0.5.tgz 1544ms (cache miss)
npm http fetch GET 200 https://registry.npmjs.com/yocto-spinner/-/yocto-spinner-0.2.3.tgz 1557ms (cache miss)
npm http fetch GET 200 https://registry.npmjs.com/@astrojs/prism/-/prism-3.3.0.tgz 1563ms (cache miss)
npm http fetch GET 200 https://registry.npmjs.com/regex/-/regex-6.1.0.tgz 1600ms (cache miss)
npm http fetch GET 200 https://registry.npmjs.com/vitefu/-/vitefu-1.1.3.tgz 1571ms (cache miss)
npm http fetch GET 200 https://registry.npmjs.com/unist-util-visit/-/unist-util-visit-5.1.0.tgz 1612ms (cache miss)
npm http fetch GET 200 https://registry.npmjs.com/unifont/-/unifont-0.7.5.tgz 1620ms (cache miss)
npm http fetch GET 200 https://registry.npmjs.com/tinyglobby/-/tinyglobby-0.2.17.tgz 1625ms (cache miss)
npm http fetch GET 200 https://registry.npmjs.com/tinyexec/-/tinyexec-1.3.1.tgz 1630ms (cache miss)
npm http fetch GET 200 https://registry.npmjs.com/yargs-parser/-/yargs-parser-21.1.1.tgz 1685ms (cache miss)
npm http fetch GET 200 https://registry.npmjs.com/rehype/-/rehype-13.0.2.tgz 1682ms (cache miss)
npm http fetch GET 200 https://registry.npmjs.com/xxhash-wasm/-/xxhash-wasm-1.1.0.tgz 1690ms (cache miss)
npm http fetch GET 200 https://registry.npmjs.com/piccolore/-/piccolore-0.1.3.tgz 1687ms (cache miss)
npm http fetch GET 200 https://registry.npmjs.com/domutils/-/domutils-3.2.2.tgz 1735ms (cache miss)
npm http fetch GET 200 https://registry.npmjs.com/package-manager-detector/-/package-manager-detector-1.8.0.tgz 1698ms (cache miss)
npm http fetch GET 200 https://registry.npmjs.com/picomatch/-/picomatch-4.0.7.tgz 1723ms (cache miss)
npm http fetch GET 200 https://registry.npmjs.com/mrmime/-/mrmime-2.0.1.tgz 1722ms (cache miss)
npm http fetch GET 200 https://registry.npmjs.com/p-limit/-/p-limit-6.2.0.tgz 1734ms (cache miss)
npm http fetch GET 200 https://registry.npmjs.com/magicast/-/magicast-0.5.5.tgz 1768ms (cache miss)
npm http fetch GET 200 https://registry.npmjs.com/http-cache-semantics/-/http-cache-semantics-4.2.0.tgz 1775ms (cache miss)
npm http fetch GET 200 https://registry.npmjs.com/github-slugger/-/github-slugger-2.0.0.tgz 1775ms (cache miss)
npm http fetch GET 200 https://registry.npmjs.com/tsconfck/-/tsconfck-3.1.6.tgz 1783ms (cache miss)
npm http fetch GET 200 https://registry.npmjs.com/hast-util-to-html/-/hast-util-to-html-9.0.5.tgz 1806ms (cache miss)
npm http fetch GET 200 https://registry.npmjs.com/html-escaper/-/html-escaper-3.0.3.tgz 1788ms (cache miss)
npm http fetch GET 200 https://registry.npmjs.com/fontace/-/fontace-0.4.1.tgz 1789ms (cache miss)
npm http fetch GET 200 https://registry.npmjs.com/estree-walker/-/estree-walker-3.0.3.tgz 1788ms (cache miss)
npm http fetch GET 200 https://registry.npmjs.com/dlv/-/dlv-1.1.3.tgz 1788ms (cache miss)
npm warn deprecated tsconfck@3.1.6: unmaintained
npm http fetch GET 200 https://registry.npmjs.com/flattie/-/flattie-1.1.1.tgz 1794ms (cache miss)
npm http fetch GET 200 https://registry.npmjs.com/@babel/parser/-/parser-7.29.9.tgz 1821ms (cache miss)
npm http fetch GET 200 https://registry.npmjs.com/p-queue/-/p-queue-8.1.1.tgz 1811ms (cache miss)
npm http fetch GET 200 https://registry.npmjs.com/dset/-/dset-3.1.4.tgz 1808ms (cache miss)
npm http fetch GET 200 https://registry.npmjs.com/es-module-lexer/-/es-module-lexer-1.7.0.tgz 1817ms (cache miss)
npm http fetch GET 200 https://registry.npmjs.com/esbuild/-/esbuild-0.27.7.tgz 1821ms (cache miss)
npm http fetch GET 200 https://registry.npmjs.com/debug/-/debug-4.4.3.tgz 1834ms (cache miss)
npm http fetch GET 200 https://registry.npmjs.com/cookie/-/cookie-1.1.1.tgz 1845ms (cache miss)
npm http fetch GET 200 https://registry.npmjs.com/common-ancestor-path/-/common-ancestor-path-1.0.1.tgz 1845ms (cache miss)
npm http fetch GET 200 https://registry.npmjs.com/deterministic-object-hash/-/deterministic-object-hash-2.0.2.tgz 1847ms (cache miss)
npm http fetch GET 200 https://registry.npmjs.com/ci-info/-/ci-info-4.4.0.tgz 1845ms (cache miss)
npm http fetch GET 200 https://registry.npmjs.com/clsx/-/clsx-2.1.1.tgz 1852ms (cache miss)
npm http fetch GET 200 https://registry.npmjs.com/cssesc/-/cssesc-3.0.0.tgz 1857ms (cache miss)
npm http fetch GET 200 https://registry.npmjs.com/boxen/-/boxen-8.0.1.tgz 1860ms (cache miss)
npm http fetch GET 200 https://registry.npmjs.com/@rollup/pluginutils/-/pluginutils-5.4.0.tgz 1875ms (cache miss)
npm http fetch GET 200 https://registry.npmjs.com/rollup/-/rollup-4.63.5.tgz 1929ms (cache miss)
npm http fetch GET 200 https://registry.npmjs.com/smol-toml/-/smol-toml-1.9.0.tgz 1895ms (cache miss)
npm http fetch GET 200 https://registry.npmjs.com/@capsizecss/unpack/-/unpack-4.0.1.tgz 1891ms (cache miss)
npm http fetch GET 200 https://registry.npmjs.com/@oslojs/encoding/-/encoding-1.1.0.tgz 1901ms (cache miss)
npm http fetch GET 200 https://registry.npmjs.com/@astrojs/telemetry/-/telemetry-3.3.0.tgz 1910ms (cache miss)
npm http fetch GET 200 https://registry.npmjs.com/neotraverse/-/neotraverse-0.6.18.tgz 1920ms (cache miss)
npm http fetch GET 200 https://registry.npmjs.com/import-meta-resolve/-/import-meta-resolve-4.2.0.tgz 1922ms (cache miss)
npm http fetch GET 200 https://registry.npmjs.com/vfile/-/vfile-6.0.3.tgz 1929ms (cache miss)
npm http fetch GET 200 https://registry.npmjs.com/strip-ansi/-/strip-ansi-6.0.1.tgz 1920ms (cache miss)
npm http fetch GET 200 https://registry.npmjs.com/emoji-regex/-/emoji-regex-8.0.0.tgz 1922ms (cache miss)
npm http fetch GET 200 https://registry.npmjs.com/magic-string/-/magic-string-0.30.21.tgz 1934ms (cache miss)
npm http fetch GET 200 https://registry.npmjs.com/picomatch/-/picomatch-2.3.2.tgz 1928ms (cache miss)
npm http fetch GET 200 https://registry.npmjs.com/ansi-regex/-/ansi-regex-5.0.1.tgz 1928ms (cache miss)
npm http fetch GET 200 https://registry.npmjs.com/devalue/-/devalue-5.9.4.tgz 1936ms (cache miss)
npm http fetch GET 200 https://registry.npmjs.com/@astrojs/markdown-remark/-/markdown-remark-6.3.11.tgz 1935ms (cache miss)
npm http fetch GET 200 https://registry.npmjs.com/string-width/-/string-width-4.2.3.tgz 1941ms (cache miss)
npm http fetch GET 200 https://registry.npmjs.com/ultrahtml/-/ultrahtml-1.7.0.tgz 1971ms (cache miss)
npm http fetch GET 200 https://registry.npmjs.com/@astrojs/internal-helpers/-/internal-helpers-0.7.6.tgz 1961ms (cache miss)
npm http fetch GET 200 https://registry.npmjs.com/esbuild/-/esbuild-0.25.12.tgz 1959ms (cache miss)
npm http fetch GET 200 https://registry.npmjs.com/acorn/-/acorn-8.18.0.tgz 1997ms (cache miss)
npm http fetch GET 200 https://registry.npmjs.com/estree-walker/-/estree-walker-2.0.2.tgz 2014ms (cache miss)
npm http fetch GET 200 https://registry.npmjs.com/property-information/-/property-information-7.2.0.tgz 2052ms (cache miss)
npm http fetch GET 200 https://registry.npmjs.com/sharp/-/sharp-0.34.5.tgz 2066ms (cache miss)
npm http fetch GET 200 https://registry.npmjs.com/semver/-/semver-7.8.5.tgz 2101ms (cache miss)
npm http fetch GET 200 https://registry.npmjs.com/micromark/-/micromark-4.0.3.tgz 2127ms (cache miss)
npm http fetch GET 200 https://registry.npmjs.com/mdn-data/-/mdn-data-2.0.28.tgz 2104ms (cache miss)
npm http fetch GET 200 https://registry.npmjs.com/js-yaml/-/js-yaml-4.3.2.tgz 2182ms (cache miss)
npm http fetch GET 200 https://registry.npmjs.com/csso/-/csso-5.0.5.tgz 2242ms (cache miss)
npm http fetch GET 200 https://registry.npmjs.com/mdast-util-to-hast/-/mdast-util-to-hast-13.2.1.tgz 2278ms (cache miss)
npm http fetch GET 200 https://registry.npmjs.com/vite/-/vite-6.4.3.tgz 2289ms (cache miss)
npm http fetch GET 200 https://registry.npmjs.com/@shikijs/themes/-/themes-3.23.0.tgz 2324ms (cache miss)
npm http fetch GET 200 https://registry.npmjs.com/prompts/-/prompts-2.4.2.tgz 2317ms (cache miss)
npm http fetch GET 200 https://registry.npmjs.com/parse5/-/parse5-7.3.0.tgz 2332ms (cache miss)
npm http fetch GET 200 https://registry.npmjs.com/entities/-/entities-6.0.1.tgz 2375ms (cache miss)
npm http fetch GET 200 https://registry.npmjs.com/entities/-/entities-4.5.0.tgz 2388ms (cache miss)
npm http fetch GET 200 https://registry.npmjs.com/micromark-core-commonmark/-/micromark-core-commonmark-2.0.4.tgz 2432ms (cache miss)
npm http fetch GET 200 https://registry.npmjs.com/css-select/-/css-select-6.0.0.tgz 2535ms (cache miss)
npm http fetch GET 200 https://registry.npmjs.com/type-fest/-/type-fest-4.41.0.tgz 2516ms (cache miss)
npm http fetch GET 200 https://registry.npmjs.com/oniguruma-parser/-/oniguruma-parser-0.12.2.tgz 2574ms (cache miss)
npm http fetch GET 200 https://registry.npmjs.com/mdast-util-to-markdown/-/mdast-util-to-markdown-2.1.3.tgz 2595ms (cache miss)
npm http fetch GET 200 https://registry.npmjs.com/@astrojs/compiler/-/compiler-2.13.1.tgz 2578ms (cache miss)
npm http fetch GET 200 https://registry.npmjs.com/unstorage/-/unstorage-1.17.5.tgz 2630ms (cache miss)
npm http fetch GET 200 https://registry.npmjs.com/@esbuild/linux-arm64/-/linux-arm64-0.27.7.tgz 2656ms (cache miss)
npm http fetch GET 200 https://registry.npmjs.com/diff/-/diff-8.0.4.tgz 2651ms (cache miss)
npm http fetch GET 200 https://registry.npmjs.com/lru-cache/-/lru-cache-11.5.3.tgz 2718ms (cache miss)
npm http fetch GET 200 https://registry.npmjs.com/svgo/-/svgo-4.1.0.tgz 2691ms (cache miss)
npm http fetch GET 200 https://registry.npmjs.com/@esbuild/linux-arm64/-/linux-arm64-0.25.12.tgz 2697ms (cache miss)
npm http fetch GET 200 https://registry.npmjs.com/zod-to-json-schema/-/zod-to-json-schema-3.25.2.tgz 2713ms (cache miss)
npm http fetch GET 200 https://registry.npmjs.com/axobject-query/-/axobject-query-4.1.0.tgz 2783ms (cache miss)
npm http fetch GET 200 https://registry.npmjs.com/@babel/types/-/types-7.29.8.tgz 2830ms (cache miss)
npm http fetch GET 200 https://registry.npmjs.com/@img/sharp-libvips-linux-arm64/-/sharp-libvips-linux-arm64-1.2.4.tgz 2862ms (cache miss)
npm http fetch GET 200 https://registry.npmjs.com/undici/-/undici-8.11.2.tgz 2878ms (cache miss)
npm http fetch GET 200 https://registry.npmjs.com/aria-query/-/aria-query-5.3.2.tgz 2929ms (cache miss)
npm http fetch GET 200 https://registry.npmjs.com/css-tree/-/css-tree-3.2.1.tgz 3013ms (cache miss)
npm http fetch GET 200 https://registry.npmjs.com/css-tree/-/css-tree-2.2.1.tgz 2977ms (cache miss)
npm http fetch GET 200 https://registry.npmjs.com/typescript/-/typescript-5.9.3.tgz 3071ms (cache miss)
npm http fetch GET 200 https://registry.npmjs.com/prismjs/-/prismjs-1.30.0.tgz 3139ms (cache miss)
npm http fetch GET 200 https://registry.npmjs.com/@shikijs/langs/-/langs-3.23.0.tgz 3178ms (cache miss)
npm http fetch GET 200 https://registry.npmjs.com/zod/-/zod-3.25.76.tgz 3255ms (cache miss)
npm http fetch GET 200 https://registry.npmjs.com/shiki/-/shiki-3.23.0.tgz 3276ms (cache miss)
npm http fetch GET 200 https://registry.npmjs.com/astro/-/astro-5.18.2.tgz 3418ms (cache miss)

added 279 packages in 25s
