npm http fetch GET 200 https://npm.pkg.github.com/vltsandbox/astro 638ms (cache miss)
npm http fetch GET 200 https://npm.pkg.github.com/vltsandbox/dlv 134ms (cache miss)
npm http fetch GET 200 https://npm.pkg.github.com/vltsandbox/diff 133ms (cache miss)
npm http fetch GET 200 https://npm.pkg.github.com/vltsandbox/clsx 281ms (cache miss)
npm http fetch GET 200 https://npm.pkg.github.com/vltsandbox/dset 155ms (cache miss)
npm http fetch GET 200 https://npm.pkg.github.com/vltsandbox/svgo 181ms (cache miss)
npm http fetch GET 200 https://npm.pkg.github.com/vltsandbox/zod 529ms (cache miss)
npm http fetch GET 200 https://npm.pkg.github.com/vltsandbox/acorn 137ms (cache miss)
npm http fetch GET 200 https://npm.pkg.github.com/vltsandbox/boxen 129ms (cache miss)
npm http fetch GET 200 https://npm.pkg.github.com/vltsandbox/debug 152ms (cache miss)
npm http fetch GET 200 https://npm.pkg.github.com/vltsandbox/shiki 150ms (cache miss)
npm http fetch GET 200 https://npm.pkg.github.com/vltsandbox/vfile 130ms (cache miss)
npm http fetch GET 200 https://npm.pkg.github.com/vltsandbox/cookie 114ms (cache miss)
npm http fetch GET 200 https://npm.pkg.github.com/vltsandbox/cssesc 134ms (cache miss)
npm http fetch GET 200 https://npm.pkg.github.com/vltsandbox/mrmime 116ms (cache miss)
npm http fetch GET 200 https://npm.pkg.github.com/vltsandbox/rehype 135ms (cache miss)
npm http fetch GET 200 https://npm.pkg.github.com/vltsandbox/semver 123ms (cache miss)
npm http fetch GET 200 https://npm.pkg.github.com/vltsandbox/vitefu 127ms (cache miss)
npm http fetch GET 200 https://npm.pkg.github.com/vltsandbox/ci-info 135ms (cache miss)
npm http fetch GET 200 https://npm.pkg.github.com/vltsandbox/devalue 122ms (cache miss)
npm http fetch GET 200 https://npm.pkg.github.com/vltsandbox/esbuild 216ms (cache miss)
npm http fetch GET 200 https://npm.pkg.github.com/vltsandbox/flattie 135ms (cache miss)
npm http fetch GET 200 https://npm.pkg.github.com/vltsandbox/js-yaml 133ms (cache miss)
npm http fetch GET 200 https://npm.pkg.github.com/vltsandbox/fontace 155ms (cache miss)
npm http fetch GET 200 https://npm.pkg.github.com/vltsandbox/vite 1312ms (cache miss)
npm http fetch GET 200 https://npm.pkg.github.com/vltsandbox/p-limit 187ms (cache miss)
npm http fetch GET 200 https://npm.pkg.github.com/vltsandbox/p-queue 175ms (cache miss)
npm http fetch GET 200 https://npm.pkg.github.com/vltsandbox/prompts 126ms (cache miss)
npm http fetch GET 200 https://npm.pkg.github.com/vltsandbox/unifont 120ms (cache miss)
npm http fetch GET 200 https://npm.pkg.github.com/vltsandbox/magicast 128ms (cache miss)
npm http fetch GET 200 https://npm.pkg.github.com/vltsandbox/tinyexec 127ms (cache miss)
npm http fetch GET 200 https://npm.pkg.github.com/vltsandbox/piccolore 115ms (cache miss)
npm http fetch GET 200 https://npm.pkg.github.com/vltsandbox/tsconfck 130ms (cache miss)
npm http fetch GET 200 https://npm.pkg.github.com/vltsandbox/picomatch 128ms (cache miss)
npm http fetch GET 200 https://npm.pkg.github.com/vltsandbox/smol-toml 124ms (cache miss)
npm http fetch GET 200 https://npm.pkg.github.com/vltsandbox/ultrahtml 211ms (cache miss)
npm http fetch GET 200 https://npm.pkg.github.com/vltsandbox/zod-to-ts 115ms (cache miss)
npm http fetch GET 200 https://npm.pkg.github.com/vltsandbox/unstorage 136ms (cache miss)
npm http fetch GET 200 https://npm.pkg.github.com/vltsandbox/aria-query 125ms (cache miss)
npm http fetch GET 200 https://npm.pkg.github.com/vltsandbox/tinyglobby 133ms (cache miss)
npm http fetch GET 200 https://npm.pkg.github.com/vltsandbox/neotraverse 131ms (cache miss)
npm http fetch GET 200 https://npm.pkg.github.com/vltsandbox/xxhash-wasm 118ms (cache miss)
npm http fetch GET 200 https://npm.pkg.github.com/vltsandbox/html-escaper 121ms (cache miss)
npm http fetch GET 200 https://npm.pkg.github.com/vltsandbox/magic-string 133ms (cache miss)
npm http fetch GET 200 https://npm.pkg.github.com/vltsandbox/yargs-parser 151ms (cache miss)
npm http fetch GET 200 https://npm.pkg.github.com/vltsandbox/estree-walker 122ms (cache miss)
npm http fetch GET 200 https://npm.pkg.github.com/vltsandbox/yocto-spinner 114ms (cache miss)
npm http fetch GET 200 https://npm.pkg.github.com/vltsandbox/github-slugger 122ms (cache miss)
npm http fetch GET 200 https://npm.pkg.github.com/vltsandbox/axobject-query 134ms (cache miss)
npm http fetch GET 200 https://npm.pkg.github.com/vltsandbox/es-module-lexer 124ms (cache miss)
npm http fetch GET 200 https://npm.pkg.github.com/vltsandbox/@oslojs%2fencoding 128ms (cache miss)
npm http fetch GET 200 https://npm.pkg.github.com/vltsandbox/unist-util-visit 125ms (cache miss)
npm http fetch GET 200 https://npm.pkg.github.com/vltsandbox/@astrojs%2fcompiler 168ms (cache miss)
npm http fetch GET 200 https://npm.pkg.github.com/vltsandbox/@astrojs%2ftelemetry 137ms (cache miss)
npm http fetch GET 200 https://npm.pkg.github.com/vltsandbox/@capsizecss%2funpack 135ms (cache miss)
npm http fetch GET 200 https://npm.pkg.github.com/vltsandbox/zod-to-json-schema 130ms (cache miss)
npm http fetch GET 200 https://npm.pkg.github.com/vltsandbox/import-meta-resolve 112ms (cache miss)
npm http fetch GET 200 https://npm.pkg.github.com/vltsandbox/@rollup%2fpluginutils 135ms (cache miss)
npm http fetch GET 200 https://npm.pkg.github.com/vltsandbox/common-ancestor-path 121ms (cache miss)
npm http fetch GET 200 https://npm.pkg.github.com/vltsandbox/http-cache-semantics 127ms (cache miss)
npm http fetch GET 200 https://npm.pkg.github.com/vltsandbox/@astrojs%2fmarkdown-remark 143ms (cache miss)
npm http fetch GET 200 https://npm.pkg.github.com/vltsandbox/package-manager-detector 130ms (cache miss)
npm http fetch GET 200 https://npm.pkg.github.com/vltsandbox/@astrojs%2finternal-helpers 149ms (cache miss)
npm http fetch GET 200 https://npm.pkg.github.com/vltsandbox/deterministic-object-hash 124ms (cache miss)
npm http fetch GET 200 https://npm.pkg.github.com/vltsandbox/sharp 134ms (cache miss)
npm http fetch GET 200 https://npm.pkg.github.com/vltsandbox/typescript 439ms (cache miss)
npm http fetch GET 200 https://npm.pkg.github.com/vltsandbox/remark-gfm 119ms (cache miss)
npm http fetch GET 200 https://npm.pkg.github.com/vltsandbox/rehype-raw 130ms (cache miss)
npm http fetch GET 200 https://npm.pkg.github.com/vltsandbox/unified 138ms (cache miss)
npm http fetch GET 200 https://npm.pkg.github.com/vltsandbox/remark-rehype 122ms (cache miss)
npm http fetch GET 200 https://npm.pkg.github.com/vltsandbox/remark-parse 142ms (cache miss)
npm http fetch GET 200 https://npm.pkg.github.com/vltsandbox/@astrojs%2fprism 144ms (cache miss)
npm http fetch GET 200 https://npm.pkg.github.com/vltsandbox/hast-util-to-text 126ms (cache miss)
npm http fetch GET 200 https://npm.pkg.github.com/vltsandbox/rehype-stringify 141ms (cache miss)
npm http fetch GET 200 https://npm.pkg.github.com/vltsandbox/remark-smartypants 137ms (cache miss)
npm http fetch GET 200 https://npm.pkg.github.com/vltsandbox/hast-util-from-html 120ms (cache miss)
npm http fetch GET 200 https://npm.pkg.github.com/vltsandbox/mdast-util-definitions 131ms (cache miss)
npm http fetch GET 200 https://npm.pkg.github.com/vltsandbox/unist-util-visit-parents 129ms (cache miss)
npm http fetch GET 200 https://npm.pkg.github.com/vltsandbox/unist-util-remove-position 125ms (cache miss)
npm http fetch GET 200 https://npm.pkg.github.com/vltsandbox/debug 128ms (cache updated)
npm http fetch GET 200 https://npm.pkg.github.com/vltsandbox/is-wsl 117ms (cache miss)
npm http fetch GET 200 https://npm.pkg.github.com/vltsandbox/is-docker 115ms (cache miss)
npm http fetch GET 200 https://npm.pkg.github.com/vltsandbox/ci-info 139ms (cache updated)
npm http fetch GET 200 https://npm.pkg.github.com/vltsandbox/which-pm-runs 116ms (cache miss)
npm http fetch GET 200 https://npm.pkg.github.com/vltsandbox/fontkitten 119ms (cache miss)
npm http fetch GET 200 https://npm.pkg.github.com/vltsandbox/@types%2festree 123ms (cache miss)
npm http fetch GET 200 https://npm.pkg.github.com/vltsandbox/estree-walker 119ms (cache updated)
npm http fetch GET 200 https://npm.pkg.github.com/vltsandbox/picomatch 118ms (cache updated)
npm http fetch GET 200 https://npm.pkg.github.com/vltsandbox/camelcase 120ms (cache miss)
npm http fetch GET 200 https://npm.pkg.github.com/vltsandbox/chalk 138ms (cache miss)
npm http fetch GET 200 https://npm.pkg.github.com/vltsandbox/cli-boxes 126ms (cache miss)
npm http fetch GET 200 https://npm.pkg.github.com/vltsandbox/wrap-ansi 116ms (cache miss)
npm http fetch GET 200 https://npm.pkg.github.com/vltsandbox/type-fest 152ms (cache miss)
npm http fetch GET 200 https://npm.pkg.github.com/vltsandbox/ansi-align 119ms (cache miss)
npm http fetch GET 200 https://npm.pkg.github.com/vltsandbox/widest-line 123ms (cache miss)
npm http fetch GET 200 https://npm.pkg.github.com/vltsandbox/string-width 127ms (cache miss)
npm http fetch GET 200 https://npm.pkg.github.com/vltsandbox/ms 118ms (cache miss)
npm http fetch GET 200 https://npm.pkg.github.com/vltsandbox/base-64 119ms (cache miss)
npm http fetch GET 200 https://npm.pkg.github.com/vltsandbox/@esbuild%2faix-ppc64 133ms (cache miss)
npm http fetch GET 200 https://npm.pkg.github.com/vltsandbox/@esbuild%2flinux-arm 123ms (cache miss)
npm http fetch GET 200 https://npm.pkg.github.com/vltsandbox/@esbuild%2flinux-x64 138ms (cache miss)
npm http fetch GET 200 https://npm.pkg.github.com/vltsandbox/@esbuild%2fsunos-x64 132ms (cache miss)
npm http fetch GET 200 https://npm.pkg.github.com/vltsandbox/@esbuild%2fwin32-x64 138ms (cache miss)
npm http fetch GET 200 https://npm.pkg.github.com/vltsandbox/@esbuild%2fdarwin-x64 145ms (cache miss)
npm http fetch GET 200 https://npm.pkg.github.com/vltsandbox/@esbuild%2flinux-ia32 159ms (cache miss)
npm http fetch GET 200 https://npm.pkg.github.com/vltsandbox/@esbuild%2fnetbsd-x64 154ms (cache miss)
npm http fetch GET 200 https://npm.pkg.github.com/vltsandbox/@esbuild%2fwin32-ia32 139ms (cache miss)
npm http fetch GET 200 https://npm.pkg.github.com/vltsandbox/@esbuild%2fandroid-arm 148ms (cache miss)
npm http fetch GET 200 https://npm.pkg.github.com/vltsandbox/@esbuild%2fandroid-x64 152ms (cache miss)
npm http fetch GET 200 https://npm.pkg.github.com/vltsandbox/@esbuild%2ffreebsd-x64 177ms (cache miss)
npm http fetch GET 200 https://npm.pkg.github.com/vltsandbox/@esbuild%2flinux-arm64 145ms (cache miss)
npm http fetch GET 200 https://npm.pkg.github.com/vltsandbox/@esbuild%2flinux-ppc64 135ms (cache miss)
npm http fetch GET 200 https://npm.pkg.github.com/vltsandbox/@esbuild%2flinux-s390x 133ms (cache miss)
npm http fetch GET 200 https://npm.pkg.github.com/vltsandbox/@esbuild%2fopenbsd-x64 138ms (cache miss)
npm http fetch GET 200 https://npm.pkg.github.com/vltsandbox/@esbuild%2fwin32-arm64 130ms (cache miss)
npm http fetch GET 200 https://npm.pkg.github.com/vltsandbox/@esbuild%2fdarwin-arm64 143ms (cache miss)
npm http fetch GET 200 https://npm.pkg.github.com/vltsandbox/@esbuild%2fnetbsd-arm64 158ms (cache miss)
npm http fetch GET 200 https://npm.pkg.github.com/vltsandbox/@esbuild%2fandroid-arm64 133ms (cache miss)
npm http fetch GET 200 https://npm.pkg.github.com/vltsandbox/@esbuild%2ffreebsd-arm64 129ms (cache miss)
npm http fetch GET 200 https://npm.pkg.github.com/vltsandbox/@esbuild%2flinux-loong64 138ms (cache miss)
npm http fetch GET 200 https://npm.pkg.github.com/vltsandbox/@esbuild%2flinux-riscv64 129ms (cache miss)
npm http fetch GET 200 https://npm.pkg.github.com/vltsandbox/@esbuild%2fopenbsd-arm64 130ms (cache miss)
npm http fetch GET 200 https://npm.pkg.github.com/vltsandbox/@esbuild%2flinux-mips64el 138ms (cache miss)
npm http fetch GET 200 https://npm.pkg.github.com/vltsandbox/@esbuild%2fopenharmony-arm64 144ms (cache miss)
npm http fetch GET 200 https://npm.pkg.github.com/vltsandbox/fontkitten 118ms (cache updated)
npm http fetch GET 200 https://npm.pkg.github.com/vltsandbox/argparse 130ms (cache miss)
npm http fetch GET 200 https://npm.pkg.github.com/vltsandbox/@jridgewell%2fsourcemap-codec 163ms (cache miss)
npm http fetch GET 200 https://npm.pkg.github.com/vltsandbox/@babel%2ftypes 160ms (cache miss)
npm http fetch GET 200 https://npm.pkg.github.com/vltsandbox/@babel%2fparser 142ms (cache miss)
npm http fetch GET 200 https://npm.pkg.github.com/vltsandbox/source-map-js 146ms (cache miss)
npm http fetch GET 200 https://npm.pkg.github.com/vltsandbox/yocto-queue 118ms (cache miss)
npm http fetch GET 200 https://npm.pkg.github.com/vltsandbox/p-timeout 122ms (cache miss)
npm http fetch GET 200 https://npm.pkg.github.com/vltsandbox/kleur 116ms (cache miss)
npm http fetch GET 200 https://npm.pkg.github.com/vltsandbox/eventemitter3 122ms (cache miss)
npm http fetch GET 200 https://npm.pkg.github.com/vltsandbox/sisteransi 135ms (cache miss)
npm http fetch GET 200 https://npm.pkg.github.com/vltsandbox/rehype-parse 173ms (cache miss)
npm http fetch GET 200 https://npm.pkg.github.com/vltsandbox/@types%2fhast 193ms (cache miss)
npm http fetch GET 200 https://npm.pkg.github.com/vltsandbox/rehype-stringify 116ms (cache updated)
npm http fetch GET 200 https://npm.pkg.github.com/vltsandbox/unified 138ms (cache updated)
npm http fetch GET 200 https://npm.pkg.github.com/vltsandbox/@img%2fcolour 128ms (cache miss)
npm http fetch GET 200 https://npm.pkg.github.com/vltsandbox/detect-libc 121ms (cache miss)
npm http fetch GET 200 https://npm.pkg.github.com/vltsandbox/@img%2fsharp-linux-arm 149ms (cache miss)
npm http fetch GET 200 https://npm.pkg.github.com/vltsandbox/@img%2fsharp-linux-x64 163ms (cache miss)
npm http fetch GET 200 https://npm.pkg.github.com/vltsandbox/@img%2fsharp-wasm32 179ms (cache miss)
npm http fetch GET 200 https://npm.pkg.github.com/vltsandbox/@img%2fsharp-win32-x64 140ms (cache miss)
npm http fetch GET 200 https://npm.pkg.github.com/vltsandbox/@img%2fsharp-darwin-x64 140ms (cache miss)
npm http fetch GET 200 https://npm.pkg.github.com/vltsandbox/@img%2fsharp-win32-ia32 138ms (cache miss)
npm http fetch GET 200 https://npm.pkg.github.com/vltsandbox/@img%2fsharp-linux-arm64 150ms (cache miss)
npm http fetch GET 200 https://npm.pkg.github.com/vltsandbox/@img%2fsharp-linux-ppc64 136ms (cache miss)
npm http fetch GET 200 https://npm.pkg.github.com/vltsandbox/@img%2fsharp-linux-s390x 169ms (cache miss)
npm http fetch GET 200 https://npm.pkg.github.com/vltsandbox/@img%2fsharp-darwin-arm64 154ms (cache miss)
npm http fetch GET 200 https://npm.pkg.github.com/vltsandbox/@img%2fsharp-win32-arm64 161ms (cache miss)
npm http fetch GET 200 https://npm.pkg.github.com/vltsandbox/@img%2fsharp-linux-riscv64 150ms (cache miss)
npm http fetch GET 200 https://npm.pkg.github.com/vltsandbox/@img%2fsharp-linuxmusl-x64 141ms (cache miss)
npm http fetch GET 200 https://npm.pkg.github.com/vltsandbox/@img%2fsharp-linuxmusl-arm64 146ms (cache miss)
npm http fetch GET 200 https://npm.pkg.github.com/vltsandbox/@img%2fsharp-libvips-linux-arm 137ms (cache miss)
npm http fetch GET 200 https://npm.pkg.github.com/vltsandbox/@img%2fsharp-libvips-linux-arm64 137ms (cache miss)
npm http fetch GET 200 https://npm.pkg.github.com/vltsandbox/@img%2fsharp-libvips-darwin-x64 164ms (cache miss)
npm http fetch GET 200 https://npm.pkg.github.com/vltsandbox/@img%2fsharp-libvips-linux-x64 211ms (cache miss)
npm http fetch GET 200 https://npm.pkg.github.com/vltsandbox/@img%2fsharp-libvips-linux-ppc64 138ms (cache miss)
npm http fetch GET 200 https://npm.pkg.github.com/vltsandbox/@img%2fsharp-libvips-linux-s390x 134ms (cache miss)
npm http fetch GET 200 https://npm.pkg.github.com/vltsandbox/@img%2fsharp-libvips-darwin-arm64 140ms (cache miss)
npm http fetch GET 200 https://npm.pkg.github.com/vltsandbox/@img%2fsharp-libvips-linux-riscv64 141ms (cache miss)
npm http fetch GET 200 https://npm.pkg.github.com/vltsandbox/@img%2fsharp-libvips-linuxmusl-x64 141ms (cache miss)
npm http fetch GET 200 https://npm.pkg.github.com/vltsandbox/@img%2fsharp-libvips-linuxmusl-arm64 143ms (cache miss)
npm http fetch GET 200 https://npm.pkg.github.com/vltsandbox/@types%2fhast 126ms (cache updated)
npm http fetch GET 200 https://npm.pkg.github.com/vltsandbox/@shikijs%2fcore 137ms (cache miss)
npm http fetch GET 200 https://npm.pkg.github.com/vltsandbox/@shikijs%2flangs 143ms (cache miss)
npm http fetch GET 200 https://npm.pkg.github.com/vltsandbox/@shikijs%2ftypes 130ms (cache miss)
npm http fetch GET 200 https://npm.pkg.github.com/vltsandbox/@shikijs%2fthemes 131ms (cache miss)
npm http fetch GET 200 https://npm.pkg.github.com/vltsandbox/@shikijs%2fvscode-textmate 128ms (cache miss)
npm http fetch GET 200 https://npm.pkg.github.com/vltsandbox/@shikijs%2fengine-oniguruma 135ms (cache miss)
npm http fetch GET 200 https://npm.pkg.github.com/vltsandbox/@shikijs%2fengine-javascript 155ms (cache miss)
npm http fetch GET 200 https://npm.pkg.github.com/vltsandbox/sax 123ms (cache miss)
npm http fetch GET 200 https://npm.pkg.github.com/vltsandbox/csso 126ms (cache miss)
npm http fetch GET 200 https://npm.pkg.github.com/vltsandbox/css-tree 140ms (cache miss)
npm http fetch GET 200 https://npm.pkg.github.com/vltsandbox/css-what 149ms (cache miss)
npm http fetch GET 200 https://npm.pkg.github.com/vltsandbox/commander 145ms (cache miss)
npm http fetch GET 200 https://npm.pkg.github.com/vltsandbox/css-select 119ms (cache miss)
npm http fetch GET 200 https://npm.pkg.github.com/vltsandbox/picocolors 123ms (cache miss)
npm http fetch GET 200 https://npm.pkg.github.com/vltsandbox/fdir 133ms (cache miss)
npm http fetch GET 200 https://npm.pkg.github.com/vltsandbox/ohash 137ms (cache miss)
npm http fetch GET 200 https://npm.pkg.github.com/vltsandbox/undici 152ms (cache miss)
npm http fetch GET 200 https://npm.pkg.github.com/vltsandbox/css-tree 129ms (cache updated)
npm http fetch GET 200 https://npm.pkg.github.com/vltsandbox/@types%2funist 162ms (cache miss)
npm http fetch GET 200 https://npm.pkg.github.com/vltsandbox/unist-util-is 133ms (cache miss)
npm http fetch GET 200 https://npm.pkg.github.com/vltsandbox/unist-util-visit-parents 138ms (cache updated)
npm http fetch GET 200 https://npm.pkg.github.com/vltsandbox/h3 128ms (cache miss)
npm http fetch GET 200 https://npm.pkg.github.com/vltsandbox/ufo 127ms (cache miss)
npm http fetch GET 200 https://npm.pkg.github.com/vltsandbox/destr 123ms (cache miss)
npm http fetch GET 200 https://npm.pkg.github.com/vltsandbox/ofetch 128ms (cache miss)
npm http fetch GET 200 https://npm.pkg.github.com/vltsandbox/anymatch 122ms (cache miss)
npm http fetch GET 200 https://npm.pkg.github.com/vltsandbox/chokidar 139ms (cache miss)
npm http fetch GET 200 https://npm.pkg.github.com/vltsandbox/node-fetch-native 157ms (cache miss)
npm http fetch GET 200 https://npm.pkg.github.com/vltsandbox/vfile-message 121ms (cache miss)
npm http fetch GET 200 https://npm.pkg.github.com/vltsandbox/lru-cache 213ms (cache miss)
npm http fetch GET 200 https://npm.pkg.github.com/vltsandbox/fdir 134ms (cache updated)
npm http fetch GET 200 https://npm.pkg.github.com/vltsandbox/esbuild 197ms (cache updated)
npm http fetch GET 200 https://npm.pkg.github.com/vltsandbox/rollup 232ms (cache miss)
npm http fetch GET 200 https://npm.pkg.github.com/vltsandbox/postcss 176ms (cache miss)
npm http fetch GET 200 https://npm.pkg.github.com/vltsandbox/fsevents 142ms (cache miss)
npm http fetch GET 200 https://npm.pkg.github.com/vltsandbox/yoctocolors 130ms (cache miss)
npm http fetch GET 200 https://npm.pkg.github.com/vltsandbox/devlop 117ms (cache miss)
npm http fetch GET 200 https://npm.pkg.github.com/vltsandbox/hast-util-from-parse5 121ms (cache miss)
npm http fetch GET 200 https://npm.pkg.github.com/vltsandbox/prismjs 192ms (cache miss)
npm http fetch GET 200 https://npm.pkg.github.com/vltsandbox/parse5 125ms (cache miss)
npm http fetch GET 200 https://npm.pkg.github.com/vltsandbox/hast-util-is-element 125ms (cache miss)
npm http fetch GET 200 https://npm.pkg.github.com/vltsandbox/unist-util-find-after 122ms (cache miss)
npm http fetch GET 200 https://npm.pkg.github.com/vltsandbox/hast-util-raw 127ms (cache miss)
npm http fetch GET 200 https://npm.pkg.github.com/vltsandbox/@types%2fmdast 135ms (cache miss)
npm http fetch GET 200 https://npm.pkg.github.com/vltsandbox/hast-util-to-html 170ms (cache miss)
npm http fetch GET 200 https://npm.pkg.github.com/vltsandbox/@types%2fmdast 123ms (cache miss)
npm http fetch GET 200 https://npm.pkg.github.com/vltsandbox/mdast-util-gfm 136ms (cache miss)
npm http fetch GET 200 https://npm.pkg.github.com/vltsandbox/micromark-extension-gfm 131ms (cache miss)
npm http fetch GET 200 https://npm.pkg.github.com/vltsandbox/mdast-util-from-markdown 120ms (cache miss)
npm http fetch GET 200 https://npm.pkg.github.com/vltsandbox/remark-stringify 141ms (cache miss)
npm http fetch GET 200 https://npm.pkg.github.com/vltsandbox/micromark-util-types 129ms (cache miss)
npm http fetch GET 200 https://npm.pkg.github.com/vltsandbox/mdast-util-to-hast 125ms (cache miss)
npm http fetch GET 200 https://npm.pkg.github.com/vltsandbox/retext 160ms (cache miss)
npm http fetch GET 200 https://npm.pkg.github.com/vltsandbox/retext-smartypants 127ms (cache miss)
npm http fetch GET 200 https://npm.pkg.github.com/vltsandbox/unified 154ms (cache updated)
npm http fetch GET 200 https://npm.pkg.github.com/vltsandbox/bail 124ms (cache miss)
npm http fetch GET 200 https://npm.pkg.github.com/vltsandbox/devlop 115ms (cache updated)
npm http fetch GET 200 https://npm.pkg.github.com/vltsandbox/extend 123ms (cache miss)
npm http fetch GET 200 https://npm.pkg.github.com/vltsandbox/is-plain-obj 123ms (cache miss)
npm http fetch GET 200 https://npm.pkg.github.com/vltsandbox/trough 128ms (cache miss)
npm http fetch GET 200 https://npm.pkg.github.com/vltsandbox/is-inside-container 149ms (cache miss)
npm http fetch GET 200 https://npm.pkg.github.com/vltsandbox/tiny-inflate 137ms (cache miss)
npm http fetch GET 200 https://npm.pkg.github.com/vltsandbox/string-width 121ms (cache updated)
npm http fetch GET 200 https://npm.pkg.github.com/vltsandbox/strip-ansi 123ms (cache miss)
npm http fetch GET 200 https://npm.pkg.github.com/vltsandbox/emoji-regex 182ms (cache miss)
npm http fetch GET 200 https://npm.pkg.github.com/vltsandbox/get-east-asian-width 118ms (cache miss)
npm http fetch GET 200 https://npm.pkg.github.com/vltsandbox/ansi-styles 141ms (cache miss)
npm http fetch GET 200 https://npm.pkg.github.com/vltsandbox/is-fullwidth-code-point 119ms (cache miss)
npm http fetch GET 200 https://npm.pkg.github.com/vltsandbox/strip-ansi 125ms (cache updated)
npm http fetch GET 200 https://npm.pkg.github.com/vltsandbox/emoji-regex 129ms (cache updated)
npm http fetch GET 200 https://npm.pkg.github.com/vltsandbox/dequal 116ms (cache miss)
npm http fetch GET 200 https://npm.pkg.github.com/vltsandbox/@types%2funist 127ms (cache updated)
npm http fetch GET 200 https://npm.pkg.github.com/vltsandbox/hastscript 132ms (cache miss)
npm http fetch GET 200 https://npm.pkg.github.com/vltsandbox/vfile-location 117ms (cache miss)
npm http fetch GET 200 https://npm.pkg.github.com/vltsandbox/web-namespaces 127ms (cache miss)
npm http fetch GET 200 https://npm.pkg.github.com/vltsandbox/property-information 149ms (cache miss)
npm http fetch GET 200 https://npm.pkg.github.com/vltsandbox/entities 118ms (cache miss)
npm http fetch GET 200 https://npm.pkg.github.com/vltsandbox/unist-util-stringify-position 133ms (cache miss)
npm http fetch GET 200 https://npm.pkg.github.com/vltsandbox/comma-separated-tokens 116ms (cache miss)
npm http fetch GET 200 https://npm.pkg.github.com/vltsandbox/space-separated-tokens 123ms (cache miss)
npm http fetch GET 200 https://npm.pkg.github.com/vltsandbox/hast-util-parse-selector 135ms (cache miss)
npm http fetch GET 200 https://npm.pkg.github.com/vltsandbox/@babel%2fhelper-string-parser 134ms (cache miss)
npm http fetch GET 200 https://npm.pkg.github.com/vltsandbox/@babel%2fhelper-validator-identifier 136ms (cache miss)
npm http fetch GET 200 https://npm.pkg.github.com/vltsandbox/@babel%2ftypes 141ms (cache updated)
npm http fetch GET 200 https://npm.pkg.github.com/vltsandbox/html-void-elements 127ms (cache miss)
npm http fetch GET 200 https://npm.pkg.github.com/vltsandbox/hast-util-to-parse5 129ms (cache miss)
npm http fetch GET 200 https://npm.pkg.github.com/vltsandbox/@ungap%2fstructured-clone 137ms (cache miss)
npm http fetch GET 200 https://npm.pkg.github.com/vltsandbox/unist-util-position 124ms (cache miss)
npm http fetch GET 200 https://npm.pkg.github.com/vltsandbox/zwitch 136ms (cache miss)
npm http fetch GET 200 https://npm.pkg.github.com/vltsandbox/trim-lines 142ms (cache miss)
npm http fetch GET 200 https://npm.pkg.github.com/vltsandbox/micromark-util-sanitize-uri 143ms (cache miss)
npm http fetch GET 200 https://npm.pkg.github.com/vltsandbox/micromark-util-encode 115ms (cache miss)
npm http fetch GET 200 https://npm.pkg.github.com/vltsandbox/micromark-util-symbol 121ms (cache miss)
npm http fetch GET 200 https://npm.pkg.github.com/vltsandbox/micromark-util-character 132ms (cache miss)
npm http fetch GET 200 https://npm.pkg.github.com/vltsandbox/stringify-entities 127ms (cache miss)
npm http fetch GET 200 https://npm.pkg.github.com/vltsandbox/ccount 130ms (cache miss)
npm http fetch GET 200 https://npm.pkg.github.com/vltsandbox/hast-util-whitespace 131ms (cache miss)
npm http fetch GET 200 https://npm.pkg.github.com/vltsandbox/character-entities-html4 130ms (cache miss)
npm http fetch GET 200 https://npm.pkg.github.com/vltsandbox/character-entities-legacy 194ms (cache miss)
npm http fetch GET 200 https://npm.pkg.github.com/vltsandbox/mdast-util-gfm-strikethrough 123ms (cache miss)
npm http fetch GET 200 https://npm.pkg.github.com/vltsandbox/mdast-util-gfm-footnote 130ms (cache miss)
npm http fetch GET 200 https://npm.pkg.github.com/vltsandbox/mdast-util-gfm-autolink-literal 134ms (cache miss)
npm http fetch GET 200 https://npm.pkg.github.com/vltsandbox/mdast-util-gfm-table 123ms (cache miss)
npm http fetch GET 200 https://npm.pkg.github.com/vltsandbox/mdast-util-gfm-task-list-item 127ms (cache miss)
npm http fetch GET 200 https://npm.pkg.github.com/vltsandbox/mdast-util-to-markdown 138ms (cache miss)
npm http fetch GET 200 https://npm.pkg.github.com/vltsandbox/micromark-extension-gfm-footnote 127ms (cache miss)
npm http fetch GET 200 https://npm.pkg.github.com/vltsandbox/micromark-extension-gfm-autolink-literal 143ms (cache miss)
npm http fetch GET 200 https://npm.pkg.github.com/vltsandbox/micromark-extension-gfm-strikethrough 137ms (cache miss)
npm http fetch GET 200 https://npm.pkg.github.com/vltsandbox/micromark-extension-gfm-tagfilter 128ms (cache miss)
npm http fetch GET 200 https://npm.pkg.github.com/vltsandbox/micromark-extension-gfm-table 137ms (cache miss)
npm http fetch GET 200 https://npm.pkg.github.com/vltsandbox/micromark-extension-gfm-task-list-item 129ms (cache miss)
npm http fetch GET 200 https://npm.pkg.github.com/vltsandbox/micromark-util-combine-extensions 121ms (cache miss)
npm http fetch GET 200 https://npm.pkg.github.com/vltsandbox/mdast-util-to-string 114ms (cache miss)
npm http fetch GET 200 https://npm.pkg.github.com/vltsandbox/micromark 123ms (cache miss)
npm http fetch GET 200 https://npm.pkg.github.com/vltsandbox/micromark-util-decode-string 128ms (cache miss)
npm http fetch GET 200 https://npm.pkg.github.com/vltsandbox/decode-named-character-reference 131ms (cache miss)
npm http fetch GET 200 https://npm.pkg.github.com/vltsandbox/micromark-util-decode-numeric-character-reference 126ms (cache miss)
npm http fetch GET 200 https://npm.pkg.github.com/vltsandbox/micromark-util-normalize-identifier 144ms (cache miss)
npm http fetch GET 200 https://npm.pkg.github.com/vltsandbox/mdast-util-find-and-replace 113ms (cache miss)
npm http fetch GET 200 https://npm.pkg.github.com/vltsandbox/micromark-util-normalize-identifier 129ms (cache miss)
npm http fetch GET 200 https://npm.pkg.github.com/vltsandbox/markdown-table 118ms (cache miss)
npm http fetch GET 200 https://npm.pkg.github.com/vltsandbox/longest-streak 118ms (cache miss)
npm http fetch GET 200 https://npm.pkg.github.com/vltsandbox/mdast-util-phrasing 113ms (cache miss)
npm http fetch GET 200 https://npm.pkg.github.com/vltsandbox/micromark-util-html-tag-name 115ms (cache miss)
npm http fetch GET 200 https://npm.pkg.github.com/vltsandbox/micromark-util-classify-character 120ms (cache miss)
npm http fetch GET 200 https://npm.pkg.github.com/vltsandbox/micromark-util-chunked 120ms (cache miss)
npm http fetch GET 200 https://npm.pkg.github.com/vltsandbox/character-entities 129ms (cache miss)
npm http fetch GET 200 https://npm.pkg.github.com/vltsandbox/@types%2fdebug 130ms (cache miss)
npm http fetch GET 200 https://npm.pkg.github.com/vltsandbox/micromark-factory-space 116ms (cache miss)
npm http fetch GET 200 https://npm.pkg.github.com/vltsandbox/micromark-util-edit-map 116ms (cache miss)
npm http fetch GET 200 https://npm.pkg.github.com/vltsandbox/micromark-core-commonmark 121ms (cache miss)
npm http fetch GET 200 https://npm.pkg.github.com/vltsandbox/micromark-util-resolve-all 124ms (cache miss)
npm http fetch GET 200 https://npm.pkg.github.com/vltsandbox/micromark-util-subtokenize 119ms (cache miss)
npm http fetch GET 200 https://npm.pkg.github.com/vltsandbox/escape-string-regexp 128ms (cache miss)
npm http fetch GET 200 https://npm.pkg.github.com/vltsandbox/micromark-factory-space 121ms (cache updated)
npm http fetch GET 200 https://npm.pkg.github.com/vltsandbox/micromark-factory-label 123ms (cache miss)
npm http fetch GET 200 https://npm.pkg.github.com/vltsandbox/@types%2fms 135ms (cache miss)
npm http fetch GET 200 https://npm.pkg.github.com/vltsandbox/micromark-factory-title 122ms (cache miss)
npm http fetch GET 200 https://npm.pkg.github.com/vltsandbox/micromark-factory-destination 116ms (cache miss)
npm http fetch GET 200 https://npm.pkg.github.com/vltsandbox/micromark-factory-whitespace 128ms (cache miss)
npm http fetch GET 200 https://npm.pkg.github.com/vltsandbox/@types%2fnlcst 116ms (cache miss)
npm http fetch GET 200 https://npm.pkg.github.com/vltsandbox/retext-latin 129ms (cache miss)
npm http fetch GET 200 https://npm.pkg.github.com/vltsandbox/retext-stringify 175ms (cache miss)
npm http fetch GET 200 https://npm.pkg.github.com/vltsandbox/nlcst-to-string 130ms (cache miss)
npm http fetch GET 200 https://npm.pkg.github.com/vltsandbox/parse-latin 141ms (cache miss)
npm http fetch GET 200 https://npm.pkg.github.com/vltsandbox/unist-util-modify-children 146ms (cache miss)
npm http fetch GET 200 https://npm.pkg.github.com/vltsandbox/unist-util-visit-children 196ms (cache miss)
npm http fetch GET 200 https://npm.pkg.github.com/vltsandbox/array-iterate 116ms (cache miss)
npm http fetch GET 200 https://npm.pkg.github.com/vltsandbox/@emnapi%2fruntime 131ms (cache miss)
npm http fetch GET 200 https://npm.pkg.github.com/vltsandbox/tslib 125ms (cache miss)
npm http fetch GET 200 https://npm.pkg.github.com/vltsandbox/oniguruma-to-es 120ms (cache miss)
npm http fetch GET 200 https://npm.pkg.github.com/vltsandbox/oniguruma-parser 121ms (cache miss)
npm http fetch GET 200 https://npm.pkg.github.com/vltsandbox/regex-recursion 125ms (cache miss)
npm http fetch GET 200 https://npm.pkg.github.com/vltsandbox/regex 133ms (cache miss)
npm http fetch GET 200 https://npm.pkg.github.com/vltsandbox/regex-utilities 119ms (cache miss)
npm http fetch GET 200 https://npm.pkg.github.com/vltsandbox/regex-utilities 124ms (cache miss)
npm http fetch GET 200 https://npm.pkg.github.com/vltsandbox/ansi-regex 248ms (cache miss)
npm http fetch GET 200 https://npm.pkg.github.com/vltsandbox/nth-check 126ms (cache miss)
npm http fetch GET 200 https://npm.pkg.github.com/vltsandbox/boolbase 129ms (cache miss)
npm http fetch GET 200 https://npm.pkg.github.com/vltsandbox/domutils 136ms (cache miss)
npm http fetch GET 200 https://npm.pkg.github.com/vltsandbox/domhandler 132ms (cache miss)
npm http fetch GET 200 https://npm.pkg.github.com/vltsandbox/css-tree 123ms (cache updated)
npm http fetch GET 200 https://npm.pkg.github.com/vltsandbox/mdn-data 177ms (cache miss)
npm http fetch GET 200 https://npm.pkg.github.com/vltsandbox/domelementtype 124ms (cache miss)
npm http fetch GET 200 https://npm.pkg.github.com/vltsandbox/dom-serializer 150ms (cache miss)
npm http fetch GET 200 https://npm.pkg.github.com/vltsandbox/domelementtype 174ms (cache miss)
npm http fetch GET 200 https://npm.pkg.github.com/vltsandbox/mdn-data 136ms (cache updated)
npm http fetch GET 200 https://npm.pkg.github.com/vltsandbox/entities 127ms (cache updated)
npm http fetch GET 200 https://npm.pkg.github.com/vltsandbox/picomatch 141ms (cache updated)
npm http fetch GET 200 https://npm.pkg.github.com/vltsandbox/picomatch 138ms (cache updated)
npm http fetch GET 200 https://npm.pkg.github.com/vltsandbox/readdirp 141ms (cache miss)
npm http fetch GET 200 https://npm.pkg.github.com/vltsandbox/normalize-path 144ms (cache miss)
npm http fetch GET 200 https://npm.pkg.github.com/vltsandbox/crossws 120ms (cache miss)
npm http fetch GET 200 https://npm.pkg.github.com/vltsandbox/radix3 127ms (cache miss)
npm http fetch GET 200 https://npm.pkg.github.com/vltsandbox/defu 137ms (cache miss)
npm http fetch GET 200 https://npm.pkg.github.com/vltsandbox/uncrypto 122ms (cache miss)
npm http fetch GET 200 https://npm.pkg.github.com/vltsandbox/cookie-es 120ms (cache miss)
npm http fetch GET 200 https://npm.pkg.github.com/vltsandbox/iron-webcrypto 131ms (cache miss)
npm http fetch GET 200 https://npm.pkg.github.com/vltsandbox/node-mock-http 121ms (cache miss)
npm http fetch GET 200 https://npm.pkg.github.com/vltsandbox/ufo 123ms (cache updated)
npm http fetch GET 200 https://npm.pkg.github.com/vltsandbox/@esbuild%2faix-ppc64 135ms (cache updated)
npm http fetch GET 200 https://npm.pkg.github.com/vltsandbox/@esbuild%2flinux-arm 138ms (cache updated)
npm http fetch GET 200 https://npm.pkg.github.com/vltsandbox/@esbuild%2flinux-x64 145ms (cache updated)
npm http fetch GET 200 https://npm.pkg.github.com/vltsandbox/@esbuild%2fwin32-x64 133ms (cache updated)
npm http fetch GET 200 https://npm.pkg.github.com/vltsandbox/@esbuild%2fdarwin-x64 136ms (cache updated)
npm http fetch GET 200 https://npm.pkg.github.com/vltsandbox/@esbuild%2fsunos-x64 150ms (cache updated)
npm http fetch GET 200 https://npm.pkg.github.com/vltsandbox/@esbuild%2flinux-ia32 184ms (cache updated)
npm http fetch GET 200 https://npm.pkg.github.com/vltsandbox/@esbuild%2fnetbsd-x64 191ms (cache updated)
npm http fetch GET 200 https://npm.pkg.github.com/vltsandbox/@esbuild%2fwin32-ia32 191ms (cache updated)
npm http fetch GET 200 https://npm.pkg.github.com/vltsandbox/@esbuild%2fandroid-x64 143ms (cache updated)
npm http fetch GET 200 https://npm.pkg.github.com/vltsandbox/@esbuild%2ffreebsd-x64 144ms (cache updated)
npm http fetch GET 200 https://npm.pkg.github.com/vltsandbox/@esbuild%2fandroid-arm 179ms (cache updated)
npm http fetch GET 200 https://npm.pkg.github.com/vltsandbox/@esbuild%2flinux-arm64 141ms (cache updated)
npm http fetch GET 200 https://npm.pkg.github.com/vltsandbox/@esbuild%2flinux-ppc64 144ms (cache updated)
npm http fetch GET 200 https://npm.pkg.github.com/vltsandbox/@esbuild%2flinux-s390x 149ms (cache updated)
npm http fetch GET 200 https://npm.pkg.github.com/vltsandbox/@esbuild%2fopenbsd-x64 155ms (cache updated)
npm http fetch GET 200 https://npm.pkg.github.com/vltsandbox/@esbuild%2fwin32-arm64 153ms (cache updated)
npm http fetch GET 200 https://npm.pkg.github.com/vltsandbox/@esbuild%2fdarwin-arm64 137ms (cache updated)
npm http fetch GET 200 https://npm.pkg.github.com/vltsandbox/@esbuild%2fnetbsd-arm64 134ms (cache updated)
npm http fetch GET 200 https://npm.pkg.github.com/vltsandbox/@esbuild%2fandroid-arm64 146ms (cache updated)
npm http fetch GET 200 https://npm.pkg.github.com/vltsandbox/@esbuild%2ffreebsd-arm64 145ms (cache updated)
npm http fetch GET 200 https://npm.pkg.github.com/vltsandbox/@esbuild%2flinux-loong64 128ms (cache updated)
npm http fetch GET 200 https://npm.pkg.github.com/vltsandbox/@esbuild%2flinux-riscv64 142ms (cache updated)
npm http fetch GET 200 https://npm.pkg.github.com/vltsandbox/@esbuild%2fopenbsd-arm64 142ms (cache updated)
npm http fetch GET 200 https://npm.pkg.github.com/vltsandbox/@esbuild%2flinux-mips64el 135ms (cache updated)
npm http fetch GET 200 https://npm.pkg.github.com/vltsandbox/@esbuild%2fopenharmony-arm64 133ms (cache updated)
npm http fetch GET 200 https://npm.pkg.github.com/vltsandbox/nanoid 146ms (cache miss)
npm http fetch GET 200 https://npm.pkg.github.com/vltsandbox/@rollup%2frollup-darwin-x64 161ms (cache miss)
npm http fetch GET 200 https://npm.pkg.github.com/vltsandbox/@rollup%2frollup-freebsd-x64 142ms (cache miss)
npm http fetch GET 200 https://npm.pkg.github.com/vltsandbox/@rollup%2frollup-openbsd-x64 159ms (cache miss)
npm http fetch GET 200 https://npm.pkg.github.com/vltsandbox/@napi-rs%2flzma-linux-x64-gnu 130ms (cache miss)
npm http fetch GET 200 https://npm.pkg.github.com/vltsandbox/@rollup%2frollup-darwin-arm64 143ms (cache miss)
npm http fetch GET 200 https://npm.pkg.github.com/vltsandbox/@rollup%2frollup-android-arm64 145ms (cache miss)
npm http fetch GET 200 https://npm.pkg.github.com/vltsandbox/@rollup%2frollup-freebsd-arm64 148ms (cache miss)
npm http fetch GET 200 https://npm.pkg.github.com/vltsandbox/@rollup%2frollup-linux-x64-gnu 159ms (cache miss)
npm http fetch GET 200 https://npm.pkg.github.com/vltsandbox/@rollup%2frollup-win32-x64-gnu 130ms (cache miss)
npm http fetch GET 200 https://npm.pkg.github.com/vltsandbox/@rollup%2frollup-linux-x64-musl 157ms (cache miss)
npm http fetch GET 200 https://npm.pkg.github.com/vltsandbox/@rollup%2frollup-linux-arm64-gnu 140ms (cache miss)
npm http fetch GET 200 https://npm.pkg.github.com/vltsandbox/@rollup%2frollup-win32-x64-msvc 164ms (cache miss)
npm http fetch GET 200 https://npm.pkg.github.com/vltsandbox/@rollup%2frollup-linux-ppc64-gnu 140ms (cache miss)
npm http fetch GET 200 https://npm.pkg.github.com/vltsandbox/@rollup%2frollup-linux-s390x-gnu 138ms (cache miss)
npm http fetch GET 200 https://npm.pkg.github.com/vltsandbox/@rollup%2frollup-win32-ia32-msvc 149ms (cache miss)
npm http fetch GET 200 https://npm.pkg.github.com/vltsandbox/@rollup%2frollup-android-arm-eabi 149ms (cache miss)
npm http fetch GET 200 https://npm.pkg.github.com/vltsandbox/@rollup%2frollup-linux-arm64-musl 166ms (cache miss)
npm http fetch GET 200 https://npm.pkg.github.com/vltsandbox/@rollup%2frollup-linux-ppc64-musl 147ms (cache miss)
npm http fetch GET 200 https://npm.pkg.github.com/vltsandbox/@rollup%2frollup-win32-arm64-msvc 164ms (cache miss)
npm http fetch GET 200 https://npm.pkg.github.com/vltsandbox/@rollup%2frollup-linux-riscv64-gnu 142ms (cache miss)
npm http fetch GET 200 https://npm.pkg.github.com/vltsandbox/@rollup%2frollup-openharmony-arm64 146ms (cache miss)
npm http fetch GET 200 https://npm.pkg.github.com/vltsandbox/@rollup%2frollup-linux-loong64-musl 128ms (cache miss)
npm http fetch GET 200 https://npm.pkg.github.com/vltsandbox/@rollup%2frollup-linux-arm-gnueabihf 133ms (cache miss)
npm http fetch GET 200 https://npm.pkg.github.com/vltsandbox/@rollup%2frollup-linux-loong64-gnu 488ms (cache miss)
npm http fetch GET 200 https://npm.pkg.github.com/vltsandbox/@rollup%2frollup-linux-riscv64-musl 258ms (cache miss)
npm http fetch GET 200 https://npm.pkg.github.com/vltsandbox/@rollup%2frollup-linux-arm-musleabihf 192ms (cache miss)
npm http fetch GET 200 https://npm.pkg.github.com/vltsandbox/ansi-regex 148ms (cache updated)
npm http fetch GET 200 https://registry.npmjs.com/is-fullwidth-code-point/-/is-fullwidth-code-point-3.0.0.tgz 233ms (cache miss)
npm http fetch GET 200 https://registry.npmjs.com/ansi-styles/-/ansi-styles-6.2.3.tgz 234ms (cache miss)
npm http fetch GET 200 https://registry.npmjs.com/normalize-path/-/normalize-path-3.0.0.tgz 308ms (cache miss)
npm http fetch GET 200 https://registry.npmjs.com/ufo/-/ufo-1.6.4.tgz 322ms (cache miss)
npm http fetch GET 200 https://registry.npmjs.com/@rollup/rollup-linux-arm64-gnu/-/rollup-linux-arm64-gnu-4.64.0.tgz 361ms (cache miss)
npm http fetch GET 200 https://registry.npmjs.com/readdirp/-/readdirp-5.1.1.tgz 366ms (cache miss)
npm http fetch GET 200 https://registry.npmjs.com/yoctocolors/-/yoctocolors-2.2.0.tgz 383ms (cache miss)
npm http fetch GET 200 https://registry.npmjs.com/iron-webcrypto/-/iron-webcrypto-1.2.1.tgz 384ms (cache miss)
npm http fetch GET 200 https://registry.npmjs.com/radix3/-/radix3-1.1.2.tgz 409ms (cache miss)
npm http fetch GET 200 https://registry.npmjs.com/uncrypto/-/uncrypto-0.1.3.tgz 411ms (cache miss)
npm http fetch GET 200 https://registry.npmjs.com/cookie-es/-/cookie-es-1.2.3.tgz 426ms (cache miss)
npm http fetch GET 200 https://registry.npmjs.com/defu/-/defu-6.1.7.tgz 434ms (cache miss)
npm http fetch GET 200 https://registry.npmjs.com/array-iterate/-/array-iterate-2.0.1.tgz 450ms (cache miss)
npm http fetch GET 200 https://registry.npmjs.com/destr/-/destr-2.0.5.tgz 491ms (cache miss)
npm http fetch GET 200 https://registry.npmjs.com/nanoid/-/nanoid-3.3.20.tgz 496ms (cache miss)
npm http fetch GET 200 https://registry.npmjs.com/h3/-/h3-1.15.11.tgz 495ms (cache miss)
npm http fetch GET 200 https://registry.npmjs.com/extend/-/extend-3.0.2.tgz 496ms (cache miss)
npm http fetch GET 200 https://registry.npmjs.com/ofetch/-/ofetch-1.5.1.tgz 521ms (cache miss)
npm http fetch GET 200 https://registry.npmjs.com/anymatch/-/anymatch-3.1.3.tgz 524ms (cache miss)
npm http fetch GET 200 https://registry.npmjs.com/chokidar/-/chokidar-5.0.0.tgz 528ms (cache miss)
npm http fetch GET 200 https://registry.npmjs.com/fdir/-/fdir-6.5.0.tgz 532ms (cache miss)
npm http fetch GET 200 https://registry.npmjs.com/trough/-/trough-2.2.0.tgz 539ms (cache miss)
npm http fetch GET 200 https://registry.npmjs.com/is-plain-obj/-/is-plain-obj-4.1.0.tgz 543ms (cache miss)
npm http fetch GET 200 https://registry.npmjs.com/bail/-/bail-2.0.2.tgz 547ms (cache miss)
npm http fetch GET 200 https://registry.npmjs.com/domelementtype/-/domelementtype-2.3.0.tgz 552ms (cache miss)
npm http fetch GET 200 https://registry.npmjs.com/ohash/-/ohash-2.0.12.tgz 555ms (cache miss)
npm http fetch GET 200 https://registry.npmjs.com/boolbase/-/boolbase-1.0.0.tgz 565ms (cache miss)
npm http fetch GET 200 https://registry.npmjs.com/picocolors/-/picocolors-1.1.1.tgz 566ms (cache miss)
npm http fetch GET 200 https://registry.npmjs.com/sax/-/sax-1.6.1.tgz 582ms (cache miss)
npm http fetch GET 200 https://registry.npmjs.com/dom-serializer/-/dom-serializer-2.0.0.tgz 596ms (cache miss)
npm http fetch GET 200 https://registry.npmjs.com/character-entities-legacy/-/character-entities-legacy-3.0.0.tgz 599ms (cache miss)
npm http fetch GET 200 https://registry.npmjs.com/character-entities-html4/-/character-entities-html4-2.1.0.tgz 600ms (cache miss)
npm http fetch GET 200 https://registry.npmjs.com/node-fetch-native/-/node-fetch-native-1.6.7.tgz 632ms (cache miss)
npm http fetch GET 200 https://registry.npmjs.com/ansi-regex/-/ansi-regex-6.4.0.tgz 639ms (cache miss)
npm http fetch GET 200 https://registry.npmjs.com/emoji-regex/-/emoji-regex-10.6.0.tgz 647ms (cache miss)
npm http fetch GET 200 https://registry.npmjs.com/domhandler/-/domhandler-5.0.3.tgz 652ms (cache miss)
npm http fetch GET 200 https://registry.npmjs.com/regex-recursion/-/regex-recursion-6.0.2.tgz 652ms (cache miss)
npm http fetch GET 200 https://registry.npmjs.com/regex-utilities/-/regex-utilities-2.3.0.tgz 653ms (cache miss)
npm http fetch GET 200 https://registry.npmjs.com/commander/-/commander-11.1.0.tgz 656ms (cache miss)
npm http fetch GET 200 https://registry.npmjs.com/strip-ansi/-/strip-ansi-7.2.0.tgz 663ms (cache miss)
npm http fetch GET 200 https://registry.npmjs.com/get-east-asian-width/-/get-east-asian-width-1.7.0.tgz 665ms (cache miss)
npm http fetch GET 200 https://registry.npmjs.com/nth-check/-/nth-check-2.1.1.tgz 687ms (cache miss)
npm http fetch GET 200 https://registry.npmjs.com/@shikijs/vscode-textmate/-/vscode-textmate-10.0.2.tgz 707ms (cache miss)
npm http fetch GET 200 https://registry.npmjs.com/node-mock-http/-/node-mock-http-1.0.5.tgz 731ms (cache miss)
npm http fetch GET 200 https://registry.npmjs.com/@shikijs/types/-/types-3.23.0.tgz 741ms (cache miss)
npm http fetch GET 200 https://registry.npmjs.com/detect-libc/-/detect-libc-2.1.2.tgz 748ms (cache miss)
npm http fetch GET 200 https://registry.npmjs.com/mdn-data/-/mdn-data-2.27.1.tgz 757ms (cache miss)
npm http fetch GET 200 https://registry.npmjs.com/unist-util-modify-children/-/unist-util-modify-children-4.0.0.tgz 762ms (cache miss)
npm http fetch GET 200 https://registry.npmjs.com/crossws/-/crossws-0.3.5.tgz 776ms (cache miss)
npm http fetch GET 200 https://registry.npmjs.com/unist-util-visit-children/-/unist-util-visit-children-3.0.0.tgz 767ms (cache miss)
npm http fetch GET 200 https://registry.npmjs.com/@shikijs/core/-/core-3.23.0.tgz 775ms (cache miss)
npm http fetch GET 200 https://registry.npmjs.com/retext-stringify/-/retext-stringify-4.0.0.tgz 776ms (cache miss)
npm http fetch GET 200 https://registry.npmjs.com/@img/colour/-/colour-1.1.0.tgz 779ms (cache miss)
npm http fetch GET 200 https://registry.npmjs.com/nlcst-to-string/-/nlcst-to-string-4.0.0.tgz 778ms (cache miss)
npm http fetch GET 200 https://registry.npmjs.com/postcss/-/postcss-8.5.29.tgz 801ms (cache miss)
npm http fetch GET 200 https://registry.npmjs.com/@shikijs/engine-javascript/-/engine-javascript-3.23.0.tgz 790ms (cache miss)
npm http fetch GET 200 https://registry.npmjs.com/retext-latin/-/retext-latin-4.0.0.tgz 792ms (cache miss)
npm http fetch GET 200 https://registry.npmjs.com/@types/nlcst/-/nlcst-2.0.3.tgz 814ms (cache miss)
npm http fetch GET 200 https://registry.npmjs.com/retext-smartypants/-/retext-smartypants-6.2.0.tgz 821ms (cache miss)
npm http fetch GET 200 https://registry.npmjs.com/micromark-extension-gfm-task-list-item/-/micromark-extension-gfm-task-list-item-2.1.0.tgz 821ms (cache miss)
npm http fetch GET 200 https://registry.npmjs.com/@img/sharp-linux-arm64/-/sharp-linux-arm64-0.34.5.tgz 862ms (cache miss)
npm http fetch GET 200 https://registry.npmjs.com/retext/-/retext-9.0.0.tgz 869ms (cache miss)
npm http fetch GET 200 https://registry.npmjs.com/micromark-extension-gfm-tagfilter/-/micromark-extension-gfm-tagfilter-2.0.0.tgz 873ms (cache miss)
npm http fetch GET 200 https://registry.npmjs.com/micromark-extension-gfm-strikethrough/-/micromark-extension-gfm-strikethrough-2.1.0.tgz 885ms (cache miss)
npm http fetch GET 200 https://registry.npmjs.com/micromark-factory-whitespace/-/micromark-factory-whitespace-2.0.1.tgz 885ms (cache miss)
npm http fetch GET 200 https://registry.npmjs.com/micromark-factory-title/-/micromark-factory-title-2.0.1.tgz 898ms (cache miss)
npm http fetch GET 200 https://registry.npmjs.com/@shikijs/engine-oniguruma/-/engine-oniguruma-3.23.0.tgz 912ms (cache miss)
npm http fetch GET 200 https://registry.npmjs.com/micromark-factory-destination/-/micromark-factory-destination-2.0.1.tgz 913ms (cache miss)
npm http fetch GET 200 https://registry.npmjs.com/micromark-factory-label/-/micromark-factory-label-2.0.1.tgz 922ms (cache miss)
npm http fetch GET 200 https://registry.npmjs.com/@types/ms/-/ms-2.1.0.tgz 927ms (cache miss)
npm http fetch GET 200 https://registry.npmjs.com/micromark-util-resolve-all/-/micromark-util-resolve-all-2.0.1.tgz 937ms (cache miss)
npm http fetch GET 200 https://registry.npmjs.com/micromark-util-combine-extensions/-/micromark-util-combine-extensions-2.0.1.tgz 948ms (cache miss)
npm http fetch GET 200 https://registry.npmjs.com/micromark-util-edit-map/-/micromark-util-edit-map-1.0.0.tgz 958ms (cache miss)
npm http fetch GET 200 https://registry.npmjs.com/micromark-util-chunked/-/micromark-util-chunked-2.0.1.tgz 962ms (cache miss)
npm http fetch GET 200 https://registry.npmjs.com/micromark-extension-gfm-autolink-literal/-/micromark-extension-gfm-autolink-literal-2.1.0.tgz 984ms (cache miss)
npm http fetch GET 200 https://registry.npmjs.com/micromark-factory-space/-/micromark-factory-space-2.1.0.tgz 982ms (cache miss)
npm http fetch GET 200 https://registry.npmjs.com/micromark-util-classify-character/-/micromark-util-classify-character-2.0.1.tgz 982ms (cache miss)
npm http fetch GET 200 https://registry.npmjs.com/micromark-util-html-tag-name/-/micromark-util-html-tag-name-2.0.1.tgz 986ms (cache miss)
npm http fetch GET 200 https://registry.npmjs.com/longest-streak/-/longest-streak-3.1.0.tgz 986ms (cache miss)
npm http fetch GET 200 https://registry.npmjs.com/mdast-util-phrasing/-/mdast-util-phrasing-4.1.0.tgz 990ms (cache miss)
npm http fetch GET 200 https://registry.npmjs.com/micromark-extension-gfm-footnote/-/micromark-extension-gfm-footnote-2.1.0.tgz 997ms (cache miss)
npm http fetch GET 200 https://registry.npmjs.com/@types/debug/-/debug-4.1.13.tgz 998ms (cache miss)
npm http fetch GET 200 https://registry.npmjs.com/markdown-table/-/markdown-table-3.0.4.tgz 1000ms (cache miss)
npm http fetch GET 200 https://registry.npmjs.com/unist-util-is/-/unist-util-is-6.0.1.tgz 1000ms (cache miss)
npm http fetch GET 200 https://registry.npmjs.com/escape-string-regexp/-/escape-string-regexp-5.0.0.tgz 1000ms (cache miss)
npm http fetch GET 200 https://registry.npmjs.com/micromark-util-subtokenize/-/micromark-util-subtokenize-2.1.0.tgz 1006ms (cache miss)
npm http fetch GET 200 https://registry.npmjs.com/mdast-util-find-and-replace/-/mdast-util-find-and-replace-3.0.3.tgz 1010ms (cache miss)
npm http fetch GET 200 https://registry.npmjs.com/rollup/-/rollup-4.64.0.tgz 1036ms (cache miss)
npm http fetch GET 200 https://registry.npmjs.com/character-entities/-/character-entities-2.0.2.tgz 1019ms (cache miss)
npm http fetch GET 200 https://registry.npmjs.com/unist-util-stringify-position/-/unist-util-stringify-position-4.0.0.tgz 1018ms (cache miss)
npm http fetch GET 200 https://registry.npmjs.com/micromark-util-normalize-identifier/-/micromark-util-normalize-identifier-2.0.1.tgz 1026ms (cache miss)
npm http fetch GET 200 https://registry.npmjs.com/micromark-util-decode-string/-/micromark-util-decode-string-2.0.1.tgz 1029ms (cache miss)
npm http fetch GET 200 https://registry.npmjs.com/css-what/-/css-what-7.0.0.tgz 1046ms (cache miss)
npm http fetch GET 200 https://registry.npmjs.com/mdast-util-to-string/-/mdast-util-to-string-4.0.0.tgz 1040ms (cache miss)
npm http fetch GET 200 https://registry.npmjs.com/decode-named-character-reference/-/decode-named-character-reference-1.3.0.tgz 1042ms (cache miss)
npm http fetch GET 200 https://registry.npmjs.com/micromark-util-decode-numeric-character-reference/-/micromark-util-decode-numeric-character-reference-2.0.2.tgz 1045ms (cache miss)
npm http fetch GET 200 https://registry.npmjs.com/mdast-util-gfm-task-list-item/-/mdast-util-gfm-task-list-item-2.0.0.tgz 1050ms (cache miss)
npm http fetch GET 200 https://registry.npmjs.com/mdast-util-gfm-strikethrough/-/mdast-util-gfm-strikethrough-2.0.1.tgz 1052ms (cache miss)
npm http fetch GET 200 https://registry.npmjs.com/mdast-util-gfm-table/-/mdast-util-gfm-table-2.0.0.tgz 1053ms (cache miss)
npm http fetch GET 200 https://registry.npmjs.com/mdast-util-gfm-footnote/-/mdast-util-gfm-footnote-2.1.0.tgz 1058ms (cache miss)
npm http fetch GET 200 https://registry.npmjs.com/mdast-util-gfm-autolink-literal/-/mdast-util-gfm-autolink-literal-2.0.1.tgz 1059ms (cache miss)
npm http fetch GET 200 https://registry.npmjs.com/remark-stringify/-/remark-stringify-11.0.0.tgz 1069ms (cache miss)
npm http fetch GET 200 https://registry.npmjs.com/micromark-extension-gfm/-/micromark-extension-gfm-3.0.0.tgz 1071ms (cache miss)
npm http fetch GET 200 https://registry.npmjs.com/oniguruma-to-es/-/oniguruma-to-es-4.3.6.tgz 1098ms (cache miss)
npm http fetch GET 200 https://registry.npmjs.com/mdast-util-gfm/-/mdast-util-gfm-3.1.0.tgz 1094ms (cache miss)
npm http fetch GET 200 https://registry.npmjs.com/micromark-extension-gfm-table/-/micromark-extension-gfm-table-2.1.2.tgz 1105ms (cache miss)
npm http fetch GET 200 https://registry.npmjs.com/mdast-util-from-markdown/-/mdast-util-from-markdown-2.1.0.tgz 1106ms (cache miss)
npm http fetch GET 200 https://registry.npmjs.com/ccount/-/ccount-2.0.1.tgz 1106ms (cache miss)
npm http fetch GET 200 https://registry.npmjs.com/hast-util-whitespace/-/hast-util-whitespace-3.0.0.tgz 1107ms (cache miss)
npm http fetch GET 200 https://registry.npmjs.com/domutils/-/domutils-3.2.2.tgz 1132ms (cache miss)
npm http fetch GET 200 https://registry.npmjs.com/micromark-util-types/-/micromark-util-types-2.0.3.tgz 1124ms (cache miss)
npm http fetch GET 200 https://registry.npmjs.com/micromark-util-encode/-/micromark-util-encode-2.0.1.tgz 1129ms (cache miss)
npm http fetch GET 200 https://registry.npmjs.com/regex/-/regex-6.1.0.tgz 1153ms (cache miss)
npm http fetch GET 200 https://registry.npmjs.com/zwitch/-/zwitch-2.0.4.tgz 1147ms (cache miss)
npm http fetch GET 200 https://registry.npmjs.com/micromark-util-sanitize-uri/-/micromark-util-sanitize-uri-2.0.1.tgz 1152ms (cache miss)
npm http fetch GET 200 https://registry.npmjs.com/unist-util-position/-/unist-util-position-5.0.0.tgz 1159ms (cache miss)
npm http fetch GET 200 https://registry.npmjs.com/micromark-util-character/-/micromark-util-character-2.1.1.tgz 1163ms (cache miss)
npm http fetch GET 200 https://registry.npmjs.com/trim-lines/-/trim-lines-3.0.1.tgz 1165ms (cache miss)
npm http fetch GET 200 https://registry.npmjs.com/html-void-elements/-/html-void-elements-3.0.0.tgz 1168ms (cache miss)
npm http fetch GET 200 https://registry.npmjs.com/hast-util-to-parse5/-/hast-util-to-parse5-8.0.1.tgz 1179ms (cache miss)
npm http fetch GET 200 https://registry.npmjs.com/parse-latin/-/parse-latin-7.0.0.tgz 1194ms (cache miss)
npm http fetch GET 200 https://registry.npmjs.com/micromark-util-symbol/-/micromark-util-symbol-2.0.1.tgz 1191ms (cache miss)
npm http fetch GET 200 https://registry.npmjs.com/stringify-entities/-/stringify-entities-4.0.4.tgz 1200ms (cache miss)
npm http fetch GET 200 https://registry.npmjs.com/hast-util-raw/-/hast-util-raw-9.1.0.tgz 1204ms (cache miss)
npm http fetch GET 200 https://registry.npmjs.com/sisteransi/-/sisteransi-1.0.5.tgz 1205ms (cache miss)
npm http fetch GET 200 https://registry.npmjs.com/@ungap/structured-clone/-/structured-clone-1.4.0.tgz 1212ms (cache miss)
npm http fetch GET 200 https://registry.npmjs.com/kleur/-/kleur-3.0.3.tgz 1215ms (cache miss)
npm http fetch GET 200 https://registry.npmjs.com/p-timeout/-/p-timeout-6.1.4.tgz 1223ms (cache miss)
npm http fetch GET 200 https://registry.npmjs.com/rehype-parse/-/rehype-parse-9.0.1.tgz 1224ms (cache miss)
npm http fetch GET 200 https://registry.npmjs.com/eventemitter3/-/eventemitter3-5.0.4.tgz 1234ms (cache miss)
npm http fetch GET 200 https://registry.npmjs.com/yocto-queue/-/yocto-queue-1.2.2.tgz 1237ms (cache miss)
npm http fetch GET 200 https://registry.npmjs.com/@types/mdast/-/mdast-4.0.4.tgz 1246ms (cache miss)
npm http fetch GET 200 https://registry.npmjs.com/@babel/helper-string-parser/-/helper-string-parser-7.29.7.tgz 1279ms (cache miss)
npm http fetch GET 200 https://registry.npmjs.com/@babel/helper-validator-identifier/-/helper-validator-identifier-7.29.7.tgz 1290ms (cache miss)
npm http fetch GET 200 https://registry.npmjs.com/space-separated-tokens/-/space-separated-tokens-2.0.2.tgz 1303ms (cache miss)
npm http fetch GET 200 https://registry.npmjs.com/is-inside-container/-/is-inside-container-1.0.0.tgz 1308ms (cache miss)
npm http fetch GET 200 https://registry.npmjs.com/unist-util-find-after/-/unist-util-find-after-5.0.0.tgz 1318ms (cache miss)
npm http fetch GET 200 https://registry.npmjs.com/hast-util-parse-selector/-/hast-util-parse-selector-4.0.0.tgz 1319ms (cache miss)
npm http fetch GET 200 https://registry.npmjs.com/comma-separated-tokens/-/comma-separated-tokens-2.0.3.tgz 1320ms (cache miss)
npm http fetch GET 200 https://registry.npmjs.com/hast-util-is-element/-/hast-util-is-element-3.0.0.tgz 1327ms (cache miss)
npm http fetch GET 200 https://registry.npmjs.com/source-map-js/-/source-map-js-1.2.2.tgz 1340ms (cache miss)
npm http fetch GET 200 https://registry.npmjs.com/argparse/-/argparse-2.0.1.tgz 1343ms (cache miss)
npm http fetch GET 200 https://registry.npmjs.com/web-namespaces/-/web-namespaces-2.0.1.tgz 1344ms (cache miss)
npm http fetch GET 200 https://registry.npmjs.com/vfile-location/-/vfile-location-5.0.3.tgz 1350ms (cache miss)
npm http fetch GET 200 https://registry.npmjs.com/dequal/-/dequal-2.0.3.tgz 1365ms (cache miss)
npm http fetch GET 200 https://registry.npmjs.com/@types/unist/-/unist-3.0.3.tgz 1373ms (cache miss)
npm http fetch GET 200 https://registry.npmjs.com/hast-util-to-html/-/hast-util-to-html-9.0.5.tgz 1388ms (cache miss)
npm http fetch GET 200 https://registry.npmjs.com/vfile-message/-/vfile-message-4.0.3.tgz 1387ms (cache miss)
npm http fetch GET 200 https://registry.npmjs.com/devlop/-/devlop-1.1.0.tgz 1393ms (cache miss)
npm http fetch GET 200 https://registry.npmjs.com/hast-util-from-parse5/-/hast-util-from-parse5-8.0.3.tgz 1399ms (cache miss)
npm http fetch GET 200 https://registry.npmjs.com/base-64/-/base-64-1.0.0.tgz 1413ms (cache miss)
npm http fetch GET 200 https://registry.npmjs.com/csso/-/csso-5.0.5.tgz 1444ms (cache miss)
npm http fetch GET 200 https://registry.npmjs.com/ms/-/ms-2.1.3.tgz 1422ms (cache miss)
npm http fetch GET 200 https://registry.npmjs.com/@jridgewell/sourcemap-codec/-/sourcemap-codec-1.6.0.tgz 1446ms (cache miss)
npm http fetch GET 200 https://registry.npmjs.com/wrap-ansi/-/wrap-ansi-9.0.2.tgz 1444ms (cache miss)
npm http fetch GET 200 https://registry.npmjs.com/tiny-inflate/-/tiny-inflate-1.0.3.tgz 1445ms (cache miss)
npm http fetch GET 200 https://registry.npmjs.com/widest-line/-/widest-line-5.0.0.tgz 1445ms (cache miss)
npm http fetch GET 200 https://registry.npmjs.com/hastscript/-/hastscript-9.0.1.tgz 1466ms (cache miss)
npm http fetch GET 200 https://registry.npmjs.com/cli-boxes/-/cli-boxes-3.0.0.tgz 1476ms (cache miss)
npm http fetch GET 200 https://registry.npmjs.com/camelcase/-/camelcase-8.0.0.tgz 1477ms (cache miss)
npm http fetch GET 200 https://registry.npmjs.com/chalk/-/chalk-5.6.2.tgz 1481ms (cache miss)
npm http fetch GET 200 https://registry.npmjs.com/ansi-align/-/ansi-align-3.0.1.tgz 1499ms (cache miss)
npm http fetch GET 200 https://registry.npmjs.com/@types/hast/-/hast-3.0.5.tgz 1503ms (cache miss)
npm http fetch GET 200 https://registry.npmjs.com/string-width/-/string-width-7.2.0.tgz 1503ms (cache miss)
npm http fetch GET 200 https://registry.npmjs.com/@types/estree/-/estree-1.0.9.tgz 1513ms (cache miss)
npm http fetch GET 200 https://registry.npmjs.com/micromark/-/micromark-4.0.3.tgz 1532ms (cache miss)
npm http fetch GET 200 https://registry.npmjs.com/@babel/parser/-/parser-7.29.9.tgz 1527ms (cache miss)
npm http fetch GET 200 https://registry.npmjs.com/which-pm-runs/-/which-pm-runs-1.1.0.tgz 1535ms (cache miss)
npm http fetch GET 200 https://registry.npmjs.com/fontkitten/-/fontkitten-1.0.3.tgz 1536ms (cache miss)
npm http fetch GET 200 https://registry.npmjs.com/is-wsl/-/is-wsl-3.1.1.tgz 1537ms (cache miss)
npm http fetch GET 200 https://registry.npmjs.com/is-docker/-/is-docker-3.0.0.tgz 1536ms (cache miss)
npm http fetch GET 200 https://registry.npmjs.com/unist-util-remove-position/-/unist-util-remove-position-5.0.0.tgz 1539ms (cache miss)
npm http fetch GET 200 https://registry.npmjs.com/unified/-/unified-11.0.5.tgz 1556ms (cache miss)
npm http fetch GET 200 https://registry.npmjs.com/unist-util-visit-parents/-/unist-util-visit-parents-6.0.2.tgz 1557ms (cache miss)
npm http fetch GET 200 https://registry.npmjs.com/remark-rehype/-/remark-rehype-11.1.2.tgz 1556ms (cache miss)
npm http fetch GET 200 https://registry.npmjs.com/remark-smartypants/-/remark-smartypants-3.0.3.tgz 1558ms (cache miss)
npm http fetch GET 200 https://registry.npmjs.com/remark-parse/-/remark-parse-11.0.0.tgz 1572ms (cache miss)
npm http fetch GET 200 https://registry.npmjs.com/rehype-stringify/-/rehype-stringify-10.0.1.tgz 1586ms (cache miss)
npm http fetch GET 200 https://registry.npmjs.com/rehype-raw/-/rehype-raw-7.0.0.tgz 1588ms (cache miss)
npm http fetch GET 200 https://registry.npmjs.com/remark-gfm/-/remark-gfm-4.0.1.tgz 1596ms (cache miss)
npm http fetch GET 200 https://registry.npmjs.com/mdast-util-definitions/-/mdast-util-definitions-6.0.0.tgz 1599ms (cache miss)
npm http fetch GET 200 https://registry.npmjs.com/hast-util-to-text/-/hast-util-to-text-4.0.2.tgz 1605ms (cache miss)
npm http fetch GET 200 https://registry.npmjs.com/hast-util-from-html/-/hast-util-from-html-2.0.3.tgz 1605ms (cache miss)
npm http fetch GET 200 https://registry.npmjs.com/yocto-spinner/-/yocto-spinner-0.2.3.tgz 1629ms (cache miss)
npm http fetch GET 200 https://registry.npmjs.com/zod-to-ts/-/zod-to-ts-1.2.0.tgz 1630ms (cache miss)
npm http fetch GET 200 https://registry.npmjs.com/@astrojs/prism/-/prism-3.3.0.tgz 1645ms (cache miss)
npm http fetch GET 200 https://registry.npmjs.com/vitefu/-/vitefu-1.1.3.tgz 1671ms (cache miss)
npm http fetch GET 200 https://registry.npmjs.com/unifont/-/unifont-0.7.5.tgz 1696ms (cache miss)
npm http fetch GET 200 https://registry.npmjs.com/property-information/-/property-information-7.2.0.tgz 1708ms (cache miss)
npm http fetch GET 200 https://registry.npmjs.com/@shikijs/themes/-/themes-3.23.0.tgz 1727ms (cache miss)
npm http fetch GET 200 https://registry.npmjs.com/tinyglobby/-/tinyglobby-0.2.17.tgz 1747ms (cache miss)
npm http fetch GET 200 https://registry.npmjs.com/yargs-parser/-/yargs-parser-21.1.1.tgz 1758ms (cache miss)
npm http fetch GET 200 https://registry.npmjs.com/tinyexec/-/tinyexec-1.3.1.tgz 1766ms (cache miss)
npm http fetch GET 200 https://registry.npmjs.com/xxhash-wasm/-/xxhash-wasm-1.1.0.tgz 1777ms (cache miss)
npm http fetch GET 200 https://registry.npmjs.com/rehype/-/rehype-13.0.2.tgz 1793ms (cache miss)
npm http fetch GET 200 https://registry.npmjs.com/piccolore/-/piccolore-0.1.3.tgz 1803ms (cache miss)
npm http fetch GET 200 https://registry.npmjs.com/tsconfck/-/tsconfck-3.1.6.tgz 1818ms (cache miss)
npm http fetch GET 200 https://registry.npmjs.com/p-limit/-/p-limit-6.2.0.tgz 1815ms (cache miss)
npm warn deprecated tsconfck@3.1.6: unmaintained
npm http fetch GET 200 https://registry.npmjs.com/picomatch/-/picomatch-4.0.7.tgz 1823ms (cache miss)
npm http fetch GET 200 https://registry.npmjs.com/mrmime/-/mrmime-2.0.1.tgz 1830ms (cache miss)
npm http fetch GET 200 https://registry.npmjs.com/http-cache-semantics/-/http-cache-semantics-4.3.0.tgz 1841ms (cache miss)
npm http fetch GET 200 https://registry.npmjs.com/html-escaper/-/html-escaper-3.0.3.tgz 1841ms (cache miss)
npm http fetch GET 200 https://registry.npmjs.com/magicast/-/magicast-0.5.5.tgz 1851ms (cache miss)
npm http fetch GET 200 https://registry.npmjs.com/package-manager-detector/-/package-manager-detector-1.9.0.tgz 1856ms (cache miss)
npm http fetch GET 200 https://registry.npmjs.com/github-slugger/-/github-slugger-2.0.0.tgz 1869ms (cache miss)
npm http fetch GET 200 https://registry.npmjs.com/fontace/-/fontace-0.4.1.tgz 1876ms (cache miss)
npm http fetch GET 200 https://registry.npmjs.com/p-queue/-/p-queue-8.1.1.tgz 1881ms (cache miss)
npm http fetch GET 200 https://registry.npmjs.com/flattie/-/flattie-1.1.1.tgz 1882ms (cache miss)
npm http fetch GET 200 https://registry.npmjs.com/smol-toml/-/smol-toml-1.9.0.tgz 1892ms (cache miss)
npm http fetch GET 200 https://registry.npmjs.com/estree-walker/-/estree-walker-3.0.3.tgz 1892ms (cache miss)
npm http fetch GET 200 https://registry.npmjs.com/esbuild/-/esbuild-0.27.7.tgz 1906ms (cache miss)
npm http fetch GET 200 https://registry.npmjs.com/es-module-lexer/-/es-module-lexer-1.7.0.tgz 1923ms (cache miss)
npm http fetch GET 200 https://registry.npmjs.com/dset/-/dset-3.1.4.tgz 1927ms (cache miss)
npm http fetch GET 200 https://registry.npmjs.com/dlv/-/dlv-1.1.3.tgz 1929ms (cache miss)
npm http fetch GET 200 https://registry.npmjs.com/cookie/-/cookie-1.1.1.tgz 1940ms (cache miss)
npm http fetch GET 200 https://registry.npmjs.com/magic-string/-/magic-string-0.30.21.tgz 1947ms (cache miss)
npm http fetch GET 200 https://registry.npmjs.com/import-meta-resolve/-/import-meta-resolve-4.2.0.tgz 1948ms (cache miss)
npm http fetch GET 200 https://registry.npmjs.com/cssesc/-/cssesc-3.0.0.tgz 1946ms (cache miss)
npm http fetch GET 200 https://registry.npmjs.com/ultrahtml/-/ultrahtml-1.7.0.tgz 1957ms (cache miss)
npm http fetch GET 200 https://registry.npmjs.com/neotraverse/-/neotraverse-0.6.18.tgz 1955ms (cache miss)
npm http fetch GET 200 https://registry.npmjs.com/common-ancestor-path/-/common-ancestor-path-1.0.1.tgz 1955ms (cache miss)
npm http fetch GET 200 https://registry.npmjs.com/clsx/-/clsx-2.1.1.tgz 1959ms (cache miss)
npm http fetch GET 200 https://registry.npmjs.com/mdast-util-to-hast/-/mdast-util-to-hast-13.2.1.tgz 1985ms (cache miss)
npm http fetch GET 200 https://registry.npmjs.com/ci-info/-/ci-info-4.4.0.tgz 1970ms (cache miss)
npm http fetch GET 200 https://registry.npmjs.com/boxen/-/boxen-8.0.1.tgz 1975ms (cache miss)
npm http fetch GET 200 https://registry.npmjs.com/deterministic-object-hash/-/deterministic-object-hash-2.0.2.tgz 1999ms (cache miss)
npm http fetch GET 200 https://registry.npmjs.com/debug/-/debug-4.4.3.tgz 2009ms (cache miss)
npm http fetch GET 200 https://registry.npmjs.com/@rollup/pluginutils/-/pluginutils-5.4.0.tgz 2007ms (cache miss)
npm http fetch GET 200 https://registry.npmjs.com/devalue/-/devalue-5.9.4.tgz 2013ms (cache miss)
npm http fetch GET 200 https://registry.npmjs.com/@oslojs/encoding/-/encoding-1.1.0.tgz 2041ms (cache miss)
npm http fetch GET 200 https://registry.npmjs.com/@astrojs/telemetry/-/telemetry-3.3.0.tgz 2079ms (cache miss)
npm http fetch GET 200 https://registry.npmjs.com/@astrojs/internal-helpers/-/internal-helpers-0.7.6.tgz 2081ms (cache miss)
npm http fetch GET 200 https://registry.npmjs.com/@capsizecss/unpack/-/unpack-4.0.1.tgz 2085ms (cache miss)
npm http fetch GET 200 https://registry.npmjs.com/picomatch/-/picomatch-2.3.2.tgz 2090ms (cache miss)
npm http fetch GET 200 https://registry.npmjs.com/sharp/-/sharp-0.34.5.tgz 2106ms (cache miss)
npm http fetch GET 200 https://registry.npmjs.com/ansi-regex/-/ansi-regex-5.0.1.tgz 2108ms (cache miss)
npm http fetch GET 200 https://registry.npmjs.com/strip-ansi/-/strip-ansi-6.0.1.tgz 2108ms (cache miss)
npm http fetch GET 200 https://registry.npmjs.com/emoji-regex/-/emoji-regex-8.0.0.tgz 2116ms (cache miss)
npm http fetch GET 200 https://registry.npmjs.com/micromark-core-commonmark/-/micromark-core-commonmark-2.0.4.tgz 2148ms (cache miss)
npm http fetch GET 200 https://registry.npmjs.com/string-width/-/string-width-4.2.3.tgz 2120ms (cache miss)
npm http fetch GET 200 https://registry.npmjs.com/acorn/-/acorn-8.18.0.tgz 2125ms (cache miss)
npm http fetch GET 200 https://registry.npmjs.com/semver/-/semver-7.8.5.tgz 2137ms (cache miss)
npm http fetch GET 200 https://registry.npmjs.com/esbuild/-/esbuild-0.25.12.tgz 2139ms (cache miss)
npm http fetch GET 200 https://registry.npmjs.com/unist-util-visit/-/unist-util-visit-5.1.0.tgz 2146ms (cache miss)
npm http fetch GET 200 https://registry.npmjs.com/css-select/-/css-select-6.0.0.tgz 2191ms (cache miss)
npm http fetch GET 200 https://registry.npmjs.com/@astrojs/markdown-remark/-/markdown-remark-6.3.11.tgz 2176ms (cache miss)
npm http fetch GET 200 https://registry.npmjs.com/estree-walker/-/estree-walker-2.0.2.tgz 2178ms (cache miss)
npm http fetch GET 200 https://registry.npmjs.com/entities/-/entities-6.0.1.tgz 2206ms (cache miss)
npm http fetch GET 200 https://registry.npmjs.com/vfile/-/vfile-6.0.3.tgz 2186ms (cache miss)
npm http fetch GET 200 https://registry.npmjs.com/oniguruma-parser/-/oniguruma-parser-0.12.2.tgz 2243ms (cache miss)
npm http fetch GET 200 https://registry.npmjs.com/js-yaml/-/js-yaml-4.3.2.tgz 2236ms (cache miss)
npm http fetch GET 200 https://registry.npmjs.com/mdn-data/-/mdn-data-2.0.28.tgz 2233ms (cache miss)
npm http fetch GET 200 https://registry.npmjs.com/parse5/-/parse5-7.3.0.tgz 2261ms (cache miss)
npm http fetch GET 200 https://registry.npmjs.com/lru-cache/-/lru-cache-11.5.3.tgz 2313ms (cache miss)
npm http fetch GET 200 https://registry.npmjs.com/vite/-/vite-6.4.3.tgz 2312ms (cache miss)
npm http fetch GET 200 https://registry.npmjs.com/mdast-util-to-markdown/-/mdast-util-to-markdown-2.2.0.tgz 2357ms (cache miss)
npm http fetch GET 200 https://registry.npmjs.com/prompts/-/prompts-2.4.2.tgz 2356ms (cache miss)
npm http fetch GET 200 https://registry.npmjs.com/type-fest/-/type-fest-4.41.0.tgz 2425ms (cache miss)
npm http fetch GET 200 https://registry.npmjs.com/entities/-/entities-4.5.0.tgz 2463ms (cache miss)
npm http fetch GET 200 https://registry.npmjs.com/@esbuild/linux-arm64/-/linux-arm64-0.27.7.tgz 2590ms (cache miss)
npm http fetch GET 200 https://registry.npmjs.com/@astrojs/compiler/-/compiler-2.13.1.tgz 2606ms (cache miss)
npm http fetch GET 200 https://registry.npmjs.com/undici/-/undici-8.11.2.tgz 2656ms (cache miss)
npm http fetch GET 200 https://registry.npmjs.com/unstorage/-/unstorage-1.17.5.tgz 2624ms (cache miss)
npm http fetch GET 200 https://registry.npmjs.com/diff/-/diff-8.0.4.tgz 2650ms (cache miss)
npm http fetch GET 200 https://registry.npmjs.com/svgo/-/svgo-4.1.0.tgz 2659ms (cache miss)
npm http fetch GET 200 https://registry.npmjs.com/@img/sharp-libvips-linux-arm64/-/sharp-libvips-linux-arm64-1.2.4.tgz 2696ms (cache miss)
npm http fetch GET 200 https://registry.npmjs.com/zod-to-json-schema/-/zod-to-json-schema-3.25.2.tgz 2681ms (cache miss)
npm http fetch GET 200 https://registry.npmjs.com/@esbuild/linux-arm64/-/linux-arm64-0.25.12.tgz 2710ms (cache miss)
npm http fetch GET 200 https://registry.npmjs.com/@babel/types/-/types-7.29.8.tgz 2735ms (cache miss)
npm http fetch GET 200 https://registry.npmjs.com/axobject-query/-/axobject-query-4.1.0.tgz 2758ms (cache miss)
npm http fetch GET 200 https://registry.npmjs.com/css-tree/-/css-tree-3.2.1.tgz 2857ms (cache miss)
npm http fetch GET 200 https://registry.npmjs.com/aria-query/-/aria-query-5.3.2.tgz 2887ms (cache miss)
npm http fetch GET 200 https://registry.npmjs.com/css-tree/-/css-tree-2.2.1.tgz 2932ms (cache miss)
npm http fetch GET 200 https://registry.npmjs.com/typescript/-/typescript-5.9.3.tgz 3007ms (cache miss)
npm http fetch GET 200 https://registry.npmjs.com/@shikijs/langs/-/langs-3.23.0.tgz 3066ms (cache miss)
npm http fetch GET 200 https://registry.npmjs.com/prismjs/-/prismjs-1.30.0.tgz 3063ms (cache miss)
npm http fetch GET 200 https://registry.npmjs.com/zod/-/zod-3.25.76.tgz 3185ms (cache miss)
npm http fetch GET 200 https://registry.npmjs.com/shiki/-/shiki-3.23.0.tgz 3211ms (cache miss)
npm http fetch GET 200 https://registry.npmjs.com/astro/-/astro-5.18.2.tgz 3354ms (cache miss)

added 279 packages in 27s
