npm http fetch GET 200 https://npm.pkg.github.com/vltsandbox/astro 642ms (cache miss)
npm http fetch GET 200 https://npm.pkg.github.com/vltsandbox/clsx 296ms (cache miss)
npm http fetch GET 200 https://npm.pkg.github.com/vltsandbox/dlv 343ms (cache miss)
npm http fetch GET 200 https://npm.pkg.github.com/vltsandbox/diff 182ms (cache miss)
npm http fetch GET 200 https://npm.pkg.github.com/vltsandbox/dset 183ms (cache miss)
npm http fetch GET 200 https://npm.pkg.github.com/vltsandbox/zod 644ms (cache miss)
npm http fetch GET 200 https://npm.pkg.github.com/vltsandbox/svgo 279ms (cache miss)
npm http fetch GET 200 https://npm.pkg.github.com/vltsandbox/acorn 356ms (cache miss)
npm http fetch GET 200 https://npm.pkg.github.com/vltsandbox/boxen 262ms (cache miss)
npm http fetch GET 200 https://npm.pkg.github.com/vltsandbox/debug 234ms (cache miss)
npm http fetch GET 200 https://npm.pkg.github.com/vltsandbox/shiki 259ms (cache miss)
npm http fetch GET 200 https://npm.pkg.github.com/vltsandbox/cookie 256ms (cache miss)
npm http fetch GET 200 https://npm.pkg.github.com/vltsandbox/cssesc 260ms (cache miss)
npm http fetch GET 200 https://npm.pkg.github.com/vltsandbox/vfile 590ms (cache miss)
npm http fetch GET 200 https://npm.pkg.github.com/vltsandbox/vite 1435ms (cache miss)
npm http fetch GET 200 https://npm.pkg.github.com/vltsandbox/mrmime 293ms (cache miss)
npm http fetch GET 200 https://npm.pkg.github.com/vltsandbox/rehype 252ms (cache miss)
npm http fetch GET 200 https://npm.pkg.github.com/vltsandbox/vitefu 186ms (cache miss)
npm http fetch GET 200 https://npm.pkg.github.com/vltsandbox/semver 249ms (cache miss)
npm http fetch GET 200 https://npm.pkg.github.com/vltsandbox/ci-info 315ms (cache miss)
npm http fetch GET 200 https://npm.pkg.github.com/vltsandbox/flattie 167ms (cache miss)
npm http fetch GET 200 https://npm.pkg.github.com/vltsandbox/esbuild 512ms (cache miss)
npm http fetch GET 200 https://npm.pkg.github.com/vltsandbox/devalue 719ms (cache miss)
npm http fetch GET 200 https://npm.pkg.github.com/vltsandbox/p-limit 230ms (cache miss)
npm http fetch GET 200 https://npm.pkg.github.com/vltsandbox/fontace 826ms (cache miss)
npm http fetch GET 200 https://npm.pkg.github.com/vltsandbox/js-yaml 609ms (cache miss)
npm http fetch GET 200 https://npm.pkg.github.com/vltsandbox/prompts 201ms (cache miss)
npm http fetch GET 200 https://npm.pkg.github.com/vltsandbox/p-queue 432ms (cache miss)
npm http fetch GET 200 https://npm.pkg.github.com/vltsandbox/magicast 189ms (cache miss)
npm http fetch GET 200 https://npm.pkg.github.com/vltsandbox/unifont 418ms (cache miss)
npm http fetch GET 200 https://npm.pkg.github.com/vltsandbox/piccolore 171ms (cache miss)
npm http fetch GET 200 https://npm.pkg.github.com/vltsandbox/tinyexec 415ms (cache miss)
npm http fetch GET 200 https://npm.pkg.github.com/vltsandbox/tsconfck 492ms (cache miss)
npm http fetch GET 200 https://npm.pkg.github.com/vltsandbox/smol-toml 410ms (cache miss)
npm http fetch GET 200 https://npm.pkg.github.com/vltsandbox/picomatch 477ms (cache miss)
npm http fetch GET 200 https://npm.pkg.github.com/vltsandbox/ultrahtml 305ms (cache miss)
npm http fetch GET 200 https://npm.pkg.github.com/vltsandbox/zod-to-ts 202ms (cache miss)
npm http fetch GET 200 https://npm.pkg.github.com/vltsandbox/unstorage 317ms (cache miss)
npm http fetch GET 200 https://npm.pkg.github.com/vltsandbox/aria-query 275ms (cache miss)
npm http fetch GET 200 https://npm.pkg.github.com/vltsandbox/tinyglobby 296ms (cache miss)
npm http fetch GET 200 https://npm.pkg.github.com/vltsandbox/neotraverse 308ms (cache miss)
npm http fetch GET 200 https://npm.pkg.github.com/vltsandbox/html-escaper 248ms (cache miss)
npm http fetch GET 200 https://npm.pkg.github.com/vltsandbox/magic-string 290ms (cache miss)
npm http fetch GET 200 https://npm.pkg.github.com/vltsandbox/xxhash-wasm 587ms (cache miss)
npm http fetch GET 200 https://npm.pkg.github.com/vltsandbox/yargs-parser 269ms (cache miss)
npm http fetch GET 200 https://npm.pkg.github.com/vltsandbox/estree-walker 207ms (cache miss)
npm http fetch GET 200 https://npm.pkg.github.com/vltsandbox/axobject-query 338ms (cache miss)
npm http fetch GET 200 https://npm.pkg.github.com/vltsandbox/yocto-spinner 455ms (cache miss)
npm http fetch GET 200 https://npm.pkg.github.com/vltsandbox/github-slugger 326ms (cache miss)
npm http fetch GET 200 https://npm.pkg.github.com/vltsandbox/@oslojs%2fencoding 216ms (cache miss)
npm http fetch GET 200 https://npm.pkg.github.com/vltsandbox/es-module-lexer 324ms (cache miss)
npm http fetch GET 200 https://npm.pkg.github.com/vltsandbox/unist-util-visit 268ms (cache miss)
npm http fetch GET 200 https://npm.pkg.github.com/vltsandbox/@astrojs%2ftelemetry 279ms (cache miss)
npm http fetch GET 200 https://npm.pkg.github.com/vltsandbox/@astrojs%2fcompiler 436ms (cache miss)
npm http fetch GET 200 https://npm.pkg.github.com/vltsandbox/@capsizecss%2funpack 443ms (cache miss)
npm http fetch GET 200 https://npm.pkg.github.com/vltsandbox/import-meta-resolve 521ms (cache miss)
npm http fetch GET 200 https://npm.pkg.github.com/vltsandbox/@rollup%2fpluginutils 709ms (cache miss)
npm http fetch GET 200 https://npm.pkg.github.com/vltsandbox/zod-to-json-schema 809ms (cache miss)
npm http fetch GET 200 https://npm.pkg.github.com/vltsandbox/http-cache-semantics 174ms (cache miss)
npm http fetch GET 200 https://npm.pkg.github.com/vltsandbox/package-manager-detector 178ms (cache miss)
npm http fetch GET 200 https://npm.pkg.github.com/vltsandbox/common-ancestor-path 634ms (cache miss)
npm http fetch GET 200 https://npm.pkg.github.com/vltsandbox/@astrojs%2finternal-helpers 190ms (cache miss)
npm http fetch GET 200 https://npm.pkg.github.com/vltsandbox/@astrojs%2fmarkdown-remark 632ms (cache miss)
npm http fetch GET 200 https://npm.pkg.github.com/vltsandbox/deterministic-object-hash 488ms (cache miss)
npm http fetch GET 200 https://npm.pkg.github.com/vltsandbox/sharp 508ms (cache miss)
npm http fetch GET 200 https://npm.pkg.github.com/vltsandbox/@types%2fnode 915ms (cache miss)
npm http fetch GET 200 https://npm.pkg.github.com/vltsandbox/jiti 203ms (cache miss)
npm http fetch GET 200 https://npm.pkg.github.com/vltsandbox/less 155ms (cache miss)
npm http fetch GET 200 https://npm.pkg.github.com/vltsandbox/lightningcss 254ms (cache miss)
npm http fetch GET 200 https://npm.pkg.github.com/vltsandbox/sass 1093ms (cache miss)
npm http fetch GET 200 https://npm.pkg.github.com/vltsandbox/sass-embedded 335ms (cache miss)
npm http fetch GET 200 https://npm.pkg.github.com/vltsandbox/stylus 450ms (cache miss)
npm http fetch GET 200 https://npm.pkg.github.com/vltsandbox/sugarss 447ms (cache miss)
npm http fetch GET 200 https://npm.pkg.github.com/vltsandbox/postcss 1044ms (cache miss)
npm http fetch GET 200 https://npm.pkg.github.com/vltsandbox/terser 1167ms (cache miss)
npm http fetch GET 200 https://npm.pkg.github.com/vltsandbox/tsx 245ms (cache miss)
npm http fetch GET 200 https://npm.pkg.github.com/vltsandbox/yaml 382ms (cache miss)
npm http fetch GET 200 https://npm.pkg.github.com/vltsandbox/typescript 462ms (cache miss)
npm http fetch GET 200 https://npm.pkg.github.com/vltsandbox/@azure%2fapp-configuration 783ms (cache miss)
npm http fetch GET 200 https://npm.pkg.github.com/vltsandbox/@azure%2fcosmos 744ms (cache miss)
npm http fetch GET 200 https://npm.pkg.github.com/vltsandbox/@azure%2fdata-tables 670ms (cache miss)
npm http fetch GET 200 https://npm.pkg.github.com/vltsandbox/@azure%2fidentity 598ms (cache miss)
npm http fetch GET 200 https://npm.pkg.github.com/vltsandbox/@azure%2fkeyvault-secrets 587ms (cache miss)
npm http fetch GET 200 https://npm.pkg.github.com/vltsandbox/@azure%2fstorage-blob 482ms (cache miss)
npm http fetch GET 200 https://npm.pkg.github.com/vltsandbox/@capacitor%2fpreferences 358ms (cache miss)
npm http fetch GET 200 https://npm.pkg.github.com/vltsandbox/@capacitor%2fcore 616ms (cache miss)
npm http fetch GET 200 https://npm.pkg.github.com/vltsandbox/@deno%2fkv 383ms (cache miss)
npm http fetch GET 200 https://npm.pkg.github.com/vltsandbox/@netlify%2fblobs 264ms (cache miss)
npm http fetch GET 200 https://npm.pkg.github.com/vltsandbox/@planetscale%2fdatabase 413ms (cache miss)
npm http fetch GET 200 https://npm.pkg.github.com/vltsandbox/@upstash%2fredis 767ms (cache miss)
npm http fetch GET 200 https://npm.pkg.github.com/vltsandbox/@vercel%2fblob 379ms (cache miss)
npm http fetch GET 200 https://npm.pkg.github.com/vltsandbox/@vercel%2ffunctions 187ms (cache miss)
npm http fetch GET 200 https://npm.pkg.github.com/vltsandbox/@aws-sdk%2fcredential-provider-web-identity 253ms (cache miss)
npm http fetch GET 200 https://npm.pkg.github.com/vltsandbox/@vercel%2fkv 204ms (cache miss)
npm http fetch GET 200 https://npm.pkg.github.com/vltsandbox/aws4fetch 399ms (cache miss)
npm http fetch GET 200 https://npm.pkg.github.com/vltsandbox/db0 569ms (cache miss)
npm http fetch GET 200 https://npm.pkg.github.com/vltsandbox/@electric-sql%2fpglite 315ms (cache miss)
npm http fetch GET 200 https://npm.pkg.github.com/vltsandbox/@libsql%2fclient 346ms (cache miss)
npm http fetch GET 200 https://npm.pkg.github.com/vltsandbox/better-sqlite3 335ms (cache miss)
npm http fetch GET 200 https://npm.pkg.github.com/vltsandbox/drizzle-orm 6683ms (cache miss)
npm http fetch GET 200 https://npm.pkg.github.com/vltsandbox/@aws-sdk%2fclient-rds-data 598ms (cache miss)
npm http fetch GET 200 https://npm.pkg.github.com/vltsandbox/@cloudflare%2fworkers-types 306ms (cache miss)
npm http fetch GET 200 https://npm.pkg.github.com/vltsandbox/@libsql%2fclient-wasm 252ms (cache miss)
npm http fetch GET 200 https://npm.pkg.github.com/vltsandbox/@neondatabase%2fserverless 487ms (cache miss)
npm http fetch GET 200 https://npm.pkg.github.com/vltsandbox/@op-engineering%2fop-sqlite 532ms (cache miss)
npm http fetch GET 200 https://npm.pkg.github.com/vltsandbox/@sqlite.org%2fsqlite-wasm 305ms (cache miss)
npm http fetch GET 200 https://npm.pkg.github.com/vltsandbox/react 618ms (cache miss)
npm http fetch GET 200 https://npm.pkg.github.com/vltsandbox/react-native 476ms (cache miss)
npm http fetch GET 200 https://npm.pkg.github.com/vltsandbox/@react-native%2fjest-preset 243ms (cache miss)
npm http fetch GET 200 https://npm.pkg.github.com/vltsandbox/@types%2freact 574ms (cache miss)
npm http fetch GET 200 https://npm.pkg.github.com/vltsandbox/@opentelemetry%2fapi 273ms (cache miss)
npm http fetch GET 200 https://npm.pkg.github.com/vltsandbox/@prisma%2fclient 1253ms (cache miss)
npm http fetch GET 200 https://npm.pkg.github.com/vltsandbox/prisma 10462ms (cache miss)
npm http fetch GET 200 https://npm.pkg.github.com/vltsandbox/typescript 868ms (cache updated)
npm http fetch GET 200 https://npm.pkg.github.com/vltsandbox/@tidbcloud%2fserverless 783ms (cache miss)
npm http fetch GET 200 https://npm.pkg.github.com/vltsandbox/@types%2fbetter-sqlite3 1941ms (cache miss)
npm http fetch GET 200 https://npm.pkg.github.com/vltsandbox/@types%2fpg 312ms (cache miss)
npm http fetch GET 200 https://npm.pkg.github.com/vltsandbox/@types%2fsql.js 2242ms (cache miss)
npm http fetch GET 200 https://npm.pkg.github.com/vltsandbox/@vercel%2fpostgres 2212ms (cache miss)
npm http fetch GET 200 https://npm.pkg.github.com/vltsandbox/@xata.io%2fclient 2344ms (cache miss)
npm http fetch GET 200 https://npm.pkg.github.com/vltsandbox/bun-types 385ms (cache miss)
npm http fetch GET 200 https://npm.pkg.github.com/vltsandbox/expo-sqlite 382ms (cache miss)
npm http fetch GET 200 https://npm.pkg.github.com/vltsandbox/expo 640ms (cache miss)
npm http fetch GET 200 https://npm.pkg.github.com/vltsandbox/@expo%2fdom-webview 193ms (cache miss)
npm http fetch GET 200 https://npm.pkg.github.com/vltsandbox/@expo%2fmetro-runtime 2300ms (cache miss)
npm http fetch GET 200 https://npm.pkg.github.com/vltsandbox/react-dom 656ms (cache miss)
npm http fetch GET 200 https://npm.pkg.github.com/vltsandbox/react-native-webview 1106ms (cache miss)
npm http fetch GET 200 https://npm.pkg.github.com/vltsandbox/gel 205ms (cache miss)
npm http fetch GET 200 https://npm.pkg.github.com/vltsandbox/knex 3821ms (cache miss)
npm http fetch GET 200 https://npm.pkg.github.com/vltsandbox/pg-query-stream 472ms (cache miss)
npm http fetch GET 200 https://npm.pkg.github.com/vltsandbox/pg 634ms (cache miss)
npm http fetch GET 200 https://npm.pkg.github.com/vltsandbox/pg-native 186ms (cache miss)
npm http fetch GET 200 https://npm.pkg.github.com/vltsandbox/kysely 1697ms (cache miss)
npm http fetch GET 200 https://npm.pkg.github.com/vltsandbox/mysql2 806ms (cache miss)
npm http fetch GET 200 https://npm.pkg.github.com/vltsandbox/@types%2fnode 1162ms (cache updated)
npm http fetch GET 200 https://npm.pkg.github.com/vltsandbox/postgres 217ms (cache miss)
npm http fetch GET 200 https://npm.pkg.github.com/vltsandbox/sql.js 403ms (cache miss)
npm http fetch GET 200 https://npm.pkg.github.com/vltsandbox/sqlite3 183ms (cache miss)
npm http fetch GET 200 https://npm.pkg.github.com/vltsandbox/idb-keyval 209ms (cache miss)
npm http fetch GET 200 https://npm.pkg.github.com/vltsandbox/ioredis 1110ms (cache miss)
npm http fetch GET 200 https://npm.pkg.github.com/vltsandbox/uploadthing 478ms (cache miss)
npm http fetch GET 200 https://npm.pkg.github.com/vltsandbox/express 276ms (cache miss)
npm http fetch GET 200 https://npm.pkg.github.com/vltsandbox/h3 577ms (cache miss)
npm http fetch GET 200 https://npm.pkg.github.com/vltsandbox/crossws 180ms (cache miss)
npm http fetch GET 200 https://npm.pkg.github.com/vltsandbox/srvx 255ms (cache miss)
npm http fetch GET 200 https://npm.pkg.github.com/vltsandbox/tailwindcss 2584ms (cache miss)
npm http fetch GET 200 https://npm.pkg.github.com/vltsandbox/typescript 854ms (cache updated)
npm http fetch GET 200 https://npm.pkg.github.com/vltsandbox/rollup 600ms (cache miss)
npm http fetch GET 200 https://npm.pkg.github.com/vltsandbox/remark-gfm 379ms (cache miss)
npm http fetch GET 200 https://npm.pkg.github.com/vltsandbox/remark-parse 212ms (cache miss)
npm http fetch GET 200 https://npm.pkg.github.com/vltsandbox/rehype-raw 740ms (cache miss)
npm http fetch GET 200 https://npm.pkg.github.com/vltsandbox/remark-rehype 592ms (cache miss)
npm http fetch GET 200 https://npm.pkg.github.com/vltsandbox/@astrojs%2fprism 518ms (cache miss)
npm http fetch GET 200 https://npm.pkg.github.com/vltsandbox/rehype-stringify 381ms (cache miss)
npm http fetch GET 200 https://npm.pkg.github.com/vltsandbox/hast-util-to-text 356ms (cache miss)
npm http fetch GET 200 https://npm.pkg.github.com/vltsandbox/remark-smartypants 165ms (cache miss)
npm http fetch GET 200 https://npm.pkg.github.com/vltsandbox/hast-util-from-html 283ms (cache miss)
npm http fetch GET 200 https://npm.pkg.github.com/vltsandbox/unist-util-visit-parents 143ms (cache miss)
npm http fetch GET 200 https://npm.pkg.github.com/vltsandbox/mdast-util-definitions 383ms (cache miss)
npm http fetch GET 200 https://npm.pkg.github.com/vltsandbox/unist-util-remove-position 173ms (cache miss)
npm http fetch GET 200 https://npm.pkg.github.com/vltsandbox/unified 2274ms (cache miss)
npm http fetch GET 200 https://npm.pkg.github.com/vltsandbox/ci-info 641ms (cache updated)
npm http fetch GET 200 https://npm.pkg.github.com/vltsandbox/is-wsl 903ms (cache miss)
npm http fetch GET 200 https://npm.pkg.github.com/vltsandbox/is-docker 331ms (cache miss)
npm http fetch GET 200 https://npm.pkg.github.com/vltsandbox/fontkitten 160ms (cache miss)
npm http fetch GET 200 https://npm.pkg.github.com/vltsandbox/@types%2festree 214ms (cache miss)
npm http fetch GET 200 https://npm.pkg.github.com/vltsandbox/debug 1510ms (cache updated)
npm http fetch GET 200 https://npm.pkg.github.com/vltsandbox/which-pm-runs 583ms (cache miss)
npm http fetch GET 200 https://npm.pkg.github.com/vltsandbox/picomatch 246ms (cache updated)
npm http fetch GET 200 https://npm.pkg.github.com/vltsandbox/ansi-align 176ms (cache miss)
npm http fetch GET 200 https://npm.pkg.github.com/vltsandbox/estree-walker 301ms (cache updated)
npm http fetch GET 200 https://npm.pkg.github.com/vltsandbox/camelcase 269ms (cache miss)
npm http fetch GET 200 https://npm.pkg.github.com/vltsandbox/cli-boxes 537ms (cache miss)
npm http fetch GET 200 https://npm.pkg.github.com/vltsandbox/string-width 327ms (cache miss)
npm http fetch GET 200 https://npm.pkg.github.com/vltsandbox/widest-line 223ms (cache miss)
npm http fetch GET 200 https://npm.pkg.github.com/vltsandbox/type-fest 1401ms (cache miss)
npm http fetch GET 200 https://npm.pkg.github.com/vltsandbox/ms 172ms (cache miss)
npm http fetch GET 200 https://npm.pkg.github.com/vltsandbox/wrap-ansi 1952ms (cache miss)
npm http fetch GET 200 https://npm.pkg.github.com/vltsandbox/chalk 2779ms (cache miss)
npm http fetch GET 200 https://npm.pkg.github.com/vltsandbox/@esbuild%2faix-ppc64 210ms (cache miss)
npm http fetch GET 200 https://npm.pkg.github.com/vltsandbox/base-64 1078ms (cache miss)
npm http fetch GET 200 https://npm.pkg.github.com/vltsandbox/@esbuild%2flinux-arm 628ms (cache miss)
npm http fetch GET 200 https://npm.pkg.github.com/vltsandbox/@esbuild%2fwin32-x64 299ms (cache miss)
npm http fetch GET 200 https://npm.pkg.github.com/vltsandbox/@esbuild%2flinux-x64 760ms (cache miss)
npm http fetch GET 200 https://npm.pkg.github.com/vltsandbox/@esbuild%2fsunos-x64 568ms (cache miss)
npm http fetch GET 200 https://npm.pkg.github.com/vltsandbox/@esbuild%2fdarwin-x64 196ms (cache miss)
npm http fetch GET 200 https://npm.pkg.github.com/vltsandbox/@esbuild%2fnetbsd-x64 203ms (cache miss)
npm http fetch GET 200 https://npm.pkg.github.com/vltsandbox/@esbuild%2flinux-ia32 741ms (cache miss)
npm http fetch GET 200 https://npm.pkg.github.com/vltsandbox/@esbuild%2fwin32-ia32 674ms (cache miss)
npm http fetch GET 200 https://npm.pkg.github.com/vltsandbox/@esbuild%2fandroid-x64 478ms (cache miss)
npm http fetch GET 200 https://npm.pkg.github.com/vltsandbox/@esbuild%2flinux-arm64 379ms (cache miss)
npm http fetch GET 200 https://npm.pkg.github.com/vltsandbox/@esbuild%2flinux-ppc64 205ms (cache miss)
npm http fetch GET 200 https://npm.pkg.github.com/vltsandbox/@esbuild%2flinux-s390x 368ms (cache miss)
npm http fetch GET 200 https://npm.pkg.github.com/vltsandbox/@esbuild%2ffreebsd-x64 1393ms (cache miss)
npm http fetch GET 200 https://npm.pkg.github.com/vltsandbox/@esbuild%2fopenbsd-x64 339ms (cache miss)
npm http fetch GET 200 https://npm.pkg.github.com/vltsandbox/@esbuild%2fwin32-arm64 303ms (cache miss)
npm http fetch GET 200 https://npm.pkg.github.com/vltsandbox/@esbuild%2fandroid-arm 2270ms (cache miss)
npm http fetch GET 200 https://npm.pkg.github.com/vltsandbox/@esbuild%2fdarwin-arm64 421ms (cache miss)
npm http fetch GET 200 https://npm.pkg.github.com/vltsandbox/@esbuild%2fandroid-arm64 570ms (cache miss)
npm http fetch GET 200 https://npm.pkg.github.com/vltsandbox/@esbuild%2fnetbsd-arm64 618ms (cache miss)
npm http fetch GET 200 https://npm.pkg.github.com/vltsandbox/@esbuild%2flinux-loong64 1377ms (cache miss)
npm http fetch GET 200 https://npm.pkg.github.com/vltsandbox/@esbuild%2fopenbsd-arm64 376ms (cache miss)
npm http fetch GET 200 https://npm.pkg.github.com/vltsandbox/@esbuild%2flinux-mips64el 974ms (cache miss)
npm http fetch GET 200 https://npm.pkg.github.com/vltsandbox/@esbuild%2flinux-riscv64 2721ms (cache miss)
npm http fetch GET 200 https://npm.pkg.github.com/vltsandbox/@esbuild%2ffreebsd-arm64 2951ms (cache miss)
npm http fetch GET 200 https://npm.pkg.github.com/vltsandbox/argparse 186ms (cache miss)
npm http fetch GET 200 https://npm.pkg.github.com/vltsandbox/@jridgewell%2fsourcemap-codec 189ms (cache miss)
npm http fetch GET 200 https://npm.pkg.github.com/vltsandbox/fontkitten 525ms (cache updated)
npm http fetch GET 200 https://npm.pkg.github.com/vltsandbox/@babel%2fparser 187ms (cache miss)
npm http fetch GET 200 https://npm.pkg.github.com/vltsandbox/@babel%2ftypes 311ms (cache miss)
npm http fetch GET 200 https://npm.pkg.github.com/vltsandbox/@esbuild%2fopenharmony-arm64 1049ms (cache miss)
npm http fetch GET 200 https://npm.pkg.github.com/vltsandbox/source-map-js 593ms (cache miss)
npm http fetch GET 200 https://npm.pkg.github.com/vltsandbox/p-timeout 163ms (cache miss)
npm http fetch GET 200 https://npm.pkg.github.com/vltsandbox/kleur 155ms (cache miss)
npm http fetch GET 200 https://npm.pkg.github.com/vltsandbox/yocto-queue 583ms (cache miss)
npm http fetch GET 200 https://npm.pkg.github.com/vltsandbox/sisteransi 180ms (cache miss)
npm http fetch GET 200 https://npm.pkg.github.com/vltsandbox/@types%2fhast 180ms (cache miss)
npm http fetch GET 200 https://npm.pkg.github.com/vltsandbox/eventemitter3 1181ms (cache miss)
npm http fetch GET 200 https://npm.pkg.github.com/vltsandbox/unified 194ms (cache updated)
npm http fetch GET 200 https://npm.pkg.github.com/vltsandbox/rehype-stringify 1061ms (cache updated)
npm http fetch GET 200 https://npm.pkg.github.com/vltsandbox/rehype-parse 1154ms (cache miss)
npm http fetch GET 200 https://npm.pkg.github.com/vltsandbox/@img%2fsharp-wasm32 228ms (cache miss)
npm http fetch GET 200 https://npm.pkg.github.com/vltsandbox/detect-libc 452ms (cache miss)
npm http fetch GET 200 https://npm.pkg.github.com/vltsandbox/@img%2fsharp-linux-arm 366ms (cache miss)
npm http fetch GET 200 https://npm.pkg.github.com/vltsandbox/@img%2fsharp-linux-x64 182ms (cache miss)
npm http fetch GET 200 https://npm.pkg.github.com/vltsandbox/@img%2fcolour 852ms (cache miss)
npm http fetch GET 200 https://npm.pkg.github.com/vltsandbox/@img%2fsharp-darwin-x64 229ms (cache miss)
npm http fetch GET 200 https://npm.pkg.github.com/vltsandbox/@img%2fsharp-win32-x64 392ms (cache miss)
npm http fetch GET 200 https://npm.pkg.github.com/vltsandbox/@img%2fsharp-linux-ppc64 236ms (cache miss)
npm http fetch GET 200 https://npm.pkg.github.com/vltsandbox/@img%2fsharp-win32-ia32 841ms (cache miss)
npm http fetch GET 200 https://npm.pkg.github.com/vltsandbox/@img%2fsharp-linux-s390x 490ms (cache miss)
npm http fetch GET 200 https://npm.pkg.github.com/vltsandbox/@img%2fsharp-linux-arm64 954ms (cache miss)
npm http fetch GET 200 https://npm.pkg.github.com/vltsandbox/@img%2fsharp-win32-arm64 284ms (cache miss)
npm http fetch GET 200 https://npm.pkg.github.com/vltsandbox/@img%2fsharp-darwin-arm64 207ms (cache miss)
npm http fetch GET 200 https://npm.pkg.github.com/vltsandbox/@img%2fsharp-linuxmusl-x64 219ms (cache miss)
npm http fetch GET 200 https://npm.pkg.github.com/vltsandbox/@img%2fsharp-linuxmusl-arm64 204ms (cache miss)
npm http fetch GET 200 https://npm.pkg.github.com/vltsandbox/@img%2fsharp-linux-riscv64 437ms (cache miss)
npm http fetch GET 200 https://npm.pkg.github.com/vltsandbox/@img%2fsharp-libvips-darwin-x64 229ms (cache miss)
npm http fetch GET 200 https://npm.pkg.github.com/vltsandbox/@img%2fsharp-libvips-linux-arm 702ms (cache miss)
npm http fetch GET 200 https://npm.pkg.github.com/vltsandbox/@img%2fsharp-libvips-linux-x64 663ms (cache miss)
npm http fetch GET 200 https://npm.pkg.github.com/vltsandbox/@img%2fsharp-libvips-linux-s390x 201ms (cache miss)
npm http fetch GET 200 https://npm.pkg.github.com/vltsandbox/@img%2fsharp-libvips-darwin-arm64 183ms (cache miss)
npm http fetch GET 200 https://npm.pkg.github.com/vltsandbox/@img%2fsharp-libvips-linux-arm64 788ms (cache miss)
npm http fetch GET 200 https://npm.pkg.github.com/vltsandbox/@img%2fsharp-libvips-linux-ppc64 541ms (cache miss)
npm http fetch GET 200 https://npm.pkg.github.com/vltsandbox/@img%2fsharp-libvips-linux-riscv64 185ms (cache miss)
npm http fetch GET 200 https://npm.pkg.github.com/vltsandbox/@types%2fhast 152ms (cache updated)
npm http fetch GET 200 https://npm.pkg.github.com/vltsandbox/@img%2fsharp-libvips-linuxmusl-arm64 206ms (cache miss)
npm http fetch GET 200 https://npm.pkg.github.com/vltsandbox/@img%2fsharp-libvips-linuxmusl-x64 793ms (cache miss)
npm http fetch GET 200 https://npm.pkg.github.com/vltsandbox/@shikijs%2fcore 567ms (cache miss)
npm http fetch GET 200 https://npm.pkg.github.com/vltsandbox/@shikijs%2flangs 559ms (cache miss)
npm http fetch GET 200 https://npm.pkg.github.com/vltsandbox/@shikijs%2fvscode-textmate 150ms (cache miss)
npm http fetch GET 200 https://npm.pkg.github.com/vltsandbox/@shikijs%2fthemes 185ms (cache miss)
npm http fetch GET 200 https://npm.pkg.github.com/vltsandbox/@shikijs%2ftypes 223ms (cache miss)
npm http fetch GET 200 https://npm.pkg.github.com/vltsandbox/@shikijs%2fengine-oniguruma 274ms (cache miss)
npm http fetch GET 200 https://npm.pkg.github.com/vltsandbox/csso 160ms (cache miss)
npm http fetch GET 200 https://npm.pkg.github.com/vltsandbox/sax 557ms (cache miss)
npm http fetch GET 200 https://npm.pkg.github.com/vltsandbox/@shikijs%2fengine-javascript 667ms (cache miss)
npm http fetch GET 200 https://npm.pkg.github.com/vltsandbox/css-what 227ms (cache miss)
npm http fetch GET 200 https://npm.pkg.github.com/vltsandbox/css-tree 525ms (cache miss)
npm http fetch GET 200 https://npm.pkg.github.com/vltsandbox/css-select 178ms (cache miss)
npm http fetch GET 200 https://npm.pkg.github.com/vltsandbox/commander 385ms (cache miss)
npm http fetch GET 200 https://npm.pkg.github.com/vltsandbox/picocolors 173ms (cache miss)
npm http fetch GET 200 https://npm.pkg.github.com/vltsandbox/ofetch 454ms (cache miss)
npm http fetch GET 200 https://npm.pkg.github.com/vltsandbox/ohash 163ms (cache miss)
npm http fetch GET 200 https://npm.pkg.github.com/vltsandbox/css-tree 837ms (cache updated)
npm http fetch GET 200 https://npm.pkg.github.com/vltsandbox/@types%2funist 175ms (cache miss)
npm http fetch GET 200 https://npm.pkg.github.com/vltsandbox/fdir 1050ms (cache miss)
npm http fetch GET 200 https://npm.pkg.github.com/vltsandbox/unist-util-visit-parents 208ms (cache updated)
npm http fetch GET 200 https://npm.pkg.github.com/vltsandbox/unist-util-is 242ms (cache miss)
npm http fetch GET 200 https://npm.pkg.github.com/vltsandbox/destr 319ms (cache miss)
npm http fetch GET 200 https://npm.pkg.github.com/vltsandbox/chokidar 517ms (cache miss)
npm http fetch GET 200 https://npm.pkg.github.com/vltsandbox/h3 246ms (cache updated)
npm http fetch GET 200 https://npm.pkg.github.com/vltsandbox/anymatch 737ms (cache miss)
npm http fetch GET 200 https://npm.pkg.github.com/vltsandbox/node-fetch-native 328ms (cache miss)
npm http fetch GET 200 https://npm.pkg.github.com/vltsandbox/ufo 341ms (cache miss)
npm http fetch GET 200 https://npm.pkg.github.com/vltsandbox/lru-cache 494ms (cache miss)
npm http fetch GET 200 https://npm.pkg.github.com/vltsandbox/vfile-message 363ms (cache miss)
npm http fetch GET 200 https://npm.pkg.github.com/vltsandbox/rollup 722ms (cache updated)
npm http fetch GET 200 https://npm.pkg.github.com/vltsandbox/fdir 866ms (cache updated)
npm http fetch GET 200 https://npm.pkg.github.com/vltsandbox/esbuild 621ms (cache updated)
npm http fetch GET 200 https://npm.pkg.github.com/vltsandbox/postcss 268ms (cache updated)
npm http fetch GET 200 https://npm.pkg.github.com/vltsandbox/fsevents 179ms (cache miss)
npm http fetch GET 200 https://npm.pkg.github.com/vltsandbox/yoctocolors 400ms (cache miss)
npm http fetch GET 200 https://npm.pkg.github.com/vltsandbox/hast-util-from-parse5 142ms (cache miss)
npm http fetch GET 200 https://npm.pkg.github.com/vltsandbox/prismjs 196ms (cache miss)
npm http fetch GET 200 https://npm.pkg.github.com/vltsandbox/parse5 165ms (cache miss)
npm http fetch GET 200 https://npm.pkg.github.com/vltsandbox/devlop 317ms (cache miss)
npm http fetch GET 200 https://npm.pkg.github.com/vltsandbox/hast-util-is-element 172ms (cache miss)
npm http fetch GET 200 https://npm.pkg.github.com/vltsandbox/@types%2fmdast 171ms (cache miss)
npm http fetch GET 200 https://npm.pkg.github.com/vltsandbox/unist-util-find-after 182ms (cache miss)
npm http fetch GET 200 https://npm.pkg.github.com/vltsandbox/hast-util-raw 158ms (cache miss)
npm http fetch GET 200 https://npm.pkg.github.com/vltsandbox/mdast-util-gfm 195ms (cache miss)
npm http fetch GET 200 https://npm.pkg.github.com/vltsandbox/hast-util-to-html 333ms (cache miss)
npm http fetch GET 200 https://npm.pkg.github.com/vltsandbox/micromark-extension-gfm 400ms (cache miss)
npm http fetch GET 200 https://npm.pkg.github.com/vltsandbox/mdast-util-from-markdown 176ms (cache miss)
npm http fetch GET 200 https://npm.pkg.github.com/vltsandbox/micromark-util-types 202ms (cache miss)
npm http fetch GET 200 https://npm.pkg.github.com/vltsandbox/mdast-util-to-hast 295ms (cache miss)
npm http fetch GET 200 https://npm.pkg.github.com/vltsandbox/remark-stringify 825ms (cache miss)
npm http fetch GET 200 https://npm.pkg.github.com/vltsandbox/retext-smartypants 273ms (cache miss)
npm http fetch GET 200 https://npm.pkg.github.com/vltsandbox/unified 323ms (cache updated)
npm http fetch GET 200 https://npm.pkg.github.com/vltsandbox/devlop 267ms (cache updated)
npm http fetch GET 200 https://npm.pkg.github.com/vltsandbox/bail 865ms (cache miss)
npm http fetch GET 200 https://npm.pkg.github.com/vltsandbox/retext 1443ms (cache miss)
npm http fetch GET 200 https://npm.pkg.github.com/vltsandbox/trough 147ms (cache miss)
npm http fetch GET 200 https://npm.pkg.github.com/vltsandbox/is-plain-obj 428ms (cache miss)
npm http fetch GET 200 https://npm.pkg.github.com/vltsandbox/extend 827ms (cache miss)
npm http fetch GET 200 https://npm.pkg.github.com/vltsandbox/is-inside-container 156ms (cache miss)
npm http fetch GET 200 https://npm.pkg.github.com/vltsandbox/tiny-inflate 142ms (cache miss)
npm http fetch GET 200 https://npm.pkg.github.com/vltsandbox/strip-ansi 166ms (cache miss)
npm http fetch GET 200 https://npm.pkg.github.com/vltsandbox/emoji-regex 325ms (cache miss)
npm http fetch GET 200 https://npm.pkg.github.com/vltsandbox/get-east-asian-width 167ms (cache miss)
npm http fetch GET 200 https://npm.pkg.github.com/vltsandbox/ansi-styles 175ms (cache miss)
npm http fetch GET 200 https://npm.pkg.github.com/vltsandbox/string-width 1570ms (cache updated)
npm http fetch GET 200 https://npm.pkg.github.com/vltsandbox/strip-ansi 227ms (cache updated)
npm http fetch GET 200 https://npm.pkg.github.com/vltsandbox/is-fullwidth-code-point 237ms (cache miss)
npm http fetch GET 200 https://npm.pkg.github.com/vltsandbox/emoji-regex 721ms (cache updated)
npm http fetch GET 200 https://npm.pkg.github.com/vltsandbox/@types%2funist 155ms (cache updated)
npm http fetch GET 200 https://npm.pkg.github.com/vltsandbox/dequal 164ms (cache miss)
npm http fetch GET 200 https://npm.pkg.github.com/vltsandbox/vfile-location 252ms (cache miss)
npm http fetch GET 200 https://npm.pkg.github.com/vltsandbox/property-information 617ms (cache miss)
npm http fetch GET 200 https://npm.pkg.github.com/vltsandbox/entities 540ms (cache miss)
npm http fetch GET 200 https://npm.pkg.github.com/vltsandbox/unist-util-stringify-position 211ms (cache miss)
npm http fetch GET 200 https://npm.pkg.github.com/vltsandbox/hastscript 1705ms (cache miss)
npm http fetch GET 200 https://npm.pkg.github.com/vltsandbox/web-namespaces 1905ms (cache miss)
npm http fetch GET 200 https://npm.pkg.github.com/vltsandbox/hast-util-parse-selector 215ms (cache miss)
npm http fetch GET 200 https://npm.pkg.github.com/vltsandbox/comma-separated-tokens 282ms (cache miss)
npm http fetch GET 200 https://npm.pkg.github.com/vltsandbox/space-separated-tokens 814ms (cache miss)
npm http fetch GET 200 https://npm.pkg.github.com/vltsandbox/@babel%2fhelper-string-parser 250ms (cache miss)
npm http fetch GET 200 https://npm.pkg.github.com/vltsandbox/@babel%2fhelper-validator-identifier 289ms (cache miss)
npm http fetch GET 200 https://npm.pkg.github.com/vltsandbox/hast-util-to-parse5 160ms (cache miss)
npm http fetch GET 200 https://npm.pkg.github.com/vltsandbox/@ungap%2fstructured-clone 179ms (cache miss)
npm http fetch GET 200 https://npm.pkg.github.com/vltsandbox/html-void-elements 228ms (cache miss)
npm http fetch GET 200 https://npm.pkg.github.com/vltsandbox/zwitch 202ms (cache miss)
npm http fetch GET 200 https://npm.pkg.github.com/vltsandbox/unist-util-position 335ms (cache miss)
npm http fetch GET 200 https://npm.pkg.github.com/vltsandbox/micromark-util-sanitize-uri 156ms (cache miss)
npm http fetch GET 200 https://npm.pkg.github.com/vltsandbox/trim-lines 170ms (cache miss)
npm http fetch GET 200 https://npm.pkg.github.com/vltsandbox/micromark-util-character 364ms (cache miss)
npm http fetch GET 200 https://npm.pkg.github.com/vltsandbox/micromark-util-symbol 1102ms (cache miss)
npm http fetch GET 200 https://npm.pkg.github.com/vltsandbox/micromark-util-encode 1374ms (cache miss)
npm http fetch GET 200 https://npm.pkg.github.com/vltsandbox/stringify-entities 166ms (cache miss)
npm http fetch GET 200 https://npm.pkg.github.com/vltsandbox/hast-util-whitespace 169ms (cache miss)
npm http fetch GET 200 https://npm.pkg.github.com/vltsandbox/ccount 178ms (cache miss)
npm http fetch GET 200 https://npm.pkg.github.com/vltsandbox/character-entities-legacy 260ms (cache miss)
npm http fetch GET 200 https://npm.pkg.github.com/vltsandbox/character-entities-html4 306ms (cache miss)
npm http fetch GET 200 https://npm.pkg.github.com/vltsandbox/mdast-util-gfm-footnote 226ms (cache miss)
npm http fetch GET 200 https://npm.pkg.github.com/vltsandbox/mdast-util-gfm-strikethrough 436ms (cache miss)
npm http fetch GET 200 https://npm.pkg.github.com/vltsandbox/mdast-util-gfm-autolink-literal 565ms (cache miss)
npm http fetch GET 200 https://npm.pkg.github.com/vltsandbox/mdast-util-gfm-task-list-item 200ms (cache miss)
npm http fetch GET 200 https://npm.pkg.github.com/vltsandbox/micromark-extension-gfm-autolink-literal 148ms (cache miss)
npm http fetch GET 200 https://npm.pkg.github.com/vltsandbox/mdast-util-to-markdown 277ms (cache miss)
npm http fetch GET 200 https://npm.pkg.github.com/vltsandbox/mdast-util-gfm-table 719ms (cache miss)
npm http fetch GET 200 https://npm.pkg.github.com/vltsandbox/micromark-extension-gfm-footnote 226ms (cache miss)
npm http fetch GET 200 https://npm.pkg.github.com/vltsandbox/micromark-extension-gfm-strikethrough 233ms (cache miss)
npm http fetch GET 200 https://npm.pkg.github.com/vltsandbox/micromark-extension-gfm-tagfilter 173ms (cache miss)
npm http fetch GET 200 https://npm.pkg.github.com/vltsandbox/micromark-extension-gfm-task-list-item 229ms (cache miss)
npm http fetch GET 200 https://npm.pkg.github.com/vltsandbox/micromark-extension-gfm-table 412ms (cache miss)
npm http fetch GET 200 https://npm.pkg.github.com/vltsandbox/micromark-util-combine-extensions 183ms (cache miss)
npm http fetch GET 200 https://npm.pkg.github.com/vltsandbox/mdast-util-to-string 178ms (cache miss)
npm http fetch GET 200 https://npm.pkg.github.com/vltsandbox/micromark 380ms (cache miss)
npm http fetch GET 200 https://npm.pkg.github.com/vltsandbox/micromark-util-decode-numeric-character-reference 219ms (cache miss)
npm http fetch GET 200 https://npm.pkg.github.com/vltsandbox/micromark-util-decode-string 187ms (cache miss)
npm http fetch GET 200 https://npm.pkg.github.com/vltsandbox/micromark-util-normalize-identifier 203ms (cache miss)
npm http fetch GET 200 https://npm.pkg.github.com/vltsandbox/decode-named-character-reference 652ms (cache miss)
npm http fetch GET 200 https://npm.pkg.github.com/vltsandbox/mdast-util-find-and-replace 222ms (cache miss)
npm http fetch GET 200 https://npm.pkg.github.com/vltsandbox/markdown-table 327ms (cache miss)
npm http fetch GET 200 https://npm.pkg.github.com/vltsandbox/micromark-util-classify-character 134ms (cache miss)
npm http fetch GET 200 https://npm.pkg.github.com/vltsandbox/mdast-util-phrasing 383ms (cache miss)
npm http fetch GET 200 https://npm.pkg.github.com/vltsandbox/longest-streak 925ms (cache miss)
npm http fetch GET 200 https://npm.pkg.github.com/vltsandbox/micromark-core-commonmark 157ms (cache miss)
npm http fetch GET 200 https://npm.pkg.github.com/vltsandbox/@types%2fdebug 188ms (cache miss)
npm http fetch GET 200 https://npm.pkg.github.com/vltsandbox/micromark-util-chunked 171ms (cache miss)
npm http fetch GET 200 https://npm.pkg.github.com/vltsandbox/micromark-factory-space 319ms (cache miss)
npm http fetch GET 200 https://npm.pkg.github.com/vltsandbox/character-entities 484ms (cache miss)
npm http fetch GET 200 https://npm.pkg.github.com/vltsandbox/micromark-util-resolve-all 190ms (cache miss)
npm http fetch GET 200 https://npm.pkg.github.com/vltsandbox/micromark-util-subtokenize 171ms (cache miss)
npm http fetch GET 200 https://npm.pkg.github.com/vltsandbox/escape-string-regexp 183ms (cache miss)
npm http fetch GET 200 https://npm.pkg.github.com/vltsandbox/@types%2fms 155ms (cache miss)
npm http fetch GET 200 https://npm.pkg.github.com/vltsandbox/micromark-factory-label 171ms (cache miss)
npm http fetch GET 200 https://npm.pkg.github.com/vltsandbox/micromark-factory-destination 173ms (cache miss)
npm http fetch GET 200 https://npm.pkg.github.com/vltsandbox/micromark-util-html-tag-name 186ms (cache miss)
npm http fetch GET 200 https://npm.pkg.github.com/vltsandbox/micromark-factory-title 345ms (cache miss)
npm http fetch GET 200 https://npm.pkg.github.com/vltsandbox/micromark-factory-whitespace 443ms (cache miss)
npm http fetch GET 200 https://npm.pkg.github.com/vltsandbox/retext-latin 236ms (cache miss)
npm http fetch GET 200 https://npm.pkg.github.com/vltsandbox/@types%2fnlcst 398ms (cache miss)
npm http fetch GET 200 https://npm.pkg.github.com/vltsandbox/@types%2fnlcst 184ms (cache miss)
npm http fetch GET 200 https://npm.pkg.github.com/vltsandbox/retext-stringify 599ms (cache miss)
npm http fetch GET 200 https://npm.pkg.github.com/vltsandbox/nlcst-to-string 333ms (cache miss)
npm http fetch GET 200 https://npm.pkg.github.com/vltsandbox/parse-latin 159ms (cache miss)
npm http fetch GET 200 https://npm.pkg.github.com/vltsandbox/unist-util-visit-children 197ms (cache miss)
npm http fetch GET 200 https://npm.pkg.github.com/vltsandbox/unist-util-modify-children 528ms (cache miss)
npm http fetch GET 200 https://npm.pkg.github.com/vltsandbox/array-iterate 153ms (cache miss)
npm http fetch GET 200 https://npm.pkg.github.com/vltsandbox/@emnapi%2fruntime 250ms (cache miss)
npm http fetch GET 200 https://npm.pkg.github.com/vltsandbox/tslib 219ms (cache miss)
npm http fetch GET 200 https://npm.pkg.github.com/vltsandbox/oniguruma-to-es 269ms (cache miss)
npm http fetch GET 200 https://npm.pkg.github.com/vltsandbox/regex 194ms (cache miss)
npm http fetch GET 200 https://npm.pkg.github.com/vltsandbox/oniguruma-parser 443ms (cache miss)
npm http fetch GET 200 https://npm.pkg.github.com/vltsandbox/regex-recursion 565ms (cache miss)
npm http fetch GET 200 https://npm.pkg.github.com/vltsandbox/regex-utilities 165ms (cache miss)
npm http fetch GET 200 https://npm.pkg.github.com/vltsandbox/regex-utilities 195ms (cache miss)
npm http fetch GET 200 https://npm.pkg.github.com/vltsandbox/ansi-regex 214ms (cache miss)
npm http fetch GET 200 https://npm.pkg.github.com/vltsandbox/boolbase 157ms (cache miss)
npm http fetch GET 200 https://npm.pkg.github.com/vltsandbox/domutils 507ms (cache miss)
npm http fetch GET 200 https://npm.pkg.github.com/vltsandbox/domhandler 416ms (cache miss)
npm http fetch GET 200 https://npm.pkg.github.com/vltsandbox/nth-check 759ms (cache miss)
npm http fetch GET 200 https://npm.pkg.github.com/vltsandbox/css-tree 265ms (cache updated)
npm http fetch GET 200 https://npm.pkg.github.com/vltsandbox/mdn-data 534ms (cache miss)
npm http fetch GET 200 https://npm.pkg.github.com/vltsandbox/dom-serializer 232ms (cache miss)
npm http fetch GET 200 https://npm.pkg.github.com/vltsandbox/domelementtype 276ms (cache miss)
npm http fetch GET 200 https://npm.pkg.github.com/vltsandbox/domelementtype 420ms (cache miss)
npm http fetch GET 200 https://npm.pkg.github.com/vltsandbox/mdn-data 248ms (cache updated)
npm http fetch GET 200 https://npm.pkg.github.com/vltsandbox/entities 308ms (cache updated)
npm http fetch GET 200 https://npm.pkg.github.com/vltsandbox/picomatch 230ms (cache updated)
npm http fetch GET 200 https://npm.pkg.github.com/vltsandbox/ufo 262ms (cache updated)
npm http fetch GET 200 https://npm.pkg.github.com/vltsandbox/picomatch 228ms (cache updated)
npm http fetch GET 200 https://npm.pkg.github.com/vltsandbox/readdirp 352ms (cache miss)
npm http fetch GET 200 https://npm.pkg.github.com/vltsandbox/normalize-path 404ms (cache miss)
npm http fetch GET 200 https://npm.pkg.github.com/vltsandbox/defu 260ms (cache miss)
npm http fetch GET 200 https://npm.pkg.github.com/vltsandbox/crossws 148ms (cache updated)
npm http fetch GET 200 https://npm.pkg.github.com/vltsandbox/radix3 254ms (cache miss)
npm http fetch GET 200 https://npm.pkg.github.com/vltsandbox/cookie-es 157ms (cache miss)
npm http fetch GET 200 https://npm.pkg.github.com/vltsandbox/node-mock-http 152ms (cache miss)
npm http fetch GET 200 https://npm.pkg.github.com/vltsandbox/iron-webcrypto 273ms (cache miss)
npm http fetch GET 200 https://npm.pkg.github.com/vltsandbox/uncrypto 631ms (cache miss)
npm http fetch GET 200 https://npm.pkg.github.com/vltsandbox/@esbuild%2faix-ppc64 181ms (cache updated)
npm http fetch GET 200 https://npm.pkg.github.com/vltsandbox/@esbuild%2flinux-arm 281ms (cache updated)
npm http fetch GET 200 https://npm.pkg.github.com/vltsandbox/@esbuild%2fsunos-x64 188ms (cache updated)
npm http fetch GET 200 https://npm.pkg.github.com/vltsandbox/@esbuild%2flinux-x64 381ms (cache updated)
npm http fetch GET 200 https://npm.pkg.github.com/vltsandbox/@esbuild%2fdarwin-x64 190ms (cache updated)
npm http fetch GET 200 https://npm.pkg.github.com/vltsandbox/@esbuild%2flinux-ia32 290ms (cache updated)
npm http fetch GET 200 https://npm.pkg.github.com/vltsandbox/@esbuild%2fnetbsd-x64 183ms (cache updated)
npm http fetch GET 200 https://npm.pkg.github.com/vltsandbox/@esbuild%2fwin32-x64 513ms (cache updated)
npm http fetch GET 200 https://npm.pkg.github.com/vltsandbox/@esbuild%2fandroid-x64 189ms (cache updated)
npm http fetch GET 200 https://npm.pkg.github.com/vltsandbox/@esbuild%2fwin32-ia32 395ms (cache updated)
npm http fetch GET 200 https://npm.pkg.github.com/vltsandbox/@esbuild%2ffreebsd-x64 305ms (cache updated)
npm http fetch GET 200 https://npm.pkg.github.com/vltsandbox/@esbuild%2fandroid-arm 595ms (cache updated)
npm http fetch GET 200 https://npm.pkg.github.com/vltsandbox/@esbuild%2flinux-ppc64 190ms (cache updated)
npm http fetch GET 200 https://npm.pkg.github.com/vltsandbox/@esbuild%2flinux-arm64 470ms (cache updated)
npm http fetch GET 200 https://npm.pkg.github.com/vltsandbox/@esbuild%2fopenbsd-x64 191ms (cache updated)
npm http fetch GET 200 https://npm.pkg.github.com/vltsandbox/@esbuild%2flinux-s390x 370ms (cache updated)
npm http fetch GET 200 https://npm.pkg.github.com/vltsandbox/@esbuild%2fwin32-arm64 299ms (cache updated)
npm http fetch GET 200 https://npm.pkg.github.com/vltsandbox/@esbuild%2fnetbsd-arm64 204ms (cache updated)
npm http fetch GET 200 https://npm.pkg.github.com/vltsandbox/@esbuild%2fandroid-arm64 356ms (cache updated)
npm http fetch GET 200 https://npm.pkg.github.com/vltsandbox/@esbuild%2ffreebsd-arm64 329ms (cache updated)
npm http fetch GET 200 https://npm.pkg.github.com/vltsandbox/@esbuild%2flinux-loong64 278ms (cache updated)
npm http fetch GET 200 https://npm.pkg.github.com/vltsandbox/@esbuild%2flinux-riscv64 343ms (cache updated)
npm http fetch GET 200 https://npm.pkg.github.com/vltsandbox/@esbuild%2fopenbsd-arm64 184ms (cache updated)
npm http fetch GET 200 https://npm.pkg.github.com/vltsandbox/@esbuild%2fdarwin-arm64 1215ms (cache updated)
npm http fetch GET 200 https://npm.pkg.github.com/vltsandbox/@esbuild%2flinux-mips64el 302ms (cache updated)
npm http fetch GET 200 https://npm.pkg.github.com/vltsandbox/@esbuild%2fopenharmony-arm64 232ms (cache updated)
npm http fetch GET 200 https://npm.pkg.github.com/vltsandbox/@rollup%2frollup-darwin-arm64 414ms (cache miss)
npm http fetch GET 200 https://npm.pkg.github.com/vltsandbox/@rollup%2frollup-android-arm64 286ms (cache miss)
npm http fetch GET 200 https://npm.pkg.github.com/vltsandbox/nanoid 942ms (cache miss)
npm http fetch GET 200 https://npm.pkg.github.com/vltsandbox/@rollup%2frollup-win32-arm64-msvc 457ms (cache miss)
npm http fetch GET 200 https://npm.pkg.github.com/vltsandbox/@rollup%2frollup-freebsd-arm64 254ms (cache miss)
npm http fetch GET 200 https://npm.pkg.github.com/vltsandbox/@types%2festree 1235ms (cache updated)
npm http fetch GET 200 https://npm.pkg.github.com/vltsandbox/@rollup%2frollup-linux-arm64-gnu 201ms (cache miss)
npm http fetch GET 200 https://npm.pkg.github.com/vltsandbox/@rollup%2frollup-linux-arm64-musl 336ms (cache miss)
npm http fetch GET 200 https://npm.pkg.github.com/vltsandbox/@rollup%2frollup-android-arm-eabi 327ms (cache miss)
npm http fetch GET 200 https://npm.pkg.github.com/vltsandbox/@rollup%2frollup-linux-arm-gnueabihf 238ms (cache miss)
npm http fetch GET 200 https://npm.pkg.github.com/vltsandbox/@rollup%2frollup-win32-ia32-msvc 220ms (cache miss)
npm http fetch GET 200 https://npm.pkg.github.com/vltsandbox/@rollup%2frollup-linux-loong64-gnu 187ms (cache miss)
npm http fetch GET 200 https://npm.pkg.github.com/vltsandbox/@rollup%2frollup-linux-arm-musleabihf 345ms (cache miss)
npm http fetch GET 200 https://npm.pkg.github.com/vltsandbox/@rollup%2frollup-linux-riscv64-gnu 180ms (cache miss)
npm http fetch GET 200 https://npm.pkg.github.com/vltsandbox/@rollup%2frollup-linux-loong64-musl 216ms (cache miss)
npm http fetch GET 200 https://npm.pkg.github.com/vltsandbox/@rollup%2frollup-linux-riscv64-musl 267ms (cache miss)
npm http fetch GET 200 https://npm.pkg.github.com/vltsandbox/@rollup%2frollup-linux-ppc64-gnu 259ms (cache miss)
npm http fetch GET 200 https://npm.pkg.github.com/vltsandbox/@rollup%2frollup-linux-s390x-gnu 227ms (cache miss)
npm http fetch GET 200 https://npm.pkg.github.com/vltsandbox/@rollup%2frollup-darwin-x64 224ms (cache miss)
npm http fetch GET 200 https://npm.pkg.github.com/vltsandbox/@rollup%2frollup-linux-ppc64-musl 502ms (cache miss)
npm http fetch GET 200 https://npm.pkg.github.com/vltsandbox/@rollup%2frollup-win32-x64-gnu 296ms (cache miss)
npm http fetch GET 200 https://npm.pkg.github.com/vltsandbox/@rollup%2frollup-freebsd-x64 182ms (cache miss)
npm http fetch GET 200 https://npm.pkg.github.com/vltsandbox/@rollup%2frollup-win32-x64-msvc 348ms (cache miss)
npm http fetch GET 200 https://npm.pkg.github.com/vltsandbox/@rollup%2frollup-linux-x64-gnu 339ms (cache miss)
npm http fetch GET 200 https://npm.pkg.github.com/vltsandbox/@rollup%2frollup-linux-x64-musl 361ms (cache miss)
npm http fetch GET 200 https://npm.pkg.github.com/vltsandbox/@rollup%2frollup-openharmony-arm64 225ms (cache miss)
npm http fetch GET 200 https://npm.pkg.github.com/vltsandbox/@rollup%2frollup-openbsd-x64 451ms (cache miss)
npm http fetch GET 200 https://npm.pkg.github.com/vltsandbox/ansi-regex 165ms (cache updated)
npm http fetch GET 200 https://registry.npmjs.com/is-fullwidth-code-point/-/is-fullwidth-code-point-3.0.0.tgz 247ms (cache miss)
npm http fetch GET 200 https://registry.npmjs.com/yoctocolors/-/yoctocolors-2.1.2.tgz 249ms (cache miss)
npm http fetch GET 200 https://registry.npmjs.com/radix3/-/radix3-1.1.2.tgz 340ms (cache miss)
npm http fetch GET 200 https://registry.npmjs.com/postcss/-/postcss-8.5.15.tgz 342ms (cache miss)
npm http fetch GET 200 https://registry.npmjs.com/crossws/-/crossws-0.3.5.tgz 343ms (cache miss)
npm http fetch GET 200 https://registry.npmjs.com/normalize-path/-/normalize-path-3.0.0.tgz 389ms (cache miss)
npm http fetch GET 200 https://registry.npmjs.com/readdirp/-/readdirp-5.0.0.tgz 392ms (cache miss)
npm http fetch GET 200 https://registry.npmjs.com/node-mock-http/-/node-mock-http-1.0.4.tgz 396ms (cache miss)
npm http fetch GET 200 https://registry.npmjs.com/@rollup/rollup-linux-arm64-gnu/-/rollup-linux-arm64-gnu-4.60.4.tgz 412ms (cache miss)
npm http fetch GET 200 https://registry.npmjs.com/defu/-/defu-6.1.7.tgz 419ms (cache miss)
npm http fetch GET 200 https://registry.npmjs.com/cookie-es/-/cookie-es-1.2.3.tgz 420ms (cache miss)
npm http fetch GET 200 https://registry.npmjs.com/nanoid/-/nanoid-3.3.12.tgz 426ms (cache miss)
npm http fetch GET 200 https://registry.npmjs.com/rollup/-/rollup-4.60.4.tgz 442ms (cache miss)
npm http fetch GET 200 https://registry.npmjs.com/uncrypto/-/uncrypto-0.1.3.tgz 475ms (cache miss)
npm http fetch GET 200 https://registry.npmjs.com/iron-webcrypto/-/iron-webcrypto-1.2.1.tgz 485ms (cache miss)
npm http fetch GET 200 https://registry.npmjs.com/array-iterate/-/array-iterate-2.0.1.tgz 488ms (cache miss)
npm http fetch GET 200 https://registry.npmjs.com/anymatch/-/anymatch-3.1.3.tgz 495ms (cache miss)
npm http fetch GET 200 https://registry.npmjs.com/chokidar/-/chokidar-5.0.0.tgz 496ms (cache miss)
npm http fetch GET 200 https://registry.npmjs.com/ufo/-/ufo-1.6.4.tgz 511ms (cache miss)
npm http fetch GET 200 https://registry.npmjs.com/lru-cache/-/lru-cache-11.5.0.tgz 514ms (cache miss)
npm http fetch GET 200 https://registry.npmjs.com/ansi-styles/-/ansi-styles-6.2.3.tgz 540ms (cache miss)
npm http fetch GET 200 https://registry.npmjs.com/node-fetch-native/-/node-fetch-native-1.6.7.tgz 545ms (cache miss)
npm http fetch GET 200 https://registry.npmjs.com/extend/-/extend-3.0.2.tgz 560ms (cache miss)
npm http fetch GET 200 https://registry.npmjs.com/is-plain-obj/-/is-plain-obj-4.1.0.tgz 588ms (cache miss)
npm http fetch GET 200 https://registry.npmjs.com/ofetch/-/ofetch-1.5.1.tgz 615ms (cache miss)
npm http fetch GET 200 https://registry.npmjs.com/destr/-/destr-2.0.5.tgz 623ms (cache miss)
npm http fetch GET 200 https://registry.npmjs.com/bail/-/bail-2.0.2.tgz 622ms (cache miss)
npm http fetch GET 200 https://registry.npmjs.com/h3/-/h3-1.15.11.tgz 638ms (cache miss)
npm http fetch GET 200 https://registry.npmjs.com/domelementtype/-/domelementtype-2.3.0.tgz 691ms (cache miss)
npm http fetch GET 200 https://registry.npmjs.com/dom-serializer/-/dom-serializer-2.0.0.tgz 719ms (cache miss)
npm http fetch GET 200 https://registry.npmjs.com/domhandler/-/domhandler-5.0.3.tgz 724ms (cache miss)
npm http fetch GET 200 https://registry.npmjs.com/nth-check/-/nth-check-2.1.1.tgz 725ms (cache miss)
npm http fetch GET 200 https://registry.npmjs.com/fdir/-/fdir-6.5.0.tgz 731ms (cache miss)
npm http fetch GET 200 https://registry.npmjs.com/picocolors/-/picocolors-1.1.1.tgz 736ms (cache miss)
npm http fetch GET 200 https://registry.npmjs.com/domutils/-/domutils-3.2.2.tgz 744ms (cache miss)
npm http fetch GET 200 https://registry.npmjs.com/sax/-/sax-1.6.0.tgz 747ms (cache miss)
npm http fetch GET 200 https://registry.npmjs.com/css-what/-/css-what-6.2.2.tgz 765ms (cache miss)
npm http fetch GET 200 https://registry.npmjs.com/ohash/-/ohash-2.0.11.tgz 796ms (cache miss)
npm http fetch GET 200 https://registry.npmjs.com/mdn-data/-/mdn-data-2.27.1.tgz 798ms (cache miss)
npm http fetch GET 200 https://registry.npmjs.com/strip-ansi/-/strip-ansi-7.2.0.tgz 853ms (cache miss)
npm http fetch GET 200 https://registry.npmjs.com/boolbase/-/boolbase-1.0.0.tgz 858ms (cache miss)
npm http fetch GET 200 https://registry.npmjs.com/trough/-/trough-2.2.0.tgz 875ms (cache miss)
npm http fetch GET 200 https://registry.npmjs.com/character-entities-html4/-/character-entities-html4-2.1.0.tgz 878ms (cache miss)
npm http fetch GET 200 https://registry.npmjs.com/css-tree/-/css-tree-3.2.1.tgz 897ms (cache miss)
npm http fetch GET 200 https://registry.npmjs.com/character-entities-legacy/-/character-entities-legacy-3.0.0.tgz 915ms (cache miss)
npm http fetch GET 200 https://registry.npmjs.com/commander/-/commander-11.1.0.tgz 917ms (cache miss)
npm http fetch GET 200 https://registry.npmjs.com/get-east-asian-width/-/get-east-asian-width-1.6.0.tgz 933ms (cache miss)
npm http fetch GET 200 https://registry.npmjs.com/regex/-/regex-6.1.0.tgz 967ms (cache miss)
npm http fetch GET 200 https://registry.npmjs.com/emoji-regex/-/emoji-regex-10.6.0.tgz 969ms (cache miss)
npm http fetch GET 200 https://registry.npmjs.com/css-select/-/css-select-5.2.2.tgz 973ms (cache miss)
npm http fetch GET 200 https://registry.npmjs.com/ansi-regex/-/ansi-regex-6.2.2.tgz 984ms (cache miss)
npm http fetch GET 200 https://registry.npmjs.com/csso/-/csso-5.0.5.tgz 986ms (cache miss)
npm http fetch GET 200 https://registry.npmjs.com/oniguruma-parser/-/oniguruma-parser-0.12.2.tgz 1014ms (cache miss)
npm http fetch GET 200 https://registry.npmjs.com/regex-utilities/-/regex-utilities-2.3.0.tgz 1018ms (cache miss)
npm http fetch GET 200 https://registry.npmjs.com/@shikijs/vscode-textmate/-/vscode-textmate-10.0.2.tgz 1025ms (cache miss)
npm http fetch GET 200 https://registry.npmjs.com/regex-recursion/-/regex-recursion-6.0.2.tgz 1027ms (cache miss)
npm http fetch GET 200 https://registry.npmjs.com/unist-util-modify-children/-/unist-util-modify-children-4.0.0.tgz 1113ms (cache miss)
npm http fetch GET 200 https://registry.npmjs.com/@img/sharp-linux-arm64/-/sharp-linux-arm64-0.34.5.tgz 1139ms (cache miss)
npm http fetch GET 200 https://registry.npmjs.com/@shikijs/engine-javascript/-/engine-javascript-3.23.0.tgz 1148ms (cache miss)
npm http fetch GET 200 https://registry.npmjs.com/@img/colour/-/colour-1.1.0.tgz 1167ms (cache miss)
npm http fetch GET 200 https://registry.npmjs.com/@shikijs/themes/-/themes-3.23.0.tgz 1197ms (cache miss)
npm http fetch GET 200 https://registry.npmjs.com/detect-libc/-/detect-libc-2.1.2.tgz 1221ms (cache miss)
npm http fetch GET 200 https://registry.npmjs.com/retext-stringify/-/retext-stringify-4.0.0.tgz 1224ms (cache miss)
npm http fetch GET 200 https://registry.npmjs.com/parse-latin/-/parse-latin-7.0.0.tgz 1234ms (cache miss)
npm http fetch GET 200 https://registry.npmjs.com/retext-smartypants/-/retext-smartypants-6.2.0.tgz 1240ms (cache miss)
npm http fetch GET 200 https://registry.npmjs.com/nlcst-to-string/-/nlcst-to-string-4.0.0.tgz 1317ms (cache miss)
npm http fetch GET 200 https://registry.npmjs.com/@shikijs/core/-/core-3.23.0.tgz 1322ms (cache miss)
npm http fetch GET 200 https://registry.npmjs.com/@types/nlcst/-/nlcst-2.0.3.tgz 1329ms (cache miss)
npm http fetch GET 200 https://registry.npmjs.com/retext/-/retext-9.0.0.tgz 1352ms (cache miss)
npm http fetch GET 200 https://registry.npmjs.com/@shikijs/types/-/types-3.23.0.tgz 1374ms (cache miss)
npm http fetch GET 200 https://registry.npmjs.com/@shikijs/engine-oniguruma/-/engine-oniguruma-3.23.0.tgz 1390ms (cache miss)
npm http fetch GET 200 https://registry.npmjs.com/micromark-extension-gfm-table/-/micromark-extension-gfm-table-2.1.1.tgz 1396ms (cache miss)
npm http fetch GET 200 https://registry.npmjs.com/micromark-extension-gfm-task-list-item/-/micromark-extension-gfm-task-list-item-2.1.0.tgz 1403ms (cache miss)
npm http fetch GET 200 https://registry.npmjs.com/retext-latin/-/retext-latin-4.0.0.tgz 1403ms (cache miss)
npm http fetch GET 200 https://registry.npmjs.com/oniguruma-to-es/-/oniguruma-to-es-4.3.6.tgz 1411ms (cache miss)
npm http fetch GET 200 https://registry.npmjs.com/micromark-extension-gfm-strikethrough/-/micromark-extension-gfm-strikethrough-2.1.0.tgz 1417ms (cache miss)
npm http fetch GET 200 https://registry.npmjs.com/unist-util-visit-children/-/unist-util-visit-children-3.0.0.tgz 1448ms (cache miss)
npm http fetch GET 200 https://registry.npmjs.com/micromark-util-html-tag-name/-/micromark-util-html-tag-name-2.0.1.tgz 1449ms (cache miss)
npm http fetch GET 200 https://registry.npmjs.com/micromark-util-resolve-all/-/micromark-util-resolve-all-2.0.1.tgz 1471ms (cache miss)
npm http fetch GET 200 https://registry.npmjs.com/micromark-extension-gfm-autolink-literal/-/micromark-extension-gfm-autolink-literal-2.1.0.tgz 1474ms (cache miss)
npm http fetch GET 200 https://registry.npmjs.com/micromark-util-subtokenize/-/micromark-util-subtokenize-2.1.0.tgz 1475ms (cache miss)
npm http fetch GET 200 https://registry.npmjs.com/micromark-extension-gfm-footnote/-/micromark-extension-gfm-footnote-2.1.0.tgz 1477ms (cache miss)
npm http fetch GET 200 https://registry.npmjs.com/@types/ms/-/ms-2.1.0.tgz 1507ms (cache miss)
npm http fetch GET 200 https://registry.npmjs.com/micromark-factory-whitespace/-/micromark-factory-whitespace-2.0.1.tgz 1523ms (cache miss)
npm http fetch GET 200 https://registry.npmjs.com/micromark-factory-title/-/micromark-factory-title-2.0.1.tgz 1523ms (cache miss)
npm http fetch GET 200 https://registry.npmjs.com/micromark-factory-space/-/micromark-factory-space-2.0.1.tgz 1546ms (cache miss)
npm http fetch GET 200 https://registry.npmjs.com/micromark-factory-label/-/micromark-factory-label-2.0.1.tgz 1549ms (cache miss)
npm http fetch GET 200 https://registry.npmjs.com/micromark-extension-gfm-tagfilter/-/micromark-extension-gfm-tagfilter-2.0.0.tgz 1551ms (cache miss)
npm http fetch GET 200 https://registry.npmjs.com/@img/sharp-libvips-linux-arm64/-/sharp-libvips-linux-arm64-1.2.4.tgz 1562ms (cache miss)
npm http fetch GET 200 https://registry.npmjs.com/micromark-util-combine-extensions/-/micromark-util-combine-extensions-2.0.1.tgz 1566ms (cache miss)
npm http fetch GET 200 https://registry.npmjs.com/mdast-util-phrasing/-/mdast-util-phrasing-4.1.0.tgz 1592ms (cache miss)
npm http fetch GET 200 https://registry.npmjs.com/micromark-factory-destination/-/micromark-factory-destination-2.0.1.tgz 1626ms (cache miss)
npm http fetch GET 200 https://registry.npmjs.com/@types/debug/-/debug-4.1.13.tgz 1632ms (cache miss)
npm http fetch GET 200 https://registry.npmjs.com/micromark-util-classify-character/-/micromark-util-classify-character-2.0.1.tgz 1639ms (cache miss)
npm http fetch GET 200 https://registry.npmjs.com/micromark-core-commonmark/-/micromark-core-commonmark-2.0.3.tgz 1644ms (cache miss)
npm http fetch GET 200 https://registry.npmjs.com/markdown-table/-/markdown-table-3.0.4.tgz 1650ms (cache miss)
npm http fetch GET 200 https://registry.npmjs.com/unist-util-stringify-position/-/unist-util-stringify-position-4.0.0.tgz 1656ms (cache miss)
npm http fetch GET 200 https://registry.npmjs.com/escape-string-regexp/-/escape-string-regexp-5.0.0.tgz 1658ms (cache miss)
npm http fetch GET 200 https://registry.npmjs.com/character-entities/-/character-entities-2.0.2.tgz 1661ms (cache miss)
npm http fetch GET 200 https://registry.npmjs.com/@shikijs/langs/-/langs-3.23.0.tgz 1679ms (cache miss)
npm http fetch GET 200 https://registry.npmjs.com/micromark-util-chunked/-/micromark-util-chunked-2.0.1.tgz 1704ms (cache miss)
npm http fetch GET 200 https://registry.npmjs.com/micromark-util-decode-string/-/micromark-util-decode-string-2.0.1.tgz 1716ms (cache miss)
npm http fetch GET 200 https://registry.npmjs.com/mdast-util-find-and-replace/-/mdast-util-find-and-replace-3.0.2.tgz 1721ms (cache miss)
npm http fetch GET 200 https://registry.npmjs.com/micromark-util-decode-numeric-character-reference/-/micromark-util-decode-numeric-character-reference-2.0.2.tgz 1727ms (cache miss)
npm http fetch GET 200 https://registry.npmjs.com/decode-named-character-reference/-/decode-named-character-reference-1.3.0.tgz 1762ms (cache miss)
npm http fetch GET 200 https://registry.npmjs.com/unist-util-is/-/unist-util-is-6.0.1.tgz 1764ms (cache miss)
npm http fetch GET 200 https://registry.npmjs.com/micromark-util-normalize-identifier/-/micromark-util-normalize-identifier-2.0.1.tgz 1773ms (cache miss)
npm http fetch GET 200 https://registry.npmjs.com/mdast-util-gfm-task-list-item/-/mdast-util-gfm-task-list-item-2.0.0.tgz 1772ms (cache miss)
npm http fetch GET 200 https://registry.npmjs.com/mdast-util-gfm-strikethrough/-/mdast-util-gfm-strikethrough-2.0.0.tgz 1811ms (cache miss)
npm http fetch GET 200 https://registry.npmjs.com/mdast-util-to-string/-/mdast-util-to-string-4.0.0.tgz 1821ms (cache miss)
npm http fetch GET 200 https://registry.npmjs.com/mdast-util-gfm-footnote/-/mdast-util-gfm-footnote-2.1.0.tgz 1830ms (cache miss)
npm http fetch GET 200 https://registry.npmjs.com/remark-stringify/-/remark-stringify-11.0.0.tgz 1830ms (cache miss)
npm http fetch GET 200 https://registry.npmjs.com/mdast-util-from-markdown/-/mdast-util-from-markdown-2.0.3.tgz 1845ms (cache miss)
npm http fetch GET 200 https://registry.npmjs.com/micromark/-/micromark-4.0.2.tgz 1852ms (cache miss)
npm http fetch GET 200 https://registry.npmjs.com/mdast-util-gfm/-/mdast-util-gfm-3.1.0.tgz 1867ms (cache miss)
npm http fetch GET 200 https://registry.npmjs.com/mdast-util-gfm-table/-/mdast-util-gfm-table-2.0.0.tgz 1920ms (cache miss)
npm http fetch GET 200 https://registry.npmjs.com/longest-streak/-/longest-streak-3.1.0.tgz 1943ms (cache miss)
npm http fetch GET 200 https://registry.npmjs.com/micromark-util-symbol/-/micromark-util-symbol-2.0.1.tgz 1956ms (cache miss)
npm http fetch GET 200 https://registry.npmjs.com/micromark-util-encode/-/micromark-util-encode-2.0.1.tgz 1960ms (cache miss)
npm http fetch GET 200 https://registry.npmjs.com/micromark-util-types/-/micromark-util-types-2.0.2.tgz 1987ms (cache miss)
npm http fetch GET 200 https://registry.npmjs.com/trim-lines/-/trim-lines-3.0.1.tgz 1988ms (cache miss)
npm http fetch GET 200 https://registry.npmjs.com/micromark-util-sanitize-uri/-/micromark-util-sanitize-uri-2.0.1.tgz 2024ms (cache miss)
npm http fetch GET 200 https://registry.npmjs.com/mdast-util-to-markdown/-/mdast-util-to-markdown-2.1.2.tgz 2032ms (cache miss)
npm http fetch GET 200 https://registry.npmjs.com/stringify-entities/-/stringify-entities-4.0.4.tgz 2041ms (cache miss)
npm http fetch GET 200 https://registry.npmjs.com/unist-util-position/-/unist-util-position-5.0.0.tgz 2048ms (cache miss)
npm http fetch GET 200 https://registry.npmjs.com/hast-util-raw/-/hast-util-raw-9.1.0.tgz 2098ms (cache miss)
npm http fetch GET 200 https://registry.npmjs.com/html-void-elements/-/html-void-elements-3.0.0.tgz 2103ms (cache miss)
npm http fetch GET 200 https://registry.npmjs.com/micromark-extension-gfm/-/micromark-extension-gfm-3.0.0.tgz 2113ms (cache miss)
npm http fetch GET 200 https://registry.npmjs.com/micromark-util-character/-/micromark-util-character-2.1.1.tgz 2115ms (cache miss)
npm http fetch GET 200 https://registry.npmjs.com/hast-util-to-html/-/hast-util-to-html-9.0.5.tgz 2117ms (cache miss)
npm http fetch GET 200 https://registry.npmjs.com/zwitch/-/zwitch-2.0.4.tgz 2123ms (cache miss)
npm http fetch GET 200 https://registry.npmjs.com/ccount/-/ccount-2.0.1.tgz 2126ms (cache miss)
npm http fetch GET 200 https://registry.npmjs.com/@ungap/structured-clone/-/structured-clone-1.3.1.tgz 2125ms (cache miss)
npm http fetch GET 200 https://registry.npmjs.com/hast-util-whitespace/-/hast-util-whitespace-3.0.0.tgz 2132ms (cache miss)
npm http fetch GET 200 https://registry.npmjs.com/hast-util-to-parse5/-/hast-util-to-parse5-8.0.1.tgz 2140ms (cache miss)
npm http fetch GET 200 https://registry.npmjs.com/mdast-util-gfm-autolink-literal/-/mdast-util-gfm-autolink-literal-2.0.1.tgz 2157ms (cache miss)
npm http fetch GET 200 https://registry.npmjs.com/kleur/-/kleur-3.0.3.tgz 2169ms (cache miss)
npm http fetch GET 200 https://registry.npmjs.com/sisteransi/-/sisteransi-1.0.5.tgz 2205ms (cache miss)
npm http fetch GET 200 https://registry.npmjs.com/@types/mdast/-/mdast-4.0.4.tgz 2222ms (cache miss)
npm http fetch GET 200 https://registry.npmjs.com/p-timeout/-/p-timeout-6.1.4.tgz 2234ms (cache miss)
npm http fetch GET 200 https://registry.npmjs.com/yocto-queue/-/yocto-queue-1.2.2.tgz 2237ms (cache miss)
npm http fetch GET 200 https://registry.npmjs.com/@babel/helper-validator-identifier/-/helper-validator-identifier-7.28.5.tgz 2248ms (cache miss)
npm http fetch GET 200 https://registry.npmjs.com/eventemitter3/-/eventemitter3-5.0.4.tgz 2277ms (cache miss)
npm http fetch GET 200 https://registry.npmjs.com/@babel/parser/-/parser-7.29.3.tgz 2281ms (cache miss)
npm http fetch GET 200 https://registry.npmjs.com/argparse/-/argparse-2.0.1.tgz 2293ms (cache miss)
npm http fetch GET 200 https://registry.npmjs.com/@jridgewell/sourcemap-codec/-/sourcemap-codec-1.5.5.tgz 2299ms (cache miss)
npm http fetch GET 200 https://registry.npmjs.com/mdast-util-to-hast/-/mdast-util-to-hast-13.2.1.tgz 2310ms (cache miss)
npm http fetch GET 200 https://registry.npmjs.com/rehype-parse/-/rehype-parse-9.0.1.tgz 2330ms (cache miss)
npm http fetch GET 200 https://registry.npmjs.com/is-inside-container/-/is-inside-container-1.0.0.tgz 2330ms (cache miss)
npm http fetch GET 200 https://registry.npmjs.com/source-map-js/-/source-map-js-1.2.1.tgz 2337ms (cache miss)
npm http fetch GET 200 https://registry.npmjs.com/hast-util-parse-selector/-/hast-util-parse-selector-4.0.0.tgz 2349ms (cache miss)
npm http fetch GET 200 https://registry.npmjs.com/comma-separated-tokens/-/comma-separated-tokens-2.0.3.tgz 2378ms (cache miss)
npm http fetch GET 200 https://registry.npmjs.com/@babel/helper-string-parser/-/helper-string-parser-7.27.1.tgz 2405ms (cache miss)
npm http fetch GET 200 https://registry.npmjs.com/vfile-location/-/vfile-location-5.0.3.tgz 2417ms (cache miss)
npm http fetch GET 200 https://registry.npmjs.com/entities/-/entities-6.0.1.tgz 2442ms (cache miss)
npm http fetch GET 200 https://registry.npmjs.com/@babel/types/-/types-7.29.0.tgz 2441ms (cache miss)
npm http fetch GET 200 https://registry.npmjs.com/space-separated-tokens/-/space-separated-tokens-2.0.2.tgz 2450ms (cache miss)
npm http fetch GET 200 https://registry.npmjs.com/unist-util-find-after/-/unist-util-find-after-5.0.0.tgz 2457ms (cache miss)
npm http fetch GET 200 https://registry.npmjs.com/vfile-message/-/vfile-message-4.0.3.tgz 2459ms (cache miss)
npm http fetch GET 200 https://registry.npmjs.com/web-namespaces/-/web-namespaces-2.0.1.tgz 2465ms (cache miss)
npm http fetch GET 200 https://registry.npmjs.com/@types/unist/-/unist-3.0.3.tgz 2477ms (cache miss)
npm http fetch GET 200 https://registry.npmjs.com/parse5/-/parse5-7.3.0.tgz 2483ms (cache miss)
npm http fetch GET 200 https://registry.npmjs.com/tiny-inflate/-/tiny-inflate-1.0.3.tgz 2510ms (cache miss)
npm http fetch GET 200 https://registry.npmjs.com/property-information/-/property-information-7.1.0.tgz 2538ms (cache miss)
npm http fetch GET 200 https://registry.npmjs.com/hast-util-is-element/-/hast-util-is-element-3.0.0.tgz 2552ms (cache miss)
npm http fetch GET 200 https://registry.npmjs.com/base-64/-/base-64-1.0.0.tgz 2557ms (cache miss)
npm http fetch GET 200 https://registry.npmjs.com/hast-util-from-parse5/-/hast-util-from-parse5-8.0.3.tgz 2568ms (cache miss)
npm http fetch GET 200 https://registry.npmjs.com/devlop/-/devlop-1.1.0.tgz 2576ms (cache miss)
npm http fetch GET 200 https://registry.npmjs.com/@types/hast/-/hast-3.0.4.tgz 2591ms (cache miss)
npm http fetch GET 200 https://registry.npmjs.com/ms/-/ms-2.1.3.tgz 2592ms (cache miss)
npm http fetch GET 200 https://registry.npmjs.com/widest-line/-/widest-line-5.0.0.tgz 2610ms (cache miss)
npm http fetch GET 200 https://registry.npmjs.com/hastscript/-/hastscript-9.0.1.tgz 2624ms (cache miss)
npm http fetch GET 200 https://registry.npmjs.com/cli-boxes/-/cli-boxes-3.0.0.tgz 2642ms (cache miss)
npm http fetch GET 200 https://registry.npmjs.com/string-width/-/string-width-7.2.0.tgz 2664ms (cache miss)
npm http fetch GET 200 https://registry.npmjs.com/@esbuild/linux-arm64/-/linux-arm64-0.27.7.tgz 2671ms (cache miss)
npm http fetch GET 200 https://registry.npmjs.com/chalk/-/chalk-5.6.2.tgz 2672ms (cache miss)
npm http fetch GET 200 https://registry.npmjs.com/which-pm-runs/-/which-pm-runs-1.1.0.tgz 2709ms (cache miss)
npm http fetch GET 200 https://registry.npmjs.com/fontkitten/-/fontkitten-1.0.3.tgz 2718ms (cache miss)
npm http fetch GET 200 https://registry.npmjs.com/dequal/-/dequal-2.0.3.tgz 2734ms (cache miss)
npm http fetch GET 200 https://registry.npmjs.com/wrap-ansi/-/wrap-ansi-9.0.2.tgz 2736ms (cache miss)
npm http fetch GET 200 https://registry.npmjs.com/@types/estree/-/estree-1.0.9.tgz 2745ms (cache miss)
npm http fetch GET 200 https://registry.npmjs.com/camelcase/-/camelcase-8.0.0.tgz 2746ms (cache miss)
npm http fetch GET 200 https://registry.npmjs.com/is-wsl/-/is-wsl-3.1.1.tgz 2780ms (cache miss)
npm http fetch GET 200 https://registry.npmjs.com/remark-rehype/-/remark-rehype-11.1.2.tgz 2804ms (cache miss)
npm http fetch GET 200 https://registry.npmjs.com/unified/-/unified-11.0.5.tgz 2813ms (cache miss)
npm http fetch GET 200 https://registry.npmjs.com/remark-parse/-/remark-parse-11.0.0.tgz 2832ms (cache miss)
npm http fetch GET 200 https://registry.npmjs.com/is-docker/-/is-docker-3.0.0.tgz 2838ms (cache miss)
npm http fetch GET 200 https://registry.npmjs.com/unist-util-visit-parents/-/unist-util-visit-parents-6.0.2.tgz 2840ms (cache miss)
npm http fetch GET 200 https://registry.npmjs.com/unist-util-remove-position/-/unist-util-remove-position-5.0.0.tgz 2846ms (cache miss)
npm http fetch GET 200 https://registry.npmjs.com/remark-smartypants/-/remark-smartypants-3.0.2.tgz 2862ms (cache miss)
npm http fetch GET 200 https://registry.npmjs.com/remark-gfm/-/remark-gfm-4.0.1.tgz 2882ms (cache miss)
npm http fetch GET 200 https://registry.npmjs.com/mdast-util-definitions/-/mdast-util-definitions-6.0.0.tgz 2911ms (cache miss)
npm http fetch GET 200 https://registry.npmjs.com/prismjs/-/prismjs-1.30.0.tgz 2917ms (cache miss)
npm http fetch GET 200 https://registry.npmjs.com/rehype-raw/-/rehype-raw-7.0.0.tgz 2918ms (cache miss)
npm http fetch GET 200 https://registry.npmjs.com/ansi-align/-/ansi-align-3.0.1.tgz 2931ms (cache miss)
npm http fetch GET 200 https://registry.npmjs.com/@astrojs/prism/-/prism-3.3.0.tgz 2935ms (cache miss)
npm http fetch GET 200 https://registry.npmjs.com/xxhash-wasm/-/xxhash-wasm-1.1.0.tgz 2968ms (cache miss)
npm http fetch GET 200 https://registry.npmjs.com/zod-to-ts/-/zod-to-ts-1.2.0.tgz 2977ms (cache miss)
npm http fetch GET 200 https://registry.npmjs.com/hast-util-from-html/-/hast-util-from-html-2.0.3.tgz 3003ms (cache miss)
npm http fetch GET 200 https://registry.npmjs.com/hast-util-to-text/-/hast-util-to-text-4.0.2.tgz 3005ms (cache miss)
npm http fetch GET 200 https://registry.npmjs.com/zod-to-json-schema/-/zod-to-json-schema-3.25.2.tgz 3039ms (cache miss)
npm http fetch GET 200 https://registry.npmjs.com/vite/-/vite-6.4.2.tgz 3042ms (cache miss)
npm http fetch GET 200 https://registry.npmjs.com/unstorage/-/unstorage-1.17.5.tgz 3080ms (cache miss)
npm http fetch GET 200 https://registry.npmjs.com/tsconfck/-/tsconfck-3.1.6.tgz 3111ms (cache miss)
npm http fetch GET 200 https://registry.npmjs.com/rehype-stringify/-/rehype-stringify-10.0.1.tgz 3118ms (cache miss)
npm http fetch GET 200 https://registry.npmjs.com/type-fest/-/type-fest-4.41.0.tgz 3126ms (cache miss)
npm http fetch GET 200 https://registry.npmjs.com/ultrahtml/-/ultrahtml-1.6.0.tgz 3125ms (cache miss)
npm http fetch GET 200 https://registry.npmjs.com/unifont/-/unifont-0.7.4.tgz 3135ms (cache miss)
npm http fetch GET 200 https://registry.npmjs.com/yocto-spinner/-/yocto-spinner-0.2.3.tgz 3137ms (cache miss)
npm http fetch GET 200 https://registry.npmjs.com/tinyexec/-/tinyexec-1.1.2.tgz 3156ms (cache miss)
npm http fetch GET 200 https://registry.npmjs.com/smol-toml/-/smol-toml-1.6.1.tgz 3231ms (cache miss)
npm http fetch GET 200 https://registry.npmjs.com/yargs-parser/-/yargs-parser-21.1.1.tgz 3265ms (cache miss)
npm http fetch GET 200 https://registry.npmjs.com/vitefu/-/vitefu-1.1.3.tgz 3270ms (cache miss)
npm http fetch GET 200 https://registry.npmjs.com/unist-util-visit/-/unist-util-visit-5.1.0.tgz 3270ms (cache miss)
npm http fetch GET 200 https://registry.npmjs.com/rehype/-/rehype-13.0.2.tgz 3270ms (cache miss)
npm http fetch GET 200 https://registry.npmjs.com/piccolore/-/piccolore-0.1.3.tgz 3269ms (cache miss)
npm http fetch GET 200 https://registry.npmjs.com/prompts/-/prompts-2.4.2.tgz 3303ms (cache miss)
npm http fetch GET 200 https://registry.npmjs.com/svgo/-/svgo-4.0.1.tgz 3332ms (cache miss)
npm http fetch GET 200 https://registry.npmjs.com/semver/-/semver-7.8.0.tgz 3336ms (cache miss)
npm http fetch GET 200 https://registry.npmjs.com/package-manager-detector/-/package-manager-detector-1.6.0.tgz 3341ms (cache miss)
npm http fetch GET 200 https://registry.npmjs.com/p-queue/-/p-queue-8.1.1.tgz 3375ms (cache miss)
npm http fetch GET 200 https://registry.npmjs.com/tinyglobby/-/tinyglobby-0.2.16.tgz 3409ms (cache miss)
npm http fetch GET 200 https://registry.npmjs.com/magic-string/-/magic-string-0.30.21.tgz 3407ms (cache miss)
npm http fetch GET 200 https://registry.npmjs.com/picomatch/-/picomatch-4.0.4.tgz 3421ms (cache miss)
npm http fetch GET 200 https://registry.npmjs.com/vfile/-/vfile-6.0.3.tgz 3425ms (cache miss)
npm http fetch GET 200 https://registry.npmjs.com/js-yaml/-/js-yaml-4.1.1.tgz 3432ms (cache miss)
npm http fetch GET 200 https://registry.npmjs.com/neotraverse/-/neotraverse-0.6.18.tgz 3436ms (cache miss)
npm http fetch GET 200 https://registry.npmjs.com/http-cache-semantics/-/http-cache-semantics-4.2.0.tgz 3445ms (cache miss)
npm http fetch GET 200 https://registry.npmjs.com/html-escaper/-/html-escaper-3.0.3.tgz 3502ms (cache miss)
npm http fetch GET 200 https://registry.npmjs.com/shiki/-/shiki-3.23.0.tgz 3531ms (cache miss)
npm http fetch GET 200 https://registry.npmjs.com/esbuild/-/esbuild-0.27.7.tgz 3538ms (cache miss)
npm http fetch GET 200 https://registry.npmjs.com/dset/-/dset-3.1.4.tgz 3547ms (cache miss)
npm http fetch GET 200 https://registry.npmjs.com/fontace/-/fontace-0.4.1.tgz 3553ms (cache miss)
npm http fetch GET 200 https://registry.npmjs.com/typescript/-/typescript-5.9.3.tgz 3589ms (cache miss)
npm http fetch GET 200 https://registry.npmjs.com/import-meta-resolve/-/import-meta-resolve-4.2.0.tgz 3591ms (cache miss)
npm http fetch GET 200 https://registry.npmjs.com/p-limit/-/p-limit-6.2.0.tgz 3598ms (cache miss)
npm http fetch GET 200 https://registry.npmjs.com/sharp/-/sharp-0.34.5.tgz 3644ms (cache miss)
npm http fetch GET 200 https://registry.npmjs.com/github-slugger/-/github-slugger-2.0.0.tgz 3642ms (cache miss)
npm http fetch GET 200 https://registry.npmjs.com/magicast/-/magicast-0.5.3.tgz 3646ms (cache miss)
npm http fetch GET 200 https://registry.npmjs.com/diff/-/diff-8.0.4.tgz 3645ms (cache miss)
npm http fetch GET 200 https://registry.npmjs.com/flattie/-/flattie-1.1.1.tgz 3656ms (cache miss)
npm http fetch GET 200 https://registry.npmjs.com/cssesc/-/cssesc-3.0.0.tgz 3712ms (cache miss)
npm http fetch GET 200 https://registry.npmjs.com/es-module-lexer/-/es-module-lexer-1.7.0.tgz 3720ms (cache miss)
npm http fetch GET 200 https://registry.npmjs.com/ci-info/-/ci-info-4.4.0.tgz 3740ms (cache miss)
npm http fetch GET 200 https://registry.npmjs.com/deterministic-object-hash/-/deterministic-object-hash-2.0.2.tgz 3751ms (cache miss)
npm http fetch GET 200 https://registry.npmjs.com/mrmime/-/mrmime-2.0.1.tgz 3784ms (cache miss)
npm http fetch GET 200 https://registry.npmjs.com/common-ancestor-path/-/common-ancestor-path-1.0.1.tgz 3794ms (cache miss)
npm http fetch GET 200 https://registry.npmjs.com/clsx/-/clsx-2.1.1.tgz 3794ms (cache miss)
npm http fetch GET 200 https://registry.npmjs.com/boxen/-/boxen-8.0.1.tgz 3819ms (cache miss)
npm http fetch GET 200 https://registry.npmjs.com/@rollup/pluginutils/-/pluginutils-5.3.0.tgz 3845ms (cache miss)
npm http fetch GET 200 https://registry.npmjs.com/cookie/-/cookie-1.1.1.tgz 3878ms (cache miss)
npm http fetch GET 200 https://registry.npmjs.com/acorn/-/acorn-8.16.0.tgz 3898ms (cache miss)
npm http fetch GET 200 https://registry.npmjs.com/@capsizecss/unpack/-/unpack-4.0.0.tgz 3913ms (cache miss)
npm http fetch GET 200 https://registry.npmjs.com/devalue/-/devalue-5.8.1.tgz 3935ms (cache miss)
npm http fetch GET 200 https://registry.npmjs.com/@astrojs/internal-helpers/-/internal-helpers-0.7.6.tgz 3969ms (cache miss)
npm http fetch GET 200 https://registry.npmjs.com/dlv/-/dlv-1.1.3.tgz 4008ms (cache miss)
npm http fetch GET 200 https://registry.npmjs.com/estree-walker/-/estree-walker-3.0.3.tgz 4012ms (cache miss)
npm http fetch GET 200 https://registry.npmjs.com/@astrojs/telemetry/-/telemetry-3.3.0.tgz 4035ms (cache miss)
npm http fetch GET 200 https://registry.npmjs.com/mdn-data/-/mdn-data-2.0.28.tgz 4041ms (cache miss)
npm http fetch GET 200 https://registry.npmjs.com/css-tree/-/css-tree-2.2.1.tgz 4093ms (cache miss)
npm http fetch GET 200 https://registry.npmjs.com/entities/-/entities-4.5.0.tgz 4159ms (cache miss)
npm http fetch GET 200 https://registry.npmjs.com/string-width/-/string-width-4.2.3.tgz 4166ms (cache miss)
npm http fetch GET 200 https://registry.npmjs.com/picomatch/-/picomatch-2.3.2.tgz 4212ms (cache miss)
npm http fetch GET 200 https://registry.npmjs.com/debug/-/debug-4.4.3.tgz 4224ms (cache miss)
npm http fetch GET 200 https://registry.npmjs.com/esbuild/-/esbuild-0.25.12.tgz 4282ms (cache miss)
npm http fetch GET 200 https://registry.npmjs.com/@esbuild/linux-arm64/-/linux-arm64-0.25.12.tgz 4301ms (cache miss)
npm http fetch GET 200 https://registry.npmjs.com/@astrojs/markdown-remark/-/markdown-remark-6.3.11.tgz 4430ms (cache miss)
npm http fetch GET 200 https://registry.npmjs.com/ansi-regex/-/ansi-regex-5.0.1.tgz 4437ms (cache miss)
npm http fetch GET 200 https://registry.npmjs.com/emoji-regex/-/emoji-regex-8.0.0.tgz 4437ms (cache miss)
npm http fetch GET 200 https://registry.npmjs.com/@oslojs/encoding/-/encoding-1.1.0.tgz 4463ms (cache miss)
npm http fetch GET 200 https://registry.npmjs.com/@types/estree/-/estree-1.0.8.tgz 4472ms (cache miss)
npm http fetch GET 200 https://registry.npmjs.com/aria-query/-/aria-query-5.3.2.tgz 4483ms (cache miss)
npm http fetch GET 200 https://registry.npmjs.com/axobject-query/-/axobject-query-4.1.0.tgz 4508ms (cache miss)
npm http fetch GET 200 https://registry.npmjs.com/estree-walker/-/estree-walker-2.0.2.tgz 4588ms (cache miss)
npm http fetch GET 200 https://registry.npmjs.com/zod/-/zod-3.25.76.tgz 4592ms (cache miss)
npm http fetch GET 200 https://registry.npmjs.com/@astrojs/compiler/-/compiler-2.13.1.tgz 4622ms (cache miss)
npm http fetch GET 200 https://registry.npmjs.com/strip-ansi/-/strip-ansi-6.0.1.tgz 4686ms (cache miss)
npm http fetch GET 200 https://registry.npmjs.com/astro/-/astro-5.18.1.tgz 4993ms (cache miss)

added 278 packages in 2m
