npm http fetch GET 200 https://npm.pkg.github.com/vltsandbox/astro 647ms (cache miss)
npm http fetch GET 200 https://npm.pkg.github.com/vltsandbox/dlv 180ms (cache miss)
npm http fetch GET 200 https://npm.pkg.github.com/vltsandbox/diff 197ms (cache miss)
npm http fetch GET 200 https://npm.pkg.github.com/vltsandbox/zod 408ms (cache miss)
npm http fetch GET 200 https://npm.pkg.github.com/vltsandbox/clsx 428ms (cache miss)
npm http fetch GET 200 https://npm.pkg.github.com/vltsandbox/dset 213ms (cache miss)
npm http fetch GET 200 https://npm.pkg.github.com/vltsandbox/svgo 364ms (cache miss)
npm http fetch GET 200 https://npm.pkg.github.com/vltsandbox/acorn 416ms (cache miss)
npm http fetch GET 200 https://npm.pkg.github.com/vltsandbox/debug 206ms (cache miss)
npm http fetch GET 200 https://npm.pkg.github.com/vltsandbox/boxen 502ms (cache miss)
npm http fetch GET 200 https://npm.pkg.github.com/vltsandbox/vfile 178ms (cache miss)
npm http fetch GET 200 https://npm.pkg.github.com/vltsandbox/shiki 278ms (cache miss)
npm http fetch GET 200 https://npm.pkg.github.com/vltsandbox/cookie 173ms (cache miss)
npm http fetch GET 200 https://npm.pkg.github.com/vltsandbox/cssesc 182ms (cache miss)
npm http fetch GET 200 https://npm.pkg.github.com/vltsandbox/mrmime 147ms (cache miss)
npm http fetch GET 200 https://npm.pkg.github.com/vltsandbox/rehype 201ms (cache miss)
npm http fetch GET 200 https://npm.pkg.github.com/vltsandbox/vitefu 367ms (cache miss)
npm http fetch GET 200 https://npm.pkg.github.com/vltsandbox/semver 517ms (cache miss)
npm http fetch GET 200 https://npm.pkg.github.com/vltsandbox/vite 2004ms (cache miss)
npm http fetch GET 200 https://npm.pkg.github.com/vltsandbox/ci-info 297ms (cache miss)
npm http fetch GET 200 https://npm.pkg.github.com/vltsandbox/devalue 259ms (cache miss)
npm http fetch GET 200 https://npm.pkg.github.com/vltsandbox/fontace 165ms (cache miss)
npm http fetch GET 200 https://npm.pkg.github.com/vltsandbox/esbuild 404ms (cache miss)
npm http fetch GET 200 https://npm.pkg.github.com/vltsandbox/flattie 480ms (cache miss)
npm http fetch GET 200 https://npm.pkg.github.com/vltsandbox/p-limit 207ms (cache miss)
npm http fetch GET 200 https://npm.pkg.github.com/vltsandbox/js-yaml 467ms (cache miss)
npm http fetch GET 200 https://npm.pkg.github.com/vltsandbox/p-queue 394ms (cache miss)
npm http fetch GET 200 https://npm.pkg.github.com/vltsandbox/prompts 269ms (cache miss)
npm http fetch GET 200 https://npm.pkg.github.com/vltsandbox/unifont 262ms (cache miss)
npm http fetch GET 200 https://npm.pkg.github.com/vltsandbox/tinyexec 178ms (cache miss)
npm http fetch GET 200 https://npm.pkg.github.com/vltsandbox/magicast 247ms (cache miss)
npm http fetch GET 200 https://npm.pkg.github.com/vltsandbox/tsconfck 211ms (cache miss)
npm http fetch GET 200 https://npm.pkg.github.com/vltsandbox/piccolore 197ms (cache miss)
npm http fetch GET 200 https://npm.pkg.github.com/vltsandbox/smol-toml 220ms (cache miss)
npm http fetch GET 200 https://npm.pkg.github.com/vltsandbox/ultrahtml 173ms (cache miss)
npm http fetch GET 200 https://npm.pkg.github.com/vltsandbox/picomatch 415ms (cache miss)
npm http fetch GET 200 https://npm.pkg.github.com/vltsandbox/unstorage 281ms (cache miss)
npm http fetch GET 200 https://npm.pkg.github.com/vltsandbox/aria-query 212ms (cache miss)
npm http fetch GET 200 https://npm.pkg.github.com/vltsandbox/zod-to-ts 332ms (cache miss)
npm http fetch GET 200 https://npm.pkg.github.com/vltsandbox/tinyglobby 156ms (cache miss)
npm http fetch GET 200 https://npm.pkg.github.com/vltsandbox/neotraverse 162ms (cache miss)
npm http fetch GET 200 https://npm.pkg.github.com/vltsandbox/xxhash-wasm 161ms (cache miss)
npm http fetch GET 200 https://npm.pkg.github.com/vltsandbox/html-escaper 172ms (cache miss)
npm http fetch GET 200 https://npm.pkg.github.com/vltsandbox/magic-string 275ms (cache miss)
npm http fetch GET 200 https://npm.pkg.github.com/vltsandbox/estree-walker 230ms (cache miss)
npm http fetch GET 200 https://npm.pkg.github.com/vltsandbox/yargs-parser 272ms (cache miss)
npm http fetch GET 200 https://npm.pkg.github.com/vltsandbox/yocto-spinner 162ms (cache miss)
npm http fetch GET 200 https://npm.pkg.github.com/vltsandbox/axobject-query 200ms (cache miss)
npm http fetch GET 200 https://npm.pkg.github.com/vltsandbox/github-slugger 205ms (cache miss)
npm http fetch GET 200 https://npm.pkg.github.com/vltsandbox/unist-util-visit 189ms (cache miss)
npm http fetch GET 200 https://npm.pkg.github.com/vltsandbox/es-module-lexer 268ms (cache miss)
npm http fetch GET 200 https://npm.pkg.github.com/vltsandbox/@oslojs%2fencoding 244ms (cache miss)
npm http fetch GET 200 https://npm.pkg.github.com/vltsandbox/@astrojs%2ftelemetry 208ms (cache miss)
npm http fetch GET 200 https://npm.pkg.github.com/vltsandbox/@capsizecss%2funpack 242ms (cache miss)
npm http fetch GET 200 https://npm.pkg.github.com/vltsandbox/@astrojs%2fcompiler 353ms (cache miss)
npm http fetch GET 200 https://npm.pkg.github.com/vltsandbox/@rollup%2fpluginutils 185ms (cache miss)
npm http fetch GET 200 https://npm.pkg.github.com/vltsandbox/zod-to-json-schema 285ms (cache miss)
npm http fetch GET 200 https://npm.pkg.github.com/vltsandbox/import-meta-resolve 176ms (cache miss)
npm http fetch GET 200 https://npm.pkg.github.com/vltsandbox/http-cache-semantics 159ms (cache miss)
npm http fetch GET 200 https://npm.pkg.github.com/vltsandbox/package-manager-detector 218ms (cache miss)
npm http fetch GET 200 https://npm.pkg.github.com/vltsandbox/@astrojs%2fmarkdown-remark 553ms (cache miss)
npm http fetch GET 200 https://npm.pkg.github.com/vltsandbox/common-ancestor-path 714ms (cache miss)
npm http fetch GET 200 https://npm.pkg.github.com/vltsandbox/deterministic-object-hash 336ms (cache miss)
npm http fetch GET 200 https://npm.pkg.github.com/vltsandbox/sharp 397ms (cache miss)
npm http fetch GET 200 https://npm.pkg.github.com/vltsandbox/@astrojs%2finternal-helpers 699ms (cache miss)
npm http fetch GET 200 https://npm.pkg.github.com/vltsandbox/@types%2fnode 1342ms (cache miss)
npm http fetch GET 200 https://npm.pkg.github.com/vltsandbox/jiti 306ms (cache miss)
npm http fetch GET 200 https://npm.pkg.github.com/vltsandbox/less 535ms (cache miss)
npm http fetch GET 200 https://npm.pkg.github.com/vltsandbox/lightningcss 167ms (cache miss)
npm http fetch GET 200 https://npm.pkg.github.com/vltsandbox/sass 426ms (cache miss)
npm http fetch GET 200 https://npm.pkg.github.com/vltsandbox/sass-embedded 427ms (cache miss)
npm http fetch GET 200 https://npm.pkg.github.com/vltsandbox/stylus 162ms (cache miss)
npm http fetch GET 200 https://npm.pkg.github.com/vltsandbox/sugarss 322ms (cache miss)
npm http fetch GET 200 https://npm.pkg.github.com/vltsandbox/postcss 319ms (cache miss)
npm http fetch GET 200 https://npm.pkg.github.com/vltsandbox/terser 564ms (cache miss)
npm http fetch GET 200 https://npm.pkg.github.com/vltsandbox/tsx 339ms (cache miss)
npm http fetch GET 200 https://npm.pkg.github.com/vltsandbox/yaml 361ms (cache miss)
npm http fetch GET 200 https://npm.pkg.github.com/vltsandbox/typescript 630ms (cache miss)
npm http fetch GET 200 https://npm.pkg.github.com/vltsandbox/@azure%2fapp-configuration 412ms (cache miss)
npm http fetch GET 200 https://npm.pkg.github.com/vltsandbox/@azure%2fcosmos 1173ms (cache miss)
npm http fetch GET 200 https://npm.pkg.github.com/vltsandbox/@azure%2fdata-tables 340ms (cache miss)
npm http fetch GET 200 https://npm.pkg.github.com/vltsandbox/@azure%2fidentity 1559ms (cache miss)
npm http fetch GET 200 https://npm.pkg.github.com/vltsandbox/@azure%2fkeyvault-secrets 746ms (cache miss)
npm http fetch GET 200 https://npm.pkg.github.com/vltsandbox/@azure%2fstorage-blob 2656ms (cache miss)
npm http fetch GET 200 https://npm.pkg.github.com/vltsandbox/@capacitor%2fpreferences 617ms (cache miss)
npm http fetch GET 200 https://npm.pkg.github.com/vltsandbox/@capacitor%2fcore 554ms (cache miss)
npm http fetch GET 200 https://npm.pkg.github.com/vltsandbox/@deno%2fkv 207ms (cache miss)
npm http fetch GET 200 https://npm.pkg.github.com/vltsandbox/@netlify%2fblobs 457ms (cache miss)
npm http fetch GET 200 https://npm.pkg.github.com/vltsandbox/@planetscale%2fdatabase 209ms (cache miss)
npm http fetch GET 200 https://npm.pkg.github.com/vltsandbox/@upstash%2fredis 522ms (cache miss)
npm http fetch GET 200 https://npm.pkg.github.com/vltsandbox/@vercel%2fblob 449ms (cache miss)
npm http fetch GET 200 https://npm.pkg.github.com/vltsandbox/@vercel%2ffunctions 187ms (cache miss)
npm http fetch GET 200 https://npm.pkg.github.com/vltsandbox/@aws-sdk%2fcredential-provider-web-identity 1646ms (cache miss)
npm http fetch GET 200 https://npm.pkg.github.com/vltsandbox/@vercel%2fkv 625ms (cache miss)
npm http fetch GET 200 https://npm.pkg.github.com/vltsandbox/aws4fetch 165ms (cache miss)
npm http fetch GET 200 https://npm.pkg.github.com/vltsandbox/db0 247ms (cache miss)
npm http fetch GET 200 https://npm.pkg.github.com/vltsandbox/@electric-sql%2fpglite 237ms (cache miss)
npm http fetch GET 200 https://npm.pkg.github.com/vltsandbox/@libsql%2fclient 273ms (cache miss)
npm http fetch GET 200 https://npm.pkg.github.com/vltsandbox/better-sqlite3 277ms (cache miss)
npm http fetch GET 200 https://npm.pkg.github.com/vltsandbox/drizzle-orm 7048ms (cache miss)
npm http fetch GET 200 https://npm.pkg.github.com/vltsandbox/@aws-sdk%2fclient-rds-data 544ms (cache miss)
npm http fetch GET 200 https://npm.pkg.github.com/vltsandbox/@cloudflare%2fworkers-types 854ms (cache miss)
npm http fetch GET 200 https://npm.pkg.github.com/vltsandbox/@libsql%2fclient-wasm 247ms (cache miss)
npm http fetch GET 200 https://npm.pkg.github.com/vltsandbox/@neondatabase%2fserverless 219ms (cache miss)
npm http fetch GET 200 https://npm.pkg.github.com/vltsandbox/@op-engineering%2fop-sqlite 567ms (cache miss)
npm http fetch GET 200 https://npm.pkg.github.com/vltsandbox/@sqlite.org%2fsqlite-wasm 222ms (cache miss)
npm http fetch GET 200 https://npm.pkg.github.com/vltsandbox/react 689ms (cache miss)
npm http fetch GET 200 https://npm.pkg.github.com/vltsandbox/react-native 478ms (cache miss)
npm http fetch GET 200 https://npm.pkg.github.com/vltsandbox/@react-native%2fjest-preset 278ms (cache miss)
npm http fetch GET 200 https://npm.pkg.github.com/vltsandbox/@types%2freact 732ms (cache miss)
npm http fetch GET 200 https://npm.pkg.github.com/vltsandbox/@opentelemetry%2fapi 294ms (cache miss)
npm http fetch GET 200 https://npm.pkg.github.com/vltsandbox/@prisma%2fclient 2749ms (cache miss)
npm http fetch GET 200 https://npm.pkg.github.com/vltsandbox/prisma 915ms (cache miss)
npm http fetch GET 200 https://npm.pkg.github.com/vltsandbox/typescript 400ms (cache updated)
npm http fetch GET 200 https://npm.pkg.github.com/vltsandbox/@tidbcloud%2fserverless 286ms (cache miss)
npm http fetch GET 200 https://npm.pkg.github.com/vltsandbox/@types%2fbetter-sqlite3 550ms (cache miss)
npm http fetch GET 200 https://npm.pkg.github.com/vltsandbox/@types%2fpg 370ms (cache miss)
npm http fetch GET 200 https://npm.pkg.github.com/vltsandbox/@types%2fsql.js 363ms (cache miss)
npm http fetch GET 200 https://npm.pkg.github.com/vltsandbox/@vercel%2fpostgres 292ms (cache miss)
npm http fetch GET 200 https://npm.pkg.github.com/vltsandbox/@xata.io%2fclient 614ms (cache miss)
npm http fetch GET 200 https://npm.pkg.github.com/vltsandbox/bun-types 555ms (cache miss)
npm http fetch GET 200 https://npm.pkg.github.com/vltsandbox/expo-sqlite 667ms (cache miss)
npm http fetch GET 200 https://npm.pkg.github.com/vltsandbox/expo 693ms (cache miss)
npm http fetch GET 200 https://npm.pkg.github.com/vltsandbox/@expo%2fdom-webview 671ms (cache miss)
npm http fetch GET 200 https://npm.pkg.github.com/vltsandbox/@expo%2fmetro-runtime 379ms (cache miss)
npm http fetch GET 200 https://npm.pkg.github.com/vltsandbox/react-dom 491ms (cache miss)
npm http fetch GET 200 https://npm.pkg.github.com/vltsandbox/react-native-webview 710ms (cache miss)
npm http fetch GET 200 https://npm.pkg.github.com/vltsandbox/gel 171ms (cache miss)
npm http fetch GET 200 https://npm.pkg.github.com/vltsandbox/knex 358ms (cache miss)
npm http fetch GET 200 https://npm.pkg.github.com/vltsandbox/pg-query-stream 1099ms (cache miss)
npm http fetch GET 200 https://npm.pkg.github.com/vltsandbox/pg 359ms (cache miss)
npm http fetch GET 200 https://npm.pkg.github.com/vltsandbox/pg-native 217ms (cache miss)
npm http fetch GET 200 https://npm.pkg.github.com/vltsandbox/kysely 325ms (cache miss)
npm http fetch GET 200 https://npm.pkg.github.com/vltsandbox/mysql2 635ms (cache miss)
npm http fetch GET 200 https://npm.pkg.github.com/vltsandbox/@types%2fnode 657ms (cache updated)
npm http fetch GET 200 https://npm.pkg.github.com/vltsandbox/postgres 1231ms (cache miss)
npm http fetch GET 200 https://npm.pkg.github.com/vltsandbox/sql.js 473ms (cache miss)
npm http fetch GET 200 https://npm.pkg.github.com/vltsandbox/sqlite3 482ms (cache miss)
npm http fetch GET 200 https://npm.pkg.github.com/vltsandbox/idb-keyval 277ms (cache miss)
npm http fetch GET 200 https://npm.pkg.github.com/vltsandbox/ioredis 393ms (cache miss)
npm http fetch GET 200 https://npm.pkg.github.com/vltsandbox/uploadthing 397ms (cache miss)
npm http fetch GET 200 https://npm.pkg.github.com/vltsandbox/express 1381ms (cache miss)
npm http fetch GET 200 https://npm.pkg.github.com/vltsandbox/h3 486ms (cache miss)
npm http fetch GET 200 https://npm.pkg.github.com/vltsandbox/crossws 619ms (cache miss)
npm http fetch GET 200 https://npm.pkg.github.com/vltsandbox/srvx 532ms (cache miss)
npm http fetch GET 200 https://npm.pkg.github.com/vltsandbox/tailwindcss 843ms (cache miss)
npm http fetch GET 200 https://npm.pkg.github.com/vltsandbox/typescript 977ms (cache updated)
npm http fetch GET 200 https://npm.pkg.github.com/vltsandbox/rollup 426ms (cache miss)
npm http fetch GET 200 https://npm.pkg.github.com/vltsandbox/remark-gfm 215ms (cache miss)
npm http fetch GET 200 https://npm.pkg.github.com/vltsandbox/unified 218ms (cache miss)
npm http fetch GET 200 https://npm.pkg.github.com/vltsandbox/rehype-raw 278ms (cache miss)
npm http fetch GET 200 https://npm.pkg.github.com/vltsandbox/remark-parse 195ms (cache miss)
npm http fetch GET 200 https://npm.pkg.github.com/vltsandbox/@astrojs%2fprism 307ms (cache miss)
npm http fetch GET 200 https://npm.pkg.github.com/vltsandbox/rehype-stringify 187ms (cache miss)
npm http fetch GET 200 https://npm.pkg.github.com/vltsandbox/hast-util-to-text 217ms (cache miss)
npm http fetch GET 200 https://npm.pkg.github.com/vltsandbox/remark-rehype 780ms (cache miss)
npm http fetch GET 200 https://npm.pkg.github.com/vltsandbox/hast-util-from-html 265ms (cache miss)
npm http fetch GET 200 https://npm.pkg.github.com/vltsandbox/mdast-util-definitions 265ms (cache miss)
npm http fetch GET 200 https://npm.pkg.github.com/vltsandbox/unist-util-visit-parents 209ms (cache miss)
npm http fetch GET 200 https://npm.pkg.github.com/vltsandbox/remark-smartypants 870ms (cache miss)
npm http fetch GET 200 https://npm.pkg.github.com/vltsandbox/debug 238ms (cache updated)
npm http fetch GET 200 https://npm.pkg.github.com/vltsandbox/unist-util-remove-position 494ms (cache miss)
npm http fetch GET 200 https://npm.pkg.github.com/vltsandbox/ci-info 349ms (cache updated)
npm http fetch GET 200 https://npm.pkg.github.com/vltsandbox/is-docker 146ms (cache miss)
npm http fetch GET 200 https://npm.pkg.github.com/vltsandbox/is-wsl 602ms (cache miss)
npm http fetch GET 200 https://npm.pkg.github.com/vltsandbox/which-pm-runs 202ms (cache miss)
npm http fetch GET 200 https://npm.pkg.github.com/vltsandbox/@types%2festree 215ms (cache miss)
npm http fetch GET 200 https://npm.pkg.github.com/vltsandbox/estree-walker 249ms (cache updated)
npm http fetch GET 200 https://npm.pkg.github.com/vltsandbox/ansi-align 216ms (cache miss)
npm http fetch GET 200 https://npm.pkg.github.com/vltsandbox/fontkitten 716ms (cache miss)
npm http fetch GET 200 https://npm.pkg.github.com/vltsandbox/chalk 149ms (cache miss)
npm http fetch GET 200 https://npm.pkg.github.com/vltsandbox/picomatch 491ms (cache updated)
npm http fetch GET 200 https://npm.pkg.github.com/vltsandbox/camelcase 398ms (cache miss)
npm http fetch GET 200 https://npm.pkg.github.com/vltsandbox/string-width 173ms (cache miss)
npm http fetch GET 200 https://npm.pkg.github.com/vltsandbox/cli-boxes 266ms (cache miss)
npm http fetch GET 200 https://npm.pkg.github.com/vltsandbox/widest-line 336ms (cache miss)
npm http fetch GET 200 https://npm.pkg.github.com/vltsandbox/wrap-ansi 398ms (cache miss)
npm http fetch GET 200 https://npm.pkg.github.com/vltsandbox/ms 327ms (cache miss)
npm http fetch GET 200 https://npm.pkg.github.com/vltsandbox/base-64 375ms (cache miss)
npm http fetch GET 200 https://npm.pkg.github.com/vltsandbox/@esbuild%2faix-ppc64 240ms (cache miss)
npm http fetch GET 200 https://npm.pkg.github.com/vltsandbox/type-fest 1090ms (cache miss)
npm http fetch GET 200 https://npm.pkg.github.com/vltsandbox/@esbuild%2flinux-arm 342ms (cache miss)
npm http fetch GET 200 https://npm.pkg.github.com/vltsandbox/@esbuild%2fsunos-x64 335ms (cache miss)
npm http fetch GET 200 https://npm.pkg.github.com/vltsandbox/@esbuild%2flinux-x64 644ms (cache miss)
npm http fetch GET 200 https://npm.pkg.github.com/vltsandbox/@esbuild%2fwin32-x64 975ms (cache miss)
npm http fetch GET 200 https://npm.pkg.github.com/vltsandbox/@esbuild%2flinux-ia32 651ms (cache miss)
npm http fetch GET 200 https://npm.pkg.github.com/vltsandbox/@esbuild%2fnetbsd-x64 338ms (cache miss)
npm http fetch GET 200 https://npm.pkg.github.com/vltsandbox/@esbuild%2fwin32-ia32 408ms (cache miss)
npm http fetch GET 200 https://npm.pkg.github.com/vltsandbox/@esbuild%2fdarwin-x64 1213ms (cache miss)
npm http fetch GET 200 https://npm.pkg.github.com/vltsandbox/@esbuild%2fandroid-arm 230ms (cache miss)
npm http fetch GET 200 https://npm.pkg.github.com/vltsandbox/@esbuild%2flinux-arm64 241ms (cache miss)
npm http fetch GET 200 https://npm.pkg.github.com/vltsandbox/@esbuild%2fandroid-x64 593ms (cache miss)
npm http fetch GET 200 https://npm.pkg.github.com/vltsandbox/@esbuild%2flinux-s390x 194ms (cache miss)
npm http fetch GET 200 https://npm.pkg.github.com/vltsandbox/@esbuild%2ffreebsd-x64 814ms (cache miss)
npm http fetch GET 200 https://npm.pkg.github.com/vltsandbox/@esbuild%2fwin32-arm64 228ms (cache miss)
npm http fetch GET 200 https://npm.pkg.github.com/vltsandbox/@esbuild%2fopenbsd-x64 332ms (cache miss)
npm http fetch GET 200 https://npm.pkg.github.com/vltsandbox/@esbuild%2flinux-ppc64 880ms (cache miss)
npm http fetch GET 200 https://npm.pkg.github.com/vltsandbox/@esbuild%2fdarwin-arm64 331ms (cache miss)
npm http fetch GET 200 https://npm.pkg.github.com/vltsandbox/@esbuild%2fandroid-arm64 208ms (cache miss)
npm http fetch GET 200 https://npm.pkg.github.com/vltsandbox/@esbuild%2fnetbsd-arm64 356ms (cache miss)
npm http fetch GET 200 https://npm.pkg.github.com/vltsandbox/@esbuild%2flinux-loong64 347ms (cache miss)
npm http fetch GET 200 https://npm.pkg.github.com/vltsandbox/@esbuild%2ffreebsd-arm64 532ms (cache miss)
npm http fetch GET 200 https://npm.pkg.github.com/vltsandbox/@esbuild%2flinux-mips64el 238ms (cache miss)
npm http fetch GET 200 https://npm.pkg.github.com/vltsandbox/@esbuild%2flinux-riscv64 939ms (cache miss)
npm http fetch GET 200 https://npm.pkg.github.com/vltsandbox/fontkitten 427ms (cache updated)
npm http fetch GET 200 https://npm.pkg.github.com/vltsandbox/@esbuild%2fopenbsd-arm64 1063ms (cache miss)
npm http fetch GET 200 https://npm.pkg.github.com/vltsandbox/@esbuild%2fopenharmony-arm64 1082ms (cache miss)
npm http fetch GET 200 https://npm.pkg.github.com/vltsandbox/argparse 568ms (cache miss)
npm http fetch GET 200 https://npm.pkg.github.com/vltsandbox/@jridgewell%2fsourcemap-codec 536ms (cache miss)
npm http fetch GET 200 https://npm.pkg.github.com/vltsandbox/@babel%2fparser 413ms (cache miss)
npm http fetch GET 200 https://npm.pkg.github.com/vltsandbox/@babel%2ftypes 420ms (cache miss)
npm http fetch GET 200 https://npm.pkg.github.com/vltsandbox/yocto-queue 337ms (cache miss)
npm http fetch GET 200 https://npm.pkg.github.com/vltsandbox/eventemitter3 232ms (cache miss)
npm http fetch GET 200 https://npm.pkg.github.com/vltsandbox/source-map-js 870ms (cache miss)
npm http fetch GET 200 https://npm.pkg.github.com/vltsandbox/p-timeout 666ms (cache miss)
npm http fetch GET 200 https://npm.pkg.github.com/vltsandbox/kleur 369ms (cache miss)
npm http fetch GET 200 https://npm.pkg.github.com/vltsandbox/sisteransi 555ms (cache miss)
npm http fetch GET 200 https://npm.pkg.github.com/vltsandbox/rehype-parse 591ms (cache miss)
npm http fetch GET 200 https://npm.pkg.github.com/vltsandbox/@types%2fhast 732ms (cache miss)
npm http fetch GET 200 https://npm.pkg.github.com/vltsandbox/@img%2fcolour 234ms (cache miss)
npm http fetch GET 200 https://npm.pkg.github.com/vltsandbox/unified 628ms (cache updated)
npm http fetch GET 200 https://npm.pkg.github.com/vltsandbox/@img%2fsharp-wasm32 232ms (cache miss)
npm http fetch GET 200 https://npm.pkg.github.com/vltsandbox/detect-libc 922ms (cache miss)
npm http fetch GET 200 https://npm.pkg.github.com/vltsandbox/@img%2fsharp-linux-arm 418ms (cache miss)
npm http fetch GET 200 https://npm.pkg.github.com/vltsandbox/rehype-stringify 1846ms (cache updated)
npm http fetch GET 200 https://npm.pkg.github.com/vltsandbox/@img%2fsharp-win32-x64 533ms (cache miss)
npm http fetch GET 200 https://npm.pkg.github.com/vltsandbox/@img%2fsharp-darwin-x64 316ms (cache miss)
npm http fetch GET 200 https://npm.pkg.github.com/vltsandbox/@img%2fsharp-win32-ia32 183ms (cache miss)
npm http fetch GET 200 https://npm.pkg.github.com/vltsandbox/@img%2fsharp-linux-arm64 181ms (cache miss)
npm http fetch GET 200 https://npm.pkg.github.com/vltsandbox/@img%2fsharp-linux-x64 853ms (cache miss)
npm http fetch GET 200 https://npm.pkg.github.com/vltsandbox/@img%2fsharp-linux-ppc64 183ms (cache miss)
npm http fetch GET 200 https://npm.pkg.github.com/vltsandbox/@img%2fsharp-linux-s390x 224ms (cache miss)
npm http fetch GET 200 https://npm.pkg.github.com/vltsandbox/@img%2fsharp-linux-riscv64 190ms (cache miss)
npm http fetch GET 200 https://npm.pkg.github.com/vltsandbox/@img%2fsharp-win32-arm64 433ms (cache miss)
npm http fetch GET 200 https://npm.pkg.github.com/vltsandbox/@img%2fsharp-linuxmusl-x64 190ms (cache miss)
npm http fetch GET 200 https://npm.pkg.github.com/vltsandbox/@img%2fsharp-linuxmusl-arm64 376ms (cache miss)
npm http fetch GET 200 https://npm.pkg.github.com/vltsandbox/@img%2fsharp-libvips-linux-arm 282ms (cache miss)
npm http fetch GET 200 https://npm.pkg.github.com/vltsandbox/@img%2fsharp-darwin-arm64 754ms (cache miss)
npm http fetch GET 200 https://npm.pkg.github.com/vltsandbox/@img%2fsharp-libvips-linux-arm64 243ms (cache miss)
npm http fetch GET 200 https://npm.pkg.github.com/vltsandbox/@img%2fsharp-libvips-darwin-x64 542ms (cache miss)
npm http fetch GET 200 https://npm.pkg.github.com/vltsandbox/@img%2fsharp-libvips-linux-s390x 249ms (cache miss)
npm http fetch GET 200 https://npm.pkg.github.com/vltsandbox/@img%2fsharp-libvips-linux-x64 1038ms (cache miss)
npm http fetch GET 200 https://npm.pkg.github.com/vltsandbox/@img%2fsharp-libvips-linux-ppc64 896ms (cache miss)
npm http fetch GET 200 https://npm.pkg.github.com/vltsandbox/@img%2fsharp-libvips-linux-riscv64 180ms (cache miss)
npm http fetch GET 200 https://npm.pkg.github.com/vltsandbox/@img%2fsharp-libvips-linuxmusl-arm64 219ms (cache miss)
npm http fetch GET 200 https://npm.pkg.github.com/vltsandbox/@img%2fsharp-libvips-linuxmusl-x64 244ms (cache miss)
npm http fetch GET 200 https://npm.pkg.github.com/vltsandbox/@img%2fsharp-libvips-darwin-arm64 822ms (cache miss)
npm http fetch GET 200 https://npm.pkg.github.com/vltsandbox/@types%2fhast 241ms (cache updated)
npm http fetch GET 200 https://npm.pkg.github.com/vltsandbox/@shikijs%2ftypes 216ms (cache miss)
npm http fetch GET 200 https://npm.pkg.github.com/vltsandbox/@shikijs%2fcore 648ms (cache miss)
npm http fetch GET 200 https://npm.pkg.github.com/vltsandbox/@shikijs%2flangs 471ms (cache miss)
npm http fetch GET 200 https://npm.pkg.github.com/vltsandbox/@shikijs%2fthemes 252ms (cache miss)
npm http fetch GET 200 https://npm.pkg.github.com/vltsandbox/@shikijs%2fvscode-textmate 182ms (cache miss)
npm http fetch GET 200 https://npm.pkg.github.com/vltsandbox/@shikijs%2fengine-oniguruma 295ms (cache miss)
npm http fetch GET 200 https://npm.pkg.github.com/vltsandbox/@shikijs%2fengine-javascript 367ms (cache miss)
npm http fetch GET 200 https://npm.pkg.github.com/vltsandbox/css-tree 166ms (cache miss)
npm http fetch GET 200 https://npm.pkg.github.com/vltsandbox/csso 642ms (cache miss)
npm http fetch GET 200 https://npm.pkg.github.com/vltsandbox/css-what 374ms (cache miss)
npm http fetch GET 200 https://npm.pkg.github.com/vltsandbox/sax 1150ms (cache miss)
npm http fetch GET 200 https://npm.pkg.github.com/vltsandbox/css-select 466ms (cache miss)
npm http fetch GET 200 https://npm.pkg.github.com/vltsandbox/picocolors 181ms (cache miss)
npm http fetch GET 200 https://npm.pkg.github.com/vltsandbox/commander 649ms (cache miss)
npm http fetch GET 200 https://npm.pkg.github.com/vltsandbox/fdir 261ms (cache miss)
npm http fetch GET 200 https://npm.pkg.github.com/vltsandbox/css-tree 283ms (cache updated)
npm http fetch GET 200 https://npm.pkg.github.com/vltsandbox/ofetch 357ms (cache miss)
npm http fetch GET 200 https://npm.pkg.github.com/vltsandbox/@types%2funist 288ms (cache miss)
npm http fetch GET 200 https://npm.pkg.github.com/vltsandbox/unist-util-is 193ms (cache miss)
npm http fetch GET 200 https://npm.pkg.github.com/vltsandbox/ohash 471ms (cache miss)
npm http fetch GET 200 https://npm.pkg.github.com/vltsandbox/unist-util-visit-parents 240ms (cache updated)
npm http fetch GET 200 https://npm.pkg.github.com/vltsandbox/destr 252ms (cache miss)
npm http fetch GET 200 https://npm.pkg.github.com/vltsandbox/anymatch 436ms (cache miss)
npm http fetch GET 200 https://npm.pkg.github.com/vltsandbox/chokidar 564ms (cache miss)
npm http fetch GET 200 https://npm.pkg.github.com/vltsandbox/node-fetch-native 255ms (cache miss)
npm http fetch GET 200 https://npm.pkg.github.com/vltsandbox/h3 641ms (cache updated)
npm http fetch GET 200 https://npm.pkg.github.com/vltsandbox/ufo 353ms (cache miss)
npm http fetch GET 200 https://npm.pkg.github.com/vltsandbox/vfile-message 175ms (cache miss)
npm http fetch GET 200 https://npm.pkg.github.com/vltsandbox/fdir 146ms (cache updated)
npm http fetch GET 200 https://npm.pkg.github.com/vltsandbox/lru-cache 1333ms (cache miss)
npm http fetch GET 200 https://npm.pkg.github.com/vltsandbox/esbuild 485ms (cache updated)
npm http fetch GET 200 https://npm.pkg.github.com/vltsandbox/postcss 231ms (cache updated)
npm http fetch GET 200 https://npm.pkg.github.com/vltsandbox/fsevents 246ms (cache miss)
npm http fetch GET 200 https://npm.pkg.github.com/vltsandbox/yoctocolors 188ms (cache miss)
npm http fetch GET 200 https://npm.pkg.github.com/vltsandbox/rollup 1060ms (cache updated)
npm http fetch GET 200 https://npm.pkg.github.com/vltsandbox/hast-util-from-parse5 157ms (cache miss)
npm http fetch GET 200 https://npm.pkg.github.com/vltsandbox/prismjs 274ms (cache miss)
npm http fetch GET 200 https://npm.pkg.github.com/vltsandbox/devlop 424ms (cache miss)
npm http fetch GET 200 https://npm.pkg.github.com/vltsandbox/hast-util-is-element 574ms (cache miss)
npm http fetch GET 200 https://npm.pkg.github.com/vltsandbox/unist-util-find-after 500ms (cache miss)
npm http fetch GET 200 https://npm.pkg.github.com/vltsandbox/@types%2fmdast 234ms (cache miss)
npm http fetch GET 200 https://npm.pkg.github.com/vltsandbox/hast-util-raw 206ms (cache miss)
npm http fetch GET 200 https://npm.pkg.github.com/vltsandbox/parse5 982ms (cache miss)
npm http fetch GET 200 https://npm.pkg.github.com/vltsandbox/hast-util-to-html 360ms (cache miss)
npm http fetch GET 200 https://npm.pkg.github.com/vltsandbox/micromark-extension-gfm 386ms (cache miss)
npm http fetch GET 200 https://npm.pkg.github.com/vltsandbox/remark-stringify 142ms (cache miss)
npm http fetch GET 200 https://npm.pkg.github.com/vltsandbox/mdast-util-from-markdown 289ms (cache miss)
npm http fetch GET 200 https://npm.pkg.github.com/vltsandbox/mdast-util-to-hast 233ms (cache miss)
npm http fetch GET 200 https://npm.pkg.github.com/vltsandbox/micromark-util-types 540ms (cache miss)
npm http fetch GET 200 https://npm.pkg.github.com/vltsandbox/retext-smartypants 238ms (cache miss)
npm http fetch GET 200 https://npm.pkg.github.com/vltsandbox/retext 443ms (cache miss)
npm http fetch GET 200 https://npm.pkg.github.com/vltsandbox/mdast-util-gfm 1448ms (cache miss)
npm http fetch GET 200 https://npm.pkg.github.com/vltsandbox/bail 134ms (cache miss)
npm http fetch GET 200 https://npm.pkg.github.com/vltsandbox/devlop 185ms (cache updated)
npm http fetch GET 200 https://npm.pkg.github.com/vltsandbox/extend 135ms (cache miss)
npm http fetch GET 200 https://npm.pkg.github.com/vltsandbox/trough 219ms (cache miss)
npm http fetch GET 200 https://npm.pkg.github.com/vltsandbox/unified 1111ms (cache updated)
npm http fetch GET 200 https://npm.pkg.github.com/vltsandbox/is-plain-obj 1047ms (cache miss)
npm http fetch GET 200 https://npm.pkg.github.com/vltsandbox/is-inside-container 250ms (cache miss)
npm http fetch GET 200 https://npm.pkg.github.com/vltsandbox/tiny-inflate 183ms (cache miss)
npm http fetch GET 200 https://npm.pkg.github.com/vltsandbox/strip-ansi 191ms (cache miss)
npm http fetch GET 200 https://npm.pkg.github.com/vltsandbox/emoji-regex 323ms (cache miss)
npm http fetch GET 200 https://npm.pkg.github.com/vltsandbox/get-east-asian-width 294ms (cache miss)
npm http fetch GET 200 https://npm.pkg.github.com/vltsandbox/ansi-styles 236ms (cache miss)
npm http fetch GET 200 https://npm.pkg.github.com/vltsandbox/string-width 1104ms (cache updated)
npm http fetch GET 200 https://npm.pkg.github.com/vltsandbox/strip-ansi 147ms (cache updated)
npm http fetch GET 200 https://npm.pkg.github.com/vltsandbox/emoji-regex 164ms (cache updated)
npm http fetch GET 200 https://npm.pkg.github.com/vltsandbox/is-fullwidth-code-point 488ms (cache miss)
npm http fetch GET 200 https://npm.pkg.github.com/vltsandbox/dequal 161ms (cache miss)
npm http fetch GET 200 https://npm.pkg.github.com/vltsandbox/hastscript 243ms (cache miss)
npm http fetch GET 200 https://npm.pkg.github.com/vltsandbox/@types%2funist 409ms (cache updated)
npm http fetch GET 200 https://npm.pkg.github.com/vltsandbox/property-information 284ms (cache miss)
npm http fetch GET 200 https://npm.pkg.github.com/vltsandbox/entities 170ms (cache miss)
npm http fetch GET 200 https://npm.pkg.github.com/vltsandbox/web-namespaces 603ms (cache miss)
npm http fetch GET 200 https://npm.pkg.github.com/vltsandbox/vfile-location 878ms (cache miss)
npm http fetch GET 200 https://npm.pkg.github.com/vltsandbox/unist-util-stringify-position 792ms (cache miss)
npm http fetch GET 200 https://npm.pkg.github.com/vltsandbox/comma-separated-tokens 401ms (cache miss)
npm http fetch GET 200 https://npm.pkg.github.com/vltsandbox/space-separated-tokens 480ms (cache miss)
npm http fetch GET 200 https://npm.pkg.github.com/vltsandbox/hast-util-parse-selector 539ms (cache miss)
npm http fetch GET 200 https://npm.pkg.github.com/vltsandbox/@babel%2fhelper-validator-identifier 218ms (cache miss)
npm http fetch GET 200 https://npm.pkg.github.com/vltsandbox/@babel%2fhelper-string-parser 516ms (cache miss)
npm http fetch GET 200 https://npm.pkg.github.com/vltsandbox/html-void-elements 165ms (cache miss)
npm http fetch GET 200 https://npm.pkg.github.com/vltsandbox/@ungap%2fstructured-clone 293ms (cache miss)
npm http fetch GET 200 https://npm.pkg.github.com/vltsandbox/hast-util-to-parse5 335ms (cache miss)
npm http fetch GET 200 https://npm.pkg.github.com/vltsandbox/unist-util-position 188ms (cache miss)
npm http fetch GET 200 https://npm.pkg.github.com/vltsandbox/zwitch 176ms (cache miss)
npm http fetch GET 200 https://npm.pkg.github.com/vltsandbox/trim-lines 148ms (cache miss)
npm http fetch GET 200 https://npm.pkg.github.com/vltsandbox/micromark-util-sanitize-uri 154ms (cache miss)
npm http fetch GET 200 https://npm.pkg.github.com/vltsandbox/micromark-util-encode 147ms (cache miss)
npm http fetch GET 200 https://npm.pkg.github.com/vltsandbox/micromark-util-character 182ms (cache miss)
npm http fetch GET 200 https://npm.pkg.github.com/vltsandbox/micromark-util-symbol 273ms (cache miss)
npm http fetch GET 200 https://npm.pkg.github.com/vltsandbox/stringify-entities 204ms (cache miss)
npm http fetch GET 200 https://npm.pkg.github.com/vltsandbox/ccount 414ms (cache miss)
npm http fetch GET 200 https://npm.pkg.github.com/vltsandbox/hast-util-whitespace 1391ms (cache miss)
npm http fetch GET 200 https://npm.pkg.github.com/vltsandbox/character-entities-legacy 1279ms (cache miss)
npm http fetch GET 200 https://npm.pkg.github.com/vltsandbox/character-entities-html4 1626ms (cache miss)
npm http fetch GET 200 https://npm.pkg.github.com/vltsandbox/mdast-util-gfm-autolink-literal 176ms (cache miss)
npm http fetch GET 200 https://npm.pkg.github.com/vltsandbox/mdast-util-gfm-footnote 187ms (cache miss)
npm http fetch GET 200 https://npm.pkg.github.com/vltsandbox/mdast-util-gfm-strikethrough 443ms (cache miss)
npm http fetch GET 200 https://npm.pkg.github.com/vltsandbox/mdast-util-gfm-task-list-item 520ms (cache miss)
npm http fetch GET 200 https://npm.pkg.github.com/vltsandbox/mdast-util-to-markdown 267ms (cache miss)
npm http fetch GET 200 https://npm.pkg.github.com/vltsandbox/mdast-util-gfm-table 728ms (cache miss)
npm http fetch GET 200 https://npm.pkg.github.com/vltsandbox/micromark-extension-gfm-autolink-literal 211ms (cache miss)
npm http fetch GET 200 https://npm.pkg.github.com/vltsandbox/micromark-extension-gfm-footnote 233ms (cache miss)
npm http fetch GET 200 https://npm.pkg.github.com/vltsandbox/micromark-extension-gfm-strikethrough 159ms (cache miss)
npm http fetch GET 200 https://npm.pkg.github.com/vltsandbox/micromark-extension-gfm-tagfilter 151ms (cache miss)
npm http fetch GET 200 https://npm.pkg.github.com/vltsandbox/micromark-extension-gfm-table 247ms (cache miss)
npm http fetch GET 200 https://npm.pkg.github.com/vltsandbox/micromark-util-combine-extensions 151ms (cache miss)
npm http fetch GET 200 https://npm.pkg.github.com/vltsandbox/micromark-extension-gfm-task-list-item 238ms (cache miss)
npm http fetch GET 200 https://npm.pkg.github.com/vltsandbox/decode-named-character-reference 231ms (cache miss)
npm http fetch GET 200 https://npm.pkg.github.com/vltsandbox/micromark 345ms (cache miss)
npm http fetch GET 200 https://npm.pkg.github.com/vltsandbox/micromark-util-decode-numeric-character-reference 381ms (cache miss)
npm http fetch GET 200 https://npm.pkg.github.com/vltsandbox/micromark-util-normalize-identifier 180ms (cache miss)
npm http fetch GET 200 https://npm.pkg.github.com/vltsandbox/mdast-util-to-string 860ms (cache miss)
npm http fetch GET 200 https://npm.pkg.github.com/vltsandbox/micromark-util-decode-string 658ms (cache miss)
npm http fetch GET 200 https://npm.pkg.github.com/vltsandbox/markdown-table 187ms (cache miss)
npm http fetch GET 200 https://npm.pkg.github.com/vltsandbox/mdast-util-find-and-replace 366ms (cache miss)
npm http fetch GET 200 https://npm.pkg.github.com/vltsandbox/longest-streak 183ms (cache miss)
npm http fetch GET 200 https://npm.pkg.github.com/vltsandbox/mdast-util-phrasing 302ms (cache miss)
npm http fetch GET 200 https://npm.pkg.github.com/vltsandbox/micromark-util-classify-character 207ms (cache miss)
npm http fetch GET 200 https://npm.pkg.github.com/vltsandbox/micromark-core-commonmark 162ms (cache miss)
npm http fetch GET 200 https://npm.pkg.github.com/vltsandbox/micromark-factory-space 221ms (cache miss)
npm http fetch GET 200 https://npm.pkg.github.com/vltsandbox/micromark-util-chunked 187ms (cache miss)
npm http fetch GET 200 https://npm.pkg.github.com/vltsandbox/@types%2fdebug 589ms (cache miss)
npm http fetch GET 200 https://npm.pkg.github.com/vltsandbox/character-entities 594ms (cache miss)
npm http fetch GET 200 https://npm.pkg.github.com/vltsandbox/micromark-util-subtokenize 176ms (cache miss)
npm http fetch GET 200 https://npm.pkg.github.com/vltsandbox/micromark-util-resolve-all 201ms (cache miss)
npm http fetch GET 200 https://npm.pkg.github.com/vltsandbox/escape-string-regexp 190ms (cache miss)
npm http fetch GET 200 https://npm.pkg.github.com/vltsandbox/micromark-factory-destination 195ms (cache miss)
npm http fetch GET 200 https://npm.pkg.github.com/vltsandbox/@types%2fms 353ms (cache miss)
npm http fetch GET 200 https://npm.pkg.github.com/vltsandbox/micromark-factory-label 400ms (cache miss)
npm http fetch GET 200 https://npm.pkg.github.com/vltsandbox/micromark-factory-title 210ms (cache miss)
npm http fetch GET 200 https://npm.pkg.github.com/vltsandbox/micromark-util-html-tag-name 194ms (cache miss)
npm http fetch GET 200 https://npm.pkg.github.com/vltsandbox/micromark-factory-whitespace 688ms (cache miss)
npm http fetch GET 200 https://npm.pkg.github.com/vltsandbox/retext-latin 141ms (cache miss)
npm http fetch GET 200 https://npm.pkg.github.com/vltsandbox/retext-stringify 174ms (cache miss)
npm http fetch GET 200 https://npm.pkg.github.com/vltsandbox/@types%2fnlcst 193ms (cache miss)
npm http fetch GET 200 https://npm.pkg.github.com/vltsandbox/nlcst-to-string 219ms (cache miss)
npm http fetch GET 200 https://npm.pkg.github.com/vltsandbox/@types%2fnlcst 307ms (cache miss)
npm http fetch GET 200 https://npm.pkg.github.com/vltsandbox/parse-latin 607ms (cache miss)
npm http fetch GET 200 https://npm.pkg.github.com/vltsandbox/unist-util-visit-children 150ms (cache miss)
npm http fetch GET 200 https://npm.pkg.github.com/vltsandbox/unist-util-modify-children 241ms (cache miss)
npm http fetch GET 200 https://npm.pkg.github.com/vltsandbox/array-iterate 245ms (cache miss)
npm http fetch GET 200 https://npm.pkg.github.com/vltsandbox/@emnapi%2fruntime 246ms (cache miss)
npm http fetch GET 200 https://npm.pkg.github.com/vltsandbox/tslib 167ms (cache miss)
npm http fetch GET 200 https://npm.pkg.github.com/vltsandbox/oniguruma-to-es 445ms (cache miss)
npm http fetch GET 200 https://npm.pkg.github.com/vltsandbox/regex-recursion 159ms (cache miss)
npm http fetch GET 200 https://npm.pkg.github.com/vltsandbox/oniguruma-parser 165ms (cache miss)
npm http fetch GET 200 https://npm.pkg.github.com/vltsandbox/regex 241ms (cache miss)
npm http fetch GET 200 https://npm.pkg.github.com/vltsandbox/regex-utilities 445ms (cache miss)
npm http fetch GET 200 https://npm.pkg.github.com/vltsandbox/regex-utilities 563ms (cache miss)
npm http fetch GET 200 https://npm.pkg.github.com/vltsandbox/ansi-regex 438ms (cache miss)
npm http fetch GET 200 https://npm.pkg.github.com/vltsandbox/nth-check 191ms (cache miss)
npm http fetch GET 200 https://npm.pkg.github.com/vltsandbox/domutils 277ms (cache miss)
npm http fetch GET 200 https://npm.pkg.github.com/vltsandbox/domhandler 243ms (cache miss)
npm http fetch GET 200 https://npm.pkg.github.com/vltsandbox/css-tree 301ms (cache updated)
npm http fetch GET 200 https://npm.pkg.github.com/vltsandbox/boolbase 780ms (cache miss)
npm http fetch GET 200 https://npm.pkg.github.com/vltsandbox/mdn-data 859ms (cache miss)
npm http fetch GET 200 https://npm.pkg.github.com/vltsandbox/domelementtype 229ms (cache miss)
npm http fetch GET 200 https://npm.pkg.github.com/vltsandbox/dom-serializer 236ms (cache miss)
npm http fetch GET 200 https://npm.pkg.github.com/vltsandbox/domelementtype 276ms (cache miss)
npm http fetch GET 200 https://npm.pkg.github.com/vltsandbox/mdn-data 313ms (cache updated)
npm http fetch GET 200 https://npm.pkg.github.com/vltsandbox/entities 283ms (cache updated)
npm http fetch GET 200 https://npm.pkg.github.com/vltsandbox/picomatch 202ms (cache updated)
npm http fetch GET 200 https://npm.pkg.github.com/vltsandbox/ufo 284ms (cache updated)
npm http fetch GET 200 https://npm.pkg.github.com/vltsandbox/picomatch 340ms (cache updated)
npm http fetch GET 200 https://npm.pkg.github.com/vltsandbox/normalize-path 393ms (cache miss)
npm http fetch GET 200 https://npm.pkg.github.com/vltsandbox/readdirp 518ms (cache miss)
npm http fetch GET 200 https://npm.pkg.github.com/vltsandbox/defu 378ms (cache miss)
npm http fetch GET 200 https://npm.pkg.github.com/vltsandbox/uncrypto 184ms (cache miss)
npm http fetch GET 200 https://npm.pkg.github.com/vltsandbox/radix3 611ms (cache miss)
npm http fetch GET 200 https://npm.pkg.github.com/vltsandbox/crossws 560ms (cache updated)
npm http fetch GET 200 https://npm.pkg.github.com/vltsandbox/cookie-es 223ms (cache miss)
npm http fetch GET 200 https://npm.pkg.github.com/vltsandbox/iron-webcrypto 273ms (cache miss)
npm http fetch GET 200 https://npm.pkg.github.com/vltsandbox/node-mock-http 804ms (cache miss)
npm http fetch GET 200 https://npm.pkg.github.com/vltsandbox/@esbuild%2faix-ppc64 195ms (cache updated)
npm http fetch GET 200 https://npm.pkg.github.com/vltsandbox/@esbuild%2flinux-x64 199ms (cache updated)
npm http fetch GET 200 https://npm.pkg.github.com/vltsandbox/@esbuild%2flinux-arm 282ms (cache updated)
npm http fetch GET 200 https://npm.pkg.github.com/vltsandbox/@esbuild%2fsunos-x64 615ms (cache updated)
npm http fetch GET 200 https://npm.pkg.github.com/vltsandbox/@esbuild%2fwin32-x64 683ms (cache updated)
npm http fetch GET 200 https://npm.pkg.github.com/vltsandbox/@esbuild%2fnetbsd-x64 248ms (cache updated)
npm http fetch GET 200 https://npm.pkg.github.com/vltsandbox/@esbuild%2flinux-ia32 351ms (cache updated)
npm http fetch GET 200 https://npm.pkg.github.com/vltsandbox/@esbuild%2fwin32-ia32 313ms (cache updated)
npm http fetch GET 200 https://npm.pkg.github.com/vltsandbox/@esbuild%2fandroid-arm 490ms (cache updated)
npm http fetch GET 200 https://npm.pkg.github.com/vltsandbox/@esbuild%2fandroid-x64 219ms (cache updated)
npm http fetch GET 200 https://npm.pkg.github.com/vltsandbox/@esbuild%2fdarwin-x64 1420ms (cache updated)
npm http fetch GET 200 https://npm.pkg.github.com/vltsandbox/@esbuild%2flinux-arm64 275ms (cache updated)
npm http fetch GET 200 https://npm.pkg.github.com/vltsandbox/@esbuild%2flinux-ppc64 489ms (cache updated)
npm http fetch GET 200 https://npm.pkg.github.com/vltsandbox/@esbuild%2flinux-s390x 283ms (cache updated)
npm http fetch GET 200 https://npm.pkg.github.com/vltsandbox/@esbuild%2fopenbsd-x64 332ms (cache updated)
npm http fetch GET 200 https://npm.pkg.github.com/vltsandbox/@esbuild%2fwin32-arm64 601ms (cache updated)
npm http fetch GET 200 https://npm.pkg.github.com/vltsandbox/@esbuild%2fdarwin-arm64 384ms (cache updated)
npm http fetch GET 200 https://npm.pkg.github.com/vltsandbox/@esbuild%2fnetbsd-arm64 217ms (cache updated)
npm http fetch GET 200 https://npm.pkg.github.com/vltsandbox/@esbuild%2fandroid-arm64 250ms (cache updated)
npm http fetch GET 200 https://npm.pkg.github.com/vltsandbox/@esbuild%2ffreebsd-x64 1529ms (cache updated)
npm http fetch GET 200 https://npm.pkg.github.com/vltsandbox/@esbuild%2flinux-riscv64 189ms (cache updated)
npm http fetch GET 200 https://npm.pkg.github.com/vltsandbox/@esbuild%2flinux-loong64 344ms (cache updated)
npm http fetch GET 200 https://npm.pkg.github.com/vltsandbox/@esbuild%2flinux-mips64el 511ms (cache updated)
npm http fetch GET 200 https://npm.pkg.github.com/vltsandbox/@esbuild%2fopenbsd-arm64 649ms (cache updated)
npm http fetch GET 200 https://npm.pkg.github.com/vltsandbox/@esbuild%2fopenharmony-arm64 398ms (cache updated)
npm http fetch GET 200 https://npm.pkg.github.com/vltsandbox/nanoid 485ms (cache miss)
npm http fetch GET 200 https://npm.pkg.github.com/vltsandbox/@rollup%2frollup-darwin-arm64 344ms (cache miss)
npm http fetch GET 200 https://npm.pkg.github.com/vltsandbox/@esbuild%2ffreebsd-arm64 1899ms (cache updated)
npm http fetch GET 200 https://npm.pkg.github.com/vltsandbox/@rollup%2frollup-android-arm64 287ms (cache miss)
npm http fetch GET 200 https://npm.pkg.github.com/vltsandbox/@rollup%2frollup-win32-arm64-msvc 207ms (cache miss)
npm http fetch GET 200 https://npm.pkg.github.com/vltsandbox/@rollup%2frollup-freebsd-arm64 181ms (cache miss)
npm http fetch GET 200 https://npm.pkg.github.com/vltsandbox/@rollup%2frollup-linux-arm64-gnu 331ms (cache miss)
npm http fetch GET 200 https://npm.pkg.github.com/vltsandbox/@rollup%2frollup-linux-arm64-musl 199ms (cache miss)
npm http fetch GET 200 https://npm.pkg.github.com/vltsandbox/@rollup%2frollup-linux-arm-gnueabihf 190ms (cache miss)
npm http fetch GET 200 https://npm.pkg.github.com/vltsandbox/@types%2festree 1362ms (cache updated)
npm http fetch GET 200 https://npm.pkg.github.com/vltsandbox/@rollup%2frollup-android-arm-eabi 306ms (cache miss)
npm http fetch GET 200 https://npm.pkg.github.com/vltsandbox/@rollup%2frollup-win32-ia32-msvc 238ms (cache miss)
npm http fetch GET 200 https://npm.pkg.github.com/vltsandbox/@rollup%2frollup-linux-loong64-gnu 233ms (cache miss)
npm http fetch GET 200 https://npm.pkg.github.com/vltsandbox/@rollup%2frollup-linux-loong64-musl 175ms (cache miss)
npm http fetch GET 200 https://npm.pkg.github.com/vltsandbox/@rollup%2frollup-linux-riscv64-gnu 198ms (cache miss)
npm http fetch GET 200 https://npm.pkg.github.com/vltsandbox/@rollup%2frollup-linux-ppc64-gnu 198ms (cache miss)
npm http fetch GET 200 https://npm.pkg.github.com/vltsandbox/@rollup%2frollup-linux-ppc64-musl 185ms (cache miss)
npm http fetch GET 200 https://npm.pkg.github.com/vltsandbox/@rollup%2frollup-linux-s390x-gnu 187ms (cache miss)
npm http fetch GET 200 https://npm.pkg.github.com/vltsandbox/@rollup%2frollup-linux-riscv64-musl 669ms (cache miss)
npm http fetch GET 200 https://npm.pkg.github.com/vltsandbox/@rollup%2frollup-win32-x64-gnu 276ms (cache miss)
npm http fetch GET 200 https://npm.pkg.github.com/vltsandbox/@rollup%2frollup-linux-arm-musleabihf 1506ms (cache miss)
npm http fetch GET 200 https://npm.pkg.github.com/vltsandbox/@rollup%2frollup-win32-x64-msvc 290ms (cache miss)
npm http fetch GET 200 https://npm.pkg.github.com/vltsandbox/@rollup%2frollup-freebsd-x64 400ms (cache miss)
npm http fetch GET 200 https://npm.pkg.github.com/vltsandbox/@rollup%2frollup-linux-x64-gnu 224ms (cache miss)
npm http fetch GET 200 https://npm.pkg.github.com/vltsandbox/@rollup%2frollup-darwin-x64 884ms (cache miss)
npm http fetch GET 200 https://npm.pkg.github.com/vltsandbox/@rollup%2frollup-openharmony-arm64 172ms (cache miss)
npm http fetch GET 200 https://npm.pkg.github.com/vltsandbox/@rollup%2frollup-openbsd-x64 323ms (cache miss)
npm http fetch GET 200 https://npm.pkg.github.com/vltsandbox/@rollup%2frollup-linux-x64-musl 758ms (cache miss)
npm http fetch GET 200 https://npm.pkg.github.com/vltsandbox/ansi-regex 186ms (cache updated)
npm http fetch GET 200 https://registry.npmjs.com/is-fullwidth-code-point/-/is-fullwidth-code-point-3.0.0.tgz 260ms (cache miss)
npm http fetch GET 200 https://registry.npmjs.com/yoctocolors/-/yoctocolors-2.1.2.tgz 262ms (cache miss)
npm http fetch GET 200 https://registry.npmjs.com/ansi-styles/-/ansi-styles-6.2.3.tgz 279ms (cache miss)
npm http fetch GET 200 https://registry.npmjs.com/cookie-es/-/cookie-es-1.2.3.tgz 337ms (cache miss)
npm http fetch GET 200 https://registry.npmjs.com/uncrypto/-/uncrypto-0.1.3.tgz 373ms (cache miss)
npm http fetch GET 200 https://registry.npmjs.com/readdirp/-/readdirp-5.0.0.tgz 373ms (cache miss)
npm http fetch GET 200 https://registry.npmjs.com/iron-webcrypto/-/iron-webcrypto-1.2.1.tgz 404ms (cache miss)
npm http fetch GET 200 https://registry.npmjs.com/radix3/-/radix3-1.1.2.tgz 411ms (cache miss)
npm http fetch GET 200 https://registry.npmjs.com/normalize-path/-/normalize-path-3.0.0.tgz 414ms (cache miss)
npm http fetch GET 200 https://registry.npmjs.com/h3/-/h3-1.15.11.tgz 415ms (cache miss)
npm http fetch GET 200 https://registry.npmjs.com/anymatch/-/anymatch-3.1.3.tgz 430ms (cache miss)
npm http fetch GET 200 https://registry.npmjs.com/defu/-/defu-6.1.7.tgz 435ms (cache miss)
npm http fetch GET 200 https://registry.npmjs.com/array-iterate/-/array-iterate-2.0.1.tgz 442ms (cache miss)
npm http fetch GET 200 https://registry.npmjs.com/postcss/-/postcss-8.5.15.tgz 448ms (cache miss)
npm http fetch GET 200 https://registry.npmjs.com/node-mock-http/-/node-mock-http-1.0.4.tgz 456ms (cache miss)
npm http fetch GET 200 https://registry.npmjs.com/crossws/-/crossws-0.3.5.tgz 462ms (cache miss)
npm http fetch GET 200 https://registry.npmjs.com/ufo/-/ufo-1.6.4.tgz 462ms (cache miss)
npm http fetch GET 200 https://registry.npmjs.com/rollup/-/rollup-4.60.4.tgz 467ms (cache miss)
npm http fetch GET 200 https://registry.npmjs.com/nanoid/-/nanoid-3.3.12.tgz 523ms (cache miss)
npm http fetch GET 200 https://registry.npmjs.com/@rollup/rollup-linux-arm64-gnu/-/rollup-linux-arm64-gnu-4.60.4.tgz 533ms (cache miss)
npm http fetch GET 200 https://registry.npmjs.com/fdir/-/fdir-6.5.0.tgz 542ms (cache miss)
npm http fetch GET 200 https://registry.npmjs.com/trough/-/trough-2.2.0.tgz 586ms (cache miss)
npm http fetch GET 200 https://registry.npmjs.com/destr/-/destr-2.0.5.tgz 590ms (cache miss)
npm http fetch GET 200 https://registry.npmjs.com/lru-cache/-/lru-cache-11.5.0.tgz 609ms (cache miss)
npm http fetch GET 200 https://registry.npmjs.com/extend/-/extend-3.0.2.tgz 678ms (cache miss)
npm http fetch GET 200 https://registry.npmjs.com/domhandler/-/domhandler-5.0.3.tgz 680ms (cache miss)
npm http fetch GET 200 https://registry.npmjs.com/nth-check/-/nth-check-2.1.1.tgz 684ms (cache miss)
npm http fetch GET 200 https://registry.npmjs.com/boolbase/-/boolbase-1.0.0.tgz 716ms (cache miss)
npm http fetch GET 200 https://registry.npmjs.com/dom-serializer/-/dom-serializer-2.0.0.tgz 728ms (cache miss)
npm http fetch GET 200 https://registry.npmjs.com/is-plain-obj/-/is-plain-obj-4.1.0.tgz 731ms (cache miss)
npm http fetch GET 200 https://registry.npmjs.com/domelementtype/-/domelementtype-2.3.0.tgz 731ms (cache miss)
npm http fetch GET 200 https://registry.npmjs.com/ohash/-/ohash-2.0.11.tgz 734ms (cache miss)
npm http fetch GET 200 https://registry.npmjs.com/node-fetch-native/-/node-fetch-native-1.6.7.tgz 736ms (cache miss)
npm http fetch GET 200 https://registry.npmjs.com/domutils/-/domutils-3.2.2.tgz 750ms (cache miss)
npm http fetch GET 200 https://registry.npmjs.com/mdn-data/-/mdn-data-2.27.1.tgz 760ms (cache miss)
npm http fetch GET 200 https://registry.npmjs.com/picocolors/-/picocolors-1.1.1.tgz 778ms (cache miss)
npm http fetch GET 200 https://registry.npmjs.com/chokidar/-/chokidar-5.0.0.tgz 786ms (cache miss)
npm http fetch GET 200 https://registry.npmjs.com/bail/-/bail-2.0.2.tgz 798ms (cache miss)
npm http fetch GET 200 https://registry.npmjs.com/css-what/-/css-what-6.2.2.tgz 806ms (cache miss)
npm http fetch GET 200 https://registry.npmjs.com/ofetch/-/ofetch-1.5.1.tgz 818ms (cache miss)
npm http fetch GET 200 https://registry.npmjs.com/character-entities-html4/-/character-entities-html4-2.1.0.tgz 844ms (cache miss)
npm http fetch GET 200 https://registry.npmjs.com/get-east-asian-width/-/get-east-asian-width-1.6.0.tgz 850ms (cache miss)
npm http fetch GET 200 https://registry.npmjs.com/css-select/-/css-select-5.2.2.tgz 871ms (cache miss)
npm http fetch GET 200 https://registry.npmjs.com/ansi-regex/-/ansi-regex-6.2.2.tgz 879ms (cache miss)
npm http fetch GET 200 https://registry.npmjs.com/commander/-/commander-11.1.0.tgz 885ms (cache miss)
npm http fetch GET 200 https://registry.npmjs.com/sax/-/sax-1.6.0.tgz 916ms (cache miss)
npm http fetch GET 200 https://registry.npmjs.com/css-tree/-/css-tree-3.2.1.tgz 939ms (cache miss)
npm http fetch GET 200 https://registry.npmjs.com/regex-recursion/-/regex-recursion-6.0.2.tgz 961ms (cache miss)
npm http fetch GET 200 https://registry.npmjs.com/character-entities-legacy/-/character-entities-legacy-3.0.0.tgz 979ms (cache miss)
npm http fetch GET 200 https://registry.npmjs.com/regex/-/regex-6.1.0.tgz 983ms (cache miss)
npm http fetch GET 200 https://registry.npmjs.com/@shikijs/types/-/types-3.23.0.tgz 986ms (cache miss)
npm http fetch GET 200 https://registry.npmjs.com/regex-utilities/-/regex-utilities-2.3.0.tgz 997ms (cache miss)
npm http fetch GET 200 https://registry.npmjs.com/@shikijs/vscode-textmate/-/vscode-textmate-10.0.2.tgz 1023ms (cache miss)
npm http fetch GET 200 https://registry.npmjs.com/csso/-/csso-5.0.5.tgz 1039ms (cache miss)
npm http fetch GET 200 https://registry.npmjs.com/@shikijs/themes/-/themes-3.23.0.tgz 1038ms (cache miss)
npm http fetch GET 200 https://registry.npmjs.com/detect-libc/-/detect-libc-2.1.2.tgz 1085ms (cache miss)
npm http fetch GET 200 https://registry.npmjs.com/strip-ansi/-/strip-ansi-7.2.0.tgz 1092ms (cache miss)
npm http fetch GET 200 https://registry.npmjs.com/@shikijs/engine-oniguruma/-/engine-oniguruma-3.23.0.tgz 1095ms (cache miss)
npm http fetch GET 200 https://registry.npmjs.com/unist-util-modify-children/-/unist-util-modify-children-4.0.0.tgz 1122ms (cache miss)
npm http fetch GET 200 https://registry.npmjs.com/@shikijs/engine-javascript/-/engine-javascript-3.23.0.tgz 1133ms (cache miss)
npm http fetch GET 200 https://registry.npmjs.com/@shikijs/core/-/core-3.23.0.tgz 1149ms (cache miss)
npm http fetch GET 200 https://registry.npmjs.com/unist-util-visit-children/-/unist-util-visit-children-3.0.0.tgz 1149ms (cache miss)
npm http fetch GET 200 https://registry.npmjs.com/@img/sharp-linux-arm64/-/sharp-linux-arm64-0.34.5.tgz 1150ms (cache miss)
npm http fetch GET 200 https://registry.npmjs.com/@img/colour/-/colour-1.1.0.tgz 1151ms (cache miss)
npm http fetch GET 200 https://registry.npmjs.com/oniguruma-to-es/-/oniguruma-to-es-4.3.6.tgz 1169ms (cache miss)
npm http fetch GET 200 https://registry.npmjs.com/nlcst-to-string/-/nlcst-to-string-4.0.0.tgz 1168ms (cache miss)
npm http fetch GET 200 https://registry.npmjs.com/parse-latin/-/parse-latin-7.0.0.tgz 1197ms (cache miss)
npm http fetch GET 200 https://registry.npmjs.com/micromark-extension-gfm-task-list-item/-/micromark-extension-gfm-task-list-item-2.1.0.tgz 1280ms (cache miss)
npm http fetch GET 200 https://registry.npmjs.com/micromark-extension-gfm-strikethrough/-/micromark-extension-gfm-strikethrough-2.1.0.tgz 1280ms (cache miss)
npm http fetch GET 200 https://registry.npmjs.com/@types/nlcst/-/nlcst-2.0.3.tgz 1283ms (cache miss)
npm http fetch GET 200 https://registry.npmjs.com/retext-latin/-/retext-latin-4.0.0.tgz 1284ms (cache miss)
npm http fetch GET 200 https://registry.npmjs.com/micromark-extension-gfm-autolink-literal/-/micromark-extension-gfm-autolink-literal-2.1.0.tgz 1295ms (cache miss)
npm http fetch GET 200 https://registry.npmjs.com/micromark-util-html-tag-name/-/micromark-util-html-tag-name-2.0.1.tgz 1295ms (cache miss)
npm http fetch GET 200 https://registry.npmjs.com/oniguruma-parser/-/oniguruma-parser-0.12.2.tgz 1303ms (cache miss)
npm http fetch GET 200 https://registry.npmjs.com/micromark-extension-gfm-table/-/micromark-extension-gfm-table-2.1.1.tgz 1305ms (cache miss)
npm http fetch GET 200 https://registry.npmjs.com/retext-stringify/-/retext-stringify-4.0.0.tgz 1313ms (cache miss)
npm http fetch GET 200 https://registry.npmjs.com/retext/-/retext-9.0.0.tgz 1334ms (cache miss)
npm http fetch GET 200 https://registry.npmjs.com/emoji-regex/-/emoji-regex-10.6.0.tgz 1340ms (cache miss)
npm http fetch GET 200 https://registry.npmjs.com/micromark-factory-whitespace/-/micromark-factory-whitespace-2.0.1.tgz 1345ms (cache miss)
npm http fetch GET 200 https://registry.npmjs.com/micromark-factory-destination/-/micromark-factory-destination-2.0.1.tgz 1382ms (cache miss)
npm http fetch GET 200 https://registry.npmjs.com/micromark-extension-gfm-tagfilter/-/micromark-extension-gfm-tagfilter-2.0.0.tgz 1422ms (cache miss)
npm http fetch GET 200 https://registry.npmjs.com/micromark-util-combine-extensions/-/micromark-util-combine-extensions-2.0.1.tgz 1421ms (cache miss)
npm http fetch GET 200 https://registry.npmjs.com/micromark-extension-gfm-footnote/-/micromark-extension-gfm-footnote-2.1.0.tgz 1447ms (cache miss)
npm http fetch GET 200 https://registry.npmjs.com/micromark-util-chunked/-/micromark-util-chunked-2.0.1.tgz 1451ms (cache miss)
npm http fetch GET 200 https://registry.npmjs.com/@types/ms/-/ms-2.1.0.tgz 1462ms (cache miss)
npm http fetch GET 200 https://registry.npmjs.com/micromark-factory-title/-/micromark-factory-title-2.0.1.tgz 1470ms (cache miss)
npm http fetch GET 200 https://registry.npmjs.com/micromark-util-classify-character/-/micromark-util-classify-character-2.0.1.tgz 1468ms (cache miss)
npm http fetch GET 200 https://registry.npmjs.com/micromark-factory-space/-/micromark-factory-space-2.0.1.tgz 1491ms (cache miss)
npm http fetch GET 200 https://registry.npmjs.com/micromark-util-resolve-all/-/micromark-util-resolve-all-2.0.1.tgz 1493ms (cache miss)
npm http fetch GET 200 https://registry.npmjs.com/mdast-util-phrasing/-/mdast-util-phrasing-4.1.0.tgz 1511ms (cache miss)
npm http fetch GET 200 https://registry.npmjs.com/@img/sharp-libvips-linux-arm64/-/sharp-libvips-linux-arm64-1.2.4.tgz 1528ms (cache miss)
npm http fetch GET 200 https://registry.npmjs.com/micromark-util-subtokenize/-/micromark-util-subtokenize-2.1.0.tgz 1526ms (cache miss)
npm http fetch GET 200 https://registry.npmjs.com/@shikijs/langs/-/langs-3.23.0.tgz 1533ms (cache miss)
npm http fetch GET 200 https://registry.npmjs.com/micromark-core-commonmark/-/micromark-core-commonmark-2.0.3.tgz 1532ms (cache miss)
npm http fetch GET 200 https://registry.npmjs.com/escape-string-regexp/-/escape-string-regexp-5.0.0.tgz 1558ms (cache miss)
npm http fetch GET 200 https://registry.npmjs.com/longest-streak/-/longest-streak-3.1.0.tgz 1561ms (cache miss)
npm http fetch GET 200 https://registry.npmjs.com/retext-smartypants/-/retext-smartypants-6.2.0.tgz 1597ms (cache miss)
npm http fetch GET 200 https://registry.npmjs.com/unist-util-is/-/unist-util-is-6.0.1.tgz 1602ms (cache miss)
npm http fetch GET 200 https://registry.npmjs.com/character-entities/-/character-entities-2.0.2.tgz 1604ms (cache miss)
npm http fetch GET 200 https://registry.npmjs.com/mdast-util-find-and-replace/-/mdast-util-find-and-replace-3.0.2.tgz 1607ms (cache miss)
npm http fetch GET 200 https://registry.npmjs.com/micromark-factory-label/-/micromark-factory-label-2.0.1.tgz 1634ms (cache miss)
npm http fetch GET 200 https://registry.npmjs.com/micromark-util-decode-numeric-character-reference/-/micromark-util-decode-numeric-character-reference-2.0.2.tgz 1633ms (cache miss)
npm http fetch GET 200 https://registry.npmjs.com/mdast-util-to-string/-/mdast-util-to-string-4.0.0.tgz 1640ms (cache miss)
npm http fetch GET 200 https://registry.npmjs.com/micromark-util-normalize-identifier/-/micromark-util-normalize-identifier-2.0.1.tgz 1659ms (cache miss)
npm http fetch GET 200 https://registry.npmjs.com/mdast-util-gfm-table/-/mdast-util-gfm-table-2.0.0.tgz 1689ms (cache miss)
npm http fetch GET 200 https://registry.npmjs.com/@types/debug/-/debug-4.1.13.tgz 1695ms (cache miss)
npm http fetch GET 200 https://registry.npmjs.com/mdast-util-gfm-autolink-literal/-/mdast-util-gfm-autolink-literal-2.0.1.tgz 1728ms (cache miss)
npm http fetch GET 200 https://registry.npmjs.com/micromark/-/micromark-4.0.2.tgz 1735ms (cache miss)
npm http fetch GET 200 https://registry.npmjs.com/mdast-util-gfm-task-list-item/-/mdast-util-gfm-task-list-item-2.0.0.tgz 1751ms (cache miss)
npm http fetch GET 200 https://registry.npmjs.com/decode-named-character-reference/-/decode-named-character-reference-1.3.0.tgz 1759ms (cache miss)
npm http fetch GET 200 https://registry.npmjs.com/unist-util-stringify-position/-/unist-util-stringify-position-4.0.0.tgz 1774ms (cache miss)
npm http fetch GET 200 https://registry.npmjs.com/micromark-util-decode-string/-/micromark-util-decode-string-2.0.1.tgz 1782ms (cache miss)
npm http fetch GET 200 https://registry.npmjs.com/mdast-util-to-markdown/-/mdast-util-to-markdown-2.1.2.tgz 1796ms (cache miss)
npm http fetch GET 200 https://registry.npmjs.com/markdown-table/-/markdown-table-3.0.4.tgz 1801ms (cache miss)
npm http fetch GET 200 https://registry.npmjs.com/mdast-util-gfm-strikethrough/-/mdast-util-gfm-strikethrough-2.0.0.tgz 1805ms (cache miss)
npm http fetch GET 200 https://registry.npmjs.com/micromark-extension-gfm/-/micromark-extension-gfm-3.0.0.tgz 1813ms (cache miss)
npm http fetch GET 200 https://registry.npmjs.com/stringify-entities/-/stringify-entities-4.0.4.tgz 1820ms (cache miss)
npm http fetch GET 200 https://registry.npmjs.com/remark-stringify/-/remark-stringify-11.0.0.tgz 1851ms (cache miss)
npm http fetch GET 200 https://registry.npmjs.com/mdast-util-gfm/-/mdast-util-gfm-3.1.0.tgz 1867ms (cache miss)
npm http fetch GET 200 https://registry.npmjs.com/micromark-util-types/-/micromark-util-types-2.0.2.tgz 1878ms (cache miss)
npm http fetch GET 200 https://registry.npmjs.com/hast-util-whitespace/-/hast-util-whitespace-3.0.0.tgz 1879ms (cache miss)
npm http fetch GET 200 https://registry.npmjs.com/hast-util-to-html/-/hast-util-to-html-9.0.5.tgz 1879ms (cache miss)
npm http fetch GET 200 https://registry.npmjs.com/mdast-util-gfm-footnote/-/mdast-util-gfm-footnote-2.1.0.tgz 1954ms (cache miss)
npm http fetch GET 200 https://registry.npmjs.com/micromark-util-encode/-/micromark-util-encode-2.0.1.tgz 1952ms (cache miss)
npm http fetch GET 200 https://registry.npmjs.com/zwitch/-/zwitch-2.0.4.tgz 1961ms (cache miss)
npm http fetch GET 200 https://registry.npmjs.com/micromark-util-symbol/-/micromark-util-symbol-2.0.1.tgz 1971ms (cache miss)
npm http fetch GET 200 https://registry.npmjs.com/mdast-util-from-markdown/-/mdast-util-from-markdown-2.0.3.tgz 1974ms (cache miss)
npm http fetch GET 200 https://registry.npmjs.com/html-void-elements/-/html-void-elements-3.0.0.tgz 2000ms (cache miss)
npm http fetch GET 200 https://registry.npmjs.com/hast-util-to-parse5/-/hast-util-to-parse5-8.0.1.tgz 2009ms (cache miss)
npm http fetch GET 200 https://registry.npmjs.com/mdast-util-to-hast/-/mdast-util-to-hast-13.2.1.tgz 2020ms (cache miss)
npm http fetch GET 200 https://registry.npmjs.com/trim-lines/-/trim-lines-3.0.1.tgz 2024ms (cache miss)
npm http fetch GET 200 https://registry.npmjs.com/micromark-util-sanitize-uri/-/micromark-util-sanitize-uri-2.0.1.tgz 2029ms (cache miss)
npm http fetch GET 200 https://registry.npmjs.com/hast-util-raw/-/hast-util-raw-9.1.0.tgz 2029ms (cache miss)
npm http fetch GET 200 https://registry.npmjs.com/unist-util-position/-/unist-util-position-5.0.0.tgz 2045ms (cache miss)
npm http fetch GET 200 https://registry.npmjs.com/ccount/-/ccount-2.0.1.tgz 2066ms (cache miss)
npm http fetch GET 200 https://registry.npmjs.com/p-timeout/-/p-timeout-6.1.4.tgz 2064ms (cache miss)
npm http fetch GET 200 https://registry.npmjs.com/micromark-util-character/-/micromark-util-character-2.1.1.tgz 2077ms (cache miss)
npm http fetch GET 200 https://registry.npmjs.com/kleur/-/kleur-3.0.3.tgz 2122ms (cache miss)
npm http fetch GET 200 https://registry.npmjs.com/entities/-/entities-6.0.1.tgz 2128ms (cache miss)
npm http fetch GET 200 https://registry.npmjs.com/eventemitter3/-/eventemitter3-5.0.4.tgz 2132ms (cache miss)
npm http fetch GET 200 https://registry.npmjs.com/yocto-queue/-/yocto-queue-1.2.2.tgz 2136ms (cache miss)
npm http fetch GET 200 https://registry.npmjs.com/@ungap/structured-clone/-/structured-clone-1.3.1.tgz 2141ms (cache miss)
npm http fetch GET 200 https://registry.npmjs.com/sisteransi/-/sisteransi-1.0.5.tgz 2144ms (cache miss)
npm http fetch GET 200 https://registry.npmjs.com/@babel/helper-validator-identifier/-/helper-validator-identifier-7.28.5.tgz 2163ms (cache miss)
npm http fetch GET 200 https://registry.npmjs.com/rehype-parse/-/rehype-parse-9.0.1.tgz 2192ms (cache miss)
npm http fetch GET 200 https://registry.npmjs.com/@babel/parser/-/parser-7.29.3.tgz 2221ms (cache miss)
npm http fetch GET 200 https://registry.npmjs.com/is-inside-container/-/is-inside-container-1.0.0.tgz 2223ms (cache miss)
npm http fetch GET 200 https://registry.npmjs.com/@jridgewell/sourcemap-codec/-/sourcemap-codec-1.5.5.tgz 2229ms (cache miss)
npm http fetch GET 200 https://registry.npmjs.com/space-separated-tokens/-/space-separated-tokens-2.0.2.tgz 2235ms (cache miss)
npm http fetch GET 200 https://registry.npmjs.com/source-map-js/-/source-map-js-1.2.1.tgz 2239ms (cache miss)
npm http fetch GET 200 https://registry.npmjs.com/@types/mdast/-/mdast-4.0.4.tgz 2259ms (cache miss)
npm http fetch GET 200 https://registry.npmjs.com/hast-util-parse-selector/-/hast-util-parse-selector-4.0.0.tgz 2260ms (cache miss)
npm http fetch GET 200 https://registry.npmjs.com/@babel/helper-string-parser/-/helper-string-parser-7.27.1.tgz 2266ms (cache miss)
npm http fetch GET 200 https://registry.npmjs.com/web-namespaces/-/web-namespaces-2.0.1.tgz 2270ms (cache miss)
npm http fetch GET 200 https://registry.npmjs.com/hast-util-is-element/-/hast-util-is-element-3.0.0.tgz 2278ms (cache miss)
npm http fetch GET 200 https://registry.npmjs.com/@babel/types/-/types-7.29.0.tgz 2282ms (cache miss)
npm http fetch GET 200 https://registry.npmjs.com/unist-util-find-after/-/unist-util-find-after-5.0.0.tgz 2293ms (cache miss)
npm http fetch GET 200 https://registry.npmjs.com/property-information/-/property-information-7.1.0.tgz 2318ms (cache miss)
npm http fetch GET 200 https://registry.npmjs.com/hastscript/-/hastscript-9.0.1.tgz 2321ms (cache miss)
npm http fetch GET 200 https://registry.npmjs.com/comma-separated-tokens/-/comma-separated-tokens-2.0.3.tgz 2332ms (cache miss)
npm http fetch GET 200 https://registry.npmjs.com/vfile-location/-/vfile-location-5.0.3.tgz 2345ms (cache miss)
npm http fetch GET 200 https://registry.npmjs.com/devlop/-/devlop-1.1.0.tgz 2372ms (cache miss)
npm http fetch GET 200 https://registry.npmjs.com/vfile-message/-/vfile-message-4.0.3.tgz 2381ms (cache miss)
npm http fetch GET 200 https://registry.npmjs.com/argparse/-/argparse-2.0.1.tgz 2384ms (cache miss)
npm http fetch GET 200 https://registry.npmjs.com/@types/hast/-/hast-3.0.4.tgz 2400ms (cache miss)
npm http fetch GET 200 https://registry.npmjs.com/hast-util-from-parse5/-/hast-util-from-parse5-8.0.3.tgz 2402ms (cache miss)
npm http fetch GET 200 https://registry.npmjs.com/parse5/-/parse5-7.3.0.tgz 2407ms (cache miss)
npm http fetch GET 200 https://registry.npmjs.com/tiny-inflate/-/tiny-inflate-1.0.3.tgz 2434ms (cache miss)
npm http fetch GET 200 https://registry.npmjs.com/wrap-ansi/-/wrap-ansi-9.0.2.tgz 2433ms (cache miss)
npm http fetch GET 200 https://registry.npmjs.com/dequal/-/dequal-2.0.3.tgz 2460ms (cache miss)
npm http fetch GET 200 https://registry.npmjs.com/string-width/-/string-width-7.2.0.tgz 2479ms (cache miss)
npm http fetch GET 200 https://registry.npmjs.com/ms/-/ms-2.1.3.tgz 2502ms (cache miss)
npm http fetch GET 200 https://registry.npmjs.com/ansi-align/-/ansi-align-3.0.1.tgz 2513ms (cache miss)
npm http fetch GET 200 https://registry.npmjs.com/base-64/-/base-64-1.0.0.tgz 2541ms (cache miss)
npm http fetch GET 200 https://registry.npmjs.com/@types/unist/-/unist-3.0.3.tgz 2553ms (cache miss)
npm http fetch GET 200 https://registry.npmjs.com/@esbuild/linux-arm64/-/linux-arm64-0.27.7.tgz 2574ms (cache miss)
npm http fetch GET 200 https://registry.npmjs.com/camelcase/-/camelcase-8.0.0.tgz 2573ms (cache miss)
npm http fetch GET 200 https://registry.npmjs.com/is-docker/-/is-docker-3.0.0.tgz 2577ms (cache miss)
npm http fetch GET 200 https://registry.npmjs.com/cli-boxes/-/cli-boxes-3.0.0.tgz 2591ms (cache miss)
npm http fetch GET 200 https://registry.npmjs.com/fontkitten/-/fontkitten-1.0.3.tgz 2594ms (cache miss)
npm http fetch GET 200 https://registry.npmjs.com/type-fest/-/type-fest-4.41.0.tgz 2601ms (cache miss)
npm http fetch GET 200 https://registry.npmjs.com/@types/estree/-/estree-1.0.9.tgz 2615ms (cache miss)
npm http fetch GET 200 https://registry.npmjs.com/unist-util-visit-parents/-/unist-util-visit-parents-6.0.2.tgz 2657ms (cache miss)
npm http fetch GET 200 https://registry.npmjs.com/chalk/-/chalk-5.6.2.tgz 2670ms (cache miss)
npm http fetch GET 200 https://registry.npmjs.com/widest-line/-/widest-line-5.0.0.tgz 2671ms (cache miss)
npm http fetch GET 200 https://registry.npmjs.com/unist-util-remove-position/-/unist-util-remove-position-5.0.0.tgz 2669ms (cache miss)
npm http fetch GET 200 https://registry.npmjs.com/is-wsl/-/is-wsl-3.1.1.tgz 2676ms (cache miss)
npm http fetch GET 200 https://registry.npmjs.com/which-pm-runs/-/which-pm-runs-1.1.0.tgz 2691ms (cache miss)
npm http fetch GET 200 https://registry.npmjs.com/unified/-/unified-11.0.5.tgz 2691ms (cache miss)
npm http fetch GET 200 https://registry.npmjs.com/remark-smartypants/-/remark-smartypants-3.0.2.tgz 2694ms (cache miss)
npm http fetch GET 200 https://registry.npmjs.com/hast-util-to-text/-/hast-util-to-text-4.0.2.tgz 2734ms (cache miss)
npm http fetch GET 200 https://registry.npmjs.com/rehype-stringify/-/rehype-stringify-10.0.1.tgz 2742ms (cache miss)
npm http fetch GET 200 https://registry.npmjs.com/remark-parse/-/remark-parse-11.0.0.tgz 2743ms (cache miss)
npm http fetch GET 200 https://registry.npmjs.com/rehype-raw/-/rehype-raw-7.0.0.tgz 2742ms (cache miss)
npm http fetch GET 200 https://registry.npmjs.com/remark-gfm/-/remark-gfm-4.0.1.tgz 2756ms (cache miss)
npm http fetch GET 200 https://registry.npmjs.com/hast-util-from-html/-/hast-util-from-html-2.0.3.tgz 2757ms (cache miss)
npm http fetch GET 200 https://registry.npmjs.com/prismjs/-/prismjs-1.30.0.tgz 2792ms (cache miss)
npm http fetch GET 200 https://registry.npmjs.com/zod-to-ts/-/zod-to-ts-1.2.0.tgz 2801ms (cache miss)
npm http fetch GET 200 https://registry.npmjs.com/remark-rehype/-/remark-rehype-11.1.2.tgz 2819ms (cache miss)
npm http fetch GET 200 https://registry.npmjs.com/@astrojs/prism/-/prism-3.3.0.tgz 2834ms (cache miss)
npm http fetch GET 200 https://registry.npmjs.com/yocto-spinner/-/yocto-spinner-0.2.3.tgz 2849ms (cache miss)
npm http fetch GET 200 https://registry.npmjs.com/unist-util-visit/-/unist-util-visit-5.1.0.tgz 2848ms (cache miss)
npm http fetch GET 200 https://registry.npmjs.com/yargs-parser/-/yargs-parser-21.1.1.tgz 2850ms (cache miss)
npm http fetch GET 200 https://registry.npmjs.com/vitefu/-/vitefu-1.1.3.tgz 2895ms (cache miss)
npm http fetch GET 200 https://registry.npmjs.com/xxhash-wasm/-/xxhash-wasm-1.1.0.tgz 2902ms (cache miss)
npm http fetch GET 200 https://registry.npmjs.com/vite/-/vite-6.4.2.tgz 2929ms (cache miss)
npm http fetch GET 200 https://registry.npmjs.com/unifont/-/unifont-0.7.4.tgz 2933ms (cache miss)
npm http fetch GET 200 https://registry.npmjs.com/unstorage/-/unstorage-1.17.5.tgz 2961ms (cache miss)
npm http fetch GET 200 https://registry.npmjs.com/tinyglobby/-/tinyglobby-0.2.16.tgz 2965ms (cache miss)
npm http fetch GET 200 https://registry.npmjs.com/ultrahtml/-/ultrahtml-1.6.0.tgz 2966ms (cache miss)
npm http fetch GET 200 https://registry.npmjs.com/tinyexec/-/tinyexec-1.1.2.tgz 2980ms (cache miss)
npm http fetch GET 200 https://registry.npmjs.com/smol-toml/-/smol-toml-1.6.1.tgz 2990ms (cache miss)
npm http fetch GET 200 https://registry.npmjs.com/typescript/-/typescript-5.9.3.tgz 3005ms (cache miss)
npm http fetch GET 200 https://registry.npmjs.com/sharp/-/sharp-0.34.5.tgz 3043ms (cache miss)
npm http fetch GET 200 https://registry.npmjs.com/semver/-/semver-7.8.0.tgz 3061ms (cache miss)
npm http fetch GET 200 https://registry.npmjs.com/piccolore/-/piccolore-0.1.3.tgz 3069ms (cache miss)
npm http fetch GET 200 https://registry.npmjs.com/rehype/-/rehype-13.0.2.tgz 3079ms (cache miss)
npm http fetch GET 200 https://registry.npmjs.com/prompts/-/prompts-2.4.2.tgz 3085ms (cache miss)
npm http fetch GET 200 https://registry.npmjs.com/mdast-util-definitions/-/mdast-util-definitions-6.0.0.tgz 3113ms (cache miss)
npm http fetch GET 200 https://registry.npmjs.com/svgo/-/svgo-4.0.1.tgz 3113ms (cache miss)
npm http fetch GET 200 https://registry.npmjs.com/package-manager-detector/-/package-manager-detector-1.6.0.tgz 3127ms (cache miss)
npm http fetch GET 200 https://registry.npmjs.com/p-queue/-/p-queue-8.1.1.tgz 3133ms (cache miss)
npm http fetch GET 200 https://registry.npmjs.com/picomatch/-/picomatch-4.0.4.tgz 3145ms (cache miss)
npm http fetch GET 200 https://registry.npmjs.com/p-limit/-/p-limit-6.2.0.tgz 3194ms (cache miss)
npm http fetch GET 200 https://registry.npmjs.com/vfile/-/vfile-6.0.3.tgz 3219ms (cache miss)
npm http fetch GET 200 https://registry.npmjs.com/magic-string/-/magic-string-0.30.21.tgz 3220ms (cache miss)
npm http fetch GET 200 https://registry.npmjs.com/mrmime/-/mrmime-2.0.1.tgz 3224ms (cache miss)
npm http fetch GET 200 https://registry.npmjs.com/js-yaml/-/js-yaml-4.1.1.tgz 3228ms (cache miss)
npm http fetch GET 200 https://registry.npmjs.com/tsconfck/-/tsconfck-3.1.6.tgz 3236ms (cache miss)
npm http fetch GET 200 https://registry.npmjs.com/magicast/-/magicast-0.5.3.tgz 3275ms (cache miss)
npm http fetch GET 200 https://registry.npmjs.com/neotraverse/-/neotraverse-0.6.18.tgz 3283ms (cache miss)
npm http fetch GET 200 https://registry.npmjs.com/zod-to-json-schema/-/zod-to-json-schema-3.25.2.tgz 3289ms (cache miss)
npm http fetch GET 200 https://registry.npmjs.com/fontace/-/fontace-0.4.1.tgz 3311ms (cache miss)
npm http fetch GET 200 https://registry.npmjs.com/dlv/-/dlv-1.1.3.tgz 3327ms (cache miss)
npm http fetch GET 200 https://registry.npmjs.com/dset/-/dset-3.1.4.tgz 3333ms (cache miss)
npm http fetch GET 200 https://registry.npmjs.com/es-module-lexer/-/es-module-lexer-1.7.0.tgz 3346ms (cache miss)
npm http fetch GET 200 https://registry.npmjs.com/github-slugger/-/github-slugger-2.0.0.tgz 3355ms (cache miss)
npm http fetch GET 200 https://registry.npmjs.com/flattie/-/flattie-1.1.1.tgz 3360ms (cache miss)
npm http fetch GET 200 https://registry.npmjs.com/import-meta-resolve/-/import-meta-resolve-4.2.0.tgz 3365ms (cache miss)
npm http fetch GET 200 https://registry.npmjs.com/deterministic-object-hash/-/deterministic-object-hash-2.0.2.tgz 3370ms (cache miss)
npm http fetch GET 200 https://registry.npmjs.com/html-escaper/-/html-escaper-3.0.3.tgz 3375ms (cache miss)
npm http fetch GET 200 https://registry.npmjs.com/http-cache-semantics/-/http-cache-semantics-4.2.0.tgz 3375ms (cache miss)
npm http fetch GET 200 https://registry.npmjs.com/estree-walker/-/estree-walker-3.0.3.tgz 3411ms (cache miss)
npm http fetch GET 200 https://registry.npmjs.com/cssesc/-/cssesc-3.0.0.tgz 3424ms (cache miss)
npm http fetch GET 200 https://registry.npmjs.com/diff/-/diff-8.0.4.tgz 3430ms (cache miss)
npm http fetch GET 200 https://registry.npmjs.com/debug/-/debug-4.4.3.tgz 3434ms (cache miss)
npm http fetch GET 200 https://registry.npmjs.com/common-ancestor-path/-/common-ancestor-path-1.0.1.tgz 3446ms (cache miss)
npm http fetch GET 200 https://registry.npmjs.com/cookie/-/cookie-1.1.1.tgz 3462ms (cache miss)
npm http fetch GET 200 https://registry.npmjs.com/ci-info/-/ci-info-4.4.0.tgz 3478ms (cache miss)
npm http fetch GET 200 https://registry.npmjs.com/esbuild/-/esbuild-0.27.7.tgz 3483ms (cache miss)
npm http fetch GET 200 https://registry.npmjs.com/devalue/-/devalue-5.8.1.tgz 3483ms (cache miss)
npm http fetch GET 200 https://registry.npmjs.com/boxen/-/boxen-8.0.1.tgz 3495ms (cache miss)
npm http fetch GET 200 https://registry.npmjs.com/shiki/-/shiki-3.23.0.tgz 3506ms (cache miss)
npm http fetch GET 200 https://registry.npmjs.com/acorn/-/acorn-8.16.0.tgz 3511ms (cache miss)
npm http fetch GET 200 https://registry.npmjs.com/clsx/-/clsx-2.1.1.tgz 3569ms (cache miss)
npm http fetch GET 200 https://registry.npmjs.com/@rollup/pluginutils/-/pluginutils-5.3.0.tgz 3569ms (cache miss)
npm http fetch GET 200 https://registry.npmjs.com/zod/-/zod-3.25.76.tgz 3583ms (cache miss)
npm http fetch GET 200 https://registry.npmjs.com/@oslojs/encoding/-/encoding-1.1.0.tgz 3580ms (cache miss)
npm http fetch GET 200 https://registry.npmjs.com/@astrojs/telemetry/-/telemetry-3.3.0.tgz 3585ms (cache miss)
npm http fetch GET 200 https://registry.npmjs.com/picomatch/-/picomatch-2.3.2.tgz 3594ms (cache miss)
npm http fetch GET 200 https://registry.npmjs.com/@astrojs/markdown-remark/-/markdown-remark-6.3.11.tgz 3605ms (cache miss)
npm http fetch GET 200 https://registry.npmjs.com/@astrojs/internal-helpers/-/internal-helpers-0.7.6.tgz 3610ms (cache miss)
npm http fetch GET 200 https://registry.npmjs.com/axobject-query/-/axobject-query-4.1.0.tgz 3614ms (cache miss)
npm http fetch GET 200 https://registry.npmjs.com/aria-query/-/aria-query-5.3.2.tgz 3619ms (cache miss)
npm http fetch GET 200 https://registry.npmjs.com/@types/estree/-/estree-1.0.8.tgz 3615ms (cache miss)
npm http fetch GET 200 https://registry.npmjs.com/mdn-data/-/mdn-data-2.0.28.tgz 3643ms (cache miss)
npm http fetch GET 200 https://registry.npmjs.com/emoji-regex/-/emoji-regex-8.0.0.tgz 3666ms (cache miss)
npm http fetch GET 200 https://registry.npmjs.com/string-width/-/string-width-4.2.3.tgz 3677ms (cache miss)
npm http fetch GET 200 https://registry.npmjs.com/ansi-regex/-/ansi-regex-5.0.1.tgz 3707ms (cache miss)
npm http fetch GET 200 https://registry.npmjs.com/entities/-/entities-4.5.0.tgz 3721ms (cache miss)
npm http fetch GET 200 https://registry.npmjs.com/estree-walker/-/estree-walker-2.0.2.tgz 3739ms (cache miss)
npm http fetch GET 200 https://registry.npmjs.com/@astrojs/compiler/-/compiler-2.13.1.tgz 3752ms (cache miss)
npm http fetch GET 200 https://registry.npmjs.com/esbuild/-/esbuild-0.25.12.tgz 3752ms (cache miss)
npm http fetch GET 200 https://registry.npmjs.com/@capsizecss/unpack/-/unpack-4.0.0.tgz 3767ms (cache miss)
npm http fetch GET 200 https://registry.npmjs.com/strip-ansi/-/strip-ansi-6.0.1.tgz 3787ms (cache miss)
npm http fetch GET 200 https://registry.npmjs.com/@esbuild/linux-arm64/-/linux-arm64-0.25.12.tgz 3844ms (cache miss)
npm http fetch GET 200 https://registry.npmjs.com/css-tree/-/css-tree-2.2.1.tgz 3874ms (cache miss)
npm http fetch GET 200 https://registry.npmjs.com/astro/-/astro-5.18.1.tgz 4119ms (cache miss)

added 278 packages in 2m
