npm http fetch GET 200 https://registry.npmjs.org/astro 218ms (cache miss)
npm http fetch GET 200 https://registry.npmjs.org/dlv 34ms (cache miss)
npm http fetch GET 200 https://registry.npmjs.org/clsx 53ms (cache miss)
npm http fetch GET 200 https://registry.npmjs.org/diff 36ms (cache miss)
npm http fetch GET 200 https://registry.npmjs.org/dset 35ms (cache miss)
npm http fetch GET 200 https://registry.npmjs.org/svgo 36ms (cache miss)
npm http fetch GET 200 https://registry.npmjs.org/acorn 43ms (cache miss)
npm http fetch GET 200 https://registry.npmjs.org/zod 171ms (cache miss)
npm http fetch GET 200 https://registry.npmjs.org/boxen 41ms (cache miss)
npm http fetch GET 200 https://registry.npmjs.org/debug 43ms (cache miss)
npm http fetch GET 200 https://registry.npmjs.org/shiki 54ms (cache miss)
npm http fetch GET 200 https://registry.npmjs.org/vfile 42ms (cache miss)
npm http fetch GET 200 https://registry.npmjs.org/cookie 34ms (cache miss)
npm http fetch GET 200 https://registry.npmjs.org/cssesc 37ms (cache miss)
npm http fetch GET 200 https://registry.npmjs.org/mrmime 30ms (cache miss)
npm http fetch GET 200 https://registry.npmjs.org/rehype 35ms (cache miss)
npm http fetch GET 200 https://registry.npmjs.org/semver 44ms (cache miss)
npm http fetch GET 200 https://registry.npmjs.org/vitefu 33ms (cache miss)
npm http fetch GET 200 https://registry.npmjs.org/ci-info 45ms (cache miss)
npm http fetch GET 200 https://registry.npmjs.org/devalue 47ms (cache miss)
npm http fetch GET 200 https://registry.npmjs.org/flattie 30ms (cache miss)
npm http fetch GET 200 https://registry.npmjs.org/fontace 36ms (cache miss)
npm http fetch GET 200 https://registry.npmjs.org/esbuild 116ms (cache miss)
npm http fetch GET 200 https://registry.npmjs.org/js-yaml 38ms (cache miss)
npm http fetch GET 200 https://registry.npmjs.org/p-queue 35ms (cache miss)
npm http fetch GET 200 https://registry.npmjs.org/p-limit 49ms (cache miss)
npm http fetch GET 200 https://registry.npmjs.org/prompts 62ms (cache miss)
npm http fetch GET 200 https://registry.npmjs.org/unifont 59ms (cache miss)
npm http fetch GET 200 https://registry.npmjs.org/magicast 34ms (cache miss)
npm http fetch GET 200 https://registry.npmjs.org/tsconfck 35ms (cache miss)
npm http fetch GET 200 https://registry.npmjs.org/tinyexec 89ms (cache miss)
npm http fetch GET 200 https://registry.npmjs.org/piccolore 34ms (cache miss)
npm http fetch GET 200 https://registry.npmjs.org/smol-toml 33ms (cache miss)
npm http fetch GET 200 https://registry.npmjs.org/picomatch 76ms (cache miss)
npm http fetch GET 200 https://registry.npmjs.org/ultrahtml 47ms (cache miss)
npm http fetch GET 200 https://registry.npmjs.org/vite 755ms (cache miss)
npm http fetch GET 200 https://registry.npmjs.org/zod-to-ts 150ms (cache miss)
npm http fetch GET 200 https://registry.npmjs.org/unstorage 173ms (cache miss)
npm http fetch GET 200 https://registry.npmjs.org/aria-query 34ms (cache miss)
npm http fetch GET 200 https://registry.npmjs.org/xxhash-wasm 31ms (cache miss)
npm http fetch GET 200 https://registry.npmjs.org/neotraverse 37ms (cache miss)
npm http fetch GET 200 https://registry.npmjs.org/tinyglobby 49ms (cache miss)
npm http fetch GET 200 https://registry.npmjs.org/html-escaper 25ms (cache miss)
npm http fetch GET 200 https://registry.npmjs.org/estree-walker 24ms (cache miss)
npm http fetch GET 200 https://registry.npmjs.org/magic-string 51ms (cache miss)
npm http fetch GET 200 https://registry.npmjs.org/yocto-spinner 34ms (cache miss)
npm http fetch GET 200 https://registry.npmjs.org/axobject-query 31ms (cache miss)
npm http fetch GET 200 https://registry.npmjs.org/yargs-parser 83ms (cache miss)
npm http fetch GET 200 https://registry.npmjs.org/github-slugger 25ms (cache miss)
npm http fetch GET 200 https://registry.npmjs.org/es-module-lexer 42ms (cache miss)
npm http fetch GET 200 https://registry.npmjs.org/unist-util-visit 25ms (cache miss)
npm http fetch GET 200 https://registry.npmjs.org/@oslojs%2fencoding 58ms (cache miss)
npm http fetch GET 200 https://registry.npmjs.org/@astrojs%2ftelemetry 37ms (cache miss)
npm http fetch GET 200 https://registry.npmjs.org/zod-to-json-schema 30ms (cache miss)
npm http fetch GET 200 https://registry.npmjs.org/@capsizecss%2funpack 63ms (cache miss)
npm http fetch GET 200 https://registry.npmjs.org/@rollup%2fpluginutils 46ms (cache miss)
npm http fetch GET 200 https://registry.npmjs.org/import-meta-resolve 46ms (cache miss)
npm http fetch GET 200 https://registry.npmjs.org/@astrojs%2fcompiler 134ms (cache miss)
npm http fetch GET 200 https://registry.npmjs.org/common-ancestor-path 24ms (cache miss)
npm http fetch GET 200 https://registry.npmjs.org/http-cache-semantics 33ms (cache miss)
npm http fetch GET 200 https://registry.npmjs.org/package-manager-detector 31ms (cache miss)
npm http fetch GET 200 https://registry.npmjs.org/deterministic-object-hash 24ms (cache miss)
npm http fetch GET 200 https://registry.npmjs.org/@astrojs%2finternal-helpers 60ms (cache miss)
npm http fetch GET 200 https://registry.npmjs.org/@astrojs%2fmarkdown-remark 88ms (cache miss)
npm http fetch GET 200 https://registry.npmjs.org/sharp 40ms (cache miss)
npm http fetch GET 200 https://registry.npmjs.org/@types%2fnode 454ms (cache miss)
npm http fetch GET 200 https://registry.npmjs.org/jiti 48ms (cache miss)
npm http fetch GET 200 https://registry.npmjs.org/less 40ms (cache miss)
npm http fetch GET 200 https://registry.npmjs.org/lightningcss 41ms (cache miss)
npm http fetch GET 200 https://registry.npmjs.org/sass 67ms (cache miss)
npm http fetch GET 200 https://registry.npmjs.org/sass-embedded 33ms (cache miss)
npm http fetch GET 200 https://registry.npmjs.org/stylus 37ms (cache miss)
npm http fetch GET 200 https://registry.npmjs.org/sugarss 37ms (cache miss)
npm http fetch GET 200 https://registry.npmjs.org/postcss 50ms (cache miss)
npm http fetch GET 200 https://registry.npmjs.org/terser 63ms (cache miss)
npm http fetch GET 200 https://registry.npmjs.org/tsx 44ms (cache miss)
npm http fetch GET 200 https://registry.npmjs.org/yaml 36ms (cache miss)
npm http fetch GET 200 https://registry.npmjs.org/typescript 330ms (cache miss)
npm http fetch GET 200 https://registry.npmjs.org/@azure%2fapp-configuration 136ms (cache miss)
npm http fetch GET 200 https://registry.npmjs.org/@azure%2fcosmos 129ms (cache miss)
npm http fetch GET 200 https://registry.npmjs.org/@azure%2fdata-tables 100ms (cache miss)
npm http fetch GET 200 https://registry.npmjs.org/@azure%2fidentity 191ms (cache miss)
npm http fetch GET 200 https://registry.npmjs.org/@azure%2fkeyvault-secrets 90ms (cache miss)
npm http fetch GET 200 https://registry.npmjs.org/@azure%2fstorage-blob 126ms (cache miss)
npm http fetch GET 200 https://registry.npmjs.org/@capacitor%2fpreferences 171ms (cache miss)
npm http fetch GET 200 https://registry.npmjs.org/@capacitor%2fcore 104ms (cache miss)
npm http fetch GET 200 https://registry.npmjs.org/@deno%2fkv 54ms (cache miss)
npm http fetch GET 200 https://registry.npmjs.org/@netlify%2fblobs 178ms (cache miss)
npm http fetch GET 200 https://registry.npmjs.org/@planetscale%2fdatabase 54ms (cache miss)
npm http fetch GET 200 https://registry.npmjs.org/@upstash%2fredis 116ms (cache miss)
npm http fetch GET 200 https://registry.npmjs.org/@vercel%2fblob 84ms (cache miss)
npm http fetch GET 200 https://registry.npmjs.org/@vercel%2ffunctions 45ms (cache miss)
npm http fetch GET 200 https://registry.npmjs.org/@aws-sdk%2fcredential-provider-web-identity 68ms (cache miss)
npm http fetch GET 200 https://registry.npmjs.org/@vercel%2fkv 88ms (cache miss)
npm http fetch GET 200 https://registry.npmjs.org/aws4fetch 27ms (cache miss)
npm http fetch GET 200 https://registry.npmjs.org/db0 29ms (cache miss)
npm http fetch GET 200 https://registry.npmjs.org/@electric-sql%2fpglite 61ms (cache miss)
npm http fetch GET 200 https://registry.npmjs.org/@libsql%2fclient 46ms (cache miss)
npm http fetch GET 200 https://registry.npmjs.org/better-sqlite3 39ms (cache miss)
npm http fetch GET 200 https://registry.npmjs.org/drizzle-orm 8754ms (cache miss)
npm http fetch GET 200 https://registry.npmjs.org/@aws-sdk%2fclient-rds-data 328ms (cache miss)
npm http fetch GET 200 https://registry.npmjs.org/@cloudflare%2fworkers-types 149ms (cache miss)
npm http fetch GET 200 https://registry.npmjs.org/@libsql%2fclient-wasm 116ms (cache miss)
npm http fetch GET 200 https://registry.npmjs.org/@neondatabase%2fserverless 53ms (cache miss)
npm http fetch GET 200 https://registry.npmjs.org/@op-engineering%2fop-sqlite 62ms (cache miss)
npm http fetch GET 200 https://registry.npmjs.org/@sqlite.org%2fsqlite-wasm 133ms (cache miss)
npm http fetch GET 200 https://registry.npmjs.org/react 159ms (cache miss)
npm http fetch GET 200 https://registry.npmjs.org/react-native 314ms (cache miss)
npm http fetch GET 200 https://registry.npmjs.org/@react-native%2fjest-preset 61ms (cache miss)
npm http fetch GET 200 https://registry.npmjs.org/@types%2freact 77ms (cache miss)
npm http fetch GET 200 https://registry.npmjs.org/@opentelemetry%2fapi 70ms (cache miss)
npm http fetch GET 200 https://registry.npmjs.org/@prisma%2fclient 1509ms (cache miss)
npm http fetch GET 200 https://registry.npmjs.org/prisma 724ms (cache miss)
npm http fetch GET 200 https://registry.npmjs.org/typescript 51ms (cache revalidated)
npm http fetch GET 200 https://registry.npmjs.org/@tidbcloud%2fserverless 47ms (cache miss)
npm http fetch GET 200 https://registry.npmjs.org/@types%2fbetter-sqlite3 32ms (cache miss)
npm http fetch GET 200 https://registry.npmjs.org/@types%2fpg 51ms (cache miss)
npm http fetch GET 200 https://registry.npmjs.org/@types%2fsql.js 63ms (cache miss)
npm http fetch GET 200 https://registry.npmjs.org/@vercel%2fpostgres 50ms (cache miss)
npm http fetch GET 200 https://registry.npmjs.org/@xata.io%2fclient 467ms (cache miss)
npm http fetch GET 200 https://registry.npmjs.org/bun-types 109ms (cache miss)
npm http fetch GET 200 https://registry.npmjs.org/expo-sqlite 45ms (cache miss)
npm http fetch GET 200 https://registry.npmjs.org/expo 123ms (cache miss)
npm http fetch GET 200 https://registry.npmjs.org/@expo%2fdom-webview 85ms (cache miss)
npm http fetch GET 200 https://registry.npmjs.org/@expo%2fmetro-runtime 72ms (cache miss)
npm http fetch GET 200 https://registry.npmjs.org/react-dom 226ms (cache miss)
npm http fetch GET 200 https://registry.npmjs.org/react-native-webview 73ms (cache miss)
npm http fetch GET 200 https://registry.npmjs.org/gel 29ms (cache miss)
npm http fetch GET 200 https://registry.npmjs.org/knex 65ms (cache miss)
npm http fetch GET 200 https://registry.npmjs.org/pg-query-stream 46ms (cache miss)
npm http fetch GET 200 https://registry.npmjs.org/pg 35ms (cache miss)
npm http fetch GET 200 https://registry.npmjs.org/pg-native 31ms (cache miss)
npm http fetch GET 200 https://registry.npmjs.org/kysely 59ms (cache miss)
npm http fetch GET 200 https://registry.npmjs.org/mysql2 52ms (cache miss)
npm http fetch GET 200 https://registry.npmjs.org/@types%2fnode 58ms (cache revalidated)
npm http fetch GET 200 https://registry.npmjs.org/postgres 42ms (cache miss)
npm http fetch GET 200 https://registry.npmjs.org/sql.js 26ms (cache miss)
npm http fetch GET 200 https://registry.npmjs.org/sqlite3 42ms (cache miss)
npm http fetch GET 200 https://registry.npmjs.org/idb-keyval 43ms (cache miss)
npm http fetch GET 200 https://registry.npmjs.org/ioredis 41ms (cache miss)
npm http fetch GET 200 https://registry.npmjs.org/uploadthing 52ms (cache miss)
npm http fetch GET 200 https://registry.npmjs.org/express 58ms (cache miss)
npm http fetch GET 200 https://registry.npmjs.org/h3 34ms (cache miss)
npm http fetch GET 200 https://registry.npmjs.org/crossws 34ms (cache miss)
npm http fetch GET 200 https://registry.npmjs.org/srvx 40ms (cache miss)
npm http fetch GET 200 https://registry.npmjs.org/tailwindcss 176ms (cache miss)
npm http fetch GET 200 https://registry.npmjs.org/typescript 51ms (cache revalidated)
npm http fetch GET 200 https://registry.npmjs.org/rollup 156ms (cache miss)
npm http fetch GET 200 https://registry.npmjs.org/rehype-raw 35ms (cache miss)
npm http fetch GET 200 https://registry.npmjs.org/unified 39ms (cache miss)
npm http fetch GET 200 https://registry.npmjs.org/remark-gfm 43ms (cache miss)
npm http fetch GET 200 https://registry.npmjs.org/remark-rehype 28ms (cache miss)
npm http fetch GET 200 https://registry.npmjs.org/remark-parse 38ms (cache miss)
npm http fetch GET 200 https://registry.npmjs.org/rehype-stringify 27ms (cache miss)
npm http fetch GET 200 https://registry.npmjs.org/hast-util-to-text 35ms (cache miss)
npm http fetch GET 200 https://registry.npmjs.org/remark-smartypants 24ms (cache miss)
npm http fetch GET 200 https://registry.npmjs.org/@astrojs%2fprism 91ms (cache miss)
npm http fetch GET 200 https://registry.npmjs.org/hast-util-from-html 29ms (cache miss)
npm http fetch GET 200 https://registry.npmjs.org/mdast-util-definitions 25ms (cache miss)
npm http fetch GET 200 https://registry.npmjs.org/debug 22ms (cache revalidated)
npm http fetch GET 200 https://registry.npmjs.org/unist-util-visit-parents 40ms (cache miss)
npm http fetch GET 200 https://registry.npmjs.org/unist-util-remove-position 41ms (cache miss)
npm http fetch GET 200 https://registry.npmjs.org/is-wsl 23ms (cache miss)
npm http fetch GET 200 https://registry.npmjs.org/ci-info 28ms (cache revalidated)
npm http fetch GET 200 https://registry.npmjs.org/is-docker 27ms (cache miss)
npm http fetch GET 200 https://registry.npmjs.org/which-pm-runs 24ms (cache miss)
npm http fetch GET 200 https://registry.npmjs.org/fontkitten 33ms (cache miss)
npm http fetch GET 200 https://registry.npmjs.org/estree-walker 23ms (cache revalidated)
npm http fetch GET 200 https://registry.npmjs.org/@types%2festree 40ms (cache miss)
npm http fetch GET 200 https://registry.npmjs.org/picomatch 26ms (cache revalidated)
npm http fetch GET 200 https://registry.npmjs.org/ansi-align 25ms (cache miss)
npm http fetch GET 200 https://registry.npmjs.org/camelcase 29ms (cache miss)
npm http fetch GET 200 https://registry.npmjs.org/cli-boxes 22ms (cache miss)
npm http fetch GET 200 https://registry.npmjs.org/chalk 35ms (cache miss)
npm http fetch GET 200 https://registry.npmjs.org/string-width 32ms (cache miss)
npm http fetch GET 200 https://registry.npmjs.org/type-fest 56ms (cache miss)
npm http fetch GET 200 https://registry.npmjs.org/wrap-ansi 47ms (cache miss)
npm http fetch GET 200 https://registry.npmjs.org/widest-line 57ms (cache miss)
npm http fetch GET 200 https://registry.npmjs.org/ms 27ms (cache miss)
npm http fetch GET 200 https://registry.npmjs.org/base-64 29ms (cache miss)
npm http fetch GET 200 https://registry.npmjs.org/@esbuild%2faix-ppc64 57ms (cache miss)
npm http fetch GET 200 https://registry.npmjs.org/@esbuild%2flinux-arm 44ms (cache miss)
npm http fetch GET 200 https://registry.npmjs.org/@esbuild%2flinux-x64 55ms (cache miss)
npm http fetch GET 200 https://registry.npmjs.org/@esbuild%2fwin32-x64 38ms (cache miss)
npm http fetch GET 200 https://registry.npmjs.org/@esbuild%2fsunos-x64 65ms (cache miss)
npm http fetch GET 200 https://registry.npmjs.org/@esbuild%2fdarwin-x64 62ms (cache miss)
npm http fetch GET 200 https://registry.npmjs.org/@esbuild%2flinux-ia32 44ms (cache miss)
npm http fetch GET 200 https://registry.npmjs.org/@esbuild%2fnetbsd-x64 60ms (cache miss)
npm http fetch GET 200 https://registry.npmjs.org/@esbuild%2fwin32-ia32 49ms (cache miss)
npm http fetch GET 200 https://registry.npmjs.org/@esbuild%2fandroid-arm 55ms (cache miss)
npm http fetch GET 200 https://registry.npmjs.org/@esbuild%2fandroid-x64 65ms (cache miss)
npm http fetch GET 200 https://registry.npmjs.org/@esbuild%2ffreebsd-x64 56ms (cache miss)
npm http fetch GET 200 https://registry.npmjs.org/@esbuild%2flinux-arm64 59ms (cache miss)
npm http fetch GET 200 https://registry.npmjs.org/@esbuild%2flinux-ppc64 68ms (cache miss)
npm http fetch GET 200 https://registry.npmjs.org/@esbuild%2flinux-s390x 67ms (cache miss)
npm http fetch GET 200 https://registry.npmjs.org/@esbuild%2fopenbsd-x64 61ms (cache miss)
npm http fetch GET 200 https://registry.npmjs.org/@esbuild%2fnetbsd-arm64 54ms (cache miss)
npm http fetch GET 200 https://registry.npmjs.org/@esbuild%2fwin32-arm64 62ms (cache miss)
npm http fetch GET 200 https://registry.npmjs.org/@esbuild%2fdarwin-arm64 62ms (cache miss)
npm http fetch GET 200 https://registry.npmjs.org/@esbuild%2flinux-loong64 44ms (cache miss)
npm http fetch GET 200 https://registry.npmjs.org/@esbuild%2fandroid-arm64 69ms (cache miss)
npm http fetch GET 200 https://registry.npmjs.org/@esbuild%2ffreebsd-arm64 76ms (cache miss)
npm http fetch GET 200 https://registry.npmjs.org/@esbuild%2flinux-riscv64 44ms (cache miss)
npm http fetch GET 200 https://registry.npmjs.org/@esbuild%2flinux-mips64el 57ms (cache miss)
npm http fetch GET 200 https://registry.npmjs.org/@esbuild%2fopenharmony-arm64 44ms (cache miss)
npm http fetch GET 200 https://registry.npmjs.org/@esbuild%2fopenbsd-arm64 84ms (cache miss)
npm http fetch GET 200 https://registry.npmjs.org/argparse 24ms (cache miss)
npm http fetch GET 200 https://registry.npmjs.org/fontkitten 31ms (cache revalidated)
npm http fetch GET 200 https://registry.npmjs.org/@jridgewell%2fsourcemap-codec 56ms (cache miss)
npm http fetch GET 200 https://registry.npmjs.org/@babel%2fparser 51ms (cache miss)
npm http fetch GET 200 https://registry.npmjs.org/@babel%2ftypes 57ms (cache miss)
npm http fetch GET 200 https://registry.npmjs.org/yocto-queue 23ms (cache miss)
npm http fetch GET 200 https://registry.npmjs.org/source-map-js 36ms (cache miss)
npm http fetch GET 200 https://registry.npmjs.org/p-timeout 32ms (cache miss)
npm http fetch GET 200 https://registry.npmjs.org/eventemitter3 23ms (cache miss)
npm http fetch GET 200 https://registry.npmjs.org/kleur 34ms (cache miss)
npm http fetch GET 200 https://registry.npmjs.org/sisteransi 30ms (cache miss)
npm http fetch GET 200 https://registry.npmjs.org/@types%2fhast 39ms (cache miss)
npm http fetch GET 200 https://registry.npmjs.org/rehype-parse 33ms (cache miss)
npm http fetch GET 200 https://registry.npmjs.org/rehype-stringify 34ms (cache revalidated)
npm http fetch GET 200 https://registry.npmjs.org/unified 30ms (cache revalidated)
npm http fetch GET 200 https://registry.npmjs.org/detect-libc 34ms (cache miss)
npm http fetch GET 200 https://registry.npmjs.org/@img%2fcolour 50ms (cache miss)
npm http fetch GET 200 https://registry.npmjs.org/@img%2fsharp-wasm32 38ms (cache miss)
npm http fetch GET 200 https://registry.npmjs.org/@img%2fsharp-linux-arm 46ms (cache miss)
npm http fetch GET 200 https://registry.npmjs.org/@img%2fsharp-linux-x64 49ms (cache miss)
npm http fetch GET 200 https://registry.npmjs.org/@img%2fsharp-win32-x64 40ms (cache miss)
npm http fetch GET 200 https://registry.npmjs.org/@img%2fsharp-darwin-x64 51ms (cache miss)
npm http fetch GET 200 https://registry.npmjs.org/@img%2fsharp-linux-arm64 44ms (cache miss)
npm http fetch GET 200 https://registry.npmjs.org/@img%2fsharp-win32-ia32 53ms (cache miss)
npm http fetch GET 200 https://registry.npmjs.org/@img%2fsharp-linux-s390x 44ms (cache miss)
npm http fetch GET 200 https://registry.npmjs.org/@img%2fsharp-win32-arm64 51ms (cache miss)
npm http fetch GET 200 https://registry.npmjs.org/@img%2fsharp-linux-ppc64 66ms (cache miss)
npm http fetch GET 200 https://registry.npmjs.org/@img%2fsharp-darwin-arm64 37ms (cache miss)
npm http fetch GET 200 https://registry.npmjs.org/@img%2fsharp-linux-riscv64 47ms (cache miss)
npm http fetch GET 200 https://registry.npmjs.org/@img%2fsharp-linuxmusl-x64 52ms (cache miss)
npm http fetch GET 200 https://registry.npmjs.org/@img%2fsharp-linuxmusl-arm64 38ms (cache miss)
npm http fetch GET 200 https://registry.npmjs.org/@img%2fsharp-libvips-linux-arm 53ms (cache miss)
npm http fetch GET 200 https://registry.npmjs.org/@img%2fsharp-libvips-darwin-x64 38ms (cache miss)
npm http fetch GET 200 https://registry.npmjs.org/@img%2fsharp-libvips-linux-x64 56ms (cache miss)
npm http fetch GET 200 https://registry.npmjs.org/@img%2fsharp-libvips-linux-ppc64 42ms (cache miss)
npm http fetch GET 200 https://registry.npmjs.org/@img%2fsharp-libvips-linux-arm64 48ms (cache miss)
npm http fetch GET 200 https://registry.npmjs.org/@img%2fsharp-libvips-linux-s390x 58ms (cache miss)
npm http fetch GET 200 https://registry.npmjs.org/@img%2fsharp-libvips-darwin-arm64 41ms (cache miss)
npm http fetch GET 200 https://registry.npmjs.org/@img%2fsharp-libvips-linux-riscv64 48ms (cache miss)
npm http fetch GET 200 https://registry.npmjs.org/@img%2fsharp-libvips-linuxmusl-x64 51ms (cache miss)
npm http fetch GET 200 https://registry.npmjs.org/@img%2fsharp-libvips-linuxmusl-arm64 43ms (cache miss)
npm http fetch GET 200 https://registry.npmjs.org/@types%2fhast 35ms (cache revalidated)
npm http fetch GET 200 https://registry.npmjs.org/@shikijs%2flangs 46ms (cache miss)
npm http fetch GET 200 https://registry.npmjs.org/@shikijs%2ftypes 56ms (cache miss)
npm http fetch GET 200 https://registry.npmjs.org/@shikijs%2fcore 75ms (cache miss)
npm http fetch GET 200 https://registry.npmjs.org/@shikijs%2fthemes 48ms (cache miss)
npm http fetch GET 200 https://registry.npmjs.org/@shikijs%2fvscode-textmate 51ms (cache miss)
npm http fetch GET 200 https://registry.npmjs.org/@shikijs%2fengine-oniguruma 52ms (cache miss)
npm http fetch GET 200 https://registry.npmjs.org/@shikijs%2fengine-javascript 43ms (cache miss)
npm http fetch GET 200 https://registry.npmjs.org/sax 36ms (cache miss)
npm http fetch GET 200 https://registry.npmjs.org/csso 36ms (cache miss)
npm http fetch GET 200 https://registry.npmjs.org/css-tree 26ms (cache miss)
npm http fetch GET 200 https://registry.npmjs.org/css-what 29ms (cache miss)
npm http fetch GET 200 https://registry.npmjs.org/commander 38ms (cache miss)
npm http fetch GET 200 https://registry.npmjs.org/css-select 33ms (cache miss)
npm http fetch GET 200 https://registry.npmjs.org/picocolors 31ms (cache miss)
npm http fetch GET 200 https://registry.npmjs.org/css-tree 23ms (cache revalidated)
npm http fetch GET 200 https://registry.npmjs.org/fdir 36ms (cache miss)
npm http fetch GET 200 https://registry.npmjs.org/ofetch 33ms (cache miss)
npm http fetch GET 200 https://registry.npmjs.org/ohash 23ms (cache miss)
npm http fetch GET 200 https://registry.npmjs.org/unist-util-visit-parents 27ms (cache revalidated)
npm http fetch GET 200 https://registry.npmjs.org/@types%2funist 45ms (cache miss)
npm http fetch GET 200 https://registry.npmjs.org/unist-util-is 43ms (cache miss)
npm http fetch GET 200 https://registry.npmjs.org/anymatch 29ms (cache miss)
npm http fetch GET 200 https://registry.npmjs.org/destr 42ms (cache miss)
npm http fetch GET 200 https://registry.npmjs.org/chokidar 47ms (cache miss)
npm http fetch GET 200 https://registry.npmjs.org/h3 29ms (cache revalidated)
npm http fetch GET 200 https://registry.npmjs.org/node-fetch-native 38ms (cache miss)
npm http fetch GET 200 https://registry.npmjs.org/ufo 30ms (cache miss)
npm http fetch GET 200 https://registry.npmjs.org/lru-cache 50ms (cache miss)
npm http fetch GET 200 https://registry.npmjs.org/fdir 30ms (cache revalidated)
npm http fetch GET 200 https://registry.npmjs.org/rollup 32ms (cache revalidated)
npm http fetch GET 200 https://registry.npmjs.org/vfile-message 70ms (cache miss)
npm http fetch GET 200 https://registry.npmjs.org/esbuild 66ms (cache revalidated)
npm http fetch GET 200 https://registry.npmjs.org/fsevents 37ms (cache miss)
npm http fetch GET 200 https://registry.npmjs.org/postcss 47ms (cache revalidated)
npm http fetch GET 200 https://registry.npmjs.org/yoctocolors 25ms (cache miss)
npm http fetch GET 200 https://registry.npmjs.org/devlop 29ms (cache miss)
npm http fetch GET 200 https://registry.npmjs.org/hast-util-from-parse5 34ms (cache miss)
npm http fetch GET 200 https://registry.npmjs.org/prismjs 37ms (cache miss)
npm http fetch GET 200 https://registry.npmjs.org/hast-util-is-element 24ms (cache miss)
npm http fetch GET 200 https://registry.npmjs.org/unist-util-find-after 33ms (cache miss)
npm http fetch GET 200 https://registry.npmjs.org/parse5 54ms (cache miss)
npm http fetch GET 200 https://registry.npmjs.org/@types%2fmdast 30ms (cache miss)
npm http fetch GET 200 https://registry.npmjs.org/hast-util-raw 39ms (cache miss)
npm http fetch GET 200 https://registry.npmjs.org/mdast-util-gfm 25ms (cache miss)
npm http fetch GET 200 https://registry.npmjs.org/hast-util-to-html 44ms (cache miss)
npm http fetch GET 200 https://registry.npmjs.org/remark-stringify 25ms (cache miss)
npm http fetch GET 200 https://registry.npmjs.org/micromark-extension-gfm 35ms (cache miss)
npm http fetch GET 200 https://registry.npmjs.org/micromark-util-types 23ms (cache miss)
npm http fetch GET 200 https://registry.npmjs.org/mdast-util-from-markdown 40ms (cache miss)
npm http fetch GET 200 https://registry.npmjs.org/mdast-util-to-hast 39ms (cache miss)
npm http fetch GET 200 https://registry.npmjs.org/retext-smartypants 36ms (cache miss)
npm http fetch GET 200 https://registry.npmjs.org/retext 44ms (cache miss)
npm http fetch GET 200 https://registry.npmjs.org/bail 29ms (cache miss)
npm http fetch GET 200 https://registry.npmjs.org/devlop 26ms (cache revalidated)
npm http fetch GET 200 https://registry.npmjs.org/is-plain-obj 32ms (cache miss)
npm http fetch GET 200 https://registry.npmjs.org/extend 40ms (cache miss)
npm http fetch GET 200 https://registry.npmjs.org/trough 22ms (cache miss)
npm http fetch GET 200 https://registry.npmjs.org/is-inside-container 30ms (cache miss)
npm http fetch GET 200 https://registry.npmjs.org/tiny-inflate 33ms (cache miss)
npm http fetch GET 200 https://registry.npmjs.org/strip-ansi 23ms (cache miss)
npm http fetch GET 200 https://registry.npmjs.org/string-width 33ms (cache revalidated)
npm http fetch GET 200 https://registry.npmjs.org/get-east-asian-width 23ms (cache miss)
npm http fetch GET 200 https://registry.npmjs.org/emoji-regex 47ms (cache miss)
npm http fetch GET 200 https://registry.npmjs.org/ansi-styles 32ms (cache miss)
npm http fetch GET 200 https://registry.npmjs.org/is-fullwidth-code-point 25ms (cache miss)
npm http fetch GET 200 https://registry.npmjs.org/strip-ansi 28ms (cache revalidated)
npm http fetch GET 200 https://registry.npmjs.org/emoji-regex 30ms (cache revalidated)
npm http fetch GET 200 https://registry.npmjs.org/dequal 23ms (cache miss)
npm http fetch GET 200 https://registry.npmjs.org/hastscript 38ms (cache miss)
npm http fetch GET 200 https://registry.npmjs.org/@types%2funist 43ms (cache revalidated)
npm http fetch GET 200 https://registry.npmjs.org/property-information 32ms (cache miss)
npm http fetch GET 200 https://registry.npmjs.org/web-namespaces 34ms (cache miss)
npm http fetch GET 200 https://registry.npmjs.org/vfile-location 38ms (cache miss)
npm http fetch GET 200 https://registry.npmjs.org/entities 30ms (cache miss)
npm http fetch GET 200 https://registry.npmjs.org/unist-util-stringify-position 31ms (cache miss)
npm http fetch GET 200 https://registry.npmjs.org/hast-util-parse-selector 29ms (cache miss)
npm http fetch GET 200 https://registry.npmjs.org/comma-separated-tokens 32ms (cache miss)
npm http fetch GET 200 https://registry.npmjs.org/space-separated-tokens 33ms (cache miss)
npm http fetch GET 200 https://registry.npmjs.org/@babel%2fhelper-string-parser 35ms (cache miss)
npm http fetch GET 200 https://registry.npmjs.org/@babel%2fhelper-validator-identifier 61ms (cache miss)
npm http fetch GET 200 https://registry.npmjs.org/hast-util-to-parse5 28ms (cache miss)
npm http fetch GET 200 https://registry.npmjs.org/html-void-elements 32ms (cache miss)
npm http fetch GET 200 https://registry.npmjs.org/@ungap%2fstructured-clone 48ms (cache miss)
npm http fetch GET 200 https://registry.npmjs.org/unist-util-position 28ms (cache miss)
npm http fetch GET 200 https://registry.npmjs.org/zwitch 34ms (cache miss)
npm http fetch GET 200 https://registry.npmjs.org/micromark-util-sanitize-uri 33ms (cache miss)
npm http fetch GET 200 https://registry.npmjs.org/trim-lines 41ms (cache miss)
npm http fetch GET 200 https://registry.npmjs.org/micromark-util-symbol 28ms (cache miss)
npm http fetch GET 200 https://registry.npmjs.org/micromark-util-character 31ms (cache miss)
npm http fetch GET 200 https://registry.npmjs.org/micromark-util-encode 33ms (cache miss)
npm http fetch GET 200 https://registry.npmjs.org/ccount 24ms (cache miss)
npm http fetch GET 200 https://registry.npmjs.org/hast-util-whitespace 25ms (cache miss)
npm http fetch GET 200 https://registry.npmjs.org/stringify-entities 30ms (cache miss)
npm http fetch GET 200 https://registry.npmjs.org/character-entities-html4 26ms (cache miss)
npm http fetch GET 200 https://registry.npmjs.org/character-entities-legacy 31ms (cache miss)
npm http fetch GET 200 https://registry.npmjs.org/mdast-util-gfm-footnote 23ms (cache miss)
npm http fetch GET 200 https://registry.npmjs.org/mdast-util-gfm-autolink-literal 33ms (cache miss)
npm http fetch GET 200 https://registry.npmjs.org/mdast-util-gfm-strikethrough 39ms (cache miss)
npm http fetch GET 200 https://registry.npmjs.org/mdast-util-gfm-table 31ms (cache miss)
npm http fetch GET 200 https://registry.npmjs.org/mdast-util-gfm-task-list-item 33ms (cache miss)
npm http fetch GET 200 https://registry.npmjs.org/mdast-util-to-markdown 35ms (cache miss)
npm http fetch GET 200 https://registry.npmjs.org/micromark-extension-gfm-footnote 37ms (cache miss)
npm http fetch GET 200 https://registry.npmjs.org/micromark-extension-gfm-strikethrough 33ms (cache miss)
npm http fetch GET 200 https://registry.npmjs.org/micromark-extension-gfm-autolink-literal 83ms (cache miss)
npm http fetch GET 200 https://registry.npmjs.org/micromark-extension-gfm-tagfilter 33ms (cache miss)
npm http fetch GET 200 https://registry.npmjs.org/micromark-extension-gfm-table 41ms (cache miss)
npm http fetch GET 200 https://registry.npmjs.org/micromark-extension-gfm-task-list-item 36ms (cache miss)
npm http fetch GET 200 https://registry.npmjs.org/micromark-util-combine-extensions 35ms (cache miss)
npm http fetch GET 200 https://registry.npmjs.org/decode-named-character-reference 32ms (cache miss)
npm http fetch GET 200 https://registry.npmjs.org/mdast-util-to-string 37ms (cache miss)
npm http fetch GET 200 https://registry.npmjs.org/micromark 40ms (cache miss)
npm http fetch GET 200 https://registry.npmjs.org/micromark-util-decode-numeric-character-reference 29ms (cache miss)
npm http fetch GET 200 https://registry.npmjs.org/micromark-util-normalize-identifier 23ms (cache miss)
npm http fetch GET 200 https://registry.npmjs.org/micromark-util-decode-string 32ms (cache miss)
npm http fetch GET 200 https://registry.npmjs.org/markdown-table 25ms (cache miss)
npm http fetch GET 200 https://registry.npmjs.org/mdast-util-find-and-replace 34ms (cache miss)
npm http fetch GET 200 https://registry.npmjs.org/longest-streak 30ms (cache miss)
npm http fetch GET 200 https://registry.npmjs.org/mdast-util-phrasing 27ms (cache miss)
npm http fetch GET 200 https://registry.npmjs.org/micromark-util-classify-character 30ms (cache miss)
npm http fetch GET 200 https://registry.npmjs.org/character-entities 39ms (cache miss)
npm http fetch GET 200 https://registry.npmjs.org/@types%2fdebug 40ms (cache miss)
npm http fetch GET 200 https://registry.npmjs.org/micromark-core-commonmark 44ms (cache miss)
npm http fetch GET 200 https://registry.npmjs.org/micromark-factory-space 20ms (cache miss)
npm http fetch GET 200 https://registry.npmjs.org/micromark-util-chunked 32ms (cache miss)
npm http fetch GET 200 https://registry.npmjs.org/micromark-util-resolve-all 40ms (cache miss)
npm http fetch GET 200 https://registry.npmjs.org/micromark-util-subtokenize 26ms (cache miss)
npm http fetch GET 200 https://registry.npmjs.org/escape-string-regexp 29ms (cache miss)
npm http fetch GET 200 https://registry.npmjs.org/micromark-factory-label 33ms (cache miss)
npm http fetch GET 200 https://registry.npmjs.org/micromark-factory-destination 40ms (cache miss)
npm http fetch GET 200 https://registry.npmjs.org/@types%2fms 44ms (cache miss)
npm http fetch GET 200 https://registry.npmjs.org/micromark-factory-whitespace 37ms (cache miss)
npm http fetch GET 200 https://registry.npmjs.org/micromark-util-html-tag-name 34ms (cache miss)
npm http fetch GET 200 https://registry.npmjs.org/micromark-factory-title 64ms (cache miss)
npm http fetch GET 200 https://registry.npmjs.org/retext-stringify 32ms (cache miss)
npm http fetch GET 200 https://registry.npmjs.org/@types%2fnlcst 43ms (cache miss)
npm http fetch GET 200 https://registry.npmjs.org/retext-latin 57ms (cache miss)
npm http fetch GET 200 https://registry.npmjs.org/nlcst-to-string 25ms (cache miss)
npm http fetch GET 200 https://registry.npmjs.org/@types%2fnlcst 63ms (cache miss)
npm http fetch GET 200 https://registry.npmjs.org/parse-latin 37ms (cache miss)
npm http fetch GET 200 https://registry.npmjs.org/unist-util-modify-children 28ms (cache miss)
npm http fetch GET 200 https://registry.npmjs.org/unist-util-visit-children 32ms (cache miss)
npm http fetch GET 200 https://registry.npmjs.org/array-iterate 79ms (cache miss)
npm http fetch GET 200 https://registry.npmjs.org/@emnapi%2fruntime 40ms (cache miss)
npm http fetch GET 200 https://registry.npmjs.org/tslib 34ms (cache miss)
npm http fetch GET 200 https://registry.npmjs.org/oniguruma-to-es 43ms (cache miss)
npm http fetch GET 200 https://registry.npmjs.org/oniguruma-parser 27ms (cache miss)
npm http fetch GET 200 https://registry.npmjs.org/regex 33ms (cache miss)
npm http fetch GET 200 https://registry.npmjs.org/regex-recursion 45ms (cache miss)
npm http fetch GET 200 https://registry.npmjs.org/regex-utilities 23ms (cache miss)
npm http fetch GET 200 https://registry.npmjs.org/regex-utilities 28ms (cache miss)
npm http fetch GET 200 https://registry.npmjs.org/ansi-regex 31ms (cache miss)
npm http fetch GET 200 https://registry.npmjs.org/boolbase 22ms (cache miss)
npm http fetch GET 200 https://registry.npmjs.org/domutils 34ms (cache miss)
npm http fetch GET 200 https://registry.npmjs.org/nth-check 36ms (cache miss)
npm http fetch GET 200 https://registry.npmjs.org/domhandler 39ms (cache miss)
npm http fetch GET 200 https://registry.npmjs.org/mdn-data 35ms (cache miss)
npm http fetch GET 200 https://registry.npmjs.org/domelementtype 35ms (cache miss)
npm http fetch GET 200 https://registry.npmjs.org/domelementtype 37ms (cache miss)
npm http fetch GET 200 https://registry.npmjs.org/dom-serializer 39ms (cache miss)
npm http fetch GET 200 https://registry.npmjs.org/mdn-data 31ms (cache revalidated)
npm http fetch GET 200 https://registry.npmjs.org/entities 34ms (cache revalidated)
npm http fetch GET 200 https://registry.npmjs.org/ufo 27ms (cache revalidated)
npm http fetch GET 200 https://registry.npmjs.org/defu 28ms (cache miss)
npm http fetch GET 200 https://registry.npmjs.org/normalize-path 33ms (cache miss)
npm http fetch GET 200 https://registry.npmjs.org/readdirp 46ms (cache miss)
npm http fetch GET 200 https://registry.npmjs.org/radix3 26ms (cache miss)
npm http fetch GET 200 https://registry.npmjs.org/crossws 31ms (cache revalidated)
npm http fetch GET 200 https://registry.npmjs.org/uncrypto 34ms (cache miss)
npm http fetch GET 200 https://registry.npmjs.org/cookie-es 42ms (cache miss)
npm http fetch GET 200 https://registry.npmjs.org/iron-webcrypto 37ms (cache miss)
npm http fetch GET 200 https://registry.npmjs.org/node-mock-http 39ms (cache miss)
npm http fetch GET 200 https://registry.npmjs.org/@esbuild%2faix-ppc64 38ms (cache revalidated)
npm http fetch GET 200 https://registry.npmjs.org/@esbuild%2flinux-x64 45ms (cache revalidated)
npm http fetch GET 200 https://registry.npmjs.org/@esbuild%2flinux-arm 58ms (cache revalidated)
npm http fetch GET 200 https://registry.npmjs.org/@esbuild%2fsunos-x64 34ms (cache revalidated)
npm http fetch GET 200 https://registry.npmjs.org/@esbuild%2fwin32-x64 46ms (cache revalidated)
npm http fetch GET 200 https://registry.npmjs.org/@esbuild%2flinux-ia32 34ms (cache revalidated)
npm http fetch GET 200 https://registry.npmjs.org/@esbuild%2fdarwin-x64 51ms (cache revalidated)
npm http fetch GET 200 https://registry.npmjs.org/@esbuild%2fnetbsd-x64 48ms (cache revalidated)
npm http fetch GET 200 https://registry.npmjs.org/@esbuild%2fandroid-arm 53ms (cache revalidated)
npm http fetch GET 200 https://registry.npmjs.org/@esbuild%2fwin32-ia32 62ms (cache revalidated)
npm http fetch GET 200 https://registry.npmjs.org/@esbuild%2fandroid-x64 46ms (cache revalidated)
npm http fetch GET 200 https://registry.npmjs.org/@esbuild%2flinux-arm64 38ms (cache revalidated)
npm http fetch GET 200 https://registry.npmjs.org/@esbuild%2ffreebsd-x64 50ms (cache revalidated)
npm http fetch GET 200 https://registry.npmjs.org/@esbuild%2flinux-ppc64 43ms (cache revalidated)
npm http fetch GET 200 https://registry.npmjs.org/@esbuild%2flinux-s390x 62ms (cache revalidated)
npm http fetch GET 200 https://registry.npmjs.org/@esbuild%2fwin32-arm64 45ms (cache revalidated)
npm http fetch GET 200 https://registry.npmjs.org/@esbuild%2fopenbsd-x64 75ms (cache revalidated)
npm http fetch GET 200 https://registry.npmjs.org/@esbuild%2fdarwin-arm64 46ms (cache revalidated)
npm http fetch GET 200 https://registry.npmjs.org/@esbuild%2fnetbsd-arm64 57ms (cache revalidated)
npm http fetch GET 200 https://registry.npmjs.org/@esbuild%2fandroid-arm64 52ms (cache revalidated)
npm http fetch GET 200 https://registry.npmjs.org/@esbuild%2ffreebsd-arm64 43ms (cache revalidated)
npm http fetch GET 200 https://registry.npmjs.org/@esbuild%2flinux-loong64 49ms (cache revalidated)
npm http fetch GET 200 https://registry.npmjs.org/@esbuild%2fopenbsd-arm64 39ms (cache revalidated)
npm http fetch GET 200 https://registry.npmjs.org/@esbuild%2flinux-riscv64 65ms (cache revalidated)
npm http fetch GET 200 https://registry.npmjs.org/@esbuild%2flinux-mips64el 48ms (cache revalidated)
npm http fetch GET 200 https://registry.npmjs.org/@esbuild%2fopenharmony-arm64 34ms (cache revalidated)
npm http fetch GET 200 https://registry.npmjs.org/nanoid 45ms (cache miss)
npm http fetch GET 200 https://registry.npmjs.org/@rollup%2frollup-android-arm64 45ms (cache miss)
npm http fetch GET 200 https://registry.npmjs.org/@rollup%2frollup-darwin-arm64 62ms (cache miss)
npm http fetch GET 200 https://registry.npmjs.org/@rollup%2frollup-win32-arm64-msvc 59ms (cache miss)
npm http fetch GET 200 https://registry.npmjs.org/@rollup%2frollup-freebsd-arm64 42ms (cache miss)
npm http fetch GET 200 https://registry.npmjs.org/@rollup%2frollup-linux-arm64-gnu 65ms (cache miss)
npm http fetch GET 200 https://registry.npmjs.org/@rollup%2frollup-android-arm-eabi 43ms (cache miss)
npm http fetch GET 200 https://registry.npmjs.org/@rollup%2frollup-linux-arm64-musl 61ms (cache miss)
npm http fetch GET 200 https://registry.npmjs.org/@rollup%2frollup-linux-arm-gnueabihf 67ms (cache miss)
npm http fetch GET 200 https://registry.npmjs.org/@rollup%2frollup-linux-arm-musleabihf 65ms (cache miss)
npm http fetch GET 200 https://registry.npmjs.org/@rollup%2frollup-win32-ia32-msvc 60ms (cache miss)
npm http fetch GET 200 https://registry.npmjs.org/@rollup%2frollup-linux-loong64-musl 61ms (cache miss)
npm http fetch GET 200 https://registry.npmjs.org/@rollup%2frollup-linux-loong64-gnu 74ms (cache miss)
npm http fetch GET 200 https://registry.npmjs.org/@rollup%2frollup-linux-riscv64-gnu 70ms (cache miss)
npm http fetch GET 200 https://registry.npmjs.org/@rollup%2frollup-linux-riscv64-musl 61ms (cache miss)
npm http fetch GET 200 https://registry.npmjs.org/@rollup%2frollup-linux-ppc64-gnu 68ms (cache miss)
npm http fetch GET 200 https://registry.npmjs.org/@rollup%2frollup-linux-ppc64-musl 62ms (cache miss)
npm http fetch GET 200 https://registry.npmjs.org/@rollup%2frollup-linux-s390x-gnu 57ms (cache miss)
npm http fetch GET 200 https://registry.npmjs.org/@rollup%2frollup-win32-x64-gnu 58ms (cache miss)
npm http fetch GET 200 https://registry.npmjs.org/@rollup%2frollup-darwin-x64 63ms (cache miss)
npm http fetch GET 200 https://registry.npmjs.org/@rollup%2frollup-freebsd-x64 54ms (cache miss)
npm http fetch GET 200 https://registry.npmjs.org/@rollup%2frollup-linux-x64-gnu 58ms (cache miss)
npm http fetch GET 200 https://registry.npmjs.org/@rollup%2frollup-win32-x64-msvc 98ms (cache miss)
npm http fetch GET 200 https://registry.npmjs.org/@rollup%2frollup-linux-x64-musl 59ms (cache miss)
npm http fetch GET 200 https://registry.npmjs.org/@rollup%2frollup-openbsd-x64 53ms (cache miss)
npm http fetch GET 200 https://registry.npmjs.org/@rollup%2frollup-openharmony-arm64 39ms (cache miss)
npm http fetch GET 200 https://registry.npmjs.org/ansi-regex 45ms (cache revalidated)
npm http fetch GET 200 https://registry.npmjs.org/yoctocolors/-/yoctocolors-2.1.2.tgz 189ms (cache miss)
npm http fetch GET 200 https://registry.npmjs.org/ansi-styles/-/ansi-styles-6.2.3.tgz 189ms (cache miss)
npm http fetch GET 200 https://registry.npmjs.org/is-fullwidth-code-point/-/is-fullwidth-code-point-3.0.0.tgz 190ms (cache miss)
npm http fetch GET 200 https://registry.npmjs.org/h3/-/h3-1.15.11.tgz 193ms (cache miss)
npm http fetch GET 200 https://registry.npmjs.org/defu/-/defu-6.1.7.tgz 263ms (cache miss)
npm http fetch GET 200 https://registry.npmjs.org/radix3/-/radix3-1.1.2.tgz 265ms (cache miss)
npm http fetch GET 200 https://registry.npmjs.org/anymatch/-/anymatch-3.1.3.tgz 269ms (cache miss)
npm http fetch GET 200 https://registry.npmjs.org/chokidar/-/chokidar-5.0.0.tgz 269ms (cache miss)
npm http fetch GET 200 https://registry.npmjs.org/normalize-path/-/normalize-path-3.0.0.tgz 283ms (cache miss)
npm http fetch GET 200 https://registry.npmjs.org/uncrypto/-/uncrypto-0.1.3.tgz 305ms (cache miss)
npm http fetch GET 200 https://registry.npmjs.org/readdirp/-/readdirp-5.0.0.tgz 303ms (cache miss)
npm http fetch GET 200 https://registry.npmjs.org/array-iterate/-/array-iterate-2.0.1.tgz 311ms (cache miss)
npm http fetch GET 200 https://registry.npmjs.org/trough/-/trough-2.2.0.tgz 310ms (cache miss)
npm http fetch GET 200 https://registry.npmjs.org/is-plain-obj/-/is-plain-obj-4.1.0.tgz 321ms (cache miss)
npm http fetch GET 200 https://registry.npmjs.org/cookie-es/-/cookie-es-1.2.3.tgz 331ms (cache miss)
npm http fetch GET 200 https://registry.npmjs.org/bail/-/bail-2.0.2.tgz 332ms (cache miss)
npm http fetch GET 200 https://registry.npmjs.org/iron-webcrypto/-/iron-webcrypto-1.2.1.tgz 346ms (cache miss)
npm http fetch GET 200 https://registry.npmjs.org/boolbase/-/boolbase-1.0.0.tgz 343ms (cache miss)
npm http fetch GET 200 https://registry.npmjs.org/destr/-/destr-2.0.5.tgz 349ms (cache miss)
npm http fetch GET 200 https://registry.npmjs.org/extend/-/extend-3.0.2.tgz 350ms (cache miss)
npm http fetch GET 200 https://registry.npmjs.org/sax/-/sax-1.6.0.tgz 361ms (cache miss)
npm http fetch GET 200 https://registry.npmjs.org/character-entities-html4/-/character-entities-html4-2.1.0.tgz 361ms (cache miss)
npm http fetch GET 200 https://registry.npmjs.org/picocolors/-/picocolors-1.1.1.tgz 368ms (cache miss)
npm http fetch GET 200 https://registry.npmjs.org/ansi-regex/-/ansi-regex-6.2.2.tgz 367ms (cache miss)
npm http fetch GET 200 https://registry.npmjs.org/character-entities-legacy/-/character-entities-legacy-3.0.0.tgz 367ms (cache miss)
npm http fetch GET 200 https://registry.npmjs.org/strip-ansi/-/strip-ansi-7.2.0.tgz 372ms (cache miss)
npm http fetch GET 200 https://registry.npmjs.org/fdir/-/fdir-6.5.0.tgz 395ms (cache miss)
npm http fetch GET 200 https://registry.npmjs.org/emoji-regex/-/emoji-regex-10.6.0.tgz 392ms (cache miss)
npm http fetch GET 200 https://registry.npmjs.org/get-east-asian-width/-/get-east-asian-width-1.5.0.tgz 432ms (cache miss)
npm http fetch GET 200 https://registry.npmjs.org/regex-recursion/-/regex-recursion-6.0.2.tgz 441ms (cache miss)
npm http fetch GET 200 https://registry.npmjs.org/nanoid/-/nanoid-3.3.11.tgz 459ms (cache miss)
npm http fetch GET 200 https://registry.npmjs.org/domelementtype/-/domelementtype-2.3.0.tgz 455ms (cache miss)
npm http fetch GET 200 https://registry.npmjs.org/regex-utilities/-/regex-utilities-2.3.0.tgz 452ms (cache miss)
npm http fetch GET 200 https://registry.npmjs.org/ufo/-/ufo-1.6.4.tgz 470ms (cache miss)
npm http fetch GET 200 https://registry.npmjs.org/unist-util-modify-children/-/unist-util-modify-children-4.0.0.tgz 469ms (cache miss)
npm http fetch GET 200 https://registry.npmjs.org/unist-util-visit-children/-/unist-util-visit-children-3.0.0.tgz 495ms (cache miss)
npm http fetch GET 200 https://registry.npmjs.org/nlcst-to-string/-/nlcst-to-string-4.0.0.tgz 521ms (cache miss)
npm http fetch GET 200 https://registry.npmjs.org/retext/-/retext-9.0.0.tgz 530ms (cache miss)
npm http fetch GET 200 https://registry.npmjs.org/retext-latin/-/retext-latin-4.0.0.tgz 531ms (cache miss)
npm http fetch GET 200 https://registry.npmjs.org/retext-stringify/-/retext-stringify-4.0.0.tgz 539ms (cache miss)
npm http fetch GET 200 https://registry.npmjs.org/@img/colour/-/colour-1.1.0.tgz 540ms (cache miss)
npm http fetch GET 200 https://registry.npmjs.org/@types/nlcst/-/nlcst-2.0.3.tgz 550ms (cache miss)
npm http fetch GET 200 https://registry.npmjs.org/micromark-extension-gfm-strikethrough/-/micromark-extension-gfm-strikethrough-2.1.0.tgz 549ms (cache miss)
npm http fetch GET 200 https://registry.npmjs.org/micromark-extension-gfm-tagfilter/-/micromark-extension-gfm-tagfilter-2.0.0.tgz 557ms (cache miss)
npm http fetch GET 200 https://registry.npmjs.org/micromark-util-html-tag-name/-/micromark-util-html-tag-name-2.0.1.tgz 557ms (cache miss)
npm http fetch GET 200 https://registry.npmjs.org/micromark-factory-label/-/micromark-factory-label-2.0.1.tgz 568ms (cache miss)
npm http fetch GET 200 https://registry.npmjs.org/@shikijs/vscode-textmate/-/vscode-textmate-10.0.2.tgz 581ms (cache miss)
npm http fetch GET 200 https://registry.npmjs.org/micromark-factory-title/-/micromark-factory-title-2.0.1.tgz 578ms (cache miss)
npm http fetch GET 200 https://registry.npmjs.org/micromark-util-subtokenize/-/micromark-util-subtokenize-2.1.0.tgz 577ms (cache miss)
npm http fetch GET 200 https://registry.npmjs.org/@types/ms/-/ms-2.1.0.tgz 577ms (cache miss)
npm http fetch GET 200 https://registry.npmjs.org/micromark-factory-destination/-/micromark-factory-destination-2.0.1.tgz 588ms (cache miss)
npm http fetch GET 200 https://registry.npmjs.org/micromark-util-classify-character/-/micromark-util-classify-character-2.0.1.tgz 586ms (cache miss)
npm http fetch GET 200 https://registry.npmjs.org/micromark-util-chunked/-/micromark-util-chunked-2.0.1.tgz 588ms (cache miss)
npm http fetch GET 200 https://registry.npmjs.org/retext-smartypants/-/retext-smartypants-6.2.0.tgz 602ms (cache miss)
npm http fetch GET 200 https://registry.npmjs.org/micromark-factory-whitespace/-/micromark-factory-whitespace-2.0.1.tgz 602ms (cache miss)
npm http fetch GET 200 https://registry.npmjs.org/micromark-util-resolve-all/-/micromark-util-resolve-all-2.0.1.tgz 601ms (cache miss)
npm http fetch GET 200 https://registry.npmjs.org/@types/debug/-/debug-4.1.13.tgz 601ms (cache miss)
npm http fetch GET 200 https://registry.npmjs.org/@shikijs/types/-/types-3.23.0.tgz 615ms (cache miss)
npm http fetch GET 200 https://registry.npmjs.org/micromark-factory-space/-/micromark-factory-space-2.0.1.tgz 609ms (cache miss)
npm http fetch GET 200 https://registry.npmjs.org/@shikijs/engine-javascript/-/engine-javascript-3.23.0.tgz 623ms (cache miss)
npm http fetch GET 200 https://registry.npmjs.org/micromark-util-combine-extensions/-/micromark-util-combine-extensions-2.0.1.tgz 620ms (cache miss)
npm http fetch GET 200 https://registry.npmjs.org/mdast-util-phrasing/-/mdast-util-phrasing-4.1.0.tgz 619ms (cache miss)
npm http fetch GET 200 https://registry.npmjs.org/unist-util-is/-/unist-util-is-6.0.1.tgz 619ms (cache miss)
npm http fetch GET 200 https://registry.npmjs.org/character-entities/-/character-entities-2.0.2.tgz 618ms (cache miss)
npm http fetch GET 200 https://registry.npmjs.org/mdast-util-find-and-replace/-/mdast-util-find-and-replace-3.0.2.tgz 619ms (cache miss)
npm http fetch GET 200 https://registry.npmjs.org/markdown-table/-/markdown-table-3.0.4.tgz 619ms (cache miss)
npm http fetch GET 200 https://registry.npmjs.org/escape-string-regexp/-/escape-string-regexp-5.0.0.tgz 620ms (cache miss)
npm http fetch GET 200 https://registry.npmjs.org/detect-libc/-/detect-libc-2.1.2.tgz 636ms (cache miss)
npm http fetch GET 200 https://registry.npmjs.org/@shikijs/core/-/core-3.23.0.tgz 637ms (cache miss)
npm http fetch GET 200 https://registry.npmjs.org/longest-streak/-/longest-streak-3.1.0.tgz 639ms (cache miss)
npm http fetch GET 200 https://registry.npmjs.org/micromark-util-normalize-identifier/-/micromark-util-normalize-identifier-2.0.1.tgz 651ms (cache miss)
npm http fetch GET 200 https://registry.npmjs.org/micromark-util-decode-numeric-character-reference/-/micromark-util-decode-numeric-character-reference-2.0.2.tgz 651ms (cache miss)
npm http fetch GET 200 https://registry.npmjs.org/mdast-util-gfm-strikethrough/-/mdast-util-gfm-strikethrough-2.0.0.tgz 650ms (cache miss)
npm http fetch GET 200 https://registry.npmjs.org/mdast-util-gfm-task-list-item/-/mdast-util-gfm-task-list-item-2.0.0.tgz 651ms (cache miss)
npm http fetch GET 200 https://registry.npmjs.org/micromark-util-decode-string/-/micromark-util-decode-string-2.0.1.tgz 659ms (cache miss)
npm http fetch GET 200 https://registry.npmjs.org/unist-util-stringify-position/-/unist-util-stringify-position-4.0.0.tgz 660ms (cache miss)
npm http fetch GET 200 https://registry.npmjs.org/decode-named-character-reference/-/decode-named-character-reference-1.3.0.tgz 659ms (cache miss)
npm http fetch GET 200 https://registry.npmjs.org/mdast-util-gfm-table/-/mdast-util-gfm-table-2.0.0.tgz 669ms (cache miss)
npm http fetch GET 200 https://registry.npmjs.org/mdast-util-gfm-footnote/-/mdast-util-gfm-footnote-2.1.0.tgz 670ms (cache miss)
npm http fetch GET 200 https://registry.npmjs.org/mdast-util-to-string/-/mdast-util-to-string-4.0.0.tgz 686ms (cache miss)
npm http fetch GET 200 https://registry.npmjs.org/mdast-util-gfm-autolink-literal/-/mdast-util-gfm-autolink-literal-2.0.1.tgz 686ms (cache miss)
npm http fetch GET 200 https://registry.npmjs.org/micromark-extension-gfm/-/micromark-extension-gfm-3.0.0.tgz 698ms (cache miss)
npm http fetch GET 200 https://registry.npmjs.org/remark-stringify/-/remark-stringify-11.0.0.tgz 698ms (cache miss)
npm http fetch GET 200 https://registry.npmjs.org/mdast-util-gfm/-/mdast-util-gfm-3.1.0.tgz 697ms (cache miss)
npm http fetch GET 200 https://registry.npmjs.org/micromark-util-types/-/micromark-util-types-2.0.2.tgz 711ms (cache miss)
npm http fetch GET 200 https://registry.npmjs.org/ccount/-/ccount-2.0.1.tgz 726ms (cache miss)
npm http fetch GET 200 https://registry.npmjs.org/trim-lines/-/trim-lines-3.0.1.tgz 726ms (cache miss)
npm http fetch GET 200 https://registry.npmjs.org/micromark-util-sanitize-uri/-/micromark-util-sanitize-uri-2.0.1.tgz 726ms (cache miss)
npm http fetch GET 200 https://registry.npmjs.org/dom-serializer/-/dom-serializer-2.0.0.tgz 759ms (cache miss)
npm http fetch GET 200 https://registry.npmjs.org/hast-util-whitespace/-/hast-util-whitespace-3.0.0.tgz 745ms (cache miss)
npm http fetch GET 200 https://registry.npmjs.org/micromark-util-encode/-/micromark-util-encode-2.0.1.tgz 745ms (cache miss)
npm http fetch GET 200 https://registry.npmjs.org/zwitch/-/zwitch-2.0.4.tgz 756ms (cache miss)
npm http fetch GET 200 https://registry.npmjs.org/unist-util-position/-/unist-util-position-5.0.0.tgz 757ms (cache miss)
npm http fetch GET 200 https://registry.npmjs.org/html-void-elements/-/html-void-elements-3.0.0.tgz 770ms (cache miss)
npm http fetch GET 200 https://registry.npmjs.org/hast-util-to-parse5/-/hast-util-to-parse5-8.0.1.tgz 770ms (cache miss)
npm http fetch GET 200 https://registry.npmjs.org/hast-util-raw/-/hast-util-raw-9.1.0.tgz 770ms (cache miss)
npm http fetch GET 200 https://registry.npmjs.org/p-timeout/-/p-timeout-6.1.4.tgz 770ms (cache miss)
npm http fetch GET 200 https://registry.npmjs.org/kleur/-/kleur-3.0.3.tgz 785ms (cache miss)
npm http fetch GET 200 https://registry.npmjs.org/yocto-queue/-/yocto-queue-1.2.2.tgz 785ms (cache miss)
npm http fetch GET 200 https://registry.npmjs.org/micromark-util-character/-/micromark-util-character-2.1.1.tgz 801ms (cache miss)
npm http fetch GET 200 https://registry.npmjs.org/rehype-parse/-/rehype-parse-9.0.1.tgz 799ms (cache miss)
npm http fetch GET 200 https://registry.npmjs.org/sisteransi/-/sisteransi-1.0.5.tgz 800ms (cache miss)
npm http fetch GET 200 https://registry.npmjs.org/@types/mdast/-/mdast-4.0.4.tgz 799ms (cache miss)
npm http fetch GET 200 https://registry.npmjs.org/ohash/-/ohash-2.0.11.tgz 846ms (cache miss)
npm http fetch GET 200 https://registry.npmjs.org/ofetch/-/ofetch-1.5.1.tgz 846ms (cache miss)
npm http fetch GET 200 https://registry.npmjs.org/unist-util-find-after/-/unist-util-find-after-5.0.0.tgz 824ms (cache miss)
npm http fetch GET 200 https://registry.npmjs.org/is-inside-container/-/is-inside-container-1.0.0.tgz 824ms (cache miss)
npm http fetch GET 200 https://registry.npmjs.org/@babel/helper-validator-identifier/-/helper-validator-identifier-7.28.5.tgz 827ms (cache miss)
npm http fetch GET 200 https://registry.npmjs.org/@babel/helper-string-parser/-/helper-string-parser-7.27.1.tgz 843ms (cache miss)
npm http fetch GET 200 https://registry.npmjs.org/space-separated-tokens/-/space-separated-tokens-2.0.2.tgz 842ms (cache miss)
npm http fetch GET 200 https://registry.npmjs.org/hast-util-is-element/-/hast-util-is-element-3.0.0.tgz 843ms (cache miss)
npm http fetch GET 200 https://registry.npmjs.org/web-namespaces/-/web-namespaces-2.0.1.tgz 856ms (cache miss)
npm http fetch GET 200 https://registry.npmjs.org/vfile-location/-/vfile-location-5.0.3.tgz 856ms (cache miss)
npm http fetch GET 200 https://registry.npmjs.org/domhandler/-/domhandler-5.0.3.tgz 894ms (cache miss)
npm http fetch GET 200 https://registry.npmjs.org/hast-util-parse-selector/-/hast-util-parse-selector-4.0.0.tgz 877ms (cache miss)
npm http fetch GET 200 https://registry.npmjs.org/comma-separated-tokens/-/comma-separated-tokens-2.0.3.tgz 877ms (cache miss)
npm http fetch GET 200 https://registry.npmjs.org/dequal/-/dequal-2.0.3.tgz 877ms (cache miss)
npm http fetch GET 200 https://registry.npmjs.org/@types/unist/-/unist-3.0.3.tgz 876ms (cache miss)
npm http fetch GET 200 https://registry.npmjs.org/vfile-message/-/vfile-message-4.0.3.tgz 877ms (cache miss)
npm http fetch GET 200 https://registry.npmjs.org/hast-util-from-parse5/-/hast-util-from-parse5-8.0.3.tgz 895ms (cache miss)
npm http fetch GET 200 https://registry.npmjs.org/commander/-/commander-11.1.0.tgz 942ms (cache miss)
npm http fetch GET 200 https://registry.npmjs.org/micromark-extension-gfm-task-list-item/-/micromark-extension-gfm-task-list-item-2.1.0.tgz 938ms (cache miss)
npm http fetch GET 200 https://registry.npmjs.org/devlop/-/devlop-1.1.0.tgz 922ms (cache miss)
npm http fetch GET 200 https://registry.npmjs.org/widest-line/-/widest-line-5.0.0.tgz 922ms (cache miss)
npm http fetch GET 200 https://registry.npmjs.org/string-width/-/string-width-7.2.0.tgz 921ms (cache miss)
npm http fetch GET 200 https://registry.npmjs.org/@img/sharp-linux-arm64/-/sharp-linux-arm64-0.34.5.tgz 951ms (cache miss)
npm http fetch GET 200 https://registry.npmjs.org/camelcase/-/camelcase-8.0.0.tgz 932ms (cache miss)
npm http fetch GET 200 https://registry.npmjs.org/@types/hast/-/hast-3.0.4.tgz 933ms (cache miss)
npm http fetch GET 200 https://registry.npmjs.org/cli-boxes/-/cli-boxes-3.0.0.tgz 932ms (cache miss)
npm http fetch GET 200 https://registry.npmjs.org/micromark-extension-gfm-autolink-literal/-/micromark-extension-gfm-autolink-literal-2.1.0.tgz 958ms (cache miss)
npm http fetch GET 200 https://registry.npmjs.org/argparse/-/argparse-2.0.1.tgz 947ms (cache miss)
npm http fetch GET 200 https://registry.npmjs.org/wrap-ansi/-/wrap-ansi-9.0.2.tgz 944ms (cache miss)
npm http fetch GET 200 https://registry.npmjs.org/ansi-align/-/ansi-align-3.0.1.tgz 943ms (cache miss)
npm http fetch GET 200 https://registry.npmjs.org/which-pm-runs/-/which-pm-runs-1.1.0.tgz 943ms (cache miss)
npm http fetch GET 200 https://registry.npmjs.org/tiny-inflate/-/tiny-inflate-1.0.3.tgz 957ms (cache miss)
npm http fetch GET 200 https://registry.npmjs.org/@types/estree/-/estree-1.0.8.tgz 955ms (cache miss)
npm http fetch GET 200 https://registry.npmjs.org/is-docker/-/is-docker-3.0.0.tgz 955ms (cache miss)
npm http fetch GET 200 https://registry.npmjs.org/is-wsl/-/is-wsl-3.1.1.tgz 955ms (cache miss)
npm http fetch GET 200 https://registry.npmjs.org/unist-util-remove-position/-/unist-util-remove-position-5.0.0.tgz 955ms (cache miss)
npm http fetch GET 200 https://registry.npmjs.org/remark-smartypants/-/remark-smartypants-3.0.2.tgz 967ms (cache miss)
npm http fetch GET 200 https://registry.npmjs.org/rehype-stringify/-/rehype-stringify-10.0.1.tgz 967ms (cache miss)
npm http fetch GET 200 https://registry.npmjs.org/remark-parse/-/remark-parse-11.0.0.tgz 979ms (cache miss)
npm http fetch GET 200 https://registry.npmjs.org/rehype-raw/-/rehype-raw-7.0.0.tgz 979ms (cache miss)
npm http fetch GET 200 https://registry.npmjs.org/remark-gfm/-/remark-gfm-4.0.1.tgz 989ms (cache miss)
npm http fetch GET 200 https://registry.npmjs.org/hast-util-to-text/-/hast-util-to-text-4.0.2.tgz 989ms (cache miss)
npm http fetch GET 200 https://registry.npmjs.org/hast-util-from-html/-/hast-util-from-html-2.0.3.tgz 988ms (cache miss)
npm http fetch GET 200 https://registry.npmjs.org/mdast-util-definitions/-/mdast-util-definitions-6.0.0.tgz 996ms (cache miss)
npm http fetch GET 200 https://registry.npmjs.org/@astrojs/prism/-/prism-3.3.0.tgz 996ms (cache miss)
npm http fetch GET 200 https://registry.npmjs.org/yocto-spinner/-/yocto-spinner-0.2.3.tgz 995ms (cache miss)
npm http fetch GET 200 https://registry.npmjs.org/micromark-extension-gfm-footnote/-/micromark-extension-gfm-footnote-2.1.0.tgz 1027ms (cache miss)
npm http fetch GET 200 https://registry.npmjs.org/eventemitter3/-/eventemitter3-5.0.4.tgz 1016ms (cache miss)
npm http fetch GET 200 https://registry.npmjs.org/remark-rehype/-/remark-rehype-11.1.2.tgz 1009ms (cache miss)
npm http fetch GET 200 https://registry.npmjs.org/zod-to-ts/-/zod-to-ts-1.2.0.tgz 1033ms (cache miss)
npm http fetch GET 200 https://registry.npmjs.org/vitefu/-/vitefu-1.1.3.tgz 1033ms (cache miss)
npm http fetch GET 200 https://registry.npmjs.org/unist-util-visit/-/unist-util-visit-5.1.0.tgz 1033ms (cache miss)
npm http fetch GET 200 https://registry.npmjs.org/tinyglobby/-/tinyglobby-0.2.16.tgz 1033ms (cache miss)
npm http fetch GET 200 https://registry.npmjs.org/tinyexec/-/tinyexec-1.1.2.tgz 1043ms (cache miss)
npm http fetch GET 200 https://registry.npmjs.org/rehype/-/rehype-13.0.2.tgz 1052ms (cache miss)
npm http fetch GET 200 https://registry.npmjs.org/piccolore/-/piccolore-0.1.3.tgz 1061ms (cache miss)
npm http fetch GET 200 https://registry.npmjs.org/p-limit/-/p-limit-6.2.0.tgz 1060ms (cache miss)
npm http fetch GET 200 https://registry.npmjs.org/mrmime/-/mrmime-2.0.1.tgz 1061ms (cache miss)
npm http fetch GET 200 https://registry.npmjs.org/package-manager-detector/-/package-manager-detector-1.6.0.tgz 1069ms (cache miss)
npm http fetch GET 200 https://registry.npmjs.org/fontace/-/fontace-0.4.1.tgz 1066ms (cache miss)
npm http fetch GET 200 https://registry.npmjs.org/html-escaper/-/html-escaper-3.0.3.tgz 1068ms (cache miss)
npm http fetch GET 200 https://registry.npmjs.org/github-slugger/-/github-slugger-2.0.0.tgz 1068ms (cache miss)
npm http fetch GET 200 https://registry.npmjs.org/http-cache-semantics/-/http-cache-semantics-4.2.0.tgz 1077ms (cache miss)
npm http fetch GET 200 https://registry.npmjs.org/estree-walker/-/estree-walker-3.0.3.tgz 1076ms (cache miss)
npm http fetch GET 200 https://registry.npmjs.org/ms/-/ms-2.1.3.tgz 1077ms (cache miss)
npm http fetch GET 200 https://registry.npmjs.org/flattie/-/flattie-1.1.1.tgz 1084ms (cache miss)
npm http fetch GET 200 https://registry.npmjs.org/@ungap/structured-clone/-/structured-clone-1.3.0.tgz 1109ms (cache miss)
npm http fetch GET 200 https://registry.npmjs.org/dset/-/dset-3.1.4.tgz 1092ms (cache miss)
npm http fetch GET 200 https://registry.npmjs.org/deterministic-object-hash/-/deterministic-object-hash-2.0.2.tgz 1092ms (cache miss)
npm http fetch GET 200 https://registry.npmjs.org/debug/-/debug-4.4.3.tgz 1091ms (cache miss)
npm http fetch GET 200 https://registry.npmjs.org/devalue/-/devalue-5.7.1.tgz 1098ms (cache miss)
npm http fetch GET 200 https://registry.npmjs.org/common-ancestor-path/-/common-ancestor-path-1.0.1.tgz 1097ms (cache miss)
npm http fetch GET 200 https://registry.npmjs.org/cssesc/-/cssesc-3.0.0.tgz 1097ms (cache miss)
npm http fetch GET 200 https://registry.npmjs.org/@shikijs/engine-oniguruma/-/engine-oniguruma-3.23.0.tgz 1135ms (cache miss)
npm http fetch GET 200 https://registry.npmjs.org/dlv/-/dlv-1.1.3.tgz 1106ms (cache miss)
npm http fetch GET 200 https://registry.npmjs.org/boxen/-/boxen-8.0.1.tgz 1104ms (cache miss)
npm http fetch GET 200 https://registry.npmjs.org/unifont/-/unifont-0.7.4.tgz 1117ms (cache miss)
npm http fetch GET 200 https://registry.npmjs.org/ci-info/-/ci-info-4.4.0.tgz 1111ms (cache miss)
npm http fetch GET 200 https://registry.npmjs.org/fontkitten/-/fontkitten-1.0.3.tgz 1129ms (cache miss)
npm http fetch GET 200 https://registry.npmjs.org/cookie/-/cookie-1.1.1.tgz 1118ms (cache miss)
npm http fetch GET 200 https://registry.npmjs.org/esbuild/-/esbuild-0.27.7.tgz 1125ms (cache miss)
npm http fetch GET 200 https://registry.npmjs.org/@oslojs/encoding/-/encoding-1.1.0.tgz 1123ms (cache miss)
npm http fetch GET 200 https://registry.npmjs.org/mdast-util-from-markdown/-/mdast-util-from-markdown-2.0.3.tgz 1156ms (cache miss)
npm http fetch GET 200 https://registry.npmjs.org/@capsizecss/unpack/-/unpack-4.0.0.tgz 1132ms (cache miss)
npm http fetch GET 200 https://registry.npmjs.org/@astrojs/telemetry/-/telemetry-3.3.0.tgz 1133ms (cache miss)
npm http fetch GET 200 https://registry.npmjs.org/@astrojs/internal-helpers/-/internal-helpers-0.7.6.tgz 1133ms (cache miss)
npm http fetch GET 200 https://registry.npmjs.org/clsx/-/clsx-2.1.1.tgz 1139ms (cache miss)
npm http fetch GET 200 https://registry.npmjs.org/string-width/-/string-width-4.2.3.tgz 1136ms (cache miss)
npm http fetch GET 200 https://registry.npmjs.org/micromark-util-symbol/-/micromark-util-symbol-2.0.1.tgz 1165ms (cache miss)
npm http fetch GET 200 https://registry.npmjs.org/unist-util-visit-parents/-/unist-util-visit-parents-6.0.2.tgz 1154ms (cache miss)
npm http fetch GET 200 https://registry.npmjs.org/picomatch/-/picomatch-4.0.4.tgz 1149ms (cache miss)
npm http fetch GET 200 https://registry.npmjs.org/es-module-lexer/-/es-module-lexer-1.7.0.tgz 1147ms (cache miss)
npm http fetch GET 200 https://registry.npmjs.org/ansi-regex/-/ansi-regex-5.0.1.tgz 1143ms (cache miss)
npm http fetch GET 200 https://registry.npmjs.org/emoji-regex/-/emoji-regex-8.0.0.tgz 1142ms (cache miss)
npm http fetch GET 200 https://registry.npmjs.org/p-queue/-/p-queue-8.1.1.tgz 1151ms (cache miss)
npm http fetch GET 200 https://registry.npmjs.org/strip-ansi/-/strip-ansi-6.0.1.tgz 1144ms (cache miss)
npm http fetch GET 200 https://registry.npmjs.org/estree-walker/-/estree-walker-2.0.2.tgz 1147ms (cache miss)
npm http fetch GET 200 https://registry.npmjs.org/@astrojs/markdown-remark/-/markdown-remark-6.3.11.tgz 1149ms (cache miss)
npm http fetch GET 200 https://registry.npmjs.org/unified/-/unified-11.0.5.tgz 1165ms (cache miss)
npm http fetch GET 200 https://registry.npmjs.org/base-64/-/base-64-1.0.0.tgz 1163ms (cache miss)
npm http fetch GET 200 https://registry.npmjs.org/xxhash-wasm/-/xxhash-wasm-1.1.0.tgz 1178ms (cache miss)
npm http fetch GET 200 https://registry.npmjs.org/esbuild/-/esbuild-0.25.12.tgz 1171ms (cache miss)
npm http fetch GET 200 https://registry.npmjs.org/@rollup/pluginutils/-/pluginutils-5.3.0.tgz 1180ms (cache miss)
npm http fetch GET 200 https://registry.npmjs.org/source-map-js/-/source-map-js-1.2.1.tgz 1203ms (cache miss)
npm http fetch GET 200 https://registry.npmjs.org/picomatch/-/picomatch-2.3.2.tgz 1186ms (cache miss)
npm http fetch GET 200 https://registry.npmjs.org/chalk/-/chalk-5.6.2.tgz 1207ms (cache miss)
npm http fetch GET 200 https://registry.npmjs.org/nth-check/-/nth-check-2.1.1.tgz 1235ms (cache miss)
npm http fetch GET 200 https://registry.npmjs.org/tsconfck/-/tsconfck-3.1.6.tgz 1205ms (cache miss)
npm http fetch GET 200 https://registry.npmjs.org/yargs-parser/-/yargs-parser-21.1.1.tgz 1209ms (cache miss)
npm http fetch GET 200 https://registry.npmjs.org/stringify-entities/-/stringify-entities-4.0.4.tgz 1240ms (cache miss)
npm http fetch GET 200 https://registry.npmjs.org/magic-string/-/magic-string-0.30.21.tgz 1251ms (cache miss)
npm http fetch GET 200 https://registry.npmjs.org/import-meta-resolve/-/import-meta-resolve-4.2.0.tgz 1250ms (cache miss)
npm http fetch GET 200 https://registry.npmjs.org/magicast/-/magicast-0.5.2.tgz 1251ms (cache miss)
npm http fetch GET 200 https://registry.npmjs.org/hastscript/-/hastscript-9.0.1.tgz 1277ms (cache miss)
npm http fetch GET 200 https://registry.npmjs.org/mdn-data/-/mdn-data-2.27.1.tgz 1303ms (cache miss)
npm http fetch GET 200 https://registry.npmjs.org/@jridgewell/sourcemap-codec/-/sourcemap-codec-1.5.5.tgz 1285ms (cache miss)
npm http fetch GET 200 https://registry.npmjs.org/css-what/-/css-what-6.2.2.tgz 1307ms (cache miss)
npm http fetch GET 200 https://registry.npmjs.org/neotraverse/-/neotraverse-0.6.18.tgz 1281ms (cache miss)
npm http fetch GET 200 https://registry.npmjs.org/smol-toml/-/smol-toml-1.6.1.tgz 1291ms (cache miss)
npm http fetch GET 200 https://registry.npmjs.org/acorn/-/acorn-8.16.0.tgz 1284ms (cache miss)
npm http fetch GET 200 https://registry.npmjs.org/micromark-extension-gfm-table/-/micromark-extension-gfm-table-2.1.1.tgz 1318ms (cache miss)
npm http fetch GET 200 https://registry.npmjs.org/vfile/-/vfile-6.0.3.tgz 1326ms (cache miss)
npm http fetch GET 200 https://registry.npmjs.org/node-fetch-native/-/node-fetch-native-1.6.7.tgz 1399ms (cache miss)
npm http fetch GET 200 https://registry.npmjs.org/node-mock-http/-/node-mock-http-1.0.4.tgz 1414ms (cache miss)
npm http fetch GET 200 https://registry.npmjs.org/postcss/-/postcss-8.5.12.tgz 1420ms (cache miss)
npm http fetch GET 200 https://registry.npmjs.org/@rollup/rollup-linux-arm64-gnu/-/rollup-linux-arm64-gnu-4.60.2.tgz 1433ms (cache miss)
npm http fetch GET 200 https://registry.npmjs.org/rollup/-/rollup-4.60.2.tgz 1431ms (cache miss)
npm http fetch GET 200 https://registry.npmjs.org/mdn-data/-/mdn-data-2.0.28.tgz 1391ms (cache miss)
npm http fetch GET 200 https://registry.npmjs.org/oniguruma-to-es/-/oniguruma-to-es-4.3.6.tgz 1433ms (cache miss)
npm http fetch GET 200 https://registry.npmjs.org/ultrahtml/-/ultrahtml-1.6.0.tgz 1433ms (cache miss)
npm http fetch GET 200 https://registry.npmjs.org/sharp/-/sharp-0.34.5.tgz 1436ms (cache miss)
npm http fetch GET 200 https://registry.npmjs.org/@babel/parser/-/parser-7.29.2.tgz 1453ms (cache miss)
npm http fetch GET 200 https://registry.npmjs.org/parse-latin/-/parse-latin-7.0.0.tgz 1478ms (cache miss)
npm http fetch GET 200 https://registry.npmjs.org/semver/-/semver-7.7.4.tgz 1465ms (cache miss)
npm http fetch GET 200 https://registry.npmjs.org/js-yaml/-/js-yaml-4.1.1.tgz 1463ms (cache miss)
npm http fetch GET 200 https://registry.npmjs.org/hast-util-to-html/-/hast-util-to-html-9.0.5.tgz 1491ms (cache miss)
npm http fetch GET 200 https://registry.npmjs.org/regex/-/regex-6.1.0.tgz 1512ms (cache miss)
npm http fetch GET 200 https://registry.npmjs.org/crossws/-/crossws-0.3.5.tgz 1534ms (cache miss)
npm http fetch GET 200 https://registry.npmjs.org/property-information/-/property-information-7.1.0.tgz 1528ms (cache miss)
npm http fetch GET 200 https://registry.npmjs.org/domutils/-/domutils-3.2.2.tgz 1587ms (cache miss)
npm http fetch GET 200 https://registry.npmjs.org/micromark/-/micromark-4.0.2.tgz 1693ms (cache miss)
npm http fetch GET 200 https://registry.npmjs.org/vite/-/vite-6.4.2.tgz 1680ms (cache miss)
npm http fetch GET 200 https://registry.npmjs.org/lru-cache/-/lru-cache-11.3.5.tgz 1745ms (cache miss)
npm http fetch GET 200 https://registry.npmjs.org/prompts/-/prompts-2.4.2.tgz 1708ms (cache miss)
npm http fetch GET 200 https://registry.npmjs.org/entities/-/entities-4.5.0.tgz 1734ms (cache miss)
npm http fetch GET 200 https://registry.npmjs.org/mdast-util-to-hast/-/mdast-util-to-hast-13.2.1.tgz 1801ms (cache miss)
npm http fetch GET 200 https://registry.npmjs.org/parse5/-/parse5-7.3.0.tgz 1805ms (cache miss)
npm http fetch GET 200 https://registry.npmjs.org/csso/-/csso-5.0.5.tgz 1882ms (cache miss)
npm http fetch GET 200 https://registry.npmjs.org/entities/-/entities-6.0.1.tgz 1868ms (cache miss)
npm http fetch GET 200 https://registry.npmjs.org/@shikijs/themes/-/themes-3.23.0.tgz 1922ms (cache miss)
npm http fetch GET 200 https://registry.npmjs.org/micromark-core-commonmark/-/micromark-core-commonmark-2.0.3.tgz 1946ms (cache miss)
npm http fetch GET 200 https://registry.npmjs.org/@astrojs/compiler/-/compiler-2.13.1.tgz 1928ms (cache miss)
npm http fetch GET 200 https://registry.npmjs.org/type-fest/-/type-fest-4.41.0.tgz 1950ms (cache miss)
npm http fetch GET 200 https://registry.npmjs.org/css-select/-/css-select-5.2.2.tgz 1979ms (cache miss)
npm http fetch GET 200 https://registry.npmjs.org/unstorage/-/unstorage-1.17.5.tgz 2047ms (cache miss)
npm http fetch GET 200 https://registry.npmjs.org/diff/-/diff-8.0.4.tgz 2046ms (cache miss)
npm http fetch GET 200 https://registry.npmjs.org/mdast-util-to-markdown/-/mdast-util-to-markdown-2.1.2.tgz 2082ms (cache miss)
npm http fetch GET 200 https://registry.npmjs.org/oniguruma-parser/-/oniguruma-parser-0.12.2.tgz 2113ms (cache miss)
npm http fetch GET 200 https://registry.npmjs.org/@esbuild/linux-arm64/-/linux-arm64-0.25.12.tgz 2082ms (cache miss)
npm http fetch GET 200 https://registry.npmjs.org/svgo/-/svgo-4.0.1.tgz 2093ms (cache miss)
npm http fetch GET 200 https://registry.npmjs.org/@esbuild/linux-arm64/-/linux-arm64-0.27.7.tgz 2104ms (cache miss)
npm http fetch GET 200 https://registry.npmjs.org/zod-to-json-schema/-/zod-to-json-schema-3.25.2.tgz 2127ms (cache miss)
npm http fetch GET 200 https://registry.npmjs.org/axobject-query/-/axobject-query-4.1.0.tgz 2168ms (cache miss)
npm http fetch GET 200 https://registry.npmjs.org/@babel/types/-/types-7.29.0.tgz 2259ms (cache miss)
npm http fetch GET 200 https://registry.npmjs.org/@img/sharp-libvips-linux-arm64/-/sharp-libvips-linux-arm64-1.2.4.tgz 2326ms (cache miss)
npm http fetch GET 200 https://registry.npmjs.org/aria-query/-/aria-query-5.3.2.tgz 2332ms (cache miss)
npm http fetch GET 200 https://registry.npmjs.org/css-tree/-/css-tree-2.2.1.tgz 2385ms (cache miss)
npm http fetch GET 200 https://registry.npmjs.org/css-tree/-/css-tree-3.2.1.tgz 2460ms (cache miss)
npm http fetch GET 200 https://registry.npmjs.org/typescript/-/typescript-5.9.3.tgz 2496ms (cache miss)
npm http fetch GET 200 https://registry.npmjs.org/prismjs/-/prismjs-1.30.0.tgz 2561ms (cache miss)
npm http fetch GET 200 https://registry.npmjs.org/@shikijs/langs/-/langs-3.23.0.tgz 2614ms (cache miss)
npm http fetch GET 200 https://registry.npmjs.org/zod/-/zod-3.25.76.tgz 2686ms (cache miss)
npm http fetch GET 200 https://registry.npmjs.org/shiki/-/shiki-3.23.0.tgz 2708ms (cache miss)
npm http fetch GET 200 https://registry.npmjs.org/astro/-/astro-5.18.1.tgz 2848ms (cache miss)

added 277 packages in 31s
