npm http fetch GET 200 https://registry.npmjs.org/astro 175ms (cache miss)
npm http fetch GET 200 https://registry.npmjs.org/dlv 22ms (cache miss)
npm http fetch GET 200 https://registry.npmjs.org/clsx 37ms (cache miss)
npm http fetch GET 200 https://registry.npmjs.org/diff 21ms (cache miss)
npm http fetch GET 200 https://registry.npmjs.org/dset 19ms (cache miss)
npm http fetch GET 200 https://registry.npmjs.org/svgo 28ms (cache miss)
npm http fetch GET 200 https://registry.npmjs.org/zod 96ms (cache miss)
npm http fetch GET 200 https://registry.npmjs.org/acorn 47ms (cache miss)
npm http fetch GET 200 https://registry.npmjs.org/boxen 21ms (cache miss)
npm http fetch GET 200 https://registry.npmjs.org/debug 21ms (cache miss)
npm http fetch GET 200 https://registry.npmjs.org/shiki 25ms (cache miss)
npm http fetch GET 200 https://registry.npmjs.org/vfile 21ms (cache miss)
npm http fetch GET 200 https://registry.npmjs.org/cookie 21ms (cache miss)
npm http fetch GET 200 https://registry.npmjs.org/cssesc 20ms (cache miss)
npm http fetch GET 200 https://registry.npmjs.org/mrmime 16ms (cache miss)
npm http fetch GET 200 https://registry.npmjs.org/rehype 18ms (cache miss)
npm http fetch GET 200 https://registry.npmjs.org/semver 22ms (cache miss)
npm http fetch GET 200 https://registry.npmjs.org/vitefu 21ms (cache miss)
npm http fetch GET 200 https://registry.npmjs.org/ci-info 16ms (cache miss)
npm http fetch GET 200 https://registry.npmjs.org/devalue 18ms (cache miss)
npm http fetch GET 200 https://registry.npmjs.org/flattie 16ms (cache miss)
npm http fetch GET 200 https://registry.npmjs.org/fontace 17ms (cache miss)
npm http fetch GET 200 https://registry.npmjs.org/esbuild 60ms (cache miss)
npm http fetch GET 200 https://registry.npmjs.org/js-yaml 29ms (cache miss)
npm http fetch GET 200 https://registry.npmjs.org/p-limit 18ms (cache miss)
npm http fetch GET 200 https://registry.npmjs.org/p-queue 23ms (cache miss)
npm http fetch GET 200 https://registry.npmjs.org/prompts 19ms (cache miss)
npm http fetch GET 200 https://registry.npmjs.org/unifont 17ms (cache miss)
npm http fetch GET 200 https://registry.npmjs.org/magicast 16ms (cache miss)
npm http fetch GET 200 https://registry.npmjs.org/tinyexec 17ms (cache miss)
npm http fetch GET 200 https://registry.npmjs.org/tsconfck 18ms (cache miss)
npm http fetch GET 200 https://registry.npmjs.org/piccolore 17ms (cache miss)
npm http fetch GET 200 https://registry.npmjs.org/picomatch 18ms (cache miss)
npm http fetch GET 200 https://registry.npmjs.org/smol-toml 19ms (cache miss)
npm http fetch GET 200 https://registry.npmjs.org/ultrahtml 19ms (cache miss)
npm http fetch GET 200 https://registry.npmjs.org/zod-to-ts 18ms (cache miss)
npm http fetch GET 200 https://registry.npmjs.org/unstorage 30ms (cache miss)
npm http fetch GET 200 https://registry.npmjs.org/aria-query 16ms (cache miss)
npm http fetch GET 200 https://registry.npmjs.org/tinyglobby 16ms (cache miss)
npm http fetch GET 200 https://registry.npmjs.org/neotraverse 17ms (cache miss)
npm http fetch GET 200 https://registry.npmjs.org/xxhash-wasm 17ms (cache miss)
npm http fetch GET 200 https://registry.npmjs.org/magic-string 23ms (cache miss)
npm http fetch GET 200 https://registry.npmjs.org/html-escaper 50ms (cache miss)
npm http fetch GET 200 https://registry.npmjs.org/yargs-parser 24ms (cache miss)
npm http fetch GET 200 https://registry.npmjs.org/estree-walker 15ms (cache miss)
npm http fetch GET 200 https://registry.npmjs.org/axobject-query 17ms (cache miss)
npm http fetch GET 200 https://registry.npmjs.org/github-slugger 15ms (cache miss)
npm http fetch GET 200 https://registry.npmjs.org/es-module-lexer 20ms (cache miss)
npm http fetch GET 200 https://registry.npmjs.org/@oslojs%2fencoding 24ms (cache miss)
npm http fetch GET 200 https://registry.npmjs.org/unist-util-visit 16ms (cache miss)
npm http fetch GET 200 https://registry.npmjs.org/yocto-spinner 131ms (cache miss)
npm http fetch GET 200 https://registry.npmjs.org/@astrojs%2fcompiler 46ms (cache miss)
npm http fetch GET 200 https://registry.npmjs.org/@astrojs%2ftelemetry 34ms (cache miss)
npm http fetch GET 200 https://registry.npmjs.org/@capsizecss%2funpack 29ms (cache miss)
npm http fetch GET 200 https://registry.npmjs.org/zod-to-json-schema 27ms (cache miss)
npm http fetch GET 200 https://registry.npmjs.org/import-meta-resolve 17ms (cache miss)
npm http fetch GET 200 https://registry.npmjs.org/@rollup%2fpluginutils 27ms (cache miss)
npm http fetch GET 200 https://registry.npmjs.org/common-ancestor-path 16ms (cache miss)
npm http fetch GET 200 https://registry.npmjs.org/http-cache-semantics 17ms (cache miss)
npm http fetch GET 200 https://registry.npmjs.org/package-manager-detector 17ms (cache miss)
npm http fetch GET 200 https://registry.npmjs.org/@astrojs%2fmarkdown-remark 38ms (cache miss)
npm http fetch GET 200 https://registry.npmjs.org/@astrojs%2finternal-helpers 28ms (cache miss)
npm http fetch GET 200 https://registry.npmjs.org/deterministic-object-hash 17ms (cache miss)
npm http fetch GET 200 https://registry.npmjs.org/sharp 37ms (cache miss)
npm http fetch GET 200 https://registry.npmjs.org/vite 1129ms (cache miss)
npm http fetch GET 200 https://registry.npmjs.org/typescript 205ms (cache miss)
npm http fetch GET 200 https://registry.npmjs.org/remark-gfm 20ms (cache miss)
npm http fetch GET 200 https://registry.npmjs.org/rehype-raw 22ms (cache miss)
npm http fetch GET 200 https://registry.npmjs.org/unified 29ms (cache miss)
npm http fetch GET 200 https://registry.npmjs.org/remark-parse 22ms (cache miss)
npm http fetch GET 200 https://registry.npmjs.org/remark-rehype 23ms (cache miss)
npm http fetch GET 200 https://registry.npmjs.org/@astrojs%2fprism 27ms (cache miss)
npm http fetch GET 200 https://registry.npmjs.org/rehype-stringify 20ms (cache miss)
npm http fetch GET 200 https://registry.npmjs.org/hast-util-to-text 19ms (cache miss)
npm http fetch GET 200 https://registry.npmjs.org/remark-smartypants 15ms (cache miss)
npm http fetch GET 200 https://registry.npmjs.org/hast-util-from-html 17ms (cache miss)
npm http fetch GET 200 https://registry.npmjs.org/mdast-util-definitions 21ms (cache miss)
npm http fetch GET 200 https://registry.npmjs.org/unist-util-visit-parents 17ms (cache miss)
npm http fetch GET 200 https://registry.npmjs.org/is-wsl 39ms (cache miss)
npm http fetch GET 200 https://registry.npmjs.org/unist-util-remove-position 49ms (cache miss)
npm http fetch GET 200 https://registry.npmjs.org/debug 48ms (cache revalidated)
npm http fetch GET 200 https://registry.npmjs.org/is-docker 16ms (cache miss)
npm http fetch GET 200 https://registry.npmjs.org/which-pm-runs 14ms (cache miss)
npm http fetch GET 200 https://registry.npmjs.org/ci-info 29ms (cache revalidated)
npm http fetch GET 200 https://registry.npmjs.org/fontkitten 17ms (cache miss)
npm http fetch GET 200 https://registry.npmjs.org/estree-walker 14ms (cache revalidated)
npm http fetch GET 200 https://registry.npmjs.org/@types%2festree 26ms (cache miss)
npm http fetch GET 200 https://registry.npmjs.org/picomatch 18ms (cache revalidated)
npm http fetch GET 200 https://registry.npmjs.org/chalk 20ms (cache miss)
npm http fetch GET 200 https://registry.npmjs.org/camelcase 20ms (cache miss)
npm http fetch GET 200 https://registry.npmjs.org/cli-boxes 18ms (cache miss)
npm http fetch GET 200 https://registry.npmjs.org/ansi-align 16ms (cache miss)
npm http fetch GET 200 https://registry.npmjs.org/wrap-ansi 22ms (cache miss)
npm http fetch GET 200 https://registry.npmjs.org/type-fest 32ms (cache miss)
npm http fetch GET 200 https://registry.npmjs.org/widest-line 19ms (cache miss)
npm http fetch GET 200 https://registry.npmjs.org/string-width 19ms (cache miss)
npm http fetch GET 200 https://registry.npmjs.org/ms 16ms (cache miss)
npm http fetch GET 200 https://registry.npmjs.org/base-64 16ms (cache miss)
npm http fetch GET 200 https://registry.npmjs.org/@esbuild%2faix-ppc64 27ms (cache miss)
npm http fetch GET 200 https://registry.npmjs.org/@esbuild%2flinux-arm 30ms (cache miss)
npm http fetch GET 200 https://registry.npmjs.org/@esbuild%2flinux-x64 33ms (cache miss)
npm http fetch GET 200 https://registry.npmjs.org/@esbuild%2fsunos-x64 29ms (cache miss)
npm http fetch GET 200 https://registry.npmjs.org/@esbuild%2fwin32-x64 30ms (cache miss)
npm http fetch GET 200 https://registry.npmjs.org/@esbuild%2fdarwin-x64 33ms (cache miss)
npm http fetch GET 200 https://registry.npmjs.org/@esbuild%2flinux-ia32 30ms (cache miss)
npm http fetch GET 200 https://registry.npmjs.org/@esbuild%2fnetbsd-x64 35ms (cache miss)
npm http fetch GET 200 https://registry.npmjs.org/@esbuild%2fwin32-ia32 34ms (cache miss)
npm http fetch GET 200 https://registry.npmjs.org/@esbuild%2fandroid-arm 34ms (cache miss)
npm http fetch GET 200 https://registry.npmjs.org/@esbuild%2fandroid-x64 37ms (cache miss)
npm http fetch GET 200 https://registry.npmjs.org/@esbuild%2ffreebsd-x64 33ms (cache miss)
npm http fetch GET 200 https://registry.npmjs.org/@esbuild%2flinux-arm64 33ms (cache miss)
npm http fetch GET 200 https://registry.npmjs.org/@esbuild%2flinux-ppc64 32ms (cache miss)
npm http fetch GET 200 https://registry.npmjs.org/@esbuild%2flinux-s390x 37ms (cache miss)
npm http fetch GET 200 https://registry.npmjs.org/@esbuild%2fopenbsd-x64 34ms (cache miss)
npm http fetch GET 200 https://registry.npmjs.org/@esbuild%2fwin32-arm64 27ms (cache miss)
npm http fetch GET 200 https://registry.npmjs.org/@esbuild%2fnetbsd-arm64 27ms (cache miss)
npm http fetch GET 200 https://registry.npmjs.org/@esbuild%2fdarwin-arm64 32ms (cache miss)
npm http fetch GET 200 https://registry.npmjs.org/@esbuild%2fandroid-arm64 27ms (cache miss)
npm http fetch GET 200 https://registry.npmjs.org/@esbuild%2ffreebsd-arm64 56ms (cache miss)
npm http fetch GET 200 https://registry.npmjs.org/@esbuild%2flinux-loong64 56ms (cache miss)
npm http fetch GET 200 https://registry.npmjs.org/@esbuild%2flinux-riscv64 45ms (cache miss)
npm http fetch GET 200 https://registry.npmjs.org/@esbuild%2fopenbsd-arm64 25ms (cache miss)
npm http fetch GET 200 https://registry.npmjs.org/@esbuild%2fopenharmony-arm64 25ms (cache miss)
npm http fetch GET 200 https://registry.npmjs.org/@esbuild%2flinux-mips64el 32ms (cache miss)
npm http fetch GET 200 https://registry.npmjs.org/fontkitten 21ms (cache revalidated)
npm http fetch GET 200 https://registry.npmjs.org/argparse 20ms (cache miss)
npm http fetch GET 200 https://registry.npmjs.org/@jridgewell%2fsourcemap-codec 27ms (cache miss)
npm http fetch GET 200 https://registry.npmjs.org/source-map-js 19ms (cache miss)
npm http fetch GET 200 https://registry.npmjs.org/@babel%2ftypes 41ms (cache miss)
npm http fetch GET 200 https://registry.npmjs.org/@babel%2fparser 43ms (cache miss)
npm http fetch GET 200 https://registry.npmjs.org/yocto-queue 16ms (cache miss)
npm http fetch GET 200 https://registry.npmjs.org/p-timeout 15ms (cache miss)
npm http fetch GET 200 https://registry.npmjs.org/eventemitter3 18ms (cache miss)
npm http fetch GET 200 https://registry.npmjs.org/kleur 18ms (cache miss)
npm http fetch GET 200 https://registry.npmjs.org/sisteransi 14ms (cache miss)
npm http fetch GET 200 https://registry.npmjs.org/@types%2fhast 22ms (cache miss)
npm http fetch GET 200 https://registry.npmjs.org/rehype-parse 19ms (cache miss)
npm http fetch GET 200 https://registry.npmjs.org/rehype-stringify 18ms (cache revalidated)
npm http fetch GET 200 https://registry.npmjs.org/unified 20ms (cache revalidated)
npm http fetch GET 200 https://registry.npmjs.org/detect-libc 21ms (cache miss)
npm http fetch GET 200 https://registry.npmjs.org/@img%2fcolour 27ms (cache miss)
npm http fetch GET 200 https://registry.npmjs.org/@img%2fsharp-wasm32 25ms (cache miss)
npm http fetch GET 200 https://registry.npmjs.org/@img%2fsharp-linux-x64 26ms (cache miss)
npm http fetch GET 200 https://registry.npmjs.org/@img%2fsharp-linux-arm 30ms (cache miss)
npm http fetch GET 200 https://registry.npmjs.org/@img%2fsharp-win32-x64 27ms (cache miss)
npm http fetch GET 200 https://registry.npmjs.org/@img%2fsharp-darwin-x64 29ms (cache miss)
npm http fetch GET 200 https://registry.npmjs.org/@img%2fsharp-win32-ia32 30ms (cache miss)
npm http fetch GET 200 https://registry.npmjs.org/@img%2fsharp-linux-arm64 24ms (cache miss)
npm http fetch GET 200 https://registry.npmjs.org/@img%2fsharp-linux-ppc64 25ms (cache miss)
npm http fetch GET 200 https://registry.npmjs.org/@img%2fsharp-linux-s390x 27ms (cache miss)
npm http fetch GET 200 https://registry.npmjs.org/@img%2fsharp-win32-arm64 24ms (cache miss)
npm http fetch GET 200 https://registry.npmjs.org/@img%2fsharp-darwin-arm64 28ms (cache miss)
npm http fetch GET 200 https://registry.npmjs.org/@img%2fsharp-linux-riscv64 29ms (cache miss)
npm http fetch GET 200 https://registry.npmjs.org/@img%2fsharp-linuxmusl-x64 24ms (cache miss)
npm http fetch GET 200 https://registry.npmjs.org/@img%2fsharp-linuxmusl-arm64 28ms (cache miss)
npm http fetch GET 200 https://registry.npmjs.org/@img%2fsharp-libvips-linux-arm 27ms (cache miss)
npm http fetch GET 200 https://registry.npmjs.org/@img%2fsharp-libvips-linux-x64 26ms (cache miss)
npm http fetch GET 200 https://registry.npmjs.org/@img%2fsharp-libvips-darwin-x64 26ms (cache miss)
npm http fetch GET 200 https://registry.npmjs.org/@img%2fsharp-libvips-linux-ppc64 25ms (cache miss)
npm http fetch GET 200 https://registry.npmjs.org/@img%2fsharp-libvips-linux-arm64 30ms (cache miss)
npm http fetch GET 200 https://registry.npmjs.org/@img%2fsharp-libvips-linux-s390x 28ms (cache miss)
npm http fetch GET 200 https://registry.npmjs.org/@img%2fsharp-libvips-darwin-arm64 25ms (cache miss)
npm http fetch GET 200 https://registry.npmjs.org/@img%2fsharp-libvips-linuxmusl-x64 30ms (cache miss)
npm http fetch GET 200 https://registry.npmjs.org/@img%2fsharp-libvips-linuxmusl-arm64 26ms (cache miss)
npm http fetch GET 200 https://registry.npmjs.org/@types%2fhast 22ms (cache revalidated)
npm http fetch GET 200 https://registry.npmjs.org/@img%2fsharp-libvips-linux-riscv64 77ms (cache miss)
npm http fetch GET 200 https://registry.npmjs.org/@shikijs%2fcore 41ms (cache miss)
npm http fetch GET 200 https://registry.npmjs.org/@shikijs%2flangs 30ms (cache miss)
npm http fetch GET 200 https://registry.npmjs.org/@shikijs%2ftypes 37ms (cache miss)
npm http fetch GET 200 https://registry.npmjs.org/@shikijs%2fthemes 30ms (cache miss)
npm http fetch GET 200 https://registry.npmjs.org/@shikijs%2fvscode-textmate 22ms (cache miss)
npm http fetch GET 200 https://registry.npmjs.org/@shikijs%2fengine-oniguruma 29ms (cache miss)
npm http fetch GET 200 https://registry.npmjs.org/sax 18ms (cache miss)
npm http fetch GET 200 https://registry.npmjs.org/@shikijs%2fengine-javascript 29ms (cache miss)
npm http fetch GET 200 https://registry.npmjs.org/csso 21ms (cache miss)
npm http fetch GET 200 https://registry.npmjs.org/css-tree 21ms (cache miss)
npm http fetch GET 200 https://registry.npmjs.org/css-what 19ms (cache miss)
npm http fetch GET 200 https://registry.npmjs.org/picocolors 21ms (cache miss)
npm http fetch GET 200 https://registry.npmjs.org/css-select 29ms (cache miss)
npm http fetch GET 200 https://registry.npmjs.org/commander 36ms (cache miss)
npm http fetch GET 200 https://registry.npmjs.org/fdir 22ms (cache miss)
npm http fetch GET 200 https://registry.npmjs.org/ohash 23ms (cache miss)
npm http fetch GET 200 https://registry.npmjs.org/undici 35ms (cache miss)
npm http fetch GET 200 https://registry.npmjs.org/css-tree 30ms (cache revalidated)
npm http fetch GET 200 https://registry.npmjs.org/@types%2funist 29ms (cache miss)
npm http fetch GET 200 https://registry.npmjs.org/unist-util-visit-parents 18ms (cache revalidated)
npm http fetch GET 200 https://registry.npmjs.org/unist-util-is 26ms (cache miss)
npm http fetch GET 200 https://registry.npmjs.org/h3 29ms (cache miss)
npm http fetch GET 200 https://registry.npmjs.org/destr 18ms (cache miss)
npm http fetch GET 200 https://registry.npmjs.org/ufo 23ms (cache miss)
npm http fetch GET 200 https://registry.npmjs.org/ofetch 20ms (cache miss)
npm http fetch GET 200 https://registry.npmjs.org/anymatch 16ms (cache miss)
npm http fetch GET 200 https://registry.npmjs.org/chokidar 21ms (cache miss)
npm http fetch GET 200 https://registry.npmjs.org/node-fetch-native 17ms (cache miss)
npm http fetch GET 200 https://registry.npmjs.org/lru-cache 26ms (cache miss)
npm http fetch GET 200 https://registry.npmjs.org/vfile-message 21ms (cache miss)
npm http fetch GET 200 https://registry.npmjs.org/fdir 15ms (cache revalidated)
npm http fetch GET 200 https://registry.npmjs.org/esbuild 17ms (cache revalidated)
npm http fetch GET 200 https://registry.npmjs.org/postcss 31ms (cache miss)
npm http fetch GET 200 https://registry.npmjs.org/fsevents 23ms (cache miss)
npm http fetch GET 200 https://registry.npmjs.org/yoctocolors 18ms (cache miss)
npm http fetch GET 200 https://registry.npmjs.org/rollup 94ms (cache miss)
npm http fetch GET 200 https://registry.npmjs.org/devlop 20ms (cache miss)
npm http fetch GET 200 https://registry.npmjs.org/hast-util-from-parse5 22ms (cache miss)
npm http fetch GET 200 https://registry.npmjs.org/prismjs 25ms (cache miss)
npm http fetch GET 200 https://registry.npmjs.org/parse5 17ms (cache miss)
npm http fetch GET 200 https://registry.npmjs.org/hast-util-is-element 19ms (cache miss)
npm http fetch GET 200 https://registry.npmjs.org/unist-util-find-after 21ms (cache miss)
npm http fetch GET 200 https://registry.npmjs.org/@types%2fmdast 18ms (cache miss)
npm http fetch GET 200 https://registry.npmjs.org/hast-util-raw 19ms (cache miss)
npm http fetch GET 200 https://registry.npmjs.org/hast-util-to-html 20ms (cache miss)
npm http fetch GET 200 https://registry.npmjs.org/mdast-util-gfm 30ms (cache miss)
npm http fetch GET 200 https://registry.npmjs.org/micromark-extension-gfm 27ms (cache miss)
npm http fetch GET 200 https://registry.npmjs.org/remark-stringify 25ms (cache miss)
npm http fetch GET 200 https://registry.npmjs.org/mdast-util-from-markdown 17ms (cache miss)
npm http fetch GET 200 https://registry.npmjs.org/micromark-util-types 21ms (cache miss)
npm http fetch GET 200 https://registry.npmjs.org/mdast-util-to-hast 24ms (cache miss)
npm http fetch GET 200 https://registry.npmjs.org/retext 16ms (cache miss)
npm http fetch GET 200 https://registry.npmjs.org/retext-smartypants 19ms (cache miss)
npm http fetch GET 200 https://registry.npmjs.org/devlop 16ms (cache revalidated)
npm http fetch GET 200 https://registry.npmjs.org/bail 23ms (cache miss)
npm http fetch GET 200 https://registry.npmjs.org/extend 17ms (cache miss)
npm http fetch GET 200 https://registry.npmjs.org/is-plain-obj 17ms (cache miss)
npm http fetch GET 200 https://registry.npmjs.org/trough 16ms (cache miss)
npm http fetch GET 200 https://registry.npmjs.org/is-inside-container 16ms (cache miss)
npm http fetch GET 200 https://registry.npmjs.org/tiny-inflate 17ms (cache miss)
npm http fetch GET 200 https://registry.npmjs.org/string-width 18ms (cache revalidated)
npm http fetch GET 200 https://registry.npmjs.org/strip-ansi 20ms (cache miss)
npm http fetch GET 200 https://registry.npmjs.org/emoji-regex 21ms (cache miss)
npm http fetch GET 200 https://registry.npmjs.org/get-east-asian-width 15ms (cache miss)
npm http fetch GET 200 https://registry.npmjs.org/ansi-styles 18ms (cache miss)
npm http fetch GET 200 https://registry.npmjs.org/strip-ansi 14ms (cache revalidated)
npm http fetch GET 200 https://registry.npmjs.org/emoji-regex 17ms (cache revalidated)
npm http fetch GET 200 https://registry.npmjs.org/is-fullwidth-code-point 19ms (cache miss)
npm http fetch GET 200 https://registry.npmjs.org/dequal 15ms (cache miss)
npm http fetch GET 200 https://registry.npmjs.org/hastscript 20ms (cache miss)
npm http fetch GET 200 https://registry.npmjs.org/@types%2funist 22ms (cache revalidated)
npm http fetch GET 200 https://registry.npmjs.org/property-information 21ms (cache miss)
npm http fetch GET 200 https://registry.npmjs.org/web-namespaces 19ms (cache miss)
npm http fetch GET 200 https://registry.npmjs.org/vfile-location 22ms (cache miss)
npm http fetch GET 200 https://registry.npmjs.org/entities 17ms (cache miss)
npm http fetch GET 200 https://registry.npmjs.org/unist-util-stringify-position 17ms (cache miss)
npm http fetch GET 200 https://registry.npmjs.org/space-separated-tokens 19ms (cache miss)
npm http fetch GET 200 https://registry.npmjs.org/hast-util-parse-selector 20ms (cache miss)
npm http fetch GET 200 https://registry.npmjs.org/comma-separated-tokens 22ms (cache miss)
npm http fetch GET 200 https://registry.npmjs.org/@babel%2ftypes 25ms (cache revalidated)
npm http fetch GET 200 https://registry.npmjs.org/@babel%2fhelper-string-parser 29ms (cache miss)
npm http fetch GET 200 https://registry.npmjs.org/@babel%2fhelper-validator-identifier 30ms (cache miss)
npm http fetch GET 200 https://registry.npmjs.org/html-void-elements 16ms (cache miss)
npm http fetch GET 200 https://registry.npmjs.org/hast-util-to-parse5 20ms (cache miss)
npm http fetch GET 200 https://registry.npmjs.org/@ungap%2fstructured-clone 27ms (cache miss)
npm http fetch GET 200 https://registry.npmjs.org/unist-util-position 16ms (cache miss)
npm http fetch GET 200 https://registry.npmjs.org/zwitch 17ms (cache miss)
npm http fetch GET 200 https://registry.npmjs.org/trim-lines 16ms (cache miss)
npm http fetch GET 200 https://registry.npmjs.org/micromark-util-sanitize-uri 18ms (cache miss)
npm http fetch GET 200 https://registry.npmjs.org/micromark-util-encode 19ms (cache miss)
npm http fetch GET 200 https://registry.npmjs.org/micromark-util-character 20ms (cache miss)
npm http fetch GET 200 https://registry.npmjs.org/micromark-util-symbol 26ms (cache miss)
npm http fetch GET 200 https://registry.npmjs.org/ccount 22ms (cache miss)
npm http fetch GET 200 https://registry.npmjs.org/hast-util-whitespace 23ms (cache miss)
npm http fetch GET 200 https://registry.npmjs.org/stringify-entities 23ms (cache miss)
npm http fetch GET 200 https://registry.npmjs.org/character-entities-legacy 16ms (cache miss)
npm http fetch GET 200 https://registry.npmjs.org/character-entities-html4 17ms (cache miss)
npm http fetch GET 200 https://registry.npmjs.org/mdast-util-gfm-strikethrough 18ms (cache miss)
npm http fetch GET 200 https://registry.npmjs.org/mdast-util-gfm-footnote 21ms (cache miss)
npm http fetch GET 200 https://registry.npmjs.org/mdast-util-gfm-autolink-literal 23ms (cache miss)
npm http fetch GET 200 https://registry.npmjs.org/mdast-util-gfm-task-list-item 18ms (cache miss)
npm http fetch GET 200 https://registry.npmjs.org/mdast-util-gfm-table 21ms (cache miss)
npm http fetch GET 200 https://registry.npmjs.org/mdast-util-to-markdown 22ms (cache miss)
npm http fetch GET 200 https://registry.npmjs.org/micromark-extension-gfm-autolink-literal 17ms (cache miss)
npm http fetch GET 200 https://registry.npmjs.org/micromark-extension-gfm-footnote 18ms (cache miss)
npm http fetch GET 200 https://registry.npmjs.org/micromark-extension-gfm-strikethrough 18ms (cache miss)
npm http fetch GET 200 https://registry.npmjs.org/micromark-extension-gfm-table 16ms (cache miss)
npm http fetch GET 200 https://registry.npmjs.org/micromark-extension-gfm-tagfilter 17ms (cache miss)
npm http fetch GET 200 https://registry.npmjs.org/micromark-extension-gfm-task-list-item 17ms (cache miss)
npm http fetch GET 200 https://registry.npmjs.org/micromark-util-combine-extensions 17ms (cache miss)
npm http fetch GET 200 https://registry.npmjs.org/decode-named-character-reference 20ms (cache miss)
npm http fetch GET 200 https://registry.npmjs.org/mdast-util-to-string 22ms (cache miss)
npm http fetch GET 200 https://registry.npmjs.org/micromark 24ms (cache miss)
npm http fetch GET 200 https://registry.npmjs.org/micromark-util-decode-string 17ms (cache miss)
npm http fetch GET 200 https://registry.npmjs.org/micromark-util-decode-numeric-character-reference 21ms (cache miss)
npm http fetch GET 200 https://registry.npmjs.org/micromark-util-normalize-identifier 18ms (cache miss)
npm http fetch GET 200 https://registry.npmjs.org/micromark-util-normalize-identifier 18ms (cache miss)
npm http fetch GET 200 https://registry.npmjs.org/mdast-util-find-and-replace 21ms (cache miss)
npm http fetch GET 200 https://registry.npmjs.org/markdown-table 19ms (cache miss)
npm http fetch GET 200 https://registry.npmjs.org/longest-streak 20ms (cache miss)
npm http fetch GET 200 https://registry.npmjs.org/micromark-util-html-tag-name 18ms (cache miss)
npm http fetch GET 200 https://registry.npmjs.org/mdast-util-phrasing 22ms (cache miss)
npm http fetch GET 200 https://registry.npmjs.org/micromark-util-classify-character 18ms (cache miss)
npm http fetch GET 200 https://registry.npmjs.org/micromark-util-chunked 18ms (cache miss)
npm http fetch GET 200 https://registry.npmjs.org/character-entities 20ms (cache miss)
npm http fetch GET 200 https://registry.npmjs.org/@types%2fdebug 24ms (cache miss)
npm http fetch GET 200 https://registry.npmjs.org/micromark-factory-space 15ms (cache miss)
npm http fetch GET 200 https://registry.npmjs.org/micromark-util-edit-map 17ms (cache miss)
npm http fetch GET 200 https://registry.npmjs.org/micromark-core-commonmark 17ms (cache miss)
npm http fetch GET 200 https://registry.npmjs.org/micromark-util-resolve-all 15ms (cache miss)
npm http fetch GET 200 https://registry.npmjs.org/micromark-util-subtokenize 15ms (cache miss)
npm http fetch GET 200 https://registry.npmjs.org/escape-string-regexp 15ms (cache miss)
npm http fetch GET 200 https://registry.npmjs.org/micromark-factory-label 18ms (cache miss)
npm http fetch GET 200 https://registry.npmjs.org/@types%2fms 22ms (cache miss)
npm http fetch GET 200 https://registry.npmjs.org/micromark-factory-space 23ms (cache revalidated)
npm http fetch GET 200 https://registry.npmjs.org/micromark-factory-whitespace 16ms (cache miss)
npm http fetch GET 200 https://registry.npmjs.org/micromark-factory-title 20ms (cache miss)
npm http fetch GET 200 https://registry.npmjs.org/micromark-factory-destination 16ms (cache miss)
npm http fetch GET 200 https://registry.npmjs.org/retext-latin 19ms (cache miss)
npm http fetch GET 200 https://registry.npmjs.org/@types%2fnlcst 21ms (cache miss)
npm http fetch GET 200 https://registry.npmjs.org/retext-stringify 23ms (cache miss)
npm http fetch GET 200 https://registry.npmjs.org/@types%2fnlcst 20ms (cache miss)
npm http fetch GET 200 https://registry.npmjs.org/nlcst-to-string 21ms (cache miss)
npm http fetch GET 200 https://registry.npmjs.org/parse-latin 20ms (cache miss)
npm http fetch GET 200 https://registry.npmjs.org/unist-util-visit-children 17ms (cache miss)
npm http fetch GET 200 https://registry.npmjs.org/unist-util-modify-children 19ms (cache miss)
npm http fetch GET 200 https://registry.npmjs.org/array-iterate 22ms (cache miss)
npm http fetch GET 200 https://registry.npmjs.org/@emnapi%2fruntime 32ms (cache miss)
npm http fetch GET 200 https://registry.npmjs.org/tslib 18ms (cache miss)
npm http fetch GET 200 https://registry.npmjs.org/oniguruma-to-es 22ms (cache miss)
npm http fetch GET 200 https://registry.npmjs.org/regex-recursion 20ms (cache miss)
npm http fetch GET 200 https://registry.npmjs.org/oniguruma-parser 22ms (cache miss)
npm http fetch GET 200 https://registry.npmjs.org/regex 22ms (cache miss)
npm http fetch GET 200 https://registry.npmjs.org/regex-utilities 17ms (cache miss)
npm http fetch GET 200 https://registry.npmjs.org/regex-utilities 17ms (cache miss)
npm http fetch GET 200 https://registry.npmjs.org/ansi-regex 18ms (cache miss)
npm http fetch GET 200 https://registry.npmjs.org/nth-check 15ms (cache miss)
npm http fetch GET 200 https://registry.npmjs.org/boolbase 19ms (cache miss)
npm http fetch GET 200 https://registry.npmjs.org/domutils 21ms (cache miss)
npm http fetch GET 200 https://registry.npmjs.org/domhandler 17ms (cache miss)
npm http fetch GET 200 https://registry.npmjs.org/mdn-data 20ms (cache miss)
npm http fetch GET 200 https://registry.npmjs.org/domelementtype 18ms (cache miss)
npm http fetch GET 200 https://registry.npmjs.org/dom-serializer 19ms (cache miss)
npm http fetch GET 200 https://registry.npmjs.org/domelementtype 22ms (cache miss)
npm http fetch GET 200 https://registry.npmjs.org/mdn-data 13ms (cache revalidated)
npm http fetch GET 200 https://registry.npmjs.org/entities 16ms (cache revalidated)
npm http fetch GET 200 https://registry.npmjs.org/normalize-path 20ms (cache miss)
npm http fetch GET 200 https://registry.npmjs.org/readdirp 22ms (cache miss)
npm http fetch GET 200 https://registry.npmjs.org/defu 23ms (cache miss)
npm http fetch GET 200 https://registry.npmjs.org/radix3 20ms (cache miss)
npm http fetch GET 200 https://registry.npmjs.org/uncrypto 18ms (cache miss)
npm http fetch GET 200 https://registry.npmjs.org/crossws 21ms (cache miss)
npm http fetch GET 200 https://registry.npmjs.org/cookie-es 19ms (cache miss)
npm http fetch GET 200 https://registry.npmjs.org/node-mock-http 17ms (cache miss)
npm http fetch GET 200 https://registry.npmjs.org/iron-webcrypto 21ms (cache miss)
npm http fetch GET 200 https://registry.npmjs.org/ufo 20ms (cache revalidated)
npm http fetch GET 200 https://registry.npmjs.org/@esbuild%2flinux-arm 23ms (cache revalidated)
npm http fetch GET 200 https://registry.npmjs.org/@esbuild%2flinux-x64 27ms (cache revalidated)
npm http fetch GET 200 https://registry.npmjs.org/@esbuild%2faix-ppc64 30ms (cache revalidated)
npm http fetch GET 200 https://registry.npmjs.org/@esbuild%2fsunos-x64 21ms (cache revalidated)
npm http fetch GET 200 https://registry.npmjs.org/@esbuild%2fdarwin-x64 28ms (cache revalidated)
npm http fetch GET 200 https://registry.npmjs.org/@esbuild%2fwin32-x64 32ms (cache revalidated)
npm http fetch GET 200 https://registry.npmjs.org/@esbuild%2flinux-ia32 22ms (cache revalidated)
npm http fetch GET 200 https://registry.npmjs.org/@esbuild%2fwin32-ia32 25ms (cache revalidated)
npm http fetch GET 200 https://registry.npmjs.org/@esbuild%2fnetbsd-x64 30ms (cache revalidated)
npm http fetch GET 200 https://registry.npmjs.org/@esbuild%2fandroid-arm 26ms (cache revalidated)
npm http fetch GET 200 https://registry.npmjs.org/@esbuild%2fandroid-x64 31ms (cache revalidated)
npm http fetch GET 200 https://registry.npmjs.org/@esbuild%2flinux-arm64 26ms (cache revalidated)
npm http fetch GET 200 https://registry.npmjs.org/@esbuild%2ffreebsd-x64 32ms (cache revalidated)
npm http fetch GET 200 https://registry.npmjs.org/@esbuild%2flinux-s390x 29ms (cache revalidated)
npm http fetch GET 200 https://registry.npmjs.org/@esbuild%2flinux-ppc64 34ms (cache revalidated)
npm http fetch GET 200 https://registry.npmjs.org/@esbuild%2fopenbsd-x64 34ms (cache revalidated)
npm http fetch GET 200 https://registry.npmjs.org/@esbuild%2fwin32-arm64 25ms (cache revalidated)
npm http fetch GET 200 https://registry.npmjs.org/@esbuild%2fnetbsd-arm64 24ms (cache revalidated)
npm http fetch GET 200 https://registry.npmjs.org/@esbuild%2fdarwin-arm64 30ms (cache revalidated)
npm http fetch GET 200 https://registry.npmjs.org/@esbuild%2fandroid-arm64 21ms (cache revalidated)
npm http fetch GET 200 https://registry.npmjs.org/@esbuild%2flinux-loong64 23ms (cache revalidated)
npm http fetch GET 200 https://registry.npmjs.org/@esbuild%2ffreebsd-arm64 30ms (cache revalidated)
npm http fetch GET 200 https://registry.npmjs.org/@esbuild%2flinux-riscv64 21ms (cache revalidated)
npm http fetch GET 200 https://registry.npmjs.org/@esbuild%2fopenbsd-arm64 26ms (cache revalidated)
npm http fetch GET 200 https://registry.npmjs.org/@esbuild%2flinux-mips64el 25ms (cache revalidated)
npm http fetch GET 200 https://registry.npmjs.org/@esbuild%2fopenharmony-arm64 23ms (cache revalidated)
npm http fetch GET 200 https://registry.npmjs.org/nanoid 24ms (cache miss)
npm http fetch GET 200 https://registry.npmjs.org/@rollup%2frollup-freebsd-x64 28ms (cache miss)
npm http fetch GET 200 https://registry.npmjs.org/@rollup%2frollup-darwin-x64 36ms (cache miss)
npm http fetch GET 200 https://registry.npmjs.org/@rollup%2frollup-openbsd-x64 24ms (cache miss)
npm http fetch GET 200 https://registry.npmjs.org/@napi-rs%2flzma-linux-x64-gnu 26ms (cache miss)
npm http fetch GET 200 https://registry.npmjs.org/@rollup%2frollup-darwin-arm64 28ms (cache miss)
npm http fetch GET 200 https://registry.npmjs.org/@rollup%2frollup-android-arm64 37ms (cache miss)
npm http fetch GET 200 https://registry.npmjs.org/@rollup%2frollup-freebsd-arm64 31ms (cache miss)
npm http fetch GET 200 https://registry.npmjs.org/@rollup%2frollup-linux-x64-gnu 31ms (cache miss)
npm http fetch GET 200 https://registry.npmjs.org/@rollup%2frollup-win32-x64-gnu 30ms (cache miss)
npm http fetch GET 200 https://registry.npmjs.org/@rollup%2frollup-linux-x64-musl 30ms (cache miss)
npm http fetch GET 200 https://registry.npmjs.org/@rollup%2frollup-win32-x64-msvc 47ms (cache miss)
npm http fetch GET 200 https://registry.npmjs.org/@rollup%2frollup-linux-ppc64-gnu 30ms (cache miss)
npm http fetch GET 200 https://registry.npmjs.org/@rollup%2frollup-linux-arm64-gnu 39ms (cache miss)
npm http fetch GET 200 https://registry.npmjs.org/@rollup%2frollup-linux-s390x-gnu 32ms (cache miss)
npm http fetch GET 200 https://registry.npmjs.org/@rollup%2frollup-win32-ia32-msvc 33ms (cache miss)
npm http fetch GET 200 https://registry.npmjs.org/@rollup%2frollup-android-arm-eabi 36ms (cache miss)
npm http fetch GET 200 https://registry.npmjs.org/@rollup%2frollup-linux-arm64-musl 27ms (cache miss)
npm http fetch GET 200 https://registry.npmjs.org/@rollup%2frollup-linux-ppc64-musl 28ms (cache miss)
npm http fetch GET 200 https://registry.npmjs.org/@rollup%2frollup-win32-arm64-msvc 32ms (cache miss)
npm http fetch GET 200 https://registry.npmjs.org/@rollup%2frollup-openharmony-arm64 26ms (cache miss)
npm http fetch GET 200 https://registry.npmjs.org/@rollup%2frollup-linux-riscv64-gnu 38ms (cache miss)
npm http fetch GET 200 https://registry.npmjs.org/@rollup%2frollup-linux-loong64-musl 25ms (cache miss)
npm http fetch GET 200 https://registry.npmjs.org/@rollup%2frollup-linux-riscv64-musl 28ms (cache miss)
npm http fetch GET 200 https://registry.npmjs.org/@rollup%2frollup-linux-arm-gnueabihf 37ms (cache miss)
npm http fetch GET 200 https://registry.npmjs.org/@rollup%2frollup-linux-arm-musleabihf 34ms (cache miss)
npm http fetch GET 200 https://registry.npmjs.org/@rollup%2frollup-linux-loong64-gnu 113ms (cache miss)
npm http fetch GET 200 https://registry.npmjs.org/ansi-regex 16ms (cache revalidated)
npm http fetch GET 200 https://registry.npmjs.org/nanoid/-/nanoid-3.3.19.tgz 341ms (cache miss)
npm http fetch GET 200 https://registry.npmjs.org/yoctocolors/-/yoctocolors-2.2.0.tgz 342ms (cache miss)
npm http fetch GET 200 https://registry.npmjs.org/is-fullwidth-code-point/-/is-fullwidth-code-point-3.0.0.tgz 344ms (cache miss)
npm http fetch GET 200 https://registry.npmjs.org/normalize-path/-/normalize-path-3.0.0.tgz 349ms (cache miss)
npm http fetch GET 200 https://registry.npmjs.org/destr/-/destr-2.0.5.tgz 453ms (cache miss)
npm http fetch GET 200 https://registry.npmjs.org/ansi-styles/-/ansi-styles-6.2.3.tgz 457ms (cache miss)
npm http fetch GET 200 https://registry.npmjs.org/array-iterate/-/array-iterate-2.0.1.tgz 493ms (cache miss)
npm http fetch GET 200 https://registry.npmjs.org/uncrypto/-/uncrypto-0.1.3.tgz 512ms (cache miss)
npm http fetch GET 200 https://registry.npmjs.org/anymatch/-/anymatch-3.1.3.tgz 509ms (cache miss)
npm http fetch GET 200 https://registry.npmjs.org/ufo/-/ufo-1.6.4.tgz 526ms (cache miss)
npm http fetch GET 200 https://registry.npmjs.org/is-plain-obj/-/is-plain-obj-4.1.0.tgz 525ms (cache miss)
npm http fetch GET 200 https://registry.npmjs.org/bail/-/bail-2.0.2.tgz 545ms (cache miss)
npm http fetch GET 200 https://registry.npmjs.org/picocolors/-/picocolors-1.1.1.tgz 544ms (cache miss)
npm http fetch GET 200 https://registry.npmjs.org/radix3/-/radix3-1.1.2.tgz 565ms (cache miss)
npm http fetch GET 200 https://registry.npmjs.org/trough/-/trough-2.2.0.tgz 562ms (cache miss)
npm http fetch GET 200 https://registry.npmjs.org/strip-ansi/-/strip-ansi-7.2.0.tgz 560ms (cache miss)
npm http fetch GET 200 https://registry.npmjs.org/cookie-es/-/cookie-es-1.2.3.tgz 584ms (cache miss)
npm http fetch GET 200 https://registry.npmjs.org/boolbase/-/boolbase-1.0.0.tgz 581ms (cache miss)
npm http fetch GET 200 https://registry.npmjs.org/character-entities-html4/-/character-entities-html4-2.1.0.tgz 579ms (cache miss)
npm http fetch GET 200 https://registry.npmjs.org/readdirp/-/readdirp-5.1.1.tgz 600ms (cache miss)
npm http fetch GET 200 https://registry.npmjs.org/ansi-regex/-/ansi-regex-6.4.0.tgz 595ms (cache miss)
npm http fetch GET 200 https://registry.npmjs.org/regex-recursion/-/regex-recursion-6.0.2.tgz 595ms (cache miss)
npm http fetch GET 200 https://registry.npmjs.org/emoji-regex/-/emoji-regex-10.6.0.tgz 595ms (cache miss)
npm http fetch GET 200 https://registry.npmjs.org/character-entities-legacy/-/character-entities-legacy-3.0.0.tgz 612ms (cache miss)
npm http fetch GET 200 https://registry.npmjs.org/get-east-asian-width/-/get-east-asian-width-1.7.0.tgz 612ms (cache miss)
npm http fetch GET 200 https://registry.npmjs.org/extend/-/extend-3.0.2.tgz 632ms (cache miss)
npm http fetch GET 200 https://registry.npmjs.org/regex-utilities/-/regex-utilities-2.3.0.tgz 629ms (cache miss)
npm http fetch GET 200 https://registry.npmjs.org/@shikijs/engine-javascript/-/engine-javascript-3.23.0.tgz 629ms (cache miss)
npm http fetch GET 200 https://registry.npmjs.org/detect-libc/-/detect-libc-2.1.2.tgz 663ms (cache miss)
npm http fetch GET 200 https://registry.npmjs.org/unist-util-visit-children/-/unist-util-visit-children-3.0.0.tgz 663ms (cache miss)
npm http fetch GET 200 https://registry.npmjs.org/unist-util-modify-children/-/unist-util-modify-children-4.0.0.tgz 678ms (cache miss)
npm http fetch GET 200 https://registry.npmjs.org/retext-stringify/-/retext-stringify-4.0.0.tgz 678ms (cache miss)
npm http fetch GET 200 https://registry.npmjs.org/fdir/-/fdir-6.5.0.tgz 708ms (cache miss)
npm http fetch GET 200 https://registry.npmjs.org/@shikijs/types/-/types-3.23.0.tgz 704ms (cache miss)
npm http fetch GET 200 https://registry.npmjs.org/nlcst-to-string/-/nlcst-to-string-4.0.0.tgz 704ms (cache miss)
npm http fetch GET 200 https://registry.npmjs.org/retext/-/retext-9.0.0.tgz 703ms (cache miss)
npm http fetch GET 200 https://registry.npmjs.org/retext-latin/-/retext-latin-4.0.0.tgz 704ms (cache miss)
npm http fetch GET 200 https://registry.npmjs.org/micromark-extension-gfm-strikethrough/-/micromark-extension-gfm-strikethrough-2.1.0.tgz 703ms (cache miss)
npm http fetch GET 200 https://registry.npmjs.org/defu/-/defu-6.1.7.tgz 734ms (cache miss)
npm http fetch GET 200 https://registry.npmjs.org/retext-smartypants/-/retext-smartypants-6.2.0.tgz 725ms (cache miss)
npm http fetch GET 200 https://registry.npmjs.org/@img/colour/-/colour-1.1.0.tgz 758ms (cache miss)
npm http fetch GET 200 https://registry.npmjs.org/@types/ms/-/ms-2.1.0.tgz 756ms (cache miss)
npm http fetch GET 200 https://registry.npmjs.org/micromark-factory-title/-/micromark-factory-title-2.0.1.tgz 757ms (cache miss)
npm http fetch GET 200 https://registry.npmjs.org/micromark-util-combine-extensions/-/micromark-util-combine-extensions-2.0.1.tgz 756ms (cache miss)
npm http fetch GET 200 https://registry.npmjs.org/micromark-util-chunked/-/micromark-util-chunked-2.0.1.tgz 757ms (cache miss)
npm http fetch GET 200 https://registry.npmjs.org/@types/nlcst/-/nlcst-2.0.3.tgz 795ms (cache miss)
npm http fetch GET 200 https://registry.npmjs.org/micromark-extension-gfm-tagfilter/-/micromark-extension-gfm-tagfilter-2.0.0.tgz 794ms (cache miss)
npm http fetch GET 200 https://registry.npmjs.org/micromark-factory-whitespace/-/micromark-factory-whitespace-2.0.1.tgz 795ms (cache miss)
npm http fetch GET 200 https://registry.npmjs.org/micromark-factory-label/-/micromark-factory-label-2.0.1.tgz 794ms (cache miss)
npm http fetch GET 200 https://registry.npmjs.org/micromark-factory-destination/-/micromark-factory-destination-2.0.1.tgz 794ms (cache miss)
npm http fetch GET 200 https://registry.npmjs.org/micromark-extension-gfm-autolink-literal/-/micromark-extension-gfm-autolink-literal-2.1.0.tgz 795ms (cache miss)
npm http fetch GET 200 https://registry.npmjs.org/micromark-factory-space/-/micromark-factory-space-2.1.0.tgz 794ms (cache miss)
npm http fetch GET 200 https://registry.npmjs.org/micromark-util-html-tag-name/-/micromark-util-html-tag-name-2.0.1.tgz 793ms (cache miss)
npm http fetch GET 200 https://registry.npmjs.org/mdast-util-phrasing/-/mdast-util-phrasing-4.1.0.tgz 794ms (cache miss)
npm http fetch GET 200 https://registry.npmjs.org/sax/-/sax-1.6.1.tgz 819ms (cache miss)
npm http fetch GET 200 https://registry.npmjs.org/@shikijs/core/-/core-3.23.0.tgz 816ms (cache miss)
npm http fetch GET 200 https://registry.npmjs.org/micromark-util-classify-character/-/micromark-util-classify-character-2.0.1.tgz 811ms (cache miss)
npm http fetch GET 200 https://registry.npmjs.org/character-entities/-/character-entities-2.0.2.tgz 811ms (cache miss)
npm http fetch GET 200 https://registry.npmjs.org/escape-string-regexp/-/escape-string-regexp-5.0.0.tgz 811ms (cache miss)
npm http fetch GET 200 https://registry.npmjs.org/domelementtype/-/domelementtype-2.3.0.tgz 840ms (cache miss)
npm http fetch GET 200 https://registry.npmjs.org/micromark-util-resolve-all/-/micromark-util-resolve-all-2.0.1.tgz 833ms (cache miss)
npm http fetch GET 200 https://registry.npmjs.org/micromark-util-edit-map/-/micromark-util-edit-map-1.0.0.tgz 832ms (cache miss)
npm http fetch GET 200 https://registry.npmjs.org/@types/debug/-/debug-4.1.13.tgz 833ms (cache miss)
npm http fetch GET 200 https://registry.npmjs.org/longest-streak/-/longest-streak-3.1.0.tgz 832ms (cache miss)
npm http fetch GET 200 https://registry.npmjs.org/markdown-table/-/markdown-table-3.0.4.tgz 832ms (cache miss)
npm http fetch GET 200 https://registry.npmjs.org/mdast-util-find-and-replace/-/mdast-util-find-and-replace-3.0.2.tgz 832ms (cache miss)
npm http fetch GET 200 https://registry.npmjs.org/unist-util-is/-/unist-util-is-6.0.1.tgz 833ms (cache miss)
npm http fetch GET 200 https://registry.npmjs.org/micromark-util-normalize-identifier/-/micromark-util-normalize-identifier-2.0.1.tgz 832ms (cache miss)
npm http fetch GET 200 https://registry.npmjs.org/micromark-util-decode-string/-/micromark-util-decode-string-2.0.1.tgz 832ms (cache miss)
npm http fetch GET 200 https://registry.npmjs.org/decode-named-character-reference/-/decode-named-character-reference-1.3.0.tgz 832ms (cache miss)
npm http fetch GET 200 https://registry.npmjs.org/mdast-util-gfm-task-list-item/-/mdast-util-gfm-task-list-item-2.0.0.tgz 831ms (cache miss)
npm http fetch GET 200 https://registry.npmjs.org/chokidar/-/chokidar-5.0.0.tgz 863ms (cache miss)
npm http fetch GET 200 https://registry.npmjs.org/iron-webcrypto/-/iron-webcrypto-1.2.1.tgz 866ms (cache miss)
npm http fetch GET 200 https://registry.npmjs.org/mdast-util-gfm-autolink-literal/-/mdast-util-gfm-autolink-literal-2.0.1.tgz 849ms (cache miss)
npm http fetch GET 200 https://registry.npmjs.org/mdast-util-gfm/-/mdast-util-gfm-3.1.0.tgz 848ms (cache miss)
npm http fetch GET 200 https://registry.npmjs.org/remark-stringify/-/remark-stringify-11.0.0.tgz 850ms (cache miss)
npm http fetch GET 200 https://registry.npmjs.org/@shikijs/vscode-textmate/-/vscode-textmate-10.0.2.tgz 875ms (cache miss)
npm http fetch GET 200 https://registry.npmjs.org/unist-util-stringify-position/-/unist-util-stringify-position-4.0.0.tgz 868ms (cache miss)
npm http fetch GET 200 https://registry.npmjs.org/micromark-util-decode-numeric-character-reference/-/micromark-util-decode-numeric-character-reference-2.0.2.tgz 867ms (cache miss)
npm http fetch GET 200 https://registry.npmjs.org/mdast-util-to-string/-/mdast-util-to-string-4.0.0.tgz 867ms (cache miss)
npm http fetch GET 200 https://registry.npmjs.org/mdast-util-gfm-footnote/-/mdast-util-gfm-footnote-2.1.0.tgz 866ms (cache miss)
npm http fetch GET 200 https://registry.npmjs.org/mdast-util-gfm-table/-/mdast-util-gfm-table-2.0.0.tgz 889ms (cache miss)
npm http fetch GET 200 https://registry.npmjs.org/micromark-extension-gfm/-/micromark-extension-gfm-3.0.0.tgz 888ms (cache miss)
npm http fetch GET 200 https://registry.npmjs.org/micromark-util-character/-/micromark-util-character-2.1.1.tgz 887ms (cache miss)
npm http fetch GET 200 https://registry.npmjs.org/zwitch/-/zwitch-2.0.4.tgz 887ms (cache miss)
npm http fetch GET 200 https://registry.npmjs.org/html-void-elements/-/html-void-elements-3.0.0.tgz 886ms (cache miss)
npm http fetch GET 200 https://registry.npmjs.org/trim-lines/-/trim-lines-3.0.1.tgz 887ms (cache miss)
npm http fetch GET 200 https://registry.npmjs.org/hast-util-whitespace/-/hast-util-whitespace-3.0.0.tgz 906ms (cache miss)
npm http fetch GET 200 https://registry.npmjs.org/ccount/-/ccount-2.0.1.tgz 907ms (cache miss)
npm http fetch GET 200 https://registry.npmjs.org/micromark-util-sanitize-uri/-/micromark-util-sanitize-uri-2.0.1.tgz 905ms (cache miss)
npm http fetch GET 200 https://registry.npmjs.org/mdast-util-gfm-strikethrough/-/mdast-util-gfm-strikethrough-2.0.0.tgz 922ms (cache miss)
npm http fetch GET 200 https://registry.npmjs.org/micromark-util-types/-/micromark-util-types-2.0.3.tgz 919ms (cache miss)
npm http fetch GET 200 https://registry.npmjs.org/micromark-util-encode/-/micromark-util-encode-2.0.1.tgz 919ms (cache miss)
npm http fetch GET 200 https://registry.npmjs.org/hast-util-to-parse5/-/hast-util-to-parse5-8.0.1.tgz 918ms (cache miss)
npm http fetch GET 200 https://registry.npmjs.org/unist-util-position/-/unist-util-position-5.0.0.tgz 919ms (cache miss)
npm http fetch GET 200 https://registry.npmjs.org/hast-util-raw/-/hast-util-raw-9.1.0.tgz 918ms (cache miss)
npm http fetch GET 200 https://registry.npmjs.org/rehype-parse/-/rehype-parse-9.0.1.tgz 919ms (cache miss)
npm http fetch GET 200 https://registry.npmjs.org/@ungap/structured-clone/-/structured-clone-1.4.0.tgz 918ms (cache miss)
npm http fetch GET 200 https://registry.npmjs.org/sisteransi/-/sisteransi-1.0.5.tgz 940ms (cache miss)
npm http fetch GET 200 https://registry.npmjs.org/p-timeout/-/p-timeout-6.1.4.tgz 940ms (cache miss)
npm http fetch GET 200 https://registry.npmjs.org/kleur/-/kleur-3.0.3.tgz 940ms (cache miss)
npm http fetch GET 200 https://registry.npmjs.org/@babel/helper-validator-identifier/-/helper-validator-identifier-7.29.7.tgz 940ms (cache miss)
npm http fetch GET 200 https://registry.npmjs.org/yocto-queue/-/yocto-queue-1.2.2.tgz 940ms (cache miss)
npm http fetch GET 200 https://registry.npmjs.org/@types/mdast/-/mdast-4.0.4.tgz 940ms (cache miss)
npm http fetch GET 200 https://registry.npmjs.org/is-inside-container/-/is-inside-container-1.0.0.tgz 965ms (cache miss)
npm http fetch GET 200 https://registry.npmjs.org/space-separated-tokens/-/space-separated-tokens-2.0.2.tgz 965ms (cache miss)
npm http fetch GET 200 https://registry.npmjs.org/unist-util-find-after/-/unist-util-find-after-5.0.0.tgz 964ms (cache miss)
npm http fetch GET 200 https://registry.npmjs.org/@babel/helper-string-parser/-/helper-string-parser-7.29.7.tgz 996ms (cache miss)
npm http fetch GET 200 https://registry.npmjs.org/argparse/-/argparse-2.0.1.tgz 996ms (cache miss)
npm http fetch GET 200 https://registry.npmjs.org/comma-separated-tokens/-/comma-separated-tokens-2.0.3.tgz 996ms (cache miss)
npm http fetch GET 200 https://registry.npmjs.org/vfile-location/-/vfile-location-5.0.3.tgz 995ms (cache miss)
npm http fetch GET 200 https://registry.npmjs.org/dequal/-/dequal-2.0.3.tgz 995ms (cache miss)
npm http fetch GET 200 https://registry.npmjs.org/hast-util-is-element/-/hast-util-is-element-3.0.0.tgz 1008ms (cache miss)
npm http fetch GET 200 https://registry.npmjs.org/web-namespaces/-/web-namespaces-2.0.1.tgz 1009ms (cache miss)
npm http fetch GET 200 https://registry.npmjs.org/hast-util-parse-selector/-/hast-util-parse-selector-4.0.0.tgz 1010ms (cache miss)
npm http fetch GET 200 https://registry.npmjs.org/@types/unist/-/unist-3.0.3.tgz 1009ms (cache miss)
npm http fetch GET 200 https://registry.npmjs.org/devlop/-/devlop-1.1.0.tgz 1008ms (cache miss)
npm http fetch GET 200 https://registry.npmjs.org/vfile-message/-/vfile-message-4.0.3.tgz 1020ms (cache miss)
npm http fetch GET 200 https://registry.npmjs.org/base-64/-/base-64-1.0.0.tgz 1018ms (cache miss)
npm http fetch GET 200 https://registry.npmjs.org/wrap-ansi/-/wrap-ansi-9.0.2.tgz 1018ms (cache miss)
npm http fetch GET 200 https://registry.npmjs.org/ms/-/ms-2.1.3.tgz 1019ms (cache miss)
npm http fetch GET 200 https://registry.npmjs.org/widest-line/-/widest-line-5.0.0.tgz 1019ms (cache miss)
npm http fetch GET 200 https://registry.npmjs.org/tiny-inflate/-/tiny-inflate-1.0.3.tgz 1033ms (cache miss)
npm http fetch GET 200 https://registry.npmjs.org/cli-boxes/-/cli-boxes-3.0.0.tgz 1032ms (cache miss)
npm http fetch GET 200 https://registry.npmjs.org/string-width/-/string-width-7.2.0.tgz 1033ms (cache miss)
npm http fetch GET 200 https://registry.npmjs.org/ansi-align/-/ansi-align-3.0.1.tgz 1032ms (cache miss)
npm http fetch GET 200 https://registry.npmjs.org/@types/hast/-/hast-3.0.5.tgz 1048ms (cache miss)
npm http fetch GET 200 https://registry.npmjs.org/hast-util-from-parse5/-/hast-util-from-parse5-8.0.3.tgz 1048ms (cache miss)
npm http fetch GET 200 https://registry.npmjs.org/camelcase/-/camelcase-8.0.0.tgz 1046ms (cache miss)
npm http fetch GET 200 https://registry.npmjs.org/is-wsl/-/is-wsl-3.1.1.tgz 1045ms (cache miss)
npm http fetch GET 200 https://registry.npmjs.org/is-docker/-/is-docker-3.0.0.tgz 1046ms (cache miss)
npm http fetch GET 200 https://registry.npmjs.org/which-pm-runs/-/which-pm-runs-1.1.0.tgz 1046ms (cache miss)
npm http fetch GET 200 https://registry.npmjs.org/unist-util-visit-parents/-/unist-util-visit-parents-6.0.2.tgz 1057ms (cache miss)
npm http fetch GET 200 https://registry.npmjs.org/unist-util-remove-position/-/unist-util-remove-position-5.0.0.tgz 1057ms (cache miss)
npm http fetch GET 200 https://registry.npmjs.org/eventemitter3/-/eventemitter3-5.0.4.tgz 1076ms (cache miss)
npm http fetch GET 200 https://registry.npmjs.org/@types/estree/-/estree-1.0.9.tgz 1069ms (cache miss)
npm http fetch GET 200 https://registry.npmjs.org/remark-rehype/-/remark-rehype-11.1.2.tgz 1067ms (cache miss)
npm http fetch GET 200 https://registry.npmjs.org/remark-parse/-/remark-parse-11.0.0.tgz 1067ms (cache miss)
npm http fetch GET 200 https://registry.npmjs.org/rehype-stringify/-/rehype-stringify-10.0.1.tgz 1067ms (cache miss)
npm http fetch GET 200 https://registry.npmjs.org/mdast-util-definitions/-/mdast-util-definitions-6.0.0.tgz 1067ms (cache miss)
npm http fetch GET 200 https://registry.npmjs.org/rehype-raw/-/rehype-raw-7.0.0.tgz 1068ms (cache miss)
npm http fetch GET 200 https://registry.npmjs.org/remark-smartypants/-/remark-smartypants-3.0.3.tgz 1078ms (cache miss)
npm http fetch GET 200 https://registry.npmjs.org/remark-gfm/-/remark-gfm-4.0.1.tgz 1078ms (cache miss)
npm http fetch GET 200 https://registry.npmjs.org/hast-util-to-text/-/hast-util-to-text-4.0.2.tgz 1077ms (cache miss)
npm http fetch GET 200 https://registry.npmjs.org/vitefu/-/vitefu-1.1.3.tgz 1077ms (cache miss)
npm http fetch GET 200 https://registry.npmjs.org/@img/sharp-linux-arm64/-/sharp-linux-arm64-0.34.5.tgz 1115ms (cache miss)
npm http fetch GET 200 https://registry.npmjs.org/unist-util-visit/-/unist-util-visit-5.1.0.tgz 1088ms (cache miss)
npm http fetch GET 200 https://registry.npmjs.org/ofetch/-/ofetch-1.5.1.tgz 1132ms (cache miss)
npm http fetch GET 200 https://registry.npmjs.org/micromark-extension-gfm-task-list-item/-/micromark-extension-gfm-task-list-item-2.1.0.tgz 1124ms (cache miss)
npm http fetch GET 200 https://registry.npmjs.org/zod-to-ts/-/zod-to-ts-1.2.0.tgz 1100ms (cache miss)
npm http fetch GET 200 https://registry.npmjs.org/tinyglobby/-/tinyglobby-0.2.17.tgz 1097ms (cache miss)
npm http fetch GET 200 https://registry.npmjs.org/h3/-/h3-1.15.11.tgz 1140ms (cache miss)
npm http fetch GET 200 https://registry.npmjs.org/@astrojs/prism/-/prism-3.3.0.tgz 1108ms (cache miss)
npm http fetch GET 200 https://registry.npmjs.org/unifont/-/unifont-0.7.5.tgz 1106ms (cache miss)
npm http fetch GET 200 https://registry.npmjs.org/dom-serializer/-/dom-serializer-2.0.0.tgz 1147ms (cache miss)
npm http fetch GET 200 https://registry.npmjs.org/micromark-util-subtokenize/-/micromark-util-subtokenize-2.1.0.tgz 1138ms (cache miss)
npm http fetch GET 200 https://registry.npmjs.org/tinyexec/-/tinyexec-1.3.1.tgz 1113ms (cache miss)
npm http fetch GET 200 https://registry.npmjs.org/rehype/-/rehype-13.0.2.tgz 1113ms (cache miss)
npm http fetch GET 200 https://registry.npmjs.org/package-manager-detector/-/package-manager-detector-1.8.0.tgz 1112ms (cache miss)
npm http fetch GET 200 https://registry.npmjs.org/p-limit/-/p-limit-6.2.0.tgz 1118ms (cache miss)
npm http fetch GET 200 https://registry.npmjs.org/mrmime/-/mrmime-2.0.1.tgz 1118ms (cache miss)
npm http fetch GET 200 https://registry.npmjs.org/piccolore/-/piccolore-0.1.3.tgz 1126ms (cache miss)
npm http fetch GET 200 https://registry.npmjs.org/html-escaper/-/html-escaper-3.0.3.tgz 1124ms (cache miss)
npm http fetch GET 200 https://registry.npmjs.org/github-slugger/-/github-slugger-2.0.0.tgz 1124ms (cache miss)
npm http fetch GET 200 https://registry.npmjs.org/flattie/-/flattie-1.1.1.tgz 1124ms (cache miss)
npm http fetch GET 200 https://registry.npmjs.org/http-cache-semantics/-/http-cache-semantics-4.2.0.tgz 1132ms (cache miss)
npm http fetch GET 200 https://registry.npmjs.org/estree-walker/-/estree-walker-3.0.3.tgz 1132ms (cache miss)
npm http fetch GET 200 https://registry.npmjs.org/dlv/-/dlv-1.1.3.tgz 1132ms (cache miss)
npm http fetch GET 200 https://registry.npmjs.org/fontace/-/fontace-0.4.1.tgz 1139ms (cache miss)
npm http fetch GET 200 https://registry.npmjs.org/deterministic-object-hash/-/deterministic-object-hash-2.0.2.tgz 1138ms (cache miss)
npm http fetch GET 200 https://registry.npmjs.org/cssesc/-/cssesc-3.0.0.tgz 1138ms (cache miss)
npm http fetch GET 200 https://registry.npmjs.org/common-ancestor-path/-/common-ancestor-path-1.0.1.tgz 1138ms (cache miss)
npm http fetch GET 200 https://registry.npmjs.org/dset/-/dset-3.1.4.tgz 1145ms (cache miss)
npm http fetch GET 200 https://registry.npmjs.org/debug/-/debug-4.4.3.tgz 1145ms (cache miss)
npm http fetch GET 200 https://registry.npmjs.org/cookie/-/cookie-1.1.1.tgz 1145ms (cache miss)
npm http fetch GET 200 https://registry.npmjs.org/boxen/-/boxen-8.0.1.tgz 1145ms (cache miss)
npm http fetch GET 200 https://registry.npmjs.org/clsx/-/clsx-2.1.1.tgz 1145ms (cache miss)
npm http fetch GET 200 https://registry.npmjs.org/ohash/-/ohash-2.0.12.tgz 1194ms (cache miss)
npm http fetch GET 200 https://registry.npmjs.org/micromark-extension-gfm-footnote/-/micromark-extension-gfm-footnote-2.1.0.tgz 1187ms (cache miss)
npm http fetch GET 200 https://registry.npmjs.org/esbuild/-/esbuild-0.27.7.tgz 1156ms (cache miss)
npm http fetch GET 200 https://registry.npmjs.org/picomatch/-/picomatch-4.0.7.tgz 1165ms (cache miss)
npm http fetch GET 200 https://registry.npmjs.org/@oslojs/encoding/-/encoding-1.1.0.tgz 1158ms (cache miss)
npm http fetch GET 200 https://registry.npmjs.org/@capsizecss/unpack/-/unpack-4.0.1.tgz 1159ms (cache miss)
npm http fetch GET 200 https://registry.npmjs.org/@astrojs/internal-helpers/-/internal-helpers-0.7.6.tgz 1154ms (cache miss)
npm http fetch GET 200 https://registry.npmjs.org/yocto-spinner/-/yocto-spinner-0.2.3.tgz 1155ms (cache miss)
npm http fetch GET 200 https://registry.npmjs.org/fontkitten/-/fontkitten-1.0.3.tgz 1179ms (cache miss)
npm http fetch GET 200 https://registry.npmjs.org/unified/-/unified-11.0.5.tgz 1177ms (cache miss)
npm http fetch GET 200 https://registry.npmjs.org/hast-util-from-html/-/hast-util-from-html-2.0.3.tgz 1175ms (cache miss)
npm http fetch GET 200 https://registry.npmjs.org/es-module-lexer/-/es-module-lexer-1.7.0.tgz 1167ms (cache miss)
npm http fetch GET 200 https://registry.npmjs.org/ci-info/-/ci-info-4.4.0.tgz 1166ms (cache miss)
npm http fetch GET 200 https://registry.npmjs.org/@rollup/pluginutils/-/pluginutils-5.4.0.tgz 1165ms (cache miss)
npm http fetch GET 200 https://registry.npmjs.org/estree-walker/-/estree-walker-2.0.2.tgz 1163ms (cache miss)
npm http fetch GET 200 https://registry.npmjs.org/string-width/-/string-width-4.2.3.tgz 1163ms (cache miss)
npm http fetch GET 200 https://registry.npmjs.org/strip-ansi/-/strip-ansi-6.0.1.tgz 1164ms (cache miss)
npm http fetch GET 200 https://registry.npmjs.org/domhandler/-/domhandler-5.0.3.tgz 1217ms (cache miss)
npm http fetch GET 200 https://registry.npmjs.org/ansi-regex/-/ansi-regex-5.0.1.tgz 1173ms (cache miss)
npm http fetch GET 200 https://registry.npmjs.org/esbuild/-/esbuild-0.25.12.tgz 1173ms (cache miss)
npm http fetch GET 200 https://registry.npmjs.org/micromark-util-symbol/-/micromark-util-symbol-2.0.1.tgz 1210ms (cache miss)
npm http fetch GET 200 https://registry.npmjs.org/emoji-regex/-/emoji-regex-8.0.0.tgz 1177ms (cache miss)
npm http fetch GET 200 https://registry.npmjs.org/picomatch/-/picomatch-2.3.2.tgz 1189ms (cache miss)
npm http fetch GET 200 https://registry.npmjs.org/p-queue/-/p-queue-8.1.1.tgz 1212ms (cache miss)
npm http fetch GET 200 https://registry.npmjs.org/mdast-util-from-markdown/-/mdast-util-from-markdown-2.0.3.tgz 1241ms (cache miss)
npm http fetch GET 200 https://registry.npmjs.org/commander/-/commander-11.1.0.tgz 1256ms (cache miss)
npm http fetch GET 200 https://registry.npmjs.org/source-map-js/-/source-map-js-1.2.1.tgz 1245ms (cache miss)
npm http fetch GET 200 https://registry.npmjs.org/tsconfck/-/tsconfck-3.1.6.tgz 1231ms (cache miss)
npm http fetch GET 200 https://registry.npmjs.org/chalk/-/chalk-5.6.2.tgz 1248ms (cache miss)
npm warn deprecated tsconfck@3.1.6: unmaintained
npm http fetch GET 200 https://registry.npmjs.org/@astrojs/telemetry/-/telemetry-3.3.0.tgz 1237ms (cache miss)
npm http fetch GET 200 https://registry.npmjs.org/xxhash-wasm/-/xxhash-wasm-1.1.0.tgz 1251ms (cache miss)
npm http fetch GET 200 https://registry.npmjs.org/yargs-parser/-/yargs-parser-21.1.1.tgz 1244ms (cache miss)
npm http fetch GET 200 https://registry.npmjs.org/magicast/-/magicast-0.5.5.tgz 1263ms (cache miss)
npm http fetch GET 200 https://registry.npmjs.org/devalue/-/devalue-5.9.4.tgz 1265ms (cache miss)
npm http fetch GET 200 https://registry.npmjs.org/stringify-entities/-/stringify-entities-4.0.4.tgz 1296ms (cache miss)
npm http fetch GET 200 https://registry.npmjs.org/import-meta-resolve/-/import-meta-resolve-4.2.0.tgz 1277ms (cache miss)
npm http fetch GET 200 https://registry.npmjs.org/hastscript/-/hastscript-9.0.1.tgz 1296ms (cache miss)
npm http fetch GET 200 https://registry.npmjs.org/smol-toml/-/smol-toml-1.9.0.tgz 1291ms (cache miss)
npm http fetch GET 200 https://registry.npmjs.org/magic-string/-/magic-string-0.30.21.tgz 1289ms (cache miss)
npm http fetch GET 200 https://registry.npmjs.org/neotraverse/-/neotraverse-0.6.18.tgz 1295ms (cache miss)
npm http fetch GET 200 https://registry.npmjs.org/@shikijs/engine-oniguruma/-/engine-oniguruma-3.23.0.tgz 1345ms (cache miss)
npm http fetch GET 200 https://registry.npmjs.org/acorn/-/acorn-8.18.0.tgz 1311ms (cache miss)
npm http fetch GET 200 https://registry.npmjs.org/nth-check/-/nth-check-2.1.1.tgz 1370ms (cache miss)
npm http fetch GET 200 https://registry.npmjs.org/vfile/-/vfile-6.0.3.tgz 1357ms (cache miss)
npm http fetch GET 200 https://registry.npmjs.org/@jridgewell/sourcemap-codec/-/sourcemap-codec-1.6.0.tgz 1375ms (cache miss)
npm http fetch GET 200 https://registry.npmjs.org/ultrahtml/-/ultrahtml-1.7.0.tgz 1363ms (cache miss)
npm http fetch GET 200 https://registry.npmjs.org/micromark-extension-gfm-table/-/micromark-extension-gfm-table-2.1.2.tgz 1393ms (cache miss)
npm http fetch GET 200 https://registry.npmjs.org/@astrojs/markdown-remark/-/markdown-remark-6.3.11.tgz 1362ms (cache miss)
npm http fetch GET 200 https://registry.npmjs.org/node-fetch-native/-/node-fetch-native-1.6.7.tgz 1428ms (cache miss)
npm http fetch GET 200 https://registry.npmjs.org/mdn-data/-/mdn-data-2.27.1.tgz 1446ms (cache miss)
npm http fetch GET 200 https://registry.npmjs.org/mdn-data/-/mdn-data-2.0.28.tgz 1426ms (cache miss)
npm http fetch GET 200 https://registry.npmjs.org/sharp/-/sharp-0.34.5.tgz 1481ms (cache miss)
npm http fetch GET 200 https://registry.npmjs.org/node-mock-http/-/node-mock-http-1.0.5.tgz 1551ms (cache miss)
npm http fetch GET 200 https://registry.npmjs.org/@babel/parser/-/parser-7.29.9.tgz 1525ms (cache miss)
npm http fetch GET 200 https://registry.npmjs.org/semver/-/semver-7.8.5.tgz 1511ms (cache miss)
npm http fetch GET 200 https://registry.npmjs.org/oniguruma-to-es/-/oniguruma-to-es-4.3.6.tgz 1550ms (cache miss)
npm http fetch GET 200 https://registry.npmjs.org/@rollup/rollup-linux-arm64-gnu/-/rollup-linux-arm64-gnu-4.63.5.tgz 1569ms (cache miss)
npm http fetch GET 200 https://registry.npmjs.org/parse-latin/-/parse-latin-7.0.0.tgz 1569ms (cache miss)
npm http fetch GET 200 https://registry.npmjs.org/hast-util-to-html/-/hast-util-to-html-9.0.5.tgz 1565ms (cache miss)
npm http fetch GET 200 https://registry.npmjs.org/postcss/-/postcss-8.5.28.tgz 1589ms (cache miss)
npm http fetch GET 200 https://registry.npmjs.org/css-what/-/css-what-7.0.0.tgz 1607ms (cache miss)
npm http fetch GET 200 https://registry.npmjs.org/regex/-/regex-6.1.0.tgz 1634ms (cache miss)
npm http fetch GET 200 https://registry.npmjs.org/js-yaml/-/js-yaml-4.3.2.tgz 1600ms (cache miss)
npm http fetch GET 200 https://registry.npmjs.org/property-information/-/property-information-7.2.0.tgz 1618ms (cache miss)
npm http fetch GET 200 https://registry.npmjs.org/crossws/-/crossws-0.3.5.tgz 1668ms (cache miss)
npm http fetch GET 200 https://registry.npmjs.org/domutils/-/domutils-3.2.2.tgz 1699ms (cache miss)
npm http fetch GET 200 https://registry.npmjs.org/micromark/-/micromark-4.0.3.tgz 1779ms (cache miss)
npm http fetch GET 200 https://registry.npmjs.org/vite/-/vite-6.4.3.tgz 1759ms (cache miss)
npm http fetch GET 200 https://registry.npmjs.org/rollup/-/rollup-4.63.5.tgz 1813ms (cache miss)
npm http fetch GET 200 https://registry.npmjs.org/prompts/-/prompts-2.4.2.tgz 1781ms (cache miss)
npm http fetch GET 200 https://registry.npmjs.org/entities/-/entities-4.5.0.tgz 1808ms (cache miss)
npm http fetch GET 200 https://registry.npmjs.org/parse5/-/parse5-7.3.0.tgz 1883ms (cache miss)
npm http fetch GET 200 https://registry.npmjs.org/mdast-util-to-hast/-/mdast-util-to-hast-13.2.1.tgz 1895ms (cache miss)
npm http fetch GET 200 https://registry.npmjs.org/entities/-/entities-6.0.1.tgz 1956ms (cache miss)
npm http fetch GET 200 https://registry.npmjs.org/csso/-/csso-5.0.5.tgz 1994ms (cache miss)
npm http fetch GET 200 https://registry.npmjs.org/@shikijs/themes/-/themes-3.23.0.tgz 2021ms (cache miss)
npm http fetch GET 200 https://registry.npmjs.org/@astrojs/compiler/-/compiler-2.13.1.tgz 2007ms (cache miss)
npm http fetch GET 200 https://registry.npmjs.org/type-fest/-/type-fest-4.41.0.tgz 2037ms (cache miss)
npm http fetch GET 200 https://registry.npmjs.org/micromark-core-commonmark/-/micromark-core-commonmark-2.0.4.tgz 2076ms (cache miss)
npm http fetch GET 200 https://registry.npmjs.org/unstorage/-/unstorage-1.17.5.tgz 2373ms (cache miss)
npm http fetch GET 200 https://registry.npmjs.org/diff/-/diff-8.0.4.tgz 2370ms (cache miss)
npm http fetch GET 200 https://registry.npmjs.org/mdast-util-to-markdown/-/mdast-util-to-markdown-2.1.3.tgz 2445ms (cache miss)
npm http fetch GET 200 https://registry.npmjs.org/@esbuild/linux-arm64/-/linux-arm64-0.25.12.tgz 2413ms (cache miss)
npm http fetch GET 200 https://registry.npmjs.org/css-select/-/css-select-6.0.0.tgz 2468ms (cache miss)
npm http fetch GET 200 https://registry.npmjs.org/svgo/-/svgo-4.1.0.tgz 2438ms (cache miss)
npm http fetch GET 200 https://registry.npmjs.org/oniguruma-parser/-/oniguruma-parser-0.12.2.tgz 2474ms (cache miss)
npm http fetch GET 200 https://registry.npmjs.org/@esbuild/linux-arm64/-/linux-arm64-0.27.7.tgz 2451ms (cache miss)
npm http fetch GET 200 https://registry.npmjs.org/zod-to-json-schema/-/zod-to-json-schema-3.25.2.tgz 2474ms (cache miss)
npm http fetch GET 200 https://registry.npmjs.org/axobject-query/-/axobject-query-4.1.0.tgz 2518ms (cache miss)
npm http fetch GET 200 https://registry.npmjs.org/lru-cache/-/lru-cache-11.5.3.tgz 2571ms (cache miss)
npm http fetch GET 200 https://registry.npmjs.org/@babel/types/-/types-7.29.8.tgz 2619ms (cache miss)
npm http fetch GET 200 https://registry.npmjs.org/@img/sharp-libvips-linux-arm64/-/sharp-libvips-linux-arm64-1.2.4.tgz 2696ms (cache miss)
npm http fetch GET 200 https://registry.npmjs.org/undici/-/undici-8.11.2.tgz 2706ms (cache miss)
npm http fetch GET 200 https://registry.npmjs.org/aria-query/-/aria-query-5.3.2.tgz 2693ms (cache miss)
npm http fetch GET 200 https://registry.npmjs.org/css-tree/-/css-tree-2.2.1.tgz 2732ms (cache miss)
npm http fetch GET 200 https://registry.npmjs.org/css-tree/-/css-tree-3.2.1.tgz 2841ms (cache miss)
npm http fetch GET 200 https://registry.npmjs.org/typescript/-/typescript-5.9.3.tgz 2859ms (cache miss)
npm http fetch GET 200 https://registry.npmjs.org/prismjs/-/prismjs-1.30.0.tgz 2930ms (cache miss)
npm http fetch GET 200 https://registry.npmjs.org/@shikijs/langs/-/langs-3.23.0.tgz 2987ms (cache miss)
npm http fetch GET 200 https://registry.npmjs.org/zod/-/zod-3.25.76.tgz 3049ms (cache miss)
npm http fetch GET 200 https://registry.npmjs.org/shiki/-/shiki-3.23.0.tgz 3077ms (cache miss)
npm http fetch GET 200 https://registry.npmjs.org/astro/-/astro-5.18.2.tgz 3212ms (cache miss)

added 279 packages in 9s
