npm http fetch GET 200 https://registry.npmjs.org/astro 189ms (cache miss)
npm http fetch GET 200 https://registry.npmjs.org/dlv 29ms (cache miss)
npm http fetch GET 200 https://registry.npmjs.org/diff 24ms (cache miss)
npm http fetch GET 200 https://registry.npmjs.org/dset 23ms (cache miss)
npm http fetch GET 200 https://registry.npmjs.org/clsx 83ms (cache miss)
npm http fetch GET 200 https://registry.npmjs.org/svgo 28ms (cache miss)
npm http fetch GET 200 https://registry.npmjs.org/acorn 36ms (cache miss)
npm http fetch GET 200 https://registry.npmjs.org/zod 155ms (cache miss)
npm http fetch GET 200 https://registry.npmjs.org/boxen 31ms (cache miss)
npm http fetch GET 200 https://registry.npmjs.org/debug 28ms (cache miss)
npm http fetch GET 200 https://registry.npmjs.org/shiki 37ms (cache miss)
npm http fetch GET 200 https://registry.npmjs.org/vfile 25ms (cache miss)
npm http fetch GET 200 https://registry.npmjs.org/cookie 22ms (cache miss)
npm http fetch GET 200 https://registry.npmjs.org/cssesc 20ms (cache miss)
npm http fetch GET 200 https://registry.npmjs.org/mrmime 23ms (cache miss)
npm http fetch GET 200 https://registry.npmjs.org/rehype 24ms (cache miss)
npm http fetch GET 200 https://registry.npmjs.org/vitefu 25ms (cache miss)
npm http fetch GET 200 https://registry.npmjs.org/semver 32ms (cache miss)
npm http fetch GET 200 https://registry.npmjs.org/ci-info 24ms (cache miss)
npm http fetch GET 200 https://registry.npmjs.org/devalue 30ms (cache miss)
npm http fetch GET 200 https://registry.npmjs.org/flattie 20ms (cache miss)
npm http fetch GET 200 https://registry.npmjs.org/fontace 23ms (cache miss)
npm http fetch GET 200 https://registry.npmjs.org/esbuild 72ms (cache miss)
npm http fetch GET 200 https://registry.npmjs.org/js-yaml 32ms (cache miss)
npm http fetch GET 200 https://registry.npmjs.org/p-limit 35ms (cache miss)
npm http fetch GET 200 https://registry.npmjs.org/p-queue 29ms (cache miss)
npm http fetch GET 200 https://registry.npmjs.org/prompts 34ms (cache miss)
npm http fetch GET 200 https://registry.npmjs.org/unifont 31ms (cache miss)
npm http fetch GET 200 https://registry.npmjs.org/magicast 21ms (cache miss)
npm http fetch GET 200 https://registry.npmjs.org/tinyexec 27ms (cache miss)
npm http fetch GET 200 https://registry.npmjs.org/tsconfck 25ms (cache miss)
npm http fetch GET 200 https://registry.npmjs.org/piccolore 25ms (cache miss)
npm http fetch GET 200 https://registry.npmjs.org/picomatch 24ms (cache miss)
npm http fetch GET 200 https://registry.npmjs.org/smol-toml 23ms (cache miss)
npm http fetch GET 200 https://registry.npmjs.org/ultrahtml 22ms (cache miss)
npm http fetch GET 200 https://registry.npmjs.org/unstorage 31ms (cache miss)
npm http fetch GET 200 https://registry.npmjs.org/zod-to-ts 25ms (cache miss)
npm http fetch GET 200 https://registry.npmjs.org/aria-query 22ms (cache miss)
npm http fetch GET 200 https://registry.npmjs.org/tinyglobby 20ms (cache miss)
npm http fetch GET 200 https://registry.npmjs.org/neotraverse 21ms (cache miss)
npm http fetch GET 200 https://registry.npmjs.org/xxhash-wasm 22ms (cache miss)
npm http fetch GET 200 https://registry.npmjs.org/html-escaper 22ms (cache miss)
npm http fetch GET 200 https://registry.npmjs.org/magic-string 25ms (cache miss)
npm http fetch GET 200 https://registry.npmjs.org/yargs-parser 24ms (cache miss)
npm http fetch GET 200 https://registry.npmjs.org/estree-walker 30ms (cache miss)
npm http fetch GET 200 https://registry.npmjs.org/yocto-spinner 23ms (cache miss)
npm http fetch GET 200 https://registry.npmjs.org/axobject-query 21ms (cache miss)
npm http fetch GET 200 https://registry.npmjs.org/github-slugger 21ms (cache miss)
npm http fetch GET 200 https://registry.npmjs.org/es-module-lexer 26ms (cache miss)
npm http fetch GET 200 https://registry.npmjs.org/@oslojs%2fencoding 32ms (cache miss)
npm http fetch GET 200 https://registry.npmjs.org/unist-util-visit 22ms (cache miss)
npm http fetch GET 200 https://registry.npmjs.org/@astrojs%2ftelemetry 46ms (cache miss)
npm http fetch GET 200 https://registry.npmjs.org/@astrojs%2fcompiler 61ms (cache miss)
npm http fetch GET 200 https://registry.npmjs.org/@capsizecss%2funpack 40ms (cache miss)
npm http fetch GET 200 https://registry.npmjs.org/zod-to-json-schema 35ms (cache miss)
npm http fetch GET 200 https://registry.npmjs.org/import-meta-resolve 20ms (cache miss)
npm http fetch GET 200 https://registry.npmjs.org/@rollup%2fpluginutils 40ms (cache miss)
npm http fetch GET 200 https://registry.npmjs.org/common-ancestor-path 17ms (cache miss)
npm http fetch GET 200 https://registry.npmjs.org/http-cache-semantics 26ms (cache miss)
npm http fetch GET 200 https://registry.npmjs.org/@astrojs%2fmarkdown-remark 45ms (cache miss)
npm http fetch GET 200 https://registry.npmjs.org/package-manager-detector 28ms (cache miss)
npm http fetch GET 200 https://registry.npmjs.org/deterministic-object-hash 22ms (cache miss)
npm http fetch GET 200 https://registry.npmjs.org/@astrojs%2finternal-helpers 33ms (cache miss)
npm http fetch GET 200 https://registry.npmjs.org/sharp 43ms (cache miss)
npm http fetch GET 200 https://registry.npmjs.org/vite 1868ms (cache miss)
npm http fetch GET 200 https://registry.npmjs.org/typescript 267ms (cache miss)
npm http fetch GET 200 https://registry.npmjs.org/remark-gfm 25ms (cache miss)
npm http fetch GET 200 https://registry.npmjs.org/unified 32ms (cache miss)
npm http fetch GET 200 https://registry.npmjs.org/remark-parse 22ms (cache miss)
npm http fetch GET 200 https://registry.npmjs.org/remark-rehype 21ms (cache miss)
npm http fetch GET 200 https://registry.npmjs.org/rehype-raw 69ms (cache miss)
npm http fetch GET 200 https://registry.npmjs.org/rehype-stringify 20ms (cache miss)
npm http fetch GET 200 https://registry.npmjs.org/@astrojs%2fprism 37ms (cache miss)
npm http fetch GET 200 https://registry.npmjs.org/remark-smartypants 19ms (cache miss)
npm http fetch GET 200 https://registry.npmjs.org/hast-util-to-text 47ms (cache miss)
npm http fetch GET 200 https://registry.npmjs.org/hast-util-from-html 30ms (cache miss)
npm http fetch GET 200 https://registry.npmjs.org/mdast-util-definitions 24ms (cache miss)
npm http fetch GET 200 https://registry.npmjs.org/debug 21ms (cache revalidated)
npm http fetch GET 200 https://registry.npmjs.org/unist-util-visit-parents 32ms (cache miss)
npm http fetch GET 200 https://registry.npmjs.org/unist-util-remove-position 39ms (cache miss)
npm http fetch GET 200 https://registry.npmjs.org/ci-info 19ms (cache revalidated)
npm http fetch GET 200 https://registry.npmjs.org/is-wsl 24ms (cache miss)
npm http fetch GET 200 https://registry.npmjs.org/which-pm-runs 25ms (cache miss)
npm http fetch GET 200 https://registry.npmjs.org/fontkitten 26ms (cache miss)
npm http fetch GET 200 https://registry.npmjs.org/is-docker 42ms (cache miss)
npm http fetch GET 200 https://registry.npmjs.org/estree-walker 18ms (cache revalidated)
npm http fetch GET 200 https://registry.npmjs.org/@types%2festree 30ms (cache miss)
npm http fetch GET 200 https://registry.npmjs.org/picomatch 32ms (cache revalidated)
npm http fetch GET 200 https://registry.npmjs.org/chalk 25ms (cache miss)
npm http fetch GET 200 https://registry.npmjs.org/camelcase 23ms (cache miss)
npm http fetch GET 200 https://registry.npmjs.org/cli-boxes 29ms (cache miss)
npm http fetch GET 200 https://registry.npmjs.org/wrap-ansi 20ms (cache miss)
npm http fetch GET 200 https://registry.npmjs.org/type-fest 36ms (cache miss)
npm http fetch GET 200 https://registry.npmjs.org/widest-line 20ms (cache miss)
npm http fetch GET 200 https://registry.npmjs.org/ansi-align 31ms (cache miss)
npm http fetch GET 200 https://registry.npmjs.org/string-width 21ms (cache miss)
npm http fetch GET 200 https://registry.npmjs.org/ms 21ms (cache miss)
npm http fetch GET 200 https://registry.npmjs.org/base-64 28ms (cache miss)
npm http fetch GET 200 https://registry.npmjs.org/@esbuild%2faix-ppc64 46ms (cache miss)
npm http fetch GET 200 https://registry.npmjs.org/@esbuild%2flinux-arm 40ms (cache miss)
npm http fetch GET 200 https://registry.npmjs.org/@esbuild%2fsunos-x64 36ms (cache miss)
npm http fetch GET 200 https://registry.npmjs.org/@esbuild%2flinux-x64 71ms (cache miss)
npm http fetch GET 200 https://registry.npmjs.org/@esbuild%2fwin32-x64 44ms (cache miss)
npm http fetch GET 200 https://registry.npmjs.org/@esbuild%2fdarwin-x64 39ms (cache miss)
npm http fetch GET 200 https://registry.npmjs.org/@esbuild%2fnetbsd-x64 42ms (cache miss)
npm http fetch GET 200 https://registry.npmjs.org/@esbuild%2fwin32-ia32 37ms (cache miss)
npm http fetch GET 200 https://registry.npmjs.org/@esbuild%2fandroid-arm 38ms (cache miss)
npm http fetch GET 200 https://registry.npmjs.org/@esbuild%2flinux-ia32 102ms (cache miss)
npm http fetch GET 200 https://registry.npmjs.org/@esbuild%2fandroid-x64 40ms (cache miss)
npm http fetch GET 200 https://registry.npmjs.org/@esbuild%2ffreebsd-x64 37ms (cache miss)
npm http fetch GET 200 https://registry.npmjs.org/@esbuild%2flinux-ppc64 43ms (cache miss)
npm http fetch GET 200 https://registry.npmjs.org/@esbuild%2flinux-s390x 38ms (cache miss)
npm http fetch GET 200 https://registry.npmjs.org/@esbuild%2flinux-arm64 83ms (cache miss)
npm http fetch GET 200 https://registry.npmjs.org/@esbuild%2fopenbsd-x64 34ms (cache miss)
npm http fetch GET 200 https://registry.npmjs.org/@esbuild%2fwin32-arm64 37ms (cache miss)
npm http fetch GET 200 https://registry.npmjs.org/@esbuild%2fnetbsd-arm64 34ms (cache miss)
npm http fetch GET 200 https://registry.npmjs.org/@esbuild%2fandroid-arm64 39ms (cache miss)
npm http fetch GET 200 https://registry.npmjs.org/@esbuild%2ffreebsd-arm64 39ms (cache miss)
npm http fetch GET 200 https://registry.npmjs.org/@esbuild%2fdarwin-arm64 83ms (cache miss)
npm http fetch GET 200 https://registry.npmjs.org/@esbuild%2flinux-loong64 58ms (cache miss)
npm http fetch GET 200 https://registry.npmjs.org/@esbuild%2flinux-riscv64 38ms (cache miss)
npm http fetch GET 200 https://registry.npmjs.org/@esbuild%2fopenbsd-arm64 65ms (cache miss)
npm http fetch GET 200 https://registry.npmjs.org/@esbuild%2flinux-mips64el 43ms (cache miss)
npm http fetch GET 200 https://registry.npmjs.org/@esbuild%2fopenharmony-arm64 40ms (cache miss)
npm http fetch GET 200 https://registry.npmjs.org/fontkitten 32ms (cache revalidated)
npm http fetch GET 200 https://registry.npmjs.org/argparse 27ms (cache miss)
npm http fetch GET 200 https://registry.npmjs.org/@jridgewell%2fsourcemap-codec 36ms (cache miss)
npm http fetch GET 200 https://registry.npmjs.org/source-map-js 28ms (cache miss)
npm http fetch GET 200 https://registry.npmjs.org/@babel%2fparser 45ms (cache miss)
npm http fetch GET 200 https://registry.npmjs.org/@babel%2ftypes 58ms (cache miss)
npm http fetch GET 200 https://registry.npmjs.org/yocto-queue 25ms (cache miss)
npm http fetch GET 200 https://registry.npmjs.org/p-timeout 22ms (cache miss)
npm http fetch GET 200 https://registry.npmjs.org/kleur 23ms (cache miss)
npm http fetch GET 200 https://registry.npmjs.org/eventemitter3 36ms (cache miss)
npm http fetch GET 200 https://registry.npmjs.org/sisteransi 24ms (cache miss)
npm http fetch GET 200 https://registry.npmjs.org/rehype-stringify 19ms (cache revalidated)
npm http fetch GET 200 https://registry.npmjs.org/@types%2fhast 28ms (cache miss)
npm http fetch GET 200 https://registry.npmjs.org/rehype-parse 32ms (cache miss)
npm http fetch GET 200 https://registry.npmjs.org/unified 21ms (cache revalidated)
npm http fetch GET 200 https://registry.npmjs.org/@img%2fcolour 29ms (cache miss)
npm http fetch GET 200 https://registry.npmjs.org/detect-libc 29ms (cache miss)
npm http fetch GET 200 https://registry.npmjs.org/@img%2fsharp-wasm32 32ms (cache miss)
npm http fetch GET 200 https://registry.npmjs.org/@img%2fsharp-linux-arm 28ms (cache miss)
npm http fetch GET 200 https://registry.npmjs.org/@img%2fsharp-win32-x64 30ms (cache miss)
npm http fetch GET 200 https://registry.npmjs.org/@img%2fsharp-linux-x64 61ms (cache miss)
npm http fetch GET 200 https://registry.npmjs.org/@img%2fsharp-win32-ia32 37ms (cache miss)
npm http fetch GET 200 https://registry.npmjs.org/@img%2fsharp-darwin-x64 70ms (cache miss)
npm http fetch GET 200 https://registry.npmjs.org/@img%2fsharp-linux-arm64 54ms (cache miss)
npm http fetch GET 200 https://registry.npmjs.org/@img%2fsharp-linux-ppc64 37ms (cache miss)
npm http fetch GET 200 https://registry.npmjs.org/@img%2fsharp-linux-s390x 35ms (cache miss)
npm http fetch GET 200 https://registry.npmjs.org/@img%2fsharp-darwin-arm64 35ms (cache miss)
npm http fetch GET 200 https://registry.npmjs.org/@img%2fsharp-linux-riscv64 30ms (cache miss)
npm http fetch GET 200 https://registry.npmjs.org/@img%2fsharp-win32-arm64 47ms (cache miss)
npm http fetch GET 200 https://registry.npmjs.org/@img%2fsharp-linuxmusl-x64 33ms (cache miss)
npm http fetch GET 200 https://registry.npmjs.org/@img%2fsharp-linuxmusl-arm64 33ms (cache miss)
npm http fetch GET 200 https://registry.npmjs.org/@img%2fsharp-libvips-linux-x64 32ms (cache miss)
npm http fetch GET 200 https://registry.npmjs.org/@img%2fsharp-libvips-darwin-x64 33ms (cache miss)
npm http fetch GET 200 https://registry.npmjs.org/@img%2fsharp-libvips-linux-ppc64 32ms (cache miss)
npm http fetch GET 200 https://registry.npmjs.org/@img%2fsharp-libvips-linux-arm64 35ms (cache miss)
npm http fetch GET 200 https://registry.npmjs.org/@img%2fsharp-libvips-linux-arm 101ms (cache miss)
npm http fetch GET 200 https://registry.npmjs.org/@img%2fsharp-libvips-darwin-arm64 37ms (cache miss)
npm http fetch GET 200 https://registry.npmjs.org/@img%2fsharp-libvips-linux-s390x 40ms (cache miss)
npm http fetch GET 200 https://registry.npmjs.org/@img%2fsharp-libvips-linux-riscv64 49ms (cache miss)
npm http fetch GET 200 https://registry.npmjs.org/@img%2fsharp-libvips-linuxmusl-x64 28ms (cache miss)
npm http fetch GET 200 https://registry.npmjs.org/@img%2fsharp-libvips-linuxmusl-arm64 35ms (cache miss)
npm http fetch GET 200 https://registry.npmjs.org/@types%2fhast 34ms (cache revalidated)
npm http fetch GET 200 https://registry.npmjs.org/@shikijs%2fcore 37ms (cache miss)
npm http fetch GET 200 https://registry.npmjs.org/@shikijs%2flangs 40ms (cache miss)
npm http fetch GET 200 https://registry.npmjs.org/@shikijs%2ftypes 50ms (cache miss)
npm http fetch GET 200 https://registry.npmjs.org/@shikijs%2fthemes 38ms (cache miss)
npm http fetch GET 200 https://registry.npmjs.org/@shikijs%2fvscode-textmate 31ms (cache miss)
npm http fetch GET 200 https://registry.npmjs.org/sax 22ms (cache miss)
npm http fetch GET 200 https://registry.npmjs.org/@shikijs%2fengine-javascript 35ms (cache miss)
npm http fetch GET 200 https://registry.npmjs.org/@shikijs%2fengine-oniguruma 50ms (cache miss)
npm http fetch GET 200 https://registry.npmjs.org/csso 25ms (cache miss)
npm http fetch GET 200 https://registry.npmjs.org/css-tree 24ms (cache miss)
npm http fetch GET 200 https://registry.npmjs.org/css-what 30ms (cache miss)
npm http fetch GET 200 https://registry.npmjs.org/css-select 28ms (cache miss)
npm http fetch GET 200 https://registry.npmjs.org/commander 37ms (cache miss)
npm http fetch GET 200 https://registry.npmjs.org/picocolors 37ms (cache miss)
npm http fetch GET 200 https://registry.npmjs.org/fdir 25ms (cache miss)
npm http fetch GET 200 https://registry.npmjs.org/ohash 25ms (cache miss)
npm http fetch GET 200 https://registry.npmjs.org/@types%2funist 23ms (cache miss)
npm http fetch GET 200 https://registry.npmjs.org/css-tree 33ms (cache revalidated)
npm http fetch GET 200 https://registry.npmjs.org/undici 47ms (cache miss)
npm http fetch GET 200 https://registry.npmjs.org/unist-util-is 25ms (cache miss)
npm http fetch GET 200 https://registry.npmjs.org/unist-util-visit-parents 37ms (cache revalidated)
npm http fetch GET 200 https://registry.npmjs.org/ufo 27ms (cache miss)
npm http fetch GET 200 https://registry.npmjs.org/h3 36ms (cache miss)
npm http fetch GET 200 https://registry.npmjs.org/destr 33ms (cache miss)
npm http fetch GET 200 https://registry.npmjs.org/ofetch 23ms (cache miss)
npm http fetch GET 200 https://registry.npmjs.org/anymatch 23ms (cache miss)
npm http fetch GET 200 https://registry.npmjs.org/node-fetch-native 22ms (cache miss)
npm http fetch GET 200 https://registry.npmjs.org/lru-cache 35ms (cache miss)
npm http fetch GET 200 https://registry.npmjs.org/chokidar 48ms (cache miss)
npm http fetch GET 200 https://registry.npmjs.org/vfile-message 21ms (cache miss)
npm http fetch GET 200 https://registry.npmjs.org/fdir 19ms (cache revalidated)
npm http fetch GET 200 https://registry.npmjs.org/esbuild 30ms (cache revalidated)
npm http fetch GET 200 https://registry.npmjs.org/postcss 39ms (cache miss)
npm http fetch GET 200 https://registry.npmjs.org/fsevents 29ms (cache miss)
npm http fetch GET 200 https://registry.npmjs.org/yoctocolors 22ms (cache miss)
npm http fetch GET 200 https://registry.npmjs.org/rollup 186ms (cache miss)
npm http fetch GET 200 https://registry.npmjs.org/devlop 22ms (cache miss)
npm http fetch GET 200 https://registry.npmjs.org/prismjs 24ms (cache miss)
npm http fetch GET 200 https://registry.npmjs.org/hast-util-from-parse5 36ms (cache miss)
npm http fetch GET 200 https://registry.npmjs.org/parse5 26ms (cache miss)
npm http fetch GET 200 https://registry.npmjs.org/hast-util-is-element 27ms (cache miss)
npm http fetch GET 200 https://registry.npmjs.org/unist-util-find-after 35ms (cache miss)
npm http fetch GET 200 https://registry.npmjs.org/hast-util-raw 24ms (cache miss)
npm http fetch GET 200 https://registry.npmjs.org/@types%2fmdast 44ms (cache miss)
npm http fetch GET 200 https://registry.npmjs.org/@types%2fmdast 28ms (cache miss)
npm http fetch GET 200 https://registry.npmjs.org/mdast-util-gfm 31ms (cache miss)
npm http fetch GET 200 https://registry.npmjs.org/hast-util-to-html 56ms (cache miss)
npm http fetch GET 200 https://registry.npmjs.org/micromark-extension-gfm 23ms (cache miss)
npm http fetch GET 200 https://registry.npmjs.org/micromark-util-types 21ms (cache miss)
npm http fetch GET 200 https://registry.npmjs.org/remark-stringify 35ms (cache miss)
npm http fetch GET 200 https://registry.npmjs.org/mdast-util-from-markdown 40ms (cache miss)
npm http fetch GET 200 https://registry.npmjs.org/mdast-util-to-hast 28ms (cache miss)
npm http fetch GET 200 https://registry.npmjs.org/retext 31ms (cache miss)
npm http fetch GET 200 https://registry.npmjs.org/bail 18ms (cache miss)
npm http fetch GET 200 https://registry.npmjs.org/retext-smartypants 41ms (cache miss)
npm http fetch GET 200 https://registry.npmjs.org/devlop 20ms (cache revalidated)
npm http fetch GET 200 https://registry.npmjs.org/extend 19ms (cache miss)
npm http fetch GET 200 https://registry.npmjs.org/trough 23ms (cache miss)
npm http fetch GET 200 https://registry.npmjs.org/is-plain-obj 37ms (cache miss)
npm http fetch GET 200 https://registry.npmjs.org/is-inside-container 22ms (cache miss)
npm http fetch GET 200 https://registry.npmjs.org/tiny-inflate 21ms (cache miss)
npm http fetch GET 200 https://registry.npmjs.org/string-width 23ms (cache revalidated)
npm http fetch GET 200 https://registry.npmjs.org/emoji-regex 25ms (cache miss)
npm http fetch GET 200 https://registry.npmjs.org/get-east-asian-width 19ms (cache miss)
npm http fetch GET 200 https://registry.npmjs.org/strip-ansi 19ms (cache miss)
npm http fetch GET 200 https://registry.npmjs.org/strip-ansi 51ms (cache miss)
npm http fetch GET 200 https://registry.npmjs.org/ansi-styles 20ms (cache miss)
npm http fetch GET 200 https://registry.npmjs.org/emoji-regex 22ms (cache revalidated)
npm http fetch GET 200 https://registry.npmjs.org/is-fullwidth-code-point 23ms (cache miss)
npm http fetch GET 200 https://registry.npmjs.org/strip-ansi 40ms (cache revalidated)
npm http fetch GET 200 https://registry.npmjs.org/dequal 21ms (cache miss)
npm http fetch GET 200 https://registry.npmjs.org/hastscript 23ms (cache miss)
npm http fetch GET 200 https://registry.npmjs.org/@types%2funist 46ms (cache revalidated)
npm http fetch GET 200 https://registry.npmjs.org/vfile-location 23ms (cache miss)
npm http fetch GET 200 https://registry.npmjs.org/property-information 30ms (cache miss)
npm http fetch GET 200 https://registry.npmjs.org/unist-util-stringify-position 19ms (cache miss)
npm http fetch GET 200 https://registry.npmjs.org/entities 24ms (cache miss)
npm http fetch GET 200 https://registry.npmjs.org/web-namespaces 38ms (cache miss)
npm http fetch GET 200 https://registry.npmjs.org/comma-separated-tokens 20ms (cache miss)
npm http fetch GET 200 https://registry.npmjs.org/hast-util-parse-selector 26ms (cache miss)
npm http fetch GET 200 https://registry.npmjs.org/space-separated-tokens 33ms (cache miss)
npm http fetch GET 200 https://registry.npmjs.org/@babel%2fhelper-string-parser 26ms (cache miss)
npm http fetch GET 200 https://registry.npmjs.org/@babel%2fhelper-validator-identifier 29ms (cache miss)
npm http fetch GET 200 https://registry.npmjs.org/@babel%2ftypes 47ms (cache revalidated)
npm http fetch GET 200 https://registry.npmjs.org/hast-util-to-parse5 23ms (cache miss)
npm http fetch GET 200 https://registry.npmjs.org/@ungap%2fstructured-clone 32ms (cache miss)
npm http fetch GET 200 https://registry.npmjs.org/html-void-elements 36ms (cache miss)
npm http fetch GET 200 https://registry.npmjs.org/unist-util-position 19ms (cache miss)
npm http fetch GET 200 https://registry.npmjs.org/zwitch 20ms (cache miss)
npm http fetch GET 200 https://registry.npmjs.org/trim-lines 27ms (cache miss)
npm http fetch GET 200 https://registry.npmjs.org/micromark-util-sanitize-uri 46ms (cache miss)
npm http fetch GET 200 https://registry.npmjs.org/micromark-util-encode 21ms (cache miss)
npm http fetch GET 200 https://registry.npmjs.org/micromark-util-character 24ms (cache miss)
npm http fetch GET 200 https://registry.npmjs.org/micromark-util-symbol 36ms (cache miss)
npm http fetch GET 200 https://registry.npmjs.org/ccount 23ms (cache miss)
npm http fetch GET 200 https://registry.npmjs.org/hast-util-whitespace 24ms (cache miss)
npm http fetch GET 200 https://registry.npmjs.org/stringify-entities 43ms (cache miss)
npm http fetch GET 200 https://registry.npmjs.org/character-entities-legacy 20ms (cache miss)
npm http fetch GET 200 https://registry.npmjs.org/character-entities-html4 21ms (cache miss)
npm http fetch GET 200 https://registry.npmjs.org/mdast-util-gfm-strikethrough 23ms (cache miss)
npm http fetch GET 200 https://registry.npmjs.org/mdast-util-gfm-footnote 24ms (cache miss)
npm http fetch GET 200 https://registry.npmjs.org/mdast-util-gfm-autolink-literal 42ms (cache miss)
npm http fetch GET 200 https://registry.npmjs.org/mdast-util-gfm-task-list-item 22ms (cache miss)
npm http fetch GET 200 https://registry.npmjs.org/mdast-util-gfm-table 26ms (cache miss)
npm http fetch GET 200 https://registry.npmjs.org/micromark-extension-gfm-footnote 25ms (cache miss)
npm http fetch GET 200 https://registry.npmjs.org/micromark-extension-gfm-autolink-literal 32ms (cache miss)
npm http fetch GET 200 https://registry.npmjs.org/mdast-util-to-markdown 41ms (cache miss)
npm http fetch GET 200 https://registry.npmjs.org/micromark-extension-gfm-strikethrough 25ms (cache miss)
npm http fetch GET 200 https://registry.npmjs.org/micromark-extension-gfm-table 23ms (cache miss)
npm http fetch GET 200 https://registry.npmjs.org/micromark-extension-gfm-tagfilter 33ms (cache miss)
npm http fetch GET 200 https://registry.npmjs.org/micromark-extension-gfm-task-list-item 20ms (cache miss)
npm http fetch GET 200 https://registry.npmjs.org/micromark-util-combine-extensions 19ms (cache miss)
npm http fetch GET 200 https://registry.npmjs.org/micromark-util-decode-string 19ms (cache miss)
npm http fetch GET 200 https://registry.npmjs.org/mdast-util-to-string 23ms (cache miss)
npm http fetch GET 200 https://registry.npmjs.org/decode-named-character-reference 26ms (cache miss)
npm http fetch GET 200 https://registry.npmjs.org/micromark 56ms (cache miss)
npm http fetch GET 200 https://registry.npmjs.org/micromark-util-normalize-identifier 39ms (cache miss)
npm http fetch GET 200 https://registry.npmjs.org/micromark-util-decode-numeric-character-reference 21ms (cache miss)
npm http fetch GET 200 https://registry.npmjs.org/markdown-table 22ms (cache miss)
npm http fetch GET 200 https://registry.npmjs.org/longest-streak 21ms (cache miss)
npm http fetch GET 200 https://registry.npmjs.org/mdast-util-find-and-replace 44ms (cache miss)
npm http fetch GET 200 https://registry.npmjs.org/mdast-util-phrasing 19ms (cache miss)
npm http fetch GET 200 https://registry.npmjs.org/micromark-util-html-tag-name 21ms (cache miss)
npm http fetch GET 200 https://registry.npmjs.org/micromark-util-classify-character 36ms (cache miss)
npm http fetch GET 200 https://registry.npmjs.org/character-entities 22ms (cache miss)
npm http fetch GET 200 https://registry.npmjs.org/@types%2fdebug 26ms (cache miss)
npm http fetch GET 200 https://registry.npmjs.org/micromark-util-edit-map 18ms (cache miss)
npm http fetch GET 200 https://registry.npmjs.org/micromark-factory-space 25ms (cache miss)
npm http fetch GET 200 https://registry.npmjs.org/micromark-util-chunked 53ms (cache miss)
npm http fetch GET 200 https://registry.npmjs.org/micromark-core-commonmark 19ms (cache miss)
npm http fetch GET 200 https://registry.npmjs.org/micromark-util-resolve-all 22ms (cache miss)
npm http fetch GET 200 https://registry.npmjs.org/micromark-util-subtokenize 38ms (cache miss)
npm http fetch GET 200 https://registry.npmjs.org/escape-string-regexp 20ms (cache miss)
npm http fetch GET 200 https://registry.npmjs.org/micromark-factory-space 21ms (cache revalidated)
npm http fetch GET 200 https://registry.npmjs.org/@types%2fms 27ms (cache miss)
npm http fetch GET 200 https://registry.npmjs.org/micromark-factory-label 31ms (cache miss)
npm http fetch GET 200 https://registry.npmjs.org/micromark-factory-title 22ms (cache miss)
npm http fetch GET 200 https://registry.npmjs.org/micromark-factory-whitespace 22ms (cache miss)
npm http fetch GET 200 https://registry.npmjs.org/micromark-factory-destination 37ms (cache miss)
npm http fetch GET 200 https://registry.npmjs.org/retext-latin 24ms (cache miss)
npm http fetch GET 200 https://registry.npmjs.org/@types%2fnlcst 28ms (cache miss)
npm http fetch GET 200 https://registry.npmjs.org/retext-stringify 32ms (cache miss)
npm http fetch GET 200 https://registry.npmjs.org/@types%2fnlcst 25ms (cache miss)
npm http fetch GET 200 https://registry.npmjs.org/nlcst-to-string 24ms (cache miss)
npm http fetch GET 200 https://registry.npmjs.org/parse-latin 40ms (cache miss)
npm http fetch GET 200 https://registry.npmjs.org/unist-util-visit-children 21ms (cache miss)
npm http fetch GET 200 https://registry.npmjs.org/unist-util-modify-children 25ms (cache miss)
npm http fetch GET 200 https://registry.npmjs.org/array-iterate 29ms (cache miss)
npm http fetch GET 200 https://registry.npmjs.org/@emnapi%2fruntime 39ms (cache miss)
npm http fetch GET 200 https://registry.npmjs.org/tslib 24ms (cache miss)
npm http fetch GET 200 https://registry.npmjs.org/oniguruma-to-es 44ms (cache miss)
npm http fetch GET 200 https://registry.npmjs.org/oniguruma-parser 24ms (cache miss)
npm http fetch GET 200 https://registry.npmjs.org/regex 25ms (cache miss)
npm http fetch GET 200 https://registry.npmjs.org/regex-recursion 42ms (cache miss)
npm http fetch GET 200 https://registry.npmjs.org/regex-utilities 20ms (cache miss)
npm http fetch GET 200 https://registry.npmjs.org/regex-utilities 32ms (cache miss)
npm http fetch GET 200 https://registry.npmjs.org/ansi-regex 31ms (cache miss)
npm http fetch GET 200 https://registry.npmjs.org/boolbase 18ms (cache miss)
npm http fetch GET 200 https://registry.npmjs.org/domutils 28ms (cache miss)
npm http fetch GET 200 https://registry.npmjs.org/nth-check 31ms (cache miss)
npm http fetch GET 200 https://registry.npmjs.org/domhandler 21ms (cache miss)
npm http fetch GET 200 https://registry.npmjs.org/mdn-data 46ms (cache miss)
npm http fetch GET 200 https://registry.npmjs.org/dom-serializer 25ms (cache miss)
npm http fetch GET 200 https://registry.npmjs.org/domelementtype 28ms (cache miss)
npm http fetch GET 200 https://registry.npmjs.org/domelementtype 30ms (cache miss)
npm http fetch GET 200 https://registry.npmjs.org/mdn-data 23ms (cache revalidated)
npm http fetch GET 200 https://registry.npmjs.org/entities 26ms (cache revalidated)
npm http fetch GET 200 https://registry.npmjs.org/defu 26ms (cache miss)
npm http fetch GET 200 https://registry.npmjs.org/readdirp 30ms (cache miss)
npm http fetch GET 200 https://registry.npmjs.org/normalize-path 42ms (cache miss)
npm http fetch GET 200 https://registry.npmjs.org/radix3 23ms (cache miss)
npm http fetch GET 200 https://registry.npmjs.org/crossws 27ms (cache miss)
npm http fetch GET 200 https://registry.npmjs.org/cookie-es 22ms (cache miss)
npm http fetch GET 200 https://registry.npmjs.org/iron-webcrypto 29ms (cache miss)
npm http fetch GET 200 https://registry.npmjs.org/uncrypto 52ms (cache miss)
npm http fetch GET 200 https://registry.npmjs.org/node-mock-http 22ms (cache miss)
npm http fetch GET 200 https://registry.npmjs.org/ufo 20ms (cache revalidated)
npm http fetch GET 200 https://registry.npmjs.org/@esbuild%2flinux-arm 30ms (cache revalidated)
npm http fetch GET 200 https://registry.npmjs.org/@esbuild%2flinux-x64 36ms (cache revalidated)
npm http fetch GET 200 https://registry.npmjs.org/@esbuild%2faix-ppc64 56ms (cache revalidated)
npm http fetch GET 200 https://registry.npmjs.org/@esbuild%2fsunos-x64 30ms (cache revalidated)
npm http fetch GET 200 https://registry.npmjs.org/@esbuild%2fwin32-x64 34ms (cache revalidated)
npm http fetch GET 200 https://registry.npmjs.org/@esbuild%2flinux-ia32 30ms (cache revalidated)
npm http fetch GET 200 https://registry.npmjs.org/@esbuild%2fdarwin-x64 54ms (cache revalidated)
npm http fetch GET 200 https://registry.npmjs.org/@esbuild%2fnetbsd-x64 46ms (cache revalidated)
npm http fetch GET 200 https://registry.npmjs.org/@esbuild%2fwin32-ia32 29ms (cache revalidated)
npm http fetch GET 200 https://registry.npmjs.org/@esbuild%2fandroid-x64 28ms (cache revalidated)
npm http fetch GET 200 https://registry.npmjs.org/@esbuild%2ffreebsd-x64 30ms (cache revalidated)
npm http fetch GET 200 https://registry.npmjs.org/@esbuild%2flinux-arm64 34ms (cache revalidated)
npm http fetch GET 200 https://registry.npmjs.org/@esbuild%2flinux-ppc64 33ms (cache revalidated)
npm http fetch GET 200 https://registry.npmjs.org/@esbuild%2fandroid-arm 97ms (cache revalidated)
npm http fetch GET 200 https://registry.npmjs.org/@esbuild%2fopenbsd-x64 29ms (cache revalidated)
npm http fetch GET 200 https://registry.npmjs.org/@esbuild%2flinux-s390x 35ms (cache revalidated)
npm http fetch GET 200 https://registry.npmjs.org/@esbuild%2fnetbsd-arm64 31ms (cache revalidated)
npm http fetch GET 200 https://registry.npmjs.org/@esbuild%2fdarwin-arm64 34ms (cache revalidated)
npm http fetch GET 200 https://registry.npmjs.org/@esbuild%2fandroid-arm64 34ms (cache revalidated)
npm http fetch GET 200 https://registry.npmjs.org/@esbuild%2ffreebsd-arm64 34ms (cache revalidated)
npm http fetch GET 200 https://registry.npmjs.org/@esbuild%2flinux-riscv64 28ms (cache revalidated)
npm http fetch GET 200 https://registry.npmjs.org/@esbuild%2flinux-loong64 32ms (cache revalidated)
npm http fetch GET 200 https://registry.npmjs.org/@esbuild%2fwin32-arm64 117ms (cache revalidated)
npm http fetch GET 200 https://registry.npmjs.org/@esbuild%2fopenbsd-arm64 33ms (cache revalidated)
npm http fetch GET 200 https://registry.npmjs.org/@esbuild%2flinux-mips64el 32ms (cache revalidated)
npm http fetch GET 200 https://registry.npmjs.org/@esbuild%2fopenharmony-arm64 76ms (cache revalidated)
npm http fetch GET 200 https://registry.npmjs.org/nanoid 50ms (cache miss)
npm http fetch GET 200 https://registry.npmjs.org/@rollup%2frollup-darwin-x64 53ms (cache miss)
npm http fetch GET 200 https://registry.npmjs.org/@rollup%2frollup-freebsd-x64 33ms (cache miss)
npm http fetch GET 200 https://registry.npmjs.org/@rollup%2frollup-openbsd-x64 31ms (cache miss)
npm http fetch GET 200 https://registry.npmjs.org/@rollup%2frollup-darwin-arm64 43ms (cache miss)
npm http fetch GET 200 https://registry.npmjs.org/@rollup%2frollup-android-arm64 43ms (cache miss)
npm http fetch GET 200 https://registry.npmjs.org/@napi-rs%2flzma-linux-x64-gnu 75ms (cache miss)
npm http fetch GET 200 https://registry.npmjs.org/@rollup%2frollup-freebsd-arm64 47ms (cache miss)
npm http fetch GET 200 https://registry.npmjs.org/@rollup%2frollup-linux-x64-gnu 46ms (cache miss)
npm http fetch GET 200 https://registry.npmjs.org/@rollup%2frollup-linux-x64-musl 39ms (cache miss)
npm http fetch GET 200 https://registry.npmjs.org/@rollup%2frollup-win32-x64-gnu 93ms (cache miss)
npm http fetch GET 200 https://registry.npmjs.org/@rollup%2frollup-win32-x64-msvc 49ms (cache miss)
npm http fetch GET 200 https://registry.npmjs.org/@rollup%2frollup-linux-arm64-gnu 40ms (cache miss)
npm http fetch GET 200 https://registry.npmjs.org/@rollup%2frollup-linux-ppc64-gnu 36ms (cache miss)
npm http fetch GET 200 https://registry.npmjs.org/@rollup%2frollup-android-arm-eabi 39ms (cache miss)
npm http fetch GET 200 https://registry.npmjs.org/@rollup%2frollup-linux-s390x-gnu 82ms (cache miss)
npm http fetch GET 200 https://registry.npmjs.org/@rollup%2frollup-win32-ia32-msvc 56ms (cache miss)
npm http fetch GET 200 https://registry.npmjs.org/@rollup%2frollup-linux-arm64-musl 42ms (cache miss)
npm http fetch GET 200 https://registry.npmjs.org/@rollup%2frollup-win32-arm64-msvc 39ms (cache miss)
npm http fetch GET 200 https://registry.npmjs.org/@rollup%2frollup-linux-ppc64-musl 65ms (cache miss)
npm http fetch GET 200 https://registry.npmjs.org/@rollup%2frollup-linux-loong64-gnu 32ms (cache miss)
npm http fetch GET 200 https://registry.npmjs.org/@rollup%2frollup-linux-riscv64-gnu 38ms (cache miss)
npm http fetch GET 200 https://registry.npmjs.org/@rollup%2frollup-linux-loong64-musl 42ms (cache miss)
npm http fetch GET 200 https://registry.npmjs.org/@rollup%2frollup-linux-riscv64-musl 35ms (cache miss)
npm http fetch GET 200 https://registry.npmjs.org/@rollup%2frollup-openharmony-arm64 76ms (cache miss)
npm http fetch GET 200 https://registry.npmjs.org/@rollup%2frollup-linux-arm-gnueabihf 36ms (cache miss)
npm http fetch GET 200 https://registry.npmjs.org/@rollup%2frollup-linux-arm-musleabihf 35ms (cache miss)
npm http fetch GET 200 https://registry.npmjs.org/ansi-regex 37ms (cache revalidated)
npm http fetch GET 200 https://registry.npmjs.org/is-fullwidth-code-point/-/is-fullwidth-code-point-3.0.0.tgz 197ms (cache miss)
npm http fetch GET 200 https://registry.npmjs.org/yoctocolors/-/yoctocolors-2.2.0.tgz 199ms (cache miss)
npm http fetch GET 200 https://registry.npmjs.org/normalize-path/-/normalize-path-3.0.0.tgz 213ms (cache miss)
npm http fetch GET 200 https://registry.npmjs.org/ufo/-/ufo-1.6.4.tgz 257ms (cache miss)
npm http fetch GET 200 https://registry.npmjs.org/uncrypto/-/uncrypto-0.1.3.tgz 383ms (cache miss)
npm http fetch GET 200 https://registry.npmjs.org/radix3/-/radix3-1.1.2.tgz 392ms (cache miss)
npm http fetch GET 200 https://registry.npmjs.org/ansi-styles/-/ansi-styles-6.2.3.tgz 413ms (cache miss)
npm http fetch GET 200 https://registry.npmjs.org/readdirp/-/readdirp-5.1.1.tgz 425ms (cache miss)
npm http fetch GET 200 https://registry.npmjs.org/destr/-/destr-2.0.5.tgz 425ms (cache miss)
npm http fetch GET 200 https://registry.npmjs.org/array-iterate/-/array-iterate-2.0.1.tgz 424ms (cache miss)
npm http fetch GET 200 https://registry.npmjs.org/is-plain-obj/-/is-plain-obj-4.1.0.tgz 433ms (cache miss)
npm http fetch GET 200 https://registry.npmjs.org/anymatch/-/anymatch-3.1.3.tgz 447ms (cache miss)
npm http fetch GET 200 https://registry.npmjs.org/cookie-es/-/cookie-es-1.2.3.tgz 464ms (cache miss)
npm http fetch GET 200 https://registry.npmjs.org/fdir/-/fdir-6.5.0.tgz 471ms (cache miss)
npm http fetch GET 200 https://registry.npmjs.org/bail/-/bail-2.0.2.tgz 485ms (cache miss)
npm http fetch GET 200 https://registry.npmjs.org/boolbase/-/boolbase-1.0.0.tgz 485ms (cache miss)
npm http fetch GET 200 https://registry.npmjs.org/picocolors/-/picocolors-1.1.1.tgz 511ms (cache miss)
npm http fetch GET 200 https://registry.npmjs.org/character-entities-html4/-/character-entities-html4-2.1.0.tgz 510ms (cache miss)
npm http fetch GET 200 https://registry.npmjs.org/strip-ansi/-/strip-ansi-7.2.0.tgz 511ms (cache miss)
npm http fetch GET 200 https://registry.npmjs.org/defu/-/defu-6.1.7.tgz 530ms (cache miss)
npm http fetch GET 200 https://registry.npmjs.org/trough/-/trough-2.2.0.tgz 528ms (cache miss)
npm http fetch GET 200 https://registry.npmjs.org/get-east-asian-width/-/get-east-asian-width-1.7.0.tgz 525ms (cache miss)
npm http fetch GET 200 https://registry.npmjs.org/extend/-/extend-3.0.2.tgz 543ms (cache miss)
npm http fetch GET 200 https://registry.npmjs.org/emoji-regex/-/emoji-regex-10.6.0.tgz 540ms (cache miss)
npm http fetch GET 200 https://registry.npmjs.org/ansi-regex/-/ansi-regex-6.4.0.tgz 577ms (cache miss)
npm http fetch GET 200 https://registry.npmjs.org/regex-utilities/-/regex-utilities-2.3.0.tgz 576ms (cache miss)
npm http fetch GET 200 https://registry.npmjs.org/iron-webcrypto/-/iron-webcrypto-1.2.1.tgz 623ms (cache miss)
npm http fetch GET 200 https://registry.npmjs.org/chokidar/-/chokidar-5.0.0.tgz 621ms (cache miss)
npm http fetch GET 200 https://registry.npmjs.org/regex-recursion/-/regex-recursion-6.0.2.tgz 616ms (cache miss)
npm http fetch GET 200 https://registry.npmjs.org/character-entities-legacy/-/character-entities-legacy-3.0.0.tgz 618ms (cache miss)
npm http fetch GET 200 https://registry.npmjs.org/detect-libc/-/detect-libc-2.1.2.tgz 615ms (cache miss)
npm http fetch GET 200 https://registry.npmjs.org/@shikijs/types/-/types-3.23.0.tgz 628ms (cache miss)
npm http fetch GET 200 https://registry.npmjs.org/unist-util-modify-children/-/unist-util-modify-children-4.0.0.tgz 637ms (cache miss)
npm http fetch GET 200 https://registry.npmjs.org/retext-stringify/-/retext-stringify-4.0.0.tgz 654ms (cache miss)
npm http fetch GET 200 https://registry.npmjs.org/micromark-extension-gfm-task-list-item/-/micromark-extension-gfm-task-list-item-2.1.0.tgz 653ms (cache miss)
npm http fetch GET 200 https://registry.npmjs.org/retext-smartypants/-/retext-smartypants-6.2.0.tgz 654ms (cache miss)
npm http fetch GET 200 https://registry.npmjs.org/retext/-/retext-9.0.0.tgz 653ms (cache miss)
npm http fetch GET 200 https://registry.npmjs.org/@shikijs/vscode-textmate/-/vscode-textmate-10.0.2.tgz 669ms (cache miss)
npm http fetch GET 200 https://registry.npmjs.org/unist-util-visit-children/-/unist-util-visit-children-3.0.0.tgz 667ms (cache miss)
npm http fetch GET 200 https://registry.npmjs.org/nlcst-to-string/-/nlcst-to-string-4.0.0.tgz 667ms (cache miss)
npm http fetch GET 200 https://registry.npmjs.org/retext-latin/-/retext-latin-4.0.0.tgz 666ms (cache miss)
npm http fetch GET 200 https://registry.npmjs.org/domelementtype/-/domelementtype-2.3.0.tgz 686ms (cache miss)
npm http fetch GET 200 https://registry.npmjs.org/sax/-/sax-1.6.1.tgz 698ms (cache miss)
npm http fetch GET 200 https://registry.npmjs.org/micromark-extension-gfm-tagfilter/-/micromark-extension-gfm-tagfilter-2.0.0.tgz 693ms (cache miss)
npm http fetch GET 200 https://registry.npmjs.org/micromark-factory-whitespace/-/micromark-factory-whitespace-2.0.1.tgz 692ms (cache miss)
npm http fetch GET 200 https://registry.npmjs.org/micromark-factory-title/-/micromark-factory-title-2.0.1.tgz 692ms (cache miss)
npm http fetch GET 200 https://registry.npmjs.org/@img/colour/-/colour-1.1.0.tgz 705ms (cache miss)
npm http fetch GET 200 https://registry.npmjs.org/micromark-util-combine-extensions/-/micromark-util-combine-extensions-2.0.1.tgz 702ms (cache miss)
npm http fetch GET 200 https://registry.npmjs.org/micromark-factory-space/-/micromark-factory-space-2.1.0.tgz 701ms (cache miss)
npm http fetch GET 200 https://registry.npmjs.org/@types/ms/-/ms-2.1.0.tgz 702ms (cache miss)
npm http fetch GET 200 https://registry.npmjs.org/@types/nlcst/-/nlcst-2.0.3.tgz 718ms (cache miss)
npm http fetch GET 200 https://registry.npmjs.org/micromark-factory-destination/-/micromark-factory-destination-2.0.1.tgz 716ms (cache miss)
npm http fetch GET 200 https://registry.npmjs.org/micromark-factory-label/-/micromark-factory-label-2.0.1.tgz 717ms (cache miss)
npm http fetch GET 200 https://registry.npmjs.org/micromark-util-resolve-all/-/micromark-util-resolve-all-2.0.1.tgz 716ms (cache miss)
npm http fetch GET 200 https://registry.npmjs.org/micromark-util-chunked/-/micromark-util-chunked-2.0.1.tgz 715ms (cache miss)
npm http fetch GET 200 https://registry.npmjs.org/micromark-util-html-tag-name/-/micromark-util-html-tag-name-2.0.1.tgz 730ms (cache miss)
npm http fetch GET 200 https://registry.npmjs.org/micromark-util-classify-character/-/micromark-util-classify-character-2.0.1.tgz 730ms (cache miss)
npm http fetch GET 200 https://registry.npmjs.org/escape-string-regexp/-/escape-string-regexp-5.0.0.tgz 730ms (cache miss)
npm http fetch GET 200 https://registry.npmjs.org/@shikijs/core/-/core-3.23.0.tgz 747ms (cache miss)
npm http fetch GET 200 https://registry.npmjs.org/micromark-util-edit-map/-/micromark-util-edit-map-1.0.0.tgz 742ms (cache miss)
npm http fetch GET 200 https://registry.npmjs.org/mdast-util-phrasing/-/mdast-util-phrasing-4.1.0.tgz 741ms (cache miss)
npm http fetch GET 200 https://registry.npmjs.org/unist-util-is/-/unist-util-is-6.0.1.tgz 741ms (cache miss)
npm http fetch GET 200 https://registry.npmjs.org/character-entities/-/character-entities-2.0.2.tgz 741ms (cache miss)
npm http fetch GET 200 https://registry.npmjs.org/unist-util-stringify-position/-/unist-util-stringify-position-4.0.0.tgz 753ms (cache miss)
npm http fetch GET 200 https://registry.npmjs.org/micromark-util-normalize-identifier/-/micromark-util-normalize-identifier-2.0.1.tgz 753ms (cache miss)
npm http fetch GET 200 https://registry.npmjs.org/ofetch/-/ofetch-1.5.1.tgz 778ms (cache miss)
npm http fetch GET 200 https://registry.npmjs.org/@shikijs/engine-javascript/-/engine-javascript-3.23.0.tgz 773ms (cache miss)
npm http fetch GET 200 https://registry.npmjs.org/mdast-util-find-and-replace/-/mdast-util-find-and-replace-3.0.3.tgz 767ms (cache miss)
npm http fetch GET 200 https://registry.npmjs.org/longest-streak/-/longest-streak-3.1.0.tgz 767ms (cache miss)
npm http fetch GET 200 https://registry.npmjs.org/decode-named-character-reference/-/decode-named-character-reference-1.3.0.tgz 766ms (cache miss)
npm http fetch GET 200 https://registry.npmjs.org/@types/debug/-/debug-4.1.13.tgz 779ms (cache miss)
npm http fetch GET 200 https://registry.npmjs.org/mdast-util-to-string/-/mdast-util-to-string-4.0.0.tgz 776ms (cache miss)
npm http fetch GET 200 https://registry.npmjs.org/mdast-util-gfm-task-list-item/-/mdast-util-gfm-task-list-item-2.0.0.tgz 777ms (cache miss)
npm http fetch GET 200 https://registry.npmjs.org/mdast-util-gfm-strikethrough/-/mdast-util-gfm-strikethrough-2.0.1.tgz 776ms (cache miss)
npm http fetch GET 200 https://registry.npmjs.org/micromark-util-decode-string/-/micromark-util-decode-string-2.0.1.tgz 778ms (cache miss)
npm http fetch GET 200 https://registry.npmjs.org/mdast-util-gfm-footnote/-/mdast-util-gfm-footnote-2.1.0.tgz 777ms (cache miss)
npm http fetch GET 200 https://registry.npmjs.org/mdast-util-gfm-autolink-literal/-/mdast-util-gfm-autolink-literal-2.0.1.tgz 777ms (cache miss)
npm http fetch GET 200 https://registry.npmjs.org/remark-stringify/-/remark-stringify-11.0.0.tgz 790ms (cache miss)
npm http fetch GET 200 https://registry.npmjs.org/micromark-extension-gfm/-/micromark-extension-gfm-3.0.0.tgz 790ms (cache miss)
npm http fetch GET 200 https://registry.npmjs.org/markdown-table/-/markdown-table-3.0.4.tgz 809ms (cache miss)
npm http fetch GET 200 https://registry.npmjs.org/stringify-entities/-/stringify-entities-4.0.4.tgz 806ms (cache miss)
npm http fetch GET 200 https://registry.npmjs.org/ccount/-/ccount-2.0.1.tgz 806ms (cache miss)
npm http fetch GET 200 https://registry.npmjs.org/micromark-util-decode-numeric-character-reference/-/micromark-util-decode-numeric-character-reference-2.0.2.tgz 821ms (cache miss)
npm http fetch GET 200 https://registry.npmjs.org/hast-util-whitespace/-/hast-util-whitespace-3.0.0.tgz 819ms (cache miss)
npm http fetch GET 200 https://registry.npmjs.org/trim-lines/-/trim-lines-3.0.1.tgz 818ms (cache miss)
npm http fetch GET 200 https://registry.npmjs.org/micromark-util-sanitize-uri/-/micromark-util-sanitize-uri-2.0.1.tgz 819ms (cache miss)
npm http fetch GET 200 https://registry.npmjs.org/zwitch/-/zwitch-2.0.4.tgz 818ms (cache miss)
npm http fetch GET 200 https://registry.npmjs.org/h3/-/h3-1.15.11.tgz 846ms (cache miss)
npm http fetch GET 200 https://registry.npmjs.org/micromark-util-character/-/micromark-util-character-2.1.1.tgz 829ms (cache miss)
npm http fetch GET 200 https://registry.npmjs.org/unist-util-position/-/unist-util-position-5.0.0.tgz 829ms (cache miss)
npm http fetch GET 200 https://registry.npmjs.org/micromark-util-encode/-/micromark-util-encode-2.0.1.tgz 830ms (cache miss)
npm http fetch GET 200 https://registry.npmjs.org/micromark-util-types/-/micromark-util-types-2.0.3.tgz 846ms (cache miss)
npm http fetch GET 200 https://registry.npmjs.org/kleur/-/kleur-3.0.3.tgz 845ms (cache miss)
npm http fetch GET 200 https://registry.npmjs.org/hast-util-to-parse5/-/hast-util-to-parse5-8.0.1.tgz 856ms (cache miss)
npm http fetch GET 200 https://registry.npmjs.org/rehype-parse/-/rehype-parse-9.0.1.tgz 855ms (cache miss)
npm http fetch GET 200 https://registry.npmjs.org/hast-util-raw/-/hast-util-raw-9.1.0.tgz 869ms (cache miss)
npm http fetch GET 200 https://registry.npmjs.org/p-timeout/-/p-timeout-6.1.4.tgz 869ms (cache miss)
npm http fetch GET 200 https://registry.npmjs.org/yocto-queue/-/yocto-queue-1.2.2.tgz 869ms (cache miss)
npm http fetch GET 200 https://registry.npmjs.org/@babel/helper-string-parser/-/helper-string-parser-7.29.7.tgz 869ms (cache miss)
npm http fetch GET 200 https://registry.npmjs.org/is-inside-container/-/is-inside-container-1.0.0.tgz 868ms (cache miss)
npm http fetch GET 200 https://registry.npmjs.org/nanoid/-/nanoid-3.3.20.tgz 915ms (cache miss)
npm http fetch GET 200 https://registry.npmjs.org/html-void-elements/-/html-void-elements-3.0.0.tgz 893ms (cache miss)
npm http fetch GET 200 https://registry.npmjs.org/sisteransi/-/sisteransi-1.0.5.tgz 893ms (cache miss)
npm http fetch GET 200 https://registry.npmjs.org/@types/mdast/-/mdast-4.0.4.tgz 892ms (cache miss)
npm http fetch GET 200 https://registry.npmjs.org/argparse/-/argparse-2.0.1.tgz 891ms (cache miss)
npm http fetch GET 200 https://registry.npmjs.org/space-separated-tokens/-/space-separated-tokens-2.0.2.tgz 892ms (cache miss)
npm http fetch GET 200 https://registry.npmjs.org/@babel/helper-validator-identifier/-/helper-validator-identifier-7.29.7.tgz 911ms (cache miss)
npm http fetch GET 200 https://registry.npmjs.org/vfile-location/-/vfile-location-5.0.3.tgz 910ms (cache miss)
npm http fetch GET 200 https://registry.npmjs.org/@types/unist/-/unist-3.0.3.tgz 909ms (cache miss)
npm http fetch GET 200 https://registry.npmjs.org/mdast-util-gfm-table/-/mdast-util-gfm-table-2.0.0.tgz 931ms (cache miss)
npm http fetch GET 200 https://registry.npmjs.org/comma-separated-tokens/-/comma-separated-tokens-2.0.3.tgz 925ms (cache miss)
npm http fetch GET 200 https://registry.npmjs.org/hast-util-is-element/-/hast-util-is-element-3.0.0.tgz 926ms (cache miss)
npm http fetch GET 200 https://registry.npmjs.org/web-namespaces/-/web-namespaces-2.0.1.tgz 926ms (cache miss)
npm http fetch GET 200 https://registry.npmjs.org/vfile-message/-/vfile-message-4.0.3.tgz 926ms (cache miss)
npm http fetch GET 200 https://registry.npmjs.org/mdast-util-gfm/-/mdast-util-gfm-3.1.0.tgz 946ms (cache miss)
npm http fetch GET 200 https://registry.npmjs.org/hast-util-parse-selector/-/hast-util-parse-selector-4.0.0.tgz 941ms (cache miss)
npm http fetch GET 200 https://registry.npmjs.org/unist-util-find-after/-/unist-util-find-after-5.0.0.tgz 942ms (cache miss)
npm http fetch GET 200 https://registry.npmjs.org/tiny-inflate/-/tiny-inflate-1.0.3.tgz 954ms (cache miss)
npm http fetch GET 200 https://registry.npmjs.org/wrap-ansi/-/wrap-ansi-9.0.2.tgz 953ms (cache miss)
npm http fetch GET 200 https://registry.npmjs.org/@types/hast/-/hast-3.0.5.tgz 954ms (cache miss)
npm http fetch GET 200 https://registry.npmjs.org/ms/-/ms-2.1.3.tgz 954ms (cache miss)
npm http fetch GET 200 https://registry.npmjs.org/base-64/-/base-64-1.0.0.tgz 955ms (cache miss)
npm http fetch GET 200 https://registry.npmjs.org/hast-util-from-parse5/-/hast-util-from-parse5-8.0.3.tgz 969ms (cache miss)
npm http fetch GET 200 https://registry.npmjs.org/widest-line/-/widest-line-5.0.0.tgz 968ms (cache miss)
npm http fetch GET 200 https://registry.npmjs.org/dequal/-/dequal-2.0.3.tgz 984ms (cache miss)
npm http fetch GET 200 https://registry.npmjs.org/devlop/-/devlop-1.1.0.tgz 983ms (cache miss)
npm http fetch GET 200 https://registry.npmjs.org/cli-boxes/-/cli-boxes-3.0.0.tgz 981ms (cache miss)
npm http fetch GET 200 https://registry.npmjs.org/string-width/-/string-width-7.2.0.tgz 983ms (cache miss)
npm http fetch GET 200 https://registry.npmjs.org/ohash/-/ohash-2.0.12.tgz 1016ms (cache miss)
npm http fetch GET 200 https://registry.npmjs.org/camelcase/-/camelcase-8.0.0.tgz 992ms (cache miss)
npm http fetch GET 200 https://registry.npmjs.org/is-wsl/-/is-wsl-3.1.1.tgz 992ms (cache miss)
npm http fetch GET 200 https://registry.npmjs.org/ansi-align/-/ansi-align-3.0.1.tgz 993ms (cache miss)
npm http fetch GET 200 https://registry.npmjs.org/which-pm-runs/-/which-pm-runs-1.1.0.tgz 994ms (cache miss)
npm http fetch GET 200 https://registry.npmjs.org/is-docker/-/is-docker-3.0.0.tgz 993ms (cache miss)
npm http fetch GET 200 https://registry.npmjs.org/eventemitter3/-/eventemitter3-5.0.4.tgz 1013ms (cache miss)
npm http fetch GET 200 https://registry.npmjs.org/dom-serializer/-/dom-serializer-2.0.0.tgz 1047ms (cache miss)
npm http fetch GET 200 https://registry.npmjs.org/unist-util-remove-position/-/unist-util-remove-position-5.0.0.tgz 1022ms (cache miss)
npm http fetch GET 200 https://registry.npmjs.org/commander/-/commander-11.1.0.tgz 1062ms (cache miss)
npm http fetch GET 200 https://registry.npmjs.org/remark-parse/-/remark-parse-11.0.0.tgz 1038ms (cache miss)
npm http fetch GET 200 https://registry.npmjs.org/rehype-raw/-/rehype-raw-7.0.0.tgz 1038ms (cache miss)
npm http fetch GET 200 https://registry.npmjs.org/rehype-stringify/-/rehype-stringify-10.0.1.tgz 1038ms (cache miss)
npm http fetch GET 200 https://registry.npmjs.org/@img/sharp-linux-arm64/-/sharp-linux-arm64-0.34.5.tgz 1072ms (cache miss)
npm http fetch GET 200 https://registry.npmjs.org/remark-rehype/-/remark-rehype-11.1.2.tgz 1053ms (cache miss)
npm http fetch GET 200 https://registry.npmjs.org/remark-smartypants/-/remark-smartypants-3.0.3.tgz 1053ms (cache miss)
npm http fetch GET 200 https://registry.npmjs.org/hast-util-to-text/-/hast-util-to-text-4.0.2.tgz 1052ms (cache miss)
npm http fetch GET 200 https://registry.npmjs.org/micromark-extension-gfm-strikethrough/-/micromark-extension-gfm-strikethrough-2.1.0.tgz 1084ms (cache miss)
npm http fetch GET 200 https://registry.npmjs.org/micromark-extension-gfm-autolink-literal/-/micromark-extension-gfm-autolink-literal-2.1.0.tgz 1083ms (cache miss)
npm http fetch GET 200 https://registry.npmjs.org/@types/estree/-/estree-1.0.9.tgz 1066ms (cache miss)
npm http fetch GET 200 https://registry.npmjs.org/remark-gfm/-/remark-gfm-4.0.1.tgz 1067ms (cache miss)
npm http fetch GET 200 https://registry.npmjs.org/mdast-util-definitions/-/mdast-util-definitions-6.0.0.tgz 1066ms (cache miss)
npm http fetch GET 200 https://registry.npmjs.org/yocto-spinner/-/yocto-spinner-0.2.3.tgz 1066ms (cache miss)
npm http fetch GET 200 https://registry.npmjs.org/domhandler/-/domhandler-5.0.3.tgz 1109ms (cache miss)
npm http fetch GET 200 https://registry.npmjs.org/micromark-extension-gfm-footnote/-/micromark-extension-gfm-footnote-2.1.0.tgz 1103ms (cache miss)
npm http fetch GET 200 https://registry.npmjs.org/micromark-util-subtokenize/-/micromark-util-subtokenize-2.1.0.tgz 1103ms (cache miss)
npm http fetch GET 200 https://registry.npmjs.org/zod-to-ts/-/zod-to-ts-1.2.0.tgz 1096ms (cache miss)
npm http fetch GET 200 https://registry.npmjs.org/vitefu/-/vitefu-1.1.3.tgz 1109ms (cache miss)
npm http fetch GET 200 https://registry.npmjs.org/@astrojs/prism/-/prism-3.3.0.tgz 1112ms (cache miss)
npm http fetch GET 200 https://registry.npmjs.org/unifont/-/unifont-0.7.5.tgz 1109ms (cache miss)
npm http fetch GET 200 https://registry.npmjs.org/unist-util-visit/-/unist-util-visit-5.1.0.tgz 1119ms (cache miss)
npm http fetch GET 200 https://registry.npmjs.org/tinyglobby/-/tinyglobby-0.2.17.tgz 1118ms (cache miss)
npm http fetch GET 200 https://registry.npmjs.org/@ungap/structured-clone/-/structured-clone-1.4.0.tgz 1153ms (cache miss)
npm http fetch GET 200 https://registry.npmjs.org/rehype/-/rehype-13.0.2.tgz 1139ms (cache miss)
npm http fetch GET 200 https://registry.npmjs.org/p-limit/-/p-limit-6.2.0.tgz 1146ms (cache miss)
npm http fetch GET 200 https://registry.npmjs.org/tinyexec/-/tinyexec-1.3.1.tgz 1157ms (cache miss)
npm http fetch GET 200 https://registry.npmjs.org/mrmime/-/mrmime-2.0.1.tgz 1162ms (cache miss)
npm http fetch GET 200 https://registry.npmjs.org/fontkitten/-/fontkitten-1.0.3.tgz 1178ms (cache miss)
npm http fetch GET 200 https://registry.npmjs.org/unified/-/unified-11.0.5.tgz 1177ms (cache miss)
npm http fetch GET 200 https://registry.npmjs.org/html-escaper/-/html-escaper-3.0.3.tgz 1169ms (cache miss)
npm http fetch GET 200 https://registry.npmjs.org/github-slugger/-/github-slugger-2.0.0.tgz 1170ms (cache miss)
npm http fetch GET 200 https://registry.npmjs.org/http-cache-semantics/-/http-cache-semantics-4.3.0.tgz 1170ms (cache miss)
npm http fetch GET 200 https://registry.npmjs.org/hast-util-from-html/-/hast-util-from-html-2.0.3.tgz 1184ms (cache miss)
npm http fetch GET 200 https://registry.npmjs.org/package-manager-detector/-/package-manager-detector-1.9.0.tgz 1179ms (cache miss)
npm http fetch GET 200 https://registry.npmjs.org/flattie/-/flattie-1.1.1.tgz 1176ms (cache miss)
npm http fetch GET 200 https://registry.npmjs.org/fontace/-/fontace-0.4.1.tgz 1177ms (cache miss)
npm http fetch GET 200 https://registry.npmjs.org/micromark-util-symbol/-/micromark-util-symbol-2.0.1.tgz 1209ms (cache miss)
npm http fetch GET 200 https://registry.npmjs.org/unist-util-visit-parents/-/unist-util-visit-parents-6.0.2.tgz 1200ms (cache miss)
npm http fetch GET 200 https://registry.npmjs.org/picomatch/-/picomatch-4.0.7.tgz 1193ms (cache miss)
npm http fetch GET 200 https://registry.npmjs.org/piccolore/-/piccolore-0.1.3.tgz 1194ms (cache miss)
npm http fetch GET 200 https://registry.npmjs.org/deterministic-object-hash/-/deterministic-object-hash-2.0.2.tgz 1191ms (cache miss)
npm http fetch GET 200 https://registry.npmjs.org/debug/-/debug-4.4.3.tgz 1190ms (cache miss)
npm http fetch GET 200 https://registry.npmjs.org/dlv/-/dlv-1.1.3.tgz 1191ms (cache miss)
npm http fetch GET 200 https://registry.npmjs.org/dset/-/dset-3.1.4.tgz 1199ms (cache miss)
npm http fetch GET 200 https://registry.npmjs.org/cssesc/-/cssesc-3.0.0.tgz 1198ms (cache miss)
npm http fetch GET 200 https://registry.npmjs.org/clsx/-/clsx-2.1.1.tgz 1199ms (cache miss)
npm http fetch GET 200 https://registry.npmjs.org/cookie/-/cookie-1.1.1.tgz 1199ms (cache miss)
npm http fetch GET 200 https://registry.npmjs.org/esbuild/-/esbuild-0.27.7.tgz 1208ms (cache miss)
npm http fetch GET 200 https://registry.npmjs.org/boxen/-/boxen-8.0.1.tgz 1206ms (cache miss)
npm http fetch GET 200 https://registry.npmjs.org/es-module-lexer/-/es-module-lexer-1.7.0.tgz 1215ms (cache miss)
npm http fetch GET 200 https://registry.npmjs.org/ci-info/-/ci-info-4.4.0.tgz 1213ms (cache miss)
npm http fetch GET 200 https://registry.npmjs.org/common-ancestor-path/-/common-ancestor-path-1.0.1.tgz 1215ms (cache miss)
npm http fetch GET 200 https://registry.npmjs.org/mdast-util-from-markdown/-/mdast-util-from-markdown-2.1.0.tgz 1244ms (cache miss)
npm http fetch GET 200 https://registry.npmjs.org/@oslojs/encoding/-/encoding-1.1.0.tgz 1219ms (cache miss)
npm http fetch GET 200 https://registry.npmjs.org/@astrojs/telemetry/-/telemetry-3.3.0.tgz 1219ms (cache miss)
npm http fetch GET 200 https://registry.npmjs.org/@capsizecss/unpack/-/unpack-4.0.1.tgz 1220ms (cache miss)
npm http fetch GET 200 https://registry.npmjs.org/estree-walker/-/estree-walker-3.0.3.tgz 1228ms (cache miss)
npm http fetch GET 200 https://registry.npmjs.org/@astrojs/internal-helpers/-/internal-helpers-0.7.6.tgz 1224ms (cache miss)
npm http fetch GET 200 https://registry.npmjs.org/@shikijs/engine-oniguruma/-/engine-oniguruma-3.23.0.tgz 1264ms (cache miss)
npm http fetch GET 200 https://registry.npmjs.org/ansi-regex/-/ansi-regex-5.0.1.tgz 1229ms (cache miss)
npm http fetch GET 200 https://registry.npmjs.org/string-width/-/string-width-4.2.3.tgz 1228ms (cache miss)
npm http fetch GET 200 https://registry.npmjs.org/strip-ansi/-/strip-ansi-6.0.1.tgz 1229ms (cache miss)
npm http fetch GET 200 https://registry.npmjs.org/xxhash-wasm/-/xxhash-wasm-1.1.0.tgz 1246ms (cache miss)
npm http fetch GET 200 https://registry.npmjs.org/@astrojs/markdown-remark/-/markdown-remark-6.3.11.tgz 1236ms (cache miss)
npm http fetch GET 200 https://registry.npmjs.org/@rollup/pluginutils/-/pluginutils-5.4.0.tgz 1237ms (cache miss)
npm http fetch GET 200 https://registry.npmjs.org/yargs-parser/-/yargs-parser-21.1.1.tgz 1263ms (cache miss)
npm http fetch GET 200 https://registry.npmjs.org/picomatch/-/picomatch-2.3.2.tgz 1253ms (cache miss)
npm http fetch GET 200 https://registry.npmjs.org/emoji-regex/-/emoji-regex-8.0.0.tgz 1251ms (cache miss)
npm http fetch GET 200 https://registry.npmjs.org/esbuild/-/esbuild-0.25.12.tgz 1259ms (cache miss)
npm http fetch GET 200 https://registry.npmjs.org/p-queue/-/p-queue-8.1.1.tgz 1272ms (cache miss)
npm http fetch GET 200 https://registry.npmjs.org/chalk/-/chalk-5.6.2.tgz 1293ms (cache miss)
npm http fetch GET 200 https://registry.npmjs.org/tsconfck/-/tsconfck-3.1.6.tgz 1291ms (cache miss)
npm http fetch GET 200 https://registry.npmjs.org/source-map-js/-/source-map-js-1.2.2.tgz 1307ms (cache miss)
npm warn deprecated tsconfck@3.1.6: unmaintained
npm http fetch GET 200 https://registry.npmjs.org/hastscript/-/hastscript-9.0.1.tgz 1348ms (cache miss)
npm http fetch GET 200 https://registry.npmjs.org/magicast/-/magicast-0.5.5.tgz 1336ms (cache miss)
npm http fetch GET 200 https://registry.npmjs.org/devalue/-/devalue-5.9.4.tgz 1337ms (cache miss)
npm http fetch GET 200 https://registry.npmjs.org/smol-toml/-/smol-toml-1.9.0.tgz 1346ms (cache miss)
npm http fetch GET 200 https://registry.npmjs.org/nth-check/-/nth-check-2.1.1.tgz 1380ms (cache miss)
npm http fetch GET 200 https://registry.npmjs.org/magic-string/-/magic-string-0.30.21.tgz 1346ms (cache miss)
npm http fetch GET 200 https://registry.npmjs.org/@rollup/rollup-linux-arm64-gnu/-/rollup-linux-arm64-gnu-4.64.0.tgz 1390ms (cache miss)
npm http fetch GET 200 https://registry.npmjs.org/import-meta-resolve/-/import-meta-resolve-4.2.0.tgz 1357ms (cache miss)
npm http fetch GET 200 https://registry.npmjs.org/estree-walker/-/estree-walker-2.0.2.tgz 1358ms (cache miss)
npm http fetch GET 200 https://registry.npmjs.org/neotraverse/-/neotraverse-0.6.18.tgz 1370ms (cache miss)
npm http fetch GET 200 https://registry.npmjs.org/acorn/-/acorn-8.19.0.tgz 1383ms (cache miss)
npm http fetch GET 200 https://registry.npmjs.org/@jridgewell/sourcemap-codec/-/sourcemap-codec-1.6.0.tgz 1417ms (cache miss)
npm http fetch GET 200 https://registry.npmjs.org/node-fetch-native/-/node-fetch-native-1.6.7.tgz 1442ms (cache miss)
npm http fetch GET 200 https://registry.npmjs.org/micromark-extension-gfm-table/-/micromark-extension-gfm-table-2.1.2.tgz 1436ms (cache miss)
npm http fetch GET 200 https://registry.npmjs.org/vfile/-/vfile-6.0.3.tgz 1431ms (cache miss)
npm http fetch GET 200 https://registry.npmjs.org/ultrahtml/-/ultrahtml-1.7.0.tgz 1449ms (cache miss)
npm http fetch GET 200 https://registry.npmjs.org/mdn-data/-/mdn-data-2.27.1.tgz 1483ms (cache miss)
npm http fetch GET 200 https://registry.npmjs.org/mdn-data/-/mdn-data-2.0.28.tgz 1523ms (cache miss)
npm http fetch GET 200 https://registry.npmjs.org/node-mock-http/-/node-mock-http-1.0.5.tgz 1574ms (cache miss)
npm http fetch GET 200 https://registry.npmjs.org/@babel/parser/-/parser-7.29.9.tgz 1575ms (cache miss)
npm http fetch GET 200 https://registry.npmjs.org/sharp/-/sharp-0.34.5.tgz 1566ms (cache miss)
npm http fetch GET 200 https://registry.npmjs.org/semver/-/semver-7.8.5.tgz 1587ms (cache miss)
npm http fetch GET 200 https://registry.npmjs.org/postcss/-/postcss-8.5.29.tgz 1627ms (cache miss)
npm http fetch GET 200 https://registry.npmjs.org/parse-latin/-/parse-latin-7.0.0.tgz 1628ms (cache miss)
npm http fetch GET 200 https://registry.npmjs.org/hast-util-to-html/-/hast-util-to-html-9.0.5.tgz 1627ms (cache miss)
npm http fetch GET 200 https://registry.npmjs.org/oniguruma-to-es/-/oniguruma-to-es-4.3.6.tgz 1689ms (cache miss)
npm http fetch GET 200 https://registry.npmjs.org/css-what/-/css-what-7.0.0.tgz 1699ms (cache miss)
npm http fetch GET 200 https://registry.npmjs.org/property-information/-/property-information-7.2.0.tgz 1727ms (cache miss)
npm http fetch GET 200 https://registry.npmjs.org/crossws/-/crossws-0.3.5.tgz 1760ms (cache miss)
npm http fetch GET 200 https://registry.npmjs.org/regex/-/regex-6.1.0.tgz 1755ms (cache miss)
npm http fetch GET 200 https://registry.npmjs.org/js-yaml/-/js-yaml-4.3.2.tgz 1737ms (cache miss)
npm http fetch GET 200 https://registry.npmjs.org/domutils/-/domutils-3.2.2.tgz 1824ms (cache miss)
npm http fetch GET 200 https://registry.npmjs.org/rollup/-/rollup-4.64.0.tgz 1928ms (cache miss)
npm http fetch GET 200 https://registry.npmjs.org/micromark/-/micromark-4.0.3.tgz 1910ms (cache miss)
npm http fetch GET 200 https://registry.npmjs.org/vite/-/vite-6.4.3.tgz 1907ms (cache miss)
npm http fetch GET 200 https://registry.npmjs.org/prompts/-/prompts-2.4.2.tgz 1929ms (cache miss)
npm http fetch GET 200 https://registry.npmjs.org/entities/-/entities-4.5.0.tgz 1956ms (cache miss)
npm http fetch GET 200 https://registry.npmjs.org/parse5/-/parse5-7.3.0.tgz 2016ms (cache miss)
npm http fetch GET 200 https://registry.npmjs.org/mdast-util-to-hast/-/mdast-util-to-hast-13.2.1.tgz 2023ms (cache miss)
npm http fetch GET 200 https://registry.npmjs.org/csso/-/csso-5.0.5.tgz 2095ms (cache miss)
npm http fetch GET 200 https://registry.npmjs.org/entities/-/entities-6.0.1.tgz 2096ms (cache miss)
npm http fetch GET 200 https://registry.npmjs.org/@shikijs/themes/-/themes-3.23.0.tgz 2143ms (cache miss)
npm http fetch GET 200 https://registry.npmjs.org/@astrojs/compiler/-/compiler-2.13.1.tgz 2166ms (cache miss)
npm http fetch GET 200 https://registry.npmjs.org/micromark-core-commonmark/-/micromark-core-commonmark-2.0.4.tgz 2218ms (cache miss)
npm http fetch GET 200 https://registry.npmjs.org/type-fest/-/type-fest-4.41.0.tgz 2223ms (cache miss)
npm http fetch GET 200 https://registry.npmjs.org/unstorage/-/unstorage-1.17.5.tgz 2291ms (cache miss)
npm http fetch GET 200 https://registry.npmjs.org/diff/-/diff-8.0.4.tgz 2295ms (cache miss)
npm http fetch GET 200 https://registry.npmjs.org/mdast-util-to-markdown/-/mdast-util-to-markdown-2.2.0.tgz 2351ms (cache miss)
npm http fetch GET 200 https://registry.npmjs.org/css-select/-/css-select-6.0.0.tgz 2369ms (cache miss)
npm http fetch GET 200 https://registry.npmjs.org/@esbuild/linux-arm64/-/linux-arm64-0.25.12.tgz 2335ms (cache miss)
npm http fetch GET 200 https://registry.npmjs.org/svgo/-/svgo-4.1.0.tgz 2352ms (cache miss)
npm http fetch GET 200 https://registry.npmjs.org/@esbuild/linux-arm64/-/linux-arm64-0.27.7.tgz 2360ms (cache miss)
npm http fetch GET 200 https://registry.npmjs.org/oniguruma-parser/-/oniguruma-parser-0.12.2.tgz 2386ms (cache miss)
npm http fetch GET 200 https://registry.npmjs.org/zod-to-json-schema/-/zod-to-json-schema-3.25.2.tgz 2388ms (cache miss)
npm http fetch GET 200 https://registry.npmjs.org/lru-cache/-/lru-cache-11.5.3.tgz 2483ms (cache miss)
npm http fetch GET 200 https://registry.npmjs.org/axobject-query/-/axobject-query-4.1.0.tgz 2443ms (cache miss)
npm http fetch GET 200 https://registry.npmjs.org/@babel/types/-/types-7.29.8.tgz 2541ms (cache miss)
npm http fetch GET 200 https://registry.npmjs.org/@img/sharp-libvips-linux-arm64/-/sharp-libvips-linux-arm64-1.2.4.tgz 2614ms (cache miss)
npm http fetch GET 200 https://registry.npmjs.org/undici/-/undici-8.11.2.tgz 2622ms (cache miss)
npm http fetch GET 200 https://registry.npmjs.org/aria-query/-/aria-query-5.3.2.tgz 2617ms (cache miss)
npm http fetch GET 200 https://registry.npmjs.org/css-tree/-/css-tree-2.2.1.tgz 2662ms (cache miss)
npm http fetch GET 200 https://registry.npmjs.org/css-tree/-/css-tree-3.2.1.tgz 2751ms (cache miss)
npm http fetch GET 200 https://registry.npmjs.org/typescript/-/typescript-5.9.3.tgz 2782ms (cache miss)
npm http fetch GET 200 https://registry.npmjs.org/prismjs/-/prismjs-1.30.0.tgz 2848ms (cache miss)
npm http fetch GET 200 https://registry.npmjs.org/@shikijs/langs/-/langs-3.23.0.tgz 2901ms (cache miss)
npm http fetch GET 200 https://registry.npmjs.org/zod/-/zod-3.25.76.tgz 2970ms (cache miss)
npm http fetch GET 200 https://registry.npmjs.org/shiki/-/shiki-3.23.0.tgz 2992ms (cache miss)
npm http fetch GET 200 https://registry.npmjs.org/astro/-/astro-5.18.2.tgz 3135ms (cache miss)

added 279 packages in 11s
