npm http fetch GET 200 https://registry.npmjs.org/astro 236ms (cache miss)
npm http fetch GET 200 https://registry.npmjs.org/dlv 37ms (cache miss)
npm http fetch GET 200 https://registry.npmjs.org/clsx 56ms (cache miss)
npm http fetch GET 200 https://registry.npmjs.org/diff 33ms (cache miss)
npm http fetch GET 200 https://registry.npmjs.org/dset 31ms (cache miss)
npm http fetch GET 200 https://registry.npmjs.org/svgo 39ms (cache miss)
npm http fetch GET 200 https://registry.npmjs.org/zod 128ms (cache miss)
npm http fetch GET 200 https://registry.npmjs.org/acorn 39ms (cache miss)
npm http fetch GET 200 https://registry.npmjs.org/debug 33ms (cache miss)
npm http fetch GET 200 https://registry.npmjs.org/boxen 58ms (cache miss)
npm http fetch GET 200 https://registry.npmjs.org/shiki 47ms (cache miss)
npm http fetch GET 200 https://registry.npmjs.org/vfile 42ms (cache miss)
npm http fetch GET 200 https://registry.npmjs.org/cookie 30ms (cache miss)
npm http fetch GET 200 https://registry.npmjs.org/cssesc 55ms (cache miss)
npm http fetch GET 200 https://registry.npmjs.org/mrmime 31ms (cache miss)
npm http fetch GET 200 https://registry.npmjs.org/semver 40ms (cache miss)
npm http fetch GET 200 https://registry.npmjs.org/rehype 71ms (cache miss)
npm http fetch GET 200 https://registry.npmjs.org/vitefu 31ms (cache miss)
npm http fetch GET 200 https://registry.npmjs.org/ci-info 37ms (cache miss)
npm http fetch GET 200 https://registry.npmjs.org/devalue 37ms (cache miss)
npm http fetch GET 200 https://registry.npmjs.org/flattie 32ms (cache miss)
npm http fetch GET 200 https://registry.npmjs.org/fontace 35ms (cache miss)
npm http fetch GET 200 https://registry.npmjs.org/esbuild 81ms (cache miss)
npm http fetch GET 200 https://registry.npmjs.org/p-limit 32ms (cache miss)
npm http fetch GET 200 https://registry.npmjs.org/js-yaml 86ms (cache miss)
npm http fetch GET 200 https://registry.npmjs.org/p-queue 50ms (cache miss)
npm http fetch GET 200 https://registry.npmjs.org/prompts 35ms (cache miss)
npm http fetch GET 200 https://registry.npmjs.org/unifont 36ms (cache miss)
npm http fetch GET 200 https://registry.npmjs.org/magicast 32ms (cache miss)
npm http fetch GET 200 https://registry.npmjs.org/tinyexec 43ms (cache miss)
npm http fetch GET 200 https://registry.npmjs.org/tsconfck 35ms (cache miss)
npm http fetch GET 200 https://registry.npmjs.org/piccolore 50ms (cache miss)
npm http fetch GET 200 https://registry.npmjs.org/picomatch 35ms (cache miss)
npm http fetch GET 200 https://registry.npmjs.org/smol-toml 40ms (cache miss)
npm http fetch GET 200 https://registry.npmjs.org/ultrahtml 39ms (cache miss)
npm http fetch GET 200 https://registry.npmjs.org/unstorage 44ms (cache miss)
npm http fetch GET 200 https://registry.npmjs.org/zod-to-ts 52ms (cache miss)
npm http fetch GET 200 https://registry.npmjs.org/aria-query 32ms (cache miss)
npm http fetch GET 200 https://registry.npmjs.org/neotraverse 40ms (cache miss)
npm http fetch GET 200 https://registry.npmjs.org/tinyglobby 70ms (cache miss)
npm http fetch GET 200 https://registry.npmjs.org/xxhash-wasm 28ms (cache miss)
npm http fetch GET 200 https://registry.npmjs.org/magic-string 36ms (cache miss)
npm http fetch GET 200 https://registry.npmjs.org/html-escaper 86ms (cache miss)
npm http fetch GET 200 https://registry.npmjs.org/yargs-parser 38ms (cache miss)
npm http fetch GET 200 https://registry.npmjs.org/estree-walker 27ms (cache miss)
npm http fetch GET 200 https://registry.npmjs.org/yocto-spinner 29ms (cache miss)
npm http fetch GET 200 https://registry.npmjs.org/axobject-query 34ms (cache miss)
npm http fetch GET 200 https://registry.npmjs.org/github-slugger 36ms (cache miss)
npm http fetch GET 200 https://registry.npmjs.org/es-module-lexer 37ms (cache miss)
npm http fetch GET 200 https://registry.npmjs.org/@oslojs%2fencoding 51ms (cache miss)
npm http fetch GET 200 https://registry.npmjs.org/unist-util-visit 36ms (cache miss)
npm http fetch GET 200 https://registry.npmjs.org/@astrojs%2ftelemetry 66ms (cache miss)
npm http fetch GET 200 https://registry.npmjs.org/@astrojs%2fcompiler 85ms (cache miss)
npm http fetch GET 200 https://registry.npmjs.org/zod-to-json-schema 66ms (cache miss)
npm http fetch GET 200 https://registry.npmjs.org/@rollup%2fpluginutils 65ms (cache miss)
npm http fetch GET 200 https://registry.npmjs.org/import-meta-resolve 31ms (cache miss)
npm http fetch GET 200 https://registry.npmjs.org/common-ancestor-path 28ms (cache miss)
npm http fetch GET 200 https://registry.npmjs.org/http-cache-semantics 29ms (cache miss)
npm http fetch GET 200 https://registry.npmjs.org/@astrojs%2fmarkdown-remark 90ms (cache miss)
npm http fetch GET 200 https://registry.npmjs.org/package-manager-detector 44ms (cache miss)
npm http fetch GET 200 https://registry.npmjs.org/@capsizecss%2funpack 451ms (cache miss)
npm http fetch GET 200 https://registry.npmjs.org/deterministic-object-hash 34ms (cache miss)
npm http fetch GET 200 https://registry.npmjs.org/@astrojs%2finternal-helpers 136ms (cache miss)
npm http fetch GET 200 https://registry.npmjs.org/sharp 56ms (cache miss)
npm http fetch GET 200 https://registry.npmjs.org/vite 1900ms (cache miss)
npm http fetch GET 200 https://registry.npmjs.org/@types%2fnode 272ms (cache miss)
npm http fetch GET 200 https://registry.npmjs.org/jiti 37ms (cache miss)
npm http fetch GET 200 https://registry.npmjs.org/less 64ms (cache miss)
npm http fetch GET 200 https://registry.npmjs.org/lightningcss 34ms (cache miss)
npm http fetch GET 200 https://registry.npmjs.org/sass 53ms (cache miss)
npm http fetch GET 200 https://registry.npmjs.org/sass-embedded 52ms (cache miss)
npm http fetch GET 200 https://registry.npmjs.org/stylus 38ms (cache miss)
npm http fetch GET 200 https://registry.npmjs.org/sugarss 31ms (cache miss)
npm http fetch GET 200 https://registry.npmjs.org/postcss 59ms (cache miss)
npm http fetch GET 200 https://registry.npmjs.org/terser 53ms (cache miss)
npm http fetch GET 200 https://registry.npmjs.org/tsx 33ms (cache miss)
npm http fetch GET 200 https://registry.npmjs.org/yaml 39ms (cache miss)
npm http fetch GET 200 https://registry.npmjs.org/typescript 380ms (cache miss)
npm http fetch GET 200 https://registry.npmjs.org/@azure%2fapp-configuration 201ms (cache miss)
npm http fetch GET 200 https://registry.npmjs.org/@azure%2fcosmos 206ms (cache miss)
npm http fetch GET 200 https://registry.npmjs.org/@azure%2fdata-tables 132ms (cache miss)
npm http fetch GET 200 https://registry.npmjs.org/@azure%2fidentity 124ms (cache miss)
npm http fetch GET 200 https://registry.npmjs.org/@azure%2fkeyvault-secrets 128ms (cache miss)
npm http fetch GET 200 https://registry.npmjs.org/@azure%2fstorage-blob 129ms (cache miss)
npm http fetch GET 200 https://registry.npmjs.org/@capacitor%2fpreferences 135ms (cache miss)
npm http fetch GET 200 https://registry.npmjs.org/@capacitor%2fcore 169ms (cache miss)
npm http fetch GET 200 https://registry.npmjs.org/@deno%2fkv 52ms (cache miss)
npm http fetch GET 200 https://registry.npmjs.org/@netlify%2fblobs 69ms (cache miss)
npm http fetch GET 200 https://registry.npmjs.org/@planetscale%2fdatabase 72ms (cache miss)
npm http fetch GET 200 https://registry.npmjs.org/@upstash%2fredis 143ms (cache miss)
npm http fetch GET 200 https://registry.npmjs.org/@vercel%2fblob 69ms (cache miss)
npm http fetch GET 200 https://registry.npmjs.org/@vercel%2ffunctions 66ms (cache miss)
npm http fetch GET 200 https://registry.npmjs.org/@aws-sdk%2fcredential-provider-web-identity 65ms (cache miss)
npm http fetch GET 200 https://registry.npmjs.org/ws 50ms (cache miss)
npm http fetch GET 200 https://registry.npmjs.org/bufferutil 109ms (cache miss)
npm http fetch GET 200 https://registry.npmjs.org/utf-8-validate 28ms (cache miss)
npm http fetch GET 200 https://registry.npmjs.org/@vercel%2fkv 51ms (cache miss)
npm http fetch GET 200 https://registry.npmjs.org/aws4fetch 71ms (cache miss)
npm http fetch GET 200 https://registry.npmjs.org/db0 32ms (cache miss)
npm http fetch GET 200 https://registry.npmjs.org/@electric-sql%2fpglite 266ms (cache miss)
npm http fetch GET 200 https://registry.npmjs.org/@libsql%2fclient 65ms (cache miss)
npm http fetch GET 200 https://registry.npmjs.org/better-sqlite3 49ms (cache miss)
npm http fetch GET 200 https://registry.npmjs.org/drizzle-orm 4895ms (cache miss)
npm http fetch GET 200 https://registry.npmjs.org/@aws-sdk%2fclient-rds-data 168ms (cache miss)
npm http fetch GET 200 https://registry.npmjs.org/@cloudflare%2fworkers-types 95ms (cache miss)
npm http fetch GET 200 https://registry.npmjs.org/@libsql%2fclient-wasm 109ms (cache miss)
npm http fetch GET 200 https://registry.npmjs.org/@neondatabase%2fserverless 83ms (cache miss)
npm http fetch GET 200 https://registry.npmjs.org/@op-engineering%2fop-sqlite 82ms (cache miss)
npm http fetch GET 200 https://registry.npmjs.org/@sqlite.org%2fsqlite-wasm 98ms (cache miss)
npm http fetch GET 200 https://registry.npmjs.org/react 387ms (cache miss)
npm http fetch GET 200 https://registry.npmjs.org/react-native 321ms (cache miss)
npm http fetch GET 200 https://registry.npmjs.org/@react-native%2fjest-preset 76ms (cache miss)
npm http fetch GET 200 https://registry.npmjs.org/@types%2freact 113ms (cache miss)
npm http fetch GET 200 https://registry.npmjs.org/@opentelemetry%2fapi 54ms (cache miss)
npm http fetch GET 200 https://registry.npmjs.org/@prisma%2fclient 1418ms (cache miss)
npm http fetch GET 200 https://registry.npmjs.org/prisma 1114ms (cache miss)
npm http fetch GET 200 https://registry.npmjs.org/typescript 50ms (cache revalidated)
npm http fetch GET 200 https://registry.npmjs.org/@tidbcloud%2fserverless 105ms (cache miss)
npm http fetch GET 200 https://registry.npmjs.org/@types%2fbetter-sqlite3 56ms (cache miss)
npm http fetch GET 200 https://registry.npmjs.org/@types%2fpg 41ms (cache miss)
npm http fetch GET 200 https://registry.npmjs.org/@types%2fsql.js 92ms (cache miss)
npm http fetch GET 200 https://registry.npmjs.org/@vercel%2fpostgres 69ms (cache miss)
npm http fetch GET 200 https://registry.npmjs.org/@xata.io%2fclient 420ms (cache miss)
npm http fetch GET 200 https://registry.npmjs.org/bun-types 246ms (cache miss)
npm http fetch GET 200 https://registry.npmjs.org/expo-sqlite 61ms (cache miss)
npm http fetch GET 200 https://registry.npmjs.org/expo 145ms (cache miss)
npm http fetch GET 200 https://registry.npmjs.org/@expo%2fmetro-runtime 210ms (cache miss)
npm http fetch GET 200 https://registry.npmjs.org/react-dom 255ms (cache miss)
npm http fetch GET 200 https://registry.npmjs.org/react-native-web 58ms (cache miss)
npm http fetch GET 200 https://registry.npmjs.org/react-native-webview 68ms (cache miss)
npm http fetch GET 200 https://registry.npmjs.org/gel 52ms (cache miss)
npm http fetch GET 200 https://registry.npmjs.org/knex 54ms (cache miss)
npm http fetch GET 200 https://registry.npmjs.org/pg-query-stream 45ms (cache miss)
npm http fetch GET 200 https://registry.npmjs.org/pg 50ms (cache miss)
npm http fetch GET 200 https://registry.npmjs.org/pg-native 36ms (cache miss)
npm http fetch GET 200 https://registry.npmjs.org/kysely 56ms (cache miss)
npm http fetch GET 200 https://registry.npmjs.org/mysql2 49ms (cache miss)
npm http fetch GET 200 https://registry.npmjs.org/@types%2fnode 45ms (cache revalidated)
npm http fetch GET 200 https://registry.npmjs.org/postgres 89ms (cache miss)
npm http fetch GET 200 https://registry.npmjs.org/sql.js 39ms (cache miss)
npm http fetch GET 200 https://registry.npmjs.org/sqlite3 39ms (cache miss)
npm http fetch GET 200 https://registry.npmjs.org/idb-keyval 76ms (cache miss)
npm http fetch GET 200 https://registry.npmjs.org/ioredis 56ms (cache miss)
npm http fetch GET 200 https://registry.npmjs.org/uploadthing 55ms (cache miss)
npm http fetch GET 200 https://registry.npmjs.org/express 71ms (cache miss)
npm http fetch GET 200 https://registry.npmjs.org/h3 46ms (cache miss)
npm http fetch GET 200 https://registry.npmjs.org/crossws 33ms (cache miss)
npm http fetch GET 200 https://registry.npmjs.org/srvx 83ms (cache miss)
npm http fetch GET 200 https://registry.npmjs.org/tailwindcss 249ms (cache miss)
npm http fetch GET 200 https://registry.npmjs.org/typescript 51ms (cache revalidated)
npm http fetch GET 200 https://registry.npmjs.org/rollup 167ms (cache miss)
npm http fetch GET 200 https://registry.npmjs.org/rehype-raw 30ms (cache miss)
npm http fetch GET 200 https://registry.npmjs.org/unified 45ms (cache miss)
npm http fetch GET 200 https://registry.npmjs.org/remark-gfm 53ms (cache miss)
npm http fetch GET 200 https://registry.npmjs.org/remark-parse 36ms (cache miss)
npm http fetch GET 200 https://registry.npmjs.org/remark-rehype 32ms (cache miss)
npm http fetch GET 200 https://registry.npmjs.org/rehype-stringify 28ms (cache miss)
npm http fetch GET 200 https://registry.npmjs.org/hast-util-to-text 36ms (cache miss)
npm http fetch GET 200 https://registry.npmjs.org/remark-smartypants 34ms (cache miss)
npm http fetch GET 200 https://registry.npmjs.org/hast-util-from-html 45ms (cache miss)
npm http fetch GET 200 https://registry.npmjs.org/mdast-util-definitions 32ms (cache miss)
npm http fetch GET 200 https://registry.npmjs.org/@astrojs%2fprism 114ms (cache miss)
npm http fetch GET 200 https://registry.npmjs.org/unist-util-visit-parents 35ms (cache miss)
npm http fetch GET 200 https://registry.npmjs.org/unist-util-remove-position 34ms (cache miss)
npm http fetch GET 200 https://registry.npmjs.org/debug 39ms (cache revalidated)
npm http fetch GET 200 https://registry.npmjs.org/ci-info 29ms (cache revalidated)
npm http fetch GET 200 https://registry.npmjs.org/is-wsl 33ms (cache miss)
npm http fetch GET 200 https://registry.npmjs.org/which-pm-runs 28ms (cache miss)
npm http fetch GET 200 https://registry.npmjs.org/fontkitten 29ms (cache miss)
npm http fetch GET 200 https://registry.npmjs.org/estree-walker 27ms (cache revalidated)
npm http fetch GET 200 https://registry.npmjs.org/@types%2festree 48ms (cache miss)
npm http fetch GET 200 https://registry.npmjs.org/picomatch 31ms (cache revalidated)
npm http fetch GET 200 https://registry.npmjs.org/is-docker 128ms (cache miss)
npm http fetch GET 200 https://registry.npmjs.org/ansi-align 33ms (cache miss)
npm http fetch GET 200 https://registry.npmjs.org/camelcase 30ms (cache miss)
npm http fetch GET 200 https://registry.npmjs.org/cli-boxes 31ms (cache miss)
npm http fetch GET 200 https://registry.npmjs.org/string-width 31ms (cache miss)
npm http fetch GET 200 https://registry.npmjs.org/chalk 59ms (cache miss)
npm http fetch GET 200 https://registry.npmjs.org/widest-line 30ms (cache miss)
npm http fetch GET 200 https://registry.npmjs.org/type-fest 54ms (cache miss)
npm http fetch GET 200 https://registry.npmjs.org/ms 32ms (cache miss)
npm http fetch GET 200 https://registry.npmjs.org/wrap-ansi 56ms (cache miss)
npm http fetch GET 200 https://registry.npmjs.org/base-64 33ms (cache miss)
npm http fetch GET 200 https://registry.npmjs.org/@esbuild%2faix-ppc64 40ms (cache miss)
npm http fetch GET 200 https://registry.npmjs.org/@esbuild%2flinux-x64 65ms (cache miss)
npm http fetch GET 200 https://registry.npmjs.org/@esbuild%2fsunos-x64 63ms (cache miss)
npm http fetch GET 200 https://registry.npmjs.org/@esbuild%2fwin32-x64 56ms (cache miss)
npm http fetch GET 200 https://registry.npmjs.org/@esbuild%2flinux-arm 135ms (cache miss)
npm http fetch GET 200 https://registry.npmjs.org/@esbuild%2fdarwin-x64 69ms (cache miss)
npm http fetch GET 200 https://registry.npmjs.org/@esbuild%2flinux-ia32 51ms (cache miss)
npm http fetch GET 200 https://registry.npmjs.org/@esbuild%2fwin32-ia32 55ms (cache miss)
npm http fetch GET 200 https://registry.npmjs.org/@esbuild%2fnetbsd-x64 114ms (cache miss)
npm http fetch GET 200 https://registry.npmjs.org/@esbuild%2fandroid-arm 66ms (cache miss)
npm http fetch GET 200 https://registry.npmjs.org/@esbuild%2flinux-arm64 56ms (cache miss)
npm http fetch GET 200 https://registry.npmjs.org/@esbuild%2fandroid-x64 93ms (cache miss)
npm http fetch GET 200 https://registry.npmjs.org/@esbuild%2ffreebsd-x64 79ms (cache miss)
npm http fetch GET 200 https://registry.npmjs.org/@esbuild%2flinux-s390x 65ms (cache miss)
npm http fetch GET 200 https://registry.npmjs.org/@esbuild%2flinux-ppc64 91ms (cache miss)
npm http fetch GET 200 https://registry.npmjs.org/@esbuild%2fopenbsd-x64 97ms (cache miss)
npm http fetch GET 200 https://registry.npmjs.org/@esbuild%2fwin32-arm64 49ms (cache miss)
npm http fetch GET 200 https://registry.npmjs.org/@esbuild%2fdarwin-arm64 51ms (cache miss)
npm http fetch GET 200 https://registry.npmjs.org/@esbuild%2fandroid-arm64 55ms (cache miss)
npm http fetch GET 200 https://registry.npmjs.org/@esbuild%2fnetbsd-arm64 85ms (cache miss)
npm http fetch GET 200 https://registry.npmjs.org/@esbuild%2ffreebsd-arm64 61ms (cache miss)
npm http fetch GET 200 https://registry.npmjs.org/@esbuild%2flinux-loong64 55ms (cache miss)
npm http fetch GET 200 https://registry.npmjs.org/@esbuild%2flinux-riscv64 49ms (cache miss)
npm http fetch GET 200 https://registry.npmjs.org/@esbuild%2fopenbsd-arm64 73ms (cache miss)
npm http fetch GET 200 https://registry.npmjs.org/@esbuild%2flinux-mips64el 53ms (cache miss)
npm http fetch GET 200 https://registry.npmjs.org/fontkitten 40ms (cache revalidated)
npm http fetch GET 200 https://registry.npmjs.org/argparse 35ms (cache miss)
npm http fetch GET 200 https://registry.npmjs.org/@jridgewell%2fsourcemap-codec 46ms (cache miss)
npm http fetch GET 200 https://registry.npmjs.org/@esbuild%2fopenharmony-arm64 134ms (cache miss)
npm http fetch GET 200 https://registry.npmjs.org/@babel%2fparser 84ms (cache miss)
npm http fetch GET 200 https://registry.npmjs.org/source-map-js 37ms (cache miss)
npm http fetch GET 200 https://registry.npmjs.org/yocto-queue 33ms (cache miss)
npm http fetch GET 200 https://registry.npmjs.org/p-timeout 33ms (cache miss)
npm http fetch GET 200 https://registry.npmjs.org/eventemitter3 39ms (cache miss)
npm http fetch GET 200 https://registry.npmjs.org/@babel%2ftypes 131ms (cache miss)
npm http fetch GET 200 https://registry.npmjs.org/kleur 43ms (cache miss)
npm http fetch GET 200 https://registry.npmjs.org/@types%2fhast 43ms (cache miss)
npm http fetch GET 200 https://registry.npmjs.org/rehype-parse 43ms (cache miss)
npm http fetch GET 200 https://registry.npmjs.org/sisteransi 78ms (cache miss)
npm http fetch GET 200 https://registry.npmjs.org/unified 31ms (cache revalidated)
npm http fetch GET 200 https://registry.npmjs.org/rehype-stringify 38ms (cache revalidated)
npm http fetch GET 200 https://registry.npmjs.org/detect-libc 35ms (cache miss)
npm http fetch GET 200 https://registry.npmjs.org/@img%2fsharp-wasm32 57ms (cache miss)
npm http fetch GET 200 https://registry.npmjs.org/@img%2fcolour 99ms (cache miss)
npm http fetch GET 200 https://registry.npmjs.org/@img%2fsharp-linux-arm 59ms (cache miss)
npm http fetch GET 200 https://registry.npmjs.org/@img%2fsharp-linux-x64 50ms (cache miss)
npm http fetch GET 200 https://registry.npmjs.org/@img%2fsharp-darwin-x64 52ms (cache miss)
npm http fetch GET 200 https://registry.npmjs.org/@img%2fsharp-win32-ia32 62ms (cache miss)
npm http fetch GET 200 https://registry.npmjs.org/@img%2fsharp-linux-arm64 58ms (cache miss)
npm http fetch GET 200 https://registry.npmjs.org/@img%2fsharp-linux-ppc64 52ms (cache miss)
npm http fetch GET 200 https://registry.npmjs.org/@img%2fsharp-win32-x64 160ms (cache miss)
npm http fetch GET 200 https://registry.npmjs.org/@img%2fsharp-linux-s390x 71ms (cache miss)
npm http fetch GET 200 https://registry.npmjs.org/@img%2fsharp-win32-arm64 64ms (cache miss)
npm http fetch GET 200 https://registry.npmjs.org/@img%2fsharp-linux-riscv64 60ms (cache miss)
npm http fetch GET 200 https://registry.npmjs.org/@img%2fsharp-linuxmusl-x64 83ms (cache miss)
npm http fetch GET 200 https://registry.npmjs.org/@img%2fsharp-darwin-arm64 146ms (cache miss)
npm http fetch GET 200 https://registry.npmjs.org/@img%2fsharp-linuxmusl-arm64 56ms (cache miss)
npm http fetch GET 200 https://registry.npmjs.org/@img%2fsharp-libvips-linux-arm 71ms (cache miss)
npm http fetch GET 200 https://registry.npmjs.org/@img%2fsharp-libvips-darwin-x64 72ms (cache miss)
npm http fetch GET 200 https://registry.npmjs.org/@img%2fsharp-libvips-linux-x64 113ms (cache miss)
npm http fetch GET 200 https://registry.npmjs.org/@img%2fsharp-libvips-linux-arm64 63ms (cache miss)
npm http fetch GET 200 https://registry.npmjs.org/@img%2fsharp-libvips-linux-ppc64 60ms (cache miss)
npm http fetch GET 200 https://registry.npmjs.org/@img%2fsharp-libvips-darwin-arm64 63ms (cache miss)
npm http fetch GET 200 https://registry.npmjs.org/@img%2fsharp-libvips-linux-riscv64 75ms (cache miss)
npm http fetch GET 200 https://registry.npmjs.org/@img%2fsharp-libvips-linux-s390x 119ms (cache miss)
npm http fetch GET 200 https://registry.npmjs.org/@img%2fsharp-libvips-linuxmusl-x64 63ms (cache miss)
npm http fetch GET 200 https://registry.npmjs.org/@types%2fhast 56ms (cache revalidated)
npm http fetch GET 200 https://registry.npmjs.org/@shikijs%2fcore 65ms (cache miss)
npm http fetch GET 200 https://registry.npmjs.org/@img%2fsharp-libvips-linuxmusl-arm64 103ms (cache miss)
npm http fetch GET 200 https://registry.npmjs.org/@shikijs%2ftypes 64ms (cache miss)
npm http fetch GET 200 https://registry.npmjs.org/@shikijs%2fthemes 86ms (cache miss)
npm http fetch GET 200 https://registry.npmjs.org/@shikijs%2fvscode-textmate 46ms (cache miss)
npm http fetch GET 200 https://registry.npmjs.org/@shikijs%2flangs 193ms (cache miss)
npm http fetch GET 200 https://registry.npmjs.org/@shikijs%2fengine-javascript 66ms (cache miss)
npm http fetch GET 200 https://registry.npmjs.org/@shikijs%2fengine-oniguruma 92ms (cache miss)
npm http fetch GET 200 https://registry.npmjs.org/sax 39ms (cache miss)
npm http fetch GET 200 https://registry.npmjs.org/csso 40ms (cache miss)
npm http fetch GET 200 https://registry.npmjs.org/css-tree 43ms (cache miss)
npm http fetch GET 200 https://registry.npmjs.org/css-select 41ms (cache miss)
npm http fetch GET 200 https://registry.npmjs.org/commander 52ms (cache miss)
npm http fetch GET 200 https://registry.npmjs.org/css-what 66ms (cache miss)
npm http fetch GET 200 https://registry.npmjs.org/picocolors 33ms (cache miss)
npm http fetch GET 200 https://registry.npmjs.org/fdir 47ms (cache miss)
npm http fetch GET 200 https://registry.npmjs.org/ohash 53ms (cache miss)
npm http fetch GET 200 https://registry.npmjs.org/ofetch 38ms (cache miss)
npm http fetch GET 200 https://registry.npmjs.org/css-tree 31ms (cache revalidated)
npm http fetch GET 200 https://registry.npmjs.org/unist-util-is 39ms (cache miss)
npm http fetch GET 200 https://registry.npmjs.org/unist-util-visit-parents 35ms (cache revalidated)
npm http fetch GET 200 https://registry.npmjs.org/@types%2funist 66ms (cache miss)
npm http fetch GET 200 https://registry.npmjs.org/anymatch 39ms (cache miss)
npm http fetch GET 200 https://registry.npmjs.org/chokidar 48ms (cache miss)
npm http fetch GET 200 https://registry.npmjs.org/h3 36ms (cache revalidated)
npm http fetch GET 200 https://registry.npmjs.org/node-fetch-native 35ms (cache miss)
npm http fetch GET 200 https://registry.npmjs.org/lru-cache 59ms (cache miss)
npm http fetch GET 200 https://registry.npmjs.org/destr 125ms (cache miss)
npm http fetch GET 200 https://registry.npmjs.org/ufo 40ms (cache miss)
npm http fetch GET 200 https://registry.npmjs.org/fdir 41ms (cache revalidated)
npm http fetch GET 200 https://registry.npmjs.org/vfile-message 66ms (cache miss)
npm http fetch GET 200 https://registry.npmjs.org/rollup 41ms (cache revalidated)
npm http fetch GET 200 https://registry.npmjs.org/postcss 42ms (cache revalidated)
npm http fetch GET 200 https://registry.npmjs.org/esbuild 58ms (cache revalidated)
npm http fetch GET 200 https://registry.npmjs.org/fsevents 44ms (cache miss)
npm http fetch GET 200 https://registry.npmjs.org/yoctocolors 51ms (cache miss)
npm http fetch GET 200 https://registry.npmjs.org/devlop 33ms (cache miss)
npm http fetch GET 200 https://registry.npmjs.org/prismjs 34ms (cache miss)
npm http fetch GET 200 https://registry.npmjs.org/hast-util-from-parse5 43ms (cache miss)
npm http fetch GET 200 https://registry.npmjs.org/hast-util-is-element 33ms (cache miss)
npm http fetch GET 200 https://registry.npmjs.org/parse5 44ms (cache miss)
npm http fetch GET 200 https://registry.npmjs.org/unist-util-find-after 38ms (cache miss)
npm http fetch GET 200 https://registry.npmjs.org/@types%2fmdast 39ms (cache miss)
npm http fetch GET 200 https://registry.npmjs.org/hast-util-raw 35ms (cache miss)
npm http fetch GET 200 https://registry.npmjs.org/hast-util-to-html 53ms (cache miss)
npm http fetch GET 200 https://registry.npmjs.org/mdast-util-gfm 33ms (cache miss)
npm http fetch GET 200 https://registry.npmjs.org/micromark-extension-gfm 34ms (cache miss)
npm http fetch GET 200 https://registry.npmjs.org/micromark-util-types 29ms (cache miss)
npm http fetch GET 200 https://registry.npmjs.org/mdast-util-from-markdown 38ms (cache miss)
npm http fetch GET 200 https://registry.npmjs.org/remark-stringify 54ms (cache miss)
npm http fetch GET 200 https://registry.npmjs.org/retext 29ms (cache miss)
npm http fetch GET 200 https://registry.npmjs.org/mdast-util-to-hast 38ms (cache miss)
npm http fetch GET 200 https://registry.npmjs.org/retext-smartypants 48ms (cache miss)
npm http fetch GET 200 https://registry.npmjs.org/devlop 27ms (cache revalidated)
npm http fetch GET 200 https://registry.npmjs.org/bail 35ms (cache miss)
npm http fetch GET 200 https://registry.npmjs.org/is-plain-obj 31ms (cache miss)
npm http fetch GET 200 https://registry.npmjs.org/extend 39ms (cache miss)
npm http fetch GET 200 https://registry.npmjs.org/trough 31ms (cache miss)
npm http fetch GET 200 https://registry.npmjs.org/is-inside-container 38ms (cache miss)
npm http fetch GET 200 https://registry.npmjs.org/tiny-inflate 32ms (cache miss)
npm http fetch GET 200 https://registry.npmjs.org/string-width 28ms (cache revalidated)
npm http fetch GET 200 https://registry.npmjs.org/strip-ansi 35ms (cache miss)
npm http fetch GET 200 https://registry.npmjs.org/emoji-regex 37ms (cache miss)
npm http fetch GET 200 https://registry.npmjs.org/get-east-asian-width 31ms (cache miss)
npm http fetch GET 200 https://registry.npmjs.org/ansi-styles 39ms (cache miss)
npm http fetch GET 200 https://registry.npmjs.org/is-fullwidth-code-point 26ms (cache miss)
npm http fetch GET 200 https://registry.npmjs.org/strip-ansi 30ms (cache revalidated)
npm http fetch GET 200 https://registry.npmjs.org/emoji-regex 53ms (cache revalidated)
npm http fetch GET 200 https://registry.npmjs.org/dequal 36ms (cache miss)
npm http fetch GET 200 https://registry.npmjs.org/hastscript 46ms (cache miss)
npm http fetch GET 200 https://registry.npmjs.org/@types%2funist 50ms (cache revalidated)
npm http fetch GET 200 https://registry.npmjs.org/property-information 40ms (cache miss)
npm http fetch GET 200 https://registry.npmjs.org/vfile-location 41ms (cache miss)
npm http fetch GET 200 https://registry.npmjs.org/web-namespaces 53ms (cache miss)
npm http fetch GET 200 https://registry.npmjs.org/entities 33ms (cache miss)
npm http fetch GET 200 https://registry.npmjs.org/unist-util-stringify-position 41ms (cache miss)
npm http fetch GET 200 https://registry.npmjs.org/hast-util-parse-selector 30ms (cache miss)
npm http fetch GET 200 https://registry.npmjs.org/space-separated-tokens 35ms (cache miss)
npm http fetch GET 200 https://registry.npmjs.org/comma-separated-tokens 46ms (cache miss)
npm http fetch GET 200 https://registry.npmjs.org/@babel%2fhelper-string-parser 38ms (cache miss)
npm http fetch GET 200 https://registry.npmjs.org/@babel%2fhelper-validator-identifier 42ms (cache miss)
npm http fetch GET 200 https://registry.npmjs.org/@babel%2ftypes 48ms (cache revalidated)
npm http fetch GET 200 https://registry.npmjs.org/html-void-elements 34ms (cache miss)
npm http fetch GET 200 https://registry.npmjs.org/hast-util-to-parse5 36ms (cache miss)
npm http fetch GET 200 https://registry.npmjs.org/unist-util-position 29ms (cache miss)
npm http fetch GET 200 https://registry.npmjs.org/zwitch 43ms (cache miss)
npm http fetch GET 200 https://registry.npmjs.org/@ungap%2fstructured-clone 88ms (cache miss)
npm http fetch GET 200 https://registry.npmjs.org/micromark-util-sanitize-uri 28ms (cache miss)
npm http fetch GET 200 https://registry.npmjs.org/trim-lines 33ms (cache miss)
npm http fetch GET 200 https://registry.npmjs.org/micromark-util-encode 32ms (cache miss)
npm http fetch GET 200 https://registry.npmjs.org/micromark-util-character 38ms (cache miss)
npm http fetch GET 200 https://registry.npmjs.org/micromark-util-symbol 44ms (cache miss)
npm http fetch GET 200 https://registry.npmjs.org/ccount 28ms (cache miss)
npm http fetch GET 200 https://registry.npmjs.org/hast-util-whitespace 31ms (cache miss)
npm http fetch GET 200 https://registry.npmjs.org/stringify-entities 44ms (cache miss)
npm http fetch GET 200 https://registry.npmjs.org/character-entities-legacy 26ms (cache miss)
npm http fetch GET 200 https://registry.npmjs.org/character-entities-html4 37ms (cache miss)
npm http fetch GET 200 https://registry.npmjs.org/mdast-util-gfm-footnote 29ms (cache miss)
npm http fetch GET 200 https://registry.npmjs.org/mdast-util-gfm-strikethrough 36ms (cache miss)
npm http fetch GET 200 https://registry.npmjs.org/mdast-util-gfm-table 30ms (cache miss)
npm http fetch GET 200 https://registry.npmjs.org/mdast-util-gfm-task-list-item 33ms (cache miss)
npm http fetch GET 200 https://registry.npmjs.org/mdast-util-to-markdown 29ms (cache miss)
npm http fetch GET 200 https://registry.npmjs.org/mdast-util-gfm-autolink-literal 102ms (cache miss)
npm http fetch GET 200 https://registry.npmjs.org/micromark-extension-gfm-autolink-literal 35ms (cache miss)
npm http fetch GET 200 https://registry.npmjs.org/micromark-extension-gfm-footnote 25ms (cache miss)
npm http fetch GET 200 https://registry.npmjs.org/micromark-extension-gfm-table 30ms (cache miss)
npm http fetch GET 200 https://registry.npmjs.org/micromark-extension-gfm-tagfilter 29ms (cache miss)
npm http fetch GET 200 https://registry.npmjs.org/micromark-extension-gfm-strikethrough 67ms (cache miss)
npm http fetch GET 200 https://registry.npmjs.org/micromark-extension-gfm-task-list-item 33ms (cache miss)
npm http fetch GET 200 https://registry.npmjs.org/micromark-util-combine-extensions 34ms (cache miss)
npm http fetch GET 200 https://registry.npmjs.org/micromark 39ms (cache miss)
npm http fetch GET 200 https://registry.npmjs.org/mdast-util-to-string 44ms (cache miss)
npm http fetch GET 200 https://registry.npmjs.org/decode-named-character-reference 46ms (cache miss)
npm http fetch GET 200 https://registry.npmjs.org/micromark-util-decode-numeric-character-reference 27ms (cache miss)
npm http fetch GET 200 https://registry.npmjs.org/micromark-util-decode-string 37ms (cache miss)
npm http fetch GET 200 https://registry.npmjs.org/mdast-util-find-and-replace 36ms (cache miss)
npm http fetch GET 200 https://registry.npmjs.org/micromark-util-normalize-identifier 31ms (cache miss)
npm http fetch GET 200 https://registry.npmjs.org/longest-streak 32ms (cache miss)
npm http fetch GET 200 https://registry.npmjs.org/mdast-util-phrasing 35ms (cache miss)
npm http fetch GET 200 https://registry.npmjs.org/micromark-util-normalize-identifier 146ms (cache miss)
npm http fetch GET 200 https://registry.npmjs.org/markdown-table 100ms (cache miss)
npm http fetch GET 200 https://registry.npmjs.org/micromark-util-classify-character 32ms (cache miss)
npm http fetch GET 200 https://registry.npmjs.org/micromark-core-commonmark 39ms (cache miss)
npm http fetch GET 200 https://registry.npmjs.org/@types%2fdebug 42ms (cache miss)
npm http fetch GET 200 https://registry.npmjs.org/character-entities 50ms (cache miss)
npm http fetch GET 200 https://registry.npmjs.org/micromark-util-chunked 30ms (cache miss)
npm http fetch GET 200 https://registry.npmjs.org/micromark-factory-space 50ms (cache miss)
npm http fetch GET 200 https://registry.npmjs.org/micromark-util-resolve-all 42ms (cache miss)
npm http fetch GET 200 https://registry.npmjs.org/micromark-util-subtokenize 29ms (cache miss)
npm http fetch GET 200 https://registry.npmjs.org/escape-string-regexp 40ms (cache miss)
npm http fetch GET 200 https://registry.npmjs.org/micromark-factory-destination 38ms (cache miss)
npm http fetch GET 200 https://registry.npmjs.org/micromark-factory-label 52ms (cache miss)
npm http fetch GET 200 https://registry.npmjs.org/micromark-factory-title 37ms (cache miss)
npm http fetch GET 200 https://registry.npmjs.org/@types%2fms 83ms (cache miss)
npm http fetch GET 200 https://registry.npmjs.org/micromark-factory-whitespace 42ms (cache miss)
npm http fetch GET 200 https://registry.npmjs.org/micromark-util-html-tag-name 29ms (cache miss)
npm http fetch GET 200 https://registry.npmjs.org/retext-stringify 32ms (cache miss)
npm http fetch GET 200 https://registry.npmjs.org/retext-latin 40ms (cache miss)
npm http fetch GET 200 https://registry.npmjs.org/@types%2fnlcst 35ms (cache miss)
npm http fetch GET 200 https://registry.npmjs.org/nlcst-to-string 39ms (cache miss)
npm http fetch GET 200 https://registry.npmjs.org/@types%2fnlcst 109ms (cache miss)
npm http fetch GET 200 https://registry.npmjs.org/parse-latin 35ms (cache miss)
npm http fetch GET 200 https://registry.npmjs.org/unist-util-modify-children 38ms (cache miss)
npm http fetch GET 200 https://registry.npmjs.org/unist-util-visit-children 61ms (cache miss)
npm http fetch GET 200 https://registry.npmjs.org/array-iterate 33ms (cache miss)
npm http fetch GET 200 https://registry.npmjs.org/@emnapi%2fruntime 68ms (cache miss)
npm http fetch GET 200 https://registry.npmjs.org/tslib 46ms (cache miss)
npm http fetch GET 200 https://registry.npmjs.org/oniguruma-to-es 31ms (cache miss)
npm http fetch GET 200 https://registry.npmjs.org/regex-recursion 30ms (cache miss)
npm http fetch GET 200 https://registry.npmjs.org/oniguruma-parser 36ms (cache miss)
npm http fetch GET 200 https://registry.npmjs.org/regex 64ms (cache miss)
npm http fetch GET 200 https://registry.npmjs.org/regex-utilities 30ms (cache miss)
npm http fetch GET 200 https://registry.npmjs.org/regex-utilities 31ms (cache miss)
npm http fetch GET 200 https://registry.npmjs.org/ansi-regex 40ms (cache miss)
npm http fetch GET 200 https://registry.npmjs.org/boolbase 29ms (cache miss)
npm http fetch GET 200 https://registry.npmjs.org/domutils 35ms (cache miss)
npm http fetch GET 200 https://registry.npmjs.org/nth-check 49ms (cache miss)
npm http fetch GET 200 https://registry.npmjs.org/domhandler 44ms (cache miss)
npm http fetch GET 200 https://registry.npmjs.org/mdn-data 41ms (cache miss)
npm http fetch GET 200 https://registry.npmjs.org/domelementtype 35ms (cache miss)
npm http fetch GET 200 https://registry.npmjs.org/dom-serializer 39ms (cache miss)
npm http fetch GET 200 https://registry.npmjs.org/domelementtype 47ms (cache miss)
npm http fetch GET 200 https://registry.npmjs.org/mdn-data 29ms (cache revalidated)
npm http fetch GET 200 https://registry.npmjs.org/entities 32ms (cache revalidated)
npm http fetch GET 200 https://registry.npmjs.org/ufo 52ms (cache revalidated)
npm http fetch GET 200 https://registry.npmjs.org/normalize-path 27ms (cache miss)
npm http fetch GET 200 https://registry.npmjs.org/readdirp 30ms (cache miss)
npm http fetch GET 200 https://registry.npmjs.org/crossws 30ms (cache revalidated)
npm http fetch GET 200 https://registry.npmjs.org/radix3 39ms (cache miss)
npm http fetch GET 200 https://registry.npmjs.org/defu 67ms (cache miss)
npm http fetch GET 200 https://registry.npmjs.org/uncrypto 32ms (cache miss)
npm http fetch GET 200 https://registry.npmjs.org/cookie-es 34ms (cache miss)
npm http fetch GET 200 https://registry.npmjs.org/iron-webcrypto 45ms (cache miss)
npm http fetch GET 200 https://registry.npmjs.org/node-mock-http 31ms (cache miss)
npm http fetch GET 200 https://registry.npmjs.org/@esbuild%2faix-ppc64 42ms (cache revalidated)
npm http fetch GET 200 https://registry.npmjs.org/@esbuild%2flinux-arm 58ms (cache revalidated)
npm http fetch GET 200 https://registry.npmjs.org/@esbuild%2flinux-x64 81ms (cache revalidated)
npm http fetch GET 200 https://registry.npmjs.org/@esbuild%2fsunos-x64 49ms (cache revalidated)
npm http fetch GET 200 https://registry.npmjs.org/@esbuild%2fwin32-x64 51ms (cache revalidated)
npm http fetch GET 200 https://registry.npmjs.org/@esbuild%2flinux-ia32 44ms (cache revalidated)
npm http fetch GET 200 https://registry.npmjs.org/@esbuild%2fdarwin-x64 71ms (cache revalidated)
npm http fetch GET 200 https://registry.npmjs.org/@esbuild%2fnetbsd-x64 47ms (cache revalidated)
npm http fetch GET 200 https://registry.npmjs.org/@esbuild%2fwin32-ia32 40ms (cache revalidated)
npm http fetch GET 200 https://registry.npmjs.org/@esbuild%2fandroid-x64 52ms (cache revalidated)
npm http fetch GET 200 https://registry.npmjs.org/@esbuild%2ffreebsd-x64 43ms (cache revalidated)
npm http fetch GET 200 https://registry.npmjs.org/@esbuild%2fandroid-arm 76ms (cache revalidated)
npm http fetch GET 200 https://registry.npmjs.org/@esbuild%2flinux-arm64 42ms (cache revalidated)
npm http fetch GET 200 https://registry.npmjs.org/@esbuild%2flinux-ppc64 62ms (cache revalidated)
npm http fetch GET 200 https://registry.npmjs.org/@esbuild%2fopenbsd-x64 47ms (cache revalidated)
npm http fetch GET 200 https://registry.npmjs.org/@esbuild%2flinux-s390x 75ms (cache revalidated)
npm http fetch GET 200 https://registry.npmjs.org/@esbuild%2fwin32-arm64 41ms (cache revalidated)
npm http fetch GET 200 https://registry.npmjs.org/@esbuild%2fdarwin-arm64 46ms (cache revalidated)
npm http fetch GET 200 https://registry.npmjs.org/@esbuild%2fandroid-arm64 50ms (cache revalidated)
npm http fetch GET 200 https://registry.npmjs.org/@esbuild%2fnetbsd-arm64 71ms (cache revalidated)
npm http fetch GET 200 https://registry.npmjs.org/@esbuild%2ffreebsd-arm64 81ms (cache revalidated)
npm http fetch GET 200 https://registry.npmjs.org/@esbuild%2flinux-loong64 61ms (cache revalidated)
npm http fetch GET 200 https://registry.npmjs.org/@esbuild%2flinux-riscv64 101ms (cache revalidated)
npm http fetch GET 200 https://registry.npmjs.org/@esbuild%2flinux-mips64el 45ms (cache revalidated)
npm http fetch GET 200 https://registry.npmjs.org/@esbuild%2fopenbsd-arm64 87ms (cache revalidated)
npm http fetch GET 200 https://registry.npmjs.org/@esbuild%2fopenharmony-arm64 46ms (cache revalidated)
npm http fetch GET 200 https://registry.npmjs.org/@rollup%2frollup-android-arm64 48ms (cache miss)
npm http fetch GET 200 https://registry.npmjs.org/@rollup%2frollup-darwin-arm64 67ms (cache miss)
npm http fetch GET 200 https://registry.npmjs.org/nanoid 155ms (cache miss)
npm http fetch GET 200 https://registry.npmjs.org/@rollup%2frollup-freebsd-arm64 78ms (cache miss)
npm http fetch GET 200 https://registry.npmjs.org/@rollup%2frollup-win32-arm64-msvc 127ms (cache miss)
npm http fetch GET 200 https://registry.npmjs.org/@rollup%2frollup-linux-arm64-gnu 90ms (cache miss)
npm http fetch GET 200 https://registry.npmjs.org/@rollup%2frollup-linux-arm64-musl 66ms (cache miss)
npm http fetch GET 200 https://registry.npmjs.org/@rollup%2frollup-android-arm-eabi 59ms (cache miss)
npm http fetch GET 200 https://registry.npmjs.org/@rollup%2frollup-linux-arm-musleabihf 50ms (cache miss)
npm http fetch GET 200 https://registry.npmjs.org/@rollup%2frollup-linux-arm-gnueabihf 89ms (cache miss)
npm http fetch GET 200 https://registry.npmjs.org/@rollup%2frollup-linux-loong64-gnu 48ms (cache miss)
npm http fetch GET 200 https://registry.npmjs.org/@rollup%2frollup-win32-ia32-msvc 81ms (cache miss)
npm http fetch GET 200 https://registry.npmjs.org/@rollup%2frollup-linux-loong64-musl 64ms (cache miss)
npm http fetch GET 200 https://registry.npmjs.org/@rollup%2frollup-linux-riscv64-musl 54ms (cache miss)
npm http fetch GET 200 https://registry.npmjs.org/@rollup%2frollup-linux-riscv64-gnu 84ms (cache miss)
npm http fetch GET 200 https://registry.npmjs.org/@rollup%2frollup-linux-ppc64-musl 43ms (cache miss)
npm http fetch GET 200 https://registry.npmjs.org/@rollup%2frollup-linux-ppc64-gnu 76ms (cache miss)
npm http fetch GET 200 https://registry.npmjs.org/@rollup%2frollup-linux-s390x-gnu 67ms (cache miss)
npm http fetch GET 200 https://registry.npmjs.org/@rollup%2frollup-darwin-x64 52ms (cache miss)
npm http fetch GET 200 https://registry.npmjs.org/@rollup%2frollup-win32-x64-gnu 66ms (cache miss)
npm http fetch GET 200 https://registry.npmjs.org/@rollup%2frollup-freebsd-x64 54ms (cache miss)
npm http fetch GET 200 https://registry.npmjs.org/@rollup%2frollup-win32-x64-msvc 72ms (cache miss)
npm http fetch GET 200 https://registry.npmjs.org/@rollup%2frollup-linux-x64-musl 56ms (cache miss)
npm http fetch GET 200 https://registry.npmjs.org/@rollup%2frollup-openbsd-x64 71ms (cache miss)
npm http fetch GET 200 https://registry.npmjs.org/@rollup%2frollup-openharmony-arm64 51ms (cache miss)
npm http fetch GET 200 https://registry.npmjs.org/@rollup%2frollup-linux-x64-gnu 188ms (cache miss)
npm http fetch GET 200 https://registry.npmjs.org/ansi-regex 36ms (cache revalidated)
npm http fetch GET 200 https://registry.npmjs.org/yoctocolors/-/yoctocolors-2.1.2.tgz 196ms (cache miss)
npm http fetch GET 200 https://registry.npmjs.org/is-fullwidth-code-point/-/is-fullwidth-code-point-3.0.0.tgz 197ms (cache miss)
npm http fetch GET 200 https://registry.npmjs.org/uncrypto/-/uncrypto-0.1.3.tgz 291ms (cache miss)
npm http fetch GET 200 https://registry.npmjs.org/chokidar/-/chokidar-5.0.0.tgz 289ms (cache miss)
npm http fetch GET 200 https://registry.npmjs.org/defu/-/defu-6.1.7.tgz 305ms (cache miss)
npm http fetch GET 200 https://registry.npmjs.org/normalize-path/-/normalize-path-3.0.0.tgz 311ms (cache miss)
npm http fetch GET 200 https://registry.npmjs.org/anymatch/-/anymatch-3.1.3.tgz 310ms (cache miss)
npm http fetch GET 200 https://registry.npmjs.org/readdirp/-/readdirp-5.0.0.tgz 319ms (cache miss)
npm http fetch GET 200 https://registry.npmjs.org/ansi-styles/-/ansi-styles-6.2.3.tgz 321ms (cache miss)
npm http fetch GET 200 https://registry.npmjs.org/array-iterate/-/array-iterate-2.0.1.tgz 333ms (cache miss)
npm http fetch GET 200 https://registry.npmjs.org/cookie-es/-/cookie-es-1.2.3.tgz 339ms (cache miss)
npm http fetch GET 200 https://registry.npmjs.org/is-plain-obj/-/is-plain-obj-4.1.0.tgz 341ms (cache miss)
npm http fetch GET 200 https://registry.npmjs.org/ufo/-/ufo-1.6.4.tgz 349ms (cache miss)
npm http fetch GET 200 https://registry.npmjs.org/domelementtype/-/domelementtype-2.3.0.tgz 348ms (cache miss)
npm http fetch GET 200 https://registry.npmjs.org/nth-check/-/nth-check-2.1.1.tgz 348ms (cache miss)
npm http fetch GET 200 https://registry.npmjs.org/destr/-/destr-2.0.5.tgz 354ms (cache miss)
npm http fetch GET 200 https://registry.npmjs.org/bail/-/bail-2.0.2.tgz 358ms (cache miss)
npm http fetch GET 200 https://registry.npmjs.org/h3/-/h3-1.15.11.tgz 364ms (cache miss)
npm http fetch GET 200 https://registry.npmjs.org/fdir/-/fdir-6.5.0.tgz 363ms (cache miss)
npm http fetch GET 200 https://registry.npmjs.org/radix3/-/radix3-1.1.2.tgz 372ms (cache miss)
npm http fetch GET 200 https://registry.npmjs.org/trough/-/trough-2.2.0.tgz 374ms (cache miss)
npm http fetch GET 200 https://registry.npmjs.org/sax/-/sax-1.6.0.tgz 372ms (cache miss)
npm http fetch GET 200 https://registry.npmjs.org/iron-webcrypto/-/iron-webcrypto-1.2.1.tgz 381ms (cache miss)
npm http fetch GET 200 https://registry.npmjs.org/boolbase/-/boolbase-1.0.0.tgz 377ms (cache miss)
npm http fetch GET 200 https://registry.npmjs.org/character-entities-html4/-/character-entities-html4-2.1.0.tgz 375ms (cache miss)
npm http fetch GET 200 https://registry.npmjs.org/extend/-/extend-3.0.2.tgz 387ms (cache miss)
npm http fetch GET 200 https://registry.npmjs.org/character-entities-legacy/-/character-entities-legacy-3.0.0.tgz 384ms (cache miss)
npm http fetch GET 200 https://registry.npmjs.org/picocolors/-/picocolors-1.1.1.tgz 391ms (cache miss)
npm http fetch GET 200 https://registry.npmjs.org/get-east-asian-width/-/get-east-asian-width-1.6.0.tgz 389ms (cache miss)
npm http fetch GET 200 https://registry.npmjs.org/ansi-regex/-/ansi-regex-6.2.2.tgz 394ms (cache miss)
npm http fetch GET 200 https://registry.npmjs.org/emoji-regex/-/emoji-regex-10.6.0.tgz 393ms (cache miss)
npm http fetch GET 200 https://registry.npmjs.org/regex-utilities/-/regex-utilities-2.3.0.tgz 424ms (cache miss)
npm http fetch GET 200 https://registry.npmjs.org/detect-libc/-/detect-libc-2.1.2.tgz 422ms (cache miss)
npm http fetch GET 200 https://registry.npmjs.org/@shikijs/vscode-textmate/-/vscode-textmate-10.0.2.tgz 430ms (cache miss)
npm http fetch GET 200 https://registry.npmjs.org/strip-ansi/-/strip-ansi-7.2.0.tgz 439ms (cache miss)
npm http fetch GET 200 https://registry.npmjs.org/nanoid/-/nanoid-3.3.16.tgz 469ms (cache miss)
npm http fetch GET 200 https://registry.npmjs.org/nlcst-to-string/-/nlcst-to-string-4.0.0.tgz 475ms (cache miss)
npm http fetch GET 200 https://registry.npmjs.org/@shikijs/types/-/types-3.23.0.tgz 483ms (cache miss)
npm http fetch GET 200 https://registry.npmjs.org/retext-stringify/-/retext-stringify-4.0.0.tgz 482ms (cache miss)
npm http fetch GET 200 https://registry.npmjs.org/@img/colour/-/colour-1.1.0.tgz 483ms (cache miss)
npm http fetch GET 200 https://registry.npmjs.org/retext-latin/-/retext-latin-4.0.0.tgz 498ms (cache miss)
npm http fetch GET 200 https://registry.npmjs.org/retext-smartypants/-/retext-smartypants-6.2.0.tgz 502ms (cache miss)
npm http fetch GET 200 https://registry.npmjs.org/unist-util-modify-children/-/unist-util-modify-children-4.0.0.tgz 508ms (cache miss)
npm http fetch GET 200 https://registry.npmjs.org/@shikijs/engine-javascript/-/engine-javascript-3.23.0.tgz 519ms (cache miss)
npm http fetch GET 200 https://registry.npmjs.org/retext/-/retext-9.0.0.tgz 516ms (cache miss)
npm http fetch GET 200 https://registry.npmjs.org/@types/nlcst/-/nlcst-2.0.3.tgz 524ms (cache miss)
npm http fetch GET 200 https://registry.npmjs.org/micromark-extension-gfm-strikethrough/-/micromark-extension-gfm-strikethrough-2.1.0.tgz 537ms (cache miss)
npm http fetch GET 200 https://registry.npmjs.org/micromark-extension-gfm-tagfilter/-/micromark-extension-gfm-tagfilter-2.0.0.tgz 546ms (cache miss)
npm http fetch GET 200 https://registry.npmjs.org/micromark-factory-whitespace/-/micromark-factory-whitespace-2.0.1.tgz 550ms (cache miss)
npm http fetch GET 200 https://registry.npmjs.org/micromark-factory-title/-/micromark-factory-title-2.0.1.tgz 551ms (cache miss)
npm http fetch GET 200 https://registry.npmjs.org/micromark-util-html-tag-name/-/micromark-util-html-tag-name-2.0.1.tgz 562ms (cache miss)
npm http fetch GET 200 https://registry.npmjs.org/unist-util-visit-children/-/unist-util-visit-children-3.0.0.tgz 564ms (cache miss)
npm http fetch GET 200 https://registry.npmjs.org/micromark-util-subtokenize/-/micromark-util-subtokenize-2.1.0.tgz 570ms (cache miss)
npm http fetch GET 200 https://registry.npmjs.org/micromark-factory-label/-/micromark-factory-label-2.0.1.tgz 579ms (cache miss)
npm http fetch GET 200 https://registry.npmjs.org/@types/ms/-/ms-2.1.0.tgz 579ms (cache miss)
npm http fetch GET 200 https://registry.npmjs.org/micromark-util-chunked/-/micromark-util-chunked-2.0.1.tgz 586ms (cache miss)
npm http fetch GET 200 https://registry.npmjs.org/micromark-util-combine-extensions/-/micromark-util-combine-extensions-2.0.1.tgz 586ms (cache miss)
npm http fetch GET 200 https://registry.npmjs.org/micromark-factory-space/-/micromark-factory-space-2.0.1.tgz 586ms (cache miss)
npm http fetch GET 200 https://registry.npmjs.org/commander/-/commander-11.1.0.tgz 601ms (cache miss)
npm http fetch GET 200 https://registry.npmjs.org/regex-recursion/-/regex-recursion-6.0.2.tgz 606ms (cache miss)
npm http fetch GET 200 https://registry.npmjs.org/@shikijs/core/-/core-3.23.0.tgz 604ms (cache miss)
npm http fetch GET 200 https://registry.npmjs.org/micromark-factory-destination/-/micromark-factory-destination-2.0.1.tgz 601ms (cache miss)
npm http fetch GET 200 https://registry.npmjs.org/micromark-util-classify-character/-/micromark-util-classify-character-2.0.1.tgz 599ms (cache miss)
npm http fetch GET 200 https://registry.npmjs.org/mdast-util-phrasing/-/mdast-util-phrasing-4.1.0.tgz 615ms (cache miss)
npm http fetch GET 200 https://registry.npmjs.org/ohash/-/ohash-2.0.11.tgz 640ms (cache miss)
npm http fetch GET 200 https://registry.npmjs.org/longest-streak/-/longest-streak-3.1.0.tgz 628ms (cache miss)
npm http fetch GET 200 https://registry.npmjs.org/character-entities/-/character-entities-2.0.2.tgz 627ms (cache miss)
npm http fetch GET 200 https://registry.npmjs.org/dom-serializer/-/dom-serializer-2.0.0.tgz 647ms (cache miss)
npm http fetch GET 200 https://registry.npmjs.org/@types/debug/-/debug-4.1.13.tgz 636ms (cache miss)
npm http fetch GET 200 https://registry.npmjs.org/mdast-util-find-and-replace/-/mdast-util-find-and-replace-3.0.2.tgz 635ms (cache miss)
npm http fetch GET 200 https://registry.npmjs.org/micromark-util-normalize-identifier/-/micromark-util-normalize-identifier-2.0.1.tgz 635ms (cache miss)
npm http fetch GET 200 https://registry.npmjs.org/micromark-util-resolve-all/-/micromark-util-resolve-all-2.0.1.tgz 645ms (cache miss)
npm http fetch GET 200 https://registry.npmjs.org/unist-util-is/-/unist-util-is-6.0.1.tgz 644ms (cache miss)
npm http fetch GET 200 https://registry.npmjs.org/escape-string-regexp/-/escape-string-regexp-5.0.0.tgz 644ms (cache miss)
npm http fetch GET 200 https://registry.npmjs.org/micromark-util-decode-string/-/micromark-util-decode-string-2.0.1.tgz 643ms (cache miss)
npm http fetch GET 200 https://registry.npmjs.org/ofetch/-/ofetch-1.5.1.tgz 664ms (cache miss)
npm http fetch GET 200 https://registry.npmjs.org/markdown-table/-/markdown-table-3.0.4.tgz 653ms (cache miss)
npm http fetch GET 200 https://registry.npmjs.org/unist-util-stringify-position/-/unist-util-stringify-position-4.0.0.tgz 652ms (cache miss)
npm http fetch GET 200 https://registry.npmjs.org/@img/sharp-linux-arm64/-/sharp-linux-arm64-0.34.5.tgz 667ms (cache miss)
npm http fetch GET 200 https://registry.npmjs.org/micromark-util-decode-numeric-character-reference/-/micromark-util-decode-numeric-character-reference-2.0.2.tgz 659ms (cache miss)
npm http fetch GET 200 https://registry.npmjs.org/mdast-util-to-string/-/mdast-util-to-string-4.0.0.tgz 660ms (cache miss)
npm http fetch GET 200 https://registry.npmjs.org/mdast-util-gfm-task-list-item/-/mdast-util-gfm-task-list-item-2.0.0.tgz 671ms (cache miss)
npm http fetch GET 200 https://registry.npmjs.org/mdast-util-gfm-footnote/-/mdast-util-gfm-footnote-2.1.0.tgz 672ms (cache miss)
npm http fetch GET 200 https://registry.npmjs.org/domhandler/-/domhandler-5.0.3.tgz 693ms (cache miss)
npm http fetch GET 200 https://registry.npmjs.org/remark-stringify/-/remark-stringify-11.0.0.tgz 679ms (cache miss)
npm http fetch GET 200 https://registry.npmjs.org/mdast-util-gfm-autolink-literal/-/mdast-util-gfm-autolink-literal-2.0.1.tgz 679ms (cache miss)
npm http fetch GET 200 https://registry.npmjs.org/mdast-util-gfm/-/mdast-util-gfm-3.1.0.tgz 688ms (cache miss)
npm http fetch GET 200 https://registry.npmjs.org/mdast-util-gfm-strikethrough/-/mdast-util-gfm-strikethrough-2.0.0.tgz 696ms (cache miss)
npm http fetch GET 200 https://registry.npmjs.org/decode-named-character-reference/-/decode-named-character-reference-1.3.0.tgz 697ms (cache miss)
npm http fetch GET 200 https://registry.npmjs.org/mdast-util-gfm-table/-/mdast-util-gfm-table-2.0.0.tgz 696ms (cache miss)
npm http fetch GET 200 https://registry.npmjs.org/ccount/-/ccount-2.0.1.tgz 701ms (cache miss)
npm http fetch GET 200 https://registry.npmjs.org/hast-util-whitespace/-/hast-util-whitespace-3.0.0.tgz 710ms (cache miss)
npm http fetch GET 200 https://registry.npmjs.org/micromark-extension-gfm/-/micromark-extension-gfm-3.0.0.tgz 719ms (cache miss)
npm http fetch GET 200 https://registry.npmjs.org/micromark-util-symbol/-/micromark-util-symbol-2.0.1.tgz 725ms (cache miss)
npm http fetch GET 200 https://registry.npmjs.org/micromark-util-sanitize-uri/-/micromark-util-sanitize-uri-2.0.1.tgz 726ms (cache miss)
npm http fetch GET 200 https://registry.npmjs.org/unist-util-position/-/unist-util-position-5.0.0.tgz 725ms (cache miss)
npm http fetch GET 200 https://registry.npmjs.org/trim-lines/-/trim-lines-3.0.1.tgz 726ms (cache miss)
npm http fetch GET 200 https://registry.npmjs.org/micromark-util-encode/-/micromark-util-encode-2.0.1.tgz 733ms (cache miss)
npm http fetch GET 200 https://registry.npmjs.org/html-void-elements/-/html-void-elements-3.0.0.tgz 733ms (cache miss)
npm http fetch GET 200 https://registry.npmjs.org/hast-util-raw/-/hast-util-raw-9.1.0.tgz 742ms (cache miss)
npm http fetch GET 200 https://registry.npmjs.org/rehype-parse/-/rehype-parse-9.0.1.tgz 742ms (cache miss)
npm http fetch GET 200 https://registry.npmjs.org/micromark-util-character/-/micromark-util-character-2.1.1.tgz 752ms (cache miss)
npm http fetch GET 200 https://registry.npmjs.org/zwitch/-/zwitch-2.0.4.tgz 753ms (cache miss)
npm http fetch GET 200 https://registry.npmjs.org/hast-util-to-parse5/-/hast-util-to-parse5-8.0.1.tgz 765ms (cache miss)
npm http fetch GET 200 https://registry.npmjs.org/@ungap/structured-clone/-/structured-clone-1.3.3.tgz 766ms (cache miss)
npm http fetch GET 200 https://registry.npmjs.org/p-timeout/-/p-timeout-6.1.4.tgz 765ms (cache miss)
npm http fetch GET 200 https://registry.npmjs.org/micromark-extension-gfm-footnote/-/micromark-extension-gfm-footnote-2.1.0.tgz 786ms (cache miss)
npm http fetch GET 200 https://registry.npmjs.org/sisteransi/-/sisteransi-1.0.5.tgz 775ms (cache miss)
npm http fetch GET 200 https://registry.npmjs.org/micromark-util-types/-/micromark-util-types-2.0.2.tgz 779ms (cache miss)
npm http fetch GET 200 https://registry.npmjs.org/kleur/-/kleur-3.0.3.tgz 776ms (cache miss)
npm http fetch GET 200 https://registry.npmjs.org/yocto-queue/-/yocto-queue-1.2.2.tgz 775ms (cache miss)
npm http fetch GET 200 https://registry.npmjs.org/@babel/helper-validator-identifier/-/helper-validator-identifier-7.29.7.tgz 798ms (cache miss)
npm http fetch GET 200 https://registry.npmjs.org/micromark-extension-gfm-task-list-item/-/micromark-extension-gfm-task-list-item-2.1.0.tgz 817ms (cache miss)
npm http fetch GET 200 https://registry.npmjs.org/@babel/helper-string-parser/-/helper-string-parser-7.29.7.tgz 804ms (cache miss)
npm http fetch GET 200 https://registry.npmjs.org/@shikijs/engine-oniguruma/-/engine-oniguruma-3.23.0.tgz 827ms (cache miss)
npm http fetch GET 200 https://registry.npmjs.org/micromark-extension-gfm-autolink-literal/-/micromark-extension-gfm-autolink-literal-2.1.0.tgz 823ms (cache miss)
npm http fetch GET 200 https://registry.npmjs.org/is-inside-container/-/is-inside-container-1.0.0.tgz 818ms (cache miss)
npm http fetch GET 200 https://registry.npmjs.org/argparse/-/argparse-2.0.1.tgz 829ms (cache miss)
npm http fetch GET 200 https://registry.npmjs.org/unist-util-find-after/-/unist-util-find-after-5.0.0.tgz 828ms (cache miss)
npm http fetch GET 200 https://registry.npmjs.org/space-separated-tokens/-/space-separated-tokens-2.0.2.tgz 829ms (cache miss)
npm http fetch GET 200 https://registry.npmjs.org/@types/mdast/-/mdast-4.0.4.tgz 844ms (cache miss)
npm http fetch GET 200 https://registry.npmjs.org/vfile-location/-/vfile-location-5.0.3.tgz 842ms (cache miss)
npm http fetch GET 200 https://registry.npmjs.org/comma-separated-tokens/-/comma-separated-tokens-2.0.3.tgz 849ms (cache miss)
npm http fetch GET 200 https://registry.npmjs.org/web-namespaces/-/web-namespaces-2.0.1.tgz 849ms (cache miss)
npm http fetch GET 200 https://registry.npmjs.org/hast-util-parse-selector/-/hast-util-parse-selector-4.0.0.tgz 858ms (cache miss)
npm http fetch GET 200 https://registry.npmjs.org/dequal/-/dequal-2.0.3.tgz 856ms (cache miss)
npm http fetch GET 200 https://registry.npmjs.org/@rollup/rollup-linux-arm64-gnu/-/rollup-linux-arm64-gnu-4.62.2.tgz 892ms (cache miss)
npm http fetch GET 200 https://registry.npmjs.org/@types/unist/-/unist-3.0.3.tgz 863ms (cache miss)
npm http fetch GET 200 https://registry.npmjs.org/vfile-message/-/vfile-message-4.0.3.tgz 863ms (cache miss)
npm http fetch GET 200 https://registry.npmjs.org/hast-util-is-element/-/hast-util-is-element-3.0.0.tgz 878ms (cache miss)
npm http fetch GET 200 https://registry.npmjs.org/devlop/-/devlop-1.1.0.tgz 886ms (cache miss)
npm http fetch GET 200 https://registry.npmjs.org/hast-util-from-parse5/-/hast-util-from-parse5-8.0.3.tgz 896ms (cache miss)
npm http fetch GET 200 https://registry.npmjs.org/ms/-/ms-2.1.3.tgz 895ms (cache miss)
npm http fetch GET 200 https://registry.npmjs.org/@types/hast/-/hast-3.0.5.tgz 904ms (cache miss)
npm http fetch GET 200 https://registry.npmjs.org/base-64/-/base-64-1.0.0.tgz 903ms (cache miss)
npm http fetch GET 200 https://registry.npmjs.org/wrap-ansi/-/wrap-ansi-9.0.2.tgz 902ms (cache miss)
npm http fetch GET 200 https://registry.npmjs.org/string-width/-/string-width-7.2.0.tgz 908ms (cache miss)
npm http fetch GET 200 https://registry.npmjs.org/widest-line/-/widest-line-5.0.0.tgz 917ms (cache miss)
npm http fetch GET 200 https://registry.npmjs.org/camelcase/-/camelcase-8.0.0.tgz 916ms (cache miss)
npm http fetch GET 200 https://registry.npmjs.org/cli-boxes/-/cli-boxes-3.0.0.tgz 916ms (cache miss)
npm http fetch GET 200 https://registry.npmjs.org/eventemitter3/-/eventemitter3-5.0.4.tgz 932ms (cache miss)
npm http fetch GET 200 https://registry.npmjs.org/is-docker/-/is-docker-3.0.0.tgz 938ms (cache miss)
npm http fetch GET 200 https://registry.npmjs.org/is-wsl/-/is-wsl-3.1.1.tgz 938ms (cache miss)
npm http fetch GET 200 https://registry.npmjs.org/ansi-align/-/ansi-align-3.0.1.tgz 940ms (cache miss)
npm http fetch GET 200 https://registry.npmjs.org/tiny-inflate/-/tiny-inflate-1.0.3.tgz 947ms (cache miss)
npm http fetch GET 200 https://registry.npmjs.org/chalk/-/chalk-5.6.2.tgz 946ms (cache miss)
npm http fetch GET 200 https://registry.npmjs.org/which-pm-runs/-/which-pm-runs-1.1.0.tgz 945ms (cache miss)
npm http fetch GET 200 https://registry.npmjs.org/@types/estree/-/estree-1.0.9.tgz 953ms (cache miss)
npm http fetch GET 200 https://registry.npmjs.org/unist-util-remove-position/-/unist-util-remove-position-5.0.0.tgz 957ms (cache miss)
npm http fetch GET 200 https://registry.npmjs.org/remark-rehype/-/remark-rehype-11.1.2.tgz 965ms (cache miss)
npm http fetch GET 200 https://registry.npmjs.org/remark-parse/-/remark-parse-11.0.0.tgz 966ms (cache miss)
npm http fetch GET 200 https://registry.npmjs.org/rehype-stringify/-/rehype-stringify-10.0.1.tgz 965ms (cache miss)
npm http fetch GET 200 https://registry.npmjs.org/mdast-util-definitions/-/mdast-util-definitions-6.0.0.tgz 966ms (cache miss)
npm http fetch GET 200 https://registry.npmjs.org/remark-smartypants/-/remark-smartypants-3.0.2.tgz 976ms (cache miss)
npm http fetch GET 200 https://registry.npmjs.org/rehype-raw/-/rehype-raw-7.0.0.tgz 976ms (cache miss)
npm http fetch GET 200 https://registry.npmjs.org/remark-gfm/-/remark-gfm-4.0.1.tgz 985ms (cache miss)
npm http fetch GET 200 https://registry.npmjs.org/hast-util-to-text/-/hast-util-to-text-4.0.2.tgz 986ms (cache miss)
npm http fetch GET 200 https://registry.npmjs.org/@astrojs/prism/-/prism-3.3.0.tgz 999ms (cache miss)
npm http fetch GET 200 https://registry.npmjs.org/yocto-spinner/-/yocto-spinner-0.2.3.tgz 999ms (cache miss)
npm http fetch GET 200 https://registry.npmjs.org/mdast-util-from-markdown/-/mdast-util-from-markdown-2.0.3.tgz 1022ms (cache miss)
npm http fetch GET 200 https://registry.npmjs.org/zod-to-ts/-/zod-to-ts-1.2.0.tgz 1021ms (cache miss)
npm http fetch GET 200 https://registry.npmjs.org/vitefu/-/vitefu-1.1.3.tgz 1027ms (cache miss)
npm http fetch GET 200 https://registry.npmjs.org/tinyexec/-/tinyexec-1.2.4.tgz 1036ms (cache miss)
npm http fetch GET 200 https://registry.npmjs.org/unist-util-visit/-/unist-util-visit-5.1.0.tgz 1049ms (cache miss)
npm http fetch GET 200 https://registry.npmjs.org/unifont/-/unifont-0.7.4.tgz 1049ms (cache miss)
npm http fetch GET 200 https://registry.npmjs.org/hast-util-from-html/-/hast-util-from-html-2.0.3.tgz 1069ms (cache miss)
npm http fetch GET 200 https://registry.npmjs.org/fontkitten/-/fontkitten-1.0.3.tgz 1083ms (cache miss)
npm http fetch GET 200 https://registry.npmjs.org/tinyglobby/-/tinyglobby-0.2.17.tgz 1078ms (cache miss)
npm http fetch GET 200 https://registry.npmjs.org/unist-util-visit-parents/-/unist-util-visit-parents-6.0.2.tgz 1089ms (cache miss)
npm http fetch GET 200 https://registry.npmjs.org/piccolore/-/piccolore-0.1.3.tgz 1083ms (cache miss)
npm http fetch GET 200 https://registry.npmjs.org/p-limit/-/p-limit-6.2.0.tgz 1090ms (cache miss)
npm http fetch GET 200 https://registry.npmjs.org/mrmime/-/mrmime-2.0.1.tgz 1090ms (cache miss)
npm http fetch GET 200 https://registry.npmjs.org/package-manager-detector/-/package-manager-detector-1.8.0.tgz 1097ms (cache miss)
npm http fetch GET 200 https://registry.npmjs.org/http-cache-semantics/-/http-cache-semantics-4.2.0.tgz 1095ms (cache miss)
npm http fetch GET 200 https://registry.npmjs.org/html-escaper/-/html-escaper-3.0.3.tgz 1095ms (cache miss)
npm http fetch GET 200 https://registry.npmjs.org/rehype/-/rehype-13.0.2.tgz 1103ms (cache miss)
npm http fetch GET 200 https://registry.npmjs.org/source-map-js/-/source-map-js-1.2.1.tgz 1122ms (cache miss)
npm http fetch GET 200 https://registry.npmjs.org/picomatch/-/picomatch-4.0.5.tgz 1109ms (cache miss)
npm http fetch GET 200 https://registry.npmjs.org/estree-walker/-/estree-walker-3.0.3.tgz 1106ms (cache miss)
npm http fetch GET 200 https://registry.npmjs.org/fontace/-/fontace-0.4.1.tgz 1106ms (cache miss)
npm http fetch GET 200 https://registry.npmjs.org/dlv/-/dlv-1.1.3.tgz 1116ms (cache miss)
npm http fetch GET 200 https://registry.npmjs.org/esbuild/-/esbuild-0.27.7.tgz 1123ms (cache miss)
npm http fetch GET 200 https://registry.npmjs.org/flattie/-/flattie-1.1.1.tgz 1123ms (cache miss)
npm http fetch GET 200 https://registry.npmjs.org/cssesc/-/cssesc-3.0.0.tgz 1121ms (cache miss)
npm http fetch GET 200 https://registry.npmjs.org/dset/-/dset-3.1.4.tgz 1124ms (cache miss)
npm http fetch GET 200 https://registry.npmjs.org/unified/-/unified-11.0.5.tgz 1136ms (cache miss)
npm http fetch GET 200 https://registry.npmjs.org/deterministic-object-hash/-/deterministic-object-hash-2.0.2.tgz 1127ms (cache miss)
npm http fetch GET 200 https://registry.npmjs.org/github-slugger/-/github-slugger-2.0.0.tgz 1130ms (cache miss)
npm http fetch GET 200 https://registry.npmjs.org/es-module-lexer/-/es-module-lexer-1.7.0.tgz 1133ms (cache miss)
npm http fetch GET 200 https://registry.npmjs.org/cookie/-/cookie-1.1.1.tgz 1132ms (cache miss)
npm http fetch GET 200 https://registry.npmjs.org/clsx/-/clsx-2.1.1.tgz 1132ms (cache miss)
npm http fetch GET 200 https://registry.npmjs.org/stringify-entities/-/stringify-entities-4.0.4.tgz 1158ms (cache miss)
npm http fetch GET 200 https://registry.npmjs.org/magicast/-/magicast-0.5.3.tgz 1140ms (cache miss)
npm http fetch GET 200 https://registry.npmjs.org/boxen/-/boxen-8.0.1.tgz 1136ms (cache miss)
npm http fetch GET 200 https://registry.npmjs.org/common-ancestor-path/-/common-ancestor-path-1.0.1.tgz 1137ms (cache miss)
npm http fetch GET 200 https://registry.npmjs.org/ci-info/-/ci-info-4.4.0.tgz 1137ms (cache miss)
npm http fetch GET 200 https://registry.npmjs.org/debug/-/debug-4.4.3.tgz 1143ms (cache miss)
npm http fetch GET 200 https://registry.npmjs.org/yargs-parser/-/yargs-parser-21.1.1.tgz 1153ms (cache miss)
npm http fetch GET 200 https://registry.npmjs.org/xxhash-wasm/-/xxhash-wasm-1.1.0.tgz 1154ms (cache miss)
npm http fetch GET 200 https://registry.npmjs.org/@oslojs/encoding/-/encoding-1.1.0.tgz 1153ms (cache miss)
npm http fetch GET 200 https://registry.npmjs.org/@astrojs/internal-helpers/-/internal-helpers-0.7.6.tgz 1152ms (cache miss)
npm http fetch GET 200 https://registry.npmjs.org/@astrojs/telemetry/-/telemetry-3.3.0.tgz 1156ms (cache miss)
npm http fetch GET 200 https://registry.npmjs.org/strip-ansi/-/strip-ansi-6.0.1.tgz 1155ms (cache miss)
npm http fetch GET 200 https://registry.npmjs.org/ansi-regex/-/ansi-regex-5.0.1.tgz 1160ms (cache miss)
npm http fetch GET 200 https://registry.npmjs.org/string-width/-/string-width-4.2.3.tgz 1160ms (cache miss)
npm http fetch GET 200 https://registry.npmjs.org/@capsizecss/unpack/-/unpack-4.0.1.tgz 1166ms (cache miss)
npm http fetch GET 200 https://registry.npmjs.org/p-queue/-/p-queue-8.1.1.tgz 1176ms (cache miss)
npm http fetch GET 200 https://registry.npmjs.org/emoji-regex/-/emoji-regex-8.0.0.tgz 1165ms (cache miss)
npm http fetch GET 200 https://registry.npmjs.org/estree-walker/-/estree-walker-2.0.2.tgz 1164ms (cache miss)
npm http fetch GET 200 https://registry.npmjs.org/tsconfck/-/tsconfck-3.1.6.tgz 1182ms (cache miss)
npm http fetch GET 200 https://registry.npmjs.org/esbuild/-/esbuild-0.25.12.tgz 1171ms (cache miss)
npm warn deprecated tsconfck@3.1.6: unmaintained
npm http fetch GET 200 https://registry.npmjs.org/css-what/-/css-what-6.2.2.tgz 1226ms (cache miss)
npm http fetch GET 200 https://registry.npmjs.org/picomatch/-/picomatch-2.3.2.tgz 1182ms (cache miss)
npm http fetch GET 200 https://registry.npmjs.org/@rollup/pluginutils/-/pluginutils-5.4.0.tgz 1200ms (cache miss)
npm http fetch GET 200 https://registry.npmjs.org/postcss/-/postcss-8.5.22.tgz 1246ms (cache miss)
npm http fetch GET 200 https://registry.npmjs.org/mdn-data/-/mdn-data-2.27.1.tgz 1249ms (cache miss)
npm http fetch GET 200 https://registry.npmjs.org/hastscript/-/hastscript-9.0.1.tgz 1229ms (cache miss)
npm http fetch GET 200 https://registry.npmjs.org/@jridgewell/sourcemap-codec/-/sourcemap-codec-1.5.5.tgz 1233ms (cache miss)
npm http fetch GET 200 https://registry.npmjs.org/devalue/-/devalue-5.8.2.tgz 1216ms (cache miss)
npm http fetch GET 200 https://registry.npmjs.org/magic-string/-/magic-string-0.30.21.tgz 1238ms (cache miss)
npm http fetch GET 200 https://registry.npmjs.org/micromark-extension-gfm-table/-/micromark-extension-gfm-table-2.1.1.tgz 1269ms (cache miss)
npm http fetch GET 200 https://registry.npmjs.org/import-meta-resolve/-/import-meta-resolve-4.2.0.tgz 1242ms (cache miss)
npm http fetch GET 200 https://registry.npmjs.org/neotraverse/-/neotraverse-0.6.18.tgz 1253ms (cache miss)
npm http fetch GET 200 https://registry.npmjs.org/node-fetch-native/-/node-fetch-native-1.6.7.tgz 1301ms (cache miss)
npm http fetch GET 200 https://registry.npmjs.org/acorn/-/acorn-8.17.0.tgz 1268ms (cache miss)
npm http fetch GET 200 https://registry.npmjs.org/node-mock-http/-/node-mock-http-1.0.4.tgz 1317ms (cache miss)
npm http fetch GET 200 https://registry.npmjs.org/vfile/-/vfile-6.0.3.tgz 1292ms (cache miss)
npm http fetch GET 200 https://registry.npmjs.org/ultrahtml/-/ultrahtml-1.7.0.tgz 1309ms (cache miss)
npm http fetch GET 200 https://registry.npmjs.org/@astrojs/markdown-remark/-/markdown-remark-6.3.11.tgz 1324ms (cache miss)
npm http fetch GET 200 https://registry.npmjs.org/oniguruma-to-es/-/oniguruma-to-es-4.3.6.tgz 1372ms (cache miss)
npm http fetch GET 200 https://registry.npmjs.org/parse-latin/-/parse-latin-7.0.0.tgz 1389ms (cache miss)
npm http fetch GET 200 https://registry.npmjs.org/mdn-data/-/mdn-data-2.0.28.tgz 1355ms (cache miss)
npm http fetch GET 200 https://registry.npmjs.org/@babel/parser/-/parser-7.29.7.tgz 1408ms (cache miss)
npm http fetch GET 200 https://registry.npmjs.org/sharp/-/sharp-0.34.5.tgz 1396ms (cache miss)
npm http fetch GET 200 https://registry.npmjs.org/hast-util-to-html/-/hast-util-to-html-9.0.5.tgz 1425ms (cache miss)
npm http fetch GET 200 https://registry.npmjs.org/semver/-/semver-7.8.5.tgz 1414ms (cache miss)
npm http fetch GET 200 https://registry.npmjs.org/crossws/-/crossws-0.3.5.tgz 1463ms (cache miss)
npm http fetch GET 200 https://registry.npmjs.org/regex/-/regex-6.1.0.tgz 1458ms (cache miss)
npm http fetch GET 200 https://registry.npmjs.org/smol-toml/-/smol-toml-1.7.0.tgz 1437ms (cache miss)
npm http fetch GET 200 https://registry.npmjs.org/property-information/-/property-information-7.2.0.tgz 1472ms (cache miss)
npm http fetch GET 200 https://registry.npmjs.org/js-yaml/-/js-yaml-4.3.0.tgz 1492ms (cache miss)
npm http fetch GET 200 https://registry.npmjs.org/domutils/-/domutils-3.2.2.tgz 1535ms (cache miss)
npm http fetch GET 200 https://registry.npmjs.org/rollup/-/rollup-4.62.2.tgz 1563ms (cache miss)
npm http fetch GET 200 https://registry.npmjs.org/micromark/-/micromark-4.0.2.tgz 1621ms (cache miss)
npm http fetch GET 200 https://registry.npmjs.org/vite/-/vite-6.4.3.tgz 1630ms (cache miss)
npm http fetch GET 200 https://registry.npmjs.org/prompts/-/prompts-2.4.2.tgz 1642ms (cache miss)
npm http fetch GET 200 https://registry.npmjs.org/entities/-/entities-4.5.0.tgz 1677ms (cache miss)
npm http fetch GET 200 https://registry.npmjs.org/mdast-util-to-hast/-/mdast-util-to-hast-13.2.1.tgz 1733ms (cache miss)
npm http fetch GET 200 https://registry.npmjs.org/parse5/-/parse5-7.3.0.tgz 1738ms (cache miss)
npm http fetch GET 200 https://registry.npmjs.org/csso/-/csso-5.0.5.tgz 1763ms (cache miss)
npm http fetch GET 200 https://registry.npmjs.org/entities/-/entities-6.0.1.tgz 1810ms (cache miss)
npm http fetch GET 200 https://registry.npmjs.org/@shikijs/themes/-/themes-3.23.0.tgz 1854ms (cache miss)
npm http fetch GET 200 https://registry.npmjs.org/micromark-core-commonmark/-/micromark-core-commonmark-2.0.3.tgz 1882ms (cache miss)
npm http fetch GET 200 https://registry.npmjs.org/css-select/-/css-select-5.2.2.tgz 1915ms (cache miss)
npm http fetch GET 200 https://registry.npmjs.org/type-fest/-/type-fest-4.41.0.tgz 1895ms (cache miss)
npm http fetch GET 200 https://registry.npmjs.org/@astrojs/compiler/-/compiler-2.13.1.tgz 1884ms (cache miss)
npm http fetch GET 200 https://registry.npmjs.org/lru-cache/-/lru-cache-11.5.2.tgz 1979ms (cache miss)
npm http fetch GET 200 https://registry.npmjs.org/unstorage/-/unstorage-1.17.5.tgz 1985ms (cache miss)
npm http fetch GET 200 https://registry.npmjs.org/mdast-util-to-markdown/-/mdast-util-to-markdown-2.1.2.tgz 2006ms (cache miss)
npm http fetch GET 200 https://registry.npmjs.org/oniguruma-parser/-/oniguruma-parser-0.12.2.tgz 2018ms (cache miss)
npm http fetch GET 200 https://registry.npmjs.org/diff/-/diff-8.0.4.tgz 1989ms (cache miss)
npm http fetch GET 200 https://registry.npmjs.org/svgo/-/svgo-4.0.2.tgz 2020ms (cache miss)
npm http fetch GET 200 https://registry.npmjs.org/@esbuild/linux-arm64/-/linux-arm64-0.27.7.tgz 2032ms (cache miss)
npm http fetch GET 200 https://registry.npmjs.org/@esbuild/linux-arm64/-/linux-arm64-0.25.12.tgz 2012ms (cache miss)
npm http fetch GET 200 https://registry.npmjs.org/zod-to-json-schema/-/zod-to-json-schema-3.25.2.tgz 2056ms (cache miss)
npm http fetch GET 200 https://registry.npmjs.org/axobject-query/-/axobject-query-4.1.0.tgz 2094ms (cache miss)
npm http fetch GET 200 https://registry.npmjs.org/@babel/types/-/types-7.29.7.tgz 2179ms (cache miss)
npm http fetch GET 200 https://registry.npmjs.org/@img/sharp-libvips-linux-arm64/-/sharp-libvips-linux-arm64-1.2.4.tgz 2244ms (cache miss)
npm http fetch GET 200 https://registry.npmjs.org/aria-query/-/aria-query-5.3.2.tgz 2250ms (cache miss)
npm http fetch GET 200 https://registry.npmjs.org/css-tree/-/css-tree-2.2.1.tgz 2291ms (cache miss)
npm http fetch GET 200 https://registry.npmjs.org/css-tree/-/css-tree-3.2.1.tgz 2386ms (cache miss)
npm http fetch GET 200 https://registry.npmjs.org/typescript/-/typescript-5.9.3.tgz 2399ms (cache miss)
npm http fetch GET 200 https://registry.npmjs.org/prismjs/-/prismjs-1.30.0.tgz 2466ms (cache miss)
npm http fetch GET 200 https://registry.npmjs.org/@shikijs/langs/-/langs-3.23.0.tgz 2517ms (cache miss)
npm http fetch GET 200 https://registry.npmjs.org/zod/-/zod-3.25.76.tgz 2581ms (cache miss)
npm http fetch GET 200 https://registry.npmjs.org/shiki/-/shiki-3.23.0.tgz 2604ms (cache miss)
npm http fetch GET 200 https://registry.npmjs.org/astro/-/astro-5.18.2.tgz 2726ms (cache miss)

added 277 packages in 30s
