npm http fetch GET 200 https://registry.npmjs.org/astro 210ms (cache miss)
npm http fetch GET 200 https://registry.npmjs.org/dlv 41ms (cache miss)
npm http fetch GET 200 https://registry.npmjs.org/clsx 55ms (cache miss)
npm http fetch GET 200 https://registry.npmjs.org/diff 28ms (cache miss)
npm http fetch GET 200 https://registry.npmjs.org/dset 26ms (cache miss)
npm http fetch GET 200 https://registry.npmjs.org/svgo 33ms (cache miss)
npm http fetch GET 200 https://registry.npmjs.org/acorn 28ms (cache miss)
npm http fetch GET 200 https://registry.npmjs.org/zod 143ms (cache miss)
npm http fetch GET 200 https://registry.npmjs.org/boxen 30ms (cache miss)
npm http fetch GET 200 https://registry.npmjs.org/debug 31ms (cache miss)
npm http fetch GET 200 https://registry.npmjs.org/shiki 33ms (cache miss)
npm http fetch GET 200 https://registry.npmjs.org/vfile 28ms (cache miss)
npm http fetch GET 200 https://registry.npmjs.org/cssesc 23ms (cache miss)
npm http fetch GET 200 https://registry.npmjs.org/mrmime 17ms (cache miss)
npm http fetch GET 200 https://registry.npmjs.org/rehype 27ms (cache miss)
npm http fetch GET 200 https://registry.npmjs.org/semver 31ms (cache miss)
npm http fetch GET 200 https://registry.npmjs.org/cookie 136ms (cache miss)
npm http fetch GET 200 https://registry.npmjs.org/vitefu 27ms (cache miss)
npm http fetch GET 200 https://registry.npmjs.org/ci-info 29ms (cache miss)
npm http fetch GET 200 https://registry.npmjs.org/devalue 33ms (cache miss)
npm http fetch GET 200 https://registry.npmjs.org/esbuild 59ms (cache miss)
npm http fetch GET 200 https://registry.npmjs.org/fontace 19ms (cache miss)
npm http fetch GET 200 https://registry.npmjs.org/flattie 99ms (cache miss)
npm http fetch GET 200 https://registry.npmjs.org/js-yaml 30ms (cache miss)
npm http fetch GET 200 https://registry.npmjs.org/p-limit 25ms (cache miss)
npm http fetch GET 200 https://registry.npmjs.org/p-queue 26ms (cache miss)
npm http fetch GET 200 https://registry.npmjs.org/prompts 26ms (cache miss)
npm http fetch GET 200 https://registry.npmjs.org/unifont 25ms (cache miss)
npm http fetch GET 200 https://registry.npmjs.org/magicast 19ms (cache miss)
npm http fetch GET 200 https://registry.npmjs.org/tinyexec 20ms (cache miss)
npm http fetch GET 200 https://registry.npmjs.org/tsconfck 24ms (cache miss)
npm http fetch GET 200 https://registry.npmjs.org/piccolore 24ms (cache miss)
npm http fetch GET 200 https://registry.npmjs.org/picomatch 34ms (cache miss)
npm http fetch GET 200 https://registry.npmjs.org/smol-toml 34ms (cache miss)
npm http fetch GET 200 https://registry.npmjs.org/ultrahtml 27ms (cache miss)
npm http fetch GET 200 https://registry.npmjs.org/unstorage 34ms (cache miss)
npm http fetch GET 200 https://registry.npmjs.org/zod-to-ts 27ms (cache miss)
npm http fetch GET 200 https://registry.npmjs.org/aria-query 25ms (cache miss)
npm http fetch GET 200 https://registry.npmjs.org/tinyglobby 19ms (cache miss)
npm http fetch GET 200 https://registry.npmjs.org/neotraverse 23ms (cache miss)
npm http fetch GET 200 https://registry.npmjs.org/xxhash-wasm 19ms (cache miss)
npm http fetch GET 200 https://registry.npmjs.org/html-escaper 21ms (cache miss)
npm http fetch GET 200 https://registry.npmjs.org/magic-string 33ms (cache miss)
npm http fetch GET 200 https://registry.npmjs.org/yargs-parser 30ms (cache miss)
npm http fetch GET 200 https://registry.npmjs.org/estree-walker 28ms (cache miss)
npm http fetch GET 200 https://registry.npmjs.org/yocto-spinner 25ms (cache miss)
npm http fetch GET 200 https://registry.npmjs.org/axobject-query 29ms (cache miss)
npm http fetch GET 200 https://registry.npmjs.org/github-slugger 24ms (cache miss)
npm http fetch GET 200 https://registry.npmjs.org/es-module-lexer 27ms (cache miss)
npm http fetch GET 200 https://registry.npmjs.org/@oslojs%2fencoding 30ms (cache miss)
npm http fetch GET 200 https://registry.npmjs.org/unist-util-visit 24ms (cache miss)
npm http fetch GET 200 https://registry.npmjs.org/@astrojs%2fcompiler 61ms (cache miss)
npm http fetch GET 200 https://registry.npmjs.org/@capsizecss%2funpack 36ms (cache miss)
npm http fetch GET 200 https://registry.npmjs.org/@astrojs%2ftelemetry 107ms (cache miss)
npm http fetch GET 200 https://registry.npmjs.org/zod-to-json-schema 31ms (cache miss)
npm http fetch GET 200 https://registry.npmjs.org/import-meta-resolve 21ms (cache miss)
npm http fetch GET 200 https://registry.npmjs.org/@rollup%2fpluginutils 35ms (cache miss)
npm http fetch GET 200 https://registry.npmjs.org/common-ancestor-path 25ms (cache miss)
npm http fetch GET 200 https://registry.npmjs.org/http-cache-semantics 24ms (cache miss)
npm http fetch GET 200 https://registry.npmjs.org/package-manager-detector 24ms (cache miss)
npm http fetch GET 200 https://registry.npmjs.org/@astrojs%2fmarkdown-remark 46ms (cache miss)
npm http fetch GET 200 https://registry.npmjs.org/@astrojs%2finternal-helpers 38ms (cache miss)
npm http fetch GET 200 https://registry.npmjs.org/deterministic-object-hash 25ms (cache miss)
npm http fetch GET 200 https://registry.npmjs.org/sharp 47ms (cache miss)
npm http fetch GET 200 https://registry.npmjs.org/vite 1319ms (cache miss)
npm http fetch GET 200 https://registry.npmjs.org/typescript 313ms (cache miss)
npm http fetch GET 200 https://registry.npmjs.org/rehype-raw 21ms (cache miss)
npm http fetch GET 200 https://registry.npmjs.org/remark-gfm 24ms (cache miss)
npm http fetch GET 200 https://registry.npmjs.org/unified 37ms (cache miss)
npm http fetch GET 200 https://registry.npmjs.org/remark-parse 20ms (cache miss)
npm http fetch GET 200 https://registry.npmjs.org/remark-rehype 24ms (cache miss)
npm http fetch GET 200 https://registry.npmjs.org/rehype-stringify 20ms (cache miss)
npm http fetch GET 200 https://registry.npmjs.org/hast-util-to-text 25ms (cache miss)
npm http fetch GET 200 https://registry.npmjs.org/remark-smartypants 26ms (cache miss)
npm http fetch GET 200 https://registry.npmjs.org/@astrojs%2fprism 60ms (cache miss)
npm http fetch GET 200 https://registry.npmjs.org/hast-util-from-html 30ms (cache miss)
npm http fetch GET 200 https://registry.npmjs.org/mdast-util-definitions 26ms (cache miss)
npm http fetch GET 200 https://registry.npmjs.org/unist-util-visit-parents 25ms (cache miss)
npm http fetch GET 200 https://registry.npmjs.org/unist-util-remove-position 20ms (cache miss)
npm http fetch GET 200 https://registry.npmjs.org/debug 22ms (cache revalidated)
npm http fetch GET 200 https://registry.npmjs.org/is-wsl 25ms (cache miss)
npm http fetch GET 200 https://registry.npmjs.org/ci-info 31ms (cache revalidated)
npm http fetch GET 200 https://registry.npmjs.org/is-docker 23ms (cache miss)
npm http fetch GET 200 https://registry.npmjs.org/which-pm-runs 23ms (cache miss)
npm http fetch GET 200 https://registry.npmjs.org/fontkitten 22ms (cache miss)
npm http fetch GET 200 https://registry.npmjs.org/estree-walker 20ms (cache revalidated)
npm http fetch GET 200 https://registry.npmjs.org/@types%2festree 32ms (cache miss)
npm http fetch GET 200 https://registry.npmjs.org/picomatch 25ms (cache revalidated)
npm http fetch GET 200 https://registry.npmjs.org/camelcase 20ms (cache miss)
npm http fetch GET 200 https://registry.npmjs.org/chalk 25ms (cache miss)
npm http fetch GET 200 https://registry.npmjs.org/cli-boxes 22ms (cache miss)
npm http fetch GET 200 https://registry.npmjs.org/wrap-ansi 23ms (cache miss)
npm http fetch GET 200 https://registry.npmjs.org/ansi-align 20ms (cache miss)
npm http fetch GET 200 https://registry.npmjs.org/type-fest 36ms (cache miss)
npm http fetch GET 200 https://registry.npmjs.org/widest-line 25ms (cache miss)
npm http fetch GET 200 https://registry.npmjs.org/string-width 21ms (cache miss)
npm http fetch GET 200 https://registry.npmjs.org/ms 24ms (cache miss)
npm http fetch GET 200 https://registry.npmjs.org/base-64 18ms (cache miss)
npm http fetch GET 200 https://registry.npmjs.org/@esbuild%2faix-ppc64 27ms (cache miss)
npm http fetch GET 200 https://registry.npmjs.org/@esbuild%2flinux-x64 36ms (cache miss)
npm http fetch GET 200 https://registry.npmjs.org/@esbuild%2flinux-arm 44ms (cache miss)
npm http fetch GET 200 https://registry.npmjs.org/@esbuild%2fsunos-x64 32ms (cache miss)
npm http fetch GET 200 https://registry.npmjs.org/@esbuild%2fdarwin-x64 30ms (cache miss)
npm http fetch GET 200 https://registry.npmjs.org/@esbuild%2flinux-ia32 31ms (cache miss)
npm http fetch GET 200 https://registry.npmjs.org/@esbuild%2fwin32-x64 43ms (cache miss)
npm http fetch GET 200 https://registry.npmjs.org/@esbuild%2fnetbsd-x64 41ms (cache miss)
npm http fetch GET 200 https://registry.npmjs.org/@esbuild%2fandroid-arm 42ms (cache miss)
npm http fetch GET 200 https://registry.npmjs.org/@esbuild%2fwin32-ia32 52ms (cache miss)
npm http fetch GET 200 https://registry.npmjs.org/@esbuild%2fandroid-x64 39ms (cache miss)
npm http fetch GET 200 https://registry.npmjs.org/@esbuild%2flinux-arm64 40ms (cache miss)
npm http fetch GET 200 https://registry.npmjs.org/@esbuild%2ffreebsd-x64 45ms (cache miss)
npm http fetch GET 200 https://registry.npmjs.org/@esbuild%2flinux-ppc64 31ms (cache miss)
npm http fetch GET 200 https://registry.npmjs.org/@esbuild%2fopenbsd-x64 32ms (cache miss)
npm http fetch GET 200 https://registry.npmjs.org/@esbuild%2flinux-s390x 35ms (cache miss)
npm http fetch GET 200 https://registry.npmjs.org/@esbuild%2fwin32-arm64 37ms (cache miss)
npm http fetch GET 200 https://registry.npmjs.org/@esbuild%2fnetbsd-arm64 29ms (cache miss)
npm http fetch GET 200 https://registry.npmjs.org/@esbuild%2fdarwin-arm64 40ms (cache miss)
npm http fetch GET 200 https://registry.npmjs.org/@esbuild%2ffreebsd-arm64 30ms (cache miss)
npm http fetch GET 200 https://registry.npmjs.org/@esbuild%2fandroid-arm64 47ms (cache miss)
npm http fetch GET 200 https://registry.npmjs.org/@esbuild%2flinux-loong64 42ms (cache miss)
npm http fetch GET 200 https://registry.npmjs.org/@esbuild%2flinux-riscv64 42ms (cache miss)
npm http fetch GET 200 https://registry.npmjs.org/@esbuild%2fopenbsd-arm64 47ms (cache miss)
npm http fetch GET 200 https://registry.npmjs.org/@esbuild%2flinux-mips64el 45ms (cache miss)
npm http fetch GET 200 https://registry.npmjs.org/@esbuild%2fopenharmony-arm64 27ms (cache miss)
npm http fetch GET 200 https://registry.npmjs.org/fontkitten 23ms (cache revalidated)
npm http fetch GET 200 https://registry.npmjs.org/argparse 23ms (cache miss)
npm http fetch GET 200 https://registry.npmjs.org/@jridgewell%2fsourcemap-codec 28ms (cache miss)
npm http fetch GET 200 https://registry.npmjs.org/@babel%2ftypes 40ms (cache miss)
npm http fetch GET 200 https://registry.npmjs.org/source-map-js 31ms (cache miss)
npm http fetch GET 200 https://registry.npmjs.org/@babel%2fparser 47ms (cache miss)
npm http fetch GET 200 https://registry.npmjs.org/yocto-queue 26ms (cache miss)
npm http fetch GET 200 https://registry.npmjs.org/p-timeout 22ms (cache miss)
npm http fetch GET 200 https://registry.npmjs.org/kleur 20ms (cache miss)
npm http fetch GET 200 https://registry.npmjs.org/eventemitter3 27ms (cache miss)
npm http fetch GET 200 https://registry.npmjs.org/sisteransi 22ms (cache miss)
npm http fetch GET 200 https://registry.npmjs.org/rehype-parse 24ms (cache miss)
npm http fetch GET 200 https://registry.npmjs.org/@types%2fhast 34ms (cache miss)
npm http fetch GET 200 https://registry.npmjs.org/rehype-stringify 25ms (cache revalidated)
npm http fetch GET 200 https://registry.npmjs.org/unified 22ms (cache revalidated)
npm http fetch GET 200 https://registry.npmjs.org/detect-libc 21ms (cache miss)
npm http fetch GET 200 https://registry.npmjs.org/@img%2fcolour 30ms (cache miss)
npm http fetch GET 200 https://registry.npmjs.org/@img%2fsharp-linux-arm 28ms (cache miss)
npm http fetch GET 200 https://registry.npmjs.org/@img%2fsharp-wasm32 36ms (cache miss)
npm http fetch GET 200 https://registry.npmjs.org/@img%2fsharp-linux-x64 30ms (cache miss)
npm http fetch GET 200 https://registry.npmjs.org/@img%2fsharp-darwin-x64 30ms (cache miss)
npm http fetch GET 200 https://registry.npmjs.org/@img%2fsharp-win32-x64 36ms (cache miss)
npm http fetch GET 200 https://registry.npmjs.org/@img%2fsharp-win32-ia32 32ms (cache miss)
npm http fetch GET 200 https://registry.npmjs.org/@img%2fsharp-linux-arm64 27ms (cache miss)
npm http fetch GET 200 https://registry.npmjs.org/@img%2fsharp-linux-s390x 31ms (cache miss)
npm http fetch GET 200 https://registry.npmjs.org/@img%2fsharp-win32-arm64 37ms (cache miss)
npm http fetch GET 200 https://registry.npmjs.org/@img%2fsharp-darwin-arm64 34ms (cache miss)
npm http fetch GET 200 https://registry.npmjs.org/@img%2fsharp-linux-riscv64 28ms (cache miss)
npm http fetch GET 200 https://registry.npmjs.org/@img%2fsharp-linuxmusl-x64 26ms (cache miss)
npm http fetch GET 200 https://registry.npmjs.org/@img%2fsharp-linux-ppc64 113ms (cache miss)
npm http fetch GET 200 https://registry.npmjs.org/@img%2fsharp-libvips-linux-arm 30ms (cache miss)
npm http fetch GET 200 https://registry.npmjs.org/@img%2fsharp-linuxmusl-arm64 40ms (cache miss)
npm http fetch GET 200 https://registry.npmjs.org/@img%2fsharp-libvips-linux-x64 27ms (cache miss)
npm http fetch GET 200 https://registry.npmjs.org/@img%2fsharp-libvips-linux-arm64 25ms (cache miss)
npm http fetch GET 200 https://registry.npmjs.org/@img%2fsharp-libvips-darwin-x64 40ms (cache miss)
npm http fetch GET 200 https://registry.npmjs.org/@img%2fsharp-libvips-linux-ppc64 33ms (cache miss)
npm http fetch GET 200 https://registry.npmjs.org/@img%2fsharp-libvips-linux-s390x 34ms (cache miss)
npm http fetch GET 200 https://registry.npmjs.org/@img%2fsharp-libvips-linux-riscv64 27ms (cache miss)
npm http fetch GET 200 https://registry.npmjs.org/@img%2fsharp-libvips-darwin-arm64 35ms (cache miss)
npm http fetch GET 200 https://registry.npmjs.org/@types%2fhast 24ms (cache revalidated)
npm http fetch GET 200 https://registry.npmjs.org/@img%2fsharp-libvips-linuxmusl-arm64 35ms (cache miss)
npm http fetch GET 200 https://registry.npmjs.org/@shikijs%2fcore 36ms (cache miss)
npm http fetch GET 200 https://registry.npmjs.org/@img%2fsharp-libvips-linuxmusl-x64 91ms (cache miss)
npm http fetch GET 200 https://registry.npmjs.org/@shikijs%2flangs 46ms (cache miss)
npm http fetch GET 200 https://registry.npmjs.org/@shikijs%2ftypes 28ms (cache miss)
npm http fetch GET 200 https://registry.npmjs.org/@shikijs%2fvscode-textmate 28ms (cache miss)
npm http fetch GET 200 https://registry.npmjs.org/@shikijs%2fthemes 41ms (cache miss)
npm http fetch GET 200 https://registry.npmjs.org/@shikijs%2fengine-oniguruma 31ms (cache miss)
npm http fetch GET 200 https://registry.npmjs.org/sax 22ms (cache miss)
npm http fetch GET 200 https://registry.npmjs.org/@shikijs%2fengine-javascript 32ms (cache miss)
npm http fetch GET 200 https://registry.npmjs.org/csso 23ms (cache miss)
npm http fetch GET 200 https://registry.npmjs.org/css-what 20ms (cache miss)
npm http fetch GET 200 https://registry.npmjs.org/css-tree 27ms (cache miss)
npm http fetch GET 200 https://registry.npmjs.org/commander 37ms (cache miss)
npm http fetch GET 200 https://registry.npmjs.org/picocolors 24ms (cache miss)
npm http fetch GET 200 https://registry.npmjs.org/css-select 32ms (cache miss)
npm http fetch GET 200 https://registry.npmjs.org/fdir 22ms (cache miss)
npm http fetch GET 200 https://registry.npmjs.org/ohash 20ms (cache miss)
npm http fetch GET 200 https://registry.npmjs.org/css-tree 20ms (cache revalidated)
npm http fetch GET 200 https://registry.npmjs.org/undici 50ms (cache miss)
npm http fetch GET 200 https://registry.npmjs.org/@types%2funist 39ms (cache miss)
npm http fetch GET 200 https://registry.npmjs.org/unist-util-is 25ms (cache miss)
npm http fetch GET 200 https://registry.npmjs.org/unist-util-visit-parents 21ms (cache revalidated)
npm http fetch GET 200 https://registry.npmjs.org/h3 28ms (cache miss)
npm http fetch GET 200 https://registry.npmjs.org/ufo 31ms (cache miss)
npm http fetch GET 200 https://registry.npmjs.org/destr 20ms (cache miss)
npm http fetch GET 200 https://registry.npmjs.org/ofetch 19ms (cache miss)
npm http fetch GET 200 https://registry.npmjs.org/anymatch 19ms (cache miss)
npm http fetch GET 200 https://registry.npmjs.org/chokidar 30ms (cache miss)
npm http fetch GET 200 https://registry.npmjs.org/node-fetch-native 28ms (cache miss)
npm http fetch GET 200 https://registry.npmjs.org/lru-cache 35ms (cache miss)
npm http fetch GET 200 https://registry.npmjs.org/vfile-message 24ms (cache miss)
npm http fetch GET 200 https://registry.npmjs.org/fdir 18ms (cache revalidated)
npm http fetch GET 200 https://registry.npmjs.org/esbuild 20ms (cache revalidated)
npm http fetch GET 200 https://registry.npmjs.org/postcss 34ms (cache miss)
npm http fetch GET 200 https://registry.npmjs.org/fsevents 28ms (cache miss)
npm http fetch GET 200 https://registry.npmjs.org/yoctocolors 20ms (cache miss)
npm http fetch GET 200 https://registry.npmjs.org/rollup 102ms (cache miss)
npm http fetch GET 200 https://registry.npmjs.org/devlop 20ms (cache miss)
npm http fetch GET 200 https://registry.npmjs.org/hast-util-from-parse5 23ms (cache miss)
npm http fetch GET 200 https://registry.npmjs.org/prismjs 26ms (cache miss)
npm http fetch GET 200 https://registry.npmjs.org/parse5 21ms (cache miss)
npm http fetch GET 200 https://registry.npmjs.org/unist-util-find-after 21ms (cache miss)
npm http fetch GET 200 https://registry.npmjs.org/hast-util-is-element 25ms (cache miss)
npm http fetch GET 200 https://registry.npmjs.org/@types%2fmdast 31ms (cache miss)
npm http fetch GET 200 https://registry.npmjs.org/hast-util-raw 29ms (cache miss)
npm http fetch GET 200 https://registry.npmjs.org/hast-util-to-html 30ms (cache miss)
npm http fetch GET 200 https://registry.npmjs.org/mdast-util-gfm 17ms (cache miss)
npm http fetch GET 200 https://registry.npmjs.org/micromark-extension-gfm 26ms (cache miss)
npm http fetch GET 200 https://registry.npmjs.org/remark-stringify 29ms (cache miss)
npm http fetch GET 200 https://registry.npmjs.org/mdast-util-from-markdown 24ms (cache miss)
npm http fetch GET 200 https://registry.npmjs.org/micromark-util-types 24ms (cache miss)
npm http fetch GET 200 https://registry.npmjs.org/mdast-util-to-hast 25ms (cache miss)
npm http fetch GET 200 https://registry.npmjs.org/retext 24ms (cache miss)
npm http fetch GET 200 https://registry.npmjs.org/retext-smartypants 29ms (cache miss)
npm http fetch GET 200 https://registry.npmjs.org/devlop 18ms (cache revalidated)
npm http fetch GET 200 https://registry.npmjs.org/bail 24ms (cache miss)
npm http fetch GET 200 https://registry.npmjs.org/extend 26ms (cache miss)
npm http fetch GET 200 https://registry.npmjs.org/is-plain-obj 26ms (cache miss)
npm http fetch GET 200 https://registry.npmjs.org/trough 31ms (cache miss)
npm http fetch GET 200 https://registry.npmjs.org/is-inside-container 22ms (cache miss)
npm http fetch GET 200 https://registry.npmjs.org/tiny-inflate 18ms (cache miss)
npm http fetch GET 200 https://registry.npmjs.org/string-width 20ms (cache revalidated)
npm http fetch GET 200 https://registry.npmjs.org/strip-ansi 22ms (cache miss)
npm http fetch GET 200 https://registry.npmjs.org/emoji-regex 23ms (cache miss)
npm http fetch GET 200 https://registry.npmjs.org/ansi-styles 19ms (cache miss)
npm http fetch GET 200 https://registry.npmjs.org/get-east-asian-width 26ms (cache miss)
npm http fetch GET 200 https://registry.npmjs.org/strip-ansi 18ms (cache revalidated)
npm http fetch GET 200 https://registry.npmjs.org/is-fullwidth-code-point 22ms (cache miss)
npm http fetch GET 200 https://registry.npmjs.org/emoji-regex 24ms (cache revalidated)
npm http fetch GET 200 https://registry.npmjs.org/dequal 20ms (cache miss)
npm http fetch GET 200 https://registry.npmjs.org/@types%2funist 28ms (cache revalidated)
npm http fetch GET 200 https://registry.npmjs.org/hastscript 29ms (cache miss)
npm http fetch GET 200 https://registry.npmjs.org/property-information 25ms (cache miss)
npm http fetch GET 200 https://registry.npmjs.org/web-namespaces 23ms (cache miss)
npm http fetch GET 200 https://registry.npmjs.org/vfile-location 28ms (cache miss)
npm http fetch GET 200 https://registry.npmjs.org/entities 20ms (cache miss)
npm http fetch GET 200 https://registry.npmjs.org/unist-util-stringify-position 25ms (cache miss)
npm http fetch GET 200 https://registry.npmjs.org/space-separated-tokens 19ms (cache miss)
npm http fetch GET 200 https://registry.npmjs.org/comma-separated-tokens 23ms (cache miss)
npm http fetch GET 200 https://registry.npmjs.org/hast-util-parse-selector 29ms (cache miss)
npm http fetch GET 200 https://registry.npmjs.org/@babel%2fhelper-string-parser 27ms (cache miss)
npm http fetch GET 200 https://registry.npmjs.org/@babel%2fhelper-validator-identifier 27ms (cache miss)
npm http fetch GET 200 https://registry.npmjs.org/@babel%2ftypes 31ms (cache revalidated)
npm http fetch GET 200 https://registry.npmjs.org/html-void-elements 24ms (cache miss)
npm http fetch GET 200 https://registry.npmjs.org/hast-util-to-parse5 34ms (cache miss)
npm http fetch GET 200 https://registry.npmjs.org/@ungap%2fstructured-clone 38ms (cache miss)
npm http fetch GET 200 https://registry.npmjs.org/unist-util-position 24ms (cache miss)
npm http fetch GET 200 https://registry.npmjs.org/zwitch 20ms (cache miss)
npm http fetch GET 200 https://registry.npmjs.org/trim-lines 22ms (cache miss)
npm http fetch GET 200 https://registry.npmjs.org/micromark-util-sanitize-uri 23ms (cache miss)
npm http fetch GET 200 https://registry.npmjs.org/micromark-util-encode 20ms (cache miss)
npm http fetch GET 200 https://registry.npmjs.org/micromark-util-symbol 29ms (cache miss)
npm http fetch GET 200 https://registry.npmjs.org/micromark-util-character 30ms (cache miss)
npm http fetch GET 200 https://registry.npmjs.org/hast-util-whitespace 20ms (cache miss)
npm http fetch GET 200 https://registry.npmjs.org/ccount 23ms (cache miss)
npm http fetch GET 200 https://registry.npmjs.org/stringify-entities 25ms (cache miss)
npm http fetch GET 200 https://registry.npmjs.org/character-entities-legacy 19ms (cache miss)
npm http fetch GET 200 https://registry.npmjs.org/character-entities-html4 20ms (cache miss)
npm http fetch GET 200 https://registry.npmjs.org/mdast-util-gfm-footnote 22ms (cache miss)
npm http fetch GET 200 https://registry.npmjs.org/mdast-util-gfm-strikethrough 22ms (cache miss)
npm http fetch GET 200 https://registry.npmjs.org/mdast-util-gfm-autolink-literal 25ms (cache miss)
npm http fetch GET 200 https://registry.npmjs.org/mdast-util-gfm-table 19ms (cache miss)
npm http fetch GET 200 https://registry.npmjs.org/mdast-util-gfm-task-list-item 23ms (cache miss)
npm http fetch GET 200 https://registry.npmjs.org/mdast-util-to-markdown 29ms (cache miss)
npm http fetch GET 200 https://registry.npmjs.org/micromark-extension-gfm-autolink-literal 21ms (cache miss)
npm http fetch GET 200 https://registry.npmjs.org/micromark-extension-gfm-footnote 23ms (cache miss)
npm http fetch GET 200 https://registry.npmjs.org/micromark-extension-gfm-table 25ms (cache miss)
npm http fetch GET 200 https://registry.npmjs.org/micromark-extension-gfm-tagfilter 22ms (cache miss)
npm http fetch GET 200 https://registry.npmjs.org/micromark-util-combine-extensions 18ms (cache miss)
npm http fetch GET 200 https://registry.npmjs.org/micromark-extension-gfm-task-list-item 25ms (cache miss)
npm http fetch GET 200 https://registry.npmjs.org/micromark-extension-gfm-strikethrough 87ms (cache miss)
npm http fetch GET 200 https://registry.npmjs.org/decode-named-character-reference 19ms (cache miss)
npm http fetch GET 200 https://registry.npmjs.org/mdast-util-to-string 20ms (cache miss)
npm http fetch GET 200 https://registry.npmjs.org/micromark 28ms (cache miss)
npm http fetch GET 200 https://registry.npmjs.org/micromark-util-decode-numeric-character-reference 18ms (cache miss)
npm http fetch GET 200 https://registry.npmjs.org/micromark-util-decode-string 19ms (cache miss)
npm http fetch GET 200 https://registry.npmjs.org/micromark-util-normalize-identifier 22ms (cache miss)
npm http fetch GET 200 https://registry.npmjs.org/micromark-util-normalize-identifier 18ms (cache miss)
npm http fetch GET 200 https://registry.npmjs.org/mdast-util-find-and-replace 22ms (cache miss)
npm http fetch GET 200 https://registry.npmjs.org/markdown-table 24ms (cache miss)
npm http fetch GET 200 https://registry.npmjs.org/longest-streak 27ms (cache miss)
npm http fetch GET 200 https://registry.npmjs.org/mdast-util-phrasing 32ms (cache miss)
npm http fetch GET 200 https://registry.npmjs.org/micromark-util-html-tag-name 24ms (cache miss)
npm http fetch GET 200 https://registry.npmjs.org/micromark-util-classify-character 27ms (cache miss)
npm http fetch GET 200 https://registry.npmjs.org/micromark-util-chunked 22ms (cache miss)
npm http fetch GET 200 https://registry.npmjs.org/character-entities 24ms (cache miss)
npm http fetch GET 200 https://registry.npmjs.org/@types%2fdebug 30ms (cache miss)
npm http fetch GET 200 https://registry.npmjs.org/micromark-util-edit-map 17ms (cache miss)
npm http fetch GET 200 https://registry.npmjs.org/micromark-factory-space 24ms (cache miss)
npm http fetch GET 200 https://registry.npmjs.org/micromark-core-commonmark 25ms (cache miss)
npm http fetch GET 200 https://registry.npmjs.org/micromark-util-resolve-all 21ms (cache miss)
npm http fetch GET 200 https://registry.npmjs.org/micromark-util-subtokenize 19ms (cache miss)
npm http fetch GET 200 https://registry.npmjs.org/escape-string-regexp 21ms (cache miss)
npm http fetch GET 200 https://registry.npmjs.org/micromark-factory-space 23ms (cache revalidated)
npm http fetch GET 200 https://registry.npmjs.org/micromark-factory-label 25ms (cache miss)
npm http fetch GET 200 https://registry.npmjs.org/@types%2fms 31ms (cache miss)
npm http fetch GET 200 https://registry.npmjs.org/micromark-factory-title 23ms (cache miss)
npm http fetch GET 200 https://registry.npmjs.org/micromark-factory-whitespace 23ms (cache miss)
npm http fetch GET 200 https://registry.npmjs.org/micromark-factory-destination 21ms (cache miss)
npm http fetch GET 200 https://registry.npmjs.org/retext-stringify 20ms (cache miss)
npm http fetch GET 200 https://registry.npmjs.org/retext-latin 23ms (cache miss)
npm http fetch GET 200 https://registry.npmjs.org/@types%2fnlcst 30ms (cache miss)
npm http fetch GET 200 https://registry.npmjs.org/@types%2fnlcst 24ms (cache miss)
npm http fetch GET 200 https://registry.npmjs.org/nlcst-to-string 24ms (cache miss)
npm http fetch GET 200 https://registry.npmjs.org/parse-latin 19ms (cache miss)
npm http fetch GET 200 https://registry.npmjs.org/unist-util-modify-children 20ms (cache miss)
npm http fetch GET 200 https://registry.npmjs.org/unist-util-visit-children 89ms (cache miss)
npm http fetch GET 200 https://registry.npmjs.org/array-iterate 18ms (cache miss)
npm http fetch GET 200 https://registry.npmjs.org/@emnapi%2fruntime 34ms (cache miss)
npm http fetch GET 200 https://registry.npmjs.org/tslib 24ms (cache miss)
npm http fetch GET 200 https://registry.npmjs.org/oniguruma-to-es 29ms (cache miss)
npm http fetch GET 200 https://registry.npmjs.org/regex-recursion 27ms (cache miss)
npm http fetch GET 200 https://registry.npmjs.org/oniguruma-parser 28ms (cache miss)
npm http fetch GET 200 https://registry.npmjs.org/regex 30ms (cache miss)
npm http fetch GET 200 https://registry.npmjs.org/regex-utilities 18ms (cache miss)
npm http fetch GET 200 https://registry.npmjs.org/regex-utilities 21ms (cache miss)
npm http fetch GET 200 https://registry.npmjs.org/ansi-regex 24ms (cache miss)
npm http fetch GET 200 https://registry.npmjs.org/boolbase 33ms (cache miss)
npm http fetch GET 200 https://registry.npmjs.org/nth-check 34ms (cache miss)
npm http fetch GET 200 https://registry.npmjs.org/domutils 36ms (cache miss)
npm http fetch GET 200 https://registry.npmjs.org/domhandler 19ms (cache miss)
npm http fetch GET 200 https://registry.npmjs.org/mdn-data 27ms (cache miss)
npm http fetch GET 200 https://registry.npmjs.org/domelementtype 23ms (cache miss)
npm http fetch GET 200 https://registry.npmjs.org/dom-serializer 24ms (cache miss)
npm http fetch GET 200 https://registry.npmjs.org/domelementtype 27ms (cache miss)
npm http fetch GET 200 https://registry.npmjs.org/mdn-data 24ms (cache revalidated)
npm http fetch GET 200 https://registry.npmjs.org/entities 19ms (cache revalidated)
npm http fetch GET 200 https://registry.npmjs.org/normalize-path 23ms (cache miss)
npm http fetch GET 200 https://registry.npmjs.org/defu 24ms (cache miss)
npm http fetch GET 200 https://registry.npmjs.org/readdirp 29ms (cache miss)
npm http fetch GET 200 https://registry.npmjs.org/uncrypto 17ms (cache miss)
npm http fetch GET 200 https://registry.npmjs.org/radix3 26ms (cache miss)
npm http fetch GET 200 https://registry.npmjs.org/crossws 28ms (cache miss)
npm http fetch GET 200 https://registry.npmjs.org/cookie-es 23ms (cache miss)
npm http fetch GET 200 https://registry.npmjs.org/node-mock-http 20ms (cache miss)
npm http fetch GET 200 https://registry.npmjs.org/iron-webcrypto 27ms (cache miss)
npm http fetch GET 200 https://registry.npmjs.org/ufo 23ms (cache revalidated)
npm http fetch GET 200 https://registry.npmjs.org/@esbuild%2flinux-x64 24ms (cache revalidated)
npm http fetch GET 200 https://registry.npmjs.org/@esbuild%2faix-ppc64 28ms (cache revalidated)
npm http fetch GET 200 https://registry.npmjs.org/@esbuild%2flinux-arm 31ms (cache revalidated)
npm http fetch GET 200 https://registry.npmjs.org/@esbuild%2fwin32-x64 26ms (cache revalidated)
npm http fetch GET 200 https://registry.npmjs.org/@esbuild%2fdarwin-x64 25ms (cache revalidated)
npm http fetch GET 200 https://registry.npmjs.org/@esbuild%2fsunos-x64 34ms (cache revalidated)
npm http fetch GET 200 https://registry.npmjs.org/@esbuild%2flinux-ia32 28ms (cache revalidated)
npm http fetch GET 200 https://registry.npmjs.org/@esbuild%2fnetbsd-x64 40ms (cache revalidated)
npm http fetch GET 200 https://registry.npmjs.org/@esbuild%2fwin32-ia32 39ms (cache revalidated)
npm http fetch GET 200 https://registry.npmjs.org/@esbuild%2fandroid-arm 24ms (cache revalidated)
npm http fetch GET 200 https://registry.npmjs.org/@esbuild%2ffreebsd-x64 25ms (cache revalidated)
npm http fetch GET 200 https://registry.npmjs.org/@esbuild%2fandroid-x64 34ms (cache revalidated)
npm http fetch GET 200 https://registry.npmjs.org/@esbuild%2flinux-arm64 25ms (cache revalidated)
npm http fetch GET 200 https://registry.npmjs.org/@esbuild%2flinux-ppc64 32ms (cache revalidated)
npm http fetch GET 200 https://registry.npmjs.org/@esbuild%2flinux-s390x 32ms (cache revalidated)
npm http fetch GET 200 https://registry.npmjs.org/@esbuild%2fopenbsd-x64 38ms (cache revalidated)
npm http fetch GET 200 https://registry.npmjs.org/@esbuild%2fwin32-arm64 23ms (cache revalidated)
npm http fetch GET 200 https://registry.npmjs.org/@esbuild%2fdarwin-arm64 30ms (cache revalidated)
npm http fetch GET 200 https://registry.npmjs.org/@esbuild%2fnetbsd-arm64 27ms (cache revalidated)
npm http fetch GET 200 https://registry.npmjs.org/@esbuild%2fandroid-arm64 30ms (cache revalidated)
npm http fetch GET 200 https://registry.npmjs.org/@esbuild%2ffreebsd-arm64 22ms (cache revalidated)
npm http fetch GET 200 https://registry.npmjs.org/@esbuild%2flinux-loong64 24ms (cache revalidated)
npm http fetch GET 200 https://registry.npmjs.org/@esbuild%2flinux-riscv64 31ms (cache revalidated)
npm http fetch GET 200 https://registry.npmjs.org/@esbuild%2fopenbsd-arm64 26ms (cache revalidated)
npm http fetch GET 200 https://registry.npmjs.org/@esbuild%2flinux-mips64el 31ms (cache revalidated)
npm http fetch GET 200 https://registry.npmjs.org/nanoid 31ms (cache miss)
npm http fetch GET 200 https://registry.npmjs.org/@esbuild%2fopenharmony-arm64 41ms (cache revalidated)
npm http fetch GET 200 https://registry.npmjs.org/@rollup%2frollup-freebsd-x64 40ms (cache miss)
npm http fetch GET 200 https://registry.npmjs.org/@rollup%2frollup-darwin-x64 64ms (cache miss)
npm http fetch GET 200 https://registry.npmjs.org/@rollup%2frollup-openbsd-x64 38ms (cache miss)
npm http fetch GET 200 https://registry.npmjs.org/@napi-rs%2flzma-linux-x64-gnu 28ms (cache miss)
npm http fetch GET 200 https://registry.npmjs.org/@rollup%2frollup-darwin-arm64 31ms (cache miss)
npm http fetch GET 200 https://registry.npmjs.org/@rollup%2frollup-android-arm64 40ms (cache miss)
npm http fetch GET 200 https://registry.npmjs.org/@rollup%2frollup-freebsd-arm64 35ms (cache miss)
npm http fetch GET 200 https://registry.npmjs.org/@rollup%2frollup-linux-x64-gnu 41ms (cache miss)
npm http fetch GET 200 https://registry.npmjs.org/@rollup%2frollup-win32-x64-gnu 35ms (cache miss)
npm http fetch GET 200 https://registry.npmjs.org/@rollup%2frollup-linux-x64-musl 38ms (cache miss)
npm http fetch GET 200 https://registry.npmjs.org/@rollup%2frollup-win32-x64-msvc 43ms (cache miss)
npm http fetch GET 200 https://registry.npmjs.org/@rollup%2frollup-linux-arm64-gnu 43ms (cache miss)
npm http fetch GET 200 https://registry.npmjs.org/@rollup%2frollup-linux-ppc64-gnu 29ms (cache miss)
npm http fetch GET 200 https://registry.npmjs.org/@rollup%2frollup-linux-s390x-gnu 30ms (cache miss)
npm http fetch GET 200 https://registry.npmjs.org/@rollup%2frollup-android-arm-eabi 35ms (cache miss)
npm http fetch GET 200 https://registry.npmjs.org/@rollup%2frollup-win32-ia32-msvc 47ms (cache miss)
npm http fetch GET 200 https://registry.npmjs.org/@rollup%2frollup-linux-arm64-musl 31ms (cache miss)
npm http fetch GET 200 https://registry.npmjs.org/@rollup%2frollup-linux-ppc64-musl 32ms (cache miss)
npm http fetch GET 200 https://registry.npmjs.org/@rollup%2frollup-win32-arm64-msvc 43ms (cache miss)
npm http fetch GET 200 https://registry.npmjs.org/@rollup%2frollup-linux-loong64-gnu 34ms (cache miss)
npm http fetch GET 200 https://registry.npmjs.org/@rollup%2frollup-linux-loong64-musl 34ms (cache miss)
npm http fetch GET 200 https://registry.npmjs.org/@rollup%2frollup-openharmony-arm64 39ms (cache miss)
npm http fetch GET 200 https://registry.npmjs.org/@rollup%2frollup-linux-riscv64-gnu 56ms (cache miss)
npm http fetch GET 200 https://registry.npmjs.org/@rollup%2frollup-linux-riscv64-musl 35ms (cache miss)
npm http fetch GET 200 https://registry.npmjs.org/@rollup%2frollup-linux-arm-musleabihf 38ms (cache miss)
npm http fetch GET 200 https://registry.npmjs.org/@rollup%2frollup-linux-arm-gnueabihf 43ms (cache miss)
npm http fetch GET 200 https://registry.npmjs.org/ansi-regex 22ms (cache revalidated)
npm http fetch GET 200 https://registry.npmjs.org/ansi-styles/-/ansi-styles-6.2.3.tgz 176ms (cache miss)
npm http fetch GET 200 https://registry.npmjs.org/is-fullwidth-code-point/-/is-fullwidth-code-point-3.0.0.tgz 178ms (cache miss)
npm http fetch GET 200 https://registry.npmjs.org/nanoid/-/nanoid-3.3.19.tgz 177ms (cache miss)
npm http fetch GET 200 https://registry.npmjs.org/normalize-path/-/normalize-path-3.0.0.tgz 198ms (cache miss)
npm http fetch GET 200 https://registry.npmjs.org/ufo/-/ufo-1.6.4.tgz 228ms (cache miss)
npm http fetch GET 200 https://registry.npmjs.org/destr/-/destr-2.0.5.tgz 308ms (cache miss)
npm http fetch GET 200 https://registry.npmjs.org/uncrypto/-/uncrypto-0.1.3.tgz 319ms (cache miss)
npm http fetch GET 200 https://registry.npmjs.org/radix3/-/radix3-1.1.2.tgz 345ms (cache miss)
npm http fetch GET 200 https://registry.npmjs.org/array-iterate/-/array-iterate-2.0.1.tgz 343ms (cache miss)
npm http fetch GET 200 https://registry.npmjs.org/cookie-es/-/cookie-es-1.2.3.tgz 368ms (cache miss)
npm http fetch GET 200 https://registry.npmjs.org/readdirp/-/readdirp-5.1.1.tgz 368ms (cache miss)
npm http fetch GET 200 https://registry.npmjs.org/anymatch/-/anymatch-3.1.3.tgz 375ms (cache miss)
npm http fetch GET 200 https://registry.npmjs.org/defu/-/defu-6.1.7.tgz 383ms (cache miss)
npm http fetch GET 200 https://registry.npmjs.org/yoctocolors/-/yoctocolors-2.2.0.tgz 386ms (cache miss)
npm http fetch GET 200 https://registry.npmjs.org/bail/-/bail-2.0.2.tgz 381ms (cache miss)
npm http fetch GET 200 https://registry.npmjs.org/is-plain-obj/-/is-plain-obj-4.1.0.tgz 382ms (cache miss)
npm http fetch GET 200 https://registry.npmjs.org/nth-check/-/nth-check-2.1.1.tgz 381ms (cache miss)
npm http fetch GET 200 https://registry.npmjs.org/domelementtype/-/domelementtype-2.3.0.tgz 382ms (cache miss)
npm http fetch GET 200 https://registry.npmjs.org/chokidar/-/chokidar-5.0.0.tgz 423ms (cache miss)
npm http fetch GET 200 https://registry.npmjs.org/picocolors/-/picocolors-1.1.1.tgz 421ms (cache miss)
npm http fetch GET 200 https://registry.npmjs.org/strip-ansi/-/strip-ansi-7.2.0.tgz 420ms (cache miss)
npm http fetch GET 200 https://registry.npmjs.org/character-entities-html4/-/character-entities-html4-2.1.0.tgz 431ms (cache miss)
npm http fetch GET 200 https://registry.npmjs.org/character-entities-legacy/-/character-entities-legacy-3.0.0.tgz 432ms (cache miss)
npm http fetch GET 200 https://registry.npmjs.org/trough/-/trough-2.2.0.tgz 444ms (cache miss)
npm http fetch GET 200 https://registry.npmjs.org/boolbase/-/boolbase-1.0.0.tgz 443ms (cache miss)
npm http fetch GET 200 https://registry.npmjs.org/ansi-regex/-/ansi-regex-6.4.0.tgz 442ms (cache miss)
npm http fetch GET 200 https://registry.npmjs.org/regex-recursion/-/regex-recursion-6.0.2.tgz 466ms (cache miss)
npm http fetch GET 200 https://registry.npmjs.org/iron-webcrypto/-/iron-webcrypto-1.2.1.tgz 483ms (cache miss)
npm http fetch GET 200 https://registry.npmjs.org/emoji-regex/-/emoji-regex-10.6.0.tgz 477ms (cache miss)
npm http fetch GET 200 https://registry.npmjs.org/get-east-asian-width/-/get-east-asian-width-1.7.0.tgz 477ms (cache miss)
npm http fetch GET 200 https://registry.npmjs.org/regex-utilities/-/regex-utilities-2.3.0.tgz 488ms (cache miss)
npm http fetch GET 200 https://registry.npmjs.org/extend/-/extend-3.0.2.tgz 515ms (cache miss)
npm http fetch GET 200 https://registry.npmjs.org/fdir/-/fdir-6.5.0.tgz 526ms (cache miss)
npm http fetch GET 200 https://registry.npmjs.org/@shikijs/types/-/types-3.23.0.tgz 524ms (cache miss)
npm http fetch GET 200 https://registry.npmjs.org/unist-util-visit-children/-/unist-util-visit-children-3.0.0.tgz 523ms (cache miss)
npm http fetch GET 200 https://registry.npmjs.org/ofetch/-/ofetch-1.5.1.tgz 540ms (cache miss)
npm http fetch GET 200 https://registry.npmjs.org/@shikijs/vscode-textmate/-/vscode-textmate-10.0.2.tgz 554ms (cache miss)
npm http fetch GET 200 https://registry.npmjs.org/retext-stringify/-/retext-stringify-4.0.0.tgz 553ms (cache miss)
npm http fetch GET 200 https://registry.npmjs.org/@img/colour/-/colour-1.1.0.tgz 568ms (cache miss)
npm http fetch GET 200 https://registry.npmjs.org/micromark-extension-gfm-task-list-item/-/micromark-extension-gfm-task-list-item-2.1.0.tgz 567ms (cache miss)
npm http fetch GET 200 https://registry.npmjs.org/sax/-/sax-1.6.1.tgz 583ms (cache miss)
npm http fetch GET 200 https://registry.npmjs.org/unist-util-modify-children/-/unist-util-modify-children-4.0.0.tgz 579ms (cache miss)
npm http fetch GET 200 https://registry.npmjs.org/nlcst-to-string/-/nlcst-to-string-4.0.0.tgz 580ms (cache miss)
npm http fetch GET 200 https://registry.npmjs.org/retext-smartypants/-/retext-smartypants-6.2.0.tgz 579ms (cache miss)
npm http fetch GET 200 https://registry.npmjs.org/retext-latin/-/retext-latin-4.0.0.tgz 592ms (cache miss)
npm http fetch GET 200 https://registry.npmjs.org/@types/nlcst/-/nlcst-2.0.3.tgz 603ms (cache miss)
npm http fetch GET 200 https://registry.npmjs.org/micromark-extension-gfm-tagfilter/-/micromark-extension-gfm-tagfilter-2.0.0.tgz 603ms (cache miss)
npm http fetch GET 200 https://registry.npmjs.org/micromark-extension-gfm-strikethrough/-/micromark-extension-gfm-strikethrough-2.1.0.tgz 603ms (cache miss)
npm http fetch GET 200 https://registry.npmjs.org/retext/-/retext-9.0.0.tgz 604ms (cache miss)
npm http fetch GET 200 https://registry.npmjs.org/micromark-factory-title/-/micromark-factory-title-2.0.1.tgz 603ms (cache miss)
npm http fetch GET 200 https://registry.npmjs.org/micromark-factory-whitespace/-/micromark-factory-whitespace-2.0.1.tgz 616ms (cache miss)
npm http fetch GET 200 https://registry.npmjs.org/micromark-factory-label/-/micromark-factory-label-2.0.1.tgz 625ms (cache miss)
npm http fetch GET 200 https://registry.npmjs.org/@types/ms/-/ms-2.1.0.tgz 625ms (cache miss)
npm http fetch GET 200 https://registry.npmjs.org/micromark-util-combine-extensions/-/micromark-util-combine-extensions-2.0.1.tgz 637ms (cache miss)
npm http fetch GET 200 https://registry.npmjs.org/micromark-util-classify-character/-/micromark-util-classify-character-2.0.1.tgz 636ms (cache miss)
npm http fetch GET 200 https://registry.npmjs.org/micromark-util-html-tag-name/-/micromark-util-html-tag-name-2.0.1.tgz 636ms (cache miss)
npm http fetch GET 200 https://registry.npmjs.org/micromark-factory-destination/-/micromark-factory-destination-2.0.1.tgz 648ms (cache miss)
npm http fetch GET 200 https://registry.npmjs.org/micromark-util-resolve-all/-/micromark-util-resolve-all-2.0.1.tgz 648ms (cache miss)
npm http fetch GET 200 https://registry.npmjs.org/micromark-factory-space/-/micromark-factory-space-2.1.0.tgz 648ms (cache miss)
npm http fetch GET 200 https://registry.npmjs.org/@shikijs/engine-javascript/-/engine-javascript-3.23.0.tgz 663ms (cache miss)
npm http fetch GET 200 https://registry.npmjs.org/micromark-util-edit-map/-/micromark-util-edit-map-1.0.0.tgz 659ms (cache miss)
npm http fetch GET 200 https://registry.npmjs.org/@types/debug/-/debug-4.1.13.tgz 660ms (cache miss)
npm http fetch GET 200 https://registry.npmjs.org/mdast-util-phrasing/-/mdast-util-phrasing-4.1.0.tgz 659ms (cache miss)
npm http fetch GET 200 https://registry.npmjs.org/micromark-util-chunked/-/micromark-util-chunked-2.0.1.tgz 660ms (cache miss)
npm http fetch GET 200 https://registry.npmjs.org/unist-util-is/-/unist-util-is-6.0.1.tgz 659ms (cache miss)
npm http fetch GET 200 https://registry.npmjs.org/mdast-util-find-and-replace/-/mdast-util-find-and-replace-3.0.2.tgz 659ms (cache miss)
npm http fetch GET 200 https://registry.npmjs.org/longest-streak/-/longest-streak-3.1.0.tgz 672ms (cache miss)
npm http fetch GET 200 https://registry.npmjs.org/h3/-/h3-1.15.11.tgz 694ms (cache miss)
npm http fetch GET 200 https://registry.npmjs.org/markdown-table/-/markdown-table-3.0.4.tgz 683ms (cache miss)
npm http fetch GET 200 https://registry.npmjs.org/micromark-util-decode-string/-/micromark-util-decode-string-2.0.1.tgz 682ms (cache miss)
npm http fetch GET 200 https://registry.npmjs.org/decode-named-character-reference/-/decode-named-character-reference-1.3.0.tgz 681ms (cache miss)
npm http fetch GET 200 https://registry.npmjs.org/escape-string-regexp/-/escape-string-regexp-5.0.0.tgz 683ms (cache miss)
npm http fetch GET 200 https://registry.npmjs.org/micromark-util-decode-numeric-character-reference/-/micromark-util-decode-numeric-character-reference-2.0.2.tgz 693ms (cache miss)
npm http fetch GET 200 https://registry.npmjs.org/mdast-util-gfm-task-list-item/-/mdast-util-gfm-task-list-item-2.0.0.tgz 692ms (cache miss)
npm http fetch GET 200 https://registry.npmjs.org/mdast-util-gfm-strikethrough/-/mdast-util-gfm-strikethrough-2.0.1.tgz 693ms (cache miss)
npm http fetch GET 200 https://registry.npmjs.org/character-entities/-/character-entities-2.0.2.tgz 707ms (cache miss)
npm http fetch GET 200 https://registry.npmjs.org/unist-util-stringify-position/-/unist-util-stringify-position-4.0.0.tgz 707ms (cache miss)
npm http fetch GET 200 https://registry.npmjs.org/mdast-util-to-string/-/mdast-util-to-string-4.0.0.tgz 706ms (cache miss)
npm http fetch GET 200 https://registry.npmjs.org/micromark-util-normalize-identifier/-/micromark-util-normalize-identifier-2.0.1.tgz 707ms (cache miss)
npm http fetch GET 200 https://registry.npmjs.org/mdast-util-gfm-autolink-literal/-/mdast-util-gfm-autolink-literal-2.0.1.tgz 706ms (cache miss)
npm http fetch GET 200 https://registry.npmjs.org/mdast-util-gfm-footnote/-/mdast-util-gfm-footnote-2.1.0.tgz 706ms (cache miss)
npm http fetch GET 200 https://registry.npmjs.org/micromark-extension-gfm/-/micromark-extension-gfm-3.0.0.tgz 705ms (cache miss)
npm http fetch GET 200 https://registry.npmjs.org/remark-stringify/-/remark-stringify-11.0.0.tgz 717ms (cache miss)
npm http fetch GET 200 https://registry.npmjs.org/mdast-util-gfm/-/mdast-util-gfm-3.1.0.tgz 717ms (cache miss)
npm http fetch GET 200 https://registry.npmjs.org/ccount/-/ccount-2.0.1.tgz 717ms (cache miss)
npm http fetch GET 200 https://registry.npmjs.org/stringify-entities/-/stringify-entities-4.0.4.tgz 718ms (cache miss)
npm http fetch GET 200 https://registry.npmjs.org/detect-libc/-/detect-libc-2.1.2.tgz 739ms (cache miss)
npm http fetch GET 200 https://registry.npmjs.org/mdast-util-gfm-table/-/mdast-util-gfm-table-2.0.0.tgz 731ms (cache miss)
npm http fetch GET 200 https://registry.npmjs.org/micromark-util-symbol/-/micromark-util-symbol-2.0.1.tgz 730ms (cache miss)
npm http fetch GET 200 https://registry.npmjs.org/micromark-util-character/-/micromark-util-character-2.1.1.tgz 730ms (cache miss)
npm http fetch GET 200 https://registry.npmjs.org/zwitch/-/zwitch-2.0.4.tgz 742ms (cache miss)
npm http fetch GET 200 https://registry.npmjs.org/trim-lines/-/trim-lines-3.0.1.tgz 743ms (cache miss)
npm http fetch GET 200 https://registry.npmjs.org/@shikijs/core/-/core-3.23.0.tgz 770ms (cache miss)
npm http fetch GET 200 https://registry.npmjs.org/hast-util-whitespace/-/hast-util-whitespace-3.0.0.tgz 761ms (cache miss)
npm http fetch GET 200 https://registry.npmjs.org/micromark-util-sanitize-uri/-/micromark-util-sanitize-uri-2.0.1.tgz 759ms (cache miss)
npm http fetch GET 200 https://registry.npmjs.org/unist-util-position/-/unist-util-position-5.0.0.tgz 760ms (cache miss)
npm http fetch GET 200 https://registry.npmjs.org/html-void-elements/-/html-void-elements-3.0.0.tgz 760ms (cache miss)
npm http fetch GET 200 https://registry.npmjs.org/micromark-util-encode/-/micromark-util-encode-2.0.1.tgz 781ms (cache miss)
npm http fetch GET 200 https://registry.npmjs.org/hast-util-raw/-/hast-util-raw-9.1.0.tgz 780ms (cache miss)
npm http fetch GET 200 https://registry.npmjs.org/micromark-util-types/-/micromark-util-types-2.0.3.tgz 792ms (cache miss)
npm http fetch GET 200 https://registry.npmjs.org/kleur/-/kleur-3.0.3.tgz 791ms (cache miss)
npm http fetch GET 200 https://registry.npmjs.org/yocto-queue/-/yocto-queue-1.2.2.tgz 790ms (cache miss)
npm http fetch GET 200 https://registry.npmjs.org/rehype-parse/-/rehype-parse-9.0.1.tgz 791ms (cache miss)
npm http fetch GET 200 https://registry.npmjs.org/dom-serializer/-/dom-serializer-2.0.0.tgz 818ms (cache miss)
npm http fetch GET 200 https://registry.npmjs.org/hast-util-to-parse5/-/hast-util-to-parse5-8.0.1.tgz 801ms (cache miss)
npm http fetch GET 200 https://registry.npmjs.org/sisteransi/-/sisteransi-1.0.5.tgz 802ms (cache miss)
npm http fetch GET 200 https://registry.npmjs.org/p-timeout/-/p-timeout-6.1.4.tgz 801ms (cache miss)
npm http fetch GET 200 https://registry.npmjs.org/eventemitter3/-/eventemitter3-5.0.4.tgz 802ms (cache miss)
npm http fetch GET 200 https://registry.npmjs.org/@img/sharp-linux-arm64/-/sharp-linux-arm64-0.34.5.tgz 826ms (cache miss)
npm http fetch GET 200 https://registry.npmjs.org/@babel/helper-string-parser/-/helper-string-parser-7.29.7.tgz 813ms (cache miss)
npm http fetch GET 200 https://registry.npmjs.org/is-inside-container/-/is-inside-container-1.0.0.tgz 812ms (cache miss)
npm http fetch GET 200 https://registry.npmjs.org/space-separated-tokens/-/space-separated-tokens-2.0.2.tgz 813ms (cache miss)
npm http fetch GET 200 https://registry.npmjs.org/@babel/helper-validator-identifier/-/helper-validator-identifier-7.29.7.tgz 827ms (cache miss)
npm http fetch GET 200 https://registry.npmjs.org/hast-util-is-element/-/hast-util-is-element-3.0.0.tgz 826ms (cache miss)
npm http fetch GET 200 https://registry.npmjs.org/@types/mdast/-/mdast-4.0.4.tgz 840ms (cache miss)
npm http fetch GET 200 https://registry.npmjs.org/hast-util-parse-selector/-/hast-util-parse-selector-4.0.0.tgz 839ms (cache miss)
npm http fetch GET 200 https://registry.npmjs.org/comma-separated-tokens/-/comma-separated-tokens-2.0.3.tgz 839ms (cache miss)
npm http fetch GET 200 https://registry.npmjs.org/hastscript/-/hastscript-9.0.1.tgz 838ms (cache miss)
npm http fetch GET 200 https://registry.npmjs.org/unist-util-find-after/-/unist-util-find-after-5.0.0.tgz 840ms (cache miss)
npm http fetch GET 200 https://registry.npmjs.org/argparse/-/argparse-2.0.1.tgz 851ms (cache miss)
npm http fetch GET 200 https://registry.npmjs.org/web-namespaces/-/web-namespaces-2.0.1.tgz 850ms (cache miss)
npm http fetch GET 200 https://registry.npmjs.org/vfile-message/-/vfile-message-4.0.3.tgz 850ms (cache miss)
npm http fetch GET 200 https://registry.npmjs.org/vfile-location/-/vfile-location-5.0.3.tgz 851ms (cache miss)
npm http fetch GET 200 https://registry.npmjs.org/hast-util-from-parse5/-/hast-util-from-parse5-8.0.3.tgz 850ms (cache miss)
npm http fetch GET 200 https://registry.npmjs.org/@types/unist/-/unist-3.0.3.tgz 850ms (cache miss)
npm http fetch GET 200 https://registry.npmjs.org/@types/hast/-/hast-3.0.5.tgz 863ms (cache miss)
npm http fetch GET 200 https://registry.npmjs.org/dequal/-/dequal-2.0.3.tgz 864ms (cache miss)
npm http fetch GET 200 https://registry.npmjs.org/ohash/-/ohash-2.0.12.tgz 897ms (cache miss)
npm http fetch GET 200 https://registry.npmjs.org/tiny-inflate/-/tiny-inflate-1.0.3.tgz 875ms (cache miss)
npm http fetch GET 200 https://registry.npmjs.org/ms/-/ms-2.1.3.tgz 875ms (cache miss)
npm http fetch GET 200 https://registry.npmjs.org/base-64/-/base-64-1.0.0.tgz 875ms (cache miss)
npm http fetch GET 200 https://registry.npmjs.org/devlop/-/devlop-1.1.0.tgz 884ms (cache miss)
npm http fetch GET 200 https://registry.npmjs.org/wrap-ansi/-/wrap-ansi-9.0.2.tgz 883ms (cache miss)
npm http fetch GET 200 https://registry.npmjs.org/camelcase/-/camelcase-8.0.0.tgz 883ms (cache miss)
npm http fetch GET 200 https://registry.npmjs.org/string-width/-/string-width-7.2.0.tgz 883ms (cache miss)
npm http fetch GET 200 https://registry.npmjs.org/cli-boxes/-/cli-boxes-3.0.0.tgz 883ms (cache miss)
npm http fetch GET 200 https://registry.npmjs.org/ansi-align/-/ansi-align-3.0.1.tgz 884ms (cache miss)
npm http fetch GET 200 https://registry.npmjs.org/commander/-/commander-11.1.0.tgz 922ms (cache miss)
npm http fetch GET 200 https://registry.npmjs.org/widest-line/-/widest-line-5.0.0.tgz 900ms (cache miss)
npm http fetch GET 200 https://registry.npmjs.org/is-wsl/-/is-wsl-3.1.1.tgz 900ms (cache miss)
npm http fetch GET 200 https://registry.npmjs.org/which-pm-runs/-/which-pm-runs-1.1.0.tgz 900ms (cache miss)
npm http fetch GET 200 https://registry.npmjs.org/micromark-util-subtokenize/-/micromark-util-subtokenize-2.1.0.tgz 927ms (cache miss)
npm http fetch GET 200 https://registry.npmjs.org/is-docker/-/is-docker-3.0.0.tgz 912ms (cache miss)
npm http fetch GET 200 https://registry.npmjs.org/unist-util-visit-parents/-/unist-util-visit-parents-6.0.2.tgz 912ms (cache miss)
npm http fetch GET 200 https://registry.npmjs.org/unist-util-remove-position/-/unist-util-remove-position-5.0.0.tgz 920ms (cache miss)
npm http fetch GET 200 https://registry.npmjs.org/micromark-extension-gfm-autolink-literal/-/micromark-extension-gfm-autolink-literal-2.1.0.tgz 949ms (cache miss)
npm http fetch GET 200 https://registry.npmjs.org/remark-rehype/-/remark-rehype-11.1.2.tgz 932ms (cache miss)
npm http fetch GET 200 https://registry.npmjs.org/remark-parse/-/remark-parse-11.0.0.tgz 933ms (cache miss)
npm http fetch GET 200 https://registry.npmjs.org/rehype-raw/-/rehype-raw-7.0.0.tgz 932ms (cache miss)
npm http fetch GET 200 https://registry.npmjs.org/mdast-util-definitions/-/mdast-util-definitions-6.0.0.tgz 932ms (cache miss)
npm http fetch GET 200 https://registry.npmjs.org/@types/estree/-/estree-1.0.9.tgz 944ms (cache miss)
npm http fetch GET 200 https://registry.npmjs.org/remark-smartypants/-/remark-smartypants-3.0.3.tgz 944ms (cache miss)
npm http fetch GET 200 https://registry.npmjs.org/rehype-stringify/-/rehype-stringify-10.0.1.tgz 943ms (cache miss)
npm http fetch GET 200 https://registry.npmjs.org/hast-util-from-html/-/hast-util-from-html-2.0.3.tgz 943ms (cache miss)
npm http fetch GET 200 https://registry.npmjs.org/remark-gfm/-/remark-gfm-4.0.1.tgz 956ms (cache miss)
npm http fetch GET 200 https://registry.npmjs.org/hast-util-to-text/-/hast-util-to-text-4.0.2.tgz 955ms (cache miss)
npm http fetch GET 200 https://registry.npmjs.org/yocto-spinner/-/yocto-spinner-0.2.3.tgz 955ms (cache miss)
npm http fetch GET 200 https://registry.npmjs.org/zod-to-ts/-/zod-to-ts-1.2.0.tgz 963ms (cache miss)
npm http fetch GET 200 https://registry.npmjs.org/unist-util-visit/-/unist-util-visit-5.1.0.tgz 971ms (cache miss)
npm http fetch GET 200 https://registry.npmjs.org/vitefu/-/vitefu-1.1.3.tgz 979ms (cache miss)
npm http fetch GET 200 https://registry.npmjs.org/unifont/-/unifont-0.7.5.tgz 979ms (cache miss)
npm http fetch GET 200 https://registry.npmjs.org/@astrojs/prism/-/prism-3.3.0.tgz 988ms (cache miss)
npm http fetch GET 200 https://registry.npmjs.org/tinyglobby/-/tinyglobby-0.2.17.tgz 986ms (cache miss)
npm http fetch GET 200 https://registry.npmjs.org/micromark-extension-gfm-footnote/-/micromark-extension-gfm-footnote-2.1.0.tgz 1015ms (cache miss)
npm http fetch GET 200 https://registry.npmjs.org/@ungap/structured-clone/-/structured-clone-1.4.0.tgz 1006ms (cache miss)
npm http fetch GET 200 https://registry.npmjs.org/rehype/-/rehype-13.0.2.tgz 994ms (cache miss)
npm http fetch GET 200 https://registry.npmjs.org/p-limit/-/p-limit-6.2.0.tgz 1008ms (cache miss)
npm http fetch GET 200 https://registry.npmjs.org/package-manager-detector/-/package-manager-detector-1.8.0.tgz 1009ms (cache miss)
npm http fetch GET 200 https://registry.npmjs.org/piccolore/-/piccolore-0.1.3.tgz 1026ms (cache miss)
npm http fetch GET 200 https://registry.npmjs.org/mrmime/-/mrmime-2.0.1.tgz 1027ms (cache miss)
npm http fetch GET 200 https://registry.npmjs.org/tinyexec/-/tinyexec-1.3.1.tgz 1034ms (cache miss)
npm http fetch GET 200 https://registry.npmjs.org/github-slugger/-/github-slugger-2.0.0.tgz 1032ms (cache miss)
npm http fetch GET 200 https://registry.npmjs.org/flattie/-/flattie-1.1.1.tgz 1031ms (cache miss)
npm http fetch GET 200 https://registry.npmjs.org/fontace/-/fontace-0.4.1.tgz 1038ms (cache miss)
npm http fetch GET 200 https://registry.npmjs.org/estree-walker/-/estree-walker-3.0.3.tgz 1038ms (cache miss)
npm http fetch GET 200 https://registry.npmjs.org/dlv/-/dlv-1.1.3.tgz 1037ms (cache miss)
npm http fetch GET 200 https://registry.npmjs.org/domhandler/-/domhandler-5.0.3.tgz 1075ms (cache miss)
npm http fetch GET 200 https://registry.npmjs.org/picomatch/-/picomatch-4.0.7.tgz 1047ms (cache miss)
npm http fetch GET 200 https://registry.npmjs.org/http-cache-semantics/-/http-cache-semantics-4.2.0.tgz 1045ms (cache miss)
npm http fetch GET 200 https://registry.npmjs.org/deterministic-object-hash/-/deterministic-object-hash-2.0.2.tgz 1045ms (cache miss)
npm http fetch GET 200 https://registry.npmjs.org/cookie/-/cookie-1.1.1.tgz 1044ms (cache miss)
npm http fetch GET 200 https://registry.npmjs.org/fontkitten/-/fontkitten-1.0.3.tgz 1059ms (cache miss)
npm http fetch GET 200 https://registry.npmjs.org/cssesc/-/cssesc-3.0.0.tgz 1051ms (cache miss)
npm http fetch GET 200 https://registry.npmjs.org/esbuild/-/esbuild-0.27.7.tgz 1058ms (cache miss)
npm http fetch GET 200 https://registry.npmjs.org/dset/-/dset-3.1.4.tgz 1058ms (cache miss)
npm http fetch GET 200 https://registry.npmjs.org/debug/-/debug-4.4.3.tgz 1058ms (cache miss)
npm http fetch GET 200 https://registry.npmjs.org/clsx/-/clsx-2.1.1.tgz 1057ms (cache miss)
npm http fetch GET 200 https://registry.npmjs.org/common-ancestor-path/-/common-ancestor-path-1.0.1.tgz 1057ms (cache miss)
npm http fetch GET 200 https://registry.npmjs.org/unified/-/unified-11.0.5.tgz 1071ms (cache miss)
npm http fetch GET 200 https://registry.npmjs.org/boxen/-/boxen-8.0.1.tgz 1063ms (cache miss)
npm http fetch GET 200 https://registry.npmjs.org/es-module-lexer/-/es-module-lexer-1.7.0.tgz 1069ms (cache miss)
npm http fetch GET 200 https://registry.npmjs.org/ci-info/-/ci-info-4.4.0.tgz 1068ms (cache miss)
npm http fetch GET 200 https://registry.npmjs.org/@oslojs/encoding/-/encoding-1.1.0.tgz 1072ms (cache miss)
npm http fetch GET 200 https://registry.npmjs.org/@capsizecss/unpack/-/unpack-4.0.1.tgz 1073ms (cache miss)
npm http fetch GET 200 https://registry.npmjs.org/@astrojs/internal-helpers/-/internal-helpers-0.7.6.tgz 1072ms (cache miss)
npm http fetch GET 200 https://registry.npmjs.org/@shikijs/engine-oniguruma/-/engine-oniguruma-3.23.0.tgz 1108ms (cache miss)
npm http fetch GET 200 https://registry.npmjs.org/mdast-util-from-markdown/-/mdast-util-from-markdown-2.0.3.tgz 1099ms (cache miss)
npm http fetch GET 200 https://registry.npmjs.org/ansi-regex/-/ansi-regex-5.0.1.tgz 1077ms (cache miss)
npm http fetch GET 200 https://registry.npmjs.org/strip-ansi/-/strip-ansi-6.0.1.tgz 1077ms (cache miss)
npm http fetch GET 200 https://registry.npmjs.org/@rollup/pluginutils/-/pluginutils-5.4.0.tgz 1083ms (cache miss)
npm http fetch GET 200 https://registry.npmjs.org/@astrojs/markdown-remark/-/markdown-remark-6.3.11.tgz 1084ms (cache miss)
npm http fetch GET 200 https://registry.npmjs.org/string-width/-/string-width-4.2.3.tgz 1082ms (cache miss)
npm http fetch GET 200 https://registry.npmjs.org/emoji-regex/-/emoji-regex-8.0.0.tgz 1087ms (cache miss)
npm http fetch GET 200 https://registry.npmjs.org/estree-walker/-/estree-walker-2.0.2.tgz 1086ms (cache miss)
npm http fetch GET 200 https://registry.npmjs.org/html-escaper/-/html-escaper-3.0.3.tgz 1090ms (cache miss)
npm http fetch GET 200 https://registry.npmjs.org/esbuild/-/esbuild-0.25.12.tgz 1096ms (cache miss)
npm http fetch GET 200 https://registry.npmjs.org/@astrojs/telemetry/-/telemetry-3.3.0.tgz 1098ms (cache miss)
npm http fetch GET 200 https://registry.npmjs.org/xxhash-wasm/-/xxhash-wasm-1.1.0.tgz 1109ms (cache miss)
npm http fetch GET 200 https://registry.npmjs.org/picomatch/-/picomatch-2.3.2.tgz 1102ms (cache miss)
npm http fetch GET 200 https://registry.npmjs.org/yargs-parser/-/yargs-parser-21.1.1.tgz 1118ms (cache miss)
npm http fetch GET 200 https://registry.npmjs.org/p-queue/-/p-queue-8.1.1.tgz 1119ms (cache miss)
npm http fetch GET 200 https://registry.npmjs.org/tsconfck/-/tsconfck-3.1.6.tgz 1131ms (cache miss)
npm http fetch GET 200 https://registry.npmjs.org/source-map-js/-/source-map-js-1.2.2.tgz 1146ms (cache miss)
npm http fetch GET 200 https://registry.npmjs.org/chalk/-/chalk-5.6.2.tgz 1142ms (cache miss)
npm warn deprecated tsconfck@3.1.6: unmaintained
npm http fetch GET 200 https://registry.npmjs.org/magicast/-/magicast-0.5.5.tgz 1162ms (cache miss)
npm http fetch GET 200 https://registry.npmjs.org/devalue/-/devalue-5.9.4.tgz 1173ms (cache miss)
npm http fetch GET 200 https://registry.npmjs.org/node-fetch-native/-/node-fetch-native-1.6.7.tgz 1225ms (cache miss)
npm http fetch GET 200 https://registry.npmjs.org/import-meta-resolve/-/import-meta-resolve-4.2.0.tgz 1191ms (cache miss)
npm http fetch GET 200 https://registry.npmjs.org/smol-toml/-/smol-toml-1.9.0.tgz 1196ms (cache miss)
npm http fetch GET 200 https://registry.npmjs.org/magic-string/-/magic-string-0.30.21.tgz 1197ms (cache miss)
npm http fetch GET 200 https://registry.npmjs.org/neotraverse/-/neotraverse-0.6.18.tgz 1203ms (cache miss)
npm http fetch GET 200 https://registry.npmjs.org/acorn/-/acorn-8.18.0.tgz 1208ms (cache miss)
npm http fetch GET 200 https://registry.npmjs.org/micromark-extension-gfm-table/-/micromark-extension-gfm-table-2.1.2.tgz 1259ms (cache miss)
npm http fetch GET 200 https://registry.npmjs.org/@jridgewell/sourcemap-codec/-/sourcemap-codec-1.6.0.tgz 1258ms (cache miss)
npm http fetch GET 200 https://registry.npmjs.org/vfile/-/vfile-6.0.3.tgz 1260ms (cache miss)
npm http fetch GET 200 https://registry.npmjs.org/ultrahtml/-/ultrahtml-1.7.0.tgz 1266ms (cache miss)
npm http fetch GET 200 https://registry.npmjs.org/mdn-data/-/mdn-data-2.27.1.tgz 1302ms (cache miss)
npm http fetch GET 200 https://registry.npmjs.org/node-mock-http/-/node-mock-http-1.0.5.tgz 1381ms (cache miss)
npm http fetch GET 200 https://registry.npmjs.org/mdn-data/-/mdn-data-2.0.28.tgz 1340ms (cache miss)
npm http fetch GET 200 https://registry.npmjs.org/oniguruma-to-es/-/oniguruma-to-es-4.3.6.tgz 1404ms (cache miss)
npm http fetch GET 200 https://registry.npmjs.org/@babel/parser/-/parser-7.29.9.tgz 1396ms (cache miss)
npm http fetch GET 200 https://registry.npmjs.org/postcss/-/postcss-8.5.28.tgz 1441ms (cache miss)
npm http fetch GET 200 https://registry.npmjs.org/@rollup/rollup-linux-arm64-gnu/-/rollup-linux-arm64-gnu-4.64.0.tgz 1443ms (cache miss)
npm http fetch GET 200 https://registry.npmjs.org/sharp/-/sharp-0.34.5.tgz 1407ms (cache miss)
npm http fetch GET 200 https://registry.npmjs.org/semver/-/semver-7.8.5.tgz 1415ms (cache miss)
npm http fetch GET 200 https://registry.npmjs.org/parse-latin/-/parse-latin-7.0.0.tgz 1450ms (cache miss)
npm http fetch GET 200 https://registry.npmjs.org/hast-util-to-html/-/hast-util-to-html-9.0.5.tgz 1457ms (cache miss)
npm http fetch GET 200 https://registry.npmjs.org/css-what/-/css-what-7.0.0.tgz 1476ms (cache miss)
npm http fetch GET 200 https://registry.npmjs.org/crossws/-/crossws-0.3.5.tgz 1531ms (cache miss)
npm http fetch GET 200 https://registry.npmjs.org/property-information/-/property-information-7.2.0.tgz 1508ms (cache miss)
npm http fetch GET 200 https://registry.npmjs.org/regex/-/regex-6.1.0.tgz 1535ms (cache miss)
npm http fetch GET 200 https://registry.npmjs.org/js-yaml/-/js-yaml-4.3.2.tgz 1513ms (cache miss)
npm http fetch GET 200 https://registry.npmjs.org/domutils/-/domutils-3.2.2.tgz 1574ms (cache miss)
npm http fetch GET 200 https://registry.npmjs.org/micromark/-/micromark-4.0.3.tgz 1661ms (cache miss)
npm http fetch GET 200 https://registry.npmjs.org/rollup/-/rollup-4.64.0.tgz 1684ms (cache miss)
npm http fetch GET 200 https://registry.npmjs.org/vite/-/vite-6.4.3.tgz 1652ms (cache miss)
npm http fetch GET 200 https://registry.npmjs.org/prompts/-/prompts-2.4.2.tgz 1674ms (cache miss)
npm http fetch GET 200 https://registry.npmjs.org/entities/-/entities-4.5.0.tgz 1699ms (cache miss)
npm http fetch GET 200 https://registry.npmjs.org/mdast-util-to-hast/-/mdast-util-to-hast-13.2.1.tgz 1761ms (cache miss)
npm http fetch GET 200 https://registry.npmjs.org/parse5/-/parse5-7.3.0.tgz 1765ms (cache miss)
npm http fetch GET 200 https://registry.npmjs.org/csso/-/csso-5.0.5.tgz 1825ms (cache miss)
npm http fetch GET 200 https://registry.npmjs.org/entities/-/entities-6.0.1.tgz 1845ms (cache miss)
npm http fetch GET 200 https://registry.npmjs.org/@shikijs/themes/-/themes-3.23.0.tgz 1889ms (cache miss)
npm http fetch GET 200 https://registry.npmjs.org/@astrojs/compiler/-/compiler-2.13.1.tgz 1902ms (cache miss)
npm http fetch GET 200 https://registry.npmjs.org/type-fest/-/type-fest-4.41.0.tgz 1919ms (cache miss)
npm http fetch GET 200 https://registry.npmjs.org/micromark-core-commonmark/-/micromark-core-commonmark-2.0.4.tgz 1946ms (cache miss)
npm http fetch GET 200 https://registry.npmjs.org/unstorage/-/unstorage-1.17.5.tgz 2015ms (cache miss)
npm http fetch GET 200 https://registry.npmjs.org/diff/-/diff-8.0.4.tgz 2012ms (cache miss)
npm http fetch GET 200 https://registry.npmjs.org/css-select/-/css-select-6.0.0.tgz 2075ms (cache miss)
npm http fetch GET 200 https://registry.npmjs.org/mdast-util-to-markdown/-/mdast-util-to-markdown-2.1.3.tgz 2068ms (cache miss)
npm http fetch GET 200 https://registry.npmjs.org/oniguruma-parser/-/oniguruma-parser-0.12.2.tgz 2091ms (cache miss)
npm http fetch GET 200 https://registry.npmjs.org/@esbuild/linux-arm64/-/linux-arm64-0.27.7.tgz 2075ms (cache miss)
npm http fetch GET 200 https://registry.npmjs.org/@esbuild/linux-arm64/-/linux-arm64-0.25.12.tgz 2062ms (cache miss)
npm http fetch GET 200 https://registry.npmjs.org/svgo/-/svgo-4.1.0.tgz 2071ms (cache miss)
npm http fetch GET 200 https://registry.npmjs.org/zod-to-json-schema/-/zod-to-json-schema-3.25.2.tgz 2102ms (cache miss)
npm http fetch GET 200 https://registry.npmjs.org/lru-cache/-/lru-cache-11.5.3.tgz 2170ms (cache miss)
npm http fetch GET 200 https://registry.npmjs.org/axobject-query/-/axobject-query-4.1.0.tgz 2142ms (cache miss)
npm http fetch GET 200 https://registry.npmjs.org/@babel/types/-/types-7.29.8.tgz 2243ms (cache miss)
npm http fetch GET 200 https://registry.npmjs.org/@img/sharp-libvips-linux-arm64/-/sharp-libvips-linux-arm64-1.2.4.tgz 2307ms (cache miss)
npm http fetch GET 200 https://registry.npmjs.org/undici/-/undici-8.11.2.tgz 2319ms (cache miss)
npm http fetch GET 200 https://registry.npmjs.org/aria-query/-/aria-query-5.3.2.tgz 2313ms (cache miss)
npm http fetch GET 200 https://registry.npmjs.org/css-tree/-/css-tree-2.2.1.tgz 2353ms (cache miss)
npm http fetch GET 200 https://registry.npmjs.org/css-tree/-/css-tree-3.2.1.tgz 2436ms (cache miss)
npm http fetch GET 200 https://registry.npmjs.org/typescript/-/typescript-5.9.3.tgz 2465ms (cache miss)
npm http fetch GET 200 https://registry.npmjs.org/prismjs/-/prismjs-1.30.0.tgz 2532ms (cache miss)
npm http fetch GET 200 https://registry.npmjs.org/@shikijs/langs/-/langs-3.23.0.tgz 2585ms (cache miss)
npm http fetch GET 200 https://registry.npmjs.org/zod/-/zod-3.25.76.tgz 2649ms (cache miss)
npm http fetch GET 200 https://registry.npmjs.org/shiki/-/shiki-3.23.0.tgz 2670ms (cache miss)
npm http fetch GET 200 https://registry.npmjs.org/astro/-/astro-5.18.2.tgz 2807ms (cache miss)

added 279 packages in 10s
