npm http fetch GET 200 https://registry.vlt.io/vlt/npm/astro 93ms (cache miss)
npm http fetch GET 200 https://registry.vlt.io/vlt/npm/clsx 44ms (cache miss)
npm http fetch GET 200 https://registry.vlt.io/vlt/npm/dlv 54ms (cache miss)
npm http fetch GET 200 https://registry.vlt.io/vlt/npm/zod 55ms (cache miss)
npm http fetch GET 200 https://registry.vlt.io/vlt/npm/svgo 28ms (cache miss)
npm http fetch GET 200 https://registry.vlt.io/vlt/npm/dset 43ms (cache miss)
npm http fetch GET 200 https://registry.vlt.io/vlt/npm/diff 55ms (cache miss)
npm http fetch GET 200 https://registry.vlt.io/vlt/npm/acorn 31ms (cache miss)
npm http fetch GET 200 https://registry.vlt.io/vlt/npm/vite 42ms (cache miss)
npm http fetch GET 200 https://registry.vlt.io/vlt/npm/boxen 53ms (cache miss)
npm http fetch GET 200 https://registry.vlt.io/vlt/npm/debug 29ms (cache miss)
npm http fetch GET 200 https://registry.vlt.io/vlt/npm/cookie 27ms (cache miss)
npm http fetch GET 200 https://registry.vlt.io/vlt/npm/shiki 42ms (cache miss)
npm http fetch GET 200 https://registry.vlt.io/vlt/npm/vfile 41ms (cache miss)
npm http fetch GET 200 https://registry.vlt.io/vlt/npm/cssesc 29ms (cache miss)
npm http fetch GET 200 https://registry.vlt.io/vlt/npm/mrmime 27ms (cache miss)
npm http fetch GET 200 https://registry.vlt.io/vlt/npm/rehype 42ms (cache miss)
npm http fetch GET 200 https://registry.vlt.io/vlt/npm/semver 29ms (cache miss)
npm http fetch GET 200 https://registry.vlt.io/vlt/npm/vitefu 38ms (cache miss)
npm http fetch GET 200 https://registry.vlt.io/vlt/npm/ci-info 31ms (cache miss)
npm http fetch GET 200 https://registry.vlt.io/vlt/npm/devalue 42ms (cache miss)
npm http fetch GET 200 https://registry.vlt.io/vlt/npm/esbuild 36ms (cache miss)
npm http fetch GET 200 https://registry.vlt.io/vlt/npm/flattie 52ms (cache miss)
npm http fetch GET 200 https://registry.vlt.io/vlt/npm/js-yaml 29ms (cache miss)
npm http fetch GET 200 https://registry.vlt.io/vlt/npm/fontace 38ms (cache miss)
npm http fetch GET 200 https://registry.vlt.io/vlt/npm/prompts 28ms (cache miss)
npm http fetch GET 200 https://registry.vlt.io/vlt/npm/p-limit 39ms (cache miss)
npm http fetch GET 200 https://registry.vlt.io/vlt/npm/p-queue 57ms (cache miss)
npm http fetch GET 200 https://registry.vlt.io/vlt/npm/magicast 57ms (cache miss)
npm http fetch GET 200 https://registry.vlt.io/vlt/npm/unifont 60ms (cache miss)
npm http fetch GET 200 https://registry.vlt.io/vlt/npm/tinyexec 40ms (cache miss)
npm http fetch GET 200 https://registry.vlt.io/vlt/npm/picomatch 33ms (cache miss)
npm http fetch GET 200 https://registry.vlt.io/vlt/npm/piccolore 42ms (cache miss)
npm http fetch GET 200 https://registry.vlt.io/vlt/npm/tsconfck 45ms (cache miss)
npm http fetch GET 200 https://registry.vlt.io/vlt/npm/unstorage 27ms (cache miss)
npm http fetch GET 200 https://registry.vlt.io/vlt/npm/smol-toml 37ms (cache miss)
npm http fetch GET 200 https://registry.vlt.io/vlt/npm/ultrahtml 39ms (cache miss)
npm http fetch GET 200 https://registry.vlt.io/vlt/npm/tinyglobby 30ms (cache miss)
npm http fetch GET 200 https://registry.vlt.io/vlt/npm/zod-to-ts 44ms (cache miss)
npm http fetch GET 200 https://registry.vlt.io/vlt/npm/aria-query 41ms (cache miss)
npm http fetch GET 200 https://registry.vlt.io/vlt/npm/html-escaper 29ms (cache miss)
npm http fetch GET 200 https://registry.vlt.io/vlt/npm/xxhash-wasm 37ms (cache miss)
npm http fetch GET 200 https://registry.vlt.io/vlt/npm/neotraverse 55ms (cache miss)
npm http fetch GET 200 https://registry.vlt.io/vlt/npm/magic-string 34ms (cache miss)
npm http fetch GET 200 https://registry.vlt.io/vlt/npm/yargs-parser 30ms (cache miss)
npm http fetch GET 200 https://registry.vlt.io/vlt/npm/estree-walker 47ms (cache miss)
npm http fetch GET 200 https://registry.vlt.io/vlt/npm/axobject-query 29ms (cache miss)
npm http fetch GET 200 https://registry.vlt.io/vlt/npm/yocto-spinner 36ms (cache miss)
npm http fetch GET 200 https://registry.vlt.io/vlt/npm/es-module-lexer 29ms (cache miss)
npm http fetch GET 200 https://registry.vlt.io/vlt/npm/github-slugger 39ms (cache miss)
npm http fetch GET 200 https://registry.vlt.io/vlt/npm/@oslojs%2fencoding 37ms (cache miss)
npm http fetch GET 200 https://registry.vlt.io/vlt/npm/@astrojs%2fcompiler 26ms (cache miss)
npm http fetch GET 200 https://registry.vlt.io/vlt/npm/unist-util-visit 42ms (cache miss)
npm http fetch GET 200 https://registry.vlt.io/vlt/npm/@astrojs%2ftelemetry 38ms (cache miss)
npm http fetch GET 200 https://registry.vlt.io/vlt/npm/@capsizecss%2funpack 41ms (cache miss)
npm http fetch GET 200 https://registry.vlt.io/vlt/npm/@rollup%2fpluginutils 29ms (cache miss)
npm http fetch GET 200 https://registry.vlt.io/vlt/npm/zod-to-json-schema 42ms (cache miss)
npm http fetch GET 200 https://registry.vlt.io/vlt/npm/import-meta-resolve 29ms (cache miss)
npm http fetch GET 200 https://registry.vlt.io/vlt/npm/common-ancestor-path 56ms (cache miss)
npm http fetch GET 200 https://registry.vlt.io/vlt/npm/@astrojs%2fmarkdown-remark 31ms (cache miss)
npm http fetch GET 200 https://registry.vlt.io/vlt/npm/http-cache-semantics 74ms (cache miss)
npm http fetch GET 200 https://registry.vlt.io/vlt/npm/@astrojs%2finternal-helpers 36ms (cache miss)
npm http fetch GET 200 https://registry.vlt.io/vlt/npm/package-manager-detector 41ms (cache miss)
npm http fetch GET 200 https://registry.vlt.io/vlt/npm/deterministic-object-hash 49ms (cache miss)
npm http fetch GET 200 https://registry.vlt.io/vlt/npm/sharp 42ms (cache miss)
npm http fetch GET 200 https://registry.vlt.io/vlt/npm/@types%2fnode 41ms (cache miss)
npm http fetch GET 200 https://registry.vlt.io/vlt/npm/jiti 30ms (cache miss)
npm http fetch GET 200 https://registry.vlt.io/vlt/npm/less 26ms (cache miss)
npm http fetch GET 200 https://registry.vlt.io/vlt/npm/lightningcss 24ms (cache miss)
npm http fetch GET 200 https://registry.vlt.io/vlt/npm/sass 30ms (cache miss)
npm http fetch GET 200 https://registry.vlt.io/vlt/npm/sass-embedded 27ms (cache miss)
npm http fetch GET 200 https://registry.vlt.io/vlt/npm/stylus 28ms (cache miss)
npm http fetch GET 200 https://registry.vlt.io/vlt/npm/sugarss 28ms (cache miss)
npm http fetch GET 200 https://registry.vlt.io/vlt/npm/postcss 29ms (cache miss)
npm http fetch GET 200 https://registry.vlt.io/vlt/npm/terser 37ms (cache miss)
npm http fetch GET 200 https://registry.vlt.io/vlt/npm/tsx 30ms (cache miss)
npm http fetch GET 200 https://registry.vlt.io/vlt/npm/yaml 27ms (cache miss)
npm http fetch GET 200 https://registry.vlt.io/vlt/npm/typescript 65ms (cache miss)
npm http fetch GET 200 https://registry.vlt.io/vlt/npm/@azure%2fapp-configuration 38ms (cache miss)
npm http fetch GET 200 https://registry.vlt.io/vlt/npm/@azure%2fcosmos 43ms (cache miss)
npm http fetch GET 200 https://registry.vlt.io/vlt/npm/@azure%2fdata-tables 35ms (cache miss)
npm http fetch GET 200 https://registry.vlt.io/vlt/npm/@azure%2fidentity 37ms (cache miss)
npm http fetch GET 200 https://registry.vlt.io/vlt/npm/@azure%2fkeyvault-secrets 40ms (cache miss)
npm http fetch GET 200 https://registry.vlt.io/vlt/npm/@azure%2fstorage-blob 47ms (cache miss)
npm http fetch GET 200 https://registry.vlt.io/vlt/npm/@capacitor%2fpreferences 32ms (cache miss)
npm http fetch GET 200 https://registry.vlt.io/vlt/npm/@capacitor%2fcore 44ms (cache miss)
npm http fetch GET 200 https://registry.vlt.io/vlt/npm/@deno%2fkv 40ms (cache miss)
npm http fetch GET 200 https://registry.vlt.io/vlt/npm/@netlify%2fblobs 39ms (cache miss)
npm http fetch GET 200 https://registry.vlt.io/vlt/npm/@planetscale%2fdatabase 40ms (cache miss)
npm http fetch GET 200 https://registry.vlt.io/vlt/npm/@upstash%2fredis 33ms (cache miss)
npm http fetch GET 200 https://registry.vlt.io/vlt/npm/@vercel%2fblob 25ms (cache miss)
npm http fetch GET 200 https://registry.vlt.io/vlt/npm/@vercel%2ffunctions 37ms (cache miss)
npm http fetch GET 200 https://registry.vlt.io/vlt/npm/@aws-sdk%2fcredential-provider-web-identity 32ms (cache miss)
npm http fetch GET 200 https://registry.vlt.io/vlt/npm/@vercel%2fkv 38ms (cache miss)
npm http fetch GET 200 https://registry.vlt.io/vlt/npm/aws4fetch 39ms (cache miss)
npm http fetch GET 200 https://registry.vlt.io/vlt/npm/db0 47ms (cache miss)
npm http fetch GET 200 https://registry.vlt.io/vlt/npm/@electric-sql%2fpglite 56ms (cache miss)
npm http fetch GET 200 https://registry.vlt.io/vlt/npm/@libsql%2fclient 37ms (cache miss)
npm http fetch GET 200 https://registry.vlt.io/vlt/npm/better-sqlite3 31ms (cache miss)
npm http fetch GET 200 https://registry.vlt.io/vlt/npm/drizzle-orm 38ms (cache miss)
npm http fetch GET 200 https://registry.vlt.io/vlt/npm/@aws-sdk%2fclient-rds-data 35ms (cache miss)
npm http fetch GET 200 https://registry.vlt.io/vlt/npm/@cloudflare%2fworkers-types 29ms (cache miss)
npm http fetch GET 200 https://registry.vlt.io/vlt/npm/@libsql%2fclient-wasm 43ms (cache miss)
npm http fetch GET 200 https://registry.vlt.io/vlt/npm/@neondatabase%2fserverless 41ms (cache miss)
npm http fetch GET 200 https://registry.vlt.io/vlt/npm/@op-engineering%2fop-sqlite 27ms (cache miss)
npm http fetch GET 200 https://registry.vlt.io/vlt/npm/@sqlite.org%2fsqlite-wasm 35ms (cache miss)
npm http fetch GET 200 https://registry.vlt.io/vlt/npm/react 32ms (cache miss)
npm http fetch GET 200 https://registry.vlt.io/vlt/npm/react-native 70ms (cache miss)
npm http fetch GET 200 https://registry.vlt.io/vlt/npm/@react-native%2fjest-preset 39ms (cache miss)
npm http fetch GET 200 https://registry.vlt.io/vlt/npm/@types%2freact 26ms (cache miss)
npm http fetch GET 200 https://registry.vlt.io/vlt/npm/@opentelemetry%2fapi 26ms (cache miss)
npm http fetch GET 200 https://registry.vlt.io/vlt/npm/@prisma%2fclient 182ms (cache miss)
npm http fetch GET 200 https://registry.vlt.io/vlt/npm/prisma 118ms (cache miss)
npm http fetch GET 200 https://registry.vlt.io/vlt/npm/typescript 41ms (cache revalidated)
npm http fetch GET 200 https://registry.vlt.io/vlt/npm/@tidbcloud%2fserverless 41ms (cache miss)
npm http fetch GET 200 https://registry.vlt.io/vlt/npm/@types%2fbetter-sqlite3 36ms (cache miss)
npm http fetch GET 200 https://registry.vlt.io/vlt/npm/@types%2fpg 39ms (cache miss)
npm http fetch GET 200 https://registry.vlt.io/vlt/npm/@types%2fsql.js 38ms (cache miss)
npm http fetch GET 200 https://registry.vlt.io/vlt/npm/@vercel%2fpostgres 35ms (cache miss)
npm http fetch GET 200 https://registry.vlt.io/vlt/npm/@xata.io%2fclient 39ms (cache miss)
npm http fetch GET 200 https://registry.vlt.io/vlt/npm/bun-types 32ms (cache miss)
npm http fetch GET 200 https://registry.vlt.io/vlt/npm/expo-sqlite 30ms (cache miss)
npm http fetch GET 200 https://registry.vlt.io/vlt/npm/expo 33ms (cache miss)
npm http fetch GET 200 https://registry.vlt.io/vlt/npm/@expo%2fmetro-runtime 28ms (cache miss)
npm http fetch GET 200 https://registry.vlt.io/vlt/npm/react-dom 33ms (cache miss)
npm http fetch GET 200 https://registry.vlt.io/vlt/npm/react-native-web 42ms (cache miss)
npm http fetch GET 200 https://registry.vlt.io/vlt/npm/react-native-webview 34ms (cache miss)
npm http fetch GET 200 https://registry.vlt.io/vlt/npm/gel 36ms (cache miss)
npm http fetch GET 200 https://registry.vlt.io/vlt/npm/knex 30ms (cache miss)
npm http fetch GET 200 https://registry.vlt.io/vlt/npm/pg-query-stream 41ms (cache miss)
npm http fetch GET 200 https://registry.vlt.io/vlt/npm/pg 40ms (cache miss)
npm http fetch GET 200 https://registry.vlt.io/vlt/npm/pg-native 57ms (cache miss)
npm http fetch GET 200 https://registry.vlt.io/vlt/npm/kysely 28ms (cache miss)
npm http fetch GET 200 https://registry.vlt.io/vlt/npm/mysql2 27ms (cache miss)
npm http fetch GET 200 https://registry.vlt.io/vlt/npm/@types%2fnode 31ms (cache revalidated)
npm http fetch GET 200 https://registry.vlt.io/vlt/npm/postgres 39ms (cache miss)
npm http fetch GET 200 https://registry.vlt.io/vlt/npm/sql.js 48ms (cache miss)
npm http fetch GET 200 https://registry.vlt.io/vlt/npm/sqlite3 41ms (cache miss)
npm http fetch GET 200 https://registry.vlt.io/vlt/npm/idb-keyval 38ms (cache miss)
npm http fetch GET 200 https://registry.vlt.io/vlt/npm/ioredis 28ms (cache miss)
npm http fetch GET 200 https://registry.vlt.io/vlt/npm/uploadthing 26ms (cache miss)
npm http fetch GET 200 https://registry.vlt.io/vlt/npm/express 31ms (cache miss)
npm http fetch GET 200 https://registry.vlt.io/vlt/npm/h3 41ms (cache miss)
npm http fetch GET 200 https://registry.vlt.io/vlt/npm/crossws 29ms (cache miss)
npm http fetch GET 200 https://registry.vlt.io/vlt/npm/srvx 39ms (cache miss)
npm http fetch GET 200 https://registry.vlt.io/vlt/npm/tailwindcss 43ms (cache miss)
npm http fetch GET 200 https://registry.vlt.io/vlt/npm/typescript 54ms (cache revalidated)
npm http fetch GET 200 https://registry.vlt.io/vlt/npm/rollup 42ms (cache miss)
npm http fetch GET 200 https://registry.vlt.io/vlt/npm/unified 30ms (cache miss)
npm http fetch GET 200 https://registry.vlt.io/vlt/npm/remark-gfm 37ms (cache miss)
npm http fetch GET 200 https://registry.vlt.io/vlt/npm/rehype-raw 41ms (cache miss)
npm http fetch GET 200 https://registry.vlt.io/vlt/npm/remark-parse 42ms (cache miss)
npm http fetch GET 200 https://registry.vlt.io/vlt/npm/remark-rehype 37ms (cache miss)
npm http fetch GET 200 https://registry.vlt.io/vlt/npm/@astrojs%2fprism 39ms (cache miss)
npm http fetch GET 200 https://registry.vlt.io/vlt/npm/rehype-stringify 39ms (cache miss)
npm http fetch GET 200 https://registry.vlt.io/vlt/npm/hast-util-to-text 39ms (cache miss)
npm http fetch GET 200 https://registry.vlt.io/vlt/npm/remark-smartypants 39ms (cache miss)
npm http fetch GET 200 https://registry.vlt.io/vlt/npm/unist-util-visit-parents 26ms (cache miss)
npm http fetch GET 200 https://registry.vlt.io/vlt/npm/hast-util-from-html 41ms (cache miss)
npm http fetch GET 200 https://registry.vlt.io/vlt/npm/mdast-util-definitions 42ms (cache miss)
npm http fetch GET 200 https://registry.vlt.io/vlt/npm/unist-util-remove-position 36ms (cache miss)
npm http fetch GET 200 https://registry.vlt.io/vlt/npm/is-wsl 36ms (cache miss)
npm http fetch GET 200 https://registry.vlt.io/vlt/npm/debug 45ms (cache revalidated)
npm http fetch GET 200 https://registry.vlt.io/vlt/npm/ci-info 25ms (cache revalidated)
npm http fetch GET 200 https://registry.vlt.io/vlt/npm/is-docker 27ms (cache miss)
npm http fetch GET 200 https://registry.vlt.io/vlt/npm/fontkitten 27ms (cache miss)
npm http fetch GET 200 https://registry.vlt.io/vlt/npm/which-pm-runs 41ms (cache miss)
npm http fetch GET 200 https://registry.vlt.io/vlt/npm/picomatch 27ms (cache revalidated)
npm http fetch GET 200 https://registry.vlt.io/vlt/npm/@types%2festree 27ms (cache miss)
npm http fetch GET 200 https://registry.vlt.io/vlt/npm/estree-walker 25ms (cache revalidated)
npm http fetch GET 200 https://registry.vlt.io/vlt/npm/chalk 23ms (cache miss)
npm http fetch GET 200 https://registry.vlt.io/vlt/npm/camelcase 30ms (cache miss)
npm http fetch GET 200 https://registry.vlt.io/vlt/npm/type-fest 25ms (cache miss)
npm http fetch GET 200 https://registry.vlt.io/vlt/npm/cli-boxes 49ms (cache miss)
npm http fetch GET 200 https://registry.vlt.io/vlt/npm/wrap-ansi 24ms (cache miss)
npm http fetch GET 200 https://registry.vlt.io/vlt/npm/ansi-align 41ms (cache miss)
npm http fetch GET 200 https://registry.vlt.io/vlt/npm/string-width 28ms (cache miss)
npm http fetch GET 200 https://registry.vlt.io/vlt/npm/ms 31ms (cache miss)
npm http fetch GET 200 https://registry.vlt.io/vlt/npm/widest-line 62ms (cache miss)
npm http fetch GET 200 https://registry.vlt.io/vlt/npm/@esbuild%2faix-ppc64 27ms (cache miss)
npm http fetch GET 200 https://registry.vlt.io/vlt/npm/@esbuild%2flinux-arm 27ms (cache miss)
npm http fetch GET 200 https://registry.vlt.io/vlt/npm/base-64 63ms (cache miss)
npm http fetch GET 200 https://registry.vlt.io/vlt/npm/@esbuild%2flinux-x64 29ms (cache miss)
npm http fetch GET 200 https://registry.vlt.io/vlt/npm/@esbuild%2fsunos-x64 30ms (cache miss)
npm http fetch GET 200 https://registry.vlt.io/vlt/npm/@esbuild%2fwin32-x64 30ms (cache miss)
npm http fetch GET 200 https://registry.vlt.io/vlt/npm/@esbuild%2fdarwin-x64 29ms (cache miss)
npm http fetch GET 200 https://registry.vlt.io/vlt/npm/@esbuild%2fnetbsd-x64 28ms (cache miss)
npm http fetch GET 200 https://registry.vlt.io/vlt/npm/@esbuild%2flinux-ia32 34ms (cache miss)
npm http fetch GET 200 https://registry.vlt.io/vlt/npm/@esbuild%2fwin32-ia32 26ms (cache miss)
npm http fetch GET 200 https://registry.vlt.io/vlt/npm/@esbuild%2fandroid-arm 26ms (cache miss)
npm http fetch GET 200 https://registry.vlt.io/vlt/npm/@esbuild%2fandroid-x64 26ms (cache miss)
npm http fetch GET 200 https://registry.vlt.io/vlt/npm/@esbuild%2ffreebsd-x64 25ms (cache miss)
npm http fetch GET 200 https://registry.vlt.io/vlt/npm/@esbuild%2flinux-arm64 29ms (cache miss)
npm http fetch GET 200 https://registry.vlt.io/vlt/npm/@esbuild%2flinux-ppc64 34ms (cache miss)
npm http fetch GET 200 https://registry.vlt.io/vlt/npm/@esbuild%2fopenbsd-x64 27ms (cache miss)
npm http fetch GET 200 https://registry.vlt.io/vlt/npm/@esbuild%2flinux-s390x 41ms (cache miss)
npm http fetch GET 200 https://registry.vlt.io/vlt/npm/@esbuild%2fwin32-arm64 33ms (cache miss)
npm http fetch GET 200 https://registry.vlt.io/vlt/npm/@esbuild%2fnetbsd-arm64 30ms (cache miss)
npm http fetch GET 200 https://registry.vlt.io/vlt/npm/@esbuild%2fdarwin-arm64 38ms (cache miss)
npm http fetch GET 200 https://registry.vlt.io/vlt/npm/@esbuild%2fandroid-arm64 37ms (cache miss)
npm http fetch GET 200 https://registry.vlt.io/vlt/npm/@esbuild%2ffreebsd-arm64 29ms (cache miss)
npm http fetch GET 200 https://registry.vlt.io/vlt/npm/@esbuild%2flinux-loong64 26ms (cache miss)
npm http fetch GET 200 https://registry.vlt.io/vlt/npm/@esbuild%2fopenbsd-arm64 29ms (cache miss)
npm http fetch GET 200 https://registry.vlt.io/vlt/npm/@esbuild%2flinux-mips64el 29ms (cache miss)
npm http fetch GET 200 https://registry.vlt.io/vlt/npm/@esbuild%2flinux-riscv64 44ms (cache miss)
npm http fetch GET 200 https://registry.vlt.io/vlt/npm/fontkitten 31ms (cache revalidated)
npm http fetch GET 200 https://registry.vlt.io/vlt/npm/@esbuild%2fopenharmony-arm64 34ms (cache miss)
npm http fetch GET 200 https://registry.vlt.io/vlt/npm/argparse 30ms (cache miss)
npm http fetch GET 200 https://registry.vlt.io/vlt/npm/@babel%2ftypes 26ms (cache miss)
npm http fetch GET 200 https://registry.vlt.io/vlt/npm/@babel%2fparser 30ms (cache miss)
npm http fetch GET 200 https://registry.vlt.io/vlt/npm/@jridgewell%2fsourcemap-codec 39ms (cache miss)
npm http fetch GET 200 https://registry.vlt.io/vlt/npm/source-map-js 27ms (cache miss)
npm http fetch GET 200 https://registry.vlt.io/vlt/npm/yocto-queue 30ms (cache miss)
npm http fetch GET 200 https://registry.vlt.io/vlt/npm/p-timeout 39ms (cache miss)
npm http fetch GET 200 https://registry.vlt.io/vlt/npm/kleur 25ms (cache miss)
npm http fetch GET 200 https://registry.vlt.io/vlt/npm/sisteransi 24ms (cache miss)
npm http fetch GET 200 https://registry.vlt.io/vlt/npm/eventemitter3 49ms (cache miss)
npm http fetch GET 200 https://registry.vlt.io/vlt/npm/unified 27ms (cache revalidated)
npm http fetch GET 200 https://registry.vlt.io/vlt/npm/@types%2fhast 36ms (cache miss)
npm http fetch GET 200 https://registry.vlt.io/vlt/npm/rehype-parse 34ms (cache miss)
npm http fetch GET 200 https://registry.vlt.io/vlt/npm/rehype-stringify 30ms (cache revalidated)
npm http fetch GET 200 https://registry.vlt.io/vlt/npm/detect-libc 24ms (cache miss)
npm http fetch GET 200 https://registry.vlt.io/vlt/npm/@img%2fsharp-wasm32 28ms (cache miss)
npm http fetch GET 200 https://registry.vlt.io/vlt/npm/@img%2fcolour 54ms (cache miss)
npm http fetch GET 200 https://registry.vlt.io/vlt/npm/@img%2fsharp-linux-arm 30ms (cache miss)
npm http fetch GET 200 https://registry.vlt.io/vlt/npm/@img%2fsharp-linux-x64 38ms (cache miss)
npm http fetch GET 200 https://registry.vlt.io/vlt/npm/@img%2fsharp-darwin-x64 29ms (cache miss)
npm http fetch GET 200 https://registry.vlt.io/vlt/npm/@img%2fsharp-win32-x64 36ms (cache miss)
npm http fetch GET 200 https://registry.vlt.io/vlt/npm/@img%2fsharp-win32-ia32 31ms (cache miss)
npm http fetch GET 200 https://registry.vlt.io/vlt/npm/@img%2fsharp-linux-arm64 28ms (cache miss)
npm http fetch GET 200 https://registry.vlt.io/vlt/npm/@img%2fsharp-linux-ppc64 37ms (cache miss)
npm http fetch GET 200 https://registry.vlt.io/vlt/npm/@img%2fsharp-linux-s390x 40ms (cache miss)
npm http fetch GET 200 https://registry.vlt.io/vlt/npm/@img%2fsharp-win32-arm64 39ms (cache miss)
npm http fetch GET 200 https://registry.vlt.io/vlt/npm/@img%2fsharp-darwin-arm64 36ms (cache miss)
npm http fetch GET 200 https://registry.vlt.io/vlt/npm/@img%2fsharp-linuxmusl-x64 28ms (cache miss)
npm http fetch GET 200 https://registry.vlt.io/vlt/npm/@img%2fsharp-linux-riscv64 45ms (cache miss)
npm http fetch GET 200 https://registry.vlt.io/vlt/npm/@img%2fsharp-libvips-linux-arm 33ms (cache miss)
npm http fetch GET 200 https://registry.vlt.io/vlt/npm/@img%2fsharp-libvips-linux-x64 27ms (cache miss)
npm http fetch GET 200 https://registry.vlt.io/vlt/npm/@img%2fsharp-linuxmusl-arm64 60ms (cache miss)
npm http fetch GET 200 https://registry.vlt.io/vlt/npm/@img%2fsharp-libvips-darwin-x64 25ms (cache miss)
npm http fetch GET 200 https://registry.vlt.io/vlt/npm/@img%2fsharp-libvips-linux-arm64 39ms (cache miss)
npm http fetch GET 200 https://registry.vlt.io/vlt/npm/@img%2fsharp-libvips-linux-ppc64 39ms (cache miss)
npm http fetch GET 200 https://registry.vlt.io/vlt/npm/@img%2fsharp-libvips-linux-s390x 34ms (cache miss)
npm http fetch GET 200 https://registry.vlt.io/vlt/npm/@img%2fsharp-libvips-darwin-arm64 34ms (cache miss)
npm http fetch GET 200 https://registry.vlt.io/vlt/npm/@img%2fsharp-libvips-linuxmusl-x64 30ms (cache miss)
npm http fetch GET 200 https://registry.vlt.io/vlt/npm/@img%2fsharp-libvips-linuxmusl-arm64 24ms (cache miss)
npm http fetch GET 200 https://registry.vlt.io/vlt/npm/@img%2fsharp-libvips-linux-riscv64 69ms (cache miss)
npm http fetch GET 200 https://registry.vlt.io/vlt/npm/@types%2fhast 29ms (cache revalidated)
npm http fetch GET 200 https://registry.vlt.io/vlt/npm/@shikijs%2fcore 38ms (cache miss)
npm http fetch GET 200 https://registry.vlt.io/vlt/npm/@shikijs%2flangs 30ms (cache miss)
npm http fetch GET 200 https://registry.vlt.io/vlt/npm/@shikijs%2ftypes 29ms (cache miss)
npm http fetch GET 200 https://registry.vlt.io/vlt/npm/@shikijs%2fvscode-textmate 25ms (cache miss)
npm http fetch GET 200 https://registry.vlt.io/vlt/npm/@shikijs%2fthemes 29ms (cache miss)
npm http fetch GET 200 https://registry.vlt.io/vlt/npm/@shikijs%2fengine-oniguruma 38ms (cache miss)
npm http fetch GET 200 https://registry.vlt.io/vlt/npm/sax 43ms (cache miss)
npm http fetch GET 200 https://registry.vlt.io/vlt/npm/@shikijs%2fengine-javascript 47ms (cache miss)
npm http fetch GET 200 https://registry.vlt.io/vlt/npm/csso 50ms (cache miss)
npm http fetch GET 200 https://registry.vlt.io/vlt/npm/css-tree 33ms (cache miss)
npm http fetch GET 200 https://registry.vlt.io/vlt/npm/css-what 48ms (cache miss)
npm http fetch GET 200 https://registry.vlt.io/vlt/npm/commander 38ms (cache miss)
npm http fetch GET 200 https://registry.vlt.io/vlt/npm/css-select 34ms (cache miss)
npm http fetch GET 200 https://registry.vlt.io/vlt/npm/fdir 25ms (cache miss)
npm http fetch GET 200 https://registry.vlt.io/vlt/npm/picocolors 40ms (cache miss)
npm http fetch GET 200 https://registry.vlt.io/vlt/npm/css-tree 26ms (cache revalidated)
npm http fetch GET 200 https://registry.vlt.io/vlt/npm/ohash 56ms (cache miss)
npm http fetch GET 200 https://registry.vlt.io/vlt/npm/ofetch 39ms (cache miss)
npm http fetch GET 200 https://registry.vlt.io/vlt/npm/@types%2funist 32ms (cache miss)
npm http fetch GET 200 https://registry.vlt.io/vlt/npm/unist-util-visit-parents 25ms (cache revalidated)
npm http fetch GET 200 https://registry.vlt.io/vlt/npm/unist-util-is 41ms (cache miss)
npm http fetch GET 200 https://registry.vlt.io/vlt/npm/h3 29ms (cache revalidated)
npm http fetch GET 200 https://registry.vlt.io/vlt/npm/ufo 31ms (cache miss)
npm http fetch GET 200 https://registry.vlt.io/vlt/npm/anymatch 26ms (cache miss)
npm http fetch GET 200 https://registry.vlt.io/vlt/npm/destr 50ms (cache miss)
npm http fetch GET 200 https://registry.vlt.io/vlt/npm/chokidar 40ms (cache miss)
npm http fetch GET 200 https://registry.vlt.io/vlt/npm/lru-cache 26ms (cache miss)
npm http fetch GET 200 https://registry.vlt.io/vlt/npm/node-fetch-native 39ms (cache miss)
npm http fetch GET 200 https://registry.vlt.io/vlt/npm/fdir 27ms (cache revalidated)
npm http fetch GET 200 https://registry.vlt.io/vlt/npm/vfile-message 52ms (cache miss)
npm http fetch GET 200 https://registry.vlt.io/vlt/npm/rollup 28ms (cache revalidated)
npm http fetch GET 200 https://registry.vlt.io/vlt/npm/esbuild 38ms (cache revalidated)
npm http fetch GET 200 https://registry.vlt.io/vlt/npm/postcss 32ms (cache revalidated)
npm http fetch GET 200 https://registry.vlt.io/vlt/npm/fsevents 26ms (cache miss)
npm http fetch GET 200 https://registry.vlt.io/vlt/npm/yoctocolors 53ms (cache miss)
npm http fetch GET 200 https://registry.vlt.io/vlt/npm/devlop 29ms (cache miss)
npm http fetch GET 200 https://registry.vlt.io/vlt/npm/parse5 30ms (cache miss)
npm http fetch GET 200 https://registry.vlt.io/vlt/npm/prismjs 60ms (cache miss)
npm http fetch GET 200 https://registry.vlt.io/vlt/npm/hast-util-from-parse5 37ms (cache miss)
npm http fetch GET 200 https://registry.vlt.io/vlt/npm/hast-util-is-element 43ms (cache miss)
npm http fetch GET 200 https://registry.vlt.io/vlt/npm/@types%2fmdast 38ms (cache miss)
npm http fetch GET 200 https://registry.vlt.io/vlt/npm/unist-util-find-after 49ms (cache miss)
npm http fetch GET 200 https://registry.vlt.io/vlt/npm/hast-util-raw 39ms (cache miss)
npm http fetch GET 200 https://registry.vlt.io/vlt/npm/hast-util-to-html 39ms (cache miss)
npm http fetch GET 200 https://registry.vlt.io/vlt/npm/mdast-util-gfm 37ms (cache miss)
npm http fetch GET 200 https://registry.vlt.io/vlt/npm/remark-stringify 38ms (cache miss)
npm http fetch GET 200 https://registry.vlt.io/vlt/npm/micromark-extension-gfm 38ms (cache miss)
npm http fetch GET 200 https://registry.vlt.io/vlt/npm/micromark-util-types 38ms (cache miss)
npm http fetch GET 200 https://registry.vlt.io/vlt/npm/mdast-util-from-markdown 38ms (cache miss)
npm http fetch GET 200 https://registry.vlt.io/vlt/npm/mdast-util-to-hast 36ms (cache miss)
npm http fetch GET 200 https://registry.vlt.io/vlt/npm/retext-smartypants 38ms (cache miss)
npm http fetch GET 200 https://registry.vlt.io/vlt/npm/retext 57ms (cache miss)
npm http fetch GET 200 https://registry.vlt.io/vlt/npm/bail 36ms (cache miss)
npm http fetch GET 200 https://registry.vlt.io/vlt/npm/devlop 31ms (cache revalidated)
npm http fetch GET 200 https://registry.vlt.io/vlt/npm/extend 44ms (cache miss)
npm http fetch GET 200 https://registry.vlt.io/vlt/npm/trough 42ms (cache miss)
npm http fetch GET 200 https://registry.vlt.io/vlt/npm/is-plain-obj 39ms (cache miss)
npm http fetch GET 200 https://registry.vlt.io/vlt/npm/is-inside-container 29ms (cache miss)
npm http fetch GET 200 https://registry.vlt.io/vlt/npm/tiny-inflate 50ms (cache miss)
npm http fetch GET 200 https://registry.vlt.io/vlt/npm/emoji-regex 24ms (cache miss)
npm http fetch GET 200 https://registry.vlt.io/vlt/npm/strip-ansi 26ms (cache miss)
npm http fetch GET 200 https://registry.vlt.io/vlt/npm/string-width 29ms (cache revalidated)
npm http fetch GET 200 https://registry.vlt.io/vlt/npm/ansi-styles 26ms (cache miss)
npm http fetch GET 200 https://registry.vlt.io/vlt/npm/get-east-asian-width 48ms (cache miss)
npm http fetch GET 200 https://registry.vlt.io/vlt/npm/is-fullwidth-code-point 26ms (cache miss)
npm http fetch GET 200 https://registry.vlt.io/vlt/npm/strip-ansi 29ms (cache revalidated)
npm http fetch GET 200 https://registry.vlt.io/vlt/npm/emoji-regex 36ms (cache revalidated)
npm http fetch GET 200 https://registry.vlt.io/vlt/npm/@types%2funist 25ms (cache revalidated)
npm http fetch GET 200 https://registry.vlt.io/vlt/npm/hastscript 37ms (cache miss)
npm http fetch GET 200 https://registry.vlt.io/vlt/npm/dequal 39ms (cache miss)
npm http fetch GET 200 https://registry.vlt.io/vlt/npm/vfile-location 45ms (cache miss)
npm http fetch GET 200 https://registry.vlt.io/vlt/npm/web-namespaces 39ms (cache miss)
npm http fetch GET 200 https://registry.vlt.io/vlt/npm/property-information 50ms (cache miss)
npm http fetch GET 200 https://registry.vlt.io/vlt/npm/entities 28ms (cache miss)
npm http fetch GET 200 https://registry.vlt.io/vlt/npm/unist-util-stringify-position 42ms (cache miss)
npm http fetch GET 200 https://registry.vlt.io/vlt/npm/comma-separated-tokens 37ms (cache miss)
npm http fetch GET 200 https://registry.vlt.io/vlt/npm/hast-util-parse-selector 37ms (cache miss)
npm http fetch GET 200 https://registry.vlt.io/vlt/npm/space-separated-tokens 52ms (cache miss)
npm http fetch GET 200 https://registry.vlt.io/vlt/npm/@babel%2ftypes 29ms (cache revalidated)
npm http fetch GET 200 https://registry.vlt.io/vlt/npm/@babel%2fhelper-validator-identifier 31ms (cache miss)
npm http fetch GET 200 https://registry.vlt.io/vlt/npm/@babel%2fhelper-string-parser 35ms (cache miss)
npm http fetch GET 200 https://registry.vlt.io/vlt/npm/hast-util-to-parse5 38ms (cache miss)
npm http fetch GET 200 https://registry.vlt.io/vlt/npm/html-void-elements 39ms (cache miss)
npm http fetch GET 200 https://registry.vlt.io/vlt/npm/zwitch 46ms (cache miss)
npm http fetch GET 200 https://registry.vlt.io/vlt/npm/@ungap%2fstructured-clone 28ms (cache miss)
npm http fetch GET 200 https://registry.vlt.io/vlt/npm/unist-util-position 35ms (cache miss)
npm http fetch GET 200 https://registry.vlt.io/vlt/npm/trim-lines 38ms (cache miss)
npm http fetch GET 200 https://registry.vlt.io/vlt/npm/micromark-util-sanitize-uri 55ms (cache miss)
npm http fetch GET 200 https://registry.vlt.io/vlt/npm/micromark-util-symbol 37ms (cache miss)
npm http fetch GET 200 https://registry.vlt.io/vlt/npm/micromark-util-character 38ms (cache miss)
npm http fetch GET 200 https://registry.vlt.io/vlt/npm/micromark-util-encode 50ms (cache miss)
npm http fetch GET 200 https://registry.vlt.io/vlt/npm/hast-util-whitespace 38ms (cache miss)
npm http fetch GET 200 https://registry.vlt.io/vlt/npm/stringify-entities 38ms (cache miss)
npm http fetch GET 200 https://registry.vlt.io/vlt/npm/ccount 45ms (cache miss)
npm http fetch GET 200 https://registry.vlt.io/vlt/npm/character-entities-html4 40ms (cache miss)
npm http fetch GET 200 https://registry.vlt.io/vlt/npm/character-entities-legacy 39ms (cache miss)
npm http fetch GET 200 https://registry.vlt.io/vlt/npm/mdast-util-to-markdown 37ms (cache miss)
npm http fetch GET 200 https://registry.vlt.io/vlt/npm/mdast-util-gfm-footnote 59ms (cache miss)
npm http fetch GET 200 https://registry.vlt.io/vlt/npm/mdast-util-gfm-table 61ms (cache miss)
npm http fetch GET 200 https://registry.vlt.io/vlt/npm/mdast-util-gfm-strikethrough 36ms (cache miss)
npm http fetch GET 200 https://registry.vlt.io/vlt/npm/mdast-util-gfm-task-list-item 34ms (cache miss)
npm http fetch GET 200 https://registry.vlt.io/vlt/npm/mdast-util-gfm-autolink-literal 52ms (cache miss)
npm http fetch GET 200 https://registry.vlt.io/vlt/npm/micromark-extension-gfm-table 41ms (cache miss)
npm http fetch GET 200 https://registry.vlt.io/vlt/npm/micromark-extension-gfm-footnote 41ms (cache miss)
npm http fetch GET 200 https://registry.vlt.io/vlt/npm/micromark-util-combine-extensions 37ms (cache miss)
npm http fetch GET 200 https://registry.vlt.io/vlt/npm/micromark-extension-gfm-tagfilter 44ms (cache miss)
npm http fetch GET 200 https://registry.vlt.io/vlt/npm/micromark-extension-gfm-strikethrough 39ms (cache miss)
npm http fetch GET 200 https://registry.vlt.io/vlt/npm/micromark-extension-gfm-autolink-literal 36ms (cache miss)
npm http fetch GET 200 https://registry.vlt.io/vlt/npm/micromark-extension-gfm-task-list-item 40ms (cache miss)
npm http fetch GET 200 https://registry.vlt.io/vlt/npm/micromark 40ms (cache miss)
npm http fetch GET 200 https://registry.vlt.io/vlt/npm/mdast-util-to-string 55ms (cache miss)
npm http fetch GET 200 https://registry.vlt.io/vlt/npm/micromark-util-decode-string 59ms (cache miss)
npm http fetch GET 200 https://registry.vlt.io/vlt/npm/micromark-util-decode-numeric-character-reference 39ms (cache miss)
npm http fetch GET 200 https://registry.vlt.io/vlt/npm/micromark-util-normalize-identifier 54ms (cache miss)
npm http fetch GET 200 https://registry.vlt.io/vlt/npm/decode-named-character-reference 71ms (cache miss)
npm http fetch GET 200 https://registry.vlt.io/vlt/npm/mdast-util-find-and-replace 40ms (cache miss)
npm http fetch GET 200 https://registry.vlt.io/vlt/npm/longest-streak 35ms (cache miss)
npm http fetch GET 200 https://registry.vlt.io/vlt/npm/markdown-table 39ms (cache miss)
npm http fetch GET 200 https://registry.vlt.io/vlt/npm/mdast-util-phrasing 38ms (cache miss)
npm http fetch GET 200 https://registry.vlt.io/vlt/npm/micromark-util-classify-character 48ms (cache miss)
npm http fetch GET 200 https://registry.vlt.io/vlt/npm/character-entities 36ms (cache miss)
npm http fetch GET 200 https://registry.vlt.io/vlt/npm/micromark-util-chunked 39ms (cache miss)
npm http fetch GET 200 https://registry.vlt.io/vlt/npm/@types%2fdebug 48ms (cache miss)
npm http fetch GET 200 https://registry.vlt.io/vlt/npm/micromark-factory-space 39ms (cache miss)
npm http fetch GET 200 https://registry.vlt.io/vlt/npm/micromark-core-commonmark 40ms (cache miss)
npm http fetch GET 200 https://registry.vlt.io/vlt/npm/micromark-util-resolve-all 38ms (cache miss)
npm http fetch GET 200 https://registry.vlt.io/vlt/npm/micromark-util-subtokenize 47ms (cache miss)
npm http fetch GET 200 https://registry.vlt.io/vlt/npm/escape-string-regexp 29ms (cache miss)
npm http fetch GET 200 https://registry.vlt.io/vlt/npm/micromark-factory-title 39ms (cache miss)
npm http fetch GET 200 https://registry.vlt.io/vlt/npm/micromark-factory-label 42ms (cache miss)
npm http fetch GET 200 https://registry.vlt.io/vlt/npm/@types%2fms 65ms (cache miss)
npm http fetch GET 200 https://registry.vlt.io/vlt/npm/micromark-factory-whitespace 38ms (cache miss)
npm http fetch GET 200 https://registry.vlt.io/vlt/npm/micromark-util-html-tag-name 38ms (cache miss)
npm http fetch GET 200 https://registry.vlt.io/vlt/npm/micromark-factory-destination 38ms (cache miss)
npm http fetch GET 200 https://registry.vlt.io/vlt/npm/@types%2fnlcst 40ms (cache miss)
npm http fetch GET 200 https://registry.vlt.io/vlt/npm/retext-stringify 41ms (cache miss)
npm http fetch GET 200 https://registry.vlt.io/vlt/npm/retext-latin 42ms (cache miss)
npm http fetch GET 200 https://registry.vlt.io/vlt/npm/nlcst-to-string 61ms (cache miss)
npm http fetch GET 200 https://registry.vlt.io/vlt/npm/parse-latin 41ms (cache miss)
npm http fetch GET 200 https://registry.vlt.io/vlt/npm/unist-util-modify-children 38ms (cache miss)
npm http fetch GET 200 https://registry.vlt.io/vlt/npm/unist-util-visit-children 63ms (cache miss)
npm http fetch GET 200 https://registry.vlt.io/vlt/npm/array-iterate 38ms (cache miss)
npm http fetch GET 200 https://registry.vlt.io/vlt/npm/@emnapi%2fruntime 39ms (cache miss)
npm http fetch GET 200 https://registry.vlt.io/vlt/npm/tslib 27ms (cache miss)
npm http fetch GET 200 https://registry.vlt.io/vlt/npm/oniguruma-to-es 36ms (cache miss)
npm http fetch GET 200 https://registry.vlt.io/vlt/npm/regex-recursion 41ms (cache miss)
npm http fetch GET 200 https://registry.vlt.io/vlt/npm/oniguruma-parser 42ms (cache miss)
npm http fetch GET 200 https://registry.vlt.io/vlt/npm/regex 43ms (cache miss)
npm http fetch GET 200 https://registry.vlt.io/vlt/npm/regex-utilities 59ms (cache miss)
npm http fetch GET 200 https://registry.vlt.io/vlt/npm/regex-utilities 61ms (cache miss)
npm http fetch GET 200 https://registry.vlt.io/vlt/npm/ansi-regex 27ms (cache miss)
npm http fetch GET 200 https://registry.vlt.io/vlt/npm/nth-check 39ms (cache miss)
npm http fetch GET 200 https://registry.vlt.io/vlt/npm/domutils 42ms (cache miss)
npm http fetch GET 200 https://registry.vlt.io/vlt/npm/boolbase 45ms (cache miss)
npm http fetch GET 200 https://registry.vlt.io/vlt/npm/mdn-data 27ms (cache miss)
npm http fetch GET 200 https://registry.vlt.io/vlt/npm/domhandler 53ms (cache miss)
npm http fetch GET 200 https://registry.vlt.io/vlt/npm/domelementtype 36ms (cache miss)
npm http fetch GET 200 https://registry.vlt.io/vlt/npm/domelementtype 37ms (cache miss)
npm http fetch GET 200 https://registry.vlt.io/vlt/npm/dom-serializer 58ms (cache miss)
npm http fetch GET 200 https://registry.vlt.io/vlt/npm/mdn-data 32ms (cache revalidated)
npm http fetch GET 200 https://registry.vlt.io/vlt/npm/entities 27ms (cache revalidated)
npm http fetch GET 200 https://registry.vlt.io/vlt/npm/ufo 32ms (cache revalidated)
npm http fetch GET 200 https://registry.vlt.io/vlt/npm/normalize-path 27ms (cache miss)
npm http fetch GET 200 https://registry.vlt.io/vlt/npm/defu 40ms (cache miss)
npm http fetch GET 200 https://registry.vlt.io/vlt/npm/readdirp 44ms (cache miss)
npm http fetch GET 200 https://registry.vlt.io/vlt/npm/radix3 39ms (cache miss)
npm http fetch GET 200 https://registry.vlt.io/vlt/npm/crossws 26ms (cache revalidated)
npm http fetch GET 200 https://registry.vlt.io/vlt/npm/uncrypto 62ms (cache miss)
npm http fetch GET 200 https://registry.vlt.io/vlt/npm/iron-webcrypto 41ms (cache miss)
npm http fetch GET 200 https://registry.vlt.io/vlt/npm/cookie-es 52ms (cache miss)
npm http fetch GET 200 https://registry.vlt.io/vlt/npm/node-mock-http 40ms (cache miss)
npm http fetch GET 200 https://registry.vlt.io/vlt/npm/@esbuild%2flinux-x64 26ms (cache revalidated)
npm http fetch GET 200 https://registry.vlt.io/vlt/npm/@esbuild%2faix-ppc64 29ms (cache revalidated)
npm http fetch GET 200 https://registry.vlt.io/vlt/npm/@esbuild%2flinux-arm 30ms (cache revalidated)
npm http fetch GET 200 https://registry.vlt.io/vlt/npm/@esbuild%2fwin32-x64 27ms (cache revalidated)
npm http fetch GET 200 https://registry.vlt.io/vlt/npm/@esbuild%2fsunos-x64 32ms (cache revalidated)
npm http fetch GET 200 https://registry.vlt.io/vlt/npm/@esbuild%2fdarwin-x64 39ms (cache revalidated)
npm http fetch GET 200 https://registry.vlt.io/vlt/npm/@esbuild%2flinux-ia32 26ms (cache revalidated)
npm http fetch GET 200 https://registry.vlt.io/vlt/npm/@esbuild%2fnetbsd-x64 28ms (cache revalidated)
npm http fetch GET 200 https://registry.vlt.io/vlt/npm/@esbuild%2fwin32-ia32 29ms (cache revalidated)
npm http fetch GET 200 https://registry.vlt.io/vlt/npm/@esbuild%2fandroid-arm 27ms (cache revalidated)
npm http fetch GET 200 https://registry.vlt.io/vlt/npm/@esbuild%2fandroid-x64 41ms (cache revalidated)
npm http fetch GET 200 https://registry.vlt.io/vlt/npm/@esbuild%2ffreebsd-x64 39ms (cache revalidated)
npm http fetch GET 200 https://registry.vlt.io/vlt/npm/@esbuild%2flinux-arm64 40ms (cache revalidated)
npm http fetch GET 200 https://registry.vlt.io/vlt/npm/@esbuild%2flinux-ppc64 41ms (cache revalidated)
npm http fetch GET 200 https://registry.vlt.io/vlt/npm/@esbuild%2flinux-s390x 41ms (cache revalidated)
npm http fetch GET 200 https://registry.vlt.io/vlt/npm/@esbuild%2fopenbsd-x64 29ms (cache revalidated)
npm http fetch GET 200 https://registry.vlt.io/vlt/npm/@esbuild%2fwin32-arm64 28ms (cache revalidated)
npm http fetch GET 200 https://registry.vlt.io/vlt/npm/@esbuild%2fnetbsd-arm64 29ms (cache revalidated)
npm http fetch GET 200 https://registry.vlt.io/vlt/npm/@esbuild%2fdarwin-arm64 38ms (cache revalidated)
npm http fetch GET 200 https://registry.vlt.io/vlt/npm/@esbuild%2fandroid-arm64 38ms (cache revalidated)
npm http fetch GET 200 https://registry.vlt.io/vlt/npm/@esbuild%2ffreebsd-arm64 38ms (cache revalidated)
npm http fetch GET 200 https://registry.vlt.io/vlt/npm/@esbuild%2flinux-loong64 34ms (cache revalidated)
npm http fetch GET 200 https://registry.vlt.io/vlt/npm/@esbuild%2flinux-riscv64 30ms (cache revalidated)
npm http fetch GET 200 https://registry.vlt.io/vlt/npm/@esbuild%2fopenbsd-arm64 24ms (cache revalidated)
npm http fetch GET 200 https://registry.vlt.io/vlt/npm/@esbuild%2flinux-mips64el 25ms (cache revalidated)
npm http fetch GET 200 https://registry.vlt.io/vlt/npm/@esbuild%2fopenharmony-arm64 26ms (cache revalidated)
npm http fetch GET 200 https://registry.vlt.io/vlt/npm/nanoid 28ms (cache miss)
npm http fetch GET 200 https://registry.vlt.io/vlt/npm/@rollup%2frollup-darwin-x64 38ms (cache miss)
npm http fetch GET 200 https://registry.vlt.io/vlt/npm/@rollup%2frollup-openbsd-x64 27ms (cache miss)
npm http fetch GET 200 https://registry.vlt.io/vlt/npm/@rollup%2frollup-freebsd-x64 39ms (cache miss)
npm http fetch GET 200 https://registry.vlt.io/vlt/npm/@rollup%2frollup-darwin-arm64 38ms (cache miss)
npm http fetch GET 200 https://registry.vlt.io/vlt/npm/@rollup%2frollup-android-arm64 30ms (cache miss)
npm http fetch GET 200 https://registry.vlt.io/vlt/npm/@rollup%2frollup-freebsd-arm64 27ms (cache miss)
npm http fetch GET 200 https://registry.vlt.io/vlt/npm/@rollup%2frollup-win32-x64-gnu 27ms (cache miss)
npm http fetch GET 200 https://registry.vlt.io/vlt/npm/@rollup%2frollup-linux-x64-gnu 33ms (cache miss)
npm http fetch GET 200 https://registry.vlt.io/vlt/npm/@rollup%2frollup-linux-x64-musl 29ms (cache miss)
npm http fetch GET 200 https://registry.vlt.io/vlt/npm/@rollup%2frollup-linux-arm64-gnu 30ms (cache miss)
npm http fetch GET 200 https://registry.vlt.io/vlt/npm/@rollup%2frollup-win32-x64-msvc 42ms (cache miss)
npm http fetch GET 200 https://registry.vlt.io/vlt/npm/@rollup%2frollup-linux-ppc64-gnu 40ms (cache miss)
npm http fetch GET 200 https://registry.vlt.io/vlt/npm/@rollup%2frollup-linux-s390x-gnu 30ms (cache miss)
npm http fetch GET 200 https://registry.vlt.io/vlt/npm/@rollup%2frollup-win32-ia32-msvc 26ms (cache miss)
npm http fetch GET 200 https://registry.vlt.io/vlt/npm/@rollup%2frollup-android-arm-eabi 27ms (cache miss)
npm http fetch GET 200 https://registry.vlt.io/vlt/npm/@rollup%2frollup-linux-ppc64-musl 28ms (cache miss)
npm http fetch GET 200 https://registry.vlt.io/vlt/npm/@rollup%2frollup-linux-arm64-musl 49ms (cache miss)
npm http fetch GET 200 https://registry.vlt.io/vlt/npm/@rollup%2frollup-win32-arm64-msvc 43ms (cache miss)
npm http fetch GET 200 https://registry.vlt.io/vlt/npm/@rollup%2frollup-linux-loong64-gnu 26ms (cache miss)
npm http fetch GET 200 https://registry.vlt.io/vlt/npm/@rollup%2frollup-linux-riscv64-gnu 28ms (cache miss)
npm http fetch GET 200 https://registry.vlt.io/vlt/npm/@rollup%2frollup-openharmony-arm64 29ms (cache miss)
npm http fetch GET 200 https://registry.vlt.io/vlt/npm/@rollup%2frollup-linux-loong64-musl 35ms (cache miss)
npm http fetch GET 200 https://registry.vlt.io/vlt/npm/@rollup%2frollup-linux-riscv64-musl 28ms (cache miss)
npm http fetch GET 200 https://registry.vlt.io/vlt/npm/@rollup%2frollup-linux-arm-gnueabihf 26ms (cache miss)
npm http fetch GET 200 https://registry.vlt.io/vlt/npm/@rollup%2frollup-linux-arm-musleabihf 32ms (cache miss)
npm http fetch GET 200 https://registry.vlt.io/vlt/npm/ansi-regex 35ms (cache revalidated)
npm http fetch GET 200 https://registry.vlt.io/vlt/npm/ansi-styles/-/ansi-styles-6.2.3.tgz 207ms (cache miss)
npm http fetch GET 200 https://registry.vlt.io/vlt/npm/yoctocolors/-/yoctocolors-2.1.2.tgz 219ms (cache miss)
npm http fetch GET 200 https://registry.vlt.io/vlt/npm/is-fullwidth-code-point/-/is-fullwidth-code-point-3.0.0.tgz 223ms (cache miss)
npm http fetch GET 200 https://registry.vlt.io/vlt/npm/normalize-path/-/normalize-path-3.0.0.tgz 234ms (cache miss)
npm http fetch GET 200 https://registry.vlt.io/vlt/npm/iron-webcrypto/-/iron-webcrypto-1.2.1.tgz 263ms (cache miss)
npm http fetch GET 200 https://registry.vlt.io/vlt/npm/defu/-/defu-6.1.7.tgz 262ms (cache miss)
npm http fetch GET 200 https://registry.vlt.io/vlt/npm/readdirp/-/readdirp-5.0.0.tgz 268ms (cache miss)
npm http fetch GET 200 https://registry.vlt.io/vlt/npm/uncrypto/-/uncrypto-0.1.3.tgz 270ms (cache miss)
npm http fetch GET 200 https://registry.vlt.io/vlt/npm/cookie-es/-/cookie-es-1.2.3.tgz 274ms (cache miss)
npm http fetch GET 200 https://registry.vlt.io/vlt/npm/chokidar/-/chokidar-5.0.0.tgz 273ms (cache miss)
npm http fetch GET 200 https://registry.vlt.io/vlt/npm/array-iterate/-/array-iterate-2.0.1.tgz 273ms (cache miss)
npm http fetch GET 200 https://registry.vlt.io/vlt/npm/anymatch/-/anymatch-3.1.3.tgz 274ms (cache miss)
npm http fetch GET 200 https://registry.vlt.io/vlt/npm/nanoid/-/nanoid-3.3.12.tgz 281ms (cache miss)
npm http fetch GET 200 https://registry.vlt.io/vlt/npm/radix3/-/radix3-1.1.2.tgz 289ms (cache miss)
npm http fetch GET 200 https://registry.vlt.io/vlt/npm/extend/-/extend-3.0.2.tgz 303ms (cache miss)
npm http fetch GET 200 https://registry.vlt.io/vlt/npm/ohash/-/ohash-2.0.11.tgz 309ms (cache miss)
npm http fetch GET 200 https://registry.vlt.io/vlt/npm/destr/-/destr-2.0.5.tgz 309ms (cache miss)
npm http fetch GET 200 https://registry.vlt.io/vlt/npm/domelementtype/-/domelementtype-2.3.0.tgz 319ms (cache miss)
npm http fetch GET 200 https://registry.vlt.io/vlt/npm/fdir/-/fdir-6.5.0.tgz 332ms (cache miss)
npm http fetch GET 200 https://registry.vlt.io/vlt/npm/dom-serializer/-/dom-serializer-2.0.0.tgz 332ms (cache miss)
npm http fetch GET 200 https://registry.vlt.io/vlt/npm/is-plain-obj/-/is-plain-obj-4.1.0.tgz 343ms (cache miss)
npm http fetch GET 200 https://registry.vlt.io/vlt/npm/boolbase/-/boolbase-1.0.0.tgz 341ms (cache miss)
npm http fetch GET 200 https://registry.vlt.io/vlt/npm/trough/-/trough-2.2.0.tgz 348ms (cache miss)
npm http fetch GET 200 https://registry.vlt.io/vlt/npm/bail/-/bail-2.0.2.tgz 356ms (cache miss)
npm http fetch GET 200 https://registry.vlt.io/vlt/npm/picocolors/-/picocolors-1.1.1.tgz 366ms (cache miss)
npm http fetch GET 200 https://registry.vlt.io/vlt/npm/css-what/-/css-what-6.2.2.tgz 365ms (cache miss)
npm http fetch GET 200 https://registry.vlt.io/vlt/npm/ufo/-/ufo-1.6.4.tgz 374ms (cache miss)
npm http fetch GET 200 https://registry.vlt.io/vlt/npm/sax/-/sax-1.6.0.tgz 372ms (cache miss)
npm http fetch GET 200 https://registry.vlt.io/vlt/npm/character-entities-legacy/-/character-entities-legacy-3.0.0.tgz 371ms (cache miss)
npm http fetch GET 200 https://registry.vlt.io/vlt/npm/character-entities-html4/-/character-entities-html4-2.1.0.tgz 371ms (cache miss)
npm http fetch GET 200 https://registry.vlt.io/vlt/npm/strip-ansi/-/strip-ansi-7.2.0.tgz 379ms (cache miss)
npm http fetch GET 200 https://registry.vlt.io/vlt/npm/emoji-regex/-/emoji-regex-10.6.0.tgz 385ms (cache miss)
npm http fetch GET 200 https://registry.vlt.io/vlt/npm/ansi-regex/-/ansi-regex-6.2.2.tgz 393ms (cache miss)
npm http fetch GET 200 https://registry.vlt.io/vlt/npm/get-east-asian-width/-/get-east-asian-width-1.6.0.tgz 396ms (cache miss)
npm http fetch GET 200 https://registry.vlt.io/vlt/npm/regex-utilities/-/regex-utilities-2.3.0.tgz 396ms (cache miss)
npm http fetch GET 200 https://registry.vlt.io/vlt/npm/regex-recursion/-/regex-recursion-6.0.2.tgz 401ms (cache miss)
npm http fetch GET 200 https://registry.vlt.io/vlt/npm/@shikijs/vscode-textmate/-/vscode-textmate-10.0.2.tgz 400ms (cache miss)
npm http fetch GET 200 https://registry.vlt.io/vlt/npm/@shikijs/types/-/types-3.23.0.tgz 400ms (cache miss)
npm http fetch GET 200 https://registry.vlt.io/vlt/npm/@img/colour/-/colour-1.1.0.tgz 430ms (cache miss)
npm http fetch GET 200 https://registry.vlt.io/vlt/npm/unist-util-visit-children/-/unist-util-visit-children-3.0.0.tgz 431ms (cache miss)
npm http fetch GET 200 https://registry.vlt.io/vlt/npm/@shikijs/engine-javascript/-/engine-javascript-3.23.0.tgz 437ms (cache miss)
npm http fetch GET 200 https://registry.vlt.io/vlt/npm/retext-stringify/-/retext-stringify-4.0.0.tgz 435ms (cache miss)
npm http fetch GET 200 https://registry.vlt.io/vlt/npm/unist-util-modify-children/-/unist-util-modify-children-4.0.0.tgz 440ms (cache miss)
npm http fetch GET 200 https://registry.vlt.io/vlt/npm/retext-latin/-/retext-latin-4.0.0.tgz 440ms (cache miss)
npm http fetch GET 200 https://registry.vlt.io/vlt/npm/nlcst-to-string/-/nlcst-to-string-4.0.0.tgz 440ms (cache miss)
npm http fetch GET 200 https://registry.vlt.io/vlt/npm/@types/nlcst/-/nlcst-2.0.3.tgz 453ms (cache miss)
npm http fetch GET 200 https://registry.vlt.io/vlt/npm/retext-smartypants/-/retext-smartypants-6.2.0.tgz 465ms (cache miss)
npm http fetch GET 200 https://registry.vlt.io/vlt/npm/h3/-/h3-1.15.11.tgz 486ms (cache miss)
npm http fetch GET 200 https://registry.vlt.io/vlt/npm/micromark-extension-gfm-task-list-item/-/micromark-extension-gfm-task-list-item-2.1.0.tgz 478ms (cache miss)
npm http fetch GET 200 https://registry.vlt.io/vlt/npm/retext/-/retext-9.0.0.tgz 479ms (cache miss)
npm http fetch GET 200 https://registry.vlt.io/vlt/npm/micromark-extension-gfm-strikethrough/-/micromark-extension-gfm-strikethrough-2.1.0.tgz 478ms (cache miss)
npm http fetch GET 200 https://registry.vlt.io/vlt/npm/@shikijs/core/-/core-3.23.0.tgz 489ms (cache miss)
npm http fetch GET 200 https://registry.vlt.io/vlt/npm/micromark-extension-gfm-tagfilter/-/micromark-extension-gfm-tagfilter-2.0.0.tgz 487ms (cache miss)
npm http fetch GET 200 https://registry.vlt.io/vlt/npm/detect-libc/-/detect-libc-2.1.2.tgz 509ms (cache miss)
npm http fetch GET 200 https://registry.vlt.io/vlt/npm/micromark-util-html-tag-name/-/micromark-util-html-tag-name-2.0.1.tgz 505ms (cache miss)
npm http fetch GET 200 https://registry.vlt.io/vlt/npm/micromark-factory-whitespace/-/micromark-factory-whitespace-2.0.1.tgz 528ms (cache miss)
npm http fetch GET 200 https://registry.vlt.io/vlt/npm/micromark-factory-label/-/micromark-factory-label-2.0.1.tgz 528ms (cache miss)
npm http fetch GET 200 https://registry.vlt.io/vlt/npm/@types/ms/-/ms-2.1.0.tgz 528ms (cache miss)
npm http fetch GET 200 https://registry.vlt.io/vlt/npm/micromark-util-resolve-all/-/micromark-util-resolve-all-2.0.1.tgz 528ms (cache miss)
npm http fetch GET 200 https://registry.vlt.io/vlt/npm/micromark-factory-destination/-/micromark-factory-destination-2.0.1.tgz 529ms (cache miss)
npm http fetch GET 200 https://registry.vlt.io/vlt/npm/micromark-factory-title/-/micromark-factory-title-2.0.1.tgz 537ms (cache miss)
npm http fetch GET 200 https://registry.vlt.io/vlt/npm/micromark-util-combine-extensions/-/micromark-util-combine-extensions-2.0.1.tgz 536ms (cache miss)
npm http fetch GET 200 https://registry.vlt.io/vlt/npm/micromark-factory-space/-/micromark-factory-space-2.0.1.tgz 536ms (cache miss)
npm http fetch GET 200 https://registry.vlt.io/vlt/npm/micromark-util-classify-character/-/micromark-util-classify-character-2.0.1.tgz 549ms (cache miss)
npm http fetch GET 200 https://registry.vlt.io/vlt/npm/micromark-util-chunked/-/micromark-util-chunked-2.0.1.tgz 565ms (cache miss)
npm http fetch GET 200 https://registry.vlt.io/vlt/npm/@types/debug/-/debug-4.1.13.tgz 571ms (cache miss)
npm http fetch GET 200 https://registry.vlt.io/vlt/npm/unist-util-is/-/unist-util-is-6.0.1.tgz 570ms (cache miss)
npm http fetch GET 200 https://registry.vlt.io/vlt/npm/mdast-util-find-and-replace/-/mdast-util-find-and-replace-3.0.2.tgz 570ms (cache miss)
npm http fetch GET 200 https://registry.vlt.io/vlt/npm/mdast-util-phrasing/-/mdast-util-phrasing-4.1.0.tgz 579ms (cache miss)
npm http fetch GET 200 https://registry.vlt.io/vlt/npm/commander/-/commander-11.1.0.tgz 593ms (cache miss)
npm http fetch GET 200 https://registry.vlt.io/vlt/npm/unist-util-stringify-position/-/unist-util-stringify-position-4.0.0.tgz 585ms (cache miss)
npm http fetch GET 200 https://registry.vlt.io/vlt/npm/micromark-util-normalize-identifier/-/micromark-util-normalize-identifier-2.0.1.tgz 592ms (cache miss)
npm http fetch GET 200 https://registry.vlt.io/vlt/npm/longest-streak/-/longest-streak-3.1.0.tgz 593ms (cache miss)
npm http fetch GET 200 https://registry.vlt.io/vlt/npm/micromark-util-decode-string/-/micromark-util-decode-string-2.0.1.tgz 591ms (cache miss)
npm http fetch GET 200 https://registry.vlt.io/vlt/npm/markdown-table/-/markdown-table-3.0.4.tgz 593ms (cache miss)
npm http fetch GET 200 https://registry.vlt.io/vlt/npm/character-entities/-/character-entities-2.0.2.tgz 593ms (cache miss)
npm http fetch GET 200 https://registry.vlt.io/vlt/npm/decode-named-character-reference/-/decode-named-character-reference-1.3.0.tgz 592ms (cache miss)
npm http fetch GET 200 https://registry.vlt.io/vlt/npm/escape-string-regexp/-/escape-string-regexp-5.0.0.tgz 601ms (cache miss)
npm http fetch GET 200 https://registry.vlt.io/vlt/npm/mdast-util-to-string/-/mdast-util-to-string-4.0.0.tgz 601ms (cache miss)
npm http fetch GET 200 https://registry.vlt.io/vlt/npm/mdast-util-gfm-table/-/mdast-util-gfm-table-2.0.0.tgz 600ms (cache miss)
npm http fetch GET 200 https://registry.vlt.io/vlt/npm/remark-stringify/-/remark-stringify-11.0.0.tgz 600ms (cache miss)
npm http fetch GET 200 https://registry.vlt.io/vlt/npm/mdast-util-gfm-footnote/-/mdast-util-gfm-footnote-2.1.0.tgz 601ms (cache miss)
npm http fetch GET 200 https://registry.vlt.io/vlt/npm/mdast-util-gfm-task-list-item/-/mdast-util-gfm-task-list-item-2.0.0.tgz 601ms (cache miss)
npm http fetch GET 200 https://registry.vlt.io/vlt/npm/ofetch/-/ofetch-1.5.1.tgz 622ms (cache miss)
npm http fetch GET 200 https://registry.vlt.io/vlt/npm/micromark-util-decode-numeric-character-reference/-/micromark-util-decode-numeric-character-reference-2.0.2.tgz 610ms (cache miss)
npm http fetch GET 200 https://registry.vlt.io/vlt/npm/mdast-util-gfm-autolink-literal/-/mdast-util-gfm-autolink-literal-2.0.1.tgz 609ms (cache miss)
npm http fetch GET 200 https://registry.vlt.io/vlt/npm/mdast-util-gfm-strikethrough/-/mdast-util-gfm-strikethrough-2.0.0.tgz 610ms (cache miss)
npm http fetch GET 200 https://registry.vlt.io/vlt/npm/ccount/-/ccount-2.0.1.tgz 626ms (cache miss)
npm http fetch GET 200 https://registry.vlt.io/vlt/npm/micromark-util-types/-/micromark-util-types-2.0.2.tgz 632ms (cache miss)
npm http fetch GET 200 https://registry.vlt.io/vlt/npm/micromark-util-encode/-/micromark-util-encode-2.0.1.tgz 632ms (cache miss)
npm http fetch GET 200 https://registry.vlt.io/vlt/npm/mdast-util-gfm/-/mdast-util-gfm-3.1.0.tgz 633ms (cache miss)
npm http fetch GET 200 https://registry.vlt.io/vlt/npm/trim-lines/-/trim-lines-3.0.1.tgz 632ms (cache miss)
npm http fetch GET 200 https://registry.vlt.io/vlt/npm/hast-util-whitespace/-/hast-util-whitespace-3.0.0.tgz 640ms (cache miss)
npm http fetch GET 200 https://registry.vlt.io/vlt/npm/micromark-util-sanitize-uri/-/micromark-util-sanitize-uri-2.0.1.tgz 639ms (cache miss)
npm http fetch GET 200 https://registry.vlt.io/vlt/npm/micromark-util-symbol/-/micromark-util-symbol-2.0.1.tgz 640ms (cache miss)
npm http fetch GET 200 https://registry.vlt.io/vlt/npm/stringify-entities/-/stringify-entities-4.0.4.tgz 641ms (cache miss)
npm http fetch GET 200 https://registry.vlt.io/vlt/npm/micromark-extension-gfm/-/micromark-extension-gfm-3.0.0.tgz 648ms (cache miss)
npm http fetch GET 200 https://registry.vlt.io/vlt/npm/micromark-util-character/-/micromark-util-character-2.1.1.tgz 648ms (cache miss)
npm http fetch GET 200 https://registry.vlt.io/vlt/npm/unist-util-position/-/unist-util-position-5.0.0.tgz 647ms (cache miss)
npm http fetch GET 200 https://registry.vlt.io/vlt/npm/@img/sharp-linux-arm64/-/sharp-linux-arm64-0.34.5.tgz 666ms (cache miss)
npm http fetch GET 200 https://registry.vlt.io/vlt/npm/hast-util-to-parse5/-/hast-util-to-parse5-8.0.1.tgz 655ms (cache miss)
npm http fetch GET 200 https://registry.vlt.io/vlt/npm/zwitch/-/zwitch-2.0.4.tgz 663ms (cache miss)
npm http fetch GET 200 https://registry.vlt.io/vlt/npm/sisteransi/-/sisteransi-1.0.5.tgz 669ms (cache miss)
npm http fetch GET 200 https://registry.vlt.io/vlt/npm/hast-util-raw/-/hast-util-raw-9.1.0.tgz 670ms (cache miss)
npm http fetch GET 200 https://registry.vlt.io/vlt/npm/html-void-elements/-/html-void-elements-3.0.0.tgz 671ms (cache miss)
npm http fetch GET 200 https://registry.vlt.io/vlt/npm/rehype-parse/-/rehype-parse-9.0.1.tgz 676ms (cache miss)
npm http fetch GET 200 https://registry.vlt.io/vlt/npm/domhandler/-/domhandler-5.0.3.tgz 699ms (cache miss)
npm http fetch GET 200 https://registry.vlt.io/vlt/npm/kleur/-/kleur-3.0.3.tgz 684ms (cache miss)
npm http fetch GET 200 https://registry.vlt.io/vlt/npm/eventemitter3/-/eventemitter3-5.0.4.tgz 683ms (cache miss)
npm http fetch GET 200 https://registry.vlt.io/vlt/npm/p-timeout/-/p-timeout-6.1.4.tgz 684ms (cache miss)
npm http fetch GET 200 https://registry.vlt.io/vlt/npm/@ungap/structured-clone/-/structured-clone-1.3.1.tgz 693ms (cache miss)
npm http fetch GET 200 https://registry.vlt.io/vlt/npm/@types/mdast/-/mdast-4.0.4.tgz 700ms (cache miss)
npm http fetch GET 200 https://registry.vlt.io/vlt/npm/@babel/helper-validator-identifier/-/helper-validator-identifier-7.29.7.tgz 701ms (cache miss)
npm http fetch GET 200 https://registry.vlt.io/vlt/npm/yocto-queue/-/yocto-queue-1.2.2.tgz 709ms (cache miss)
npm http fetch GET 200 https://registry.vlt.io/vlt/npm/micromark-util-subtokenize/-/micromark-util-subtokenize-2.1.0.tgz 732ms (cache miss)
npm http fetch GET 200 https://registry.vlt.io/vlt/npm/space-separated-tokens/-/space-separated-tokens-2.0.2.tgz 722ms (cache miss)
npm http fetch GET 200 https://registry.vlt.io/vlt/npm/is-inside-container/-/is-inside-container-1.0.0.tgz 722ms (cache miss)
npm http fetch GET 200 https://registry.vlt.io/vlt/npm/@babel/helper-string-parser/-/helper-string-parser-7.29.7.tgz 731ms (cache miss)
npm http fetch GET 200 https://registry.vlt.io/vlt/npm/hast-util-is-element/-/hast-util-is-element-3.0.0.tgz 730ms (cache miss)
npm http fetch GET 200 https://registry.vlt.io/vlt/npm/hast-util-parse-selector/-/hast-util-parse-selector-4.0.0.tgz 731ms (cache miss)
npm http fetch GET 200 https://registry.vlt.io/vlt/npm/comma-separated-tokens/-/comma-separated-tokens-2.0.3.tgz 731ms (cache miss)
npm http fetch GET 200 https://registry.vlt.io/vlt/npm/unist-util-find-after/-/unist-util-find-after-5.0.0.tgz 740ms (cache miss)
npm http fetch GET 200 https://registry.vlt.io/vlt/npm/vfile-location/-/vfile-location-5.0.3.tgz 749ms (cache miss)
npm http fetch GET 200 https://registry.vlt.io/vlt/npm/web-namespaces/-/web-namespaces-2.0.1.tgz 750ms (cache miss)
npm http fetch GET 200 https://registry.vlt.io/vlt/npm/micromark-extension-gfm-autolink-literal/-/micromark-extension-gfm-autolink-literal-2.1.0.tgz 779ms (cache miss)
npm http fetch GET 200 https://registry.vlt.io/vlt/npm/@types/unist/-/unist-3.0.3.tgz 765ms (cache miss)
npm http fetch GET 200 https://registry.vlt.io/vlt/npm/hastscript/-/hastscript-9.0.1.tgz 766ms (cache miss)
npm http fetch GET 200 https://registry.vlt.io/vlt/npm/dequal/-/dequal-2.0.3.tgz 777ms (cache miss)
npm http fetch GET 200 https://registry.vlt.io/vlt/npm/devlop/-/devlop-1.1.0.tgz 777ms (cache miss)
npm http fetch GET 200 https://registry.vlt.io/vlt/npm/vfile-message/-/vfile-message-4.0.3.tgz 790ms (cache miss)
npm http fetch GET 200 https://registry.vlt.io/vlt/npm/ms/-/ms-2.1.3.tgz 789ms (cache miss)
npm http fetch GET 200 https://registry.vlt.io/vlt/npm/micromark-extension-gfm-footnote/-/micromark-extension-gfm-footnote-2.1.0.tgz 814ms (cache miss)
npm http fetch GET 200 https://registry.vlt.io/vlt/npm/hast-util-from-parse5/-/hast-util-from-parse5-8.0.3.tgz 801ms (cache miss)
npm http fetch GET 200 https://registry.vlt.io/vlt/npm/tiny-inflate/-/tiny-inflate-1.0.3.tgz 801ms (cache miss)
npm http fetch GET 200 https://registry.vlt.io/vlt/npm/argparse/-/argparse-2.0.1.tgz 818ms (cache miss)
npm http fetch GET 200 https://registry.vlt.io/vlt/npm/@types/hast/-/hast-3.0.4.tgz 815ms (cache miss)
npm http fetch GET 200 https://registry.vlt.io/vlt/npm/string-width/-/string-width-7.2.0.tgz 827ms (cache miss)
npm http fetch GET 200 https://registry.vlt.io/vlt/npm/widest-line/-/widest-line-5.0.0.tgz 835ms (cache miss)
npm http fetch GET 200 https://registry.vlt.io/vlt/npm/wrap-ansi/-/wrap-ansi-9.0.2.tgz 843ms (cache miss)
npm http fetch GET 200 https://registry.vlt.io/vlt/npm/cli-boxes/-/cli-boxes-3.0.0.tgz 842ms (cache miss)
npm http fetch GET 200 https://registry.vlt.io/vlt/npm/@types/estree/-/estree-1.0.9.tgz 842ms (cache miss)
npm http fetch GET 200 https://registry.vlt.io/vlt/npm/@shikijs/engine-oniguruma/-/engine-oniguruma-3.23.0.tgz 872ms (cache miss)
npm http fetch GET 200 https://registry.vlt.io/vlt/npm/chalk/-/chalk-5.6.2.tgz 853ms (cache miss)
npm http fetch GET 200 https://registry.vlt.io/vlt/npm/base-64/-/base-64-1.0.0.tgz 855ms (cache miss)
npm http fetch GET 200 https://registry.vlt.io/vlt/npm/which-pm-runs/-/which-pm-runs-1.1.0.tgz 853ms (cache miss)
npm http fetch GET 200 https://registry.vlt.io/vlt/npm/is-wsl/-/is-wsl-3.1.1.tgz 853ms (cache miss)
npm http fetch GET 200 https://registry.vlt.io/vlt/npm/camelcase/-/camelcase-8.0.0.tgz 863ms (cache miss)
npm http fetch GET 200 https://registry.vlt.io/vlt/npm/unist-util-remove-position/-/unist-util-remove-position-5.0.0.tgz 872ms (cache miss)
npm http fetch GET 200 https://registry.vlt.io/vlt/npm/ansi-align/-/ansi-align-3.0.1.tgz 881ms (cache miss)
npm http fetch GET 200 https://registry.vlt.io/vlt/npm/is-docker/-/is-docker-3.0.0.tgz 881ms (cache miss)
npm http fetch GET 200 https://registry.vlt.io/vlt/npm/unist-util-visit-parents/-/unist-util-visit-parents-6.0.2.tgz 881ms (cache miss)
npm http fetch GET 200 https://registry.vlt.io/vlt/npm/remark-rehype/-/remark-rehype-11.1.2.tgz 889ms (cache miss)
npm http fetch GET 200 https://registry.vlt.io/vlt/npm/remark-smartypants/-/remark-smartypants-3.0.2.tgz 889ms (cache miss)
npm http fetch GET 200 https://registry.vlt.io/vlt/npm/rehype-stringify/-/rehype-stringify-10.0.1.tgz 900ms (cache miss)
npm http fetch GET 200 https://registry.vlt.io/vlt/npm/mdast-util-definitions/-/mdast-util-definitions-6.0.0.tgz 900ms (cache miss)
npm http fetch GET 200 https://registry.vlt.io/vlt/npm/@astrojs/prism/-/prism-3.3.0.tgz 909ms (cache miss)
npm http fetch GET 200 https://registry.vlt.io/vlt/npm/remark-gfm/-/remark-gfm-4.0.1.tgz 910ms (cache miss)
npm http fetch GET 200 https://registry.vlt.io/vlt/npm/rehype-raw/-/rehype-raw-7.0.0.tgz 910ms (cache miss)
npm http fetch GET 200 https://registry.vlt.io/vlt/npm/remark-parse/-/remark-parse-11.0.0.tgz 919ms (cache miss)
npm http fetch GET 200 https://registry.vlt.io/vlt/npm/zod-to-ts/-/zod-to-ts-1.2.0.tgz 918ms (cache miss)
npm http fetch GET 200 https://registry.vlt.io/vlt/npm/hast-util-from-html/-/hast-util-from-html-2.0.3.tgz 926ms (cache miss)
npm http fetch GET 200 https://registry.vlt.io/vlt/npm/hast-util-to-text/-/hast-util-to-text-4.0.2.tgz 926ms (cache miss)
npm http fetch GET 200 https://registry.vlt.io/vlt/npm/yocto-spinner/-/yocto-spinner-0.2.3.tgz 926ms (cache miss)
npm http fetch GET 200 https://registry.vlt.io/vlt/npm/vitefu/-/vitefu-1.1.3.tgz 926ms (cache miss)
npm http fetch GET 200 https://registry.vlt.io/vlt/npm/mdast-util-from-markdown/-/mdast-util-from-markdown-2.0.3.tgz 977ms (cache miss)
npm http fetch GET 200 https://registry.vlt.io/vlt/npm/unist-util-visit/-/unist-util-visit-5.1.0.tgz 962ms (cache miss)
npm http fetch GET 200 https://registry.vlt.io/vlt/npm/unifont/-/unifont-0.7.4.tgz 962ms (cache miss)
npm http fetch GET 200 https://registry.vlt.io/vlt/npm/tinyexec/-/tinyexec-1.2.4.tgz 967ms (cache miss)
npm http fetch GET 200 https://registry.vlt.io/vlt/npm/tinyglobby/-/tinyglobby-0.2.17.tgz 989ms (cache miss)
npm http fetch GET 200 https://registry.vlt.io/vlt/npm/rehype/-/rehype-13.0.2.tgz 988ms (cache miss)
npm http fetch GET 200 https://registry.vlt.io/vlt/npm/xxhash-wasm/-/xxhash-wasm-1.1.0.tgz 989ms (cache miss)
npm http fetch GET 200 https://registry.vlt.io/vlt/npm/p-limit/-/p-limit-6.2.0.tgz 987ms (cache miss)
npm http fetch GET 200 https://registry.vlt.io/vlt/npm/p-queue/-/p-queue-8.1.1.tgz 988ms (cache miss)
npm http fetch GET 200 https://registry.vlt.io/vlt/npm/package-manager-detector/-/package-manager-detector-1.6.0.tgz 1005ms (cache miss)
npm http fetch GET 200 https://registry.vlt.io/vlt/npm/mrmime/-/mrmime-2.0.1.tgz 1023ms (cache miss)
npm http fetch GET 200 https://registry.vlt.io/vlt/npm/fontkitten/-/fontkitten-1.0.3.tgz 1038ms (cache miss)
npm http fetch GET 200 https://registry.vlt.io/vlt/npm/piccolore/-/piccolore-0.1.3.tgz 1031ms (cache miss)
npm http fetch GET 200 https://registry.vlt.io/vlt/npm/http-cache-semantics/-/http-cache-semantics-4.2.0.tgz 1029ms (cache miss)
npm http fetch GET 200 https://registry.vlt.io/vlt/npm/html-escaper/-/html-escaper-3.0.3.tgz 1030ms (cache miss)
npm http fetch GET 200 https://registry.vlt.io/vlt/npm/github-slugger/-/github-slugger-2.0.0.tgz 1029ms (cache miss)
npm http fetch GET 200 https://registry.vlt.io/vlt/npm/fontace/-/fontace-0.4.1.tgz 1042ms (cache miss)
npm http fetch GET 200 https://registry.vlt.io/vlt/npm/flattie/-/flattie-1.1.1.tgz 1042ms (cache miss)
npm http fetch GET 200 https://registry.vlt.io/vlt/npm/estree-walker/-/estree-walker-3.0.3.tgz 1048ms (cache miss)
npm http fetch GET 200 https://registry.vlt.io/vlt/npm/nth-check/-/nth-check-2.1.1.tgz 1087ms (cache miss)
npm http fetch GET 200 https://registry.vlt.io/vlt/npm/deterministic-object-hash/-/deterministic-object-hash-2.0.2.tgz 1052ms (cache miss)
npm http fetch GET 200 https://registry.vlt.io/vlt/npm/devalue/-/devalue-5.8.1.tgz 1059ms (cache miss)
npm http fetch GET 200 https://registry.vlt.io/vlt/npm/common-ancestor-path/-/common-ancestor-path-1.0.1.tgz 1058ms (cache miss)
npm http fetch GET 200 https://registry.vlt.io/vlt/npm/debug/-/debug-4.4.3.tgz 1058ms (cache miss)
npm http fetch GET 200 https://registry.vlt.io/vlt/npm/ci-info/-/ci-info-4.4.0.tgz 1058ms (cache miss)
npm http fetch GET 200 https://registry.vlt.io/vlt/npm/dlv/-/dlv-1.1.3.tgz 1060ms (cache miss)
npm http fetch GET 200 https://registry.vlt.io/vlt/npm/unified/-/unified-11.0.5.tgz 1074ms (cache miss)
npm http fetch GET 200 https://registry.vlt.io/vlt/npm/boxen/-/boxen-8.0.1.tgz 1063ms (cache miss)
npm http fetch GET 200 https://registry.vlt.io/vlt/npm/clsx/-/clsx-2.1.1.tgz 1068ms (cache miss)
npm http fetch GET 200 https://registry.vlt.io/vlt/npm/cssesc/-/cssesc-3.0.0.tgz 1069ms (cache miss)
npm http fetch GET 200 https://registry.vlt.io/vlt/npm/esbuild/-/esbuild-0.27.7.tgz 1076ms (cache miss)
npm http fetch GET 200 https://registry.vlt.io/vlt/npm/cookie/-/cookie-1.1.1.tgz 1075ms (cache miss)
npm http fetch GET 200 https://registry.vlt.io/vlt/npm/picomatch/-/picomatch-4.0.4.tgz 1085ms (cache miss)
npm http fetch GET 200 https://registry.vlt.io/vlt/npm/@capsizecss/unpack/-/unpack-4.0.0.tgz 1078ms (cache miss)
npm http fetch GET 200 https://registry.vlt.io/vlt/npm/@astrojs/internal-helpers/-/internal-helpers-0.7.6.tgz 1077ms (cache miss)
npm http fetch GET 200 https://registry.vlt.io/vlt/npm/source-map-js/-/source-map-js-1.2.1.tgz 1100ms (cache miss)
npm http fetch GET 200 https://registry.vlt.io/vlt/npm/es-module-lexer/-/es-module-lexer-1.7.0.tgz 1085ms (cache miss)
npm http fetch GET 200 https://registry.vlt.io/vlt/npm/@rollup/pluginutils/-/pluginutils-5.4.0.tgz 1082ms (cache miss)
npm http fetch GET 200 https://registry.vlt.io/vlt/npm/@astrojs/markdown-remark/-/markdown-remark-6.3.11.tgz 1082ms (cache miss)
npm http fetch GET 200 https://registry.vlt.io/vlt/npm/@oslojs/encoding/-/encoding-1.1.0.tgz 1083ms (cache miss)
npm http fetch GET 200 https://registry.vlt.io/vlt/npm/emoji-regex/-/emoji-regex-8.0.0.tgz 1085ms (cache miss)
npm http fetch GET 200 https://registry.vlt.io/vlt/npm/ansi-regex/-/ansi-regex-5.0.1.tgz 1086ms (cache miss)
npm http fetch GET 200 https://registry.vlt.io/vlt/npm/strip-ansi/-/strip-ansi-6.0.1.tgz 1089ms (cache miss)
npm http fetch GET 200 https://registry.vlt.io/vlt/npm/string-width/-/string-width-4.2.3.tgz 1090ms (cache miss)
npm http fetch GET 200 https://registry.vlt.io/vlt/npm/estree-walker/-/estree-walker-2.0.2.tgz 1089ms (cache miss)
npm http fetch GET 200 https://registry.vlt.io/vlt/npm/dset/-/dset-3.1.4.tgz 1099ms (cache miss)
npm http fetch GET 200 https://registry.vlt.io/vlt/npm/mdn-data/-/mdn-data-2.27.1.tgz 1144ms (cache miss)
npm http fetch GET 200 https://registry.vlt.io/vlt/npm/esbuild/-/esbuild-0.25.12.tgz 1117ms (cache miss)
npm http fetch GET 200 https://registry.vlt.io/vlt/npm/picomatch/-/picomatch-2.3.2.tgz 1124ms (cache miss)
npm http fetch GET 200 https://registry.vlt.io/vlt/npm/@rollup/rollup-linux-arm64-gnu/-/rollup-linux-arm64-gnu-4.61.1.tgz 1172ms (cache miss)
npm http fetch GET 200 https://registry.vlt.io/vlt/npm/tsconfck/-/tsconfck-3.1.6.tgz 1137ms (cache miss)
npm http fetch GET 200 https://registry.vlt.io/vlt/npm/node-fetch-native/-/node-fetch-native-1.6.7.tgz 1183ms (cache miss)
npm http fetch GET 200 https://registry.vlt.io/vlt/npm/@astrojs/telemetry/-/telemetry-3.3.0.tgz 1160ms (cache miss)
npm http fetch GET 200 https://registry.vlt.io/vlt/npm/micromark-extension-gfm-table/-/micromark-extension-gfm-table-2.1.1.tgz 1195ms (cache miss)
npm http fetch GET 200 https://registry.vlt.io/vlt/npm/@jridgewell/sourcemap-codec/-/sourcemap-codec-1.5.5.tgz 1183ms (cache miss)
npm http fetch GET 200 https://registry.vlt.io/vlt/npm/magicast/-/magicast-0.5.3.tgz 1172ms (cache miss)
npm http fetch GET 200 https://registry.vlt.io/vlt/npm/import-meta-resolve/-/import-meta-resolve-4.2.0.tgz 1184ms (cache miss)
npm http fetch GET 200 https://registry.vlt.io/vlt/npm/yargs-parser/-/yargs-parser-21.1.1.tgz 1176ms (cache miss)
npm http fetch GET 200 https://registry.vlt.io/vlt/npm/magic-string/-/magic-string-0.30.21.tgz 1186ms (cache miss)
npm http fetch GET 200 https://registry.vlt.io/vlt/npm/neotraverse/-/neotraverse-0.6.18.tgz 1201ms (cache miss)
npm http fetch GET 200 https://registry.vlt.io/vlt/npm/node-mock-http/-/node-mock-http-1.0.4.tgz 1242ms (cache miss)
npm http fetch GET 200 https://registry.vlt.io/vlt/npm/smol-toml/-/smol-toml-1.6.1.tgz 1208ms (cache miss)
npm http fetch GET 200 https://registry.vlt.io/vlt/npm/acorn/-/acorn-8.16.0.tgz 1205ms (cache miss)
npm http fetch GET 200 https://registry.vlt.io/vlt/npm/vfile/-/vfile-6.0.3.tgz 1241ms (cache miss)
npm http fetch GET 200 https://registry.vlt.io/vlt/npm/postcss/-/postcss-8.5.15.tgz 1285ms (cache miss)
npm http fetch GET 200 https://registry.vlt.io/vlt/npm/oniguruma-to-es/-/oniguruma-to-es-4.3.6.tgz 1304ms (cache miss)
npm http fetch GET 200 https://registry.vlt.io/vlt/npm/mdn-data/-/mdn-data-2.0.28.tgz 1313ms (cache miss)
npm http fetch GET 200 https://registry.vlt.io/vlt/npm/@babel/parser/-/parser-7.29.7.tgz 1349ms (cache miss)
npm http fetch GET 200 https://registry.vlt.io/vlt/npm/ultrahtml/-/ultrahtml-1.6.0.tgz 1341ms (cache miss)
npm http fetch GET 200 https://registry.vlt.io/vlt/npm/parse-latin/-/parse-latin-7.0.0.tgz 1373ms (cache miss)
npm http fetch GET 200 https://registry.vlt.io/vlt/npm/sharp/-/sharp-0.34.5.tgz 1352ms (cache miss)
npm http fetch GET 200 https://registry.vlt.io/vlt/npm/crossws/-/crossws-0.3.5.tgz 1386ms (cache miss)
npm http fetch GET 200 https://registry.vlt.io/vlt/npm/hast-util-to-html/-/hast-util-to-html-9.0.5.tgz 1385ms (cache miss)
npm http fetch GET 200 https://registry.vlt.io/vlt/npm/semver/-/semver-7.8.2.tgz 1370ms (cache miss)
npm http fetch GET 200 https://registry.vlt.io/vlt/npm/regex/-/regex-6.1.0.tgz 1399ms (cache miss)
npm http fetch GET 200 https://registry.vlt.io/vlt/npm/property-information/-/property-information-7.2.0.tgz 1430ms (cache miss)
npm http fetch GET 200 https://registry.vlt.io/vlt/npm/domutils/-/domutils-3.2.2.tgz 1462ms (cache miss)
npm http fetch GET 200 https://registry.vlt.io/vlt/npm/js-yaml/-/js-yaml-4.2.0.tgz 1434ms (cache miss)
npm http fetch GET 200 https://registry.vlt.io/vlt/npm/rollup/-/rollup-4.61.1.tgz 1488ms (cache miss)
npm http fetch GET 200 https://registry.vlt.io/vlt/npm/micromark/-/micromark-4.0.2.tgz 1569ms (cache miss)
npm http fetch GET 200 https://registry.vlt.io/vlt/npm/vite/-/vite-6.4.3.tgz 1572ms (cache miss)
npm http fetch GET 200 https://registry.vlt.io/vlt/npm/prompts/-/prompts-2.4.2.tgz 1594ms (cache miss)
npm http fetch GET 200 https://registry.vlt.io/vlt/npm/entities/-/entities-4.5.0.tgz 1624ms (cache miss)
npm http fetch GET 200 https://registry.vlt.io/vlt/npm/mdast-util-to-hast/-/mdast-util-to-hast-13.2.1.tgz 1667ms (cache miss)
npm http fetch GET 200 https://registry.vlt.io/vlt/npm/parse5/-/parse5-7.3.0.tgz 1666ms (cache miss)
npm http fetch GET 200 https://registry.vlt.io/vlt/npm/csso/-/csso-5.0.5.tgz 1708ms (cache miss)
npm http fetch GET 200 https://registry.vlt.io/vlt/npm/entities/-/entities-6.0.1.tgz 1741ms (cache miss)
npm http fetch GET 200 https://registry.vlt.io/vlt/npm/@shikijs/themes/-/themes-3.23.0.tgz 1761ms (cache miss)
npm http fetch GET 200 https://registry.vlt.io/vlt/npm/micromark-core-commonmark/-/micromark-core-commonmark-2.0.3.tgz 1811ms (cache miss)
npm http fetch GET 200 https://registry.vlt.io/vlt/npm/css-select/-/css-select-5.2.2.tgz 1838ms (cache miss)
npm http fetch GET 200 https://registry.vlt.io/vlt/npm/@astrojs/compiler/-/compiler-2.13.1.tgz 1811ms (cache miss)
npm http fetch GET 200 https://registry.vlt.io/vlt/npm/type-fest/-/type-fest-4.41.0.tgz 1836ms (cache miss)
npm http fetch GET 200 https://registry.vlt.io/vlt/npm/lru-cache/-/lru-cache-11.5.1.tgz 1934ms (cache miss)
npm http fetch GET 200 https://registry.vlt.io/vlt/npm/unstorage/-/unstorage-1.17.5.tgz 1912ms (cache miss)
npm http fetch GET 200 https://registry.vlt.io/vlt/npm/mdast-util-to-markdown/-/mdast-util-to-markdown-2.1.2.tgz 1938ms (cache miss)
npm http fetch GET 200 https://registry.vlt.io/vlt/npm/oniguruma-parser/-/oniguruma-parser-0.12.2.tgz 1953ms (cache miss)
npm http fetch GET 200 https://registry.vlt.io/vlt/npm/diff/-/diff-8.0.4.tgz 1923ms (cache miss)
npm http fetch GET 200 https://registry.vlt.io/vlt/npm/@esbuild/linux-arm64/-/linux-arm64-0.27.7.tgz 1960ms (cache miss)
npm http fetch GET 200 https://registry.vlt.io/vlt/npm/@esbuild/linux-arm64/-/linux-arm64-0.25.12.tgz 1944ms (cache miss)
npm http fetch GET 200 https://registry.vlt.io/vlt/npm/svgo/-/svgo-4.0.1.tgz 1957ms (cache miss)
npm http fetch GET 200 https://registry.vlt.io/vlt/npm/zod-to-json-schema/-/zod-to-json-schema-3.25.2.tgz 1986ms (cache miss)
npm http fetch GET 200 https://registry.vlt.io/vlt/npm/axobject-query/-/axobject-query-4.1.0.tgz 2023ms (cache miss)
npm http fetch GET 200 https://registry.vlt.io/vlt/npm/@babel/types/-/types-7.29.7.tgz 2116ms (cache miss)
npm http fetch GET 200 https://registry.vlt.io/vlt/npm/@img/sharp-libvips-linux-arm64/-/sharp-libvips-linux-arm64-1.2.4.tgz 2161ms (cache miss)
npm http fetch GET 200 https://registry.vlt.io/vlt/npm/aria-query/-/aria-query-5.3.2.tgz 2178ms (cache miss)
npm http fetch GET 200 https://registry.vlt.io/vlt/npm/css-tree/-/css-tree-2.2.1.tgz 2221ms (cache miss)
npm http fetch GET 200 https://registry.vlt.io/vlt/npm/css-tree/-/css-tree-3.2.1.tgz 2296ms (cache miss)
npm http fetch GET 200 https://registry.vlt.io/vlt/npm/typescript/-/typescript-5.9.3.tgz 2322ms (cache miss)
npm http fetch GET 200 https://registry.vlt.io/vlt/npm/prismjs/-/prismjs-1.30.0.tgz 2393ms (cache miss)
npm http fetch GET 200 https://registry.vlt.io/vlt/npm/@shikijs/langs/-/langs-3.23.0.tgz 2438ms (cache miss)
npm http fetch GET 200 https://registry.vlt.io/vlt/npm/zod/-/zod-3.25.76.tgz 2504ms (cache miss)
npm http fetch GET 200 https://registry.vlt.io/vlt/npm/shiki/-/shiki-3.23.0.tgz 2526ms (cache miss)
npm http fetch GET 200 https://registry.vlt.io/vlt/npm/astro/-/astro-5.18.2.tgz 2656ms (cache miss)

added 277 packages in 13s
