npm http fetch GET 200 https://registry.vlt.io/vlt-benchmarks/npm/astro 87ms (cache miss)
npm http fetch GET 200 https://registry.vlt.io/vlt-benchmarks/npm/dlv 17ms (cache miss)
npm http fetch GET 200 https://registry.vlt.io/vlt-benchmarks/npm/clsx 39ms (cache miss)
npm http fetch GET 200 https://registry.vlt.io/vlt-benchmarks/npm/diff 25ms (cache miss)
npm http fetch GET 200 https://registry.vlt.io/vlt-benchmarks/npm/zod 57ms (cache miss)
npm http fetch GET 200 https://registry.vlt.io/vlt-benchmarks/npm/dset 29ms (cache miss)
npm http fetch GET 200 https://registry.vlt.io/vlt-benchmarks/npm/svgo 27ms (cache miss)
npm http fetch GET 200 https://registry.vlt.io/vlt-benchmarks/npm/acorn 17ms (cache miss)
npm http fetch GET 200 https://registry.vlt.io/vlt-benchmarks/npm/boxen 20ms (cache miss)
npm http fetch GET 200 https://registry.vlt.io/vlt-benchmarks/npm/debug 14ms (cache miss)
npm http fetch GET 200 https://registry.vlt.io/vlt-benchmarks/npm/vite 45ms (cache miss)
npm http fetch GET 200 https://registry.vlt.io/vlt-benchmarks/npm/shiki 44ms (cache miss)
npm http fetch GET 200 https://registry.vlt.io/vlt-benchmarks/npm/vfile 39ms (cache miss)
npm http fetch GET 200 https://registry.vlt.io/vlt-benchmarks/npm/cookie 20ms (cache miss)
npm http fetch GET 200 https://registry.vlt.io/vlt-benchmarks/npm/cssesc 18ms (cache miss)
npm http fetch GET 200 https://registry.vlt.io/vlt-benchmarks/npm/mrmime 16ms (cache miss)
npm http fetch GET 200 https://registry.vlt.io/vlt-benchmarks/npm/rehype 15ms (cache miss)
npm http fetch GET 200 https://registry.vlt.io/vlt-benchmarks/npm/vitefu 14ms (cache miss)
npm http fetch GET 200 https://registry.vlt.io/vlt-benchmarks/npm/semver 19ms (cache miss)
npm http fetch GET 200 https://registry.vlt.io/vlt-benchmarks/npm/ci-info 18ms (cache miss)
npm http fetch GET 200 https://registry.vlt.io/vlt-benchmarks/npm/devalue 14ms (cache miss)
npm http fetch GET 200 https://registry.vlt.io/vlt-benchmarks/npm/flattie 15ms (cache miss)
npm http fetch GET 200 https://registry.vlt.io/vlt-benchmarks/npm/esbuild 21ms (cache miss)
npm http fetch GET 200 https://registry.vlt.io/vlt-benchmarks/npm/fontace 17ms (cache miss)
npm http fetch GET 200 https://registry.vlt.io/vlt-benchmarks/npm/js-yaml 14ms (cache miss)
npm http fetch GET 200 https://registry.vlt.io/vlt-benchmarks/npm/p-limit 13ms (cache miss)
npm http fetch GET 200 https://registry.vlt.io/vlt-benchmarks/npm/p-queue 15ms (cache miss)
npm http fetch GET 200 https://registry.vlt.io/vlt-benchmarks/npm/prompts 13ms (cache miss)
npm http fetch GET 200 https://registry.vlt.io/vlt-benchmarks/npm/unifont 13ms (cache miss)
npm http fetch GET 200 https://registry.vlt.io/vlt-benchmarks/npm/magicast 14ms (cache miss)
npm http fetch GET 200 https://registry.vlt.io/vlt-benchmarks/npm/tinyexec 15ms (cache miss)
npm http fetch GET 200 https://registry.vlt.io/vlt-benchmarks/npm/tsconfck 14ms (cache miss)
npm http fetch GET 200 https://registry.vlt.io/vlt-benchmarks/npm/piccolore 14ms (cache miss)
npm http fetch GET 200 https://registry.vlt.io/vlt-benchmarks/npm/picomatch 15ms (cache miss)
npm http fetch GET 200 https://registry.vlt.io/vlt-benchmarks/npm/smol-toml 14ms (cache miss)
npm http fetch GET 200 https://registry.vlt.io/vlt-benchmarks/npm/ultrahtml 11ms (cache miss)
npm http fetch GET 200 https://registry.vlt.io/vlt-benchmarks/npm/unstorage 17ms (cache miss)
npm http fetch GET 200 https://registry.vlt.io/vlt-benchmarks/npm/zod-to-ts 18ms (cache miss)
npm http fetch GET 200 https://registry.vlt.io/vlt-benchmarks/npm/aria-query 14ms (cache miss)
npm http fetch GET 200 https://registry.vlt.io/vlt-benchmarks/npm/tinyglobby 12ms (cache miss)
npm http fetch GET 200 https://registry.vlt.io/vlt-benchmarks/npm/neotraverse 16ms (cache miss)
npm http fetch GET 200 https://registry.vlt.io/vlt-benchmarks/npm/xxhash-wasm 15ms (cache miss)
npm http fetch GET 200 https://registry.vlt.io/vlt-benchmarks/npm/html-escaper 12ms (cache miss)
npm http fetch GET 200 https://registry.vlt.io/vlt-benchmarks/npm/yargs-parser 16ms (cache miss)
npm http fetch GET 200 https://registry.vlt.io/vlt-benchmarks/npm/magic-string 19ms (cache miss)
npm http fetch GET 200 https://registry.vlt.io/vlt-benchmarks/npm/estree-walker 18ms (cache miss)
npm http fetch GET 200 https://registry.vlt.io/vlt-benchmarks/npm/yocto-spinner 13ms (cache miss)
npm http fetch GET 200 https://registry.vlt.io/vlt-benchmarks/npm/github-slugger 13ms (cache miss)
npm http fetch GET 200 https://registry.vlt.io/vlt-benchmarks/npm/axobject-query 16ms (cache miss)
npm http fetch GET 200 https://registry.vlt.io/vlt-benchmarks/npm/es-module-lexer 12ms (cache miss)
npm http fetch GET 200 https://registry.vlt.io/vlt-benchmarks/npm/@oslojs%2fencoding 15ms (cache miss)
npm http fetch GET 200 https://registry.vlt.io/vlt-benchmarks/npm/unist-util-visit 16ms (cache miss)
npm http fetch GET 200 https://registry.vlt.io/vlt-benchmarks/npm/@astrojs%2fcompiler 14ms (cache miss)
npm http fetch GET 200 https://registry.vlt.io/vlt-benchmarks/npm/@capsizecss%2funpack 13ms (cache miss)
npm http fetch GET 200 https://registry.vlt.io/vlt-benchmarks/npm/@astrojs%2ftelemetry 17ms (cache miss)
npm http fetch GET 200 https://registry.vlt.io/vlt-benchmarks/npm/zod-to-json-schema 13ms (cache miss)
npm http fetch GET 200 https://registry.vlt.io/vlt-benchmarks/npm/@rollup%2fpluginutils 15ms (cache miss)
npm http fetch GET 200 https://registry.vlt.io/vlt-benchmarks/npm/import-meta-resolve 18ms (cache miss)
npm http fetch GET 200 https://registry.vlt.io/vlt-benchmarks/npm/common-ancestor-path 14ms (cache miss)
npm http fetch GET 200 https://registry.vlt.io/vlt-benchmarks/npm/http-cache-semantics 12ms (cache miss)
npm http fetch GET 200 https://registry.vlt.io/vlt-benchmarks/npm/package-manager-detector 13ms (cache miss)
npm http fetch GET 200 https://registry.vlt.io/vlt-benchmarks/npm/@astrojs%2fmarkdown-remark 17ms (cache miss)
npm http fetch GET 200 https://registry.vlt.io/vlt-benchmarks/npm/deterministic-object-hash 13ms (cache miss)
npm http fetch GET 200 https://registry.vlt.io/vlt-benchmarks/npm/@astrojs%2finternal-helpers 20ms (cache miss)
npm http fetch GET 200 https://registry.vlt.io/vlt-benchmarks/npm/sharp 15ms (cache miss)
npm http fetch GET 200 https://registry.vlt.io/vlt-benchmarks/npm/typescript 48ms (cache miss)
npm http fetch GET 200 https://registry.vlt.io/vlt-benchmarks/npm/rehype-raw 17ms (cache miss)
npm http fetch GET 200 https://registry.vlt.io/vlt-benchmarks/npm/remark-gfm 18ms (cache miss)
npm http fetch GET 200 https://registry.vlt.io/vlt-benchmarks/npm/unified 21ms (cache miss)
npm http fetch GET 200 https://registry.vlt.io/vlt-benchmarks/npm/remark-parse 14ms (cache miss)
npm http fetch GET 200 https://registry.vlt.io/vlt-benchmarks/npm/remark-rehype 15ms (cache miss)
npm http fetch GET 200 https://registry.vlt.io/vlt-benchmarks/npm/@astrojs%2fprism 18ms (cache miss)
npm http fetch GET 200 https://registry.vlt.io/vlt-benchmarks/npm/rehype-stringify 16ms (cache miss)
npm http fetch GET 200 https://registry.vlt.io/vlt-benchmarks/npm/hast-util-to-text 16ms (cache miss)
npm http fetch GET 200 https://registry.vlt.io/vlt-benchmarks/npm/remark-smartypants 14ms (cache miss)
npm http fetch GET 200 https://registry.vlt.io/vlt-benchmarks/npm/hast-util-from-html 14ms (cache miss)
npm http fetch GET 200 https://registry.vlt.io/vlt-benchmarks/npm/mdast-util-definitions 15ms (cache miss)
npm http fetch GET 200 https://registry.vlt.io/vlt-benchmarks/npm/unist-util-visit-parents 17ms (cache miss)
npm http fetch GET 200 https://registry.vlt.io/vlt-benchmarks/npm/unist-util-remove-position 12ms (cache miss)
npm http fetch GET 200 https://registry.vlt.io/vlt-benchmarks/npm/debug 19ms (cache revalidated)
npm http fetch GET 200 https://registry.vlt.io/vlt-benchmarks/npm/is-wsl 18ms (cache miss)
npm http fetch GET 200 https://registry.vlt.io/vlt-benchmarks/npm/ci-info 14ms (cache revalidated)
npm http fetch GET 200 https://registry.vlt.io/vlt-benchmarks/npm/is-docker 13ms (cache miss)
npm http fetch GET 200 https://registry.vlt.io/vlt-benchmarks/npm/which-pm-runs 14ms (cache miss)
npm http fetch GET 200 https://registry.vlt.io/vlt-benchmarks/npm/fontkitten 14ms (cache miss)
npm http fetch GET 200 https://registry.vlt.io/vlt-benchmarks/npm/@types%2festree 13ms (cache miss)
npm http fetch GET 200 https://registry.vlt.io/vlt-benchmarks/npm/picomatch 14ms (cache revalidated)
npm http fetch GET 200 https://registry.vlt.io/vlt-benchmarks/npm/estree-walker 17ms (cache revalidated)
npm http fetch GET 200 https://registry.vlt.io/vlt-benchmarks/npm/chalk 13ms (cache miss)
npm http fetch GET 200 https://registry.vlt.io/vlt-benchmarks/npm/cli-boxes 14ms (cache miss)
npm http fetch GET 200 https://registry.vlt.io/vlt-benchmarks/npm/camelcase 17ms (cache miss)
npm http fetch GET 200 https://registry.vlt.io/vlt-benchmarks/npm/type-fest 16ms (cache miss)
npm http fetch GET 200 https://registry.vlt.io/vlt-benchmarks/npm/wrap-ansi 15ms (cache miss)
npm http fetch GET 200 https://registry.vlt.io/vlt-benchmarks/npm/ansi-align 16ms (cache miss)
npm http fetch GET 200 https://registry.vlt.io/vlt-benchmarks/npm/widest-line 14ms (cache miss)
npm http fetch GET 200 https://registry.vlt.io/vlt-benchmarks/npm/string-width 13ms (cache miss)
npm http fetch GET 200 https://registry.vlt.io/vlt-benchmarks/npm/ms 17ms (cache miss)
npm http fetch GET 200 https://registry.vlt.io/vlt-benchmarks/npm/base-64 15ms (cache miss)
npm http fetch GET 200 https://registry.vlt.io/vlt-benchmarks/npm/@esbuild%2faix-ppc64 12ms (cache miss)
npm http fetch GET 200 https://registry.vlt.io/vlt-benchmarks/npm/@esbuild%2flinux-arm 15ms (cache miss)
npm http fetch GET 200 https://registry.vlt.io/vlt-benchmarks/npm/@esbuild%2flinux-x64 19ms (cache miss)
npm http fetch GET 200 https://registry.vlt.io/vlt-benchmarks/npm/@esbuild%2fsunos-x64 15ms (cache miss)
npm http fetch GET 200 https://registry.vlt.io/vlt-benchmarks/npm/@esbuild%2fwin32-x64 15ms (cache miss)
npm http fetch GET 200 https://registry.vlt.io/vlt-benchmarks/npm/@esbuild%2fdarwin-x64 16ms (cache miss)
npm http fetch GET 200 https://registry.vlt.io/vlt-benchmarks/npm/@esbuild%2flinux-ia32 14ms (cache miss)
npm http fetch GET 200 https://registry.vlt.io/vlt-benchmarks/npm/@esbuild%2fnetbsd-x64 15ms (cache miss)
npm http fetch GET 200 https://registry.vlt.io/vlt-benchmarks/npm/@esbuild%2fwin32-ia32 16ms (cache miss)
npm http fetch GET 200 https://registry.vlt.io/vlt-benchmarks/npm/@esbuild%2fandroid-arm 16ms (cache miss)
npm http fetch GET 200 https://registry.vlt.io/vlt-benchmarks/npm/@esbuild%2fandroid-x64 13ms (cache miss)
npm http fetch GET 200 https://registry.vlt.io/vlt-benchmarks/npm/@esbuild%2ffreebsd-x64 15ms (cache miss)
npm http fetch GET 200 https://registry.vlt.io/vlt-benchmarks/npm/@esbuild%2flinux-arm64 16ms (cache miss)
npm http fetch GET 200 https://registry.vlt.io/vlt-benchmarks/npm/@esbuild%2flinux-ppc64 15ms (cache miss)
npm http fetch GET 200 https://registry.vlt.io/vlt-benchmarks/npm/@esbuild%2flinux-s390x 13ms (cache miss)
npm http fetch GET 200 https://registry.vlt.io/vlt-benchmarks/npm/@esbuild%2fopenbsd-x64 17ms (cache miss)
npm http fetch GET 200 https://registry.vlt.io/vlt-benchmarks/npm/@esbuild%2fwin32-arm64 15ms (cache miss)
npm http fetch GET 200 https://registry.vlt.io/vlt-benchmarks/npm/@esbuild%2fdarwin-arm64 14ms (cache miss)
npm http fetch GET 200 https://registry.vlt.io/vlt-benchmarks/npm/@esbuild%2fnetbsd-arm64 13ms (cache miss)
npm http fetch GET 200 https://registry.vlt.io/vlt-benchmarks/npm/@esbuild%2fandroid-arm64 15ms (cache miss)
npm http fetch GET 200 https://registry.vlt.io/vlt-benchmarks/npm/@esbuild%2ffreebsd-arm64 13ms (cache miss)
npm http fetch GET 200 https://registry.vlt.io/vlt-benchmarks/npm/@esbuild%2flinux-loong64 13ms (cache miss)
npm http fetch GET 200 https://registry.vlt.io/vlt-benchmarks/npm/@esbuild%2flinux-riscv64 13ms (cache miss)
npm http fetch GET 200 https://registry.vlt.io/vlt-benchmarks/npm/@esbuild%2fopenbsd-arm64 12ms (cache miss)
npm http fetch GET 200 https://registry.vlt.io/vlt-benchmarks/npm/fontkitten 17ms (cache revalidated)
npm http fetch GET 200 https://registry.vlt.io/vlt-benchmarks/npm/@esbuild%2flinux-mips64el 29ms (cache miss)
npm http fetch GET 200 https://registry.vlt.io/vlt-benchmarks/npm/@esbuild%2fopenharmony-arm64 26ms (cache miss)
npm http fetch GET 200 https://registry.vlt.io/vlt-benchmarks/npm/argparse 13ms (cache miss)
npm http fetch GET 200 https://registry.vlt.io/vlt-benchmarks/npm/@jridgewell%2fsourcemap-codec 16ms (cache miss)
npm http fetch GET 200 https://registry.vlt.io/vlt-benchmarks/npm/@babel%2ftypes 17ms (cache miss)
npm http fetch GET 200 https://registry.vlt.io/vlt-benchmarks/npm/@babel%2fparser 15ms (cache miss)
npm http fetch GET 200 https://registry.vlt.io/vlt-benchmarks/npm/source-map-js 15ms (cache miss)
npm http fetch GET 200 https://registry.vlt.io/vlt-benchmarks/npm/yocto-queue 14ms (cache miss)
npm http fetch GET 200 https://registry.vlt.io/vlt-benchmarks/npm/p-timeout 13ms (cache miss)
npm http fetch GET 200 https://registry.vlt.io/vlt-benchmarks/npm/eventemitter3 13ms (cache miss)
npm http fetch GET 200 https://registry.vlt.io/vlt-benchmarks/npm/kleur 15ms (cache miss)
npm http fetch GET 200 https://registry.vlt.io/vlt-benchmarks/npm/sisteransi 12ms (cache miss)
npm http fetch GET 200 https://registry.vlt.io/vlt-benchmarks/npm/@types%2fhast 13ms (cache miss)
npm http fetch GET 200 https://registry.vlt.io/vlt-benchmarks/npm/rehype-parse 12ms (cache miss)
npm http fetch GET 200 https://registry.vlt.io/vlt-benchmarks/npm/rehype-stringify 12ms (cache revalidated)
npm http fetch GET 200 https://registry.vlt.io/vlt-benchmarks/npm/unified 14ms (cache revalidated)
npm http fetch GET 200 https://registry.vlt.io/vlt-benchmarks/npm/@img%2fcolour 15ms (cache miss)
npm http fetch GET 200 https://registry.vlt.io/vlt-benchmarks/npm/detect-libc 13ms (cache miss)
npm http fetch GET 200 https://registry.vlt.io/vlt-benchmarks/npm/@img%2fsharp-wasm32 13ms (cache miss)
npm http fetch GET 200 https://registry.vlt.io/vlt-benchmarks/npm/@img%2fsharp-linux-arm 13ms (cache miss)
npm http fetch GET 200 https://registry.vlt.io/vlt-benchmarks/npm/@img%2fsharp-linux-x64 14ms (cache miss)
npm http fetch GET 200 https://registry.vlt.io/vlt-benchmarks/npm/@img%2fsharp-win32-x64 12ms (cache miss)
npm http fetch GET 200 https://registry.vlt.io/vlt-benchmarks/npm/@img%2fsharp-darwin-x64 13ms (cache miss)
npm http fetch GET 200 https://registry.vlt.io/vlt-benchmarks/npm/@img%2fsharp-win32-ia32 13ms (cache miss)
npm http fetch GET 200 https://registry.vlt.io/vlt-benchmarks/npm/@img%2fsharp-linux-arm64 12ms (cache miss)
npm http fetch GET 200 https://registry.vlt.io/vlt-benchmarks/npm/@img%2fsharp-linux-ppc64 11ms (cache miss)
npm http fetch GET 200 https://registry.vlt.io/vlt-benchmarks/npm/@img%2fsharp-linux-s390x 14ms (cache miss)
npm http fetch GET 200 https://registry.vlt.io/vlt-benchmarks/npm/@img%2fsharp-win32-arm64 12ms (cache miss)
npm http fetch GET 200 https://registry.vlt.io/vlt-benchmarks/npm/@img%2fsharp-darwin-arm64 13ms (cache miss)
npm http fetch GET 200 https://registry.vlt.io/vlt-benchmarks/npm/@img%2fsharp-linux-riscv64 12ms (cache miss)
npm http fetch GET 200 https://registry.vlt.io/vlt-benchmarks/npm/@img%2fsharp-linuxmusl-x64 13ms (cache miss)
npm http fetch GET 200 https://registry.vlt.io/vlt-benchmarks/npm/@img%2fsharp-linuxmusl-arm64 13ms (cache miss)
npm http fetch GET 200 https://registry.vlt.io/vlt-benchmarks/npm/@img%2fsharp-libvips-linux-arm 16ms (cache miss)
npm http fetch GET 200 https://registry.vlt.io/vlt-benchmarks/npm/@img%2fsharp-libvips-linux-x64 16ms (cache miss)
npm http fetch GET 200 https://registry.vlt.io/vlt-benchmarks/npm/@img%2fsharp-libvips-darwin-x64 14ms (cache miss)
npm http fetch GET 200 https://registry.vlt.io/vlt-benchmarks/npm/@img%2fsharp-libvips-linux-arm64 14ms (cache miss)
npm http fetch GET 200 https://registry.vlt.io/vlt-benchmarks/npm/@img%2fsharp-libvips-linux-ppc64 14ms (cache miss)
npm http fetch GET 200 https://registry.vlt.io/vlt-benchmarks/npm/@img%2fsharp-libvips-linux-s390x 14ms (cache miss)
npm http fetch GET 200 https://registry.vlt.io/vlt-benchmarks/npm/@img%2fsharp-libvips-darwin-arm64 14ms (cache miss)
npm http fetch GET 200 https://registry.vlt.io/vlt-benchmarks/npm/@img%2fsharp-libvips-linux-riscv64 13ms (cache miss)
npm http fetch GET 200 https://registry.vlt.io/vlt-benchmarks/npm/@img%2fsharp-libvips-linuxmusl-x64 15ms (cache miss)
npm http fetch GET 200 https://registry.vlt.io/vlt-benchmarks/npm/@img%2fsharp-libvips-linuxmusl-arm64 13ms (cache miss)
npm http fetch GET 200 https://registry.vlt.io/vlt-benchmarks/npm/@types%2fhast 13ms (cache revalidated)
npm http fetch GET 200 https://registry.vlt.io/vlt-benchmarks/npm/@shikijs%2fcore 13ms (cache miss)
npm http fetch GET 200 https://registry.vlt.io/vlt-benchmarks/npm/@shikijs%2flangs 15ms (cache miss)
npm http fetch GET 200 https://registry.vlt.io/vlt-benchmarks/npm/@shikijs%2ftypes 14ms (cache miss)
npm http fetch GET 200 https://registry.vlt.io/vlt-benchmarks/npm/@shikijs%2fthemes 13ms (cache miss)
npm http fetch GET 200 https://registry.vlt.io/vlt-benchmarks/npm/@shikijs%2fvscode-textmate 13ms (cache miss)
npm http fetch GET 200 https://registry.vlt.io/vlt-benchmarks/npm/@shikijs%2fengine-oniguruma 16ms (cache miss)
npm http fetch GET 200 https://registry.vlt.io/vlt-benchmarks/npm/@shikijs%2fengine-javascript 15ms (cache miss)
npm http fetch GET 200 https://registry.vlt.io/vlt-benchmarks/npm/sax 12ms (cache miss)
npm http fetch GET 200 https://registry.vlt.io/vlt-benchmarks/npm/csso 17ms (cache miss)
npm http fetch GET 200 https://registry.vlt.io/vlt-benchmarks/npm/css-tree 16ms (cache miss)
npm http fetch GET 200 https://registry.vlt.io/vlt-benchmarks/npm/css-what 16ms (cache miss)
npm http fetch GET 200 https://registry.vlt.io/vlt-benchmarks/npm/css-select 14ms (cache miss)
npm http fetch GET 200 https://registry.vlt.io/vlt-benchmarks/npm/commander 18ms (cache miss)
npm http fetch GET 200 https://registry.vlt.io/vlt-benchmarks/npm/picocolors 15ms (cache miss)
npm http fetch GET 200 https://registry.vlt.io/vlt-benchmarks/npm/fdir 12ms (cache miss)
npm http fetch GET 200 https://registry.vlt.io/vlt-benchmarks/npm/ohash 14ms (cache miss)
npm http fetch GET 200 https://registry.vlt.io/vlt-benchmarks/npm/undici 20ms (cache miss)
npm http fetch GET 200 https://registry.vlt.io/vlt-benchmarks/npm/css-tree 19ms (cache revalidated)
npm http fetch GET 200 https://registry.vlt.io/vlt-benchmarks/npm/@types%2funist 20ms (cache miss)
npm http fetch GET 200 https://registry.vlt.io/vlt-benchmarks/npm/unist-util-is 12ms (cache miss)
npm http fetch GET 200 https://registry.vlt.io/vlt-benchmarks/npm/unist-util-visit-parents 16ms (cache revalidated)
npm http fetch GET 200 https://registry.vlt.io/vlt-benchmarks/npm/h3 15ms (cache miss)
npm http fetch GET 200 https://registry.vlt.io/vlt-benchmarks/npm/ufo 17ms (cache miss)
npm http fetch GET 200 https://registry.vlt.io/vlt-benchmarks/npm/destr 13ms (cache miss)
npm http fetch GET 200 https://registry.vlt.io/vlt-benchmarks/npm/ofetch 13ms (cache miss)
npm http fetch GET 200 https://registry.vlt.io/vlt-benchmarks/npm/anymatch 15ms (cache miss)
npm http fetch GET 200 https://registry.vlt.io/vlt-benchmarks/npm/chokidar 14ms (cache miss)
npm http fetch GET 200 https://registry.vlt.io/vlt-benchmarks/npm/lru-cache 13ms (cache miss)
npm http fetch GET 200 https://registry.vlt.io/vlt-benchmarks/npm/node-fetch-native 14ms (cache miss)
npm http fetch GET 200 https://registry.vlt.io/vlt-benchmarks/npm/vfile-message 14ms (cache miss)
npm http fetch GET 200 https://registry.vlt.io/vlt-benchmarks/npm/fdir 14ms (cache revalidated)
npm http fetch GET 200 https://registry.vlt.io/vlt-benchmarks/npm/esbuild 13ms (cache revalidated)
npm http fetch GET 200 https://registry.vlt.io/vlt-benchmarks/npm/postcss 16ms (cache miss)
npm http fetch GET 200 https://registry.vlt.io/vlt-benchmarks/npm/fsevents 13ms (cache miss)
npm http fetch GET 200 https://registry.vlt.io/vlt-benchmarks/npm/yoctocolors 13ms (cache miss)
npm http fetch GET 200 https://registry.vlt.io/vlt-benchmarks/npm/rollup 47ms (cache miss)
npm http fetch GET 200 https://registry.vlt.io/vlt-benchmarks/npm/prismjs 17ms (cache miss)
npm http fetch GET 200 https://registry.vlt.io/vlt-benchmarks/npm/hast-util-from-parse5 18ms (cache miss)
npm http fetch GET 200 https://registry.vlt.io/vlt-benchmarks/npm/devlop 20ms (cache miss)
npm http fetch GET 200 https://registry.vlt.io/vlt-benchmarks/npm/parse5 17ms (cache miss)
npm http fetch GET 200 https://registry.vlt.io/vlt-benchmarks/npm/hast-util-is-element 17ms (cache miss)
npm http fetch GET 200 https://registry.vlt.io/vlt-benchmarks/npm/unist-util-find-after 17ms (cache miss)
npm http fetch GET 200 https://registry.vlt.io/vlt-benchmarks/npm/@types%2fmdast 14ms (cache miss)
npm http fetch GET 200 https://registry.vlt.io/vlt-benchmarks/npm/hast-util-raw 14ms (cache miss)
npm http fetch GET 200 https://registry.vlt.io/vlt-benchmarks/npm/hast-util-to-html 16ms (cache miss)
npm http fetch GET 200 https://registry.vlt.io/vlt-benchmarks/npm/mdast-util-gfm 16ms (cache miss)
npm http fetch GET 200 https://registry.vlt.io/vlt-benchmarks/npm/micromark-extension-gfm 16ms (cache miss)
npm http fetch GET 200 https://registry.vlt.io/vlt-benchmarks/npm/remark-stringify 15ms (cache miss)
npm http fetch GET 200 https://registry.vlt.io/vlt-benchmarks/npm/mdast-util-from-markdown 13ms (cache miss)
npm http fetch GET 200 https://registry.vlt.io/vlt-benchmarks/npm/micromark-util-types 14ms (cache miss)
npm http fetch GET 200 https://registry.vlt.io/vlt-benchmarks/npm/mdast-util-to-hast 15ms (cache miss)
npm http fetch GET 200 https://registry.vlt.io/vlt-benchmarks/npm/retext 17ms (cache miss)
npm http fetch GET 200 https://registry.vlt.io/vlt-benchmarks/npm/retext-smartypants 16ms (cache miss)
npm http fetch GET 200 https://registry.vlt.io/vlt-benchmarks/npm/bail 16ms (cache miss)
npm http fetch GET 200 https://registry.vlt.io/vlt-benchmarks/npm/extend 12ms (cache miss)
npm http fetch GET 200 https://registry.vlt.io/vlt-benchmarks/npm/devlop 17ms (cache revalidated)
npm http fetch GET 200 https://registry.vlt.io/vlt-benchmarks/npm/is-plain-obj 14ms (cache miss)
npm http fetch GET 200 https://registry.vlt.io/vlt-benchmarks/npm/trough 13ms (cache miss)
npm http fetch GET 200 https://registry.vlt.io/vlt-benchmarks/npm/is-inside-container 12ms (cache miss)
npm http fetch GET 200 https://registry.vlt.io/vlt-benchmarks/npm/tiny-inflate 14ms (cache miss)
npm http fetch GET 200 https://registry.vlt.io/vlt-benchmarks/npm/string-width 15ms (cache revalidated)
npm http fetch GET 200 https://registry.vlt.io/vlt-benchmarks/npm/strip-ansi 17ms (cache miss)
npm http fetch GET 200 https://registry.vlt.io/vlt-benchmarks/npm/emoji-regex 17ms (cache miss)
npm http fetch GET 200 https://registry.vlt.io/vlt-benchmarks/npm/get-east-asian-width 13ms (cache miss)
npm http fetch GET 200 https://registry.vlt.io/vlt-benchmarks/npm/ansi-styles 12ms (cache miss)
npm http fetch GET 200 https://registry.vlt.io/vlt-benchmarks/npm/strip-ansi 17ms (cache revalidated)
npm http fetch GET 200 https://registry.vlt.io/vlt-benchmarks/npm/emoji-regex 18ms (cache revalidated)
npm http fetch GET 200 https://registry.vlt.io/vlt-benchmarks/npm/is-fullwidth-code-point 18ms (cache miss)
npm http fetch GET 200 https://registry.vlt.io/vlt-benchmarks/npm/@types%2funist 14ms (cache revalidated)
npm http fetch GET 200 https://registry.vlt.io/vlt-benchmarks/npm/dequal 16ms (cache miss)
npm http fetch GET 200 https://registry.vlt.io/vlt-benchmarks/npm/hastscript 17ms (cache miss)
npm http fetch GET 200 https://registry.vlt.io/vlt-benchmarks/npm/property-information 12ms (cache miss)
npm http fetch GET 200 https://registry.vlt.io/vlt-benchmarks/npm/vfile-location 15ms (cache miss)
npm http fetch GET 200 https://registry.vlt.io/vlt-benchmarks/npm/web-namespaces 15ms (cache miss)
npm http fetch GET 200 https://registry.vlt.io/vlt-benchmarks/npm/entities 12ms (cache miss)
npm http fetch GET 200 https://registry.vlt.io/vlt-benchmarks/npm/unist-util-stringify-position 13ms (cache miss)
npm http fetch GET 200 https://registry.vlt.io/vlt-benchmarks/npm/hast-util-parse-selector 14ms (cache miss)
npm http fetch GET 200 https://registry.vlt.io/vlt-benchmarks/npm/comma-separated-tokens 15ms (cache miss)
npm http fetch GET 200 https://registry.vlt.io/vlt-benchmarks/npm/space-separated-tokens 18ms (cache miss)
npm http fetch GET 200 https://registry.vlt.io/vlt-benchmarks/npm/@babel%2ftypes 14ms (cache revalidated)
npm http fetch GET 200 https://registry.vlt.io/vlt-benchmarks/npm/@babel%2fhelper-string-parser 16ms (cache miss)
npm http fetch GET 200 https://registry.vlt.io/vlt-benchmarks/npm/@babel%2fhelper-validator-identifier 17ms (cache miss)
npm http fetch GET 200 https://registry.vlt.io/vlt-benchmarks/npm/@ungap%2fstructured-clone 17ms (cache miss)
npm http fetch GET 200 https://registry.vlt.io/vlt-benchmarks/npm/hast-util-to-parse5 18ms (cache miss)
npm http fetch GET 200 https://registry.vlt.io/vlt-benchmarks/npm/html-void-elements 20ms (cache miss)
npm http fetch GET 200 https://registry.vlt.io/vlt-benchmarks/npm/unist-util-position 13ms (cache miss)
npm http fetch GET 200 https://registry.vlt.io/vlt-benchmarks/npm/zwitch 13ms (cache miss)
npm http fetch GET 200 https://registry.vlt.io/vlt-benchmarks/npm/trim-lines 14ms (cache miss)
npm http fetch GET 200 https://registry.vlt.io/vlt-benchmarks/npm/micromark-util-sanitize-uri 15ms (cache miss)
npm http fetch GET 200 https://registry.vlt.io/vlt-benchmarks/npm/micromark-util-encode 15ms (cache miss)
npm http fetch GET 200 https://registry.vlt.io/vlt-benchmarks/npm/micromark-util-character 16ms (cache miss)
npm http fetch GET 200 https://registry.vlt.io/vlt-benchmarks/npm/micromark-util-symbol 16ms (cache miss)
npm http fetch GET 200 https://registry.vlt.io/vlt-benchmarks/npm/hast-util-whitespace 15ms (cache miss)
npm http fetch GET 200 https://registry.vlt.io/vlt-benchmarks/npm/stringify-entities 15ms (cache miss)
npm http fetch GET 200 https://registry.vlt.io/vlt-benchmarks/npm/ccount 17ms (cache miss)
npm http fetch GET 200 https://registry.vlt.io/vlt-benchmarks/npm/character-entities-html4 13ms (cache miss)
npm http fetch GET 200 https://registry.vlt.io/vlt-benchmarks/npm/character-entities-legacy 13ms (cache miss)
npm http fetch GET 200 https://registry.vlt.io/vlt-benchmarks/npm/mdast-util-gfm-strikethrough 15ms (cache miss)
npm http fetch GET 200 https://registry.vlt.io/vlt-benchmarks/npm/mdast-util-gfm-autolink-literal 17ms (cache miss)
npm http fetch GET 200 https://registry.vlt.io/vlt-benchmarks/npm/mdast-util-gfm-footnote 18ms (cache miss)
npm http fetch GET 200 https://registry.vlt.io/vlt-benchmarks/npm/mdast-util-gfm-table 13ms (cache miss)
npm http fetch GET 200 https://registry.vlt.io/vlt-benchmarks/npm/mdast-util-gfm-task-list-item 14ms (cache miss)
npm http fetch GET 200 https://registry.vlt.io/vlt-benchmarks/npm/mdast-util-to-markdown 16ms (cache miss)
npm http fetch GET 200 https://registry.vlt.io/vlt-benchmarks/npm/micromark-extension-gfm-autolink-literal 13ms (cache miss)
npm http fetch GET 200 https://registry.vlt.io/vlt-benchmarks/npm/micromark-extension-gfm-footnote 15ms (cache miss)
npm http fetch GET 200 https://registry.vlt.io/vlt-benchmarks/npm/micromark-extension-gfm-strikethrough 15ms (cache miss)
npm http fetch GET 200 https://registry.vlt.io/vlt-benchmarks/npm/micromark-extension-gfm-table 13ms (cache miss)
npm http fetch GET 200 https://registry.vlt.io/vlt-benchmarks/npm/micromark-extension-gfm-tagfilter 12ms (cache miss)
npm http fetch GET 200 https://registry.vlt.io/vlt-benchmarks/npm/micromark-extension-gfm-task-list-item 14ms (cache miss)
npm http fetch GET 200 https://registry.vlt.io/vlt-benchmarks/npm/micromark-util-combine-extensions 12ms (cache miss)
npm http fetch GET 200 https://registry.vlt.io/vlt-benchmarks/npm/decode-named-character-reference 16ms (cache miss)
npm http fetch GET 200 https://registry.vlt.io/vlt-benchmarks/npm/mdast-util-to-string 19ms (cache miss)
npm http fetch GET 200 https://registry.vlt.io/vlt-benchmarks/npm/micromark 20ms (cache miss)
npm http fetch GET 200 https://registry.vlt.io/vlt-benchmarks/npm/micromark-util-decode-numeric-character-reference 15ms (cache miss)
npm http fetch GET 200 https://registry.vlt.io/vlt-benchmarks/npm/micromark-util-decode-string 15ms (cache miss)
npm http fetch GET 200 https://registry.vlt.io/vlt-benchmarks/npm/micromark-util-normalize-identifier 14ms (cache miss)
npm http fetch GET 200 https://registry.vlt.io/vlt-benchmarks/npm/mdast-util-find-and-replace 13ms (cache miss)
npm http fetch GET 200 https://registry.vlt.io/vlt-benchmarks/npm/micromark-util-normalize-identifier 15ms (cache revalidated)
npm http fetch GET 200 https://registry.vlt.io/vlt-benchmarks/npm/markdown-table 16ms (cache miss)
npm http fetch GET 200 https://registry.vlt.io/vlt-benchmarks/npm/longest-streak 12ms (cache miss)
npm http fetch GET 200 https://registry.vlt.io/vlt-benchmarks/npm/micromark-util-html-tag-name 12ms (cache miss)
npm http fetch GET 200 https://registry.vlt.io/vlt-benchmarks/npm/mdast-util-phrasing 23ms (cache miss)
npm http fetch GET 200 https://registry.vlt.io/vlt-benchmarks/npm/micromark-util-classify-character 15ms (cache miss)
npm http fetch GET 200 https://registry.vlt.io/vlt-benchmarks/npm/character-entities 15ms (cache miss)
npm http fetch GET 200 https://registry.vlt.io/vlt-benchmarks/npm/micromark-util-chunked 16ms (cache miss)
npm http fetch GET 200 https://registry.vlt.io/vlt-benchmarks/npm/@types%2fdebug 18ms (cache miss)
npm http fetch GET 200 https://registry.vlt.io/vlt-benchmarks/npm/micromark-factory-space 13ms (cache miss)
npm http fetch GET 200 https://registry.vlt.io/vlt-benchmarks/npm/micromark-util-edit-map 15ms (cache miss)
npm http fetch GET 200 https://registry.vlt.io/vlt-benchmarks/npm/micromark-core-commonmark 15ms (cache miss)
npm http fetch GET 200 https://registry.vlt.io/vlt-benchmarks/npm/micromark-util-resolve-all 16ms (cache miss)
npm http fetch GET 200 https://registry.vlt.io/vlt-benchmarks/npm/micromark-util-subtokenize 14ms (cache miss)
npm http fetch GET 200 https://registry.vlt.io/vlt-benchmarks/npm/escape-string-regexp 13ms (cache miss)
npm http fetch GET 200 https://registry.vlt.io/vlt-benchmarks/npm/@types%2fms 14ms (cache miss)
npm http fetch GET 200 https://registry.vlt.io/vlt-benchmarks/npm/micromark-factory-space 16ms (cache revalidated)
npm http fetch GET 200 https://registry.vlt.io/vlt-benchmarks/npm/micromark-factory-label 17ms (cache miss)
npm http fetch GET 200 https://registry.vlt.io/vlt-benchmarks/npm/micromark-factory-title 15ms (cache miss)
npm http fetch GET 200 https://registry.vlt.io/vlt-benchmarks/npm/micromark-factory-whitespace 14ms (cache miss)
npm http fetch GET 200 https://registry.vlt.io/vlt-benchmarks/npm/micromark-factory-destination 13ms (cache miss)
npm http fetch GET 200 https://registry.vlt.io/vlt-benchmarks/npm/@types%2fnlcst 18ms (cache miss)
npm http fetch GET 200 https://registry.vlt.io/vlt-benchmarks/npm/retext-latin 19ms (cache miss)
npm http fetch GET 200 https://registry.vlt.io/vlt-benchmarks/npm/retext-stringify 20ms (cache miss)
npm http fetch GET 200 https://registry.vlt.io/vlt-benchmarks/npm/nlcst-to-string 13ms (cache miss)
npm http fetch GET 200 https://registry.vlt.io/vlt-benchmarks/npm/parse-latin 13ms (cache miss)
npm http fetch GET 200 https://registry.vlt.io/vlt-benchmarks/npm/unist-util-modify-children 12ms (cache miss)
npm http fetch GET 200 https://registry.vlt.io/vlt-benchmarks/npm/unist-util-visit-children 15ms (cache miss)
npm http fetch GET 200 https://registry.vlt.io/vlt-benchmarks/npm/array-iterate 12ms (cache miss)
npm http fetch GET 200 https://registry.vlt.io/vlt-benchmarks/npm/@emnapi%2fruntime 13ms (cache miss)
npm http fetch GET 200 https://registry.vlt.io/vlt-benchmarks/npm/tslib 13ms (cache miss)
npm http fetch GET 200 https://registry.vlt.io/vlt-benchmarks/npm/oniguruma-to-es 14ms (cache miss)
npm http fetch GET 200 https://registry.vlt.io/vlt-benchmarks/npm/regex-recursion 15ms (cache miss)
npm http fetch GET 200 https://registry.vlt.io/vlt-benchmarks/npm/oniguruma-parser 16ms (cache miss)
npm http fetch GET 200 https://registry.vlt.io/vlt-benchmarks/npm/regex 17ms (cache miss)
npm http fetch GET 200 https://registry.vlt.io/vlt-benchmarks/npm/regex-utilities 15ms (cache miss)
npm http fetch GET 200 https://registry.vlt.io/vlt-benchmarks/npm/regex-utilities 15ms (cache miss)
npm http fetch GET 200 https://registry.vlt.io/vlt-benchmarks/npm/ansi-regex 13ms (cache miss)
npm http fetch GET 200 https://registry.vlt.io/vlt-benchmarks/npm/nth-check 16ms (cache miss)
npm http fetch GET 200 https://registry.vlt.io/vlt-benchmarks/npm/boolbase 18ms (cache miss)
npm http fetch GET 200 https://registry.vlt.io/vlt-benchmarks/npm/domutils 19ms (cache miss)
npm http fetch GET 200 https://registry.vlt.io/vlt-benchmarks/npm/domhandler 17ms (cache miss)
npm http fetch GET 200 https://registry.vlt.io/vlt-benchmarks/npm/mdn-data 18ms (cache miss)
npm http fetch GET 200 https://registry.vlt.io/vlt-benchmarks/npm/domelementtype 19ms (cache miss)
npm http fetch GET 200 https://registry.vlt.io/vlt-benchmarks/npm/dom-serializer 19ms (cache miss)
npm http fetch GET 200 https://registry.vlt.io/vlt-benchmarks/npm/domelementtype 20ms (cache miss)
npm http fetch GET 200 https://registry.vlt.io/vlt-benchmarks/npm/mdn-data 12ms (cache revalidated)
npm http fetch GET 200 https://registry.vlt.io/vlt-benchmarks/npm/entities 12ms (cache revalidated)
npm http fetch GET 200 https://registry.vlt.io/vlt-benchmarks/npm/normalize-path 16ms (cache miss)
npm http fetch GET 200 https://registry.vlt.io/vlt-benchmarks/npm/defu 16ms (cache miss)
npm http fetch GET 200 https://registry.vlt.io/vlt-benchmarks/npm/readdirp 19ms (cache miss)
npm http fetch GET 200 https://registry.vlt.io/vlt-benchmarks/npm/uncrypto 14ms (cache miss)
npm http fetch GET 200 https://registry.vlt.io/vlt-benchmarks/npm/radix3 18ms (cache miss)
npm http fetch GET 200 https://registry.vlt.io/vlt-benchmarks/npm/crossws 19ms (cache miss)
npm http fetch GET 200 https://registry.vlt.io/vlt-benchmarks/npm/cookie-es 15ms (cache miss)
npm http fetch GET 200 https://registry.vlt.io/vlt-benchmarks/npm/iron-webcrypto 15ms (cache miss)
npm http fetch GET 200 https://registry.vlt.io/vlt-benchmarks/npm/node-mock-http 16ms (cache miss)
npm http fetch GET 200 https://registry.vlt.io/vlt-benchmarks/npm/ufo 14ms (cache revalidated)
npm http fetch GET 200 https://registry.vlt.io/vlt-benchmarks/npm/@esbuild%2flinux-x64 12ms (cache revalidated)
npm http fetch GET 200 https://registry.vlt.io/vlt-benchmarks/npm/@esbuild%2faix-ppc64 15ms (cache revalidated)
npm http fetch GET 200 https://registry.vlt.io/vlt-benchmarks/npm/@esbuild%2flinux-arm 17ms (cache revalidated)
npm http fetch GET 200 https://registry.vlt.io/vlt-benchmarks/npm/@esbuild%2fsunos-x64 16ms (cache revalidated)
npm http fetch GET 200 https://registry.vlt.io/vlt-benchmarks/npm/@esbuild%2fdarwin-x64 16ms (cache revalidated)
npm http fetch GET 200 https://registry.vlt.io/vlt-benchmarks/npm/@esbuild%2fwin32-x64 19ms (cache revalidated)
npm http fetch GET 200 https://registry.vlt.io/vlt-benchmarks/npm/@esbuild%2flinux-ia32 13ms (cache revalidated)
npm http fetch GET 200 https://registry.vlt.io/vlt-benchmarks/npm/@esbuild%2fwin32-ia32 13ms (cache revalidated)
npm http fetch GET 200 https://registry.vlt.io/vlt-benchmarks/npm/@esbuild%2fnetbsd-x64 15ms (cache revalidated)
npm http fetch GET 200 https://registry.vlt.io/vlt-benchmarks/npm/@esbuild%2fandroid-arm 11ms (cache revalidated)
npm http fetch GET 200 https://registry.vlt.io/vlt-benchmarks/npm/@esbuild%2ffreebsd-x64 13ms (cache revalidated)
npm http fetch GET 200 https://registry.vlt.io/vlt-benchmarks/npm/@esbuild%2fandroid-x64 17ms (cache revalidated)
npm http fetch GET 200 https://registry.vlt.io/vlt-benchmarks/npm/@esbuild%2flinux-arm64 14ms (cache revalidated)
npm http fetch GET 200 https://registry.vlt.io/vlt-benchmarks/npm/@esbuild%2flinux-ppc64 16ms (cache revalidated)
npm http fetch GET 200 https://registry.vlt.io/vlt-benchmarks/npm/@esbuild%2flinux-s390x 17ms (cache revalidated)
npm http fetch GET 200 https://registry.vlt.io/vlt-benchmarks/npm/@esbuild%2fopenbsd-x64 15ms (cache revalidated)
npm http fetch GET 200 https://registry.vlt.io/vlt-benchmarks/npm/@esbuild%2fwin32-arm64 19ms (cache revalidated)
npm http fetch GET 200 https://registry.vlt.io/vlt-benchmarks/npm/@esbuild%2fdarwin-arm64 16ms (cache revalidated)
npm http fetch GET 200 https://registry.vlt.io/vlt-benchmarks/npm/@esbuild%2fnetbsd-arm64 18ms (cache revalidated)
npm http fetch GET 200 https://registry.vlt.io/vlt-benchmarks/npm/@esbuild%2fandroid-arm64 17ms (cache revalidated)
npm http fetch GET 200 https://registry.vlt.io/vlt-benchmarks/npm/@esbuild%2ffreebsd-arm64 18ms (cache revalidated)
npm http fetch GET 200 https://registry.vlt.io/vlt-benchmarks/npm/@esbuild%2flinux-loong64 17ms (cache revalidated)
npm http fetch GET 200 https://registry.vlt.io/vlt-benchmarks/npm/@esbuild%2flinux-mips64el 16ms (cache revalidated)
npm http fetch GET 200 https://registry.vlt.io/vlt-benchmarks/npm/@esbuild%2fopenbsd-arm64 19ms (cache revalidated)
npm http fetch GET 200 https://registry.vlt.io/vlt-benchmarks/npm/@esbuild%2flinux-riscv64 21ms (cache revalidated)
npm http fetch GET 200 https://registry.vlt.io/vlt-benchmarks/npm/@esbuild%2fopenharmony-arm64 18ms (cache revalidated)
npm http fetch GET 200 https://registry.vlt.io/vlt-benchmarks/npm/@rollup%2frollup-darwin-x64 18ms (cache miss)
npm http fetch GET 200 https://registry.vlt.io/vlt-benchmarks/npm/nanoid 21ms (cache miss)
npm http fetch GET 200 https://registry.vlt.io/vlt-benchmarks/npm/@rollup%2frollup-freebsd-x64 13ms (cache miss)
npm http fetch GET 200 https://registry.vlt.io/vlt-benchmarks/npm/@napi-rs%2flzma-linux-x64-gnu 13ms (cache miss)
npm http fetch GET 200 https://registry.vlt.io/vlt-benchmarks/npm/@rollup%2frollup-openbsd-x64 18ms (cache miss)
npm http fetch GET 200 https://registry.vlt.io/vlt-benchmarks/npm/@rollup%2frollup-darwin-arm64 13ms (cache miss)
npm http fetch GET 200 https://registry.vlt.io/vlt-benchmarks/npm/@rollup%2frollup-android-arm64 14ms (cache miss)
npm http fetch GET 200 https://registry.vlt.io/vlt-benchmarks/npm/@rollup%2frollup-freebsd-arm64 15ms (cache miss)
npm http fetch GET 200 https://registry.vlt.io/vlt-benchmarks/npm/@rollup%2frollup-linux-x64-gnu 13ms (cache miss)
npm http fetch GET 200 https://registry.vlt.io/vlt-benchmarks/npm/@rollup%2frollup-win32-x64-gnu 11ms (cache miss)
npm http fetch GET 200 https://registry.vlt.io/vlt-benchmarks/npm/@rollup%2frollup-linux-x64-musl 14ms (cache miss)
npm http fetch GET 200 https://registry.vlt.io/vlt-benchmarks/npm/@rollup%2frollup-win32-x64-msvc 17ms (cache miss)
npm http fetch GET 200 https://registry.vlt.io/vlt-benchmarks/npm/@rollup%2frollup-linux-arm64-gnu 15ms (cache miss)
npm http fetch GET 200 https://registry.vlt.io/vlt-benchmarks/npm/@rollup%2frollup-linux-ppc64-gnu 16ms (cache miss)
npm http fetch GET 200 https://registry.vlt.io/vlt-benchmarks/npm/@rollup%2frollup-linux-s390x-gnu 12ms (cache miss)
npm http fetch GET 200 https://registry.vlt.io/vlt-benchmarks/npm/@rollup%2frollup-win32-ia32-msvc 16ms (cache miss)
npm http fetch GET 200 https://registry.vlt.io/vlt-benchmarks/npm/@rollup%2frollup-android-arm-eabi 14ms (cache miss)
npm http fetch GET 200 https://registry.vlt.io/vlt-benchmarks/npm/@rollup%2frollup-linux-arm64-musl 14ms (cache miss)
npm http fetch GET 200 https://registry.vlt.io/vlt-benchmarks/npm/@rollup%2frollup-linux-ppc64-musl 12ms (cache miss)
npm http fetch GET 200 https://registry.vlt.io/vlt-benchmarks/npm/@rollup%2frollup-win32-arm64-msvc 16ms (cache miss)
npm http fetch GET 200 https://registry.vlt.io/vlt-benchmarks/npm/@rollup%2frollup-linux-loong64-gnu 16ms (cache miss)
npm http fetch GET 200 https://registry.vlt.io/vlt-benchmarks/npm/@rollup%2frollup-linux-riscv64-gnu 13ms (cache miss)
npm http fetch GET 200 https://registry.vlt.io/vlt-benchmarks/npm/@rollup%2frollup-openharmony-arm64 12ms (cache miss)
npm http fetch GET 200 https://registry.vlt.io/vlt-benchmarks/npm/@rollup%2frollup-linux-loong64-musl 13ms (cache miss)
npm http fetch GET 200 https://registry.vlt.io/vlt-benchmarks/npm/@rollup%2frollup-linux-riscv64-musl 14ms (cache miss)
npm http fetch GET 200 https://registry.vlt.io/vlt-benchmarks/npm/@rollup%2frollup-linux-arm-gnueabihf 13ms (cache miss)
npm http fetch GET 200 https://registry.vlt.io/vlt-benchmarks/npm/@rollup%2frollup-linux-arm-musleabihf 13ms (cache miss)
npm http fetch GET 200 https://registry.vlt.io/vlt-benchmarks/npm/ansi-regex 12ms (cache revalidated)
npm http fetch GET 200 https://registry.vlt.io/vlt-benchmarks/npm/is-fullwidth-code-point/-/is-fullwidth-code-point-3.0.0.tgz 368ms (cache miss)
npm http fetch GET 200 https://registry.vlt.io/vlt-benchmarks/npm/ansi-styles/-/ansi-styles-6.2.3.tgz 368ms (cache miss)
npm http fetch GET 200 https://registry.vlt.io/vlt-benchmarks/npm/normalize-path/-/normalize-path-3.0.0.tgz 380ms (cache miss)
npm http fetch GET 200 https://registry.vlt.io/vlt-benchmarks/npm/nanoid/-/nanoid-3.3.19.tgz 399ms (cache miss)
npm http fetch GET 200 https://registry.vlt.io/vlt-benchmarks/npm/yoctocolors/-/yoctocolors-2.2.0.tgz 464ms (cache miss)
npm http fetch GET 200 https://registry.vlt.io/vlt-benchmarks/npm/uncrypto/-/uncrypto-0.1.3.tgz 465ms (cache miss)
npm http fetch GET 200 https://registry.vlt.io/vlt-benchmarks/npm/readdirp/-/readdirp-5.1.1.tgz 484ms (cache miss)
npm http fetch GET 200 https://registry.vlt.io/vlt-benchmarks/npm/radix3/-/radix3-1.1.2.tgz 509ms (cache miss)
npm http fetch GET 200 https://registry.vlt.io/vlt-benchmarks/npm/defu/-/defu-6.1.7.tgz 509ms (cache miss)
npm http fetch GET 200 https://registry.vlt.io/vlt-benchmarks/npm/iron-webcrypto/-/iron-webcrypto-1.2.1.tgz 528ms (cache miss)
npm http fetch GET 200 https://registry.vlt.io/vlt-benchmarks/npm/chokidar/-/chokidar-5.0.0.tgz 526ms (cache miss)
npm http fetch GET 200 https://registry.vlt.io/vlt-benchmarks/npm/destr/-/destr-2.0.5.tgz 527ms (cache miss)
npm http fetch GET 200 https://registry.vlt.io/vlt-benchmarks/npm/trough/-/trough-2.2.0.tgz 526ms (cache miss)
npm http fetch GET 200 https://registry.vlt.io/vlt-benchmarks/npm/cookie-es/-/cookie-es-1.2.3.tgz 548ms (cache miss)
npm http fetch GET 200 https://registry.vlt.io/vlt-benchmarks/npm/anymatch/-/anymatch-3.1.3.tgz 546ms (cache miss)
npm http fetch GET 200 https://registry.vlt.io/vlt-benchmarks/npm/extend/-/extend-3.0.2.tgz 546ms (cache miss)
npm http fetch GET 200 https://registry.vlt.io/vlt-benchmarks/npm/is-plain-obj/-/is-plain-obj-4.1.0.tgz 566ms (cache miss)
npm http fetch GET 200 https://registry.vlt.io/vlt-benchmarks/npm/domelementtype/-/domelementtype-2.3.0.tgz 566ms (cache miss)
npm http fetch GET 200 https://registry.vlt.io/vlt-benchmarks/npm/picocolors/-/picocolors-1.1.1.tgz 565ms (cache miss)
npm http fetch GET 200 https://registry.vlt.io/vlt-benchmarks/npm/array-iterate/-/array-iterate-2.0.1.tgz 585ms (cache miss)
npm http fetch GET 200 https://registry.vlt.io/vlt-benchmarks/npm/dom-serializer/-/dom-serializer-2.0.0.tgz 583ms (cache miss)
npm http fetch GET 200 https://registry.vlt.io/vlt-benchmarks/npm/fdir/-/fdir-6.5.0.tgz 584ms (cache miss)
npm http fetch GET 200 https://registry.vlt.io/vlt-benchmarks/npm/ansi-regex/-/ansi-regex-6.4.0.tgz 584ms (cache miss)
npm http fetch GET 200 https://registry.vlt.io/vlt-benchmarks/npm/domhandler/-/domhandler-5.0.3.tgz 606ms (cache miss)
npm http fetch GET 200 https://registry.vlt.io/vlt-benchmarks/npm/boolbase/-/boolbase-1.0.0.tgz 606ms (cache miss)
npm http fetch GET 200 https://registry.vlt.io/vlt-benchmarks/npm/character-entities-legacy/-/character-entities-legacy-3.0.0.tgz 605ms (cache miss)
npm http fetch GET 200 https://registry.vlt.io/vlt-benchmarks/npm/strip-ansi/-/strip-ansi-7.2.0.tgz 604ms (cache miss)
npm http fetch GET 200 https://registry.vlt.io/vlt-benchmarks/npm/emoji-regex/-/emoji-regex-10.6.0.tgz 605ms (cache miss)
npm http fetch GET 200 https://registry.vlt.io/vlt-benchmarks/npm/get-east-asian-width/-/get-east-asian-width-1.7.0.tgz 605ms (cache miss)
npm http fetch GET 200 https://registry.vlt.io/vlt-benchmarks/npm/ufo/-/ufo-1.6.4.tgz 628ms (cache miss)
npm http fetch GET 200 https://registry.vlt.io/vlt-benchmarks/npm/nth-check/-/nth-check-2.1.1.tgz 623ms (cache miss)
npm http fetch GET 200 https://registry.vlt.io/vlt-benchmarks/npm/regex-utilities/-/regex-utilities-2.3.0.tgz 622ms (cache miss)
npm http fetch GET 200 https://registry.vlt.io/vlt-benchmarks/npm/bail/-/bail-2.0.2.tgz 645ms (cache miss)
npm http fetch GET 200 https://registry.vlt.io/vlt-benchmarks/npm/character-entities-html4/-/character-entities-html4-2.1.0.tgz 643ms (cache miss)
npm http fetch GET 200 https://registry.vlt.io/vlt-benchmarks/npm/regex-recursion/-/regex-recursion-6.0.2.tgz 642ms (cache miss)
npm http fetch GET 200 https://registry.vlt.io/vlt-benchmarks/npm/@shikijs/types/-/types-3.23.0.tgz 641ms (cache miss)
npm http fetch GET 200 https://registry.vlt.io/vlt-benchmarks/npm/@shikijs/vscode-textmate/-/vscode-textmate-10.0.2.tgz 657ms (cache miss)
npm http fetch GET 200 https://registry.vlt.io/vlt-benchmarks/npm/detect-libc/-/detect-libc-2.1.2.tgz 656ms (cache miss)
npm http fetch GET 200 https://registry.vlt.io/vlt-benchmarks/npm/@shikijs/engine-javascript/-/engine-javascript-3.23.0.tgz 678ms (cache miss)
npm http fetch GET 200 https://registry.vlt.io/vlt-benchmarks/npm/unist-util-visit-children/-/unist-util-visit-children-3.0.0.tgz 677ms (cache miss)
npm http fetch GET 200 https://registry.vlt.io/vlt-benchmarks/npm/retext-stringify/-/retext-stringify-4.0.0.tgz 677ms (cache miss)
npm http fetch GET 200 https://registry.vlt.io/vlt-benchmarks/npm/@img/colour/-/colour-1.1.0.tgz 715ms (cache miss)
npm http fetch GET 200 https://registry.vlt.io/vlt-benchmarks/npm/unist-util-modify-children/-/unist-util-modify-children-4.0.0.tgz 716ms (cache miss)
npm http fetch GET 200 https://registry.vlt.io/vlt-benchmarks/npm/retext-latin/-/retext-latin-4.0.0.tgz 715ms (cache miss)
npm http fetch GET 200 https://registry.vlt.io/vlt-benchmarks/npm/nlcst-to-string/-/nlcst-to-string-4.0.0.tgz 715ms (cache miss)
npm http fetch GET 200 https://registry.vlt.io/vlt-benchmarks/npm/micromark-extension-gfm-task-list-item/-/micromark-extension-gfm-task-list-item-2.1.0.tgz 715ms (cache miss)
npm http fetch GET 200 https://registry.vlt.io/vlt-benchmarks/npm/micromark-extension-gfm-tagfilter/-/micromark-extension-gfm-tagfilter-2.0.0.tgz 715ms (cache miss)
npm http fetch GET 200 https://registry.vlt.io/vlt-benchmarks/npm/micromark-extension-gfm-autolink-literal/-/micromark-extension-gfm-autolink-literal-2.1.0.tgz 714ms (cache miss)
npm http fetch GET 200 https://registry.vlt.io/vlt-benchmarks/npm/retext-smartypants/-/retext-smartypants-6.2.0.tgz 734ms (cache miss)
npm http fetch GET 200 https://registry.vlt.io/vlt-benchmarks/npm/@types/nlcst/-/nlcst-2.0.3.tgz 736ms (cache miss)
npm http fetch GET 200 https://registry.vlt.io/vlt-benchmarks/npm/micromark-factory-title/-/micromark-factory-title-2.0.1.tgz 733ms (cache miss)
npm http fetch GET 200 https://registry.vlt.io/vlt-benchmarks/npm/micromark-factory-label/-/micromark-factory-label-2.0.1.tgz 734ms (cache miss)
npm http fetch GET 200 https://registry.vlt.io/vlt-benchmarks/npm/micromark-factory-destination/-/micromark-factory-destination-2.0.1.tgz 734ms (cache miss)
npm http fetch GET 200 https://registry.vlt.io/vlt-benchmarks/npm/micromark-extension-gfm-strikethrough/-/micromark-extension-gfm-strikethrough-2.1.0.tgz 756ms (cache miss)
npm http fetch GET 200 https://registry.vlt.io/vlt-benchmarks/npm/@types/ms/-/ms-2.1.0.tgz 755ms (cache miss)
npm http fetch GET 200 https://registry.vlt.io/vlt-benchmarks/npm/micromark-util-resolve-all/-/micromark-util-resolve-all-2.0.1.tgz 755ms (cache miss)
npm http fetch GET 200 https://registry.vlt.io/vlt-benchmarks/npm/micromark-util-subtokenize/-/micromark-util-subtokenize-2.1.0.tgz 755ms (cache miss)
npm http fetch GET 200 https://registry.vlt.io/vlt-benchmarks/npm/micromark-util-combine-extensions/-/micromark-util-combine-extensions-2.0.1.tgz 755ms (cache miss)
npm http fetch GET 200 https://registry.vlt.io/vlt-benchmarks/npm/@shikijs/core/-/core-3.23.0.tgz 788ms (cache miss)
npm http fetch GET 200 https://registry.vlt.io/vlt-benchmarks/npm/retext/-/retext-9.0.0.tgz 786ms (cache miss)
npm http fetch GET 200 https://registry.vlt.io/vlt-benchmarks/npm/micromark-util-classify-character/-/micromark-util-classify-character-2.0.1.tgz 782ms (cache miss)
npm http fetch GET 200 https://registry.vlt.io/vlt-benchmarks/npm/mdast-util-phrasing/-/mdast-util-phrasing-4.1.0.tgz 782ms (cache miss)
npm http fetch GET 200 https://registry.vlt.io/vlt-benchmarks/npm/micromark-factory-whitespace/-/micromark-factory-whitespace-2.0.1.tgz 804ms (cache miss)
npm http fetch GET 200 https://registry.vlt.io/vlt-benchmarks/npm/micromark-util-edit-map/-/micromark-util-edit-map-1.0.0.tgz 803ms (cache miss)
npm http fetch GET 200 https://registry.vlt.io/vlt-benchmarks/npm/micromark-factory-space/-/micromark-factory-space-2.1.0.tgz 803ms (cache miss)
npm http fetch GET 200 https://registry.vlt.io/vlt-benchmarks/npm/micromark-util-html-tag-name/-/micromark-util-html-tag-name-2.0.1.tgz 802ms (cache miss)
npm http fetch GET 200 https://registry.vlt.io/vlt-benchmarks/npm/@types/debug/-/debug-4.1.13.tgz 804ms (cache miss)
npm http fetch GET 200 https://registry.vlt.io/vlt-benchmarks/npm/escape-string-regexp/-/escape-string-regexp-5.0.0.tgz 802ms (cache miss)
npm http fetch GET 200 https://registry.vlt.io/vlt-benchmarks/npm/mdast-util-find-and-replace/-/mdast-util-find-and-replace-3.0.2.tgz 802ms (cache miss)
npm http fetch GET 200 https://registry.vlt.io/vlt-benchmarks/npm/micromark-util-normalize-identifier/-/micromark-util-normalize-identifier-2.0.1.tgz 801ms (cache miss)
npm http fetch GET 200 https://registry.vlt.io/vlt-benchmarks/npm/unist-util-stringify-position/-/unist-util-stringify-position-4.0.0.tgz 802ms (cache miss)
npm http fetch GET 200 https://registry.vlt.io/vlt-benchmarks/npm/micromark-util-chunked/-/micromark-util-chunked-2.0.1.tgz 822ms (cache miss)
npm http fetch GET 200 https://registry.vlt.io/vlt-benchmarks/npm/longest-streak/-/longest-streak-3.1.0.tgz 821ms (cache miss)
npm http fetch GET 200 https://registry.vlt.io/vlt-benchmarks/npm/micromark-util-decode-string/-/micromark-util-decode-string-2.0.1.tgz 820ms (cache miss)
npm http fetch GET 200 https://registry.vlt.io/vlt-benchmarks/npm/mdast-util-to-string/-/mdast-util-to-string-4.0.0.tgz 819ms (cache miss)
npm http fetch GET 200 https://registry.vlt.io/vlt-benchmarks/npm/micromark-util-decode-numeric-character-reference/-/micromark-util-decode-numeric-character-reference-2.0.2.tgz 820ms (cache miss)
npm http fetch GET 200 https://registry.vlt.io/vlt-benchmarks/npm/markdown-table/-/markdown-table-3.0.4.tgz 840ms (cache miss)
npm http fetch GET 200 https://registry.vlt.io/vlt-benchmarks/npm/unist-util-is/-/unist-util-is-6.0.1.tgz 841ms (cache miss)
npm http fetch GET 200 https://registry.vlt.io/vlt-benchmarks/npm/character-entities/-/character-entities-2.0.2.tgz 840ms (cache miss)
npm http fetch GET 200 https://registry.vlt.io/vlt-benchmarks/npm/decode-named-character-reference/-/decode-named-character-reference-1.3.0.tgz 839ms (cache miss)
npm http fetch GET 200 https://registry.vlt.io/vlt-benchmarks/npm/mdast-util-gfm-table/-/mdast-util-gfm-table-2.0.0.tgz 839ms (cache miss)
npm http fetch GET 200 https://registry.vlt.io/vlt-benchmarks/npm/mdast-util-gfm-footnote/-/mdast-util-gfm-footnote-2.1.0.tgz 839ms (cache miss)
npm http fetch GET 200 https://registry.vlt.io/vlt-benchmarks/npm/mdast-util-gfm-task-list-item/-/mdast-util-gfm-task-list-item-2.0.0.tgz 862ms (cache miss)
npm http fetch GET 200 https://registry.vlt.io/vlt-benchmarks/npm/mdast-util-gfm-strikethrough/-/mdast-util-gfm-strikethrough-2.0.1.tgz 863ms (cache miss)
npm http fetch GET 200 https://registry.vlt.io/vlt-benchmarks/npm/remark-stringify/-/remark-stringify-11.0.0.tgz 862ms (cache miss)
npm http fetch GET 200 https://registry.vlt.io/vlt-benchmarks/npm/micromark-extension-gfm/-/micromark-extension-gfm-3.0.0.tgz 862ms (cache miss)
npm http fetch GET 200 https://registry.vlt.io/vlt-benchmarks/npm/stringify-entities/-/stringify-entities-4.0.4.tgz 862ms (cache miss)
npm http fetch GET 200 https://registry.vlt.io/vlt-benchmarks/npm/hast-util-whitespace/-/hast-util-whitespace-3.0.0.tgz 862ms (cache miss)
npm http fetch GET 200 https://registry.vlt.io/vlt-benchmarks/npm/ccount/-/ccount-2.0.1.tgz 898ms (cache miss)
npm http fetch GET 200 https://registry.vlt.io/vlt-benchmarks/npm/micromark-util-symbol/-/micromark-util-symbol-2.0.1.tgz 897ms (cache miss)
npm http fetch GET 200 https://registry.vlt.io/vlt-benchmarks/npm/micromark-util-types/-/micromark-util-types-2.0.3.tgz 898ms (cache miss)
npm http fetch GET 200 https://registry.vlt.io/vlt-benchmarks/npm/micromark-util-encode/-/micromark-util-encode-2.0.1.tgz 898ms (cache miss)
npm http fetch GET 200 https://registry.vlt.io/vlt-benchmarks/npm/trim-lines/-/trim-lines-3.0.1.tgz 898ms (cache miss)
npm http fetch GET 200 https://registry.vlt.io/vlt-benchmarks/npm/micromark-util-character/-/micromark-util-character-2.1.1.tgz 898ms (cache miss)
npm http fetch GET 200 https://registry.vlt.io/vlt-benchmarks/npm/micromark-util-sanitize-uri/-/micromark-util-sanitize-uri-2.0.1.tgz 898ms (cache miss)
npm http fetch GET 200 https://registry.vlt.io/vlt-benchmarks/npm/mdast-util-gfm-autolink-literal/-/mdast-util-gfm-autolink-literal-2.0.1.tgz 916ms (cache miss)
npm http fetch GET 200 https://registry.vlt.io/vlt-benchmarks/npm/unist-util-position/-/unist-util-position-5.0.0.tgz 914ms (cache miss)
npm http fetch GET 200 https://registry.vlt.io/vlt-benchmarks/npm/html-void-elements/-/html-void-elements-3.0.0.tgz 914ms (cache miss)
npm http fetch GET 200 https://registry.vlt.io/vlt-benchmarks/npm/hast-util-to-parse5/-/hast-util-to-parse5-8.0.1.tgz 914ms (cache miss)
npm http fetch GET 200 https://registry.vlt.io/vlt-benchmarks/npm/hast-util-raw/-/hast-util-raw-9.1.0.tgz 913ms (cache miss)
npm http fetch GET 200 https://registry.vlt.io/vlt-benchmarks/npm/rehype-parse/-/rehype-parse-9.0.1.tgz 930ms (cache miss)
npm http fetch GET 200 https://registry.vlt.io/vlt-benchmarks/npm/sisteransi/-/sisteransi-1.0.5.tgz 931ms (cache miss)
npm http fetch GET 200 https://registry.vlt.io/vlt-benchmarks/npm/kleur/-/kleur-3.0.3.tgz 931ms (cache miss)
npm http fetch GET 200 https://registry.vlt.io/vlt-benchmarks/npm/yocto-queue/-/yocto-queue-1.2.2.tgz 931ms (cache miss)
npm http fetch GET 200 https://registry.vlt.io/vlt-benchmarks/npm/p-timeout/-/p-timeout-6.1.4.tgz 931ms (cache miss)
npm http fetch GET 200 https://registry.vlt.io/vlt-benchmarks/npm/@babel/helper-string-parser/-/helper-string-parser-7.29.7.tgz 948ms (cache miss)
npm http fetch GET 200 https://registry.vlt.io/vlt-benchmarks/npm/@types/mdast/-/mdast-4.0.4.tgz 950ms (cache miss)
npm http fetch GET 200 https://registry.vlt.io/vlt-benchmarks/npm/@babel/helper-validator-identifier/-/helper-validator-identifier-7.29.7.tgz 950ms (cache miss)
npm http fetch GET 200 https://registry.vlt.io/vlt-benchmarks/npm/mdast-util-gfm/-/mdast-util-gfm-3.1.0.tgz 974ms (cache miss)
npm http fetch GET 200 https://registry.vlt.io/vlt-benchmarks/npm/zwitch/-/zwitch-2.0.4.tgz 972ms (cache miss)
npm http fetch GET 200 https://registry.vlt.io/vlt-benchmarks/npm/eventemitter3/-/eventemitter3-5.0.4.tgz 970ms (cache miss)
npm http fetch GET 200 https://registry.vlt.io/vlt-benchmarks/npm/comma-separated-tokens/-/comma-separated-tokens-2.0.3.tgz 968ms (cache miss)
npm http fetch GET 200 https://registry.vlt.io/vlt-benchmarks/npm/is-inside-container/-/is-inside-container-1.0.0.tgz 984ms (cache miss)
npm http fetch GET 200 https://registry.vlt.io/vlt-benchmarks/npm/hast-util-parse-selector/-/hast-util-parse-selector-4.0.0.tgz 985ms (cache miss)
npm http fetch GET 200 https://registry.vlt.io/vlt-benchmarks/npm/space-separated-tokens/-/space-separated-tokens-2.0.2.tgz 985ms (cache miss)
npm http fetch GET 200 https://registry.vlt.io/vlt-benchmarks/npm/hast-util-is-element/-/hast-util-is-element-3.0.0.tgz 984ms (cache miss)
npm http fetch GET 200 https://registry.vlt.io/vlt-benchmarks/npm/web-namespaces/-/web-namespaces-2.0.1.tgz 984ms (cache miss)
npm http fetch GET 200 https://registry.vlt.io/vlt-benchmarks/npm/vfile-location/-/vfile-location-5.0.3.tgz 985ms (cache miss)
npm http fetch GET 200 https://registry.vlt.io/vlt-benchmarks/npm/hastscript/-/hastscript-9.0.1.tgz 985ms (cache miss)
npm http fetch GET 200 https://registry.vlt.io/vlt-benchmarks/npm/argparse/-/argparse-2.0.1.tgz 1002ms (cache miss)
npm http fetch GET 200 https://registry.vlt.io/vlt-benchmarks/npm/unist-util-find-after/-/unist-util-find-after-5.0.0.tgz 1002ms (cache miss)
npm http fetch GET 200 https://registry.vlt.io/vlt-benchmarks/npm/dequal/-/dequal-2.0.3.tgz 1001ms (cache miss)
npm http fetch GET 200 https://registry.vlt.io/vlt-benchmarks/npm/devlop/-/devlop-1.1.0.tgz 1000ms (cache miss)
npm http fetch GET 200 https://registry.vlt.io/vlt-benchmarks/npm/hast-util-from-parse5/-/hast-util-from-parse5-8.0.3.tgz 1001ms (cache miss)
npm http fetch GET 200 https://registry.vlt.io/vlt-benchmarks/npm/@types/hast/-/hast-3.0.5.tgz 1011ms (cache miss)
npm http fetch GET 200 https://registry.vlt.io/vlt-benchmarks/npm/ms/-/ms-2.1.3.tgz 1007ms (cache miss)
npm http fetch GET 200 https://registry.vlt.io/vlt-benchmarks/npm/wrap-ansi/-/wrap-ansi-9.0.2.tgz 1007ms (cache miss)
npm http fetch GET 200 https://registry.vlt.io/vlt-benchmarks/npm/sax/-/sax-1.6.1.tgz 1026ms (cache miss)
npm http fetch GET 200 https://registry.vlt.io/vlt-benchmarks/npm/@types/unist/-/unist-3.0.3.tgz 1025ms (cache miss)
npm http fetch GET 200 https://registry.vlt.io/vlt-benchmarks/npm/tiny-inflate/-/tiny-inflate-1.0.3.tgz 1019ms (cache miss)
npm http fetch GET 200 https://registry.vlt.io/vlt-benchmarks/npm/widest-line/-/widest-line-5.0.0.tgz 1019ms (cache miss)
npm http fetch GET 200 https://registry.vlt.io/vlt-benchmarks/npm/string-width/-/string-width-7.2.0.tgz 1020ms (cache miss)
npm http fetch GET 200 https://registry.vlt.io/vlt-benchmarks/npm/ansi-align/-/ansi-align-3.0.1.tgz 1019ms (cache miss)
npm http fetch GET 200 https://registry.vlt.io/vlt-benchmarks/npm/camelcase/-/camelcase-8.0.0.tgz 1020ms (cache miss)
npm http fetch GET 200 https://registry.vlt.io/vlt-benchmarks/npm/commander/-/commander-11.1.0.tgz 1066ms (cache miss)
npm http fetch GET 200 https://registry.vlt.io/vlt-benchmarks/npm/vfile-message/-/vfile-message-4.0.3.tgz 1039ms (cache miss)
npm http fetch GET 200 https://registry.vlt.io/vlt-benchmarks/npm/cli-boxes/-/cli-boxes-3.0.0.tgz 1034ms (cache miss)
npm http fetch GET 200 https://registry.vlt.io/vlt-benchmarks/npm/is-wsl/-/is-wsl-3.1.1.tgz 1033ms (cache miss)
npm http fetch GET 200 https://registry.vlt.io/vlt-benchmarks/npm/base-64/-/base-64-1.0.0.tgz 1051ms (cache miss)
npm http fetch GET 200 https://registry.vlt.io/vlt-benchmarks/npm/chalk/-/chalk-5.6.2.tgz 1045ms (cache miss)
npm http fetch GET 200 https://registry.vlt.io/vlt-benchmarks/npm/@types/estree/-/estree-1.0.9.tgz 1045ms (cache miss)
npm http fetch GET 200 https://registry.vlt.io/vlt-benchmarks/npm/unist-util-visit-parents/-/unist-util-visit-parents-6.0.2.tgz 1045ms (cache miss)
npm http fetch GET 200 https://registry.vlt.io/vlt-benchmarks/npm/unist-util-remove-position/-/unist-util-remove-position-5.0.0.tgz 1045ms (cache miss)
npm http fetch GET 200 https://registry.vlt.io/vlt-benchmarks/npm/remark-smartypants/-/remark-smartypants-3.0.3.tgz 1045ms (cache miss)
npm http fetch GET 200 https://registry.vlt.io/vlt-benchmarks/npm/remark-rehype/-/remark-rehype-11.1.2.tgz 1045ms (cache miss)
npm http fetch GET 200 https://registry.vlt.io/vlt-benchmarks/npm/remark-gfm/-/remark-gfm-4.0.1.tgz 1045ms (cache miss)
npm http fetch GET 200 https://registry.vlt.io/vlt-benchmarks/npm/which-pm-runs/-/which-pm-runs-1.1.0.tgz 1057ms (cache miss)
npm http fetch GET 200 https://registry.vlt.io/vlt-benchmarks/npm/is-docker/-/is-docker-3.0.0.tgz 1058ms (cache miss)
npm http fetch GET 200 https://registry.vlt.io/vlt-benchmarks/npm/rehype-stringify/-/rehype-stringify-10.0.1.tgz 1057ms (cache miss)
npm http fetch GET 200 https://registry.vlt.io/vlt-benchmarks/npm/hast-util-to-text/-/hast-util-to-text-4.0.2.tgz 1057ms (cache miss)
npm http fetch GET 200 https://registry.vlt.io/vlt-benchmarks/npm/rehype-raw/-/rehype-raw-7.0.0.tgz 1057ms (cache miss)
npm http fetch GET 200 https://registry.vlt.io/vlt-benchmarks/npm/hast-util-from-html/-/hast-util-from-html-2.0.3.tgz 1057ms (cache miss)
npm http fetch GET 200 https://registry.vlt.io/vlt-benchmarks/npm/remark-parse/-/remark-parse-11.0.0.tgz 1067ms (cache miss)
npm http fetch GET 200 https://registry.vlt.io/vlt-benchmarks/npm/mdast-util-definitions/-/mdast-util-definitions-6.0.0.tgz 1066ms (cache miss)
npm http fetch GET 200 https://registry.vlt.io/vlt-benchmarks/npm/yocto-spinner/-/yocto-spinner-0.2.3.tgz 1065ms (cache miss)
npm http fetch GET 200 https://registry.vlt.io/vlt-benchmarks/npm/ohash/-/ohash-2.0.12.tgz 1116ms (cache miss)
npm http fetch GET 200 https://registry.vlt.io/vlt-benchmarks/npm/vitefu/-/vitefu-1.1.3.tgz 1075ms (cache miss)
npm http fetch GET 200 https://registry.vlt.io/vlt-benchmarks/npm/xxhash-wasm/-/xxhash-wasm-1.1.0.tgz 1075ms (cache miss)
npm http fetch GET 200 https://registry.vlt.io/vlt-benchmarks/npm/zod-to-ts/-/zod-to-ts-1.2.0.tgz 1085ms (cache miss)
npm http fetch GET 200 https://registry.vlt.io/vlt-benchmarks/npm/unist-util-visit/-/unist-util-visit-5.1.0.tgz 1085ms (cache miss)
npm http fetch GET 200 https://registry.vlt.io/vlt-benchmarks/npm/tinyglobby/-/tinyglobby-0.2.17.tgz 1084ms (cache miss)
npm http fetch GET 200 https://registry.vlt.io/vlt-benchmarks/npm/@astrojs/prism/-/prism-3.3.0.tgz 1096ms (cache miss)
npm http fetch GET 200 https://registry.vlt.io/vlt-benchmarks/npm/unifont/-/unifont-0.7.5.tgz 1094ms (cache miss)
npm http fetch GET 200 https://registry.vlt.io/vlt-benchmarks/npm/tinyexec/-/tinyexec-1.3.1.tgz 1095ms (cache miss)
npm http fetch GET 200 https://registry.vlt.io/vlt-benchmarks/npm/@img/sharp-linux-arm64/-/sharp-linux-arm64-0.34.5.tgz 1138ms (cache miss)
npm http fetch GET 200 https://registry.vlt.io/vlt-benchmarks/npm/piccolore/-/piccolore-0.1.3.tgz 1103ms (cache miss)
npm http fetch GET 200 https://registry.vlt.io/vlt-benchmarks/npm/p-queue/-/p-queue-8.1.1.tgz 1112ms (cache miss)
npm http fetch GET 200 https://registry.vlt.io/vlt-benchmarks/npm/package-manager-detector/-/package-manager-detector-1.8.0.tgz 1113ms (cache miss)
npm http fetch GET 200 https://registry.vlt.io/vlt-benchmarks/npm/p-limit/-/p-limit-6.2.0.tgz 1113ms (cache miss)
npm http fetch GET 200 https://registry.vlt.io/vlt-benchmarks/npm/rehype/-/rehype-13.0.2.tgz 1121ms (cache miss)
npm http fetch GET 200 https://registry.vlt.io/vlt-benchmarks/npm/mrmime/-/mrmime-2.0.1.tgz 1119ms (cache miss)
npm http fetch GET 200 https://registry.vlt.io/vlt-benchmarks/npm/github-slugger/-/github-slugger-2.0.0.tgz 1128ms (cache miss)
npm http fetch GET 200 https://registry.vlt.io/vlt-benchmarks/npm/fontace/-/fontace-0.4.1.tgz 1128ms (cache miss)
npm http fetch GET 200 https://registry.vlt.io/vlt-benchmarks/npm/html-escaper/-/html-escaper-3.0.3.tgz 1128ms (cache miss)
npm http fetch GET 200 https://registry.vlt.io/vlt-benchmarks/npm/http-cache-semantics/-/http-cache-semantics-4.2.0.tgz 1136ms (cache miss)
npm http fetch GET 200 https://registry.vlt.io/vlt-benchmarks/npm/flattie/-/flattie-1.1.1.tgz 1137ms (cache miss)
npm http fetch GET 200 https://registry.vlt.io/vlt-benchmarks/npm/dlv/-/dlv-1.1.3.tgz 1136ms (cache miss)
npm http fetch GET 200 https://registry.vlt.io/vlt-benchmarks/npm/esbuild/-/esbuild-0.27.7.tgz 1144ms (cache miss)
npm http fetch GET 200 https://registry.vlt.io/vlt-benchmarks/npm/debug/-/debug-4.4.3.tgz 1144ms (cache miss)
npm http fetch GET 200 https://registry.vlt.io/vlt-benchmarks/npm/ofetch/-/ofetch-1.5.1.tgz 1201ms (cache miss)
npm http fetch GET 200 https://registry.vlt.io/vlt-benchmarks/npm/h3/-/h3-1.15.11.tgz 1201ms (cache miss)
npm http fetch GET 200 https://registry.vlt.io/vlt-benchmarks/npm/micromark-extension-gfm-footnote/-/micromark-extension-gfm-footnote-2.1.0.tgz 1188ms (cache miss)
npm http fetch GET 200 https://registry.vlt.io/vlt-benchmarks/npm/estree-walker/-/estree-walker-3.0.3.tgz 1154ms (cache miss)
npm http fetch GET 200 https://registry.vlt.io/vlt-benchmarks/npm/dset/-/dset-3.1.4.tgz 1154ms (cache miss)
npm http fetch GET 200 https://registry.vlt.io/vlt-benchmarks/npm/cookie/-/cookie-1.1.1.tgz 1153ms (cache miss)
npm http fetch GET 200 https://registry.vlt.io/vlt-benchmarks/npm/common-ancestor-path/-/common-ancestor-path-1.0.1.tgz 1154ms (cache miss)
npm http fetch GET 200 https://registry.vlt.io/vlt-benchmarks/npm/ci-info/-/ci-info-4.4.0.tgz 1153ms (cache miss)
npm http fetch GET 200 https://registry.vlt.io/vlt-benchmarks/npm/@ungap/structured-clone/-/structured-clone-1.4.0.tgz 1185ms (cache miss)
npm http fetch GET 200 https://registry.vlt.io/vlt-benchmarks/npm/picomatch/-/picomatch-4.0.7.tgz 1165ms (cache miss)
npm http fetch GET 200 https://registry.vlt.io/vlt-benchmarks/npm/cssesc/-/cssesc-3.0.0.tgz 1162ms (cache miss)
npm http fetch GET 200 https://registry.vlt.io/vlt-benchmarks/npm/deterministic-object-hash/-/deterministic-object-hash-2.0.2.tgz 1162ms (cache miss)
npm http fetch GET 200 https://registry.vlt.io/vlt-benchmarks/npm/clsx/-/clsx-2.1.1.tgz 1163ms (cache miss)
npm http fetch GET 200 https://registry.vlt.io/vlt-benchmarks/npm/@oslojs/encoding/-/encoding-1.1.0.tgz 1161ms (cache miss)
npm http fetch GET 200 https://registry.vlt.io/vlt-benchmarks/npm/@capsizecss/unpack/-/unpack-4.0.1.tgz 1162ms (cache miss)
npm http fetch GET 200 https://registry.vlt.io/vlt-benchmarks/npm/unified/-/unified-11.0.5.tgz 1179ms (cache miss)
npm http fetch GET 200 https://registry.vlt.io/vlt-benchmarks/npm/es-module-lexer/-/es-module-lexer-1.7.0.tgz 1171ms (cache miss)
npm http fetch GET 200 https://registry.vlt.io/vlt-benchmarks/npm/boxen/-/boxen-8.0.1.tgz 1170ms (cache miss)
npm http fetch GET 200 https://registry.vlt.io/vlt-benchmarks/npm/@astrojs/telemetry/-/telemetry-3.3.0.tgz 1169ms (cache miss)
npm http fetch GET 200 https://registry.vlt.io/vlt-benchmarks/npm/@astrojs/markdown-remark/-/markdown-remark-6.3.11.tgz 1170ms (cache miss)
npm http fetch GET 200 https://registry.vlt.io/vlt-benchmarks/npm/@astrojs/internal-helpers/-/internal-helpers-0.7.6.tgz 1170ms (cache miss)
npm http fetch GET 200 https://registry.vlt.io/vlt-benchmarks/npm/@rollup/pluginutils/-/pluginutils-5.4.0.tgz 1177ms (cache miss)
npm http fetch GET 200 https://registry.vlt.io/vlt-benchmarks/npm/string-width/-/string-width-4.2.3.tgz 1175ms (cache miss)
npm http fetch GET 200 https://registry.vlt.io/vlt-benchmarks/npm/fontkitten/-/fontkitten-1.0.3.tgz 1195ms (cache miss)
npm http fetch GET 200 https://registry.vlt.io/vlt-benchmarks/npm/estree-walker/-/estree-walker-2.0.2.tgz 1180ms (cache miss)
npm http fetch GET 200 https://registry.vlt.io/vlt-benchmarks/npm/magicast/-/magicast-0.5.5.tgz 1192ms (cache miss)
npm http fetch GET 200 https://registry.vlt.io/vlt-benchmarks/npm/ansi-regex/-/ansi-regex-5.0.1.tgz 1187ms (cache miss)
npm http fetch GET 200 https://registry.vlt.io/vlt-benchmarks/npm/strip-ansi/-/strip-ansi-6.0.1.tgz 1188ms (cache miss)
npm http fetch GET 200 https://registry.vlt.io/vlt-benchmarks/npm/esbuild/-/esbuild-0.25.12.tgz 1188ms (cache miss)
npm http fetch GET 200 https://registry.vlt.io/vlt-benchmarks/npm/emoji-regex/-/emoji-regex-8.0.0.tgz 1194ms (cache miss)
npm http fetch GET 200 https://registry.vlt.io/vlt-benchmarks/npm/picomatch/-/picomatch-2.3.2.tgz 1206ms (cache miss)
npm http fetch GET 200 https://registry.vlt.io/vlt-benchmarks/npm/yargs-parser/-/yargs-parser-21.1.1.tgz 1229ms (cache miss)
npm http fetch GET 200 https://registry.vlt.io/vlt-benchmarks/npm/@shikijs/engine-oniguruma/-/engine-oniguruma-3.23.0.tgz 1269ms (cache miss)
npm http fetch GET 200 https://registry.vlt.io/vlt-benchmarks/npm/mdast-util-from-markdown/-/mdast-util-from-markdown-2.0.3.tgz 1256ms (cache miss)
npm http fetch GET 200 https://registry.vlt.io/vlt-benchmarks/npm/source-map-js/-/source-map-js-1.2.2.tgz 1273ms (cache miss)
npm http fetch GET 200 https://registry.vlt.io/vlt-benchmarks/npm/tsconfck/-/tsconfck-3.1.6.tgz 1262ms (cache miss)
npm warn deprecated tsconfck@3.1.6: unmaintained
npm http fetch GET 200 https://registry.vlt.io/vlt-benchmarks/npm/devalue/-/devalue-5.9.4.tgz 1300ms (cache miss)
npm http fetch GET 200 https://registry.vlt.io/vlt-benchmarks/npm/import-meta-resolve/-/import-meta-resolve-4.2.0.tgz 1319ms (cache miss)
npm http fetch GET 200 https://registry.vlt.io/vlt-benchmarks/npm/smol-toml/-/smol-toml-1.9.0.tgz 1325ms (cache miss)
npm http fetch GET 200 https://registry.vlt.io/vlt-benchmarks/npm/magic-string/-/magic-string-0.30.21.tgz 1327ms (cache miss)
npm http fetch GET 200 https://registry.vlt.io/vlt-benchmarks/npm/neotraverse/-/neotraverse-0.6.18.tgz 1349ms (cache miss)
npm http fetch GET 200 https://registry.vlt.io/vlt-benchmarks/npm/acorn/-/acorn-8.18.0.tgz 1359ms (cache miss)
npm http fetch GET 200 https://registry.vlt.io/vlt-benchmarks/npm/@jridgewell/sourcemap-codec/-/sourcemap-codec-1.6.0.tgz 1424ms (cache miss)
npm http fetch GET 200 https://registry.vlt.io/vlt-benchmarks/npm/vfile/-/vfile-6.0.3.tgz 1410ms (cache miss)
npm http fetch GET 200 https://registry.vlt.io/vlt-benchmarks/npm/mdn-data/-/mdn-data-2.27.1.tgz 1457ms (cache miss)
npm http fetch GET 200 https://registry.vlt.io/vlt-benchmarks/npm/micromark-extension-gfm-table/-/micromark-extension-gfm-table-2.1.2.tgz 1451ms (cache miss)
npm http fetch GET 200 https://registry.vlt.io/vlt-benchmarks/npm/ultrahtml/-/ultrahtml-1.7.0.tgz 1431ms (cache miss)
npm http fetch GET 200 https://registry.vlt.io/vlt-benchmarks/npm/node-fetch-native/-/node-fetch-native-1.6.7.tgz 1504ms (cache miss)
npm http fetch GET 200 https://registry.vlt.io/vlt-benchmarks/npm/mdn-data/-/mdn-data-2.0.28.tgz 1465ms (cache miss)
npm http fetch GET 200 https://registry.vlt.io/vlt-benchmarks/npm/@rollup/rollup-linux-arm64-gnu/-/rollup-linux-arm64-gnu-4.63.6.tgz 1526ms (cache miss)
npm http fetch GET 200 https://registry.vlt.io/vlt-benchmarks/npm/node-mock-http/-/node-mock-http-1.0.5.tgz 1575ms (cache miss)
npm http fetch GET 200 https://registry.vlt.io/vlt-benchmarks/npm/sharp/-/sharp-0.34.5.tgz 1534ms (cache miss)
npm http fetch GET 200 https://registry.vlt.io/vlt-benchmarks/npm/@babel/parser/-/parser-7.29.9.tgz 1553ms (cache miss)
npm http fetch GET 200 https://registry.vlt.io/vlt-benchmarks/npm/postcss/-/postcss-8.5.28.tgz 1596ms (cache miss)
npm http fetch GET 200 https://registry.vlt.io/vlt-benchmarks/npm/oniguruma-to-es/-/oniguruma-to-es-4.3.6.tgz 1585ms (cache miss)
npm http fetch GET 200 https://registry.vlt.io/vlt-benchmarks/npm/semver/-/semver-7.8.5.tgz 1552ms (cache miss)
npm http fetch GET 200 https://registry.vlt.io/vlt-benchmarks/npm/parse-latin/-/parse-latin-7.0.0.tgz 1616ms (cache miss)
npm http fetch GET 200 https://registry.vlt.io/vlt-benchmarks/npm/css-what/-/css-what-7.0.0.tgz 1628ms (cache miss)
npm http fetch GET 200 https://registry.vlt.io/vlt-benchmarks/npm/hast-util-to-html/-/hast-util-to-html-9.0.5.tgz 1610ms (cache miss)
npm http fetch GET 200 https://registry.vlt.io/vlt-benchmarks/npm/regex/-/regex-6.1.0.tgz 1670ms (cache miss)
npm http fetch GET 200 https://registry.vlt.io/vlt-benchmarks/npm/crossws/-/crossws-0.3.5.tgz 1683ms (cache miss)
npm http fetch GET 200 https://registry.vlt.io/vlt-benchmarks/npm/property-information/-/property-information-7.2.0.tgz 1649ms (cache miss)
npm http fetch GET 200 https://registry.vlt.io/vlt-benchmarks/npm/js-yaml/-/js-yaml-4.3.2.tgz 1650ms (cache miss)
npm http fetch GET 200 https://registry.vlt.io/vlt-benchmarks/npm/domutils/-/domutils-3.2.2.tgz 1744ms (cache miss)
npm http fetch GET 200 https://registry.vlt.io/vlt-benchmarks/npm/rollup/-/rollup-4.63.6.tgz 1809ms (cache miss)
npm http fetch GET 200 https://registry.vlt.io/vlt-benchmarks/npm/vite/-/vite-6.4.3.tgz 1807ms (cache miss)
npm http fetch GET 200 https://registry.vlt.io/vlt-benchmarks/npm/micromark/-/micromark-4.0.3.tgz 1835ms (cache miss)
npm http fetch GET 200 https://registry.vlt.io/vlt-benchmarks/npm/prompts/-/prompts-2.4.2.tgz 1823ms (cache miss)
npm http fetch GET 200 https://registry.vlt.io/vlt-benchmarks/npm/entities/-/entities-4.5.0.tgz 1854ms (cache miss)
npm http fetch GET 200 https://registry.vlt.io/vlt-benchmarks/npm/parse5/-/parse5-7.3.0.tgz 1922ms (cache miss)
npm http fetch GET 200 https://registry.vlt.io/vlt-benchmarks/npm/mdast-util-to-hast/-/mdast-util-to-hast-13.2.1.tgz 1934ms (cache miss)
npm http fetch GET 200 https://registry.vlt.io/vlt-benchmarks/npm/csso/-/csso-5.0.5.tgz 2025ms (cache miss)
npm http fetch GET 200 https://registry.vlt.io/vlt-benchmarks/npm/entities/-/entities-6.0.1.tgz 2011ms (cache miss)
npm http fetch GET 200 https://registry.vlt.io/vlt-benchmarks/npm/@shikijs/themes/-/themes-3.23.0.tgz 2067ms (cache miss)
npm http fetch GET 200 https://registry.vlt.io/vlt-benchmarks/npm/type-fest/-/type-fest-4.41.0.tgz 2110ms (cache miss)
npm http fetch GET 200 https://registry.vlt.io/vlt-benchmarks/npm/micromark-core-commonmark/-/micromark-core-commonmark-2.0.4.tgz 2154ms (cache miss)
npm http fetch GET 200 https://registry.vlt.io/vlt-benchmarks/npm/@astrojs/compiler/-/compiler-2.13.1.tgz 2148ms (cache miss)
npm http fetch GET 200 https://registry.vlt.io/vlt-benchmarks/npm/unstorage/-/unstorage-1.17.5.tgz 2205ms (cache miss)
npm http fetch GET 200 https://registry.vlt.io/vlt-benchmarks/npm/diff/-/diff-8.0.4.tgz 2217ms (cache miss)
npm http fetch GET 200 https://registry.vlt.io/vlt-benchmarks/npm/css-select/-/css-select-6.0.0.tgz 2290ms (cache miss)
npm http fetch GET 200 https://registry.vlt.io/vlt-benchmarks/npm/mdast-util-to-markdown/-/mdast-util-to-markdown-2.1.3.tgz 2277ms (cache miss)
npm http fetch GET 200 https://registry.vlt.io/vlt-benchmarks/npm/oniguruma-parser/-/oniguruma-parser-0.12.2.tgz 2292ms (cache miss)
npm http fetch GET 200 https://registry.vlt.io/vlt-benchmarks/npm/@esbuild/linux-arm64/-/linux-arm64-0.27.7.tgz 2278ms (cache miss)
npm http fetch GET 200 https://registry.vlt.io/vlt-benchmarks/npm/svgo/-/svgo-4.1.0.tgz 2267ms (cache miss)
npm http fetch GET 200 https://registry.vlt.io/vlt-benchmarks/npm/zod-to-json-schema/-/zod-to-json-schema-3.25.2.tgz 2302ms (cache miss)
npm http fetch GET 200 https://registry.vlt.io/vlt-benchmarks/npm/@esbuild/linux-arm64/-/linux-arm64-0.25.12.tgz 2292ms (cache miss)
npm http fetch GET 200 https://registry.vlt.io/vlt-benchmarks/npm/axobject-query/-/axobject-query-4.1.0.tgz 2348ms (cache miss)
npm http fetch GET 200 https://registry.vlt.io/vlt-benchmarks/npm/lru-cache/-/lru-cache-11.5.3.tgz 2404ms (cache miss)
npm http fetch GET 200 https://registry.vlt.io/vlt-benchmarks/npm/@babel/types/-/types-7.29.8.tgz 2452ms (cache miss)
npm http fetch GET 200 https://registry.vlt.io/vlt-benchmarks/npm/@img/sharp-libvips-linux-arm64/-/sharp-libvips-linux-arm64-1.2.4.tgz 2526ms (cache miss)
npm http fetch GET 200 https://registry.vlt.io/vlt-benchmarks/npm/undici/-/undici-8.11.2.tgz 2546ms (cache miss)
npm http fetch GET 200 https://registry.vlt.io/vlt-benchmarks/npm/aria-query/-/aria-query-5.3.2.tgz 2531ms (cache miss)
npm http fetch GET 200 https://registry.vlt.io/vlt-benchmarks/npm/css-tree/-/css-tree-2.2.1.tgz 2574ms (cache miss)
npm http fetch GET 200 https://registry.vlt.io/vlt-benchmarks/npm/css-tree/-/css-tree-3.2.1.tgz 2674ms (cache miss)
npm http fetch GET 200 https://registry.vlt.io/vlt-benchmarks/npm/typescript/-/typescript-5.9.3.tgz 2689ms (cache miss)
npm http fetch GET 200 https://registry.vlt.io/vlt-benchmarks/npm/prismjs/-/prismjs-1.30.0.tgz 2764ms (cache miss)
npm http fetch GET 200 https://registry.vlt.io/vlt-benchmarks/npm/@shikijs/langs/-/langs-3.23.0.tgz 2824ms (cache miss)
npm http fetch GET 200 https://registry.vlt.io/vlt-benchmarks/npm/zod/-/zod-3.25.76.tgz 2891ms (cache miss)
npm http fetch GET 200 https://registry.vlt.io/vlt-benchmarks/npm/shiki/-/shiki-3.23.0.tgz 2912ms (cache miss)
npm http fetch GET 200 https://registry.vlt.io/vlt-benchmarks/npm/astro/-/astro-5.18.2.tgz 3056ms (cache miss)

added 279 packages in 7s
