npm http fetch GET 200 https://registry.vlt.io/vlt-benchmarks/npm/astro 106ms (cache miss)
npm http fetch GET 200 https://registry.vlt.io/vlt-benchmarks/npm/dlv 33ms (cache miss)
npm http fetch GET 200 https://registry.vlt.io/vlt-benchmarks/npm/clsx 44ms (cache miss)
npm http fetch GET 200 https://registry.vlt.io/vlt-benchmarks/npm/diff 30ms (cache miss)
npm http fetch GET 200 https://registry.vlt.io/vlt-benchmarks/npm/dset 28ms (cache miss)
npm http fetch GET 200 https://registry.vlt.io/vlt-benchmarks/npm/zod 77ms (cache miss)
npm http fetch GET 200 https://registry.vlt.io/vlt-benchmarks/npm/svgo 30ms (cache miss)
npm http fetch GET 200 https://registry.vlt.io/vlt-benchmarks/npm/acorn 20ms (cache miss)
npm http fetch GET 200 https://registry.vlt.io/vlt-benchmarks/npm/boxen 18ms (cache miss)
npm http fetch GET 200 https://registry.vlt.io/vlt-benchmarks/npm/vite 46ms (cache miss)
npm http fetch GET 200 https://registry.vlt.io/vlt-benchmarks/npm/debug 37ms (cache miss)
npm http fetch GET 200 https://registry.vlt.io/vlt-benchmarks/npm/shiki 30ms (cache miss)
npm http fetch GET 200 https://registry.vlt.io/vlt-benchmarks/npm/cookie 14ms (cache miss)
npm http fetch GET 200 https://registry.vlt.io/vlt-benchmarks/npm/vfile 29ms (cache miss)
npm http fetch GET 200 https://registry.vlt.io/vlt-benchmarks/npm/mrmime 16ms (cache miss)
npm http fetch GET 200 https://registry.vlt.io/vlt-benchmarks/npm/cssesc 28ms (cache miss)
npm http fetch GET 200 https://registry.vlt.io/vlt-benchmarks/npm/rehype 15ms (cache miss)
npm http fetch GET 200 https://registry.vlt.io/vlt-benchmarks/npm/vitefu 16ms (cache miss)
npm http fetch GET 200 https://registry.vlt.io/vlt-benchmarks/npm/semver 19ms (cache miss)
npm http fetch GET 200 https://registry.vlt.io/vlt-benchmarks/npm/ci-info 15ms (cache miss)
npm http fetch GET 200 https://registry.vlt.io/vlt-benchmarks/npm/devalue 17ms (cache miss)
npm http fetch GET 200 https://registry.vlt.io/vlt-benchmarks/npm/esbuild 19ms (cache miss)
npm http fetch GET 200 https://registry.vlt.io/vlt-benchmarks/npm/flattie 26ms (cache miss)
npm http fetch GET 200 https://registry.vlt.io/vlt-benchmarks/npm/js-yaml 15ms (cache miss)
npm http fetch GET 200 https://registry.vlt.io/vlt-benchmarks/npm/p-limit 25ms (cache miss)
npm http fetch GET 200 https://registry.vlt.io/vlt-benchmarks/npm/prompts 28ms (cache miss)
npm http fetch GET 200 https://registry.vlt.io/vlt-benchmarks/npm/p-queue 47ms (cache miss)
npm http fetch GET 200 https://registry.vlt.io/vlt-benchmarks/npm/magicast 16ms (cache miss)
npm http fetch GET 200 https://registry.vlt.io/vlt-benchmarks/npm/tinyexec 15ms (cache miss)
npm http fetch GET 200 https://registry.vlt.io/vlt-benchmarks/npm/unifont 47ms (cache miss)
npm http fetch GET 200 https://registry.vlt.io/vlt-benchmarks/npm/tsconfck 26ms (cache miss)
npm http fetch GET 200 https://registry.vlt.io/vlt-benchmarks/npm/piccolore 16ms (cache miss)
npm http fetch GET 200 https://registry.vlt.io/vlt-benchmarks/npm/picomatch 16ms (cache miss)
npm http fetch GET 200 https://registry.vlt.io/vlt-benchmarks/npm/smol-toml 15ms (cache miss)
npm http fetch GET 200 https://registry.vlt.io/vlt-benchmarks/npm/ultrahtml 26ms (cache miss)
npm http fetch GET 200 https://registry.vlt.io/vlt-benchmarks/npm/unstorage 28ms (cache miss)
npm http fetch GET 200 https://registry.vlt.io/vlt-benchmarks/npm/fontace 183ms (cache miss)
npm http fetch GET 200 https://registry.vlt.io/vlt-benchmarks/npm/aria-query 16ms (cache miss)
npm http fetch GET 200 https://registry.vlt.io/vlt-benchmarks/npm/zod-to-ts 28ms (cache miss)
npm http fetch GET 200 https://registry.vlt.io/vlt-benchmarks/npm/tinyglobby 20ms (cache miss)
npm http fetch GET 200 https://registry.vlt.io/vlt-benchmarks/npm/xxhash-wasm 15ms (cache miss)
npm http fetch GET 200 https://registry.vlt.io/vlt-benchmarks/npm/neotraverse 26ms (cache miss)
npm http fetch GET 200 https://registry.vlt.io/vlt-benchmarks/npm/html-escaper 24ms (cache miss)
npm http fetch GET 200 https://registry.vlt.io/vlt-benchmarks/npm/magic-string 17ms (cache miss)
npm http fetch GET 200 https://registry.vlt.io/vlt-benchmarks/npm/yargs-parser 25ms (cache miss)
npm http fetch GET 200 https://registry.vlt.io/vlt-benchmarks/npm/estree-walker 25ms (cache miss)
npm http fetch GET 200 https://registry.vlt.io/vlt-benchmarks/npm/yocto-spinner 25ms (cache miss)
npm http fetch GET 200 https://registry.vlt.io/vlt-benchmarks/npm/axobject-query 16ms (cache miss)
npm http fetch GET 200 https://registry.vlt.io/vlt-benchmarks/npm/github-slugger 26ms (cache miss)
npm http fetch GET 200 https://registry.vlt.io/vlt-benchmarks/npm/@oslojs%2fencoding 16ms (cache miss)
npm http fetch GET 200 https://registry.vlt.io/vlt-benchmarks/npm/es-module-lexer 25ms (cache miss)
npm http fetch GET 200 https://registry.vlt.io/vlt-benchmarks/npm/@astrojs%2fcompiler 17ms (cache miss)
npm http fetch GET 200 https://registry.vlt.io/vlt-benchmarks/npm/unist-util-visit 28ms (cache miss)
npm http fetch GET 200 https://registry.vlt.io/vlt-benchmarks/npm/@astrojs%2ftelemetry 25ms (cache miss)
npm http fetch GET 200 https://registry.vlt.io/vlt-benchmarks/npm/@capsizecss%2funpack 26ms (cache miss)
npm http fetch GET 200 https://registry.vlt.io/vlt-benchmarks/npm/zod-to-json-schema 27ms (cache miss)
npm http fetch GET 200 https://registry.vlt.io/vlt-benchmarks/npm/@rollup%2fpluginutils 28ms (cache miss)
npm http fetch GET 200 https://registry.vlt.io/vlt-benchmarks/npm/import-meta-resolve 16ms (cache miss)
npm http fetch GET 200 https://registry.vlt.io/vlt-benchmarks/npm/common-ancestor-path 27ms (cache miss)
npm http fetch GET 200 https://registry.vlt.io/vlt-benchmarks/npm/http-cache-semantics 25ms (cache miss)
npm http fetch GET 200 https://registry.vlt.io/vlt-benchmarks/npm/@astrojs%2fmarkdown-remark 26ms (cache miss)
npm http fetch GET 200 https://registry.vlt.io/vlt-benchmarks/npm/package-manager-detector 27ms (cache miss)
npm http fetch GET 200 https://registry.vlt.io/vlt-benchmarks/npm/@astrojs%2finternal-helpers 27ms (cache miss)
npm http fetch GET 200 https://registry.vlt.io/vlt-benchmarks/npm/deterministic-object-hash 26ms (cache miss)
npm http fetch GET 200 https://registry.vlt.io/vlt-benchmarks/npm/sharp 49ms (cache miss)
npm http fetch GET 200 https://registry.vlt.io/vlt-benchmarks/npm/typescript 58ms (cache miss)
npm http fetch GET 200 https://registry.vlt.io/vlt-benchmarks/npm/rehype-raw 18ms (cache miss)
npm http fetch GET 200 https://registry.vlt.io/vlt-benchmarks/npm/remark-gfm 27ms (cache miss)
npm http fetch GET 200 https://registry.vlt.io/vlt-benchmarks/npm/unified 30ms (cache miss)
npm http fetch GET 200 https://registry.vlt.io/vlt-benchmarks/npm/remark-parse 15ms (cache miss)
npm http fetch GET 200 https://registry.vlt.io/vlt-benchmarks/npm/@astrojs%2fprism 24ms (cache miss)
npm http fetch GET 200 https://registry.vlt.io/vlt-benchmarks/npm/remark-rehype 28ms (cache miss)
npm http fetch GET 200 https://registry.vlt.io/vlt-benchmarks/npm/rehype-stringify 26ms (cache miss)
npm http fetch GET 200 https://registry.vlt.io/vlt-benchmarks/npm/remark-smartypants 15ms (cache miss)
npm http fetch GET 200 https://registry.vlt.io/vlt-benchmarks/npm/hast-util-from-html 15ms (cache miss)
npm http fetch GET 200 https://registry.vlt.io/vlt-benchmarks/npm/hast-util-to-text 26ms (cache miss)
npm http fetch GET 200 https://registry.vlt.io/vlt-benchmarks/npm/mdast-util-definitions 25ms (cache miss)
npm http fetch GET 200 https://registry.vlt.io/vlt-benchmarks/npm/unist-util-visit-parents 29ms (cache miss)
npm http fetch GET 200 https://registry.vlt.io/vlt-benchmarks/npm/unist-util-remove-position 26ms (cache miss)
npm http fetch GET 200 https://registry.vlt.io/vlt-benchmarks/npm/debug 18ms (cache revalidated)
npm http fetch GET 200 https://registry.vlt.io/vlt-benchmarks/npm/ci-info 15ms (cache revalidated)
npm http fetch GET 200 https://registry.vlt.io/vlt-benchmarks/npm/is-docker 26ms (cache miss)
npm http fetch GET 200 https://registry.vlt.io/vlt-benchmarks/npm/which-pm-runs 26ms (cache miss)
npm http fetch GET 200 https://registry.vlt.io/vlt-benchmarks/npm/is-wsl 46ms (cache miss)
npm http fetch GET 200 https://registry.vlt.io/vlt-benchmarks/npm/fontkitten 14ms (cache miss)
npm http fetch GET 200 https://registry.vlt.io/vlt-benchmarks/npm/@types%2festree 16ms (cache miss)
npm http fetch GET 200 https://registry.vlt.io/vlt-benchmarks/npm/estree-walker 16ms (cache revalidated)
npm http fetch GET 200 https://registry.vlt.io/vlt-benchmarks/npm/picomatch 15ms (cache revalidated)
npm http fetch GET 200 https://registry.vlt.io/vlt-benchmarks/npm/cli-boxes 17ms (cache miss)
npm http fetch GET 200 https://registry.vlt.io/vlt-benchmarks/npm/chalk 29ms (cache miss)
npm http fetch GET 200 https://registry.vlt.io/vlt-benchmarks/npm/camelcase 29ms (cache miss)
npm http fetch GET 200 https://registry.vlt.io/vlt-benchmarks/npm/wrap-ansi 16ms (cache miss)
npm http fetch GET 200 https://registry.vlt.io/vlt-benchmarks/npm/type-fest 26ms (cache miss)
npm http fetch GET 200 https://registry.vlt.io/vlt-benchmarks/npm/ansi-align 26ms (cache miss)
npm http fetch GET 200 https://registry.vlt.io/vlt-benchmarks/npm/widest-line 17ms (cache miss)
npm http fetch GET 200 https://registry.vlt.io/vlt-benchmarks/npm/ms 15ms (cache miss)
npm http fetch GET 200 https://registry.vlt.io/vlt-benchmarks/npm/string-width 27ms (cache miss)
npm http fetch GET 200 https://registry.vlt.io/vlt-benchmarks/npm/base-64 28ms (cache miss)
npm http fetch GET 200 https://registry.vlt.io/vlt-benchmarks/npm/@esbuild%2faix-ppc64 17ms (cache miss)
npm http fetch GET 200 https://registry.vlt.io/vlt-benchmarks/npm/@esbuild%2flinux-arm 15ms (cache miss)
npm http fetch GET 200 https://registry.vlt.io/vlt-benchmarks/npm/@esbuild%2flinux-x64 17ms (cache miss)
npm http fetch GET 200 https://registry.vlt.io/vlt-benchmarks/npm/@esbuild%2fsunos-x64 16ms (cache miss)
npm http fetch GET 200 https://registry.vlt.io/vlt-benchmarks/npm/@esbuild%2fwin32-x64 15ms (cache miss)
npm http fetch GET 200 https://registry.vlt.io/vlt-benchmarks/npm/@esbuild%2fdarwin-x64 15ms (cache miss)
npm http fetch GET 200 https://registry.vlt.io/vlt-benchmarks/npm/@esbuild%2flinux-ia32 16ms (cache miss)
npm http fetch GET 200 https://registry.vlt.io/vlt-benchmarks/npm/@esbuild%2fnetbsd-x64 15ms (cache miss)
npm http fetch GET 200 https://registry.vlt.io/vlt-benchmarks/npm/@esbuild%2fwin32-ia32 15ms (cache miss)
npm http fetch GET 200 https://registry.vlt.io/vlt-benchmarks/npm/@esbuild%2fandroid-arm 16ms (cache miss)
npm http fetch GET 200 https://registry.vlt.io/vlt-benchmarks/npm/@esbuild%2fandroid-x64 16ms (cache miss)
npm http fetch GET 200 https://registry.vlt.io/vlt-benchmarks/npm/@esbuild%2ffreebsd-x64 15ms (cache miss)
npm http fetch GET 200 https://registry.vlt.io/vlt-benchmarks/npm/@esbuild%2flinux-arm64 15ms (cache miss)
npm http fetch GET 200 https://registry.vlt.io/vlt-benchmarks/npm/@esbuild%2flinux-ppc64 15ms (cache miss)
npm http fetch GET 200 https://registry.vlt.io/vlt-benchmarks/npm/@esbuild%2flinux-s390x 14ms (cache miss)
npm http fetch GET 200 https://registry.vlt.io/vlt-benchmarks/npm/@esbuild%2fopenbsd-x64 14ms (cache miss)
npm http fetch GET 200 https://registry.vlt.io/vlt-benchmarks/npm/@esbuild%2fwin32-arm64 15ms (cache miss)
npm http fetch GET 200 https://registry.vlt.io/vlt-benchmarks/npm/@esbuild%2fdarwin-arm64 14ms (cache miss)
npm http fetch GET 200 https://registry.vlt.io/vlt-benchmarks/npm/@esbuild%2fnetbsd-arm64 15ms (cache miss)
npm http fetch GET 200 https://registry.vlt.io/vlt-benchmarks/npm/@esbuild%2fandroid-arm64 15ms (cache miss)
npm http fetch GET 200 https://registry.vlt.io/vlt-benchmarks/npm/@esbuild%2ffreebsd-arm64 14ms (cache miss)
npm http fetch GET 200 https://registry.vlt.io/vlt-benchmarks/npm/@esbuild%2flinux-loong64 15ms (cache miss)
npm http fetch GET 200 https://registry.vlt.io/vlt-benchmarks/npm/@esbuild%2flinux-riscv64 14ms (cache miss)
npm http fetch GET 200 https://registry.vlt.io/vlt-benchmarks/npm/@esbuild%2fopenbsd-arm64 15ms (cache miss)
npm http fetch GET 200 https://registry.vlt.io/vlt-benchmarks/npm/@esbuild%2flinux-mips64el 16ms (cache miss)
npm http fetch GET 200 https://registry.vlt.io/vlt-benchmarks/npm/@esbuild%2fopenharmony-arm64 15ms (cache miss)
npm http fetch GET 200 https://registry.vlt.io/vlt-benchmarks/npm/fontkitten 16ms (cache revalidated)
npm http fetch GET 200 https://registry.vlt.io/vlt-benchmarks/npm/@jridgewell%2fsourcemap-codec 15ms (cache miss)
npm http fetch GET 200 https://registry.vlt.io/vlt-benchmarks/npm/argparse 26ms (cache miss)
npm http fetch GET 200 https://registry.vlt.io/vlt-benchmarks/npm/@babel%2fparser 18ms (cache miss)
npm http fetch GET 200 https://registry.vlt.io/vlt-benchmarks/npm/@babel%2ftypes 32ms (cache miss)
npm http fetch GET 200 https://registry.vlt.io/vlt-benchmarks/npm/source-map-js 20ms (cache miss)
npm http fetch GET 200 https://registry.vlt.io/vlt-benchmarks/npm/yocto-queue 26ms (cache miss)
npm http fetch GET 200 https://registry.vlt.io/vlt-benchmarks/npm/p-timeout 27ms (cache miss)
npm http fetch GET 200 https://registry.vlt.io/vlt-benchmarks/npm/eventemitter3 26ms (cache miss)
npm http fetch GET 200 https://registry.vlt.io/vlt-benchmarks/npm/kleur 14ms (cache miss)
npm http fetch GET 200 https://registry.vlt.io/vlt-benchmarks/npm/@types%2fhast 15ms (cache miss)
npm http fetch GET 200 https://registry.vlt.io/vlt-benchmarks/npm/sisteransi 26ms (cache miss)
npm http fetch GET 200 https://registry.vlt.io/vlt-benchmarks/npm/rehype-stringify 15ms (cache revalidated)
npm http fetch GET 200 https://registry.vlt.io/vlt-benchmarks/npm/rehype-parse 27ms (cache miss)
npm http fetch GET 200 https://registry.vlt.io/vlt-benchmarks/npm/unified 14ms (cache revalidated)
npm http fetch GET 200 https://registry.vlt.io/vlt-benchmarks/npm/detect-libc 14ms (cache miss)
npm http fetch GET 200 https://registry.vlt.io/vlt-benchmarks/npm/@img%2fcolour 25ms (cache miss)
npm http fetch GET 200 https://registry.vlt.io/vlt-benchmarks/npm/@img%2fsharp-wasm32 25ms (cache miss)
npm http fetch GET 200 https://registry.vlt.io/vlt-benchmarks/npm/@img%2fsharp-linux-x64 16ms (cache miss)
npm http fetch GET 200 https://registry.vlt.io/vlt-benchmarks/npm/@img%2fsharp-linux-arm 27ms (cache miss)
npm http fetch GET 200 https://registry.vlt.io/vlt-benchmarks/npm/@img%2fsharp-darwin-x64 15ms (cache miss)
npm http fetch GET 200 https://registry.vlt.io/vlt-benchmarks/npm/@img%2fsharp-win32-x64 26ms (cache miss)
npm http fetch GET 200 https://registry.vlt.io/vlt-benchmarks/npm/@img%2fsharp-win32-ia32 26ms (cache miss)
npm http fetch GET 200 https://registry.vlt.io/vlt-benchmarks/npm/@img%2fsharp-linux-arm64 29ms (cache miss)
npm http fetch GET 200 https://registry.vlt.io/vlt-benchmarks/npm/@img%2fsharp-linux-ppc64 26ms (cache miss)
npm http fetch GET 200 https://registry.vlt.io/vlt-benchmarks/npm/@img%2fsharp-linux-s390x 19ms (cache miss)
npm http fetch GET 200 https://registry.vlt.io/vlt-benchmarks/npm/@img%2fsharp-win32-arm64 14ms (cache miss)
npm http fetch GET 200 https://registry.vlt.io/vlt-benchmarks/npm/@img%2fsharp-darwin-arm64 28ms (cache miss)
npm http fetch GET 200 https://registry.vlt.io/vlt-benchmarks/npm/@img%2fsharp-linux-riscv64 27ms (cache miss)
npm http fetch GET 200 https://registry.vlt.io/vlt-benchmarks/npm/@img%2fsharp-linuxmusl-x64 26ms (cache miss)
npm http fetch GET 200 https://registry.vlt.io/vlt-benchmarks/npm/@img%2fsharp-linuxmusl-arm64 15ms (cache miss)
npm http fetch GET 200 https://registry.vlt.io/vlt-benchmarks/npm/@img%2fsharp-libvips-linux-arm 27ms (cache miss)
npm http fetch GET 200 https://registry.vlt.io/vlt-benchmarks/npm/@img%2fsharp-libvips-linux-x64 25ms (cache miss)
npm http fetch GET 200 https://registry.vlt.io/vlt-benchmarks/npm/@img%2fsharp-libvips-darwin-x64 26ms (cache miss)
npm http fetch GET 200 https://registry.vlt.io/vlt-benchmarks/npm/@img%2fsharp-libvips-linux-arm64 26ms (cache miss)
npm http fetch GET 200 https://registry.vlt.io/vlt-benchmarks/npm/@img%2fsharp-libvips-linux-s390x 14ms (cache miss)
npm http fetch GET 200 https://registry.vlt.io/vlt-benchmarks/npm/@img%2fsharp-libvips-linux-ppc64 27ms (cache miss)
npm http fetch GET 200 https://registry.vlt.io/vlt-benchmarks/npm/@img%2fsharp-libvips-darwin-arm64 15ms (cache miss)
npm http fetch GET 200 https://registry.vlt.io/vlt-benchmarks/npm/@img%2fsharp-libvips-linuxmusl-x64 15ms (cache miss)
npm http fetch GET 200 https://registry.vlt.io/vlt-benchmarks/npm/@img%2fsharp-libvips-linux-riscv64 27ms (cache miss)
npm http fetch GET 200 https://registry.vlt.io/vlt-benchmarks/npm/@img%2fsharp-libvips-linuxmusl-arm64 25ms (cache miss)
npm http fetch GET 200 https://registry.vlt.io/vlt-benchmarks/npm/@types%2fhast 16ms (cache revalidated)
npm http fetch GET 200 https://registry.vlt.io/vlt-benchmarks/npm/@shikijs%2flangs 17ms (cache miss)
npm http fetch GET 200 https://registry.vlt.io/vlt-benchmarks/npm/@shikijs%2fcore 29ms (cache miss)
npm http fetch GET 200 https://registry.vlt.io/vlt-benchmarks/npm/@shikijs%2ftypes 26ms (cache miss)
npm http fetch GET 200 https://registry.vlt.io/vlt-benchmarks/npm/@shikijs%2fthemes 16ms (cache miss)
npm http fetch GET 200 https://registry.vlt.io/vlt-benchmarks/npm/@shikijs%2fvscode-textmate 16ms (cache miss)
npm http fetch GET 200 https://registry.vlt.io/vlt-benchmarks/npm/@shikijs%2fengine-javascript 15ms (cache miss)
npm http fetch GET 200 https://registry.vlt.io/vlt-benchmarks/npm/@shikijs%2fengine-oniguruma 25ms (cache miss)
npm http fetch GET 200 https://registry.vlt.io/vlt-benchmarks/npm/sax 25ms (cache miss)
npm http fetch GET 200 https://registry.vlt.io/vlt-benchmarks/npm/css-tree 14ms (cache miss)
npm http fetch GET 200 https://registry.vlt.io/vlt-benchmarks/npm/csso 25ms (cache miss)
npm http fetch GET 200 https://registry.vlt.io/vlt-benchmarks/npm/commander 16ms (cache miss)
npm http fetch GET 200 https://registry.vlt.io/vlt-benchmarks/npm/css-what 29ms (cache miss)
npm http fetch GET 200 https://registry.vlt.io/vlt-benchmarks/npm/css-select 26ms (cache miss)
npm http fetch GET 200 https://registry.vlt.io/vlt-benchmarks/npm/picocolors 17ms (cache miss)
npm http fetch GET 200 https://registry.vlt.io/vlt-benchmarks/npm/fdir 15ms (cache miss)
npm http fetch GET 200 https://registry.vlt.io/vlt-benchmarks/npm/ohash 15ms (cache miss)
npm http fetch GET 200 https://registry.vlt.io/vlt-benchmarks/npm/css-tree 15ms (cache revalidated)
npm http fetch GET 200 https://registry.vlt.io/vlt-benchmarks/npm/undici 28ms (cache miss)
npm http fetch GET 200 https://registry.vlt.io/vlt-benchmarks/npm/@types%2funist 26ms (cache miss)
npm http fetch GET 200 https://registry.vlt.io/vlt-benchmarks/npm/unist-util-is 25ms (cache miss)
npm http fetch GET 200 https://registry.vlt.io/vlt-benchmarks/npm/unist-util-visit-parents 15ms (cache revalidated)
npm http fetch GET 200 https://registry.vlt.io/vlt-benchmarks/npm/h3 16ms (cache miss)
npm http fetch GET 200 https://registry.vlt.io/vlt-benchmarks/npm/ufo 29ms (cache miss)
npm http fetch GET 200 https://registry.vlt.io/vlt-benchmarks/npm/destr 27ms (cache miss)
npm http fetch GET 200 https://registry.vlt.io/vlt-benchmarks/npm/ofetch 25ms (cache miss)
npm http fetch GET 200 https://registry.vlt.io/vlt-benchmarks/npm/chokidar 15ms (cache miss)
npm http fetch GET 200 https://registry.vlt.io/vlt-benchmarks/npm/anymatch 24ms (cache miss)
npm http fetch GET 200 https://registry.vlt.io/vlt-benchmarks/npm/node-fetch-native 14ms (cache miss)
npm http fetch GET 200 https://registry.vlt.io/vlt-benchmarks/npm/lru-cache 28ms (cache miss)
npm http fetch GET 200 https://registry.vlt.io/vlt-benchmarks/npm/fdir 16ms (cache revalidated)
npm http fetch GET 200 https://registry.vlt.io/vlt-benchmarks/npm/vfile-message 27ms (cache miss)
npm http fetch GET 200 https://registry.vlt.io/vlt-benchmarks/npm/esbuild 19ms (cache revalidated)
npm http fetch GET 200 https://registry.vlt.io/vlt-benchmarks/npm/postcss 23ms (cache miss)
npm http fetch GET 200 https://registry.vlt.io/vlt-benchmarks/npm/rollup 44ms (cache miss)
npm http fetch GET 200 https://registry.vlt.io/vlt-benchmarks/npm/fsevents 39ms (cache miss)
npm http fetch GET 200 https://registry.vlt.io/vlt-benchmarks/npm/yoctocolors 34ms (cache miss)
npm http fetch GET 200 https://registry.vlt.io/vlt-benchmarks/npm/hast-util-from-parse5 20ms (cache miss)
npm http fetch GET 200 https://registry.vlt.io/vlt-benchmarks/npm/prismjs 31ms (cache miss)
npm http fetch GET 200 https://registry.vlt.io/vlt-benchmarks/npm/devlop 34ms (cache miss)
npm http fetch GET 200 https://registry.vlt.io/vlt-benchmarks/npm/parse5 27ms (cache miss)
npm http fetch GET 200 https://registry.vlt.io/vlt-benchmarks/npm/hast-util-is-element 17ms (cache miss)
npm http fetch GET 200 https://registry.vlt.io/vlt-benchmarks/npm/unist-util-find-after 25ms (cache miss)
npm http fetch GET 200 https://registry.vlt.io/vlt-benchmarks/npm/@types%2fmdast 26ms (cache miss)
npm http fetch GET 200 https://registry.vlt.io/vlt-benchmarks/npm/hast-util-raw 28ms (cache miss)
npm http fetch GET 200 https://registry.vlt.io/vlt-benchmarks/npm/hast-util-to-html 24ms (cache miss)
npm http fetch GET 200 https://registry.vlt.io/vlt-benchmarks/npm/micromark-extension-gfm 15ms (cache miss)
npm http fetch GET 200 https://registry.vlt.io/vlt-benchmarks/npm/mdast-util-gfm 24ms (cache miss)
npm http fetch GET 200 https://registry.vlt.io/vlt-benchmarks/npm/remark-stringify 25ms (cache miss)
npm http fetch GET 200 https://registry.vlt.io/vlt-benchmarks/npm/micromark-util-types 15ms (cache miss)
npm http fetch GET 200 https://registry.vlt.io/vlt-benchmarks/npm/mdast-util-to-hast 15ms (cache miss)
npm http fetch GET 200 https://registry.vlt.io/vlt-benchmarks/npm/retext 27ms (cache miss)
npm http fetch GET 200 https://registry.vlt.io/vlt-benchmarks/npm/mdast-util-from-markdown 51ms (cache miss)
npm http fetch GET 200 https://registry.vlt.io/vlt-benchmarks/npm/retext-smartypants 20ms (cache miss)
npm http fetch GET 200 https://registry.vlt.io/vlt-benchmarks/npm/bail 16ms (cache miss)
npm http fetch GET 200 https://registry.vlt.io/vlt-benchmarks/npm/devlop 17ms (cache revalidated)
npm http fetch GET 200 https://registry.vlt.io/vlt-benchmarks/npm/extend 25ms (cache miss)
npm http fetch GET 200 https://registry.vlt.io/vlt-benchmarks/npm/trough 15ms (cache miss)
npm http fetch GET 200 https://registry.vlt.io/vlt-benchmarks/npm/is-plain-obj 26ms (cache miss)
npm http fetch GET 200 https://registry.vlt.io/vlt-benchmarks/npm/is-inside-container 15ms (cache miss)
npm http fetch GET 200 https://registry.vlt.io/vlt-benchmarks/npm/tiny-inflate 44ms (cache miss)
npm http fetch GET 200 https://registry.vlt.io/vlt-benchmarks/npm/strip-ansi 15ms (cache miss)
npm http fetch GET 200 https://registry.vlt.io/vlt-benchmarks/npm/emoji-regex 17ms (cache miss)
npm http fetch GET 200 https://registry.vlt.io/vlt-benchmarks/npm/string-width 20ms (cache revalidated)
npm http fetch GET 200 https://registry.vlt.io/vlt-benchmarks/npm/ansi-styles 15ms (cache miss)
npm http fetch GET 200 https://registry.vlt.io/vlt-benchmarks/npm/get-east-asian-width 25ms (cache miss)
npm http fetch GET 200 https://registry.vlt.io/vlt-benchmarks/npm/is-fullwidth-code-point 17ms (cache miss)
npm http fetch GET 200 https://registry.vlt.io/vlt-benchmarks/npm/emoji-regex 19ms (cache revalidated)
npm http fetch GET 200 https://registry.vlt.io/vlt-benchmarks/npm/strip-ansi 19ms (cache revalidated)
npm http fetch GET 200 https://registry.vlt.io/vlt-benchmarks/npm/@types%2funist 17ms (cache revalidated)
npm http fetch GET 200 https://registry.vlt.io/vlt-benchmarks/npm/dequal 18ms (cache miss)
npm http fetch GET 200 https://registry.vlt.io/vlt-benchmarks/npm/hastscript 25ms (cache miss)
npm http fetch GET 200 https://registry.vlt.io/vlt-benchmarks/npm/property-information 15ms (cache miss)
npm http fetch GET 200 https://registry.vlt.io/vlt-benchmarks/npm/vfile-location 15ms (cache miss)
npm http fetch GET 200 https://registry.vlt.io/vlt-benchmarks/npm/entities 14ms (cache miss)
npm http fetch GET 200 https://registry.vlt.io/vlt-benchmarks/npm/web-namespaces 25ms (cache miss)
npm http fetch GET 200 https://registry.vlt.io/vlt-benchmarks/npm/unist-util-stringify-position 25ms (cache miss)
npm http fetch GET 200 https://registry.vlt.io/vlt-benchmarks/npm/space-separated-tokens 16ms (cache miss)
npm http fetch GET 200 https://registry.vlt.io/vlt-benchmarks/npm/hast-util-parse-selector 17ms (cache miss)
npm http fetch GET 200 https://registry.vlt.io/vlt-benchmarks/npm/comma-separated-tokens 28ms (cache miss)
npm http fetch GET 200 https://registry.vlt.io/vlt-benchmarks/npm/@babel%2ftypes 29ms (cache revalidated)
npm http fetch GET 200 https://registry.vlt.io/vlt-benchmarks/npm/@babel%2fhelper-validator-identifier 30ms (cache miss)
npm http fetch GET 200 https://registry.vlt.io/vlt-benchmarks/npm/@babel%2fhelper-string-parser 31ms (cache miss)
npm http fetch GET 200 https://registry.vlt.io/vlt-benchmarks/npm/html-void-elements 18ms (cache miss)
npm http fetch GET 200 https://registry.vlt.io/vlt-benchmarks/npm/@ungap%2fstructured-clone 20ms (cache miss)
npm http fetch GET 200 https://registry.vlt.io/vlt-benchmarks/npm/hast-util-to-parse5 27ms (cache miss)
npm http fetch GET 200 https://registry.vlt.io/vlt-benchmarks/npm/unist-util-position 16ms (cache miss)
npm http fetch GET 200 https://registry.vlt.io/vlt-benchmarks/npm/zwitch 25ms (cache miss)
npm http fetch GET 200 https://registry.vlt.io/vlt-benchmarks/npm/trim-lines 28ms (cache miss)
npm http fetch GET 200 https://registry.vlt.io/vlt-benchmarks/npm/micromark-util-sanitize-uri 29ms (cache miss)
npm http fetch GET 200 https://registry.vlt.io/vlt-benchmarks/npm/micromark-util-symbol 16ms (cache miss)
npm http fetch GET 200 https://registry.vlt.io/vlt-benchmarks/npm/micromark-util-character 18ms (cache miss)
npm http fetch GET 200 https://registry.vlt.io/vlt-benchmarks/npm/micromark-util-encode 26ms (cache miss)
npm http fetch GET 200 https://registry.vlt.io/vlt-benchmarks/npm/ccount 16ms (cache miss)
npm http fetch GET 200 https://registry.vlt.io/vlt-benchmarks/npm/hast-util-whitespace 27ms (cache miss)
npm http fetch GET 200 https://registry.vlt.io/vlt-benchmarks/npm/stringify-entities 28ms (cache miss)
npm http fetch GET 200 https://registry.vlt.io/vlt-benchmarks/npm/character-entities-html4 15ms (cache miss)
npm http fetch GET 200 https://registry.vlt.io/vlt-benchmarks/npm/character-entities-legacy 26ms (cache miss)
npm http fetch GET 200 https://registry.vlt.io/vlt-benchmarks/npm/mdast-util-gfm-autolink-literal 16ms (cache miss)
npm http fetch GET 200 https://registry.vlt.io/vlt-benchmarks/npm/mdast-util-gfm-footnote 26ms (cache miss)
npm http fetch GET 200 https://registry.vlt.io/vlt-benchmarks/npm/mdast-util-gfm-strikethrough 27ms (cache miss)
npm http fetch GET 200 https://registry.vlt.io/vlt-benchmarks/npm/mdast-util-gfm-table 26ms (cache miss)
npm http fetch GET 200 https://registry.vlt.io/vlt-benchmarks/npm/mdast-util-to-markdown 16ms (cache miss)
npm http fetch GET 200 https://registry.vlt.io/vlt-benchmarks/npm/mdast-util-gfm-task-list-item 26ms (cache miss)
npm http fetch GET 200 https://registry.vlt.io/vlt-benchmarks/npm/micromark-extension-gfm-footnote 14ms (cache miss)
npm http fetch GET 200 https://registry.vlt.io/vlt-benchmarks/npm/micromark-extension-gfm-autolink-literal 26ms (cache miss)
npm http fetch GET 200 https://registry.vlt.io/vlt-benchmarks/npm/micromark-extension-gfm-strikethrough 17ms (cache miss)
npm http fetch GET 200 https://registry.vlt.io/vlt-benchmarks/npm/micromark-extension-gfm-table 14ms (cache miss)
npm http fetch GET 200 https://registry.vlt.io/vlt-benchmarks/npm/micromark-extension-gfm-tagfilter 16ms (cache miss)
npm http fetch GET 200 https://registry.vlt.io/vlt-benchmarks/npm/micromark-util-combine-extensions 17ms (cache miss)
npm http fetch GET 200 https://registry.vlt.io/vlt-benchmarks/npm/micromark-extension-gfm-task-list-item 24ms (cache miss)
npm http fetch GET 200 https://registry.vlt.io/vlt-benchmarks/npm/mdast-util-to-string 17ms (cache miss)
npm http fetch GET 200 https://registry.vlt.io/vlt-benchmarks/npm/micromark 19ms (cache miss)
npm http fetch GET 200 https://registry.vlt.io/vlt-benchmarks/npm/decode-named-character-reference 27ms (cache miss)
npm http fetch GET 200 https://registry.vlt.io/vlt-benchmarks/npm/micromark-util-normalize-identifier 15ms (cache miss)
npm http fetch GET 200 https://registry.vlt.io/vlt-benchmarks/npm/micromark-util-decode-string 26ms (cache miss)
npm http fetch GET 200 https://registry.vlt.io/vlt-benchmarks/npm/micromark-util-decode-numeric-character-reference 29ms (cache miss)
npm http fetch GET 200 https://registry.vlt.io/vlt-benchmarks/npm/longest-streak 15ms (cache miss)
npm http fetch GET 200 https://registry.vlt.io/vlt-benchmarks/npm/markdown-table 17ms (cache miss)
npm http fetch GET 200 https://registry.vlt.io/vlt-benchmarks/npm/mdast-util-find-and-replace 26ms (cache miss)
npm http fetch GET 200 https://registry.vlt.io/vlt-benchmarks/npm/micromark-util-html-tag-name 15ms (cache miss)
npm http fetch GET 200 https://registry.vlt.io/vlt-benchmarks/npm/micromark-util-classify-character 14ms (cache miss)
npm http fetch GET 200 https://registry.vlt.io/vlt-benchmarks/npm/mdast-util-phrasing 24ms (cache miss)
npm http fetch GET 200 https://registry.vlt.io/vlt-benchmarks/npm/character-entities 15ms (cache miss)
npm http fetch GET 200 https://registry.vlt.io/vlt-benchmarks/npm/micromark-util-chunked 28ms (cache miss)
npm http fetch GET 200 https://registry.vlt.io/vlt-benchmarks/npm/@types%2fdebug 29ms (cache miss)
npm http fetch GET 200 https://registry.vlt.io/vlt-benchmarks/npm/micromark-factory-space 25ms (cache miss)
npm http fetch GET 200 https://registry.vlt.io/vlt-benchmarks/npm/micromark-util-edit-map 15ms (cache miss)
npm http fetch GET 200 https://registry.vlt.io/vlt-benchmarks/npm/micromark-core-commonmark 27ms (cache miss)
npm http fetch GET 200 https://registry.vlt.io/vlt-benchmarks/npm/micromark-util-resolve-all 16ms (cache miss)
npm http fetch GET 200 https://registry.vlt.io/vlt-benchmarks/npm/micromark-util-subtokenize 25ms (cache miss)
npm http fetch GET 200 https://registry.vlt.io/vlt-benchmarks/npm/escape-string-regexp 25ms (cache miss)
npm http fetch GET 200 https://registry.vlt.io/vlt-benchmarks/npm/@types%2fms 15ms (cache miss)
npm http fetch GET 200 https://registry.vlt.io/vlt-benchmarks/npm/micromark-factory-space 16ms (cache revalidated)
npm http fetch GET 200 https://registry.vlt.io/vlt-benchmarks/npm/micromark-factory-label 26ms (cache miss)
npm http fetch GET 200 https://registry.vlt.io/vlt-benchmarks/npm/micromark-factory-whitespace 14ms (cache miss)
npm http fetch GET 200 https://registry.vlt.io/vlt-benchmarks/npm/micromark-factory-title 25ms (cache miss)
npm http fetch GET 200 https://registry.vlt.io/vlt-benchmarks/npm/micromark-factory-destination 25ms (cache miss)
npm http fetch GET 200 https://registry.vlt.io/vlt-benchmarks/npm/retext-latin 18ms (cache miss)
npm http fetch GET 200 https://registry.vlt.io/vlt-benchmarks/npm/@types%2fnlcst 19ms (cache miss)
npm http fetch GET 200 https://registry.vlt.io/vlt-benchmarks/npm/retext-stringify 29ms (cache miss)
npm http fetch GET 200 https://registry.vlt.io/vlt-benchmarks/npm/@types%2fnlcst 16ms (cache revalidated)
npm http fetch GET 200 https://registry.vlt.io/vlt-benchmarks/npm/nlcst-to-string 25ms (cache miss)
npm http fetch GET 200 https://registry.vlt.io/vlt-benchmarks/npm/parse-latin 28ms (cache miss)
npm http fetch GET 200 https://registry.vlt.io/vlt-benchmarks/npm/unist-util-visit-children 15ms (cache miss)
npm http fetch GET 200 https://registry.vlt.io/vlt-benchmarks/npm/unist-util-modify-children 17ms (cache miss)
npm http fetch GET 200 https://registry.vlt.io/vlt-benchmarks/npm/array-iterate 14ms (cache miss)
npm http fetch GET 200 https://registry.vlt.io/vlt-benchmarks/npm/@emnapi%2fruntime 25ms (cache miss)
npm http fetch GET 200 https://registry.vlt.io/vlt-benchmarks/npm/tslib 25ms (cache miss)
npm http fetch GET 200 https://registry.vlt.io/vlt-benchmarks/npm/oniguruma-to-es 26ms (cache miss)
npm http fetch GET 200 https://registry.vlt.io/vlt-benchmarks/npm/regex-recursion 15ms (cache miss)
npm http fetch GET 200 https://registry.vlt.io/vlt-benchmarks/npm/oniguruma-parser 27ms (cache miss)
npm http fetch GET 200 https://registry.vlt.io/vlt-benchmarks/npm/regex 27ms (cache miss)
npm http fetch GET 200 https://registry.vlt.io/vlt-benchmarks/npm/regex-utilities 16ms (cache miss)
npm http fetch GET 200 https://registry.vlt.io/vlt-benchmarks/npm/regex-utilities 16ms (cache miss)
npm http fetch GET 200 https://registry.vlt.io/vlt-benchmarks/npm/ansi-regex 26ms (cache miss)
npm http fetch GET 200 https://registry.vlt.io/vlt-benchmarks/npm/boolbase 16ms (cache miss)
npm http fetch GET 200 https://registry.vlt.io/vlt-benchmarks/npm/domutils 17ms (cache miss)
npm http fetch GET 200 https://registry.vlt.io/vlt-benchmarks/npm/nth-check 25ms (cache miss)
npm http fetch GET 200 https://registry.vlt.io/vlt-benchmarks/npm/mdn-data 16ms (cache miss)
npm http fetch GET 200 https://registry.vlt.io/vlt-benchmarks/npm/domhandler 25ms (cache miss)
npm http fetch GET 200 https://registry.vlt.io/vlt-benchmarks/npm/domelementtype 17ms (cache miss)
npm http fetch GET 200 https://registry.vlt.io/vlt-benchmarks/npm/domelementtype 16ms (cache miss)
npm http fetch GET 200 https://registry.vlt.io/vlt-benchmarks/npm/dom-serializer 25ms (cache miss)
npm http fetch GET 200 https://registry.vlt.io/vlt-benchmarks/npm/mdn-data 15ms (cache revalidated)
npm http fetch GET 200 https://registry.vlt.io/vlt-benchmarks/npm/entities 16ms (cache revalidated)
npm http fetch GET 200 https://registry.vlt.io/vlt-benchmarks/npm/readdirp 17ms (cache miss)
npm http fetch GET 200 https://registry.vlt.io/vlt-benchmarks/npm/normalize-path 27ms (cache miss)
npm http fetch GET 200 https://registry.vlt.io/vlt-benchmarks/npm/defu 28ms (cache miss)
npm http fetch GET 200 https://registry.vlt.io/vlt-benchmarks/npm/radix3 14ms (cache miss)
npm http fetch GET 200 https://registry.vlt.io/vlt-benchmarks/npm/crossws 15ms (cache miss)
npm http fetch GET 200 https://registry.vlt.io/vlt-benchmarks/npm/uncrypto 25ms (cache miss)
npm http fetch GET 200 https://registry.vlt.io/vlt-benchmarks/npm/cookie-es 26ms (cache miss)
npm http fetch GET 200 https://registry.vlt.io/vlt-benchmarks/npm/iron-webcrypto 27ms (cache miss)
npm http fetch GET 200 https://registry.vlt.io/vlt-benchmarks/npm/node-mock-http 16ms (cache miss)
npm http fetch GET 200 https://registry.vlt.io/vlt-benchmarks/npm/ufo 15ms (cache revalidated)
npm http fetch GET 200 https://registry.vlt.io/vlt-benchmarks/npm/@esbuild%2faix-ppc64 17ms (cache revalidated)
npm http fetch GET 200 https://registry.vlt.io/vlt-benchmarks/npm/@esbuild%2flinux-arm 18ms (cache revalidated)
npm http fetch GET 200 https://registry.vlt.io/vlt-benchmarks/npm/@esbuild%2flinux-x64 19ms (cache revalidated)
npm http fetch GET 200 https://registry.vlt.io/vlt-benchmarks/npm/@esbuild%2fwin32-x64 17ms (cache revalidated)
npm http fetch GET 200 https://registry.vlt.io/vlt-benchmarks/npm/@esbuild%2fsunos-x64 21ms (cache revalidated)
npm http fetch GET 200 https://registry.vlt.io/vlt-benchmarks/npm/@esbuild%2fdarwin-x64 20ms (cache revalidated)
npm http fetch GET 200 https://registry.vlt.io/vlt-benchmarks/npm/@esbuild%2flinux-ia32 20ms (cache revalidated)
npm http fetch GET 200 https://registry.vlt.io/vlt-benchmarks/npm/@esbuild%2fnetbsd-x64 18ms (cache revalidated)
npm http fetch GET 200 https://registry.vlt.io/vlt-benchmarks/npm/@esbuild%2fwin32-ia32 19ms (cache revalidated)
npm http fetch GET 200 https://registry.vlt.io/vlt-benchmarks/npm/@esbuild%2fandroid-arm 19ms (cache revalidated)
npm http fetch GET 200 https://registry.vlt.io/vlt-benchmarks/npm/@esbuild%2fandroid-x64 19ms (cache revalidated)
npm http fetch GET 200 https://registry.vlt.io/vlt-benchmarks/npm/@esbuild%2ffreebsd-x64 19ms (cache revalidated)
npm http fetch GET 200 https://registry.vlt.io/vlt-benchmarks/npm/@esbuild%2flinux-ppc64 17ms (cache revalidated)
npm http fetch GET 200 https://registry.vlt.io/vlt-benchmarks/npm/@esbuild%2flinux-arm64 19ms (cache revalidated)
npm http fetch GET 200 https://registry.vlt.io/vlt-benchmarks/npm/@esbuild%2flinux-s390x 18ms (cache revalidated)
npm http fetch GET 200 https://registry.vlt.io/vlt-benchmarks/npm/@esbuild%2fopenbsd-x64 17ms (cache revalidated)
npm http fetch GET 200 https://registry.vlt.io/vlt-benchmarks/npm/@esbuild%2fwin32-arm64 19ms (cache revalidated)
npm http fetch GET 200 https://registry.vlt.io/vlt-benchmarks/npm/@esbuild%2fdarwin-arm64 18ms (cache revalidated)
npm http fetch GET 200 https://registry.vlt.io/vlt-benchmarks/npm/@esbuild%2fnetbsd-arm64 20ms (cache revalidated)
npm http fetch GET 200 https://registry.vlt.io/vlt-benchmarks/npm/@esbuild%2ffreebsd-arm64 17ms (cache revalidated)
npm http fetch GET 200 https://registry.vlt.io/vlt-benchmarks/npm/@esbuild%2fandroid-arm64 19ms (cache revalidated)
npm http fetch GET 200 https://registry.vlt.io/vlt-benchmarks/npm/@esbuild%2flinux-riscv64 17ms (cache revalidated)
npm http fetch GET 200 https://registry.vlt.io/vlt-benchmarks/npm/@esbuild%2flinux-loong64 21ms (cache revalidated)
npm http fetch GET 200 https://registry.vlt.io/vlt-benchmarks/npm/@esbuild%2fopenbsd-arm64 19ms (cache revalidated)
npm http fetch GET 200 https://registry.vlt.io/vlt-benchmarks/npm/@esbuild%2flinux-mips64el 19ms (cache revalidated)
npm http fetch GET 200 https://registry.vlt.io/vlt-benchmarks/npm/@esbuild%2fopenharmony-arm64 19ms (cache revalidated)
npm http fetch GET 200 https://registry.vlt.io/vlt-benchmarks/npm/nanoid 20ms (cache miss)
npm http fetch GET 200 https://registry.vlt.io/vlt-benchmarks/npm/@rollup%2frollup-darwin-x64 15ms (cache miss)
npm http fetch GET 200 https://registry.vlt.io/vlt-benchmarks/npm/@rollup%2frollup-openbsd-x64 15ms (cache miss)
npm http fetch GET 200 https://registry.vlt.io/vlt-benchmarks/npm/@rollup%2frollup-freebsd-x64 18ms (cache miss)
npm http fetch GET 200 https://registry.vlt.io/vlt-benchmarks/npm/@napi-rs%2flzma-linux-x64-gnu 15ms (cache miss)
npm http fetch GET 200 https://registry.vlt.io/vlt-benchmarks/npm/@rollup%2frollup-darwin-arm64 17ms (cache miss)
npm http fetch GET 200 https://registry.vlt.io/vlt-benchmarks/npm/@rollup%2frollup-android-arm64 18ms (cache miss)
npm http fetch GET 200 https://registry.vlt.io/vlt-benchmarks/npm/@rollup%2frollup-freebsd-arm64 14ms (cache miss)
npm http fetch GET 200 https://registry.vlt.io/vlt-benchmarks/npm/@rollup%2frollup-linux-x64-gnu 34ms (cache miss)
npm http fetch GET 200 https://registry.vlt.io/vlt-benchmarks/npm/@rollup%2frollup-win32-x64-gnu 34ms (cache miss)
npm http fetch GET 200 https://registry.vlt.io/vlt-benchmarks/npm/@rollup%2frollup-linux-x64-musl 29ms (cache miss)
npm http fetch GET 200 https://registry.vlt.io/vlt-benchmarks/npm/@rollup%2frollup-win32-x64-msvc 17ms (cache miss)
npm http fetch GET 200 https://registry.vlt.io/vlt-benchmarks/npm/@rollup%2frollup-linux-arm64-gnu 17ms (cache miss)
npm http fetch GET 200 https://registry.vlt.io/vlt-benchmarks/npm/@rollup%2frollup-linux-ppc64-gnu 19ms (cache miss)
npm http fetch GET 200 https://registry.vlt.io/vlt-benchmarks/npm/@rollup%2frollup-linux-s390x-gnu 14ms (cache miss)
npm http fetch GET 200 https://registry.vlt.io/vlt-benchmarks/npm/@rollup%2frollup-win32-ia32-msvc 18ms (cache miss)
npm http fetch GET 200 https://registry.vlt.io/vlt-benchmarks/npm/@rollup%2frollup-android-arm-eabi 17ms (cache miss)
npm http fetch GET 200 https://registry.vlt.io/vlt-benchmarks/npm/@rollup%2frollup-linux-arm64-musl 16ms (cache miss)
npm http fetch GET 200 https://registry.vlt.io/vlt-benchmarks/npm/@rollup%2frollup-linux-ppc64-musl 14ms (cache miss)
npm http fetch GET 200 https://registry.vlt.io/vlt-benchmarks/npm/@rollup%2frollup-win32-arm64-msvc 15ms (cache miss)
npm http fetch GET 200 https://registry.vlt.io/vlt-benchmarks/npm/@rollup%2frollup-linux-loong64-gnu 14ms (cache miss)
npm http fetch GET 200 https://registry.vlt.io/vlt-benchmarks/npm/@rollup%2frollup-linux-riscv64-gnu 14ms (cache miss)
npm http fetch GET 200 https://registry.vlt.io/vlt-benchmarks/npm/@rollup%2frollup-openharmony-arm64 14ms (cache miss)
npm http fetch GET 200 https://registry.vlt.io/vlt-benchmarks/npm/@rollup%2frollup-linux-loong64-musl 13ms (cache miss)
npm http fetch GET 200 https://registry.vlt.io/vlt-benchmarks/npm/@rollup%2frollup-linux-riscv64-musl 15ms (cache miss)
npm http fetch GET 200 https://registry.vlt.io/vlt-benchmarks/npm/@rollup%2frollup-linux-arm-gnueabihf 15ms (cache miss)
npm http fetch GET 200 https://registry.vlt.io/vlt-benchmarks/npm/@rollup%2frollup-linux-arm-musleabihf 15ms (cache miss)
npm http fetch GET 200 https://registry.vlt.io/vlt-benchmarks/npm/ansi-regex 17ms (cache revalidated)
npm http fetch GET 200 https://registry.vlt.io/vlt-benchmarks/npm/is-fullwidth-code-point/-/is-fullwidth-code-point-3.0.0.tgz 270ms (cache miss)
npm http fetch GET 200 https://registry.vlt.io/vlt-benchmarks/npm/yoctocolors/-/yoctocolors-2.2.0.tgz 270ms (cache miss)
npm http fetch GET 200 https://registry.vlt.io/vlt-benchmarks/npm/normalize-path/-/normalize-path-3.0.0.tgz 289ms (cache miss)
npm http fetch GET 200 https://registry.vlt.io/vlt-benchmarks/npm/ansi-styles/-/ansi-styles-6.2.3.tgz 454ms (cache miss)
npm http fetch GET 200 https://registry.vlt.io/vlt-benchmarks/npm/defu/-/defu-6.1.7.tgz 453ms (cache miss)
npm http fetch GET 200 https://registry.vlt.io/vlt-benchmarks/npm/nanoid/-/nanoid-3.3.19.tgz 473ms (cache miss)
npm http fetch GET 200 https://registry.vlt.io/vlt-benchmarks/npm/readdirp/-/readdirp-5.1.1.tgz 471ms (cache miss)
npm http fetch GET 200 https://registry.vlt.io/vlt-benchmarks/npm/uncrypto/-/uncrypto-0.1.3.tgz 473ms (cache miss)
npm http fetch GET 200 https://registry.vlt.io/vlt-benchmarks/npm/radix3/-/radix3-1.1.2.tgz 495ms (cache miss)
npm http fetch GET 200 https://registry.vlt.io/vlt-benchmarks/npm/iron-webcrypto/-/iron-webcrypto-1.2.1.tgz 496ms (cache miss)
npm http fetch GET 200 https://registry.vlt.io/vlt-benchmarks/npm/ohash/-/ohash-2.0.12.tgz 493ms (cache miss)
npm http fetch GET 200 https://registry.vlt.io/vlt-benchmarks/npm/cookie-es/-/cookie-es-1.2.3.tgz 511ms (cache miss)
npm http fetch GET 200 https://registry.vlt.io/vlt-benchmarks/npm/destr/-/destr-2.0.5.tgz 510ms (cache miss)
npm http fetch GET 200 https://registry.vlt.io/vlt-benchmarks/npm/chokidar/-/chokidar-5.0.0.tgz 510ms (cache miss)
npm http fetch GET 200 https://registry.vlt.io/vlt-benchmarks/npm/trough/-/trough-2.2.0.tgz 509ms (cache miss)
npm http fetch GET 200 https://registry.vlt.io/vlt-benchmarks/npm/extend/-/extend-3.0.2.tgz 509ms (cache miss)
npm http fetch GET 200 https://registry.vlt.io/vlt-benchmarks/npm/anymatch/-/anymatch-3.1.3.tgz 531ms (cache miss)
npm http fetch GET 200 https://registry.vlt.io/vlt-benchmarks/npm/domelementtype/-/domelementtype-2.3.0.tgz 528ms (cache miss)
npm http fetch GET 200 https://registry.vlt.io/vlt-benchmarks/npm/is-plain-obj/-/is-plain-obj-4.1.0.tgz 548ms (cache miss)
npm http fetch GET 200 https://registry.vlt.io/vlt-benchmarks/npm/fdir/-/fdir-6.5.0.tgz 547ms (cache miss)
npm http fetch GET 200 https://registry.vlt.io/vlt-benchmarks/npm/picocolors/-/picocolors-1.1.1.tgz 546ms (cache miss)
npm http fetch GET 200 https://registry.vlt.io/vlt-benchmarks/npm/ufo/-/ufo-1.6.4.tgz 567ms (cache miss)
npm http fetch GET 200 https://registry.vlt.io/vlt-benchmarks/npm/array-iterate/-/array-iterate-2.0.1.tgz 565ms (cache miss)
npm http fetch GET 200 https://registry.vlt.io/vlt-benchmarks/npm/dom-serializer/-/dom-serializer-2.0.0.tgz 565ms (cache miss)
npm http fetch GET 200 https://registry.vlt.io/vlt-benchmarks/npm/nth-check/-/nth-check-2.1.1.tgz 564ms (cache miss)
npm http fetch GET 200 https://registry.vlt.io/vlt-benchmarks/npm/domhandler/-/domhandler-5.0.3.tgz 565ms (cache miss)
npm http fetch GET 200 https://registry.vlt.io/vlt-benchmarks/npm/sax/-/sax-1.6.1.tgz 564ms (cache miss)
npm http fetch GET 200 https://registry.vlt.io/vlt-benchmarks/npm/character-entities-legacy/-/character-entities-legacy-3.0.0.tgz 563ms (cache miss)
npm http fetch GET 200 https://registry.vlt.io/vlt-benchmarks/npm/ansi-regex/-/ansi-regex-6.4.0.tgz 564ms (cache miss)
npm http fetch GET 200 https://registry.vlt.io/vlt-benchmarks/npm/boolbase/-/boolbase-1.0.0.tgz 583ms (cache miss)
npm http fetch GET 200 https://registry.vlt.io/vlt-benchmarks/npm/strip-ansi/-/strip-ansi-7.2.0.tgz 581ms (cache miss)
npm http fetch GET 200 https://registry.vlt.io/vlt-benchmarks/npm/get-east-asian-width/-/get-east-asian-width-1.7.0.tgz 582ms (cache miss)
npm http fetch GET 200 https://registry.vlt.io/vlt-benchmarks/npm/emoji-regex/-/emoji-regex-10.6.0.tgz 582ms (cache miss)
npm http fetch GET 200 https://registry.vlt.io/vlt-benchmarks/npm/regex-utilities/-/regex-utilities-2.3.0.tgz 581ms (cache miss)
npm http fetch GET 200 https://registry.vlt.io/vlt-benchmarks/npm/bail/-/bail-2.0.2.tgz 601ms (cache miss)
npm http fetch GET 200 https://registry.vlt.io/vlt-benchmarks/npm/character-entities-html4/-/character-entities-html4-2.1.0.tgz 598ms (cache miss)
npm http fetch GET 200 https://registry.vlt.io/vlt-benchmarks/npm/@shikijs/types/-/types-3.23.0.tgz 597ms (cache miss)
npm http fetch GET 200 https://registry.vlt.io/vlt-benchmarks/npm/regex-recursion/-/regex-recursion-6.0.2.tgz 617ms (cache miss)
npm http fetch GET 200 https://registry.vlt.io/vlt-benchmarks/npm/@shikijs/vscode-textmate/-/vscode-textmate-10.0.2.tgz 617ms (cache miss)
npm http fetch GET 200 https://registry.vlt.io/vlt-benchmarks/npm/detect-libc/-/detect-libc-2.1.2.tgz 616ms (cache miss)
npm http fetch GET 200 https://registry.vlt.io/vlt-benchmarks/npm/unist-util-visit-children/-/unist-util-visit-children-3.0.0.tgz 631ms (cache miss)
npm http fetch GET 200 https://registry.vlt.io/vlt-benchmarks/npm/@shikijs/engine-javascript/-/engine-javascript-3.23.0.tgz 652ms (cache miss)
npm http fetch GET 200 https://registry.vlt.io/vlt-benchmarks/npm/retext-stringify/-/retext-stringify-4.0.0.tgz 650ms (cache miss)
npm http fetch GET 200 https://registry.vlt.io/vlt-benchmarks/npm/retext-latin/-/retext-latin-4.0.0.tgz 668ms (cache miss)
npm http fetch GET 200 https://registry.vlt.io/vlt-benchmarks/npm/@img/colour/-/colour-1.1.0.tgz 690ms (cache miss)
npm http fetch GET 200 https://registry.vlt.io/vlt-benchmarks/npm/unist-util-modify-children/-/unist-util-modify-children-4.0.0.tgz 690ms (cache miss)
npm http fetch GET 200 https://registry.vlt.io/vlt-benchmarks/npm/nlcst-to-string/-/nlcst-to-string-4.0.0.tgz 690ms (cache miss)
npm http fetch GET 200 https://registry.vlt.io/vlt-benchmarks/npm/micromark-extension-gfm-tagfilter/-/micromark-extension-gfm-tagfilter-2.0.0.tgz 689ms (cache miss)
npm http fetch GET 200 https://registry.vlt.io/vlt-benchmarks/npm/micromark-extension-gfm-task-list-item/-/micromark-extension-gfm-task-list-item-2.1.0.tgz 689ms (cache miss)
npm http fetch GET 200 https://registry.vlt.io/vlt-benchmarks/npm/retext-smartypants/-/retext-smartypants-6.2.0.tgz 710ms (cache miss)
npm http fetch GET 200 https://registry.vlt.io/vlt-benchmarks/npm/micromark-extension-gfm-autolink-literal/-/micromark-extension-gfm-autolink-literal-2.1.0.tgz 709ms (cache miss)
npm http fetch GET 200 https://registry.vlt.io/vlt-benchmarks/npm/micromark-factory-title/-/micromark-factory-title-2.0.1.tgz 709ms (cache miss)
npm http fetch GET 200 https://registry.vlt.io/vlt-benchmarks/npm/micromark-factory-label/-/micromark-factory-label-2.0.1.tgz 709ms (cache miss)
npm http fetch GET 200 https://registry.vlt.io/vlt-benchmarks/npm/@shikijs/core/-/core-3.23.0.tgz 732ms (cache miss)
npm http fetch GET 200 https://registry.vlt.io/vlt-benchmarks/npm/micromark-extension-gfm-footnote/-/micromark-extension-gfm-footnote-2.1.0.tgz 730ms (cache miss)
npm http fetch GET 200 https://registry.vlt.io/vlt-benchmarks/npm/micromark-factory-destination/-/micromark-factory-destination-2.0.1.tgz 729ms (cache miss)
npm http fetch GET 200 https://registry.vlt.io/vlt-benchmarks/npm/@types/ms/-/ms-2.1.0.tgz 730ms (cache miss)
npm http fetch GET 200 https://registry.vlt.io/vlt-benchmarks/npm/micromark-util-combine-extensions/-/micromark-util-combine-extensions-2.0.1.tgz 729ms (cache miss)
npm http fetch GET 200 https://registry.vlt.io/vlt-benchmarks/npm/micromark-util-resolve-all/-/micromark-util-resolve-all-2.0.1.tgz 730ms (cache miss)
npm http fetch GET 200 https://registry.vlt.io/vlt-benchmarks/npm/micromark-util-subtokenize/-/micromark-util-subtokenize-2.1.0.tgz 731ms (cache miss)
npm http fetch GET 200 https://registry.vlt.io/vlt-benchmarks/npm/micromark-factory-whitespace/-/micromark-factory-whitespace-2.0.1.tgz 761ms (cache miss)
npm http fetch GET 200 https://registry.vlt.io/vlt-benchmarks/npm/@types/debug/-/debug-4.1.13.tgz 758ms (cache miss)
npm http fetch GET 200 https://registry.vlt.io/vlt-benchmarks/npm/retext/-/retext-9.0.0.tgz 780ms (cache miss)
npm http fetch GET 200 https://registry.vlt.io/vlt-benchmarks/npm/@types/nlcst/-/nlcst-2.0.3.tgz 779ms (cache miss)
npm http fetch GET 200 https://registry.vlt.io/vlt-benchmarks/npm/micromark-util-edit-map/-/micromark-util-edit-map-1.0.0.tgz 778ms (cache miss)
npm http fetch GET 200 https://registry.vlt.io/vlt-benchmarks/npm/mdast-util-phrasing/-/mdast-util-phrasing-4.1.0.tgz 776ms (cache miss)
npm http fetch GET 200 https://registry.vlt.io/vlt-benchmarks/npm/micromark-util-classify-character/-/micromark-util-classify-character-2.0.1.tgz 778ms (cache miss)
npm http fetch GET 200 https://registry.vlt.io/vlt-benchmarks/npm/micromark-util-html-tag-name/-/micromark-util-html-tag-name-2.0.1.tgz 777ms (cache miss)
npm http fetch GET 200 https://registry.vlt.io/vlt-benchmarks/npm/escape-string-regexp/-/escape-string-regexp-5.0.0.tgz 777ms (cache miss)
npm http fetch GET 200 https://registry.vlt.io/vlt-benchmarks/npm/micromark-factory-space/-/micromark-factory-space-2.1.0.tgz 798ms (cache miss)
npm http fetch GET 200 https://registry.vlt.io/vlt-benchmarks/npm/micromark-extension-gfm-strikethrough/-/micromark-extension-gfm-strikethrough-2.1.0.tgz 797ms (cache miss)
npm http fetch GET 200 https://registry.vlt.io/vlt-benchmarks/npm/mdast-util-find-and-replace/-/mdast-util-find-and-replace-3.0.2.tgz 796ms (cache miss)
npm http fetch GET 200 https://registry.vlt.io/vlt-benchmarks/npm/unist-util-stringify-position/-/unist-util-stringify-position-4.0.0.tgz 796ms (cache miss)
npm http fetch GET 200 https://registry.vlt.io/vlt-benchmarks/npm/micromark-util-normalize-identifier/-/micromark-util-normalize-identifier-2.0.1.tgz 796ms (cache miss)
npm http fetch GET 200 https://registry.vlt.io/vlt-benchmarks/npm/micromark-util-decode-numeric-character-reference/-/micromark-util-decode-numeric-character-reference-2.0.2.tgz 796ms (cache miss)
npm http fetch GET 200 https://registry.vlt.io/vlt-benchmarks/npm/micromark-util-decode-string/-/micromark-util-decode-string-2.0.1.tgz 796ms (cache miss)
npm http fetch GET 200 https://registry.vlt.io/vlt-benchmarks/npm/micromark-util-chunked/-/micromark-util-chunked-2.0.1.tgz 818ms (cache miss)
npm http fetch GET 200 https://registry.vlt.io/vlt-benchmarks/npm/longest-streak/-/longest-streak-3.1.0.tgz 816ms (cache miss)
npm http fetch GET 200 https://registry.vlt.io/vlt-benchmarks/npm/markdown-table/-/markdown-table-3.0.4.tgz 817ms (cache miss)
npm http fetch GET 200 https://registry.vlt.io/vlt-benchmarks/npm/unist-util-is/-/unist-util-is-6.0.1.tgz 817ms (cache miss)
npm http fetch GET 200 https://registry.vlt.io/vlt-benchmarks/npm/mdast-util-to-string/-/mdast-util-to-string-4.0.0.tgz 815ms (cache miss)
npm http fetch GET 200 https://registry.vlt.io/vlt-benchmarks/npm/decode-named-character-reference/-/decode-named-character-reference-1.3.0.tgz 815ms (cache miss)
npm http fetch GET 200 https://registry.vlt.io/vlt-benchmarks/npm/mdast-util-gfm-footnote/-/mdast-util-gfm-footnote-2.1.0.tgz 814ms (cache miss)
npm http fetch GET 200 https://registry.vlt.io/vlt-benchmarks/npm/mdast-util-gfm-task-list-item/-/mdast-util-gfm-task-list-item-2.0.0.tgz 815ms (cache miss)
npm http fetch GET 200 https://registry.vlt.io/vlt-benchmarks/npm/mdast-util-gfm-table/-/mdast-util-gfm-table-2.0.0.tgz 816ms (cache miss)
npm http fetch GET 200 https://registry.vlt.io/vlt-benchmarks/npm/mdast-util-gfm-strikethrough/-/mdast-util-gfm-strikethrough-2.0.1.tgz 816ms (cache miss)
npm http fetch GET 200 https://registry.vlt.io/vlt-benchmarks/npm/character-entities/-/character-entities-2.0.2.tgz 835ms (cache miss)
npm http fetch GET 200 https://registry.vlt.io/vlt-benchmarks/npm/micromark-extension-gfm/-/micromark-extension-gfm-3.0.0.tgz 831ms (cache miss)
npm http fetch GET 200 https://registry.vlt.io/vlt-benchmarks/npm/remark-stringify/-/remark-stringify-11.0.0.tgz 833ms (cache miss)
npm http fetch GET 200 https://registry.vlt.io/vlt-benchmarks/npm/stringify-entities/-/stringify-entities-4.0.4.tgz 832ms (cache miss)
npm http fetch GET 200 https://registry.vlt.io/vlt-benchmarks/npm/hast-util-whitespace/-/hast-util-whitespace-3.0.0.tgz 832ms (cache miss)
npm http fetch GET 200 https://registry.vlt.io/vlt-benchmarks/npm/ccount/-/ccount-2.0.1.tgz 853ms (cache miss)
npm http fetch GET 200 https://registry.vlt.io/vlt-benchmarks/npm/micromark-util-symbol/-/micromark-util-symbol-2.0.1.tgz 854ms (cache miss)
npm http fetch GET 200 https://registry.vlt.io/vlt-benchmarks/npm/micromark-util-types/-/micromark-util-types-2.0.3.tgz 854ms (cache miss)
npm http fetch GET 200 https://registry.vlt.io/vlt-benchmarks/npm/micromark-util-character/-/micromark-util-character-2.1.1.tgz 853ms (cache miss)
npm http fetch GET 200 https://registry.vlt.io/vlt-benchmarks/npm/mdast-util-gfm-autolink-literal/-/mdast-util-gfm-autolink-literal-2.0.1.tgz 875ms (cache miss)
npm http fetch GET 200 https://registry.vlt.io/vlt-benchmarks/npm/mdast-util-gfm/-/mdast-util-gfm-3.1.0.tgz 874ms (cache miss)
npm http fetch GET 200 https://registry.vlt.io/vlt-benchmarks/npm/trim-lines/-/trim-lines-3.0.1.tgz 873ms (cache miss)
npm http fetch GET 200 https://registry.vlt.io/vlt-benchmarks/npm/micromark-util-sanitize-uri/-/micromark-util-sanitize-uri-2.0.1.tgz 873ms (cache miss)
npm http fetch GET 200 https://registry.vlt.io/vlt-benchmarks/npm/unist-util-position/-/unist-util-position-5.0.0.tgz 873ms (cache miss)
npm http fetch GET 200 https://registry.vlt.io/vlt-benchmarks/npm/html-void-elements/-/html-void-elements-3.0.0.tgz 873ms (cache miss)
npm http fetch GET 200 https://registry.vlt.io/vlt-benchmarks/npm/hast-util-to-parse5/-/hast-util-to-parse5-8.0.1.tgz 873ms (cache miss)
npm http fetch GET 200 https://registry.vlt.io/vlt-benchmarks/npm/@ungap/structured-clone/-/structured-clone-1.4.0.tgz 873ms (cache miss)
npm http fetch GET 200 https://registry.vlt.io/vlt-benchmarks/npm/micromark-util-encode/-/micromark-util-encode-2.0.1.tgz 910ms (cache miss)
npm http fetch GET 200 https://registry.vlt.io/vlt-benchmarks/npm/hast-util-raw/-/hast-util-raw-9.1.0.tgz 907ms (cache miss)
npm http fetch GET 200 https://registry.vlt.io/vlt-benchmarks/npm/rehype-parse/-/rehype-parse-9.0.1.tgz 908ms (cache miss)
npm http fetch GET 200 https://registry.vlt.io/vlt-benchmarks/npm/sisteransi/-/sisteransi-1.0.5.tgz 908ms (cache miss)
npm http fetch GET 200 https://registry.vlt.io/vlt-benchmarks/npm/kleur/-/kleur-3.0.3.tgz 909ms (cache miss)
npm http fetch GET 200 https://registry.vlt.io/vlt-benchmarks/npm/yocto-queue/-/yocto-queue-1.2.2.tgz 906ms (cache miss)
npm http fetch GET 200 https://registry.vlt.io/vlt-benchmarks/npm/p-timeout/-/p-timeout-6.1.4.tgz 907ms (cache miss)
npm http fetch GET 200 https://registry.vlt.io/vlt-benchmarks/npm/@babel/helper-validator-identifier/-/helper-validator-identifier-7.29.7.tgz 939ms (cache miss)
npm http fetch GET 200 https://registry.vlt.io/vlt-benchmarks/npm/@types/mdast/-/mdast-4.0.4.tgz 939ms (cache miss)
npm http fetch GET 200 https://registry.vlt.io/vlt-benchmarks/npm/@babel/helper-string-parser/-/helper-string-parser-7.29.7.tgz 940ms (cache miss)
npm http fetch GET 200 https://registry.vlt.io/vlt-benchmarks/npm/is-inside-container/-/is-inside-container-1.0.0.tgz 959ms (cache miss)
npm http fetch GET 200 https://registry.vlt.io/vlt-benchmarks/npm/space-separated-tokens/-/space-separated-tokens-2.0.2.tgz 960ms (cache miss)
npm http fetch GET 200 https://registry.vlt.io/vlt-benchmarks/npm/comma-separated-tokens/-/comma-separated-tokens-2.0.3.tgz 959ms (cache miss)
npm http fetch GET 200 https://registry.vlt.io/vlt-benchmarks/npm/zwitch/-/zwitch-2.0.4.tgz 983ms (cache miss)
npm http fetch GET 200 https://registry.vlt.io/vlt-benchmarks/npm/hast-util-parse-selector/-/hast-util-parse-selector-4.0.0.tgz 975ms (cache miss)
npm http fetch GET 200 https://registry.vlt.io/vlt-benchmarks/npm/hast-util-is-element/-/hast-util-is-element-3.0.0.tgz 976ms (cache miss)
npm http fetch GET 200 https://registry.vlt.io/vlt-benchmarks/npm/web-namespaces/-/web-namespaces-2.0.1.tgz 976ms (cache miss)
npm http fetch GET 200 https://registry.vlt.io/vlt-benchmarks/npm/vfile-location/-/vfile-location-5.0.3.tgz 976ms (cache miss)
npm http fetch GET 200 https://registry.vlt.io/vlt-benchmarks/npm/unist-util-find-after/-/unist-util-find-after-5.0.0.tgz 990ms (cache miss)
npm http fetch GET 200 https://registry.vlt.io/vlt-benchmarks/npm/argparse/-/argparse-2.0.1.tgz 992ms (cache miss)
npm http fetch GET 200 https://registry.vlt.io/vlt-benchmarks/npm/hastscript/-/hastscript-9.0.1.tgz 990ms (cache miss)
npm http fetch GET 200 https://registry.vlt.io/vlt-benchmarks/npm/dequal/-/dequal-2.0.3.tgz 991ms (cache miss)
npm http fetch GET 200 https://registry.vlt.io/vlt-benchmarks/npm/hast-util-from-parse5/-/hast-util-from-parse5-8.0.3.tgz 990ms (cache miss)
npm http fetch GET 200 https://registry.vlt.io/vlt-benchmarks/npm/eventemitter3/-/eventemitter3-5.0.4.tgz 1004ms (cache miss)
npm http fetch GET 200 https://registry.vlt.io/vlt-benchmarks/npm/devlop/-/devlop-1.1.0.tgz 1002ms (cache miss)
npm http fetch GET 200 https://registry.vlt.io/vlt-benchmarks/npm/@types/hast/-/hast-3.0.5.tgz 1003ms (cache miss)
npm http fetch GET 200 https://registry.vlt.io/vlt-benchmarks/npm/ms/-/ms-2.1.3.tgz 1002ms (cache miss)
npm http fetch GET 200 https://registry.vlt.io/vlt-benchmarks/npm/@types/unist/-/unist-3.0.3.tgz 1016ms (cache miss)
npm http fetch GET 200 https://registry.vlt.io/vlt-benchmarks/npm/widest-line/-/widest-line-5.0.0.tgz 1014ms (cache miss)
npm http fetch GET 200 https://registry.vlt.io/vlt-benchmarks/npm/tiny-inflate/-/tiny-inflate-1.0.3.tgz 1016ms (cache miss)
npm http fetch GET 200 https://registry.vlt.io/vlt-benchmarks/npm/wrap-ansi/-/wrap-ansi-9.0.2.tgz 1015ms (cache miss)
npm http fetch GET 200 https://registry.vlt.io/vlt-benchmarks/npm/string-width/-/string-width-7.2.0.tgz 1015ms (cache miss)
npm http fetch GET 200 https://registry.vlt.io/vlt-benchmarks/npm/camelcase/-/camelcase-8.0.0.tgz 1015ms (cache miss)
npm http fetch GET 200 https://registry.vlt.io/vlt-benchmarks/npm/cli-boxes/-/cli-boxes-3.0.0.tgz 1015ms (cache miss)
npm http fetch GET 200 https://registry.vlt.io/vlt-benchmarks/npm/ansi-align/-/ansi-align-3.0.1.tgz 1016ms (cache miss)
npm http fetch GET 200 https://registry.vlt.io/vlt-benchmarks/npm/commander/-/commander-11.1.0.tgz 1056ms (cache miss)
npm http fetch GET 200 https://registry.vlt.io/vlt-benchmarks/npm/vfile-message/-/vfile-message-4.0.3.tgz 1030ms (cache miss)
npm http fetch GET 200 https://registry.vlt.io/vlt-benchmarks/npm/base-64/-/base-64-1.0.0.tgz 1029ms (cache miss)
npm http fetch GET 200 https://registry.vlt.io/vlt-benchmarks/npm/is-wsl/-/is-wsl-3.1.1.tgz 1027ms (cache miss)
npm http fetch GET 200 https://registry.vlt.io/vlt-benchmarks/npm/chalk/-/chalk-5.6.2.tgz 1039ms (cache miss)
npm http fetch GET 200 https://registry.vlt.io/vlt-benchmarks/npm/unist-util-visit-parents/-/unist-util-visit-parents-6.0.2.tgz 1039ms (cache miss)
npm http fetch GET 200 https://registry.vlt.io/vlt-benchmarks/npm/remark-smartypants/-/remark-smartypants-3.0.3.tgz 1038ms (cache miss)
npm http fetch GET 200 https://registry.vlt.io/vlt-benchmarks/npm/unist-util-remove-position/-/unist-util-remove-position-5.0.0.tgz 1038ms (cache miss)
npm http fetch GET 200 https://registry.vlt.io/vlt-benchmarks/npm/remark-rehype/-/remark-rehype-11.1.2.tgz 1039ms (cache miss)
npm http fetch GET 200 https://registry.vlt.io/vlt-benchmarks/npm/remark-gfm/-/remark-gfm-4.0.1.tgz 1039ms (cache miss)
npm http fetch GET 200 https://registry.vlt.io/vlt-benchmarks/npm/@types/estree/-/estree-1.0.9.tgz 1049ms (cache miss)
npm http fetch GET 200 https://registry.vlt.io/vlt-benchmarks/npm/is-docker/-/is-docker-3.0.0.tgz 1049ms (cache miss)
npm http fetch GET 200 https://registry.vlt.io/vlt-benchmarks/npm/which-pm-runs/-/which-pm-runs-1.1.0.tgz 1049ms (cache miss)
npm http fetch GET 200 https://registry.vlt.io/vlt-benchmarks/npm/rehype-raw/-/rehype-raw-7.0.0.tgz 1049ms (cache miss)
npm http fetch GET 200 https://registry.vlt.io/vlt-benchmarks/npm/mdast-util-definitions/-/mdast-util-definitions-6.0.0.tgz 1048ms (cache miss)
npm http fetch GET 200 https://registry.vlt.io/vlt-benchmarks/npm/rehype-stringify/-/rehype-stringify-10.0.1.tgz 1048ms (cache miss)
npm http fetch GET 200 https://registry.vlt.io/vlt-benchmarks/npm/hast-util-to-text/-/hast-util-to-text-4.0.2.tgz 1049ms (cache miss)
npm http fetch GET 200 https://registry.vlt.io/vlt-benchmarks/npm/hast-util-from-html/-/hast-util-from-html-2.0.3.tgz 1049ms (cache miss)
npm http fetch GET 200 https://registry.vlt.io/vlt-benchmarks/npm/remark-parse/-/remark-parse-11.0.0.tgz 1058ms (cache miss)
npm http fetch GET 200 https://registry.vlt.io/vlt-benchmarks/npm/@astrojs/prism/-/prism-3.3.0.tgz 1057ms (cache miss)
npm http fetch GET 200 https://registry.vlt.io/vlt-benchmarks/npm/yocto-spinner/-/yocto-spinner-0.2.3.tgz 1057ms (cache miss)
npm http fetch GET 200 https://registry.vlt.io/vlt-benchmarks/npm/vitefu/-/vitefu-1.1.3.tgz 1065ms (cache miss)
npm http fetch GET 200 https://registry.vlt.io/vlt-benchmarks/npm/zod-to-ts/-/zod-to-ts-1.2.0.tgz 1074ms (cache miss)
npm http fetch GET 200 https://registry.vlt.io/vlt-benchmarks/npm/unist-util-visit/-/unist-util-visit-5.1.0.tgz 1074ms (cache miss)
npm http fetch GET 200 https://registry.vlt.io/vlt-benchmarks/npm/tinyglobby/-/tinyglobby-0.2.17.tgz 1074ms (cache miss)
npm http fetch GET 200 https://registry.vlt.io/vlt-benchmarks/npm/unifont/-/unifont-0.7.5.tgz 1082ms (cache miss)
npm http fetch GET 200 https://registry.vlt.io/vlt-benchmarks/npm/tinyexec/-/tinyexec-1.3.1.tgz 1081ms (cache miss)
npm http fetch GET 200 https://registry.vlt.io/vlt-benchmarks/npm/@img/sharp-linux-arm64/-/sharp-linux-arm64-0.34.5.tgz 1120ms (cache miss)
npm http fetch GET 200 https://registry.vlt.io/vlt-benchmarks/npm/rehype/-/rehype-13.0.2.tgz 1090ms (cache miss)
npm http fetch GET 200 https://registry.vlt.io/vlt-benchmarks/npm/piccolore/-/piccolore-0.1.3.tgz 1090ms (cache miss)
npm http fetch GET 200 https://registry.vlt.io/vlt-benchmarks/npm/package-manager-detector/-/package-manager-detector-1.8.0.tgz 1090ms (cache miss)
npm http fetch GET 200 https://registry.vlt.io/vlt-benchmarks/npm/p-queue/-/p-queue-8.1.1.tgz 1097ms (cache miss)
npm http fetch GET 200 https://registry.vlt.io/vlt-benchmarks/npm/p-limit/-/p-limit-6.2.0.tgz 1097ms (cache miss)
npm http fetch GET 200 https://registry.vlt.io/vlt-benchmarks/npm/mrmime/-/mrmime-2.0.1.tgz 1097ms (cache miss)
npm http fetch GET 200 https://registry.vlt.io/vlt-benchmarks/npm/fontace/-/fontace-0.4.1.tgz 1104ms (cache miss)
npm http fetch GET 200 https://registry.vlt.io/vlt-benchmarks/npm/html-escaper/-/html-escaper-3.0.3.tgz 1111ms (cache miss)
npm http fetch GET 200 https://registry.vlt.io/vlt-benchmarks/npm/github-slugger/-/github-slugger-2.0.0.tgz 1112ms (cache miss)
npm http fetch GET 200 https://registry.vlt.io/vlt-benchmarks/npm/flattie/-/flattie-1.1.1.tgz 1111ms (cache miss)
npm http fetch GET 200 https://registry.vlt.io/vlt-benchmarks/npm/http-cache-semantics/-/http-cache-semantics-4.2.0.tgz 1119ms (cache miss)
npm http fetch GET 200 https://registry.vlt.io/vlt-benchmarks/npm/dlv/-/dlv-1.1.3.tgz 1118ms (cache miss)
npm http fetch GET 200 https://registry.vlt.io/vlt-benchmarks/npm/dset/-/dset-3.1.4.tgz 1118ms (cache miss)
npm http fetch GET 200 https://registry.vlt.io/vlt-benchmarks/npm/esbuild/-/esbuild-0.27.7.tgz 1119ms (cache miss)
npm http fetch GET 200 https://registry.vlt.io/vlt-benchmarks/npm/deterministic-object-hash/-/deterministic-object-hash-2.0.2.tgz 1118ms (cache miss)
npm http fetch GET 200 https://registry.vlt.io/vlt-benchmarks/npm/debug/-/debug-4.4.3.tgz 1118ms (cache miss)
npm http fetch GET 200 https://registry.vlt.io/vlt-benchmarks/npm/ofetch/-/ofetch-1.5.1.tgz 1168ms (cache miss)
npm http fetch GET 200 https://registry.vlt.io/vlt-benchmarks/npm/estree-walker/-/estree-walker-3.0.3.tgz 1125ms (cache miss)
npm http fetch GET 200 https://registry.vlt.io/vlt-benchmarks/npm/cookie/-/cookie-1.1.1.tgz 1125ms (cache miss)
npm http fetch GET 200 https://registry.vlt.io/vlt-benchmarks/npm/clsx/-/clsx-2.1.1.tgz 1124ms (cache miss)
npm http fetch GET 200 https://registry.vlt.io/vlt-benchmarks/npm/common-ancestor-path/-/common-ancestor-path-1.0.1.tgz 1124ms (cache miss)
npm http fetch GET 200 https://registry.vlt.io/vlt-benchmarks/npm/ci-info/-/ci-info-4.4.0.tgz 1125ms (cache miss)
npm http fetch GET 200 https://registry.vlt.io/vlt-benchmarks/npm/h3/-/h3-1.15.11.tgz 1176ms (cache miss)
npm http fetch GET 200 https://registry.vlt.io/vlt-benchmarks/npm/@oslojs/encoding/-/encoding-1.1.0.tgz 1131ms (cache miss)
npm http fetch GET 200 https://registry.vlt.io/vlt-benchmarks/npm/picomatch/-/picomatch-4.0.7.tgz 1141ms (cache miss)
npm http fetch GET 200 https://registry.vlt.io/vlt-benchmarks/npm/es-module-lexer/-/es-module-lexer-1.7.0.tgz 1139ms (cache miss)
npm http fetch GET 200 https://registry.vlt.io/vlt-benchmarks/npm/cssesc/-/cssesc-3.0.0.tgz 1138ms (cache miss)
npm http fetch GET 200 https://registry.vlt.io/vlt-benchmarks/npm/@capsizecss/unpack/-/unpack-4.0.1.tgz 1137ms (cache miss)
npm http fetch GET 200 https://registry.vlt.io/vlt-benchmarks/npm/@astrojs/telemetry/-/telemetry-3.3.0.tgz 1137ms (cache miss)
npm http fetch GET 200 https://registry.vlt.io/vlt-benchmarks/npm/@astrojs/markdown-remark/-/markdown-remark-6.3.11.tgz 1137ms (cache miss)
npm http fetch GET 200 https://registry.vlt.io/vlt-benchmarks/npm/@astrojs/internal-helpers/-/internal-helpers-0.7.6.tgz 1137ms (cache miss)
npm http fetch GET 200 https://registry.vlt.io/vlt-benchmarks/npm/unified/-/unified-11.0.5.tgz 1151ms (cache miss)
npm http fetch GET 200 https://registry.vlt.io/vlt-benchmarks/npm/boxen/-/boxen-8.0.1.tgz 1143ms (cache miss)
npm http fetch GET 200 https://registry.vlt.io/vlt-benchmarks/npm/@rollup/pluginutils/-/pluginutils-5.4.0.tgz 1142ms (cache miss)
npm http fetch GET 200 https://registry.vlt.io/vlt-benchmarks/npm/estree-walker/-/estree-walker-2.0.2.tgz 1140ms (cache miss)
npm http fetch GET 200 https://registry.vlt.io/vlt-benchmarks/npm/string-width/-/string-width-4.2.3.tgz 1146ms (cache miss)
npm http fetch GET 200 https://registry.vlt.io/vlt-benchmarks/npm/fontkitten/-/fontkitten-1.0.3.tgz 1162ms (cache miss)
npm http fetch GET 200 https://registry.vlt.io/vlt-benchmarks/npm/ansi-regex/-/ansi-regex-5.0.1.tgz 1150ms (cache miss)
npm http fetch GET 200 https://registry.vlt.io/vlt-benchmarks/npm/strip-ansi/-/strip-ansi-6.0.1.tgz 1151ms (cache miss)
npm http fetch GET 200 https://registry.vlt.io/vlt-benchmarks/npm/esbuild/-/esbuild-0.25.12.tgz 1152ms (cache miss)
npm http fetch GET 200 https://registry.vlt.io/vlt-benchmarks/npm/magicast/-/magicast-0.5.5.tgz 1162ms (cache miss)
npm http fetch GET 200 https://registry.vlt.io/vlt-benchmarks/npm/emoji-regex/-/emoji-regex-8.0.0.tgz 1157ms (cache miss)
npm http fetch GET 200 https://registry.vlt.io/vlt-benchmarks/npm/picomatch/-/picomatch-2.3.2.tgz 1170ms (cache miss)
npm http fetch GET 200 https://registry.vlt.io/vlt-benchmarks/npm/mdast-util-from-markdown/-/mdast-util-from-markdown-2.0.3.tgz 1208ms (cache miss)
npm http fetch GET 200 https://registry.vlt.io/vlt-benchmarks/npm/@shikijs/engine-oniguruma/-/engine-oniguruma-3.23.0.tgz 1224ms (cache miss)
npm http fetch GET 200 https://registry.vlt.io/vlt-benchmarks/npm/xxhash-wasm/-/xxhash-wasm-1.1.0.tgz 1193ms (cache miss)
npm http fetch GET 200 https://registry.vlt.io/vlt-benchmarks/npm/yargs-parser/-/yargs-parser-21.1.1.tgz 1198ms (cache miss)
npm http fetch GET 200 https://registry.vlt.io/vlt-benchmarks/npm/source-map-js/-/source-map-js-1.2.1.tgz 1211ms (cache miss)
npm http fetch GET 200 https://registry.vlt.io/vlt-benchmarks/npm/tsconfck/-/tsconfck-3.1.6.tgz 1210ms (cache miss)
npm warn deprecated tsconfck@3.1.6: unmaintained
npm http fetch GET 200 https://registry.vlt.io/vlt-benchmarks/npm/devalue/-/devalue-5.9.4.tgz 1243ms (cache miss)
npm http fetch GET 200 https://registry.vlt.io/vlt-benchmarks/npm/import-meta-resolve/-/import-meta-resolve-4.2.0.tgz 1256ms (cache miss)
npm http fetch GET 200 https://registry.vlt.io/vlt-benchmarks/npm/smol-toml/-/smol-toml-1.9.0.tgz 1269ms (cache miss)
npm http fetch GET 200 https://registry.vlt.io/vlt-benchmarks/npm/magic-string/-/magic-string-0.30.21.tgz 1273ms (cache miss)
npm http fetch GET 200 https://registry.vlt.io/vlt-benchmarks/npm/neotraverse/-/neotraverse-0.6.18.tgz 1286ms (cache miss)
npm http fetch GET 200 https://registry.vlt.io/vlt-benchmarks/npm/acorn/-/acorn-8.18.0.tgz 1284ms (cache miss)
npm http fetch GET 200 https://registry.vlt.io/vlt-benchmarks/npm/@jridgewell/sourcemap-codec/-/sourcemap-codec-1.6.0.tgz 1348ms (cache miss)
npm http fetch GET 200 https://registry.vlt.io/vlt-benchmarks/npm/vfile/-/vfile-6.0.3.tgz 1341ms (cache miss)
npm http fetch GET 200 https://registry.vlt.io/vlt-benchmarks/npm/mdn-data/-/mdn-data-2.27.1.tgz 1383ms (cache miss)
npm http fetch GET 200 https://registry.vlt.io/vlt-benchmarks/npm/micromark-extension-gfm-table/-/micromark-extension-gfm-table-2.1.2.tgz 1381ms (cache miss)
npm http fetch GET 200 https://registry.vlt.io/vlt-benchmarks/npm/ultrahtml/-/ultrahtml-1.7.0.tgz 1353ms (cache miss)
npm http fetch GET 200 https://registry.vlt.io/vlt-benchmarks/npm/@rollup/rollup-linux-arm64-gnu/-/rollup-linux-arm64-gnu-4.63.4.tgz 1422ms (cache miss)
npm http fetch GET 200 https://registry.vlt.io/vlt-benchmarks/npm/node-fetch-native/-/node-fetch-native-1.6.7.tgz 1431ms (cache miss)
npm http fetch GET 200 https://registry.vlt.io/vlt-benchmarks/npm/mdn-data/-/mdn-data-2.0.28.tgz 1401ms (cache miss)
npm http fetch GET 200 https://registry.vlt.io/vlt-benchmarks/npm/node-mock-http/-/node-mock-http-1.0.5.tgz 1496ms (cache miss)
npm http fetch GET 200 https://registry.vlt.io/vlt-benchmarks/npm/sharp/-/sharp-0.34.5.tgz 1469ms (cache miss)
npm http fetch GET 200 https://registry.vlt.io/vlt-benchmarks/npm/@babel/parser/-/parser-7.29.9.tgz 1483ms (cache miss)
npm http fetch GET 200 https://registry.vlt.io/vlt-benchmarks/npm/oniguruma-to-es/-/oniguruma-to-es-4.3.6.tgz 1514ms (cache miss)
npm http fetch GET 200 https://registry.vlt.io/vlt-benchmarks/npm/postcss/-/postcss-8.5.28.tgz 1527ms (cache miss)
npm http fetch GET 200 https://registry.vlt.io/vlt-benchmarks/npm/semver/-/semver-7.8.5.tgz 1484ms (cache miss)
npm http fetch GET 200 https://registry.vlt.io/vlt-benchmarks/npm/css-what/-/css-what-7.0.0.tgz 1552ms (cache miss)
npm http fetch GET 200 https://registry.vlt.io/vlt-benchmarks/npm/parse-latin/-/parse-latin-7.0.0.tgz 1548ms (cache miss)
npm http fetch GET 200 https://registry.vlt.io/vlt-benchmarks/npm/hast-util-to-html/-/hast-util-to-html-9.0.5.tgz 1542ms (cache miss)
npm http fetch GET 200 https://registry.vlt.io/vlt-benchmarks/npm/regex/-/regex-6.1.0.tgz 1595ms (cache miss)
npm http fetch GET 200 https://registry.vlt.io/vlt-benchmarks/npm/crossws/-/crossws-0.3.5.tgz 1608ms (cache miss)
npm http fetch GET 200 https://registry.vlt.io/vlt-benchmarks/npm/property-information/-/property-information-7.2.0.tgz 1575ms (cache miss)
npm http fetch GET 200 https://registry.vlt.io/vlt-benchmarks/npm/js-yaml/-/js-yaml-4.3.2.tgz 1570ms (cache miss)
npm http fetch GET 200 https://registry.vlt.io/vlt-benchmarks/npm/domutils/-/domutils-3.2.2.tgz 1668ms (cache miss)
npm http fetch GET 200 https://registry.vlt.io/vlt-benchmarks/npm/rollup/-/rollup-4.63.4.tgz 1713ms (cache miss)
npm http fetch GET 200 https://registry.vlt.io/vlt-benchmarks/npm/vite/-/vite-6.4.3.tgz 1725ms (cache miss)
npm http fetch GET 200 https://registry.vlt.io/vlt-benchmarks/npm/micromark/-/micromark-4.0.3.tgz 1752ms (cache miss)
npm http fetch GET 200 https://registry.vlt.io/vlt-benchmarks/npm/prompts/-/prompts-2.4.2.tgz 1744ms (cache miss)
npm http fetch GET 200 https://registry.vlt.io/vlt-benchmarks/npm/entities/-/entities-4.5.0.tgz 1782ms (cache miss)
npm http fetch GET 200 https://registry.vlt.io/vlt-benchmarks/npm/mdast-util-to-hast/-/mdast-util-to-hast-13.2.1.tgz 1857ms (cache miss)
npm http fetch GET 200 https://registry.vlt.io/vlt-benchmarks/npm/parse5/-/parse5-7.3.0.tgz 1849ms (cache miss)
npm http fetch GET 200 https://registry.vlt.io/vlt-benchmarks/npm/csso/-/csso-5.0.5.tgz 1940ms (cache miss)
npm http fetch GET 200 https://registry.vlt.io/vlt-benchmarks/npm/entities/-/entities-6.0.1.tgz 1919ms (cache miss)
npm http fetch GET 200 https://registry.vlt.io/vlt-benchmarks/npm/@shikijs/themes/-/themes-3.23.0.tgz 1982ms (cache miss)
npm http fetch GET 200 https://registry.vlt.io/vlt-benchmarks/npm/@astrojs/compiler/-/compiler-2.13.1.tgz 1983ms (cache miss)
npm http fetch GET 200 https://registry.vlt.io/vlt-benchmarks/npm/type-fest/-/type-fest-4.41.0.tgz 2021ms (cache miss)
npm http fetch GET 200 https://registry.vlt.io/vlt-benchmarks/npm/micromark-core-commonmark/-/micromark-core-commonmark-2.0.4.tgz 2052ms (cache miss)
npm http fetch GET 200 https://registry.vlt.io/vlt-benchmarks/npm/unstorage/-/unstorage-1.17.5.tgz 2101ms (cache miss)
npm http fetch GET 200 https://registry.vlt.io/vlt-benchmarks/npm/diff/-/diff-8.0.4.tgz 2097ms (cache miss)
npm http fetch GET 200 https://registry.vlt.io/vlt-benchmarks/npm/mdast-util-to-markdown/-/mdast-util-to-markdown-2.1.3.tgz 2170ms (cache miss)
npm http fetch GET 200 https://registry.vlt.io/vlt-benchmarks/npm/css-select/-/css-select-6.0.0.tgz 2187ms (cache miss)
npm http fetch GET 200 https://registry.vlt.io/vlt-benchmarks/npm/@esbuild/linux-arm64/-/linux-arm64-0.25.12.tgz 2146ms (cache miss)
npm http fetch GET 200 https://registry.vlt.io/vlt-benchmarks/npm/oniguruma-parser/-/oniguruma-parser-0.12.2.tgz 2190ms (cache miss)
npm http fetch GET 200 https://registry.vlt.io/vlt-benchmarks/npm/svgo/-/svgo-4.1.0.tgz 2164ms (cache miss)
npm http fetch GET 200 https://registry.vlt.io/vlt-benchmarks/npm/@esbuild/linux-arm64/-/linux-arm64-0.27.7.tgz 2175ms (cache miss)
npm http fetch GET 200 https://registry.vlt.io/vlt-benchmarks/npm/zod-to-json-schema/-/zod-to-json-schema-3.25.2.tgz 2196ms (cache miss)
npm http fetch GET 200 https://registry.vlt.io/vlt-benchmarks/npm/lru-cache/-/lru-cache-11.5.3.tgz 2288ms (cache miss)
npm http fetch GET 200 https://registry.vlt.io/vlt-benchmarks/npm/axobject-query/-/axobject-query-4.1.0.tgz 2241ms (cache miss)
npm http fetch GET 200 https://registry.vlt.io/vlt-benchmarks/npm/@babel/types/-/types-7.29.8.tgz 2333ms (cache miss)
npm http fetch GET 200 https://registry.vlt.io/vlt-benchmarks/npm/@img/sharp-libvips-linux-arm64/-/sharp-libvips-linux-arm64-1.2.4.tgz 2402ms (cache miss)
npm http fetch GET 200 https://registry.vlt.io/vlt-benchmarks/npm/undici/-/undici-8.11.2.tgz 2420ms (cache miss)
npm http fetch GET 200 https://registry.vlt.io/vlt-benchmarks/npm/aria-query/-/aria-query-5.3.2.tgz 2404ms (cache miss)
npm http fetch GET 200 https://registry.vlt.io/vlt-benchmarks/npm/css-tree/-/css-tree-2.2.1.tgz 2445ms (cache miss)
npm http fetch GET 200 https://registry.vlt.io/vlt-benchmarks/npm/css-tree/-/css-tree-3.2.1.tgz 2539ms (cache miss)
npm http fetch GET 200 https://registry.vlt.io/vlt-benchmarks/npm/typescript/-/typescript-5.9.3.tgz 2558ms (cache miss)
npm http fetch GET 200 https://registry.vlt.io/vlt-benchmarks/npm/prismjs/-/prismjs-1.30.0.tgz 2624ms (cache miss)
npm http fetch GET 200 https://registry.vlt.io/vlt-benchmarks/npm/@shikijs/langs/-/langs-3.23.0.tgz 2681ms (cache miss)
npm http fetch GET 200 https://registry.vlt.io/vlt-benchmarks/npm/zod/-/zod-3.25.76.tgz 2742ms (cache miss)
npm http fetch GET 200 https://registry.vlt.io/vlt-benchmarks/npm/shiki/-/shiki-3.23.0.tgz 2764ms (cache miss)
npm http fetch GET 200 https://registry.vlt.io/vlt-benchmarks/npm/astro/-/astro-5.18.2.tgz 2905ms (cache miss)

added 279 packages in 7s
