npm http fetch GET 200 https://registry.vlt.io/npm/astro 119ms (cache miss)
npm http fetch GET 200 https://registry.vlt.io/npm/dlv 36ms (cache miss)
npm http fetch GET 200 https://registry.vlt.io/npm/clsx 56ms (cache miss)
npm http fetch GET 200 https://registry.vlt.io/npm/zod 65ms (cache miss)
npm http fetch GET 200 https://registry.vlt.io/npm/diff 41ms (cache miss)
npm http fetch GET 200 https://registry.vlt.io/npm/dset 31ms (cache miss)
npm http fetch GET 200 https://registry.vlt.io/npm/svgo 40ms (cache miss)
npm http fetch GET 200 https://registry.vlt.io/npm/acorn 37ms (cache miss)
npm http fetch GET 200 https://registry.vlt.io/npm/vite 54ms (cache miss)
npm http fetch GET 200 https://registry.vlt.io/npm/debug 32ms (cache miss)
npm http fetch GET 200 https://registry.vlt.io/npm/boxen 47ms (cache miss)
npm http fetch GET 200 https://registry.vlt.io/npm/shiki 32ms (cache miss)
npm http fetch GET 200 https://registry.vlt.io/npm/cookie 43ms (cache miss)
npm http fetch GET 200 https://registry.vlt.io/npm/vfile 46ms (cache miss)
npm http fetch GET 200 https://registry.vlt.io/npm/cssesc 41ms (cache miss)
npm http fetch GET 200 https://registry.vlt.io/npm/rehype 30ms (cache miss)
npm http fetch GET 200 https://registry.vlt.io/npm/mrmime 35ms (cache miss)
npm http fetch GET 200 https://registry.vlt.io/npm/vitefu 36ms (cache miss)
npm http fetch GET 200 https://registry.vlt.io/npm/semver 51ms (cache miss)
npm http fetch GET 200 https://registry.vlt.io/npm/ci-info 37ms (cache miss)
npm http fetch GET 200 https://registry.vlt.io/npm/devalue 32ms (cache miss)
npm http fetch GET 200 https://registry.vlt.io/npm/flattie 36ms (cache miss)
npm http fetch GET 200 https://registry.vlt.io/npm/esbuild 41ms (cache miss)
npm http fetch GET 200 https://registry.vlt.io/npm/fontace 38ms (cache miss)
npm http fetch GET 200 https://registry.vlt.io/npm/js-yaml 35ms (cache miss)
npm http fetch GET 200 https://registry.vlt.io/npm/p-limit 34ms (cache miss)
npm http fetch GET 200 https://registry.vlt.io/npm/prompts 31ms (cache miss)
npm http fetch GET 200 https://registry.vlt.io/npm/p-queue 37ms (cache miss)
npm http fetch GET 200 https://registry.vlt.io/npm/unifont 46ms (cache miss)
npm http fetch GET 200 https://registry.vlt.io/npm/tinyexec 35ms (cache miss)
npm http fetch GET 200 https://registry.vlt.io/npm/magicast 39ms (cache miss)
npm http fetch GET 200 https://registry.vlt.io/npm/tsconfck 49ms (cache miss)
npm http fetch GET 200 https://registry.vlt.io/npm/piccolore 39ms (cache miss)
npm http fetch GET 200 https://registry.vlt.io/npm/picomatch 38ms (cache miss)
npm http fetch GET 200 https://registry.vlt.io/npm/smol-toml 31ms (cache miss)
npm http fetch GET 200 https://registry.vlt.io/npm/unstorage 31ms (cache miss)
npm http fetch GET 200 https://registry.vlt.io/npm/ultrahtml 40ms (cache miss)
npm http fetch GET 200 https://registry.vlt.io/npm/zod-to-ts 35ms (cache miss)
npm http fetch GET 200 https://registry.vlt.io/npm/tinyglobby 34ms (cache miss)
npm http fetch GET 200 https://registry.vlt.io/npm/aria-query 44ms (cache miss)
npm http fetch GET 200 https://registry.vlt.io/npm/neotraverse 35ms (cache miss)
npm http fetch GET 200 https://registry.vlt.io/npm/xxhash-wasm 33ms (cache miss)
npm http fetch GET 200 https://registry.vlt.io/npm/magic-string 33ms (cache miss)
npm http fetch GET 200 https://registry.vlt.io/npm/html-escaper 57ms (cache miss)
npm http fetch GET 200 https://registry.vlt.io/npm/yargs-parser 35ms (cache miss)
npm http fetch GET 200 https://registry.vlt.io/npm/estree-walker 30ms (cache miss)
npm http fetch GET 200 https://registry.vlt.io/npm/yocto-spinner 32ms (cache miss)
npm http fetch GET 200 https://registry.vlt.io/npm/axobject-query 38ms (cache miss)
npm http fetch GET 200 https://registry.vlt.io/npm/github-slugger 40ms (cache miss)
npm http fetch GET 200 https://registry.vlt.io/npm/es-module-lexer 33ms (cache miss)
npm http fetch GET 200 https://registry.vlt.io/npm/@oslojs%2fencoding 32ms (cache miss)
npm http fetch GET 200 https://registry.vlt.io/npm/unist-util-visit 41ms (cache miss)
npm http fetch GET 200 https://registry.vlt.io/npm/@astrojs%2fcompiler 41ms (cache miss)
npm http fetch GET 200 https://registry.vlt.io/npm/@astrojs%2ftelemetry 44ms (cache miss)
npm http fetch GET 200 https://registry.vlt.io/npm/@capsizecss%2funpack 39ms (cache miss)
npm http fetch GET 200 https://registry.vlt.io/npm/zod-to-json-schema 36ms (cache miss)
npm http fetch GET 200 https://registry.vlt.io/npm/import-meta-resolve 34ms (cache miss)
npm http fetch GET 200 https://registry.vlt.io/npm/common-ancestor-path 34ms (cache miss)
npm http fetch GET 200 https://registry.vlt.io/npm/http-cache-semantics 33ms (cache miss)
npm http fetch GET 200 https://registry.vlt.io/npm/@astrojs%2fmarkdown-remark 36ms (cache miss)
npm http fetch GET 200 https://registry.vlt.io/npm/package-manager-detector 31ms (cache miss)
npm http fetch GET 200 https://registry.vlt.io/npm/@astrojs%2finternal-helpers 38ms (cache miss)
npm http fetch GET 200 https://registry.vlt.io/npm/deterministic-object-hash 33ms (cache miss)
npm http fetch GET 200 https://registry.vlt.io/npm/sharp 37ms (cache miss)
npm http fetch GET 200 https://registry.vlt.io/npm/@rollup%2fpluginutils 183ms (cache miss)
npm http fetch GET 200 https://registry.vlt.io/npm/@types%2fnode 40ms (cache miss)
npm http fetch GET 200 https://registry.vlt.io/npm/jiti 34ms (cache miss)
npm http fetch GET 200 https://registry.vlt.io/npm/less 43ms (cache miss)
npm http fetch GET 200 https://registry.vlt.io/npm/lightningcss 34ms (cache miss)
npm http fetch GET 200 https://registry.vlt.io/npm/sass 43ms (cache miss)
npm http fetch GET 200 https://registry.vlt.io/npm/sass-embedded 34ms (cache miss)
npm http fetch GET 200 https://registry.vlt.io/npm/stylus 34ms (cache miss)
npm http fetch GET 200 https://registry.vlt.io/npm/sugarss 34ms (cache miss)
npm http fetch GET 200 https://registry.vlt.io/npm/postcss 33ms (cache miss)
npm http fetch GET 200 https://registry.vlt.io/npm/terser 35ms (cache miss)
npm http fetch GET 200 https://registry.vlt.io/npm/tsx 36ms (cache miss)
npm http fetch GET 200 https://registry.vlt.io/npm/yaml 42ms (cache miss)
npm http fetch GET 200 https://registry.vlt.io/npm/typescript 62ms (cache miss)
npm http fetch GET 200 https://registry.vlt.io/npm/@azure%2fapp-configuration 43ms (cache miss)
npm http fetch GET 200 https://registry.vlt.io/npm/@azure%2fcosmos 44ms (cache miss)
npm http fetch GET 200 https://registry.vlt.io/npm/@azure%2fdata-tables 36ms (cache miss)
npm http fetch GET 200 https://registry.vlt.io/npm/@azure%2fidentity 42ms (cache miss)
npm http fetch GET 200 https://registry.vlt.io/npm/@azure%2fkeyvault-secrets 40ms (cache miss)
npm http fetch GET 200 https://registry.vlt.io/npm/@azure%2fstorage-blob 43ms (cache miss)
npm http fetch GET 200 https://registry.vlt.io/npm/@capacitor%2fpreferences 42ms (cache miss)
npm http fetch GET 200 https://registry.vlt.io/npm/@capacitor%2fcore 41ms (cache miss)
npm http fetch GET 200 https://registry.vlt.io/npm/@deno%2fkv 37ms (cache miss)
npm http fetch GET 200 https://registry.vlt.io/npm/@netlify%2fblobs 33ms (cache miss)
npm http fetch GET 200 https://registry.vlt.io/npm/@planetscale%2fdatabase 32ms (cache miss)
npm http fetch GET 200 https://registry.vlt.io/npm/@upstash%2fredis 44ms (cache miss)
npm http fetch GET 200 https://registry.vlt.io/npm/@vercel%2fblob 36ms (cache miss)
npm http fetch GET 200 https://registry.vlt.io/npm/@vercel%2ffunctions 37ms (cache miss)
npm http fetch GET 200 https://registry.vlt.io/npm/@aws-sdk%2fcredential-provider-web-identity 33ms (cache miss)
npm http fetch GET 200 https://registry.vlt.io/npm/@vercel%2fkv 36ms (cache miss)
npm http fetch GET 200 https://registry.vlt.io/npm/aws4fetch 32ms (cache miss)
npm http fetch GET 200 https://registry.vlt.io/npm/db0 36ms (cache miss)
npm http fetch GET 200 https://registry.vlt.io/npm/@electric-sql%2fpglite 38ms (cache miss)
npm http fetch GET 200 https://registry.vlt.io/npm/@libsql%2fclient 34ms (cache miss)
npm http fetch GET 200 https://registry.vlt.io/npm/better-sqlite3 34ms (cache miss)
npm http fetch GET 200 https://registry.vlt.io/npm/drizzle-orm 48ms (cache miss)
npm http fetch GET 200 https://registry.vlt.io/npm/@aws-sdk%2fclient-rds-data 40ms (cache miss)
npm http fetch GET 200 https://registry.vlt.io/npm/@cloudflare%2fworkers-types 34ms (cache miss)
npm http fetch GET 200 https://registry.vlt.io/npm/@libsql%2fclient-wasm 36ms (cache miss)
npm http fetch GET 200 https://registry.vlt.io/npm/@neondatabase%2fserverless 35ms (cache miss)
npm http fetch GET 200 https://registry.vlt.io/npm/@op-engineering%2fop-sqlite 50ms (cache miss)
npm http fetch GET 200 https://registry.vlt.io/npm/@sqlite.org%2fsqlite-wasm 39ms (cache miss)
npm http fetch GET 200 https://registry.vlt.io/npm/react 38ms (cache miss)
npm http fetch GET 200 https://registry.vlt.io/npm/react-native 67ms (cache miss)
npm http fetch GET 200 https://registry.vlt.io/npm/@react-native%2fjest-preset 36ms (cache miss)
npm http fetch GET 200 https://registry.vlt.io/npm/@types%2freact 33ms (cache miss)
npm http fetch GET 200 https://registry.vlt.io/npm/@opentelemetry%2fapi 33ms (cache miss)
npm http fetch GET 200 https://registry.vlt.io/npm/@prisma%2fclient 174ms (cache miss)
npm http fetch GET 200 https://registry.vlt.io/npm/prisma 117ms (cache miss)
npm http fetch GET 200 https://registry.vlt.io/npm/typescript 52ms (cache revalidated)
npm http fetch GET 200 https://registry.vlt.io/npm/@tidbcloud%2fserverless 41ms (cache miss)
npm http fetch GET 200 https://registry.vlt.io/npm/@types%2fbetter-sqlite3 32ms (cache miss)
npm http fetch GET 200 https://registry.vlt.io/npm/@types%2fpg 35ms (cache miss)
npm http fetch GET 200 https://registry.vlt.io/npm/@types%2fsql.js 35ms (cache miss)
npm http fetch GET 200 https://registry.vlt.io/npm/@vercel%2fpostgres 31ms (cache miss)
npm http fetch GET 200 https://registry.vlt.io/npm/@xata.io%2fclient 45ms (cache miss)
npm http fetch GET 200 https://registry.vlt.io/npm/bun-types 35ms (cache miss)
npm http fetch GET 200 https://registry.vlt.io/npm/expo-sqlite 34ms (cache miss)
npm http fetch GET 200 https://registry.vlt.io/npm/expo 38ms (cache miss)
npm http fetch GET 200 https://registry.vlt.io/npm/@expo%2fdom-webview 37ms (cache miss)
npm http fetch GET 200 https://registry.vlt.io/npm/@expo%2fmetro-runtime 30ms (cache miss)
npm http fetch GET 200 https://registry.vlt.io/npm/react-dom 41ms (cache miss)
npm http fetch GET 200 https://registry.vlt.io/npm/react-native-webview 34ms (cache miss)
npm http fetch GET 200 https://registry.vlt.io/npm/gel 34ms (cache miss)
npm http fetch GET 200 https://registry.vlt.io/npm/knex 34ms (cache miss)
npm http fetch GET 200 https://registry.vlt.io/npm/pg-query-stream 35ms (cache miss)
npm http fetch GET 200 https://registry.vlt.io/npm/pg 42ms (cache miss)
npm http fetch GET 200 https://registry.vlt.io/npm/pg-native 33ms (cache miss)
npm http fetch GET 200 https://registry.vlt.io/npm/kysely 41ms (cache miss)
npm http fetch GET 200 https://registry.vlt.io/npm/mysql2 32ms (cache miss)
npm http fetch GET 200 https://registry.vlt.io/npm/@types%2fnode 36ms (cache revalidated)
npm http fetch GET 200 https://registry.vlt.io/npm/postgres 41ms (cache miss)
npm http fetch GET 200 https://registry.vlt.io/npm/sql.js 34ms (cache miss)
npm http fetch GET 200 https://registry.vlt.io/npm/sqlite3 32ms (cache miss)
npm http fetch GET 200 https://registry.vlt.io/npm/idb-keyval 35ms (cache miss)
npm http fetch GET 200 https://registry.vlt.io/npm/ioredis 35ms (cache miss)
npm http fetch GET 200 https://registry.vlt.io/npm/uploadthing 34ms (cache miss)
npm http fetch GET 200 https://registry.vlt.io/npm/express 35ms (cache miss)
npm http fetch GET 200 https://registry.vlt.io/npm/h3 38ms (cache miss)
npm http fetch GET 200 https://registry.vlt.io/npm/crossws 31ms (cache miss)
npm http fetch GET 200 https://registry.vlt.io/npm/srvx 34ms (cache miss)
npm http fetch GET 200 https://registry.vlt.io/npm/tailwindcss 48ms (cache miss)
npm http fetch GET 200 https://registry.vlt.io/npm/typescript 46ms (cache revalidated)
npm http fetch GET 200 https://registry.vlt.io/npm/rollup 48ms (cache miss)
npm http fetch GET 200 https://registry.vlt.io/npm/unified 34ms (cache miss)
npm http fetch GET 200 https://registry.vlt.io/npm/remark-gfm 42ms (cache miss)
npm http fetch GET 200 https://registry.vlt.io/npm/rehype-raw 47ms (cache miss)
npm http fetch GET 200 https://registry.vlt.io/npm/remark-parse 34ms (cache miss)
npm http fetch GET 200 https://registry.vlt.io/npm/remark-rehype 30ms (cache miss)
npm http fetch GET 200 https://registry.vlt.io/npm/@astrojs%2fprism 29ms (cache miss)
npm http fetch GET 200 https://registry.vlt.io/npm/remark-smartypants 31ms (cache miss)
npm http fetch GET 200 https://registry.vlt.io/npm/hast-util-to-text 39ms (cache miss)
npm http fetch GET 200 https://registry.vlt.io/npm/rehype-stringify 46ms (cache miss)
npm http fetch GET 200 https://registry.vlt.io/npm/mdast-util-definitions 31ms (cache miss)
npm http fetch GET 200 https://registry.vlt.io/npm/hast-util-from-html 37ms (cache miss)
npm http fetch GET 200 https://registry.vlt.io/npm/unist-util-visit-parents 36ms (cache miss)
npm http fetch GET 200 https://registry.vlt.io/npm/debug 31ms (cache revalidated)
npm http fetch GET 200 https://registry.vlt.io/npm/unist-util-remove-position 37ms (cache miss)
npm http fetch GET 200 https://registry.vlt.io/npm/is-wsl 34ms (cache miss)
npm http fetch GET 200 https://registry.vlt.io/npm/ci-info 34ms (cache revalidated)
npm http fetch GET 200 https://registry.vlt.io/npm/is-docker 43ms (cache miss)
npm http fetch GET 200 https://registry.vlt.io/npm/which-pm-runs 40ms (cache miss)
npm http fetch GET 200 https://registry.vlt.io/npm/fontkitten 35ms (cache miss)
npm http fetch GET 200 https://registry.vlt.io/npm/@types%2festree 35ms (cache miss)
npm http fetch GET 200 https://registry.vlt.io/npm/picomatch 41ms (cache revalidated)
npm http fetch GET 200 https://registry.vlt.io/npm/estree-walker 36ms (cache revalidated)
npm http fetch GET 200 https://registry.vlt.io/npm/chalk 42ms (cache miss)
npm http fetch GET 200 https://registry.vlt.io/npm/camelcase 42ms (cache miss)
npm http fetch GET 200 https://registry.vlt.io/npm/cli-boxes 39ms (cache miss)
npm http fetch GET 200 https://registry.vlt.io/npm/wrap-ansi 30ms (cache miss)
npm http fetch GET 200 https://registry.vlt.io/npm/ansi-align 34ms (cache miss)
npm http fetch GET 200 https://registry.vlt.io/npm/type-fest 58ms (cache miss)
npm http fetch GET 200 https://registry.vlt.io/npm/widest-line 46ms (cache miss)
npm http fetch GET 200 https://registry.vlt.io/npm/string-width 33ms (cache miss)
npm http fetch GET 200 https://registry.vlt.io/npm/ms 39ms (cache miss)
npm http fetch GET 200 https://registry.vlt.io/npm/base-64 34ms (cache miss)
npm http fetch GET 200 https://registry.vlt.io/npm/@esbuild%2faix-ppc64 30ms (cache miss)
npm http fetch GET 200 https://registry.vlt.io/npm/@esbuild%2flinux-arm 38ms (cache miss)
npm http fetch GET 200 https://registry.vlt.io/npm/@esbuild%2flinux-x64 42ms (cache miss)
npm http fetch GET 200 https://registry.vlt.io/npm/@esbuild%2fsunos-x64 40ms (cache miss)
npm http fetch GET 200 https://registry.vlt.io/npm/@esbuild%2fwin32-x64 39ms (cache miss)
npm http fetch GET 200 https://registry.vlt.io/npm/@esbuild%2flinux-ia32 29ms (cache miss)
npm http fetch GET 200 https://registry.vlt.io/npm/@esbuild%2fdarwin-x64 36ms (cache miss)
npm http fetch GET 200 https://registry.vlt.io/npm/@esbuild%2fnetbsd-x64 39ms (cache miss)
npm http fetch GET 200 https://registry.vlt.io/npm/@esbuild%2fwin32-ia32 41ms (cache miss)
npm http fetch GET 200 https://registry.vlt.io/npm/@esbuild%2fandroid-arm 47ms (cache miss)
npm http fetch GET 200 https://registry.vlt.io/npm/@esbuild%2ffreebsd-x64 34ms (cache miss)
npm http fetch GET 200 https://registry.vlt.io/npm/@esbuild%2flinux-arm64 33ms (cache miss)
npm http fetch GET 200 https://registry.vlt.io/npm/@esbuild%2flinux-ppc64 33ms (cache miss)
npm http fetch GET 200 https://registry.vlt.io/npm/@esbuild%2fandroid-x64 95ms (cache miss)
npm http fetch GET 200 https://registry.vlt.io/npm/@esbuild%2fopenbsd-x64 30ms (cache miss)
npm http fetch GET 200 https://registry.vlt.io/npm/@esbuild%2flinux-s390x 61ms (cache miss)
npm http fetch GET 200 https://registry.vlt.io/npm/@esbuild%2fwin32-arm64 31ms (cache miss)
npm http fetch GET 200 https://registry.vlt.io/npm/@esbuild%2fdarwin-arm64 30ms (cache miss)
npm http fetch GET 200 https://registry.vlt.io/npm/@esbuild%2fnetbsd-arm64 36ms (cache miss)
npm http fetch GET 200 https://registry.vlt.io/npm/@esbuild%2fandroid-arm64 35ms (cache miss)
npm http fetch GET 200 https://registry.vlt.io/npm/@esbuild%2ffreebsd-arm64 34ms (cache miss)
npm http fetch GET 200 https://registry.vlt.io/npm/@esbuild%2flinux-loong64 38ms (cache miss)
npm http fetch GET 200 https://registry.vlt.io/npm/@esbuild%2flinux-riscv64 33ms (cache miss)
npm http fetch GET 200 https://registry.vlt.io/npm/@esbuild%2fopenbsd-arm64 34ms (cache miss)
npm http fetch GET 200 https://registry.vlt.io/npm/@esbuild%2flinux-mips64el 32ms (cache miss)
npm http fetch GET 200 https://registry.vlt.io/npm/@esbuild%2fopenharmony-arm64 36ms (cache miss)
npm http fetch GET 200 https://registry.vlt.io/npm/fontkitten 45ms (cache revalidated)
npm http fetch GET 200 https://registry.vlt.io/npm/argparse 36ms (cache miss)
npm http fetch GET 200 https://registry.vlt.io/npm/@jridgewell%2fsourcemap-codec 45ms (cache miss)
npm http fetch GET 200 https://registry.vlt.io/npm/@babel%2fparser 39ms (cache miss)
npm http fetch GET 200 https://registry.vlt.io/npm/@babel%2ftypes 50ms (cache miss)
npm http fetch GET 200 https://registry.vlt.io/npm/source-map-js 34ms (cache miss)
npm http fetch GET 200 https://registry.vlt.io/npm/p-timeout 35ms (cache miss)
npm http fetch GET 200 https://registry.vlt.io/npm/eventemitter3 34ms (cache miss)
npm http fetch GET 200 https://registry.vlt.io/npm/yocto-queue 42ms (cache miss)
npm http fetch GET 200 https://registry.vlt.io/npm/kleur 34ms (cache miss)
npm http fetch GET 200 https://registry.vlt.io/npm/unified 36ms (cache revalidated)
npm http fetch GET 200 https://registry.vlt.io/npm/sisteransi 39ms (cache miss)
npm http fetch GET 200 https://registry.vlt.io/npm/@types%2fhast 33ms (cache miss)
npm http fetch GET 200 https://registry.vlt.io/npm/rehype-parse 31ms (cache miss)
npm http fetch GET 200 https://registry.vlt.io/npm/rehype-stringify 49ms (cache revalidated)
npm http fetch GET 200 https://registry.vlt.io/npm/detect-libc 35ms (cache miss)
npm http fetch GET 200 https://registry.vlt.io/npm/@img%2fcolour 40ms (cache miss)
npm http fetch GET 200 https://registry.vlt.io/npm/@img%2fsharp-wasm32 34ms (cache miss)
npm http fetch GET 200 https://registry.vlt.io/npm/@img%2fsharp-linux-arm 33ms (cache miss)
npm http fetch GET 200 https://registry.vlt.io/npm/@img%2fsharp-linux-x64 35ms (cache miss)
npm http fetch GET 200 https://registry.vlt.io/npm/@img%2fsharp-win32-x64 39ms (cache miss)
npm http fetch GET 200 https://registry.vlt.io/npm/@img%2fsharp-darwin-x64 30ms (cache miss)
npm http fetch GET 200 https://registry.vlt.io/npm/@img%2fsharp-win32-ia32 30ms (cache miss)
npm http fetch GET 200 https://registry.vlt.io/npm/@img%2fsharp-linux-ppc64 30ms (cache miss)
npm http fetch GET 200 https://registry.vlt.io/npm/@img%2fsharp-linux-arm64 40ms (cache miss)
npm http fetch GET 200 https://registry.vlt.io/npm/@img%2fsharp-linux-s390x 33ms (cache miss)
npm http fetch GET 200 https://registry.vlt.io/npm/@img%2fsharp-win32-arm64 31ms (cache miss)
npm http fetch GET 200 https://registry.vlt.io/npm/@img%2fsharp-darwin-arm64 35ms (cache miss)
npm http fetch GET 200 https://registry.vlt.io/npm/@img%2fsharp-linux-riscv64 33ms (cache miss)
npm http fetch GET 200 https://registry.vlt.io/npm/@img%2fsharp-linuxmusl-x64 36ms (cache miss)
npm http fetch GET 200 https://registry.vlt.io/npm/@img%2fsharp-linuxmusl-arm64 32ms (cache miss)
npm http fetch GET 200 https://registry.vlt.io/npm/@img%2fsharp-libvips-linux-arm 32ms (cache miss)
npm http fetch GET 200 https://registry.vlt.io/npm/@img%2fsharp-libvips-linux-arm64 36ms (cache miss)
npm http fetch GET 200 https://registry.vlt.io/npm/@img%2fsharp-libvips-darwin-x64 38ms (cache miss)
npm http fetch GET 200 https://registry.vlt.io/npm/@img%2fsharp-libvips-linux-x64 52ms (cache miss)
npm http fetch GET 200 https://registry.vlt.io/npm/@img%2fsharp-libvips-linux-s390x 32ms (cache miss)
npm http fetch GET 200 https://registry.vlt.io/npm/@img%2fsharp-libvips-linux-ppc64 35ms (cache miss)
npm http fetch GET 200 https://registry.vlt.io/npm/@img%2fsharp-libvips-darwin-arm64 31ms (cache miss)
npm http fetch GET 200 https://registry.vlt.io/npm/@img%2fsharp-libvips-linux-riscv64 36ms (cache miss)
npm http fetch GET 200 https://registry.vlt.io/npm/@img%2fsharp-libvips-linuxmusl-x64 35ms (cache miss)
npm http fetch GET 200 https://registry.vlt.io/npm/@img%2fsharp-libvips-linuxmusl-arm64 32ms (cache miss)
npm http fetch GET 200 https://registry.vlt.io/npm/@types%2fhast 34ms (cache revalidated)
npm http fetch GET 200 https://registry.vlt.io/npm/@shikijs%2fcore 37ms (cache miss)
npm http fetch GET 200 https://registry.vlt.io/npm/@shikijs%2flangs 37ms (cache miss)
npm http fetch GET 200 https://registry.vlt.io/npm/@shikijs%2ftypes 34ms (cache miss)
npm http fetch GET 200 https://registry.vlt.io/npm/@shikijs%2fthemes 32ms (cache miss)
npm http fetch GET 200 https://registry.vlt.io/npm/@shikijs%2fvscode-textmate 33ms (cache miss)
npm http fetch GET 200 https://registry.vlt.io/npm/@shikijs%2fengine-oniguruma 34ms (cache miss)
npm http fetch GET 200 https://registry.vlt.io/npm/@shikijs%2fengine-javascript 35ms (cache miss)
npm http fetch GET 200 https://registry.vlt.io/npm/sax 68ms (cache miss)
npm http fetch GET 200 https://registry.vlt.io/npm/css-tree 38ms (cache miss)
npm http fetch GET 200 https://registry.vlt.io/npm/csso 42ms (cache miss)
npm http fetch GET 200 https://registry.vlt.io/npm/css-select 35ms (cache miss)
npm http fetch GET 200 https://registry.vlt.io/npm/css-what 41ms (cache miss)
npm http fetch GET 200 https://registry.vlt.io/npm/commander 41ms (cache miss)
npm http fetch GET 200 https://registry.vlt.io/npm/picocolors 37ms (cache miss)
npm http fetch GET 200 https://registry.vlt.io/npm/fdir 36ms (cache miss)
npm http fetch GET 200 https://registry.vlt.io/npm/ohash 34ms (cache miss)
npm http fetch GET 200 https://registry.vlt.io/npm/@types%2funist 30ms (cache miss)
npm http fetch GET 200 https://registry.vlt.io/npm/css-tree 35ms (cache revalidated)
npm http fetch GET 200 https://registry.vlt.io/npm/ofetch 41ms (cache miss)
npm http fetch GET 200 https://registry.vlt.io/npm/unist-util-is 34ms (cache miss)
npm http fetch GET 200 https://registry.vlt.io/npm/unist-util-visit-parents 34ms (cache revalidated)
npm http fetch GET 200 https://registry.vlt.io/npm/h3 41ms (cache revalidated)
npm http fetch GET 200 https://registry.vlt.io/npm/destr 31ms (cache miss)
npm http fetch GET 200 https://registry.vlt.io/npm/ufo 37ms (cache miss)
npm http fetch GET 200 https://registry.vlt.io/npm/anymatch 39ms (cache miss)
npm http fetch GET 200 https://registry.vlt.io/npm/lru-cache 32ms (cache miss)
npm http fetch GET 200 https://registry.vlt.io/npm/chokidar 39ms (cache miss)
npm http fetch GET 200 https://registry.vlt.io/npm/vfile-message 31ms (cache miss)
npm http fetch GET 200 https://registry.vlt.io/npm/fdir 31ms (cache revalidated)
npm http fetch GET 200 https://registry.vlt.io/npm/node-fetch-native 51ms (cache miss)
npm http fetch GET 200 https://registry.vlt.io/npm/rollup 37ms (cache revalidated)
npm http fetch GET 200 https://registry.vlt.io/npm/postcss 54ms (cache revalidated)
npm http fetch GET 200 https://registry.vlt.io/npm/esbuild 59ms (cache revalidated)
npm http fetch GET 200 https://registry.vlt.io/npm/yoctocolors 37ms (cache miss)
npm http fetch GET 200 https://registry.vlt.io/npm/fsevents 46ms (cache miss)
npm http fetch GET 200 https://registry.vlt.io/npm/prismjs 30ms (cache miss)
npm http fetch GET 200 https://registry.vlt.io/npm/devlop 35ms (cache miss)
npm http fetch GET 200 https://registry.vlt.io/npm/parse5 36ms (cache miss)
npm http fetch GET 200 https://registry.vlt.io/npm/hast-util-from-parse5 34ms (cache miss)
npm http fetch GET 200 https://registry.vlt.io/npm/hast-util-is-element 34ms (cache miss)
npm http fetch GET 200 https://registry.vlt.io/npm/unist-util-find-after 34ms (cache miss)
npm http fetch GET 200 https://registry.vlt.io/npm/@types%2fmdast 32ms (cache miss)
npm http fetch GET 200 https://registry.vlt.io/npm/hast-util-to-html 31ms (cache miss)
npm http fetch GET 200 https://registry.vlt.io/npm/hast-util-raw 34ms (cache miss)
npm http fetch GET 200 https://registry.vlt.io/npm/remark-stringify 32ms (cache miss)
npm http fetch GET 200 https://registry.vlt.io/npm/micromark-extension-gfm 34ms (cache miss)
npm http fetch GET 200 https://registry.vlt.io/npm/mdast-util-gfm 54ms (cache miss)
npm http fetch GET 200 https://registry.vlt.io/npm/micromark-util-types 39ms (cache miss)
npm http fetch GET 200 https://registry.vlt.io/npm/mdast-util-from-markdown 37ms (cache miss)
npm http fetch GET 200 https://registry.vlt.io/npm/mdast-util-to-hast 43ms (cache miss)
npm http fetch GET 200 https://registry.vlt.io/npm/retext-smartypants 31ms (cache miss)
npm http fetch GET 200 https://registry.vlt.io/npm/retext 34ms (cache miss)
npm http fetch GET 200 https://registry.vlt.io/npm/bail 29ms (cache miss)
npm http fetch GET 200 https://registry.vlt.io/npm/devlop 42ms (cache revalidated)
npm http fetch GET 200 https://registry.vlt.io/npm/trough 32ms (cache miss)
npm http fetch GET 200 https://registry.vlt.io/npm/extend 48ms (cache miss)
npm http fetch GET 200 https://registry.vlt.io/npm/is-plain-obj 32ms (cache miss)
npm http fetch GET 200 https://registry.vlt.io/npm/is-inside-container 46ms (cache miss)
npm http fetch GET 200 https://registry.vlt.io/npm/tiny-inflate 34ms (cache miss)
npm http fetch GET 200 https://registry.vlt.io/npm/strip-ansi 32ms (cache miss)
npm http fetch GET 200 https://registry.vlt.io/npm/emoji-regex 33ms (cache miss)
npm http fetch GET 200 https://registry.vlt.io/npm/string-width 42ms (cache revalidated)
npm http fetch GET 200 https://registry.vlt.io/npm/get-east-asian-width 33ms (cache miss)
npm http fetch GET 200 https://registry.vlt.io/npm/ansi-styles 35ms (cache miss)
npm http fetch GET 200 https://registry.vlt.io/npm/strip-ansi 32ms (cache revalidated)
npm http fetch GET 200 https://registry.vlt.io/npm/is-fullwidth-code-point 33ms (cache miss)
npm http fetch GET 200 https://registry.vlt.io/npm/emoji-regex 35ms (cache revalidated)
npm http fetch GET 200 https://registry.vlt.io/npm/dequal 32ms (cache miss)
npm http fetch GET 200 https://registry.vlt.io/npm/@types%2funist 35ms (cache revalidated)
npm http fetch GET 200 https://registry.vlt.io/npm/hastscript 38ms (cache miss)
npm http fetch GET 200 https://registry.vlt.io/npm/vfile-location 32ms (cache miss)
npm http fetch GET 200 https://registry.vlt.io/npm/web-namespaces 32ms (cache miss)
npm http fetch GET 200 https://registry.vlt.io/npm/property-information 45ms (cache miss)
npm http fetch GET 200 https://registry.vlt.io/npm/entities 30ms (cache miss)
npm http fetch GET 200 https://registry.vlt.io/npm/unist-util-stringify-position 36ms (cache miss)
npm http fetch GET 200 https://registry.vlt.io/npm/space-separated-tokens 35ms (cache miss)
npm http fetch GET 200 https://registry.vlt.io/npm/comma-separated-tokens 37ms (cache miss)
npm http fetch GET 200 https://registry.vlt.io/npm/hast-util-parse-selector 37ms (cache miss)
npm http fetch GET 200 https://registry.vlt.io/npm/@babel%2fhelper-string-parser 37ms (cache miss)
npm http fetch GET 200 https://registry.vlt.io/npm/@babel%2fhelper-validator-identifier 38ms (cache miss)
npm http fetch GET 200 https://registry.vlt.io/npm/hast-util-to-parse5 34ms (cache miss)
npm http fetch GET 200 https://registry.vlt.io/npm/html-void-elements 39ms (cache miss)
npm http fetch GET 200 https://registry.vlt.io/npm/zwitch 41ms (cache miss)
npm http fetch GET 200 https://registry.vlt.io/npm/unist-util-position 44ms (cache miss)
npm http fetch GET 200 https://registry.vlt.io/npm/@ungap%2fstructured-clone 46ms (cache miss)
npm http fetch GET 200 https://registry.vlt.io/npm/trim-lines 32ms (cache miss)
npm http fetch GET 200 https://registry.vlt.io/npm/micromark-util-sanitize-uri 46ms (cache miss)
npm http fetch GET 200 https://registry.vlt.io/npm/micromark-util-encode 29ms (cache miss)
npm http fetch GET 200 https://registry.vlt.io/npm/micromark-util-character 32ms (cache miss)
npm http fetch GET 200 https://registry.vlt.io/npm/micromark-util-symbol 34ms (cache miss)
npm http fetch GET 200 https://registry.vlt.io/npm/ccount 30ms (cache miss)
npm http fetch GET 200 https://registry.vlt.io/npm/hast-util-whitespace 34ms (cache miss)
npm http fetch GET 200 https://registry.vlt.io/npm/stringify-entities 35ms (cache miss)
npm http fetch GET 200 https://registry.vlt.io/npm/character-entities-legacy 30ms (cache miss)
npm http fetch GET 200 https://registry.vlt.io/npm/character-entities-html4 31ms (cache miss)
npm http fetch GET 200 https://registry.vlt.io/npm/mdast-util-gfm-table 30ms (cache miss)
npm http fetch GET 200 https://registry.vlt.io/npm/mdast-util-to-markdown 32ms (cache miss)
npm http fetch GET 200 https://registry.vlt.io/npm/mdast-util-gfm-footnote 41ms (cache miss)
npm http fetch GET 200 https://registry.vlt.io/npm/mdast-util-gfm-task-list-item 35ms (cache miss)
npm http fetch GET 200 https://registry.vlt.io/npm/mdast-util-gfm-strikethrough 44ms (cache miss)
npm http fetch GET 200 https://registry.vlt.io/npm/mdast-util-gfm-autolink-literal 44ms (cache miss)
npm http fetch GET 200 https://registry.vlt.io/npm/micromark-extension-gfm-table 37ms (cache miss)
npm http fetch GET 200 https://registry.vlt.io/npm/micromark-extension-gfm-footnote 35ms (cache miss)
npm http fetch GET 200 https://registry.vlt.io/npm/micromark-extension-gfm-tagfilter 33ms (cache miss)
npm http fetch GET 200 https://registry.vlt.io/npm/micromark-util-combine-extensions 33ms (cache miss)
npm http fetch GET 200 https://registry.vlt.io/npm/micromark-extension-gfm-strikethrough 31ms (cache miss)
npm http fetch GET 200 https://registry.vlt.io/npm/micromark-extension-gfm-task-list-item 27ms (cache miss)
npm http fetch GET 200 https://registry.vlt.io/npm/micromark-extension-gfm-autolink-literal 32ms (cache miss)
npm http fetch GET 200 https://registry.vlt.io/npm/micromark 34ms (cache miss)
npm http fetch GET 200 https://registry.vlt.io/npm/mdast-util-to-string 37ms (cache miss)
npm http fetch GET 200 https://registry.vlt.io/npm/decode-named-character-reference 32ms (cache miss)
npm http fetch GET 200 https://registry.vlt.io/npm/micromark-util-normalize-identifier 32ms (cache miss)
npm http fetch GET 200 https://registry.vlt.io/npm/micromark-util-decode-numeric-character-reference 29ms (cache miss)
npm http fetch GET 200 https://registry.vlt.io/npm/mdast-util-find-and-replace 32ms (cache miss)
npm http fetch GET 200 https://registry.vlt.io/npm/micromark-util-decode-string 105ms (cache miss)
npm http fetch GET 200 https://registry.vlt.io/npm/markdown-table 34ms (cache miss)
npm http fetch GET 200 https://registry.vlt.io/npm/mdast-util-phrasing 31ms (cache miss)
npm http fetch GET 200 https://registry.vlt.io/npm/longest-streak 33ms (cache miss)
npm http fetch GET 200 https://registry.vlt.io/npm/micromark-util-classify-character 33ms (cache miss)
npm http fetch GET 200 https://registry.vlt.io/npm/character-entities 32ms (cache miss)
npm http fetch GET 200 https://registry.vlt.io/npm/micromark-util-chunked 38ms (cache miss)
npm http fetch GET 200 https://registry.vlt.io/npm/micromark-factory-space 28ms (cache miss)
npm http fetch GET 200 https://registry.vlt.io/npm/micromark-core-commonmark 31ms (cache miss)
npm http fetch GET 200 https://registry.vlt.io/npm/micromark-util-resolve-all 31ms (cache miss)
npm http fetch GET 200 https://registry.vlt.io/npm/micromark-util-subtokenize 35ms (cache miss)
npm http fetch GET 200 https://registry.vlt.io/npm/@types%2fdebug 131ms (cache miss)
npm http fetch GET 200 https://registry.vlt.io/npm/escape-string-regexp 37ms (cache miss)
npm http fetch GET 200 https://registry.vlt.io/npm/@types%2fms 34ms (cache miss)
npm http fetch GET 200 https://registry.vlt.io/npm/micromark-factory-label 34ms (cache miss)
npm http fetch GET 200 https://registry.vlt.io/npm/micromark-factory-title 51ms (cache miss)
npm http fetch GET 200 https://registry.vlt.io/npm/micromark-factory-whitespace 32ms (cache miss)
npm http fetch GET 200 https://registry.vlt.io/npm/micromark-util-html-tag-name 34ms (cache miss)
npm http fetch GET 200 https://registry.vlt.io/npm/micromark-factory-destination 35ms (cache miss)
npm http fetch GET 200 https://registry.vlt.io/npm/@types%2fnlcst 38ms (cache miss)
npm http fetch GET 200 https://registry.vlt.io/npm/retext-latin 39ms (cache miss)
npm http fetch GET 200 https://registry.vlt.io/npm/retext-stringify 39ms (cache miss)
npm http fetch GET 200 https://registry.vlt.io/npm/nlcst-to-string 30ms (cache miss)
npm http fetch GET 200 https://registry.vlt.io/npm/parse-latin 36ms (cache miss)
npm http fetch GET 200 https://registry.vlt.io/npm/unist-util-visit-children 33ms (cache miss)
npm http fetch GET 200 https://registry.vlt.io/npm/unist-util-modify-children 37ms (cache miss)
npm http fetch GET 200 https://registry.vlt.io/npm/array-iterate 32ms (cache miss)
npm http fetch GET 200 https://registry.vlt.io/npm/@emnapi%2fruntime 33ms (cache miss)
npm http fetch GET 200 https://registry.vlt.io/npm/tslib 33ms (cache miss)
npm http fetch GET 200 https://registry.vlt.io/npm/oniguruma-to-es 38ms (cache miss)
npm http fetch GET 200 https://registry.vlt.io/npm/regex 33ms (cache miss)
npm http fetch GET 200 https://registry.vlt.io/npm/regex-recursion 36ms (cache miss)
npm http fetch GET 200 https://registry.vlt.io/npm/oniguruma-parser 35ms (cache miss)
npm http fetch GET 200 https://registry.vlt.io/npm/regex-utilities 34ms (cache miss)
npm http fetch GET 200 https://registry.vlt.io/npm/regex-utilities 35ms (cache miss)
npm http fetch GET 200 https://registry.vlt.io/npm/ansi-regex 30ms (cache miss)
npm http fetch GET 200 https://registry.vlt.io/npm/nth-check 31ms (cache miss)
npm http fetch GET 200 https://registry.vlt.io/npm/domutils 36ms (cache miss)
npm http fetch GET 200 https://registry.vlt.io/npm/boolbase 38ms (cache miss)
npm http fetch GET 200 https://registry.vlt.io/npm/domhandler 33ms (cache miss)
npm http fetch GET 200 https://registry.vlt.io/npm/mdn-data 30ms (cache miss)
npm http fetch GET 200 https://registry.vlt.io/npm/domelementtype 32ms (cache miss)
npm http fetch GET 200 https://registry.vlt.io/npm/domelementtype 33ms (cache miss)
npm http fetch GET 200 https://registry.vlt.io/npm/dom-serializer 36ms (cache miss)
npm http fetch GET 200 https://registry.vlt.io/npm/mdn-data 34ms (cache revalidated)
npm http fetch GET 200 https://registry.vlt.io/npm/entities 35ms (cache revalidated)
npm http fetch GET 200 https://registry.vlt.io/npm/ufo 36ms (cache revalidated)
npm http fetch GET 200 https://registry.vlt.io/npm/normalize-path 31ms (cache miss)
npm http fetch GET 200 https://registry.vlt.io/npm/defu 33ms (cache miss)
npm http fetch GET 200 https://registry.vlt.io/npm/readdirp 36ms (cache miss)
npm http fetch GET 200 https://registry.vlt.io/npm/radix3 36ms (cache miss)
npm http fetch GET 200 https://registry.vlt.io/npm/crossws 34ms (cache revalidated)
npm http fetch GET 200 https://registry.vlt.io/npm/uncrypto 35ms (cache miss)
npm http fetch GET 200 https://registry.vlt.io/npm/cookie-es 32ms (cache miss)
npm http fetch GET 200 https://registry.vlt.io/npm/node-mock-http 30ms (cache miss)
npm http fetch GET 200 https://registry.vlt.io/npm/iron-webcrypto 35ms (cache miss)
npm http fetch GET 200 https://registry.vlt.io/npm/@esbuild%2flinux-arm 32ms (cache revalidated)
npm http fetch GET 200 https://registry.vlt.io/npm/@esbuild%2flinux-x64 33ms (cache revalidated)
npm http fetch GET 200 https://registry.vlt.io/npm/@esbuild%2faix-ppc64 34ms (cache revalidated)
npm http fetch GET 200 https://registry.vlt.io/npm/@esbuild%2fsunos-x64 36ms (cache revalidated)
npm http fetch GET 200 https://registry.vlt.io/npm/@esbuild%2fdarwin-x64 35ms (cache revalidated)
npm http fetch GET 200 https://registry.vlt.io/npm/@esbuild%2fwin32-x64 40ms (cache revalidated)
npm http fetch GET 200 https://registry.vlt.io/npm/@esbuild%2flinux-ia32 39ms (cache revalidated)
npm http fetch GET 200 https://registry.vlt.io/npm/@esbuild%2fnetbsd-x64 39ms (cache revalidated)
npm http fetch GET 200 https://registry.vlt.io/npm/@esbuild%2fwin32-ia32 36ms (cache revalidated)
npm http fetch GET 200 https://registry.vlt.io/npm/@esbuild%2ffreebsd-x64 30ms (cache revalidated)
npm http fetch GET 200 https://registry.vlt.io/npm/@esbuild%2fandroid-arm 35ms (cache revalidated)
npm http fetch GET 200 https://registry.vlt.io/npm/@esbuild%2fandroid-x64 37ms (cache revalidated)
npm http fetch GET 200 https://registry.vlt.io/npm/@esbuild%2flinux-ppc64 34ms (cache revalidated)
npm http fetch GET 200 https://registry.vlt.io/npm/@esbuild%2flinux-arm64 37ms (cache revalidated)
npm http fetch GET 200 https://registry.vlt.io/npm/@esbuild%2flinux-s390x 33ms (cache revalidated)
npm http fetch GET 200 https://registry.vlt.io/npm/@esbuild%2fdarwin-arm64 33ms (cache revalidated)
npm http fetch GET 200 https://registry.vlt.io/npm/@esbuild%2fwin32-arm64 41ms (cache revalidated)
npm http fetch GET 200 https://registry.vlt.io/npm/@esbuild%2fopenbsd-x64 43ms (cache revalidated)
npm http fetch GET 200 https://registry.vlt.io/npm/@esbuild%2fnetbsd-arm64 38ms (cache revalidated)
npm http fetch GET 200 https://registry.vlt.io/npm/@esbuild%2ffreebsd-arm64 32ms (cache revalidated)
npm http fetch GET 200 https://registry.vlt.io/npm/@esbuild%2fandroid-arm64 34ms (cache revalidated)
npm http fetch GET 200 https://registry.vlt.io/npm/@esbuild%2flinux-riscv64 34ms (cache revalidated)
npm http fetch GET 200 https://registry.vlt.io/npm/@esbuild%2fopenbsd-arm64 36ms (cache revalidated)
npm http fetch GET 200 https://registry.vlt.io/npm/@esbuild%2flinux-loong64 39ms (cache revalidated)
npm http fetch GET 200 https://registry.vlt.io/npm/@esbuild%2fopenharmony-arm64 31ms (cache revalidated)
npm http fetch GET 200 https://registry.vlt.io/npm/@esbuild%2flinux-mips64el 36ms (cache revalidated)
npm http fetch GET 200 https://registry.vlt.io/npm/nanoid 34ms (cache miss)
npm http fetch GET 200 https://registry.vlt.io/npm/@rollup%2frollup-openbsd-x64 29ms (cache miss)
npm http fetch GET 200 https://registry.vlt.io/npm/@rollup%2frollup-darwin-x64 35ms (cache miss)
npm http fetch GET 200 https://registry.vlt.io/npm/@rollup%2frollup-freebsd-x64 34ms (cache miss)
npm http fetch GET 200 https://registry.vlt.io/npm/@rollup%2frollup-android-arm64 29ms (cache miss)
npm http fetch GET 200 https://registry.vlt.io/npm/@rollup%2frollup-freebsd-arm64 34ms (cache miss)
npm http fetch GET 200 https://registry.vlt.io/npm/@rollup%2frollup-darwin-arm64 39ms (cache miss)
npm http fetch GET 200 https://registry.vlt.io/npm/@rollup%2frollup-linux-x64-gnu 38ms (cache miss)
npm http fetch GET 200 https://registry.vlt.io/npm/@rollup%2frollup-win32-x64-gnu 37ms (cache miss)
npm http fetch GET 200 https://registry.vlt.io/npm/@rollup%2frollup-linux-x64-musl 37ms (cache miss)
npm http fetch GET 200 https://registry.vlt.io/npm/@rollup%2frollup-linux-arm64-gnu 29ms (cache miss)
npm http fetch GET 200 https://registry.vlt.io/npm/@rollup%2frollup-win32-x64-msvc 44ms (cache miss)
npm http fetch GET 200 https://registry.vlt.io/npm/@rollup%2frollup-linux-ppc64-gnu 39ms (cache miss)
npm http fetch GET 200 https://registry.vlt.io/npm/@rollup%2frollup-linux-s390x-gnu 32ms (cache miss)
npm http fetch GET 200 https://registry.vlt.io/npm/@rollup%2frollup-win32-ia32-msvc 29ms (cache miss)
npm http fetch GET 200 https://registry.vlt.io/npm/@rollup%2frollup-android-arm-eabi 42ms (cache miss)
npm http fetch GET 200 https://registry.vlt.io/npm/@rollup%2frollup-linux-ppc64-musl 34ms (cache miss)
npm http fetch GET 200 https://registry.vlt.io/npm/@rollup%2frollup-linux-arm64-musl 44ms (cache miss)
npm http fetch GET 200 https://registry.vlt.io/npm/@rollup%2frollup-win32-arm64-msvc 42ms (cache miss)
npm http fetch GET 200 https://registry.vlt.io/npm/@rollup%2frollup-linux-loong64-gnu 33ms (cache miss)
npm http fetch GET 200 https://registry.vlt.io/npm/@rollup%2frollup-linux-riscv64-gnu 34ms (cache miss)
npm http fetch GET 200 https://registry.vlt.io/npm/@rollup%2frollup-openharmony-arm64 28ms (cache miss)
npm http fetch GET 200 https://registry.vlt.io/npm/@rollup%2frollup-linux-riscv64-musl 38ms (cache miss)
npm http fetch GET 200 https://registry.vlt.io/npm/@rollup%2frollup-linux-loong64-musl 45ms (cache miss)
npm http fetch GET 200 https://registry.vlt.io/npm/@rollup%2frollup-linux-arm-gnueabihf 44ms (cache miss)
npm http fetch GET 200 https://registry.vlt.io/npm/@rollup%2frollup-linux-arm-musleabihf 41ms (cache miss)
npm http fetch GET 200 https://registry.vlt.io/npm/ansi-regex 31ms (cache revalidated)
npm http fetch GET 200 https://registry.vlt.io/npm/yoctocolors/-/yoctocolors-2.1.2.tgz 173ms (cache miss)
npm http fetch GET 200 https://registry.vlt.io/npm/is-fullwidth-code-point/-/is-fullwidth-code-point-3.0.0.tgz 175ms (cache miss)
npm http fetch GET 200 https://registry.vlt.io/npm/normalize-path/-/normalize-path-3.0.0.tgz 178ms (cache miss)
npm http fetch GET 200 https://registry.vlt.io/npm/chokidar/-/chokidar-5.0.0.tgz 179ms (cache miss)
npm http fetch GET 200 https://registry.vlt.io/npm/ansi-styles/-/ansi-styles-6.2.3.tgz 258ms (cache miss)
npm http fetch GET 200 https://registry.vlt.io/npm/iron-webcrypto/-/iron-webcrypto-1.2.1.tgz 262ms (cache miss)
npm http fetch GET 200 https://registry.vlt.io/npm/uncrypto/-/uncrypto-0.1.3.tgz 264ms (cache miss)
npm http fetch GET 200 https://registry.vlt.io/npm/anymatch/-/anymatch-3.1.3.tgz 267ms (cache miss)
npm http fetch GET 200 https://registry.vlt.io/npm/array-iterate/-/array-iterate-2.0.1.tgz 268ms (cache miss)
npm http fetch GET 200 https://registry.vlt.io/npm/defu/-/defu-6.1.7.tgz 275ms (cache miss)
npm http fetch GET 200 https://registry.vlt.io/npm/readdirp/-/readdirp-5.0.0.tgz 275ms (cache miss)
npm http fetch GET 200 https://registry.vlt.io/npm/radix3/-/radix3-1.1.2.tgz 279ms (cache miss)
npm http fetch GET 200 https://registry.vlt.io/npm/destr/-/destr-2.0.5.tgz 277ms (cache miss)
npm http fetch GET 200 https://registry.vlt.io/npm/cookie-es/-/cookie-es-1.2.3.tgz 315ms (cache miss)
npm http fetch GET 200 https://registry.vlt.io/npm/is-plain-obj/-/is-plain-obj-4.1.0.tgz 333ms (cache miss)
npm http fetch GET 200 https://registry.vlt.io/npm/bail/-/bail-2.0.2.tgz 334ms (cache miss)
npm http fetch GET 200 https://registry.vlt.io/npm/domelementtype/-/domelementtype-2.3.0.tgz 334ms (cache miss)
npm http fetch GET 200 https://registry.vlt.io/npm/dom-serializer/-/dom-serializer-2.0.0.tgz 340ms (cache miss)
npm http fetch GET 200 https://registry.vlt.io/npm/ohash/-/ohash-2.0.11.tgz 341ms (cache miss)
npm http fetch GET 200 https://registry.vlt.io/npm/fdir/-/fdir-6.5.0.tgz 341ms (cache miss)
npm http fetch GET 200 https://registry.vlt.io/npm/ufo/-/ufo-1.6.3.tgz 369ms (cache miss)
npm http fetch GET 200 https://registry.vlt.io/npm/nth-check/-/nth-check-2.1.1.tgz 368ms (cache miss)
npm http fetch GET 200 https://registry.vlt.io/npm/extend/-/extend-3.0.2.tgz 382ms (cache miss)
npm http fetch GET 200 https://registry.vlt.io/npm/domhandler/-/domhandler-5.0.3.tgz 380ms (cache miss)
npm http fetch GET 200 https://registry.vlt.io/npm/trough/-/trough-2.2.0.tgz 389ms (cache miss)
npm http fetch GET 200 https://registry.vlt.io/npm/picocolors/-/picocolors-1.1.1.tgz 388ms (cache miss)
npm http fetch GET 200 https://registry.vlt.io/npm/boolbase/-/boolbase-1.0.0.tgz 400ms (cache miss)
npm http fetch GET 200 https://registry.vlt.io/npm/ansi-regex/-/ansi-regex-6.2.2.tgz 407ms (cache miss)
npm http fetch GET 200 https://registry.vlt.io/npm/css-what/-/css-what-6.2.2.tgz 414ms (cache miss)
npm http fetch GET 200 https://registry.vlt.io/npm/sax/-/sax-1.6.0.tgz 414ms (cache miss)
npm http fetch GET 200 https://registry.vlt.io/npm/emoji-regex/-/emoji-regex-10.6.0.tgz 413ms (cache miss)
npm http fetch GET 200 https://registry.vlt.io/npm/character-entities-html4/-/character-entities-html4-2.1.0.tgz 419ms (cache miss)
npm http fetch GET 200 https://registry.vlt.io/npm/character-entities-legacy/-/character-entities-legacy-3.0.0.tgz 420ms (cache miss)
npm http fetch GET 200 https://registry.vlt.io/npm/get-east-asian-width/-/get-east-asian-width-1.5.0.tgz 426ms (cache miss)
npm http fetch GET 200 https://registry.vlt.io/npm/regex-recursion/-/regex-recursion-6.0.2.tgz 434ms (cache miss)
npm http fetch GET 200 https://registry.vlt.io/npm/strip-ansi/-/strip-ansi-7.2.0.tgz 441ms (cache miss)
npm http fetch GET 200 https://registry.vlt.io/npm/regex-utilities/-/regex-utilities-2.3.0.tgz 441ms (cache miss)
npm http fetch GET 200 https://registry.vlt.io/npm/@shikijs/types/-/types-3.23.0.tgz 448ms (cache miss)
npm http fetch GET 200 https://registry.vlt.io/npm/@shikijs/vscode-textmate/-/vscode-textmate-10.0.2.tgz 453ms (cache miss)
npm http fetch GET 200 https://registry.vlt.io/npm/detect-libc/-/detect-libc-2.1.2.tgz 462ms (cache miss)
npm http fetch GET 200 https://registry.vlt.io/npm/@shikijs/engine-javascript/-/engine-javascript-3.23.0.tgz 470ms (cache miss)
npm http fetch GET 200 https://registry.vlt.io/npm/unist-util-visit-children/-/unist-util-visit-children-3.0.0.tgz 477ms (cache miss)
npm http fetch GET 200 https://registry.vlt.io/npm/retext-latin/-/retext-latin-4.0.0.tgz 485ms (cache miss)
npm http fetch GET 200 https://registry.vlt.io/npm/nlcst-to-string/-/nlcst-to-string-4.0.0.tgz 487ms (cache miss)
npm http fetch GET 200 https://registry.vlt.io/npm/@types/nlcst/-/nlcst-2.0.3.tgz 490ms (cache miss)
npm http fetch GET 200 https://registry.vlt.io/npm/unist-util-modify-children/-/unist-util-modify-children-4.0.0.tgz 497ms (cache miss)
npm http fetch GET 200 https://registry.vlt.io/npm/retext-stringify/-/retext-stringify-4.0.0.tgz 497ms (cache miss)
npm http fetch GET 200 https://registry.vlt.io/npm/retext/-/retext-9.0.0.tgz 496ms (cache miss)
npm http fetch GET 200 https://registry.vlt.io/npm/retext-smartypants/-/retext-smartypants-6.2.0.tgz 497ms (cache miss)
npm http fetch GET 200 https://registry.vlt.io/npm/@img/colour/-/colour-1.1.0.tgz 508ms (cache miss)
npm http fetch GET 200 https://registry.vlt.io/npm/micromark-extension-gfm-strikethrough/-/micromark-extension-gfm-strikethrough-2.1.0.tgz 506ms (cache miss)
npm http fetch GET 200 https://registry.vlt.io/npm/micromark-extension-gfm-autolink-literal/-/micromark-extension-gfm-autolink-literal-2.1.0.tgz 507ms (cache miss)
npm http fetch GET 200 https://registry.vlt.io/npm/micromark-extension-gfm-task-list-item/-/micromark-extension-gfm-task-list-item-2.1.0.tgz 519ms (cache miss)
npm http fetch GET 200 https://registry.vlt.io/npm/micromark-extension-gfm-tagfilter/-/micromark-extension-gfm-tagfilter-2.0.0.tgz 532ms (cache miss)
npm http fetch GET 200 https://registry.vlt.io/npm/nanoid/-/nanoid-3.3.11.tgz 550ms (cache miss)
npm http fetch GET 200 https://registry.vlt.io/npm/micromark-util-html-tag-name/-/micromark-util-html-tag-name-2.0.1.tgz 538ms (cache miss)
npm http fetch GET 200 https://registry.vlt.io/npm/micromark-factory-title/-/micromark-factory-title-2.0.1.tgz 538ms (cache miss)
npm http fetch GET 200 https://registry.vlt.io/npm/@types/ms/-/ms-2.1.0.tgz 548ms (cache miss)
npm http fetch GET 200 https://registry.vlt.io/npm/micromark-util-chunked/-/micromark-util-chunked-2.0.1.tgz 547ms (cache miss)
npm http fetch GET 200 https://registry.vlt.io/npm/micromark-util-resolve-all/-/micromark-util-resolve-all-2.0.1.tgz 548ms (cache miss)
npm http fetch GET 200 https://registry.vlt.io/npm/micromark-factory-destination/-/micromark-factory-destination-2.0.1.tgz 555ms (cache miss)
npm http fetch GET 200 https://registry.vlt.io/npm/micromark-factory-label/-/micromark-factory-label-2.0.1.tgz 556ms (cache miss)
npm http fetch GET 200 https://registry.vlt.io/npm/@types/debug/-/debug-4.1.13.tgz 561ms (cache miss)
npm http fetch GET 200 https://registry.vlt.io/npm/@shikijs/core/-/core-3.23.0.tgz 586ms (cache miss)
npm http fetch GET 200 https://registry.vlt.io/npm/micromark-util-combine-extensions/-/micromark-util-combine-extensions-2.0.1.tgz 582ms (cache miss)
npm http fetch GET 200 https://registry.vlt.io/npm/micromark-factory-space/-/micromark-factory-space-2.0.1.tgz 583ms (cache miss)
npm http fetch GET 200 https://registry.vlt.io/npm/mdast-util-phrasing/-/mdast-util-phrasing-4.1.0.tgz 582ms (cache miss)
npm http fetch GET 200 https://registry.vlt.io/npm/longest-streak/-/longest-streak-3.1.0.tgz 592ms (cache miss)
npm http fetch GET 200 https://registry.vlt.io/npm/micromark-util-classify-character/-/micromark-util-classify-character-2.0.1.tgz 592ms (cache miss)
npm http fetch GET 200 https://registry.vlt.io/npm/markdown-table/-/markdown-table-3.0.4.tgz 599ms (cache miss)
npm http fetch GET 200 https://registry.vlt.io/npm/unist-util-is/-/unist-util-is-6.0.1.tgz 599ms (cache miss)
npm http fetch GET 200 https://registry.vlt.io/npm/h3/-/h3-1.15.11.tgz 621ms (cache miss)
npm http fetch GET 200 https://registry.vlt.io/npm/micromark-util-decode-string/-/micromark-util-decode-string-2.0.1.tgz 608ms (cache miss)
npm http fetch GET 200 https://registry.vlt.io/npm/mdast-util-find-and-replace/-/mdast-util-find-and-replace-3.0.2.tgz 608ms (cache miss)
npm http fetch GET 200 https://registry.vlt.io/npm/micromark-util-normalize-identifier/-/micromark-util-normalize-identifier-2.0.1.tgz 609ms (cache miss)
npm http fetch GET 200 https://registry.vlt.io/npm/character-entities/-/character-entities-2.0.2.tgz 621ms (cache miss)
npm http fetch GET 200 https://registry.vlt.io/npm/unist-util-stringify-position/-/unist-util-stringify-position-4.0.0.tgz 621ms (cache miss)
npm http fetch GET 200 https://registry.vlt.io/npm/decode-named-character-reference/-/decode-named-character-reference-1.3.0.tgz 620ms (cache miss)
npm http fetch GET 200 https://registry.vlt.io/npm/escape-string-regexp/-/escape-string-regexp-5.0.0.tgz 638ms (cache miss)
npm http fetch GET 200 https://registry.vlt.io/npm/micromark-util-decode-numeric-character-reference/-/micromark-util-decode-numeric-character-reference-2.0.2.tgz 636ms (cache miss)
npm http fetch GET 200 https://registry.vlt.io/npm/mdast-util-to-string/-/mdast-util-to-string-4.0.0.tgz 637ms (cache miss)
npm http fetch GET 200 https://registry.vlt.io/npm/mdast-util-gfm-table/-/mdast-util-gfm-table-2.0.0.tgz 637ms (cache miss)
npm http fetch GET 200 https://registry.vlt.io/npm/mdast-util-gfm-autolink-literal/-/mdast-util-gfm-autolink-literal-2.0.1.tgz 643ms (cache miss)
npm http fetch GET 200 https://registry.vlt.io/npm/mdast-util-gfm-footnote/-/mdast-util-gfm-footnote-2.1.0.tgz 652ms (cache miss)
npm http fetch GET 200 https://registry.vlt.io/npm/remark-stringify/-/remark-stringify-11.0.0.tgz 652ms (cache miss)
npm http fetch GET 200 https://registry.vlt.io/npm/stringify-entities/-/stringify-entities-4.0.4.tgz 652ms (cache miss)
npm http fetch GET 200 https://registry.vlt.io/npm/commander/-/commander-11.1.0.tgz 672ms (cache miss)
npm http fetch GET 200 https://registry.vlt.io/npm/micromark-extension-gfm/-/micromark-extension-gfm-3.0.0.tgz 662ms (cache miss)
npm http fetch GET 200 https://registry.vlt.io/npm/mdast-util-gfm/-/mdast-util-gfm-3.1.0.tgz 662ms (cache miss)
npm http fetch GET 200 https://registry.vlt.io/npm/micromark-util-symbol/-/micromark-util-symbol-2.0.1.tgz 662ms (cache miss)
npm http fetch GET 200 https://registry.vlt.io/npm/mdast-util-gfm-task-list-item/-/mdast-util-gfm-task-list-item-2.0.0.tgz 671ms (cache miss)
npm http fetch GET 200 https://registry.vlt.io/npm/micromark-factory-whitespace/-/micromark-factory-whitespace-2.0.1.tgz 676ms (cache miss)
npm http fetch GET 200 https://registry.vlt.io/npm/hast-util-whitespace/-/hast-util-whitespace-3.0.0.tgz 670ms (cache miss)
npm http fetch GET 200 https://registry.vlt.io/npm/micromark-util-types/-/micromark-util-types-2.0.2.tgz 670ms (cache miss)
npm http fetch GET 200 https://registry.vlt.io/npm/ccount/-/ccount-2.0.1.tgz 671ms (cache miss)
npm http fetch GET 200 https://registry.vlt.io/npm/micromark-util-encode/-/micromark-util-encode-2.0.1.tgz 685ms (cache miss)
npm http fetch GET 200 https://registry.vlt.io/npm/trim-lines/-/trim-lines-3.0.1.tgz 686ms (cache miss)
npm http fetch GET 200 https://registry.vlt.io/npm/unist-util-position/-/unist-util-position-5.0.0.tgz 693ms (cache miss)
npm http fetch GET 200 https://registry.vlt.io/npm/zwitch/-/zwitch-2.0.4.tgz 708ms (cache miss)
npm http fetch GET 200 https://registry.vlt.io/npm/@ungap/structured-clone/-/structured-clone-1.3.0.tgz 708ms (cache miss)
npm http fetch GET 200 https://registry.vlt.io/npm/hast-util-to-parse5/-/hast-util-to-parse5-8.0.1.tgz 719ms (cache miss)
npm http fetch GET 200 https://registry.vlt.io/npm/hast-util-raw/-/hast-util-raw-9.1.0.tgz 720ms (cache miss)
npm http fetch GET 200 https://registry.vlt.io/npm/rehype-parse/-/rehype-parse-9.0.1.tgz 720ms (cache miss)
npm http fetch GET 200 https://registry.vlt.io/npm/sisteransi/-/sisteransi-1.0.5.tgz 721ms (cache miss)
npm http fetch GET 200 https://registry.vlt.io/npm/micromark-util-sanitize-uri/-/micromark-util-sanitize-uri-2.0.1.tgz 736ms (cache miss)
npm http fetch GET 200 https://registry.vlt.io/npm/html-void-elements/-/html-void-elements-3.0.0.tgz 736ms (cache miss)
npm http fetch GET 200 https://registry.vlt.io/npm/kleur/-/kleur-3.0.3.tgz 735ms (cache miss)
npm http fetch GET 200 https://registry.vlt.io/npm/micromark-util-character/-/micromark-util-character-2.1.1.tgz 749ms (cache miss)
npm http fetch GET 200 https://registry.vlt.io/npm/eventemitter3/-/eventemitter3-5.0.4.tgz 747ms (cache miss)
npm http fetch GET 200 https://registry.vlt.io/npm/@babel/helper-string-parser/-/helper-string-parser-7.27.1.tgz 747ms (cache miss)
npm http fetch GET 200 https://registry.vlt.io/npm/@rollup/rollup-linux-arm64-gnu/-/rollup-linux-arm64-gnu-4.60.2.tgz 780ms (cache miss)
npm http fetch GET 200 https://registry.vlt.io/npm/ofetch/-/ofetch-1.5.1.tgz 777ms (cache miss)
npm http fetch GET 200 https://registry.vlt.io/npm/@babel/helper-validator-identifier/-/helper-validator-identifier-7.28.5.tgz 757ms (cache miss)
npm http fetch GET 200 https://registry.vlt.io/npm/@types/mdast/-/mdast-4.0.4.tgz 759ms (cache miss)
npm http fetch GET 200 https://registry.vlt.io/npm/@img/sharp-linux-arm64/-/sharp-linux-arm64-0.34.5.tgz 776ms (cache miss)
npm http fetch GET 200 https://registry.vlt.io/npm/yocto-queue/-/yocto-queue-1.2.2.tgz 764ms (cache miss)
npm http fetch GET 200 https://registry.vlt.io/npm/space-separated-tokens/-/space-separated-tokens-2.0.2.tgz 763ms (cache miss)
npm http fetch GET 200 https://registry.vlt.io/npm/p-timeout/-/p-timeout-6.1.4.tgz 791ms (cache miss)
npm http fetch GET 200 https://registry.vlt.io/npm/hast-util-parse-selector/-/hast-util-parse-selector-4.0.0.tgz 790ms (cache miss)
npm http fetch GET 200 https://registry.vlt.io/npm/hast-util-is-element/-/hast-util-is-element-3.0.0.tgz 805ms (cache miss)
npm http fetch GET 200 https://registry.vlt.io/npm/web-namespaces/-/web-namespaces-2.0.1.tgz 804ms (cache miss)
npm http fetch GET 200 https://registry.vlt.io/npm/is-inside-container/-/is-inside-container-1.0.0.tgz 819ms (cache miss)
npm http fetch GET 200 https://registry.vlt.io/npm/unist-util-find-after/-/unist-util-find-after-5.0.0.tgz 819ms (cache miss)
npm http fetch GET 200 https://registry.vlt.io/npm/@types/unist/-/unist-3.0.3.tgz 818ms (cache miss)
npm http fetch GET 200 https://registry.vlt.io/npm/hastscript/-/hastscript-9.0.1.tgz 819ms (cache miss)
npm http fetch GET 200 https://registry.vlt.io/npm/micromark-util-subtokenize/-/micromark-util-subtokenize-2.1.0.tgz 845ms (cache miss)
npm http fetch GET 200 https://registry.vlt.io/npm/comma-separated-tokens/-/comma-separated-tokens-2.0.3.tgz 835ms (cache miss)
npm http fetch GET 200 https://registry.vlt.io/npm/vfile-location/-/vfile-location-5.0.3.tgz 835ms (cache miss)
npm http fetch GET 200 https://registry.vlt.io/npm/dequal/-/dequal-2.0.3.tgz 835ms (cache miss)
npm http fetch GET 200 https://registry.vlt.io/npm/vfile-message/-/vfile-message-4.0.3.tgz 834ms (cache miss)
npm http fetch GET 200 https://registry.vlt.io/npm/hast-util-from-parse5/-/hast-util-from-parse5-8.0.3.tgz 848ms (cache miss)
npm http fetch GET 200 https://registry.vlt.io/npm/devlop/-/devlop-1.1.0.tgz 849ms (cache miss)
npm http fetch GET 200 https://registry.vlt.io/npm/base-64/-/base-64-1.0.0.tgz 863ms (cache miss)
npm http fetch GET 200 https://registry.vlt.io/npm/tiny-inflate/-/tiny-inflate-1.0.3.tgz 863ms (cache miss)
npm http fetch GET 200 https://registry.vlt.io/npm/mdast-util-gfm-strikethrough/-/mdast-util-gfm-strikethrough-2.0.0.tgz 885ms (cache miss)
npm http fetch GET 200 https://registry.vlt.io/npm/@types/hast/-/hast-3.0.4.tgz 878ms (cache miss)
npm http fetch GET 200 https://registry.vlt.io/npm/argparse/-/argparse-2.0.1.tgz 895ms (cache miss)
npm http fetch GET 200 https://registry.vlt.io/npm/widest-line/-/widest-line-5.0.0.tgz 893ms (cache miss)
npm http fetch GET 200 https://registry.vlt.io/npm/string-width/-/string-width-7.2.0.tgz 892ms (cache miss)
npm http fetch GET 200 https://registry.vlt.io/npm/wrap-ansi/-/wrap-ansi-9.0.2.tgz 902ms (cache miss)
npm http fetch GET 200 https://registry.vlt.io/npm/cli-boxes/-/cli-boxes-3.0.0.tgz 902ms (cache miss)
npm http fetch GET 200 https://registry.vlt.io/npm/ansi-align/-/ansi-align-3.0.1.tgz 901ms (cache miss)
npm http fetch GET 200 https://registry.vlt.io/npm/ms/-/ms-2.1.3.tgz 913ms (cache miss)
npm http fetch GET 200 https://registry.vlt.io/npm/chalk/-/chalk-5.6.2.tgz 913ms (cache miss)
npm http fetch GET 200 https://registry.vlt.io/npm/is-wsl/-/is-wsl-3.1.1.tgz 912ms (cache miss)
npm http fetch GET 200 https://registry.vlt.io/npm/camelcase/-/camelcase-8.0.0.tgz 914ms (cache miss)
npm http fetch GET 200 https://registry.vlt.io/npm/which-pm-runs/-/which-pm-runs-1.1.0.tgz 913ms (cache miss)
npm http fetch GET 200 https://registry.vlt.io/npm/@types/estree/-/estree-1.0.8.tgz 922ms (cache miss)
npm http fetch GET 200 https://registry.vlt.io/npm/unist-util-remove-position/-/unist-util-remove-position-5.0.0.tgz 921ms (cache miss)
npm http fetch GET 200 https://registry.vlt.io/npm/is-docker/-/is-docker-3.0.0.tgz 922ms (cache miss)
npm http fetch GET 200 https://registry.vlt.io/npm/unist-util-visit-parents/-/unist-util-visit-parents-6.0.2.tgz 932ms (cache miss)
npm http fetch GET 200 https://registry.vlt.io/npm/remark-rehype/-/remark-rehype-11.1.2.tgz 932ms (cache miss)
npm http fetch GET 200 https://registry.vlt.io/npm/remark-parse/-/remark-parse-11.0.0.tgz 932ms (cache miss)
npm http fetch GET 200 https://registry.vlt.io/npm/remark-smartypants/-/remark-smartypants-3.0.2.tgz 941ms (cache miss)
npm http fetch GET 200 https://registry.vlt.io/npm/micromark-extension-gfm-footnote/-/micromark-extension-gfm-footnote-2.1.0.tgz 967ms (cache miss)
npm http fetch GET 200 https://registry.vlt.io/npm/rehype-stringify/-/rehype-stringify-10.0.1.tgz 949ms (cache miss)
npm http fetch GET 200 https://registry.vlt.io/npm/hast-util-to-text/-/hast-util-to-text-4.0.2.tgz 949ms (cache miss)
npm http fetch GET 200 https://registry.vlt.io/npm/remark-gfm/-/remark-gfm-4.0.1.tgz 949ms (cache miss)
npm http fetch GET 200 https://registry.vlt.io/npm/rehype-raw/-/rehype-raw-7.0.0.tgz 950ms (cache miss)
npm http fetch GET 200 https://registry.vlt.io/npm/hast-util-from-html/-/hast-util-from-html-2.0.3.tgz 956ms (cache miss)
npm http fetch GET 200 https://registry.vlt.io/npm/zod-to-ts/-/zod-to-ts-1.2.0.tgz 965ms (cache miss)
npm http fetch GET 200 https://registry.vlt.io/npm/@shikijs/engine-oniguruma/-/engine-oniguruma-3.23.0.tgz 995ms (cache miss)
npm http fetch GET 200 https://registry.vlt.io/npm/mdast-util-definitions/-/mdast-util-definitions-6.0.0.tgz 974ms (cache miss)
npm http fetch GET 200 https://registry.vlt.io/npm/yocto-spinner/-/yocto-spinner-0.2.3.tgz 972ms (cache miss)
npm http fetch GET 200 https://registry.vlt.io/npm/unist-util-visit/-/unist-util-visit-5.1.0.tgz 981ms (cache miss)
npm http fetch GET 200 https://registry.vlt.io/npm/unifont/-/unifont-0.7.4.tgz 996ms (cache miss)
npm http fetch GET 200 https://registry.vlt.io/npm/tinyexec/-/tinyexec-1.1.1.tgz 997ms (cache miss)
npm http fetch GET 200 https://registry.vlt.io/npm/tinyglobby/-/tinyglobby-0.2.16.tgz 996ms (cache miss)
npm http fetch GET 200 https://registry.vlt.io/npm/package-manager-detector/-/package-manager-detector-1.6.0.tgz 1006ms (cache miss)
npm http fetch GET 200 https://registry.vlt.io/npm/p-queue/-/p-queue-8.1.1.tgz 1006ms (cache miss)
npm http fetch GET 200 https://registry.vlt.io/npm/rehype/-/rehype-13.0.2.tgz 1006ms (cache miss)
npm http fetch GET 200 https://registry.vlt.io/npm/mrmime/-/mrmime-2.0.1.tgz 1016ms (cache miss)
npm http fetch GET 200 https://registry.vlt.io/npm/vitefu/-/vitefu-1.1.3.tgz 1039ms (cache miss)
npm http fetch GET 200 https://registry.vlt.io/npm/p-limit/-/p-limit-6.2.0.tgz 1037ms (cache miss)
npm http fetch GET 200 https://registry.vlt.io/npm/@astrojs/prism/-/prism-3.3.0.tgz 1053ms (cache miss)
npm http fetch GET 200 https://registry.vlt.io/npm/http-cache-semantics/-/http-cache-semantics-4.2.0.tgz 1049ms (cache miss)
npm http fetch GET 200 https://registry.vlt.io/npm/github-slugger/-/github-slugger-2.0.0.tgz 1057ms (cache miss)
npm http fetch GET 200 https://registry.vlt.io/npm/flattie/-/flattie-1.1.1.tgz 1058ms (cache miss)
npm http fetch GET 200 https://registry.vlt.io/npm/fontace/-/fontace-0.4.1.tgz 1066ms (cache miss)
npm http fetch GET 200 https://registry.vlt.io/npm/html-escaper/-/html-escaper-3.0.3.tgz 1067ms (cache miss)
npm http fetch GET 200 https://registry.vlt.io/npm/dset/-/dset-3.1.4.tgz 1066ms (cache miss)
npm http fetch GET 200 https://registry.vlt.io/npm/dlv/-/dlv-1.1.3.tgz 1067ms (cache miss)
npm http fetch GET 200 https://registry.vlt.io/npm/deterministic-object-hash/-/deterministic-object-hash-2.0.2.tgz 1077ms (cache miss)
npm http fetch GET 200 https://registry.vlt.io/npm/cookie/-/cookie-1.1.1.tgz 1078ms (cache miss)
npm http fetch GET 200 https://registry.vlt.io/npm/piccolore/-/piccolore-0.1.3.tgz 1078ms (cache miss)
npm http fetch GET 200 https://registry.vlt.io/npm/devalue/-/devalue-5.7.1.tgz 1086ms (cache miss)
npm http fetch GET 200 https://registry.vlt.io/npm/cssesc/-/cssesc-3.0.0.tgz 1086ms (cache miss)
npm http fetch GET 200 https://registry.vlt.io/npm/mdast-util-from-markdown/-/mdast-util-from-markdown-2.0.3.tgz 1111ms (cache miss)
npm http fetch GET 200 https://registry.vlt.io/npm/ci-info/-/ci-info-4.4.0.tgz 1090ms (cache miss)
npm http fetch GET 200 https://registry.vlt.io/npm/boxen/-/boxen-8.0.1.tgz 1090ms (cache miss)
npm http fetch GET 200 https://registry.vlt.io/npm/clsx/-/clsx-2.1.1.tgz 1092ms (cache miss)
npm http fetch GET 200 https://registry.vlt.io/npm/unified/-/unified-11.0.5.tgz 1105ms (cache miss)
npm http fetch GET 200 https://registry.vlt.io/npm/fontkitten/-/fontkitten-1.0.3.tgz 1106ms (cache miss)
npm http fetch GET 200 https://registry.vlt.io/npm/common-ancestor-path/-/common-ancestor-path-1.0.1.tgz 1097ms (cache miss)
npm http fetch GET 200 https://registry.vlt.io/npm/@rollup/pluginutils/-/pluginutils-5.3.0.tgz 1097ms (cache miss)
npm http fetch GET 200 https://registry.vlt.io/npm/esbuild/-/esbuild-0.27.7.tgz 1102ms (cache miss)
npm http fetch GET 200 https://registry.vlt.io/npm/@oslojs/encoding/-/encoding-1.1.0.tgz 1101ms (cache miss)
npm http fetch GET 200 https://registry.vlt.io/npm/@astrojs/markdown-remark/-/markdown-remark-6.3.11.tgz 1104ms (cache miss)
npm http fetch GET 200 https://registry.vlt.io/npm/@capsizecss/unpack/-/unpack-4.0.0.tgz 1104ms (cache miss)
npm http fetch GET 200 https://registry.vlt.io/npm/es-module-lexer/-/es-module-lexer-1.7.0.tgz 1115ms (cache miss)
npm http fetch GET 200 https://registry.vlt.io/npm/@astrojs/telemetry/-/telemetry-3.3.0.tgz 1113ms (cache miss)
npm http fetch GET 200 https://registry.vlt.io/npm/estree-walker/-/estree-walker-3.0.3.tgz 1120ms (cache miss)
npm http fetch GET 200 https://registry.vlt.io/npm/@astrojs/internal-helpers/-/internal-helpers-0.7.6.tgz 1117ms (cache miss)
npm http fetch GET 200 https://registry.vlt.io/npm/strip-ansi/-/strip-ansi-6.0.1.tgz 1120ms (cache miss)
npm http fetch GET 200 https://registry.vlt.io/npm/ansi-regex/-/ansi-regex-5.0.1.tgz 1120ms (cache miss)
npm http fetch GET 200 https://registry.vlt.io/npm/string-width/-/string-width-4.2.3.tgz 1120ms (cache miss)
npm http fetch GET 200 https://registry.vlt.io/npm/estree-walker/-/estree-walker-2.0.2.tgz 1123ms (cache miss)
npm http fetch GET 200 https://registry.vlt.io/npm/emoji-regex/-/emoji-regex-8.0.0.tgz 1128ms (cache miss)
npm http fetch GET 200 https://registry.vlt.io/npm/source-map-js/-/source-map-js-1.2.1.tgz 1149ms (cache miss)
npm http fetch GET 200 https://registry.vlt.io/npm/xxhash-wasm/-/xxhash-wasm-1.1.0.tgz 1155ms (cache miss)
npm http fetch GET 200 https://registry.vlt.io/npm/esbuild/-/esbuild-0.25.12.tgz 1145ms (cache miss)
npm http fetch GET 200 https://registry.vlt.io/npm/yargs-parser/-/yargs-parser-21.1.1.tgz 1159ms (cache miss)
npm http fetch GET 200 https://registry.vlt.io/npm/picomatch/-/picomatch-2.3.2.tgz 1153ms (cache miss)
npm http fetch GET 200 https://registry.vlt.io/npm/picomatch/-/picomatch-4.0.4.tgz 1164ms (cache miss)
npm http fetch GET 200 https://registry.vlt.io/npm/tsconfck/-/tsconfck-3.1.6.tgz 1176ms (cache miss)
npm http fetch GET 200 https://registry.vlt.io/npm/mdn-data/-/mdn-data-2.27.1.tgz 1212ms (cache miss)
npm http fetch GET 200 https://registry.vlt.io/npm/import-meta-resolve/-/import-meta-resolve-4.2.0.tgz 1229ms (cache miss)
npm http fetch GET 200 https://registry.vlt.io/npm/magicast/-/magicast-0.5.2.tgz 1229ms (cache miss)
npm http fetch GET 200 https://registry.vlt.io/npm/magic-string/-/magic-string-0.30.21.tgz 1235ms (cache miss)
npm http fetch GET 200 https://registry.vlt.io/npm/@jridgewell/sourcemap-codec/-/sourcemap-codec-1.5.5.tgz 1254ms (cache miss)
npm http fetch GET 200 https://registry.vlt.io/npm/micromark-extension-gfm-table/-/micromark-extension-gfm-table-2.1.1.tgz 1268ms (cache miss)
npm http fetch GET 200 https://registry.vlt.io/npm/node-fetch-native/-/node-fetch-native-1.6.7.tgz 1282ms (cache miss)
npm http fetch GET 200 https://registry.vlt.io/npm/neotraverse/-/neotraverse-0.6.18.tgz 1253ms (cache miss)
npm http fetch GET 200 https://registry.vlt.io/npm/smol-toml/-/smol-toml-1.6.1.tgz 1265ms (cache miss)
npm http fetch GET 200 https://registry.vlt.io/npm/acorn/-/acorn-8.16.0.tgz 1262ms (cache miss)
npm http fetch GET 200 https://registry.vlt.io/npm/vfile/-/vfile-6.0.3.tgz 1291ms (cache miss)
npm http fetch GET 200 https://registry.vlt.io/npm/node-mock-http/-/node-mock-http-1.0.4.tgz 1331ms (cache miss)
npm http fetch GET 200 https://registry.vlt.io/npm/postcss/-/postcss-8.5.10.tgz 1345ms (cache miss)
npm http fetch GET 200 https://registry.vlt.io/npm/mdn-data/-/mdn-data-2.0.28.tgz 1348ms (cache miss)
npm http fetch GET 200 https://registry.vlt.io/npm/oniguruma-to-es/-/oniguruma-to-es-4.3.6.tgz 1392ms (cache miss)
npm http fetch GET 200 https://registry.vlt.io/npm/@babel/parser/-/parser-7.29.2.tgz 1384ms (cache miss)
npm http fetch GET 200 https://registry.vlt.io/npm/ultrahtml/-/ultrahtml-1.6.0.tgz 1382ms (cache miss)
npm http fetch GET 200 https://registry.vlt.io/npm/debug/-/debug-4.4.3.tgz 1378ms (cache miss)
npm http fetch GET 200 https://registry.vlt.io/npm/sharp/-/sharp-0.34.5.tgz 1387ms (cache miss)
npm http fetch GET 200 https://registry.vlt.io/npm/parse-latin/-/parse-latin-7.0.0.tgz 1425ms (cache miss)
npm http fetch GET 200 https://registry.vlt.io/npm/semver/-/semver-7.7.4.tgz 1408ms (cache miss)
npm http fetch GET 200 https://registry.vlt.io/npm/js-yaml/-/js-yaml-4.1.1.tgz 1410ms (cache miss)
npm http fetch GET 200 https://registry.vlt.io/npm/crossws/-/crossws-0.3.5.tgz 1449ms (cache miss)
npm http fetch GET 200 https://registry.vlt.io/npm/hast-util-to-html/-/hast-util-to-html-9.0.5.tgz 1441ms (cache miss)
npm http fetch GET 200 https://registry.vlt.io/npm/regex/-/regex-6.1.0.tgz 1462ms (cache miss)
npm http fetch GET 200 https://registry.vlt.io/npm/property-information/-/property-information-7.1.0.tgz 1484ms (cache miss)
npm http fetch GET 200 https://registry.vlt.io/npm/domutils/-/domutils-3.2.2.tgz 1524ms (cache miss)
npm http fetch GET 200 https://registry.vlt.io/npm/rollup/-/rollup-4.60.2.tgz 1590ms (cache miss)
npm http fetch GET 200 https://registry.vlt.io/npm/lru-cache/-/lru-cache-11.3.5.tgz 1616ms (cache miss)
npm http fetch GET 200 https://registry.vlt.io/npm/micromark/-/micromark-4.0.2.tgz 1634ms (cache miss)
npm http fetch GET 200 https://registry.vlt.io/npm/vite/-/vite-6.4.2.tgz 1639ms (cache miss)
npm http fetch GET 200 https://registry.vlt.io/npm/prompts/-/prompts-2.4.2.tgz 1652ms (cache miss)
npm http fetch GET 200 https://registry.vlt.io/npm/entities/-/entities-4.5.0.tgz 1698ms (cache miss)
npm http fetch GET 200 https://registry.vlt.io/npm/mdast-util-to-hast/-/mdast-util-to-hast-13.2.1.tgz 1750ms (cache miss)
npm http fetch GET 200 https://registry.vlt.io/npm/parse5/-/parse5-7.3.0.tgz 1755ms (cache miss)
npm http fetch GET 200 https://registry.vlt.io/npm/csso/-/csso-5.0.5.tgz 1808ms (cache miss)
npm http fetch GET 200 https://registry.vlt.io/npm/entities/-/entities-6.0.1.tgz 1821ms (cache miss)
npm http fetch GET 200 https://registry.vlt.io/npm/@shikijs/themes/-/themes-3.23.0.tgz 1852ms (cache miss)
npm http fetch GET 200 https://registry.vlt.io/npm/micromark-core-commonmark/-/micromark-core-commonmark-2.0.3.tgz 1889ms (cache miss)
npm http fetch GET 200 https://registry.vlt.io/npm/css-select/-/css-select-5.2.2.tgz 1924ms (cache miss)
npm http fetch GET 200 https://registry.vlt.io/npm/@astrojs/compiler/-/compiler-2.13.1.tgz 1890ms (cache miss)
npm http fetch GET 200 https://registry.vlt.io/npm/type-fest/-/type-fest-4.41.0.tgz 1908ms (cache miss)
npm http fetch GET 200 https://registry.vlt.io/npm/unstorage/-/unstorage-1.17.5.tgz 1986ms (cache miss)
npm http fetch GET 200 https://registry.vlt.io/npm/diff/-/diff-8.0.4.tgz 1987ms (cache miss)
npm http fetch GET 200 https://registry.vlt.io/npm/mdast-util-to-markdown/-/mdast-util-to-markdown-2.1.2.tgz 2019ms (cache miss)
npm http fetch GET 200 https://registry.vlt.io/npm/oniguruma-parser/-/oniguruma-parser-0.12.2.tgz 2041ms (cache miss)
npm http fetch GET 200 https://registry.vlt.io/npm/svgo/-/svgo-4.0.1.tgz 2043ms (cache miss)
npm http fetch GET 200 https://registry.vlt.io/npm/@esbuild/linux-arm64/-/linux-arm64-0.27.7.tgz 2055ms (cache miss)
npm http fetch GET 200 https://registry.vlt.io/npm/@esbuild/linux-arm64/-/linux-arm64-0.25.12.tgz 2041ms (cache miss)
npm http fetch GET 200 https://registry.vlt.io/npm/zod-to-json-schema/-/zod-to-json-schema-3.25.2.tgz 2082ms (cache miss)
npm http fetch GET 200 https://registry.vlt.io/npm/axobject-query/-/axobject-query-4.1.0.tgz 2129ms (cache miss)
npm http fetch GET 200 https://registry.vlt.io/npm/@babel/types/-/types-7.29.0.tgz 2215ms (cache miss)
npm http fetch GET 200 https://registry.vlt.io/npm/@img/sharp-libvips-linux-arm64/-/sharp-libvips-linux-arm64-1.2.4.tgz 2278ms (cache miss)
npm http fetch GET 200 https://registry.vlt.io/npm/aria-query/-/aria-query-5.3.2.tgz 2290ms (cache miss)
npm http fetch GET 200 https://registry.vlt.io/npm/css-tree/-/css-tree-2.2.1.tgz 2340ms (cache miss)
npm http fetch GET 200 https://registry.vlt.io/npm/css-tree/-/css-tree-3.2.1.tgz 2427ms (cache miss)
npm http fetch GET 200 https://registry.vlt.io/npm/typescript/-/typescript-5.9.3.tgz 2518ms (cache miss)
npm http fetch GET 200 https://registry.vlt.io/npm/prismjs/-/prismjs-1.30.0.tgz 2537ms (cache miss)
npm http fetch GET 200 https://registry.vlt.io/npm/@shikijs/langs/-/langs-3.23.0.tgz 2588ms (cache miss)
npm http fetch GET 200 https://registry.vlt.io/npm/zod/-/zod-3.25.76.tgz 2658ms (cache miss)
npm http fetch GET 200 https://registry.vlt.io/npm/shiki/-/shiki-3.23.0.tgz 2681ms (cache miss)
npm http fetch GET 200 https://registry.vlt.io/npm/astro/-/astro-5.18.1.tgz 2825ms (cache miss)

added 277 packages in 13s
