npm http fetch GET 200 https://registry.vlt.io/vlt-benchmarks/npm/astro 69ms (cache miss)
npm http fetch GET 200 https://registry.vlt.io/vlt-benchmarks/npm/dlv 15ms (cache miss)
npm http fetch GET 200 https://registry.vlt.io/vlt-benchmarks/npm/clsx 27ms (cache miss)
npm http fetch GET 200 https://registry.vlt.io/vlt-benchmarks/npm/diff 15ms (cache miss)
npm http fetch GET 200 https://registry.vlt.io/vlt-benchmarks/npm/dset 11ms (cache miss)
npm http fetch GET 200 https://registry.vlt.io/vlt-benchmarks/npm/svgo 11ms (cache miss)
npm http fetch GET 200 https://registry.vlt.io/vlt-benchmarks/npm/zod 46ms (cache miss)
npm http fetch GET 200 https://registry.vlt.io/vlt-benchmarks/npm/acorn 21ms (cache miss)
npm http fetch GET 200 https://registry.vlt.io/vlt-benchmarks/npm/boxen 15ms (cache miss)
npm http fetch GET 200 https://registry.vlt.io/vlt-benchmarks/npm/debug 12ms (cache miss)
npm http fetch GET 200 https://registry.vlt.io/vlt-benchmarks/npm/shiki 13ms (cache miss)
npm http fetch GET 200 https://registry.vlt.io/vlt-benchmarks/npm/vite 54ms (cache miss)
npm http fetch GET 200 https://registry.vlt.io/vlt-benchmarks/npm/vfile 28ms (cache miss)
npm http fetch GET 200 https://registry.vlt.io/vlt-benchmarks/npm/cookie 24ms (cache miss)
npm http fetch GET 200 https://registry.vlt.io/vlt-benchmarks/npm/cssesc 11ms (cache miss)
npm http fetch GET 200 https://registry.vlt.io/vlt-benchmarks/npm/mrmime 12ms (cache miss)
npm http fetch GET 200 https://registry.vlt.io/vlt-benchmarks/npm/rehype 12ms (cache miss)
npm http fetch GET 200 https://registry.vlt.io/vlt-benchmarks/npm/vitefu 10ms (cache miss)
npm http fetch GET 200 https://registry.vlt.io/vlt-benchmarks/npm/semver 12ms (cache miss)
npm http fetch GET 200 https://registry.vlt.io/vlt-benchmarks/npm/ci-info 11ms (cache miss)
npm http fetch GET 200 https://registry.vlt.io/vlt-benchmarks/npm/devalue 12ms (cache miss)
npm http fetch GET 200 https://registry.vlt.io/vlt-benchmarks/npm/flattie 12ms (cache miss)
npm http fetch GET 200 https://registry.vlt.io/vlt-benchmarks/npm/esbuild 18ms (cache miss)
npm http fetch GET 200 https://registry.vlt.io/vlt-benchmarks/npm/fontace 13ms (cache miss)
npm http fetch GET 200 https://registry.vlt.io/vlt-benchmarks/npm/js-yaml 11ms (cache miss)
npm http fetch GET 200 https://registry.vlt.io/vlt-benchmarks/npm/p-limit 10ms (cache miss)
npm http fetch GET 200 https://registry.vlt.io/vlt-benchmarks/npm/p-queue 11ms (cache miss)
npm http fetch GET 200 https://registry.vlt.io/vlt-benchmarks/npm/prompts 10ms (cache miss)
npm http fetch GET 200 https://registry.vlt.io/vlt-benchmarks/npm/unifont 9ms (cache miss)
npm http fetch GET 200 https://registry.vlt.io/vlt-benchmarks/npm/magicast 10ms (cache miss)
npm http fetch GET 200 https://registry.vlt.io/vlt-benchmarks/npm/tinyexec 10ms (cache miss)
npm http fetch GET 200 https://registry.vlt.io/vlt-benchmarks/npm/tsconfck 10ms (cache miss)
npm http fetch GET 200 https://registry.vlt.io/vlt-benchmarks/npm/piccolore 10ms (cache miss)
npm http fetch GET 200 https://registry.vlt.io/vlt-benchmarks/npm/picomatch 10ms (cache miss)
npm http fetch GET 200 https://registry.vlt.io/vlt-benchmarks/npm/smol-toml 10ms (cache miss)
npm http fetch GET 200 https://registry.vlt.io/vlt-benchmarks/npm/ultrahtml 12ms (cache miss)
npm http fetch GET 200 https://registry.vlt.io/vlt-benchmarks/npm/unstorage 14ms (cache miss)
npm http fetch GET 200 https://registry.vlt.io/vlt-benchmarks/npm/zod-to-ts 13ms (cache miss)
npm http fetch GET 200 https://registry.vlt.io/vlt-benchmarks/npm/aria-query 9ms (cache miss)
npm http fetch GET 200 https://registry.vlt.io/vlt-benchmarks/npm/neotraverse 7ms (cache miss)
npm http fetch GET 200 https://registry.vlt.io/vlt-benchmarks/npm/tinyglobby 12ms (cache miss)
npm http fetch GET 200 https://registry.vlt.io/vlt-benchmarks/npm/xxhash-wasm 9ms (cache miss)
npm http fetch GET 200 https://registry.vlt.io/vlt-benchmarks/npm/html-escaper 10ms (cache miss)
npm http fetch GET 200 https://registry.vlt.io/vlt-benchmarks/npm/magic-string 11ms (cache miss)
npm http fetch GET 200 https://registry.vlt.io/vlt-benchmarks/npm/yargs-parser 12ms (cache miss)
npm http fetch GET 200 https://registry.vlt.io/vlt-benchmarks/npm/estree-walker 11ms (cache miss)
npm http fetch GET 200 https://registry.vlt.io/vlt-benchmarks/npm/yocto-spinner 9ms (cache miss)
npm http fetch GET 200 https://registry.vlt.io/vlt-benchmarks/npm/axobject-query 7ms (cache miss)
npm http fetch GET 200 https://registry.vlt.io/vlt-benchmarks/npm/github-slugger 10ms (cache miss)
npm http fetch GET 200 https://registry.vlt.io/vlt-benchmarks/npm/es-module-lexer 10ms (cache miss)
npm http fetch GET 200 https://registry.vlt.io/vlt-benchmarks/npm/@oslojs%2fencoding 13ms (cache miss)
npm http fetch GET 200 https://registry.vlt.io/vlt-benchmarks/npm/unist-util-visit 10ms (cache miss)
npm http fetch GET 200 https://registry.vlt.io/vlt-benchmarks/npm/@astrojs%2fcompiler 13ms (cache miss)
npm http fetch GET 200 https://registry.vlt.io/vlt-benchmarks/npm/@astrojs%2ftelemetry 11ms (cache miss)
npm http fetch GET 200 https://registry.vlt.io/vlt-benchmarks/npm/@capsizecss%2funpack 12ms (cache miss)
npm http fetch GET 200 https://registry.vlt.io/vlt-benchmarks/npm/zod-to-json-schema 8ms (cache miss)
npm http fetch GET 200 https://registry.vlt.io/vlt-benchmarks/npm/@rollup%2fpluginutils 11ms (cache miss)
npm http fetch GET 200 https://registry.vlt.io/vlt-benchmarks/npm/import-meta-resolve 11ms (cache miss)
npm http fetch GET 200 https://registry.vlt.io/vlt-benchmarks/npm/common-ancestor-path 9ms (cache miss)
npm http fetch GET 200 https://registry.vlt.io/vlt-benchmarks/npm/http-cache-semantics 7ms (cache miss)
npm http fetch GET 200 https://registry.vlt.io/vlt-benchmarks/npm/package-manager-detector 10ms (cache miss)
npm http fetch GET 200 https://registry.vlt.io/vlt-benchmarks/npm/@astrojs%2fmarkdown-remark 15ms (cache miss)
npm http fetch GET 200 https://registry.vlt.io/vlt-benchmarks/npm/@astrojs%2finternal-helpers 12ms (cache miss)
npm http fetch GET 200 https://registry.vlt.io/vlt-benchmarks/npm/deterministic-object-hash 9ms (cache miss)
npm http fetch GET 200 https://registry.vlt.io/vlt-benchmarks/npm/sharp 9ms (cache miss)
npm http fetch GET 200 https://registry.vlt.io/vlt-benchmarks/npm/typescript 47ms (cache miss)
npm http fetch GET 200 https://registry.vlt.io/vlt-benchmarks/npm/rehype-raw 12ms (cache miss)
npm http fetch GET 200 https://registry.vlt.io/vlt-benchmarks/npm/remark-gfm 13ms (cache miss)
npm http fetch GET 200 https://registry.vlt.io/vlt-benchmarks/npm/unified 17ms (cache miss)
npm http fetch GET 200 https://registry.vlt.io/vlt-benchmarks/npm/remark-parse 12ms (cache miss)
npm http fetch GET 200 https://registry.vlt.io/vlt-benchmarks/npm/@astrojs%2fprism 10ms (cache miss)
npm http fetch GET 200 https://registry.vlt.io/vlt-benchmarks/npm/remark-rehype 14ms (cache miss)
npm http fetch GET 200 https://registry.vlt.io/vlt-benchmarks/npm/rehype-stringify 12ms (cache miss)
npm http fetch GET 200 https://registry.vlt.io/vlt-benchmarks/npm/remark-smartypants 11ms (cache miss)
npm http fetch GET 200 https://registry.vlt.io/vlt-benchmarks/npm/hast-util-to-text 12ms (cache miss)
npm http fetch GET 200 https://registry.vlt.io/vlt-benchmarks/npm/hast-util-from-html 8ms (cache miss)
npm http fetch GET 200 https://registry.vlt.io/vlt-benchmarks/npm/unist-util-visit-parents 9ms (cache miss)
npm http fetch GET 200 https://registry.vlt.io/vlt-benchmarks/npm/mdast-util-definitions 11ms (cache miss)
npm http fetch GET 200 https://registry.vlt.io/vlt-benchmarks/npm/unist-util-remove-position 11ms (cache miss)
npm http fetch GET 200 https://registry.vlt.io/vlt-benchmarks/npm/is-wsl 9ms (cache miss)
npm http fetch GET 200 https://registry.vlt.io/vlt-benchmarks/npm/debug 15ms (cache revalidated)
npm http fetch GET 200 https://registry.vlt.io/vlt-benchmarks/npm/ci-info 12ms (cache revalidated)
npm http fetch GET 200 https://registry.vlt.io/vlt-benchmarks/npm/is-docker 11ms (cache miss)
npm http fetch GET 200 https://registry.vlt.io/vlt-benchmarks/npm/which-pm-runs 8ms (cache miss)
npm http fetch GET 200 https://registry.vlt.io/vlt-benchmarks/npm/fontkitten 10ms (cache miss)
npm http fetch GET 200 https://registry.vlt.io/vlt-benchmarks/npm/@types%2festree 9ms (cache miss)
npm http fetch GET 200 https://registry.vlt.io/vlt-benchmarks/npm/estree-walker 10ms (cache revalidated)
npm http fetch GET 200 https://registry.vlt.io/vlt-benchmarks/npm/chalk 7ms (cache miss)
npm http fetch GET 200 https://registry.vlt.io/vlt-benchmarks/npm/picomatch 12ms (cache revalidated)
npm http fetch GET 200 https://registry.vlt.io/vlt-benchmarks/npm/camelcase 10ms (cache miss)
npm http fetch GET 200 https://registry.vlt.io/vlt-benchmarks/npm/cli-boxes 8ms (cache miss)
npm http fetch GET 200 https://registry.vlt.io/vlt-benchmarks/npm/type-fest 10ms (cache miss)
npm http fetch GET 200 https://registry.vlt.io/vlt-benchmarks/npm/wrap-ansi 12ms (cache miss)
npm http fetch GET 200 https://registry.vlt.io/vlt-benchmarks/npm/ansi-align 11ms (cache miss)
npm http fetch GET 200 https://registry.vlt.io/vlt-benchmarks/npm/widest-line 9ms (cache miss)
npm http fetch GET 200 https://registry.vlt.io/vlt-benchmarks/npm/string-width 10ms (cache miss)
npm http fetch GET 200 https://registry.vlt.io/vlt-benchmarks/npm/ms 10ms (cache miss)
npm http fetch GET 200 https://registry.vlt.io/vlt-benchmarks/npm/base-64 9ms (cache miss)
npm http fetch GET 200 https://registry.vlt.io/vlt-benchmarks/npm/@esbuild%2faix-ppc64 8ms (cache miss)
npm http fetch GET 200 https://registry.vlt.io/vlt-benchmarks/npm/@esbuild%2flinux-x64 11ms (cache miss)
npm http fetch GET 200 https://registry.vlt.io/vlt-benchmarks/npm/@esbuild%2flinux-arm 16ms (cache miss)
npm http fetch GET 200 https://registry.vlt.io/vlt-benchmarks/npm/@esbuild%2fsunos-x64 11ms (cache miss)
npm http fetch GET 200 https://registry.vlt.io/vlt-benchmarks/npm/@esbuild%2fwin32-x64 13ms (cache miss)
npm http fetch GET 200 https://registry.vlt.io/vlt-benchmarks/npm/@esbuild%2fdarwin-x64 14ms (cache miss)
npm http fetch GET 200 https://registry.vlt.io/vlt-benchmarks/npm/@esbuild%2flinux-ia32 13ms (cache miss)
npm http fetch GET 200 https://registry.vlt.io/vlt-benchmarks/npm/@esbuild%2fnetbsd-x64 9ms (cache miss)
npm http fetch GET 200 https://registry.vlt.io/vlt-benchmarks/npm/@esbuild%2fwin32-ia32 11ms (cache miss)
npm http fetch GET 200 https://registry.vlt.io/vlt-benchmarks/npm/@esbuild%2fandroid-arm 11ms (cache miss)
npm http fetch GET 200 https://registry.vlt.io/vlt-benchmarks/npm/@esbuild%2fandroid-x64 8ms (cache miss)
npm http fetch GET 200 https://registry.vlt.io/vlt-benchmarks/npm/@esbuild%2ffreebsd-x64 10ms (cache miss)
npm http fetch GET 200 https://registry.vlt.io/vlt-benchmarks/npm/@esbuild%2flinux-arm64 9ms (cache miss)
npm http fetch GET 200 https://registry.vlt.io/vlt-benchmarks/npm/@esbuild%2flinux-ppc64 9ms (cache miss)
npm http fetch GET 200 https://registry.vlt.io/vlt-benchmarks/npm/@esbuild%2fopenbsd-x64 9ms (cache miss)
npm http fetch GET 200 https://registry.vlt.io/vlt-benchmarks/npm/@esbuild%2flinux-s390x 12ms (cache miss)
npm http fetch GET 200 https://registry.vlt.io/vlt-benchmarks/npm/@esbuild%2fwin32-arm64 10ms (cache miss)
npm http fetch GET 200 https://registry.vlt.io/vlt-benchmarks/npm/@esbuild%2fdarwin-arm64 8ms (cache miss)
npm http fetch GET 200 https://registry.vlt.io/vlt-benchmarks/npm/@esbuild%2fnetbsd-arm64 10ms (cache miss)
npm http fetch GET 200 https://registry.vlt.io/vlt-benchmarks/npm/@esbuild%2fandroid-arm64 9ms (cache miss)
npm http fetch GET 200 https://registry.vlt.io/vlt-benchmarks/npm/@esbuild%2ffreebsd-arm64 10ms (cache miss)
npm http fetch GET 200 https://registry.vlt.io/vlt-benchmarks/npm/@esbuild%2flinux-loong64 10ms (cache miss)
npm http fetch GET 200 https://registry.vlt.io/vlt-benchmarks/npm/@esbuild%2flinux-riscv64 11ms (cache miss)
npm http fetch GET 200 https://registry.vlt.io/vlt-benchmarks/npm/@esbuild%2fopenbsd-arm64 9ms (cache miss)
npm http fetch GET 200 https://registry.vlt.io/vlt-benchmarks/npm/@esbuild%2flinux-mips64el 11ms (cache miss)
npm http fetch GET 200 https://registry.vlt.io/vlt-benchmarks/npm/@esbuild%2fopenharmony-arm64 9ms (cache miss)
npm http fetch GET 200 https://registry.vlt.io/vlt-benchmarks/npm/fontkitten 10ms (cache revalidated)
npm http fetch GET 200 https://registry.vlt.io/vlt-benchmarks/npm/argparse 7ms (cache miss)
npm http fetch GET 200 https://registry.vlt.io/vlt-benchmarks/npm/@jridgewell%2fsourcemap-codec 11ms (cache miss)
npm http fetch GET 200 https://registry.vlt.io/vlt-benchmarks/npm/@babel%2ftypes 10ms (cache miss)
npm http fetch GET 200 https://registry.vlt.io/vlt-benchmarks/npm/source-map-js 7ms (cache miss)
npm http fetch GET 200 https://registry.vlt.io/vlt-benchmarks/npm/@babel%2fparser 14ms (cache miss)
npm http fetch GET 200 https://registry.vlt.io/vlt-benchmarks/npm/yocto-queue 12ms (cache miss)
npm http fetch GET 200 https://registry.vlt.io/vlt-benchmarks/npm/p-timeout 8ms (cache miss)
npm http fetch GET 200 https://registry.vlt.io/vlt-benchmarks/npm/eventemitter3 12ms (cache miss)
npm http fetch GET 200 https://registry.vlt.io/vlt-benchmarks/npm/kleur 10ms (cache miss)
npm http fetch GET 200 https://registry.vlt.io/vlt-benchmarks/npm/sisteransi 11ms (cache miss)
npm http fetch GET 200 https://registry.vlt.io/vlt-benchmarks/npm/@types%2fhast 11ms (cache miss)
npm http fetch GET 200 https://registry.vlt.io/vlt-benchmarks/npm/rehype-parse 9ms (cache miss)
npm http fetch GET 200 https://registry.vlt.io/vlt-benchmarks/npm/rehype-stringify 9ms (cache revalidated)
npm http fetch GET 200 https://registry.vlt.io/vlt-benchmarks/npm/@img%2fcolour 8ms (cache miss)
npm http fetch GET 200 https://registry.vlt.io/vlt-benchmarks/npm/unified 12ms (cache revalidated)
npm http fetch GET 200 https://registry.vlt.io/vlt-benchmarks/npm/detect-libc 11ms (cache miss)
npm http fetch GET 200 https://registry.vlt.io/vlt-benchmarks/npm/@img%2fsharp-wasm32 8ms (cache miss)
npm http fetch GET 200 https://registry.vlt.io/vlt-benchmarks/npm/@img%2fsharp-linux-arm 10ms (cache miss)
npm http fetch GET 200 https://registry.vlt.io/vlt-benchmarks/npm/@img%2fsharp-linux-x64 10ms (cache miss)
npm http fetch GET 200 https://registry.vlt.io/vlt-benchmarks/npm/@img%2fsharp-win32-x64 10ms (cache miss)
npm http fetch GET 200 https://registry.vlt.io/vlt-benchmarks/npm/@img%2fsharp-darwin-x64 9ms (cache miss)
npm http fetch GET 200 https://registry.vlt.io/vlt-benchmarks/npm/@img%2fsharp-win32-ia32 11ms (cache miss)
npm http fetch GET 200 https://registry.vlt.io/vlt-benchmarks/npm/@img%2fsharp-linux-arm64 9ms (cache miss)
npm http fetch GET 200 https://registry.vlt.io/vlt-benchmarks/npm/@img%2fsharp-linux-ppc64 7ms (cache miss)
npm http fetch GET 200 https://registry.vlt.io/vlt-benchmarks/npm/@img%2fsharp-linux-s390x 9ms (cache miss)
npm http fetch GET 200 https://registry.vlt.io/vlt-benchmarks/npm/@img%2fsharp-win32-arm64 10ms (cache miss)
npm http fetch GET 200 https://registry.vlt.io/vlt-benchmarks/npm/@img%2fsharp-darwin-arm64 9ms (cache miss)
npm http fetch GET 200 https://registry.vlt.io/vlt-benchmarks/npm/@img%2fsharp-linux-riscv64 9ms (cache miss)
npm http fetch GET 200 https://registry.vlt.io/vlt-benchmarks/npm/@img%2fsharp-linuxmusl-x64 9ms (cache miss)
npm http fetch GET 200 https://registry.vlt.io/vlt-benchmarks/npm/@img%2fsharp-linuxmusl-arm64 9ms (cache miss)
npm http fetch GET 200 https://registry.vlt.io/vlt-benchmarks/npm/@img%2fsharp-libvips-linux-arm 7ms (cache miss)
npm http fetch GET 200 https://registry.vlt.io/vlt-benchmarks/npm/@img%2fsharp-libvips-linux-x64 8ms (cache miss)
npm http fetch GET 200 https://registry.vlt.io/vlt-benchmarks/npm/@img%2fsharp-libvips-darwin-x64 10ms (cache miss)
npm http fetch GET 200 https://registry.vlt.io/vlt-benchmarks/npm/@img%2fsharp-libvips-linux-arm64 8ms (cache miss)
npm http fetch GET 200 https://registry.vlt.io/vlt-benchmarks/npm/@img%2fsharp-libvips-linux-ppc64 8ms (cache miss)
npm http fetch GET 200 https://registry.vlt.io/vlt-benchmarks/npm/@img%2fsharp-libvips-linux-s390x 9ms (cache miss)
npm http fetch GET 200 https://registry.vlt.io/vlt-benchmarks/npm/@img%2fsharp-libvips-darwin-arm64 11ms (cache miss)
npm http fetch GET 200 https://registry.vlt.io/vlt-benchmarks/npm/@img%2fsharp-libvips-linux-riscv64 9ms (cache miss)
npm http fetch GET 200 https://registry.vlt.io/vlt-benchmarks/npm/@img%2fsharp-libvips-linuxmusl-x64 11ms (cache miss)
npm http fetch GET 200 https://registry.vlt.io/vlt-benchmarks/npm/@types%2fhast 8ms (cache revalidated)
npm http fetch GET 200 https://registry.vlt.io/vlt-benchmarks/npm/@img%2fsharp-libvips-linuxmusl-arm64 13ms (cache miss)
npm http fetch GET 200 https://registry.vlt.io/vlt-benchmarks/npm/@shikijs%2fcore 9ms (cache miss)
npm http fetch GET 200 https://registry.vlt.io/vlt-benchmarks/npm/@shikijs%2flangs 10ms (cache miss)
npm http fetch GET 200 https://registry.vlt.io/vlt-benchmarks/npm/@shikijs%2ftypes 11ms (cache miss)
npm http fetch GET 200 https://registry.vlt.io/vlt-benchmarks/npm/@shikijs%2fthemes 10ms (cache miss)
npm http fetch GET 200 https://registry.vlt.io/vlt-benchmarks/npm/@shikijs%2fvscode-textmate 8ms (cache miss)
npm http fetch GET 200 https://registry.vlt.io/vlt-benchmarks/npm/@shikijs%2fengine-oniguruma 9ms (cache miss)
npm http fetch GET 200 https://registry.vlt.io/vlt-benchmarks/npm/@shikijs%2fengine-javascript 10ms (cache miss)
npm http fetch GET 200 https://registry.vlt.io/vlt-benchmarks/npm/sax 10ms (cache miss)
npm http fetch GET 200 https://registry.vlt.io/vlt-benchmarks/npm/csso 10ms (cache miss)
npm http fetch GET 200 https://registry.vlt.io/vlt-benchmarks/npm/css-tree 10ms (cache miss)
npm http fetch GET 200 https://registry.vlt.io/vlt-benchmarks/npm/css-what 12ms (cache miss)
npm http fetch GET 200 https://registry.vlt.io/vlt-benchmarks/npm/commander 11ms (cache miss)
npm http fetch GET 200 https://registry.vlt.io/vlt-benchmarks/npm/css-select 11ms (cache miss)
npm http fetch GET 200 https://registry.vlt.io/vlt-benchmarks/npm/picocolors 10ms (cache miss)
npm http fetch GET 200 https://registry.vlt.io/vlt-benchmarks/npm/fdir 8ms (cache miss)
npm http fetch GET 200 https://registry.vlt.io/vlt-benchmarks/npm/ohash 10ms (cache miss)
npm http fetch GET 200 https://registry.vlt.io/vlt-benchmarks/npm/css-tree 20ms (cache revalidated)
npm http fetch GET 200 https://registry.vlt.io/vlt-benchmarks/npm/@types%2funist 17ms (cache miss)
npm http fetch GET 200 https://registry.vlt.io/vlt-benchmarks/npm/undici 27ms (cache miss)
npm http fetch GET 200 https://registry.vlt.io/vlt-benchmarks/npm/unist-util-is 11ms (cache miss)
npm http fetch GET 200 https://registry.vlt.io/vlt-benchmarks/npm/unist-util-visit-parents 13ms (cache revalidated)
npm http fetch GET 200 https://registry.vlt.io/vlt-benchmarks/npm/h3 13ms (cache miss)
npm http fetch GET 200 https://registry.vlt.io/vlt-benchmarks/npm/ufo 13ms (cache miss)
npm http fetch GET 200 https://registry.vlt.io/vlt-benchmarks/npm/destr 10ms (cache miss)
npm http fetch GET 200 https://registry.vlt.io/vlt-benchmarks/npm/ofetch 9ms (cache miss)
npm http fetch GET 200 https://registry.vlt.io/vlt-benchmarks/npm/anymatch 9ms (cache miss)
npm http fetch GET 200 https://registry.vlt.io/vlt-benchmarks/npm/chokidar 10ms (cache miss)
npm http fetch GET 200 https://registry.vlt.io/vlt-benchmarks/npm/node-fetch-native 7ms (cache miss)
npm http fetch GET 200 https://registry.vlt.io/vlt-benchmarks/npm/lru-cache 11ms (cache miss)
npm http fetch GET 200 https://registry.vlt.io/vlt-benchmarks/npm/vfile-message 11ms (cache miss)
npm http fetch GET 200 https://registry.vlt.io/vlt-benchmarks/npm/fdir 11ms (cache revalidated)
npm http fetch GET 200 https://registry.vlt.io/vlt-benchmarks/npm/esbuild 8ms (cache revalidated)
npm http fetch GET 200 https://registry.vlt.io/vlt-benchmarks/npm/postcss 13ms (cache miss)
npm http fetch GET 200 https://registry.vlt.io/vlt-benchmarks/npm/fsevents 11ms (cache miss)
npm http fetch GET 200 https://registry.vlt.io/vlt-benchmarks/npm/yoctocolors 9ms (cache miss)
npm http fetch GET 200 https://registry.vlt.io/vlt-benchmarks/npm/rollup 42ms (cache miss)
npm http fetch GET 200 https://registry.vlt.io/vlt-benchmarks/npm/hast-util-from-parse5 13ms (cache miss)
npm http fetch GET 200 https://registry.vlt.io/vlt-benchmarks/npm/devlop 15ms (cache miss)
npm http fetch GET 200 https://registry.vlt.io/vlt-benchmarks/npm/prismjs 16ms (cache miss)
npm http fetch GET 200 https://registry.vlt.io/vlt-benchmarks/npm/parse5 7ms (cache miss)
npm http fetch GET 200 https://registry.vlt.io/vlt-benchmarks/npm/hast-util-is-element 10ms (cache miss)
npm http fetch GET 200 https://registry.vlt.io/vlt-benchmarks/npm/unist-util-find-after 10ms (cache miss)
npm http fetch GET 200 https://registry.vlt.io/vlt-benchmarks/npm/@types%2fmdast 8ms (cache miss)
npm http fetch GET 200 https://registry.vlt.io/vlt-benchmarks/npm/hast-util-to-html 7ms (cache miss)
npm http fetch GET 200 https://registry.vlt.io/vlt-benchmarks/npm/hast-util-raw 11ms (cache miss)
npm http fetch GET 200 https://registry.vlt.io/vlt-benchmarks/npm/mdast-util-gfm 9ms (cache miss)
npm http fetch GET 200 https://registry.vlt.io/vlt-benchmarks/npm/micromark-extension-gfm 8ms (cache miss)
npm http fetch GET 200 https://registry.vlt.io/vlt-benchmarks/npm/remark-stringify 8ms (cache miss)
npm http fetch GET 200 https://registry.vlt.io/vlt-benchmarks/npm/mdast-util-from-markdown 9ms (cache miss)
npm http fetch GET 200 https://registry.vlt.io/vlt-benchmarks/npm/micromark-util-types 10ms (cache miss)
npm http fetch GET 200 https://registry.vlt.io/vlt-benchmarks/npm/mdast-util-to-hast 11ms (cache miss)
npm http fetch GET 200 https://registry.vlt.io/vlt-benchmarks/npm/retext 10ms (cache miss)
npm http fetch GET 200 https://registry.vlt.io/vlt-benchmarks/npm/retext-smartypants 11ms (cache miss)
npm http fetch GET 200 https://registry.vlt.io/vlt-benchmarks/npm/bail 9ms (cache miss)
npm http fetch GET 200 https://registry.vlt.io/vlt-benchmarks/npm/devlop 9ms (cache revalidated)
npm http fetch GET 200 https://registry.vlt.io/vlt-benchmarks/npm/extend 8ms (cache miss)
npm http fetch GET 200 https://registry.vlt.io/vlt-benchmarks/npm/is-plain-obj 8ms (cache miss)
npm http fetch GET 200 https://registry.vlt.io/vlt-benchmarks/npm/trough 7ms (cache miss)
npm http fetch GET 200 https://registry.vlt.io/vlt-benchmarks/npm/is-inside-container 7ms (cache miss)
npm http fetch GET 200 https://registry.vlt.io/vlt-benchmarks/npm/tiny-inflate 7ms (cache miss)
npm http fetch GET 200 https://registry.vlt.io/vlt-benchmarks/npm/string-width 10ms (cache revalidated)
npm http fetch GET 200 https://registry.vlt.io/vlt-benchmarks/npm/strip-ansi 11ms (cache miss)
npm http fetch GET 200 https://registry.vlt.io/vlt-benchmarks/npm/emoji-regex 14ms (cache miss)
npm http fetch GET 200 https://registry.vlt.io/vlt-benchmarks/npm/get-east-asian-width 7ms (cache miss)
npm http fetch GET 200 https://registry.vlt.io/vlt-benchmarks/npm/ansi-styles 9ms (cache miss)
npm http fetch GET 200 https://registry.vlt.io/vlt-benchmarks/npm/strip-ansi 8ms (cache revalidated)
npm http fetch GET 200 https://registry.vlt.io/vlt-benchmarks/npm/emoji-regex 9ms (cache revalidated)
npm http fetch GET 200 https://registry.vlt.io/vlt-benchmarks/npm/is-fullwidth-code-point 9ms (cache miss)
npm http fetch GET 200 https://registry.vlt.io/vlt-benchmarks/npm/@types%2funist 10ms (cache revalidated)
npm http fetch GET 200 https://registry.vlt.io/vlt-benchmarks/npm/dequal 10ms (cache miss)
npm http fetch GET 200 https://registry.vlt.io/vlt-benchmarks/npm/hastscript 12ms (cache miss)
npm http fetch GET 200 https://registry.vlt.io/vlt-benchmarks/npm/property-information 10ms (cache miss)
npm http fetch GET 200 https://registry.vlt.io/vlt-benchmarks/npm/vfile-location 10ms (cache miss)
npm http fetch GET 200 https://registry.vlt.io/vlt-benchmarks/npm/web-namespaces 10ms (cache miss)
npm http fetch GET 200 https://registry.vlt.io/vlt-benchmarks/npm/entities 8ms (cache miss)
npm http fetch GET 200 https://registry.vlt.io/vlt-benchmarks/npm/unist-util-stringify-position 8ms (cache miss)
npm http fetch GET 200 https://registry.vlt.io/vlt-benchmarks/npm/space-separated-tokens 9ms (cache miss)
npm http fetch GET 200 https://registry.vlt.io/vlt-benchmarks/npm/hast-util-parse-selector 10ms (cache miss)
npm http fetch GET 200 https://registry.vlt.io/vlt-benchmarks/npm/comma-separated-tokens 10ms (cache miss)
npm http fetch GET 200 https://registry.vlt.io/vlt-benchmarks/npm/@babel%2ftypes 11ms (cache revalidated)
npm http fetch GET 200 https://registry.vlt.io/vlt-benchmarks/npm/@babel%2fhelper-string-parser 14ms (cache miss)
npm http fetch GET 200 https://registry.vlt.io/vlt-benchmarks/npm/@babel%2fhelper-validator-identifier 17ms (cache miss)
npm http fetch GET 200 https://registry.vlt.io/vlt-benchmarks/npm/@ungap%2fstructured-clone 12ms (cache miss)
npm http fetch GET 200 https://registry.vlt.io/vlt-benchmarks/npm/html-void-elements 12ms (cache miss)
npm http fetch GET 200 https://registry.vlt.io/vlt-benchmarks/npm/hast-util-to-parse5 16ms (cache miss)
npm http fetch GET 200 https://registry.vlt.io/vlt-benchmarks/npm/zwitch 10ms (cache miss)
npm http fetch GET 200 https://registry.vlt.io/vlt-benchmarks/npm/unist-util-position 12ms (cache miss)
npm http fetch GET 200 https://registry.vlt.io/vlt-benchmarks/npm/trim-lines 11ms (cache miss)
npm http fetch GET 200 https://registry.vlt.io/vlt-benchmarks/npm/micromark-util-sanitize-uri 12ms (cache miss)
npm http fetch GET 200 https://registry.vlt.io/vlt-benchmarks/npm/micromark-util-encode 12ms (cache miss)
npm http fetch GET 200 https://registry.vlt.io/vlt-benchmarks/npm/micromark-util-character 13ms (cache miss)
npm http fetch GET 200 https://registry.vlt.io/vlt-benchmarks/npm/micromark-util-symbol 13ms (cache miss)
npm http fetch GET 200 https://registry.vlt.io/vlt-benchmarks/npm/hast-util-whitespace 12ms (cache miss)
npm http fetch GET 200 https://registry.vlt.io/vlt-benchmarks/npm/ccount 13ms (cache miss)
npm http fetch GET 200 https://registry.vlt.io/vlt-benchmarks/npm/stringify-entities 13ms (cache miss)
npm http fetch GET 200 https://registry.vlt.io/vlt-benchmarks/npm/character-entities-legacy 9ms (cache miss)
npm http fetch GET 200 https://registry.vlt.io/vlt-benchmarks/npm/character-entities-html4 10ms (cache miss)
npm http fetch GET 200 https://registry.vlt.io/vlt-benchmarks/npm/mdast-util-gfm-strikethrough 11ms (cache miss)
npm http fetch GET 200 https://registry.vlt.io/vlt-benchmarks/npm/mdast-util-gfm-autolink-literal 13ms (cache miss)
npm http fetch GET 200 https://registry.vlt.io/vlt-benchmarks/npm/mdast-util-gfm-footnote 15ms (cache miss)
npm http fetch GET 200 https://registry.vlt.io/vlt-benchmarks/npm/mdast-util-gfm-table 8ms (cache miss)
npm http fetch GET 200 https://registry.vlt.io/vlt-benchmarks/npm/mdast-util-gfm-task-list-item 12ms (cache miss)
npm http fetch GET 200 https://registry.vlt.io/vlt-benchmarks/npm/mdast-util-to-markdown 12ms (cache miss)
npm http fetch GET 200 https://registry.vlt.io/vlt-benchmarks/npm/micromark-extension-gfm-autolink-literal 12ms (cache miss)
npm http fetch GET 200 https://registry.vlt.io/vlt-benchmarks/npm/micromark-extension-gfm-footnote 10ms (cache miss)
npm http fetch GET 200 https://registry.vlt.io/vlt-benchmarks/npm/micromark-extension-gfm-strikethrough 11ms (cache miss)
npm http fetch GET 200 https://registry.vlt.io/vlt-benchmarks/npm/micromark-extension-gfm-table 12ms (cache miss)
npm http fetch GET 200 https://registry.vlt.io/vlt-benchmarks/npm/micromark-extension-gfm-tagfilter 12ms (cache miss)
npm http fetch GET 200 https://registry.vlt.io/vlt-benchmarks/npm/micromark-extension-gfm-task-list-item 11ms (cache miss)
npm http fetch GET 200 https://registry.vlt.io/vlt-benchmarks/npm/micromark-util-combine-extensions 8ms (cache miss)
npm http fetch GET 200 https://registry.vlt.io/vlt-benchmarks/npm/mdast-util-to-string 12ms (cache miss)
npm http fetch GET 200 https://registry.vlt.io/vlt-benchmarks/npm/micromark-util-decode-string 13ms (cache miss)
npm http fetch GET 200 https://registry.vlt.io/vlt-benchmarks/npm/micromark 16ms (cache miss)
npm http fetch GET 200 https://registry.vlt.io/vlt-benchmarks/npm/micromark-util-normalize-identifier 10ms (cache miss)
npm http fetch GET 200 https://registry.vlt.io/vlt-benchmarks/npm/decode-named-character-reference 12ms (cache miss)
npm http fetch GET 200 https://registry.vlt.io/vlt-benchmarks/npm/micromark-util-decode-numeric-character-reference 12ms (cache miss)
npm http fetch GET 200 https://registry.vlt.io/vlt-benchmarks/npm/mdast-util-find-and-replace 10ms (cache miss)
npm http fetch GET 200 https://registry.vlt.io/vlt-benchmarks/npm/markdown-table 11ms (cache miss)
npm http fetch GET 200 https://registry.vlt.io/vlt-benchmarks/npm/longest-streak 10ms (cache miss)
npm http fetch GET 200 https://registry.vlt.io/vlt-benchmarks/npm/mdast-util-phrasing 10ms (cache miss)
npm http fetch GET 200 https://registry.vlt.io/vlt-benchmarks/npm/micromark-util-html-tag-name 8ms (cache miss)
npm http fetch GET 200 https://registry.vlt.io/vlt-benchmarks/npm/micromark-util-classify-character 8ms (cache miss)
npm http fetch GET 200 https://registry.vlt.io/vlt-benchmarks/npm/character-entities 10ms (cache miss)
npm http fetch GET 200 https://registry.vlt.io/vlt-benchmarks/npm/@types%2fdebug 12ms (cache miss)
npm http fetch GET 200 https://registry.vlt.io/vlt-benchmarks/npm/micromark-util-chunked 14ms (cache miss)
npm http fetch GET 200 https://registry.vlt.io/vlt-benchmarks/npm/micromark-util-edit-map 10ms (cache miss)
npm http fetch GET 200 https://registry.vlt.io/vlt-benchmarks/npm/micromark-factory-space 13ms (cache miss)
npm http fetch GET 200 https://registry.vlt.io/vlt-benchmarks/npm/micromark-core-commonmark 11ms (cache miss)
npm http fetch GET 200 https://registry.vlt.io/vlt-benchmarks/npm/micromark-util-resolve-all 9ms (cache miss)
npm http fetch GET 200 https://registry.vlt.io/vlt-benchmarks/npm/micromark-util-subtokenize 9ms (cache miss)
npm http fetch GET 200 https://registry.vlt.io/vlt-benchmarks/npm/escape-string-regexp 8ms (cache miss)
npm http fetch GET 200 https://registry.vlt.io/vlt-benchmarks/npm/micromark-factory-space 11ms (cache revalidated)
npm http fetch GET 200 https://registry.vlt.io/vlt-benchmarks/npm/micromark-factory-label 15ms (cache miss)
npm http fetch GET 200 https://registry.vlt.io/vlt-benchmarks/npm/@types%2fms 16ms (cache miss)
npm http fetch GET 200 https://registry.vlt.io/vlt-benchmarks/npm/micromark-factory-title 8ms (cache miss)
npm http fetch GET 200 https://registry.vlt.io/vlt-benchmarks/npm/micromark-factory-whitespace 10ms (cache miss)
npm http fetch GET 200 https://registry.vlt.io/vlt-benchmarks/npm/micromark-factory-destination 9ms (cache miss)
npm http fetch GET 200 https://registry.vlt.io/vlt-benchmarks/npm/retext-stringify 10ms (cache miss)
npm http fetch GET 200 https://registry.vlt.io/vlt-benchmarks/npm/retext-latin 13ms (cache miss)
npm http fetch GET 200 https://registry.vlt.io/vlt-benchmarks/npm/@types%2fnlcst 16ms (cache miss)
npm http fetch GET 200 https://registry.vlt.io/vlt-benchmarks/npm/@types%2fnlcst 9ms (cache miss)
npm http fetch GET 200 https://registry.vlt.io/vlt-benchmarks/npm/nlcst-to-string 8ms (cache miss)
npm http fetch GET 200 https://registry.vlt.io/vlt-benchmarks/npm/parse-latin 9ms (cache miss)
npm http fetch GET 200 https://registry.vlt.io/vlt-benchmarks/npm/unist-util-modify-children 10ms (cache miss)
npm http fetch GET 200 https://registry.vlt.io/vlt-benchmarks/npm/unist-util-visit-children 10ms (cache miss)
npm http fetch GET 200 https://registry.vlt.io/vlt-benchmarks/npm/array-iterate 8ms (cache miss)
npm http fetch GET 200 https://registry.vlt.io/vlt-benchmarks/npm/@emnapi%2fruntime 9ms (cache miss)
npm http fetch GET 200 https://registry.vlt.io/vlt-benchmarks/npm/tslib 9ms (cache miss)
npm http fetch GET 200 https://registry.vlt.io/vlt-benchmarks/npm/oniguruma-to-es 8ms (cache miss)
npm http fetch GET 200 https://registry.vlt.io/vlt-benchmarks/npm/regex-recursion 10ms (cache miss)
npm http fetch GET 200 https://registry.vlt.io/vlt-benchmarks/npm/regex 11ms (cache miss)
npm http fetch GET 200 https://registry.vlt.io/vlt-benchmarks/npm/oniguruma-parser 11ms (cache miss)
npm http fetch GET 200 https://registry.vlt.io/vlt-benchmarks/npm/regex-utilities 8ms (cache miss)
npm http fetch GET 200 https://registry.vlt.io/vlt-benchmarks/npm/regex-utilities 10ms (cache miss)
npm http fetch GET 200 https://registry.vlt.io/vlt-benchmarks/npm/ansi-regex 9ms (cache miss)
npm http fetch GET 200 https://registry.vlt.io/vlt-benchmarks/npm/boolbase 11ms (cache miss)
npm http fetch GET 200 https://registry.vlt.io/vlt-benchmarks/npm/domutils 13ms (cache miss)
npm http fetch GET 200 https://registry.vlt.io/vlt-benchmarks/npm/nth-check 13ms (cache miss)
npm http fetch GET 200 https://registry.vlt.io/vlt-benchmarks/npm/domhandler 8ms (cache miss)
npm http fetch GET 200 https://registry.vlt.io/vlt-benchmarks/npm/mdn-data 11ms (cache miss)
npm http fetch GET 200 https://registry.vlt.io/vlt-benchmarks/npm/domelementtype 11ms (cache miss)
npm http fetch GET 200 https://registry.vlt.io/vlt-benchmarks/npm/dom-serializer 11ms (cache miss)
npm http fetch GET 200 https://registry.vlt.io/vlt-benchmarks/npm/domelementtype 11ms (cache miss)
npm http fetch GET 200 https://registry.vlt.io/vlt-benchmarks/npm/mdn-data 7ms (cache revalidated)
npm http fetch GET 200 https://registry.vlt.io/vlt-benchmarks/npm/entities 7ms (cache revalidated)
npm http fetch GET 200 https://registry.vlt.io/vlt-benchmarks/npm/normalize-path 10ms (cache miss)
npm http fetch GET 200 https://registry.vlt.io/vlt-benchmarks/npm/defu 10ms (cache miss)
npm http fetch GET 200 https://registry.vlt.io/vlt-benchmarks/npm/readdirp 13ms (cache miss)
npm http fetch GET 200 https://registry.vlt.io/vlt-benchmarks/npm/radix3 9ms (cache miss)
npm http fetch GET 200 https://registry.vlt.io/vlt-benchmarks/npm/crossws 10ms (cache miss)
npm http fetch GET 200 https://registry.vlt.io/vlt-benchmarks/npm/uncrypto 10ms (cache miss)
npm http fetch GET 200 https://registry.vlt.io/vlt-benchmarks/npm/cookie-es 9ms (cache miss)
npm http fetch GET 200 https://registry.vlt.io/vlt-benchmarks/npm/iron-webcrypto 8ms (cache miss)
npm http fetch GET 200 https://registry.vlt.io/vlt-benchmarks/npm/node-mock-http 9ms (cache miss)
npm http fetch GET 200 https://registry.vlt.io/vlt-benchmarks/npm/ufo 8ms (cache revalidated)
npm http fetch GET 200 https://registry.vlt.io/vlt-benchmarks/npm/@esbuild%2faix-ppc64 10ms (cache revalidated)
npm http fetch GET 200 https://registry.vlt.io/vlt-benchmarks/npm/@esbuild%2flinux-arm 12ms (cache revalidated)
npm http fetch GET 200 https://registry.vlt.io/vlt-benchmarks/npm/@esbuild%2flinux-x64 13ms (cache revalidated)
npm http fetch GET 200 https://registry.vlt.io/vlt-benchmarks/npm/@esbuild%2fsunos-x64 11ms (cache revalidated)
npm http fetch GET 200 https://registry.vlt.io/vlt-benchmarks/npm/@esbuild%2fwin32-x64 13ms (cache revalidated)
npm http fetch GET 200 https://registry.vlt.io/vlt-benchmarks/npm/@esbuild%2fdarwin-x64 13ms (cache revalidated)
npm http fetch GET 200 https://registry.vlt.io/vlt-benchmarks/npm/@esbuild%2fwin32-ia32 9ms (cache revalidated)
npm http fetch GET 200 https://registry.vlt.io/vlt-benchmarks/npm/@esbuild%2flinux-ia32 15ms (cache revalidated)
npm http fetch GET 200 https://registry.vlt.io/vlt-benchmarks/npm/@esbuild%2fnetbsd-x64 12ms (cache revalidated)
npm http fetch GET 200 https://registry.vlt.io/vlt-benchmarks/npm/@esbuild%2fandroid-x64 9ms (cache revalidated)
npm http fetch GET 200 https://registry.vlt.io/vlt-benchmarks/npm/@esbuild%2ffreebsd-x64 11ms (cache revalidated)
npm http fetch GET 200 https://registry.vlt.io/vlt-benchmarks/npm/@esbuild%2fandroid-arm 14ms (cache revalidated)
npm http fetch GET 200 https://registry.vlt.io/vlt-benchmarks/npm/@esbuild%2flinux-arm64 13ms (cache revalidated)
npm http fetch GET 200 https://registry.vlt.io/vlt-benchmarks/npm/@esbuild%2flinux-ppc64 11ms (cache revalidated)
npm http fetch GET 200 https://registry.vlt.io/vlt-benchmarks/npm/@esbuild%2flinux-s390x 12ms (cache revalidated)
npm http fetch GET 200 https://registry.vlt.io/vlt-benchmarks/npm/@esbuild%2fopenbsd-x64 11ms (cache revalidated)
npm http fetch GET 200 https://registry.vlt.io/vlt-benchmarks/npm/@esbuild%2fwin32-arm64 11ms (cache revalidated)
npm http fetch GET 200 https://registry.vlt.io/vlt-benchmarks/npm/@esbuild%2fdarwin-arm64 12ms (cache revalidated)
npm http fetch GET 200 https://registry.vlt.io/vlt-benchmarks/npm/@esbuild%2fandroid-arm64 10ms (cache revalidated)
npm http fetch GET 200 https://registry.vlt.io/vlt-benchmarks/npm/@esbuild%2fnetbsd-arm64 15ms (cache revalidated)
npm http fetch GET 200 https://registry.vlt.io/vlt-benchmarks/npm/@esbuild%2ffreebsd-arm64 12ms (cache revalidated)
npm http fetch GET 200 https://registry.vlt.io/vlt-benchmarks/npm/@esbuild%2flinux-loong64 20ms (cache revalidated)
npm http fetch GET 200 https://registry.vlt.io/vlt-benchmarks/npm/@esbuild%2flinux-riscv64 20ms (cache revalidated)
npm http fetch GET 200 https://registry.vlt.io/vlt-benchmarks/npm/@esbuild%2fopenbsd-arm64 22ms (cache revalidated)
npm http fetch GET 200 https://registry.vlt.io/vlt-benchmarks/npm/@esbuild%2flinux-mips64el 8ms (cache revalidated)
npm http fetch GET 200 https://registry.vlt.io/vlt-benchmarks/npm/@esbuild%2fopenharmony-arm64 10ms (cache revalidated)
npm http fetch GET 200 https://registry.vlt.io/vlt-benchmarks/npm/nanoid 12ms (cache miss)
npm http fetch GET 200 https://registry.vlt.io/vlt-benchmarks/npm/@rollup%2frollup-darwin-x64 11ms (cache miss)
npm http fetch GET 200 https://registry.vlt.io/vlt-benchmarks/npm/@rollup%2frollup-freebsd-x64 10ms (cache miss)
npm http fetch GET 200 https://registry.vlt.io/vlt-benchmarks/npm/@rollup%2frollup-openbsd-x64 9ms (cache miss)
npm http fetch GET 200 https://registry.vlt.io/vlt-benchmarks/npm/@napi-rs%2flzma-linux-x64-gnu 8ms (cache miss)
npm http fetch GET 200 https://registry.vlt.io/vlt-benchmarks/npm/@rollup%2frollup-darwin-arm64 9ms (cache miss)
npm http fetch GET 200 https://registry.vlt.io/vlt-benchmarks/npm/@rollup%2frollup-freebsd-arm64 8ms (cache miss)
npm http fetch GET 200 https://registry.vlt.io/vlt-benchmarks/npm/@rollup%2frollup-android-arm64 12ms (cache miss)
npm http fetch GET 200 https://registry.vlt.io/vlt-benchmarks/npm/@rollup%2frollup-linux-x64-gnu 9ms (cache miss)
npm http fetch GET 200 https://registry.vlt.io/vlt-benchmarks/npm/@rollup%2frollup-win32-x64-gnu 10ms (cache miss)
npm http fetch GET 200 https://registry.vlt.io/vlt-benchmarks/npm/@rollup%2frollup-linux-x64-musl 12ms (cache miss)
npm http fetch GET 200 https://registry.vlt.io/vlt-benchmarks/npm/@rollup%2frollup-win32-x64-msvc 10ms (cache miss)
npm http fetch GET 200 https://registry.vlt.io/vlt-benchmarks/npm/@rollup%2frollup-linux-arm64-gnu 10ms (cache miss)
npm http fetch GET 200 https://registry.vlt.io/vlt-benchmarks/npm/@rollup%2frollup-linux-ppc64-gnu 10ms (cache miss)
npm http fetch GET 200 https://registry.vlt.io/vlt-benchmarks/npm/@rollup%2frollup-linux-s390x-gnu 11ms (cache miss)
npm http fetch GET 200 https://registry.vlt.io/vlt-benchmarks/npm/@rollup%2frollup-win32-ia32-msvc 9ms (cache miss)
npm http fetch GET 200 https://registry.vlt.io/vlt-benchmarks/npm/@rollup%2frollup-android-arm-eabi 11ms (cache miss)
npm http fetch GET 200 https://registry.vlt.io/vlt-benchmarks/npm/@rollup%2frollup-linux-arm64-musl 10ms (cache miss)
npm http fetch GET 200 https://registry.vlt.io/vlt-benchmarks/npm/@rollup%2frollup-linux-ppc64-musl 10ms (cache miss)
npm http fetch GET 200 https://registry.vlt.io/vlt-benchmarks/npm/@rollup%2frollup-win32-arm64-msvc 9ms (cache miss)
npm http fetch GET 200 https://registry.vlt.io/vlt-benchmarks/npm/@rollup%2frollup-linux-loong64-gnu 10ms (cache miss)
npm http fetch GET 200 https://registry.vlt.io/vlt-benchmarks/npm/@rollup%2frollup-linux-riscv64-gnu 10ms (cache miss)
npm http fetch GET 200 https://registry.vlt.io/vlt-benchmarks/npm/@rollup%2frollup-openharmony-arm64 8ms (cache miss)
npm http fetch GET 200 https://registry.vlt.io/vlt-benchmarks/npm/@rollup%2frollup-linux-loong64-musl 9ms (cache miss)
npm http fetch GET 200 https://registry.vlt.io/vlt-benchmarks/npm/@rollup%2frollup-linux-riscv64-musl 9ms (cache miss)
npm http fetch GET 200 https://registry.vlt.io/vlt-benchmarks/npm/@rollup%2frollup-linux-arm-gnueabihf 10ms (cache miss)
npm http fetch GET 200 https://registry.vlt.io/vlt-benchmarks/npm/@rollup%2frollup-linux-arm-musleabihf 9ms (cache miss)
npm http fetch GET 200 https://registry.vlt.io/vlt-benchmarks/npm/ansi-regex 8ms (cache revalidated)
npm http fetch GET 200 https://registry.vlt.io/vlt-benchmarks/npm/is-fullwidth-code-point/-/is-fullwidth-code-point-3.0.0.tgz 473ms (cache miss)
npm http fetch GET 200 https://registry.vlt.io/vlt-benchmarks/npm/nanoid/-/nanoid-3.3.20.tgz 472ms (cache miss)
npm http fetch GET 200 https://registry.vlt.io/vlt-benchmarks/npm/ansi-styles/-/ansi-styles-6.2.3.tgz 473ms (cache miss)
npm http fetch GET 200 https://registry.vlt.io/vlt-benchmarks/npm/readdirp/-/readdirp-5.1.1.tgz 492ms (cache miss)
npm http fetch GET 200 https://registry.vlt.io/vlt-benchmarks/npm/yoctocolors/-/yoctocolors-2.2.0.tgz 541ms (cache miss)
npm http fetch GET 200 https://registry.vlt.io/vlt-benchmarks/npm/trough/-/trough-2.2.0.tgz 559ms (cache miss)
npm http fetch GET 200 https://registry.vlt.io/vlt-benchmarks/npm/normalize-path/-/normalize-path-3.0.0.tgz 562ms (cache miss)
npm http fetch GET 200 https://registry.vlt.io/vlt-benchmarks/npm/uncrypto/-/uncrypto-0.1.3.tgz 583ms (cache miss)
npm http fetch GET 200 https://registry.vlt.io/vlt-benchmarks/npm/defu/-/defu-6.1.7.tgz 583ms (cache miss)
npm http fetch GET 200 https://registry.vlt.io/vlt-benchmarks/npm/cookie-es/-/cookie-es-1.2.3.tgz 582ms (cache miss)
npm http fetch GET 200 https://registry.vlt.io/vlt-benchmarks/npm/domelementtype/-/domelementtype-2.3.0.tgz 580ms (cache miss)
npm http fetch GET 200 https://registry.vlt.io/vlt-benchmarks/npm/dom-serializer/-/dom-serializer-2.0.0.tgz 580ms (cache miss)
npm http fetch GET 200 https://registry.vlt.io/vlt-benchmarks/npm/extend/-/extend-3.0.2.tgz 582ms (cache miss)
npm http fetch GET 200 https://registry.vlt.io/vlt-benchmarks/npm/destr/-/destr-2.0.5.tgz 603ms (cache miss)
npm http fetch GET 200 https://registry.vlt.io/vlt-benchmarks/npm/anymatch/-/anymatch-3.1.3.tgz 604ms (cache miss)
npm http fetch GET 200 https://registry.vlt.io/vlt-benchmarks/npm/array-iterate/-/array-iterate-2.0.1.tgz 604ms (cache miss)
npm http fetch GET 200 https://registry.vlt.io/vlt-benchmarks/npm/iron-webcrypto/-/iron-webcrypto-1.2.1.tgz 607ms (cache miss)
npm http fetch GET 200 https://registry.vlt.io/vlt-benchmarks/npm/picocolors/-/picocolors-1.1.1.tgz 602ms (cache miss)
npm http fetch GET 200 https://registry.vlt.io/vlt-benchmarks/npm/radix3/-/radix3-1.1.2.tgz 628ms (cache miss)
npm http fetch GET 200 https://registry.vlt.io/vlt-benchmarks/npm/chokidar/-/chokidar-5.0.0.tgz 626ms (cache miss)
npm http fetch GET 200 https://registry.vlt.io/vlt-benchmarks/npm/fdir/-/fdir-6.5.0.tgz 626ms (cache miss)
npm http fetch GET 200 https://registry.vlt.io/vlt-benchmarks/npm/bail/-/bail-2.0.2.tgz 626ms (cache miss)
npm http fetch GET 200 https://registry.vlt.io/vlt-benchmarks/npm/is-plain-obj/-/is-plain-obj-4.1.0.tgz 626ms (cache miss)
npm http fetch GET 200 https://registry.vlt.io/vlt-benchmarks/npm/ohash/-/ohash-2.0.12.tgz 627ms (cache miss)
npm http fetch GET 200 https://registry.vlt.io/vlt-benchmarks/npm/sax/-/sax-1.6.1.tgz 625ms (cache miss)
npm http fetch GET 200 https://registry.vlt.io/vlt-benchmarks/npm/ansi-regex/-/ansi-regex-6.4.0.tgz 625ms (cache miss)
npm http fetch GET 200 https://registry.vlt.io/vlt-benchmarks/npm/character-entities-legacy/-/character-entities-legacy-3.0.0.tgz 625ms (cache miss)
npm http fetch GET 200 https://registry.vlt.io/vlt-benchmarks/npm/boolbase/-/boolbase-1.0.0.tgz 649ms (cache miss)
npm http fetch GET 200 https://registry.vlt.io/vlt-benchmarks/npm/domhandler/-/domhandler-5.0.3.tgz 651ms (cache miss)
npm http fetch GET 200 https://registry.vlt.io/vlt-benchmarks/npm/regex-utilities/-/regex-utilities-2.3.0.tgz 648ms (cache miss)
npm http fetch GET 200 https://registry.vlt.io/vlt-benchmarks/npm/emoji-regex/-/emoji-regex-10.6.0.tgz 649ms (cache miss)
npm http fetch GET 200 https://registry.vlt.io/vlt-benchmarks/npm/strip-ansi/-/strip-ansi-7.2.0.tgz 650ms (cache miss)
npm http fetch GET 200 https://registry.vlt.io/vlt-benchmarks/npm/get-east-asian-width/-/get-east-asian-width-1.7.0.tgz 651ms (cache miss)
npm http fetch GET 200 https://registry.vlt.io/vlt-benchmarks/npm/@shikijs/types/-/types-3.23.0.tgz 671ms (cache miss)
npm http fetch GET 200 https://registry.vlt.io/vlt-benchmarks/npm/ufo/-/ufo-1.6.4.tgz 703ms (cache miss)
npm http fetch GET 200 https://registry.vlt.io/vlt-benchmarks/npm/nth-check/-/nth-check-2.1.1.tgz 701ms (cache miss)
npm http fetch GET 200 https://registry.vlt.io/vlt-benchmarks/npm/character-entities-html4/-/character-entities-html4-2.1.0.tgz 700ms (cache miss)
npm http fetch GET 200 https://registry.vlt.io/vlt-benchmarks/npm/regex-recursion/-/regex-recursion-6.0.2.tgz 699ms (cache miss)
npm http fetch GET 200 https://registry.vlt.io/vlt-benchmarks/npm/@shikijs/vscode-textmate/-/vscode-textmate-10.0.2.tgz 699ms (cache miss)
npm http fetch GET 200 https://registry.vlt.io/vlt-benchmarks/npm/detect-libc/-/detect-libc-2.1.2.tgz 698ms (cache miss)
npm http fetch GET 200 https://registry.vlt.io/vlt-benchmarks/npm/retext-stringify/-/retext-stringify-4.0.0.tgz 720ms (cache miss)
npm http fetch GET 200 https://registry.vlt.io/vlt-benchmarks/npm/retext-latin/-/retext-latin-4.0.0.tgz 721ms (cache miss)
npm http fetch GET 200 https://registry.vlt.io/vlt-benchmarks/npm/unist-util-visit-children/-/unist-util-visit-children-3.0.0.tgz 721ms (cache miss)
npm http fetch GET 200 https://registry.vlt.io/vlt-benchmarks/npm/@shikijs/engine-javascript/-/engine-javascript-3.23.0.tgz 745ms (cache miss)
npm http fetch GET 200 https://registry.vlt.io/vlt-benchmarks/npm/micromark-extension-gfm-task-list-item/-/micromark-extension-gfm-task-list-item-2.1.0.tgz 744ms (cache miss)
npm http fetch GET 200 https://registry.vlt.io/vlt-benchmarks/npm/micromark-extension-gfm-tagfilter/-/micromark-extension-gfm-tagfilter-2.0.0.tgz 744ms (cache miss)
npm http fetch GET 200 https://registry.vlt.io/vlt-benchmarks/npm/@img/colour/-/colour-1.1.0.tgz 774ms (cache miss)
npm http fetch GET 200 https://registry.vlt.io/vlt-benchmarks/npm/@types/nlcst/-/nlcst-2.0.3.tgz 773ms (cache miss)
npm http fetch GET 200 https://registry.vlt.io/vlt-benchmarks/npm/retext-smartypants/-/retext-smartypants-6.2.0.tgz 773ms (cache miss)
npm http fetch GET 200 https://registry.vlt.io/vlt-benchmarks/npm/unist-util-modify-children/-/unist-util-modify-children-4.0.0.tgz 774ms (cache miss)
npm http fetch GET 200 https://registry.vlt.io/vlt-benchmarks/npm/nlcst-to-string/-/nlcst-to-string-4.0.0.tgz 774ms (cache miss)
npm http fetch GET 200 https://registry.vlt.io/vlt-benchmarks/npm/@types/ms/-/ms-2.1.0.tgz 772ms (cache miss)
npm http fetch GET 200 https://registry.vlt.io/vlt-benchmarks/npm/micromark-util-resolve-all/-/micromark-util-resolve-all-2.0.1.tgz 772ms (cache miss)
npm http fetch GET 200 https://registry.vlt.io/vlt-benchmarks/npm/micromark-factory-title/-/micromark-factory-title-2.0.1.tgz 774ms (cache miss)
npm http fetch GET 200 https://registry.vlt.io/vlt-benchmarks/npm/micromark-factory-label/-/micromark-factory-label-2.0.1.tgz 774ms (cache miss)
npm http fetch GET 200 https://registry.vlt.io/vlt-benchmarks/npm/micromark-extension-gfm-strikethrough/-/micromark-extension-gfm-strikethrough-2.1.0.tgz 794ms (cache miss)
npm http fetch GET 200 https://registry.vlt.io/vlt-benchmarks/npm/micromark-extension-gfm-footnote/-/micromark-extension-gfm-footnote-2.1.0.tgz 793ms (cache miss)
npm http fetch GET 200 https://registry.vlt.io/vlt-benchmarks/npm/micromark-extension-gfm-autolink-literal/-/micromark-extension-gfm-autolink-literal-2.1.0.tgz 794ms (cache miss)
npm http fetch GET 200 https://registry.vlt.io/vlt-benchmarks/npm/@types/debug/-/debug-4.1.13.tgz 792ms (cache miss)
npm http fetch GET 200 https://registry.vlt.io/vlt-benchmarks/npm/micromark-util-html-tag-name/-/micromark-util-html-tag-name-2.0.1.tgz 793ms (cache miss)
npm http fetch GET 200 https://registry.vlt.io/vlt-benchmarks/npm/retext/-/retext-9.0.0.tgz 821ms (cache miss)
npm http fetch GET 200 https://registry.vlt.io/vlt-benchmarks/npm/micromark-util-subtokenize/-/micromark-util-subtokenize-2.1.0.tgz 819ms (cache miss)
npm http fetch GET 200 https://registry.vlt.io/vlt-benchmarks/npm/micromark-factory-whitespace/-/micromark-factory-whitespace-2.0.1.tgz 821ms (cache miss)
npm http fetch GET 200 https://registry.vlt.io/vlt-benchmarks/npm/escape-string-regexp/-/escape-string-regexp-5.0.0.tgz 818ms (cache miss)
npm http fetch GET 200 https://registry.vlt.io/vlt-benchmarks/npm/mdast-util-find-and-replace/-/mdast-util-find-and-replace-3.0.3.tgz 819ms (cache miss)
npm http fetch GET 200 https://registry.vlt.io/vlt-benchmarks/npm/mdast-util-phrasing/-/mdast-util-phrasing-4.1.0.tgz 820ms (cache miss)
npm http fetch GET 200 https://registry.vlt.io/vlt-benchmarks/npm/micromark-util-classify-character/-/micromark-util-classify-character-2.0.1.tgz 819ms (cache miss)
npm http fetch GET 200 https://registry.vlt.io/vlt-benchmarks/npm/longest-streak/-/longest-streak-3.1.0.tgz 819ms (cache miss)
npm http fetch GET 200 https://registry.vlt.io/vlt-benchmarks/npm/@shikijs/core/-/core-3.23.0.tgz 848ms (cache miss)
npm http fetch GET 200 https://registry.vlt.io/vlt-benchmarks/npm/micromark-factory-destination/-/micromark-factory-destination-2.0.1.tgz 844ms (cache miss)
npm http fetch GET 200 https://registry.vlt.io/vlt-benchmarks/npm/micromark-factory-space/-/micromark-factory-space-2.1.0.tgz 843ms (cache miss)
npm http fetch GET 200 https://registry.vlt.io/vlt-benchmarks/npm/micromark-util-edit-map/-/micromark-util-edit-map-1.0.0.tgz 844ms (cache miss)
npm http fetch GET 200 https://registry.vlt.io/vlt-benchmarks/npm/micromark-util-combine-extensions/-/micromark-util-combine-extensions-2.0.1.tgz 844ms (cache miss)
npm http fetch GET 200 https://registry.vlt.io/vlt-benchmarks/npm/mdast-util-to-string/-/mdast-util-to-string-4.0.0.tgz 841ms (cache miss)
npm http fetch GET 200 https://registry.vlt.io/vlt-benchmarks/npm/decode-named-character-reference/-/decode-named-character-reference-1.3.0.tgz 841ms (cache miss)
npm http fetch GET 200 https://registry.vlt.io/vlt-benchmarks/npm/mdast-util-gfm-task-list-item/-/mdast-util-gfm-task-list-item-2.0.0.tgz 842ms (cache miss)
npm http fetch GET 200 https://registry.vlt.io/vlt-benchmarks/npm/unist-util-stringify-position/-/unist-util-stringify-position-4.0.0.tgz 843ms (cache miss)
npm http fetch GET 200 https://registry.vlt.io/vlt-benchmarks/npm/micromark-util-normalize-identifier/-/micromark-util-normalize-identifier-2.0.1.tgz 843ms (cache miss)
npm http fetch GET 200 https://registry.vlt.io/vlt-benchmarks/npm/micromark-util-decode-string/-/micromark-util-decode-string-2.0.1.tgz 844ms (cache miss)
npm http fetch GET 200 https://registry.vlt.io/vlt-benchmarks/npm/micromark-util-decode-numeric-character-reference/-/micromark-util-decode-numeric-character-reference-2.0.2.tgz 844ms (cache miss)
npm http fetch GET 200 https://registry.vlt.io/vlt-benchmarks/npm/micromark-util-chunked/-/micromark-util-chunked-2.0.1.tgz 867ms (cache miss)
npm http fetch GET 200 https://registry.vlt.io/vlt-benchmarks/npm/markdown-table/-/markdown-table-3.0.4.tgz 866ms (cache miss)
npm http fetch GET 200 https://registry.vlt.io/vlt-benchmarks/npm/unist-util-is/-/unist-util-is-6.0.1.tgz 867ms (cache miss)
npm http fetch GET 200 https://registry.vlt.io/vlt-benchmarks/npm/remark-stringify/-/remark-stringify-11.0.0.tgz 864ms (cache miss)
npm http fetch GET 200 https://registry.vlt.io/vlt-benchmarks/npm/micromark-extension-gfm/-/micromark-extension-gfm-3.0.0.tgz 865ms (cache miss)
npm http fetch GET 200 https://registry.vlt.io/vlt-benchmarks/npm/mdast-util-gfm-table/-/mdast-util-gfm-table-2.0.0.tgz 866ms (cache miss)
npm http fetch GET 200 https://registry.vlt.io/vlt-benchmarks/npm/mdast-util-gfm-footnote/-/mdast-util-gfm-footnote-2.1.0.tgz 865ms (cache miss)
npm http fetch GET 200 https://registry.vlt.io/vlt-benchmarks/npm/mdast-util-gfm-autolink-literal/-/mdast-util-gfm-autolink-literal-2.0.1.tgz 866ms (cache miss)
npm http fetch GET 200 https://registry.vlt.io/vlt-benchmarks/npm/micromark-util-types/-/micromark-util-types-2.0.3.tgz 884ms (cache miss)
npm http fetch GET 200 https://registry.vlt.io/vlt-benchmarks/npm/micromark-util-symbol/-/micromark-util-symbol-2.0.1.tgz 884ms (cache miss)
npm http fetch GET 200 https://registry.vlt.io/vlt-benchmarks/npm/stringify-entities/-/stringify-entities-4.0.4.tgz 885ms (cache miss)
npm http fetch GET 200 https://registry.vlt.io/vlt-benchmarks/npm/hast-util-whitespace/-/hast-util-whitespace-3.0.0.tgz 885ms (cache miss)
npm http fetch GET 200 https://registry.vlt.io/vlt-benchmarks/npm/character-entities/-/character-entities-2.0.2.tgz 910ms (cache miss)
npm http fetch GET 200 https://registry.vlt.io/vlt-benchmarks/npm/html-void-elements/-/html-void-elements-3.0.0.tgz 906ms (cache miss)
npm http fetch GET 200 https://registry.vlt.io/vlt-benchmarks/npm/hast-util-to-parse5/-/hast-util-to-parse5-8.0.1.tgz 906ms (cache miss)
npm http fetch GET 200 https://registry.vlt.io/vlt-benchmarks/npm/@ungap/structured-clone/-/structured-clone-1.4.0.tgz 906ms (cache miss)
npm http fetch GET 200 https://registry.vlt.io/vlt-benchmarks/npm/trim-lines/-/trim-lines-3.0.1.tgz 908ms (cache miss)
npm http fetch GET 200 https://registry.vlt.io/vlt-benchmarks/npm/micromark-util-sanitize-uri/-/micromark-util-sanitize-uri-2.0.1.tgz 908ms (cache miss)
npm http fetch GET 200 https://registry.vlt.io/vlt-benchmarks/npm/micromark-util-character/-/micromark-util-character-2.1.1.tgz 909ms (cache miss)
npm http fetch GET 200 https://registry.vlt.io/vlt-benchmarks/npm/unist-util-position/-/unist-util-position-5.0.0.tgz 909ms (cache miss)
npm http fetch GET 200 https://registry.vlt.io/vlt-benchmarks/npm/mdast-util-gfm-strikethrough/-/mdast-util-gfm-strikethrough-2.0.1.tgz 928ms (cache miss)
npm http fetch GET 200 https://registry.vlt.io/vlt-benchmarks/npm/micromark-util-encode/-/micromark-util-encode-2.0.1.tgz 925ms (cache miss)
npm http fetch GET 200 https://registry.vlt.io/vlt-benchmarks/npm/mdast-util-gfm/-/mdast-util-gfm-3.1.0.tgz 927ms (cache miss)
npm http fetch GET 200 https://registry.vlt.io/vlt-benchmarks/npm/ccount/-/ccount-2.0.1.tgz 927ms (cache miss)
npm http fetch GET 200 https://registry.vlt.io/vlt-benchmarks/npm/p-timeout/-/p-timeout-6.1.4.tgz 924ms (cache miss)
npm http fetch GET 200 https://registry.vlt.io/vlt-benchmarks/npm/@types/mdast/-/mdast-4.0.4.tgz 925ms (cache miss)
npm http fetch GET 200 https://registry.vlt.io/vlt-benchmarks/npm/rehype-parse/-/rehype-parse-9.0.1.tgz 926ms (cache miss)
npm http fetch GET 200 https://registry.vlt.io/vlt-benchmarks/npm/yocto-queue/-/yocto-queue-1.2.2.tgz 925ms (cache miss)
npm http fetch GET 200 https://registry.vlt.io/vlt-benchmarks/npm/sisteransi/-/sisteransi-1.0.5.tgz 926ms (cache miss)
npm http fetch GET 200 https://registry.vlt.io/vlt-benchmarks/npm/kleur/-/kleur-3.0.3.tgz 926ms (cache miss)
npm http fetch GET 200 https://registry.vlt.io/vlt-benchmarks/npm/hast-util-raw/-/hast-util-raw-9.1.0.tgz 942ms (cache miss)
npm http fetch GET 200 https://registry.vlt.io/vlt-benchmarks/npm/zwitch/-/zwitch-2.0.4.tgz 944ms (cache miss)
npm http fetch GET 200 https://registry.vlt.io/vlt-benchmarks/npm/@babel/helper-validator-identifier/-/helper-validator-identifier-7.29.7.tgz 941ms (cache miss)
npm http fetch GET 200 https://registry.vlt.io/vlt-benchmarks/npm/@babel/helper-string-parser/-/helper-string-parser-7.29.7.tgz 942ms (cache miss)
npm http fetch GET 200 https://registry.vlt.io/vlt-benchmarks/npm/eventemitter3/-/eventemitter3-5.0.4.tgz 966ms (cache miss)
npm http fetch GET 200 https://registry.vlt.io/vlt-benchmarks/npm/vfile-location/-/vfile-location-5.0.3.tgz 964ms (cache miss)
npm http fetch GET 200 https://registry.vlt.io/vlt-benchmarks/npm/dequal/-/dequal-2.0.3.tgz 965ms (cache miss)
npm http fetch GET 200 https://registry.vlt.io/vlt-benchmarks/npm/web-namespaces/-/web-namespaces-2.0.1.tgz 967ms (cache miss)
npm http fetch GET 200 https://registry.vlt.io/vlt-benchmarks/npm/is-inside-container/-/is-inside-container-1.0.0.tgz 968ms (cache miss)
npm http fetch GET 200 https://registry.vlt.io/vlt-benchmarks/npm/unist-util-find-after/-/unist-util-find-after-5.0.0.tgz 968ms (cache miss)
npm http fetch GET 200 https://registry.vlt.io/vlt-benchmarks/npm/hast-util-is-element/-/hast-util-is-element-3.0.0.tgz 968ms (cache miss)
npm http fetch GET 200 https://registry.vlt.io/vlt-benchmarks/npm/comma-separated-tokens/-/comma-separated-tokens-2.0.3.tgz 969ms (cache miss)
npm http fetch GET 200 https://registry.vlt.io/vlt-benchmarks/npm/argparse/-/argparse-2.0.1.tgz 997ms (cache miss)
npm http fetch GET 200 https://registry.vlt.io/vlt-benchmarks/npm/hast-util-parse-selector/-/hast-util-parse-selector-4.0.0.tgz 997ms (cache miss)
npm http fetch GET 200 https://registry.vlt.io/vlt-benchmarks/npm/devlop/-/devlop-1.1.0.tgz 995ms (cache miss)
npm http fetch GET 200 https://registry.vlt.io/vlt-benchmarks/npm/hast-util-from-parse5/-/hast-util-from-parse5-8.0.3.tgz 995ms (cache miss)
npm http fetch GET 200 https://registry.vlt.io/vlt-benchmarks/npm/@types/hast/-/hast-3.0.5.tgz 996ms (cache miss)
npm http fetch GET 200 https://registry.vlt.io/vlt-benchmarks/npm/hastscript/-/hastscript-9.0.1.tgz 1008ms (cache miss)
npm http fetch GET 200 https://registry.vlt.io/vlt-benchmarks/npm/space-separated-tokens/-/space-separated-tokens-2.0.2.tgz 1010ms (cache miss)
npm http fetch GET 200 https://registry.vlt.io/vlt-benchmarks/npm/tiny-inflate/-/tiny-inflate-1.0.3.tgz 1008ms (cache miss)
npm http fetch GET 200 https://registry.vlt.io/vlt-benchmarks/npm/cli-boxes/-/cli-boxes-3.0.0.tgz 1007ms (cache miss)
npm http fetch GET 200 https://registry.vlt.io/vlt-benchmarks/npm/chalk/-/chalk-5.6.2.tgz 1007ms (cache miss)
npm http fetch GET 200 https://registry.vlt.io/vlt-benchmarks/npm/camelcase/-/camelcase-8.0.0.tgz 1007ms (cache miss)
npm http fetch GET 200 https://registry.vlt.io/vlt-benchmarks/npm/base-64/-/base-64-1.0.0.tgz 1009ms (cache miss)
npm http fetch GET 200 https://registry.vlt.io/vlt-benchmarks/npm/wrap-ansi/-/wrap-ansi-9.0.2.tgz 1009ms (cache miss)
npm http fetch GET 200 https://registry.vlt.io/vlt-benchmarks/npm/widest-line/-/widest-line-5.0.0.tgz 1009ms (cache miss)
npm http fetch GET 200 https://registry.vlt.io/vlt-benchmarks/npm/string-width/-/string-width-7.2.0.tgz 1009ms (cache miss)
npm http fetch GET 200 https://registry.vlt.io/vlt-benchmarks/npm/ms/-/ms-2.1.3.tgz 1010ms (cache miss)
npm http fetch GET 200 https://registry.vlt.io/vlt-benchmarks/npm/@types/unist/-/unist-3.0.3.tgz 1022ms (cache miss)
npm http fetch GET 200 https://registry.vlt.io/vlt-benchmarks/npm/ansi-align/-/ansi-align-3.0.1.tgz 1020ms (cache miss)
npm http fetch GET 200 https://registry.vlt.io/vlt-benchmarks/npm/is-wsl/-/is-wsl-3.1.1.tgz 1019ms (cache miss)
npm http fetch GET 200 https://registry.vlt.io/vlt-benchmarks/npm/which-pm-runs/-/which-pm-runs-1.1.0.tgz 1020ms (cache miss)
npm http fetch GET 200 https://registry.vlt.io/vlt-benchmarks/npm/vfile-message/-/vfile-message-4.0.3.tgz 1031ms (cache miss)
npm http fetch GET 200 https://registry.vlt.io/vlt-benchmarks/npm/remark-gfm/-/remark-gfm-4.0.1.tgz 1027ms (cache miss)
npm http fetch GET 200 https://registry.vlt.io/vlt-benchmarks/npm/unist-util-remove-position/-/unist-util-remove-position-5.0.0.tgz 1028ms (cache miss)
npm http fetch GET 200 https://registry.vlt.io/vlt-benchmarks/npm/unist-util-visit-parents/-/unist-util-visit-parents-6.0.2.tgz 1029ms (cache miss)
npm http fetch GET 200 https://registry.vlt.io/vlt-benchmarks/npm/remark-rehype/-/remark-rehype-11.1.2.tgz 1029ms (cache miss)
npm http fetch GET 200 https://registry.vlt.io/vlt-benchmarks/npm/remark-smartypants/-/remark-smartypants-3.0.3.tgz 1029ms (cache miss)
npm http fetch GET 200 https://registry.vlt.io/vlt-benchmarks/npm/is-docker/-/is-docker-3.0.0.tgz 1039ms (cache miss)
npm http fetch GET 200 https://registry.vlt.io/vlt-benchmarks/npm/@types/estree/-/estree-1.0.9.tgz 1039ms (cache miss)
npm http fetch GET 200 https://registry.vlt.io/vlt-benchmarks/npm/@astrojs/prism/-/prism-3.3.0.tgz 1037ms (cache miss)
npm http fetch GET 200 https://registry.vlt.io/vlt-benchmarks/npm/rehype-stringify/-/rehype-stringify-10.0.1.tgz 1038ms (cache miss)
npm http fetch GET 200 https://registry.vlt.io/vlt-benchmarks/npm/rehype-raw/-/rehype-raw-7.0.0.tgz 1039ms (cache miss)
npm http fetch GET 200 https://registry.vlt.io/vlt-benchmarks/npm/mdast-util-definitions/-/mdast-util-definitions-6.0.0.tgz 1039ms (cache miss)
npm http fetch GET 200 https://registry.vlt.io/vlt-benchmarks/npm/hast-util-from-html/-/hast-util-from-html-2.0.3.tgz 1040ms (cache miss)
npm http fetch GET 200 https://registry.vlt.io/vlt-benchmarks/npm/hast-util-to-text/-/hast-util-to-text-4.0.2.tgz 1040ms (cache miss)
npm http fetch GET 200 https://registry.vlt.io/vlt-benchmarks/npm/remark-parse/-/remark-parse-11.0.0.tgz 1048ms (cache miss)
npm http fetch GET 200 https://registry.vlt.io/vlt-benchmarks/npm/xxhash-wasm/-/xxhash-wasm-1.1.0.tgz 1046ms (cache miss)
npm http fetch GET 200 https://registry.vlt.io/vlt-benchmarks/npm/vitefu/-/vitefu-1.1.3.tgz 1046ms (cache miss)
npm http fetch GET 200 https://registry.vlt.io/vlt-benchmarks/npm/yocto-spinner/-/yocto-spinner-0.2.3.tgz 1048ms (cache miss)
npm http fetch GET 200 https://registry.vlt.io/vlt-benchmarks/npm/tinyglobby/-/tinyglobby-0.2.17.tgz 1055ms (cache miss)
npm http fetch GET 200 https://registry.vlt.io/vlt-benchmarks/npm/unist-util-visit/-/unist-util-visit-5.1.0.tgz 1056ms (cache miss)
npm http fetch GET 200 https://registry.vlt.io/vlt-benchmarks/npm/zod-to-ts/-/zod-to-ts-1.2.0.tgz 1064ms (cache miss)
npm http fetch GET 200 https://registry.vlt.io/vlt-benchmarks/npm/commander/-/commander-11.1.0.tgz 1094ms (cache miss)
npm http fetch GET 200 https://registry.vlt.io/vlt-benchmarks/npm/unifont/-/unifont-0.7.5.tgz 1069ms (cache miss)
npm http fetch GET 200 https://registry.vlt.io/vlt-benchmarks/npm/package-manager-detector/-/package-manager-detector-1.9.0.tgz 1068ms (cache miss)
npm http fetch GET 200 https://registry.vlt.io/vlt-benchmarks/npm/piccolore/-/piccolore-0.1.3.tgz 1069ms (cache miss)
npm http fetch GET 200 https://registry.vlt.io/vlt-benchmarks/npm/p-queue/-/p-queue-8.1.1.tgz 1068ms (cache miss)
npm http fetch GET 200 https://registry.vlt.io/vlt-benchmarks/npm/rehype/-/rehype-13.0.2.tgz 1070ms (cache miss)
npm http fetch GET 200 https://registry.vlt.io/vlt-benchmarks/npm/mrmime/-/mrmime-2.0.1.tgz 1075ms (cache miss)
npm http fetch GET 200 https://registry.vlt.io/vlt-benchmarks/npm/p-limit/-/p-limit-6.2.0.tgz 1076ms (cache miss)
npm http fetch GET 200 https://registry.vlt.io/vlt-benchmarks/npm/fontace/-/fontace-0.4.1.tgz 1082ms (cache miss)
npm http fetch GET 200 https://registry.vlt.io/vlt-benchmarks/npm/flattie/-/flattie-1.1.1.tgz 1082ms (cache miss)
npm http fetch GET 200 https://registry.vlt.io/vlt-benchmarks/npm/http-cache-semantics/-/http-cache-semantics-4.3.0.tgz 1083ms (cache miss)
npm http fetch GET 200 https://registry.vlt.io/vlt-benchmarks/npm/github-slugger/-/github-slugger-2.0.0.tgz 1084ms (cache miss)
npm http fetch GET 200 https://registry.vlt.io/vlt-benchmarks/npm/html-escaper/-/html-escaper-3.0.3.tgz 1084ms (cache miss)
npm http fetch GET 200 https://registry.vlt.io/vlt-benchmarks/npm/dlv/-/dlv-1.1.3.tgz 1091ms (cache miss)
npm http fetch GET 200 https://registry.vlt.io/vlt-benchmarks/npm/tinyexec/-/tinyexec-1.3.1.tgz 1090ms (cache miss)
npm http fetch GET 200 https://registry.vlt.io/vlt-benchmarks/npm/dset/-/dset-3.1.4.tgz 1091ms (cache miss)
npm http fetch GET 200 https://registry.vlt.io/vlt-benchmarks/npm/estree-walker/-/estree-walker-3.0.3.tgz 1098ms (cache miss)
npm http fetch GET 200 https://registry.vlt.io/vlt-benchmarks/npm/esbuild/-/esbuild-0.27.7.tgz 1098ms (cache miss)
npm http fetch GET 200 https://registry.vlt.io/vlt-benchmarks/npm/clsx/-/clsx-2.1.1.tgz 1097ms (cache miss)
npm http fetch GET 200 https://registry.vlt.io/vlt-benchmarks/npm/deterministic-object-hash/-/deterministic-object-hash-2.0.2.tgz 1098ms (cache miss)
npm http fetch GET 200 https://registry.vlt.io/vlt-benchmarks/npm/debug/-/debug-4.4.3.tgz 1098ms (cache miss)
npm http fetch GET 200 https://registry.vlt.io/vlt-benchmarks/npm/cookie/-/cookie-1.1.1.tgz 1099ms (cache miss)
npm http fetch GET 200 https://registry.vlt.io/vlt-benchmarks/npm/common-ancestor-path/-/common-ancestor-path-1.0.1.tgz 1099ms (cache miss)
npm http fetch GET 200 https://registry.vlt.io/vlt-benchmarks/npm/ci-info/-/ci-info-4.4.0.tgz 1104ms (cache miss)
npm http fetch GET 200 https://registry.vlt.io/vlt-benchmarks/npm/@img/sharp-linux-arm64/-/sharp-linux-arm64-0.34.5.tgz 1137ms (cache miss)
npm http fetch GET 200 https://registry.vlt.io/vlt-benchmarks/npm/es-module-lexer/-/es-module-lexer-1.7.0.tgz 1111ms (cache miss)
npm http fetch GET 200 https://registry.vlt.io/vlt-benchmarks/npm/cssesc/-/cssesc-3.0.0.tgz 1110ms (cache miss)
npm http fetch GET 200 https://registry.vlt.io/vlt-benchmarks/npm/@rollup/pluginutils/-/pluginutils-5.4.0.tgz 1109ms (cache miss)
npm http fetch GET 200 https://registry.vlt.io/vlt-benchmarks/npm/@capsizecss/unpack/-/unpack-4.0.1.tgz 1109ms (cache miss)
npm http fetch GET 200 https://registry.vlt.io/vlt-benchmarks/npm/@oslojs/encoding/-/encoding-1.1.0.tgz 1110ms (cache miss)
npm http fetch GET 200 https://registry.vlt.io/vlt-benchmarks/npm/@astrojs/internal-helpers/-/internal-helpers-0.7.6.tgz 1110ms (cache miss)
npm http fetch GET 200 https://registry.vlt.io/vlt-benchmarks/npm/@astrojs/telemetry/-/telemetry-3.3.0.tgz 1110ms (cache miss)
npm http fetch GET 200 https://registry.vlt.io/vlt-benchmarks/npm/@astrojs/markdown-remark/-/markdown-remark-6.3.11.tgz 1110ms (cache miss)
npm http fetch GET 200 https://registry.vlt.io/vlt-benchmarks/npm/picomatch/-/picomatch-4.0.7.tgz 1120ms (cache miss)
npm http fetch GET 200 https://registry.vlt.io/vlt-benchmarks/npm/boxen/-/boxen-8.0.1.tgz 1116ms (cache miss)
npm http fetch GET 200 https://registry.vlt.io/vlt-benchmarks/npm/string-width/-/string-width-4.2.3.tgz 1118ms (cache miss)
npm http fetch GET 200 https://registry.vlt.io/vlt-benchmarks/npm/fontkitten/-/fontkitten-1.0.3.tgz 1135ms (cache miss)
npm http fetch GET 200 https://registry.vlt.io/vlt-benchmarks/npm/unified/-/unified-11.0.5.tgz 1134ms (cache miss)
npm http fetch GET 200 https://registry.vlt.io/vlt-benchmarks/npm/esbuild/-/esbuild-0.25.12.tgz 1123ms (cache miss)
npm http fetch GET 200 https://registry.vlt.io/vlt-benchmarks/npm/estree-walker/-/estree-walker-2.0.2.tgz 1124ms (cache miss)
npm http fetch GET 200 https://registry.vlt.io/vlt-benchmarks/npm/magicast/-/magicast-0.5.5.tgz 1134ms (cache miss)
npm http fetch GET 200 https://registry.vlt.io/vlt-benchmarks/npm/ansi-regex/-/ansi-regex-5.0.1.tgz 1128ms (cache miss)
npm http fetch GET 200 https://registry.vlt.io/vlt-benchmarks/npm/strip-ansi/-/strip-ansi-6.0.1.tgz 1128ms (cache miss)
npm http fetch GET 200 https://registry.vlt.io/vlt-benchmarks/npm/emoji-regex/-/emoji-regex-8.0.0.tgz 1129ms (cache miss)
npm http fetch GET 200 https://registry.vlt.io/vlt-benchmarks/npm/picomatch/-/picomatch-2.3.2.tgz 1140ms (cache miss)
npm http fetch GET 200 https://registry.vlt.io/vlt-benchmarks/npm/ofetch/-/ofetch-1.5.1.tgz 1182ms (cache miss)
npm http fetch GET 200 https://registry.vlt.io/vlt-benchmarks/npm/h3/-/h3-1.15.11.tgz 1181ms (cache miss)
npm http fetch GET 200 https://registry.vlt.io/vlt-benchmarks/npm/yargs-parser/-/yargs-parser-21.1.1.tgz 1166ms (cache miss)
npm http fetch GET 200 https://registry.vlt.io/vlt-benchmarks/npm/mdast-util-from-markdown/-/mdast-util-from-markdown-2.1.0.tgz 1193ms (cache miss)
npm http fetch GET 200 https://registry.vlt.io/vlt-benchmarks/npm/tsconfck/-/tsconfck-3.1.6.tgz 1181ms (cache miss)
npm http fetch GET 200 https://registry.vlt.io/vlt-benchmarks/npm/@shikijs/engine-oniguruma/-/engine-oniguruma-3.23.0.tgz 1213ms (cache miss)
npm warn deprecated tsconfck@3.1.6: unmaintained
npm http fetch GET 200 https://registry.vlt.io/vlt-benchmarks/npm/source-map-js/-/source-map-js-1.2.2.tgz 1211ms (cache miss)
npm http fetch GET 200 https://registry.vlt.io/vlt-benchmarks/npm/import-meta-resolve/-/import-meta-resolve-4.2.0.tgz 1226ms (cache miss)
npm http fetch GET 200 https://registry.vlt.io/vlt-benchmarks/npm/magic-string/-/magic-string-0.30.21.tgz 1229ms (cache miss)
npm http fetch GET 200 https://registry.vlt.io/vlt-benchmarks/npm/devalue/-/devalue-5.9.4.tgz 1223ms (cache miss)
npm http fetch GET 200 https://registry.vlt.io/vlt-benchmarks/npm/smol-toml/-/smol-toml-1.9.1.tgz 1240ms (cache miss)
npm http fetch GET 200 https://registry.vlt.io/vlt-benchmarks/npm/neotraverse/-/neotraverse-0.6.18.tgz 1255ms (cache miss)
npm http fetch GET 200 https://registry.vlt.io/vlt-benchmarks/npm/acorn/-/acorn-8.19.0.tgz 1260ms (cache miss)
npm http fetch GET 200 https://registry.vlt.io/vlt-benchmarks/npm/vfile/-/vfile-6.0.3.tgz 1312ms (cache miss)
npm http fetch GET 200 https://registry.vlt.io/vlt-benchmarks/npm/@jridgewell/sourcemap-codec/-/sourcemap-codec-1.6.0.tgz 1324ms (cache miss)
npm http fetch GET 200 https://registry.vlt.io/vlt-benchmarks/npm/ultrahtml/-/ultrahtml-1.7.0.tgz 1320ms (cache miss)
npm http fetch GET 200 https://registry.vlt.io/vlt-benchmarks/npm/micromark-extension-gfm-table/-/micromark-extension-gfm-table-2.1.2.tgz 1354ms (cache miss)
npm http fetch GET 200 https://registry.vlt.io/vlt-benchmarks/npm/mdn-data/-/mdn-data-2.27.1.tgz 1365ms (cache miss)
npm http fetch GET 200 https://registry.vlt.io/vlt-benchmarks/npm/mdn-data/-/mdn-data-2.0.28.tgz 1364ms (cache miss)
npm http fetch GET 200 https://registry.vlt.io/vlt-benchmarks/npm/node-fetch-native/-/node-fetch-native-1.6.7.tgz 1408ms (cache miss)
npm http fetch GET 200 https://registry.vlt.io/vlt-benchmarks/npm/@rollup/rollup-linux-arm64-gnu/-/rollup-linux-arm64-gnu-4.64.4.tgz 1424ms (cache miss)
npm http fetch GET 200 https://registry.vlt.io/vlt-benchmarks/npm/sharp/-/sharp-0.34.5.tgz 1426ms (cache miss)
npm http fetch GET 200 https://registry.vlt.io/vlt-benchmarks/npm/@babel/parser/-/parser-7.29.9.tgz 1454ms (cache miss)
npm http fetch GET 200 https://registry.vlt.io/vlt-benchmarks/npm/node-mock-http/-/node-mock-http-1.0.5.tgz 1479ms (cache miss)
npm http fetch GET 200 https://registry.vlt.io/vlt-benchmarks/npm/semver/-/semver-7.8.5.tgz 1450ms (cache miss)
npm http fetch GET 200 https://registry.vlt.io/vlt-benchmarks/npm/postcss/-/postcss-8.5.29.tgz 1493ms (cache miss)
npm http fetch GET 200 https://registry.vlt.io/vlt-benchmarks/npm/oniguruma-to-es/-/oniguruma-to-es-4.3.6.tgz 1488ms (cache miss)
npm http fetch GET 200 https://registry.vlt.io/vlt-benchmarks/npm/parse-latin/-/parse-latin-7.0.0.tgz 1515ms (cache miss)
npm http fetch GET 200 https://registry.vlt.io/vlt-benchmarks/npm/css-what/-/css-what-7.0.0.tgz 1524ms (cache miss)
npm http fetch GET 200 https://registry.vlt.io/vlt-benchmarks/npm/hast-util-to-html/-/hast-util-to-html-9.0.5.tgz 1511ms (cache miss)
npm http fetch GET 200 https://registry.vlt.io/vlt-benchmarks/npm/regex/-/regex-6.1.0.tgz 1564ms (cache miss)
npm http fetch GET 200 https://registry.vlt.io/vlt-benchmarks/npm/property-information/-/property-information-7.2.0.tgz 1549ms (cache miss)
npm http fetch GET 200 https://registry.vlt.io/vlt-benchmarks/npm/js-yaml/-/js-yaml-4.3.2.tgz 1539ms (cache miss)
npm http fetch GET 200 https://registry.vlt.io/vlt-benchmarks/npm/crossws/-/crossws-0.3.5.tgz 1584ms (cache miss)
npm http fetch GET 200 https://registry.vlt.io/vlt-benchmarks/npm/domutils/-/domutils-3.2.2.tgz 1645ms (cache miss)
npm http fetch GET 200 https://registry.vlt.io/vlt-benchmarks/npm/rollup/-/rollup-4.64.4.tgz 1701ms (cache miss)
npm http fetch GET 200 https://registry.vlt.io/vlt-benchmarks/npm/vite/-/vite-6.4.4.tgz 1710ms (cache miss)
npm http fetch GET 200 https://registry.vlt.io/vlt-benchmarks/npm/micromark/-/micromark-4.0.3.tgz 1729ms (cache miss)
npm http fetch GET 200 https://registry.vlt.io/vlt-benchmarks/npm/prompts/-/prompts-2.4.2.tgz 1727ms (cache miss)
npm http fetch GET 200 https://registry.vlt.io/vlt-benchmarks/npm/entities/-/entities-4.5.0.tgz 1748ms (cache miss)
npm http fetch GET 200 https://registry.vlt.io/vlt-benchmarks/npm/parse5/-/parse5-7.3.0.tgz 1819ms (cache miss)
npm http fetch GET 200 https://registry.vlt.io/vlt-benchmarks/npm/mdast-util-to-hast/-/mdast-util-to-hast-13.2.1.tgz 1831ms (cache miss)
npm http fetch GET 200 https://registry.vlt.io/vlt-benchmarks/npm/csso/-/csso-5.0.5.tgz 1912ms (cache miss)
npm http fetch GET 200 https://registry.vlt.io/vlt-benchmarks/npm/entities/-/entities-6.0.1.tgz 1898ms (cache miss)
npm http fetch GET 200 https://registry.vlt.io/vlt-benchmarks/npm/@shikijs/themes/-/themes-3.23.0.tgz 1949ms (cache miss)
npm http fetch GET 200 https://registry.vlt.io/vlt-benchmarks/npm/@astrojs/compiler/-/compiler-2.13.1.tgz 1956ms (cache miss)
npm http fetch GET 200 https://registry.vlt.io/vlt-benchmarks/npm/type-fest/-/type-fest-4.41.0.tgz 1990ms (cache miss)
npm http fetch GET 200 https://registry.vlt.io/vlt-benchmarks/npm/micromark-core-commonmark/-/micromark-core-commonmark-2.0.4.tgz 2018ms (cache miss)
npm http fetch GET 200 https://registry.vlt.io/vlt-benchmarks/npm/unstorage/-/unstorage-1.17.5.tgz 2070ms (cache miss)
npm http fetch GET 200 https://registry.vlt.io/vlt-benchmarks/npm/diff/-/diff-8.0.4.tgz 2071ms (cache miss)
npm http fetch GET 200 https://registry.vlt.io/vlt-benchmarks/npm/mdast-util-to-markdown/-/mdast-util-to-markdown-2.2.0.tgz 2129ms (cache miss)
npm http fetch GET 200 https://registry.vlt.io/vlt-benchmarks/npm/css-select/-/css-select-6.0.0.tgz 2142ms (cache miss)
npm http fetch GET 200 https://registry.vlt.io/vlt-benchmarks/npm/oniguruma-parser/-/oniguruma-parser-0.12.2.tgz 2146ms (cache miss)
npm http fetch GET 200 https://registry.vlt.io/vlt-benchmarks/npm/svgo/-/svgo-4.1.0.tgz 2124ms (cache miss)
npm http fetch GET 200 https://registry.vlt.io/vlt-benchmarks/npm/@esbuild/linux-arm64/-/linux-arm64-0.25.12.tgz 2116ms (cache miss)
npm http fetch GET 200 https://registry.vlt.io/vlt-benchmarks/npm/@esbuild/linux-arm64/-/linux-arm64-0.27.7.tgz 2133ms (cache miss)
npm http fetch GET 200 https://registry.vlt.io/vlt-benchmarks/npm/zod-to-json-schema/-/zod-to-json-schema-3.25.2.tgz 2158ms (cache miss)
npm http fetch GET 200 https://registry.vlt.io/vlt-benchmarks/npm/axobject-query/-/axobject-query-4.1.0.tgz 2209ms (cache miss)
npm http fetch GET 200 https://registry.vlt.io/vlt-benchmarks/npm/lru-cache/-/lru-cache-11.5.3.tgz 2258ms (cache miss)
npm http fetch GET 200 https://registry.vlt.io/vlt-benchmarks/npm/@babel/types/-/types-7.29.8.tgz 2303ms (cache miss)
npm http fetch GET 200 https://registry.vlt.io/vlt-benchmarks/npm/@img/sharp-libvips-linux-arm64/-/sharp-libvips-linux-arm64-1.2.4.tgz 2369ms (cache miss)
npm http fetch GET 200 https://registry.vlt.io/vlt-benchmarks/npm/undici/-/undici-8.11.2.tgz 2386ms (cache miss)
npm http fetch GET 200 https://registry.vlt.io/vlt-benchmarks/npm/aria-query/-/aria-query-5.3.2.tgz 2378ms (cache miss)
npm http fetch GET 200 https://registry.vlt.io/vlt-benchmarks/npm/css-tree/-/css-tree-2.2.1.tgz 2422ms (cache miss)
npm http fetch GET 200 https://registry.vlt.io/vlt-benchmarks/npm/css-tree/-/css-tree-3.2.1.tgz 2504ms (cache miss)
npm http fetch GET 200 https://registry.vlt.io/vlt-benchmarks/npm/typescript/-/typescript-5.9.3.tgz 2534ms (cache miss)
npm http fetch GET 200 https://registry.vlt.io/vlt-benchmarks/npm/prismjs/-/prismjs-1.30.0.tgz 2600ms (cache miss)
npm http fetch GET 200 https://registry.vlt.io/vlt-benchmarks/npm/@shikijs/langs/-/langs-3.23.0.tgz 2650ms (cache miss)
npm http fetch GET 200 https://registry.vlt.io/vlt-benchmarks/npm/zod/-/zod-3.25.76.tgz 2713ms (cache miss)
npm http fetch GET 200 https://registry.vlt.io/vlt-benchmarks/npm/shiki/-/shiki-3.23.0.tgz 2734ms (cache miss)
npm http fetch GET 200 https://registry.vlt.io/vlt-benchmarks/npm/astro/-/astro-5.18.2.tgz 2869ms (cache miss)

added 279 packages in 6s
