file:///opt/hostedtoolcache/node/24.21.0/arm64/lib/node_modules/vlt/chunk-VI7V6OCC.js:1101
          if (!mani) throw this.#resolveError(spec, options);
                                             ^

Error: Could not resolve
    at fromPackument (file:///opt/hostedtoolcache/node/24.21.0/arm64/lib/node_modules/vlt/chunk-VI7V6OCC.js:1101:46)
    at process.processTicksAndRejections (node:internal/process/task_queues:104:5)
    at async #awaitResolved (file:///opt/hostedtoolcache/node/24.21.0/arm64/lib/node_modules/vlt/chunk-VI7V6OCC.js:1037:23)
    at async PackageInfoClient.manifest (file:///opt/hostedtoolcache/node/24.21.0/arm64/lib/node_modules/vlt/chunk-VI7V6OCC.js:1117:28) {
  [cause]: {
    code: 'ERESOLVE',
    spec: Spec2 {
      type: 'registry',
      spec: '@typescript-eslint/parser@8.71.1',
      options: {
        catalog: undefined,
        catalogs: undefined,
        view: 'silent',
        registry: 'https://registry.vlt.io/vlt-benchmarks/npm/',
        'default-registry-alias': 'npm',
        registries: {
          gh: 'https://npm.pkg.github.com/',
          npm: 'https://registry.vlt.io/vlt-benchmarks/npm/'
        },
        cache: '/home/runner/.cache/vlt',
        'store-linker': 'auto',
        tag: 'latest',
        os: 'linux',
        arch: 'arm64',
        'node-version': 'v24.21.0',
        'fetch-retries': 3,
        'fetch-retry-factor': 2,
        'fetch-retry-mintimeout': 0,
        'fetch-retry-maxtimeout': 30000,
        'stale-while-revalidate-factor': 60,
        identity: '',
        bail: true,
        config: 'all',
        editor: 'vi',
        'fallback-command': 'help',
        loglevel: 'info',
        'save-prefix': '^',
        'brotli-tarballs': true,
        'git-tag-version': true,
        commit: true,
        telemetry: true,
        projectRoot: '/home/runner/work/benchmarks/benchmarks/fixtures/vue',
        storeRoot: '/home/runner/.cache/vlt/store/v1',
        packageJson: PackageJson {},
        monorepo: undefined,
        'jsr-registries': { jsr: 'https://npm.jsr.io/' },
        'scoped-registries': {},
        'git-hosts': {
          github: 'git+ssh://git@github.com:$1/$2.git',
          bitbucket: 'git+ssh://git@bitbucket.org:$1/$2.git',
          gitlab: 'git+ssh://git@gitlab.com:$1/$2.git',
          gist: 'git+ssh://git@gist.github.com/$1.git'
        },
        'git-host-archives': {
          github: 'https://api.github.com/repos/$1/$2/tarball/$committish',
          bitbucket: 'https://bitbucket.org/$1/$2/get/$committish.tar.gz',
          gist: 'https://codeload.github.com/gist/$1/tar.gz/$committish',
          gitlab: 'https://gitlab.com/$1/$2/repository/archive.tar.gz?ref=$committish'
        },
        frozenLockfile: undefined,
        expectLockfile: undefined,
        allowScripts: ':not(*)',
        saveExact: undefined,
        savePrefix: '^',
        mainManifest: {
          name: 'vue-project',
          version: '0.0.0',
          private: true,
          type: 'module',
          scripts: {
            dev: 'vite',
            build: 'run-p type-check "build-only {@}" --',
            preview: 'vite preview',
            'test:unit': 'vitest',
            'test:e2e': 'playwright test',
            'build-only': 'vite build',
            'type-check': 'vue-tsc --build',
            lint: 'eslint . --fix',
            format: 'prettier --write src/'
          },
          dependencies: { pinia: '^2.2.6', vue: '^3.5.13', 'vue-router': '^4.4.5' },
          devDependencies: {
            '@playwright/test': '^1.49.0',
            '@tsconfig/node22': '^22.0.0',
            '@types/jsdom': '^21.1.7',
            '@types/node': '^22.9.3',
            '@vitejs/plugin-vue': '^5.2.1',
            '@vitejs/plugin-vue-jsx': '^4.1.1',
            '@vitest/eslint-plugin': '1.1.10',
            '@vue/eslint-config-prettier': '^10.1.0',
            '@vue/eslint-config-typescript': '^14.1.3',
            '@vue/test-utils': '^2.4.6',
            '@vue/tsconfig': '^0.7.0',
            eslint: '^9.14.0',
            'eslint-plugin-playwright': '^2.1.0',
            'eslint-plugin-vue': '^9.30.0',
            jsdom: '^25.0.1',
            'npm-run-all2': '^7.0.1',
            prettier: '^3.3.3',
            typescript: '~5.6.3',
            vite: '^6.0.1',
            'vite-plugin-vue-devtools': '^7.6.5',
            vitest: '^2.1.5',
            'vue-tsc': '^2.1.10'
          },
          Symbol(newline): '\n',
          Symbol(indent): '  '
        },
        loadManifests: true,
        specCache: Map(0) {},
        lockfileData: undefined,
        Symbol(nodejs.util.inspect.custom): [Function: [nodejs.util.inspect.custom]]
      },
      name: '@typescript-eslint/parser',
      scope: '@typescript-eslint',
      scopeRegistry: undefined,
      bareSpec: '8.71.1',
      gitRemote: undefined,
      gitSelector: undefined,
      gitSelectorParsed: undefined,
      gitCommittish: undefined,
      namedGitHost: undefined,
      namedGitHostPath: undefined,
      workspaceSpec: undefined,
      workspace: undefined,
      namedRegistry: undefined,
      namedJsrRegistry: undefined,
      registry: 'https://registry.vlt.io/vlt-benchmarks/npm/',
      registrySpec: '8.71.1',
      conventionalRegistryTarball: 'https://registry.vlt.io/vlt-benchmarks/npm/@typescript-eslint/parser/-/parser-8.71.1.tgz',
      semver: '8.71.1',
      range: Range {
        raw: '8.71.1',
        isAny: false,
        isSingle: true,
        set: [
          Comparator {
            includePrerelease: false,
            raw: '8.71.1',
            tokens: [Array],
            tuples: [Array],
            isNone: false,
            isAny: false
          }
        ],
        includePrerelease: false
      },
      distTag: undefined,
      remoteURL: undefined,
      file: undefined,
      catalog: undefined,
      subspec: undefined,
      overridden: false
    },
    from: '/home/runner/work/benchmarks/benchmarks/fixtures/vue/node_modules/.vlt/~npm~typescript-eslint@8.71.1~peer.0/node_modules/typescript-eslint'
  }
}

Node.js v24.21.0
