npm http fetch GET 404 https://registry.vlt.io/vlt/npm/pinia 157ms (cache skip)
npm http fetch GET 404 https://registry.vlt.io/vlt/npm/vue 154ms (cache skip)
npm http fetch GET 404 https://registry.vlt.io/vlt/npm/vue-router 122ms (cache skip)
npm http fetch GET 404 https://registry.vlt.io/vlt/npm/@playwright%2ftest 121ms (cache skip)
npm http fetch GET 404 https://registry.vlt.io/vlt/npm/@tsconfig%2fnode22 102ms (cache skip)
npm http fetch GET 404 https://registry.vlt.io/vlt/npm/@types%2fjsdom 122ms (cache skip)
npm http fetch GET 404 https://registry.vlt.io/vlt/npm/@types%2fnode 64ms (cache skip)
npm http fetch GET 404 https://registry.vlt.io/vlt/npm/@vitejs%2fplugin-vue 105ms (cache skip)
npm http fetch GET 404 https://registry.vlt.io/vlt/npm/@vitejs%2fplugin-vue-jsx 123ms (cache skip)
npm http fetch GET 404 https://registry.vlt.io/vlt/npm/@vitest%2feslint-plugin 101ms (cache skip)
npm http fetch GET 404 https://registry.vlt.io/vlt/npm/@vue%2feslint-config-prettier 99ms (cache skip)
npm http fetch GET 404 https://registry.vlt.io/vlt/npm/@vue%2feslint-config-typescript 100ms (cache skip)
npm http fetch GET 404 https://registry.vlt.io/vlt/npm/@vue%2ftest-utils 142ms (cache skip)
npm http fetch GET 404 https://registry.vlt.io/vlt/npm/@vue%2ftsconfig 129ms (cache skip)
npm http fetch GET 404 https://registry.vlt.io/vlt/npm/eslint 81ms (cache skip)
npm http fetch GET 404 https://registry.vlt.io/vlt/npm/eslint-plugin-playwright 75ms (cache skip)
npm http fetch GET 404 https://registry.vlt.io/vlt/npm/eslint-plugin-vue 55ms (cache skip)
npm http fetch GET 404 https://registry.vlt.io/vlt/npm/jsdom 95ms (cache skip)
npm http fetch GET 404 https://registry.vlt.io/vlt/npm/npm-run-all2 51ms (cache skip)
npm http fetch GET 404 https://registry.vlt.io/vlt/npm/prettier 57ms (cache skip)
npm http fetch GET 404 https://registry.vlt.io/vlt/npm/typescript 63ms (cache skip)
npm http fetch GET 404 https://registry.vlt.io/vlt/npm/vite 97ms (cache skip)
npm http fetch GET 404 https://registry.vlt.io/vlt/npm/vite-plugin-vue-devtools 81ms (cache skip)
npm http fetch GET 404 https://registry.vlt.io/vlt/npm/vitest 71ms (cache skip)
npm http fetch GET 404 https://registry.vlt.io/vlt/npm/vue-tsc 53ms (cache skip)
npm error code E404
npm error 404 Not Found - GET https://registry.vlt.io/vlt/npm/@playwright%2ftest - Package not found
npm error 404
npm error 404  The requested resource '@playwright/test@^1.49.0' could not be found or you do not have permission to access it.
npm error 404
npm error 404 Note that you can also install from a
npm error 404 tarball, folder, http url, or git url.
npm error A complete log of this run can be found in: /home/runner/.npm/_logs/2026-05-08T07_25_40_434Z-debug-0.log
