Error:   × installing dependencies
  ├─▶ failed to import "/home/runner/.local/share/pnpm/store/v11/files/
  │   b4/660e31bfe28038c91f7b97073723e7ecde479d0d962afd23875d66173668275f02cdc
  │   45b91b835fc84104b7faf8e5139c8535f9d0486ef8cec3e9a36f1051d" to "/home/
  │   runner/work/benchmarks/benchmarks/fixtures/svelte/node_modules/.pnpm/
  │   @tsconfig+node10@1.0.12/node_modules/@tsconfig/node10/LICENSE": No such
  │   file or directory (os error 2)
  ├─▶ failed to import "/home/runner/.local/share/pnpm/store/v11/files/
  │   b4/660e31bfe28038c91f7b97073723e7ecde479d0d962afd23875d66173668275f02cdc
  │   45b91b835fc84104b7faf8e5139c8535f9d0486ef8cec3e9a36f1051d" to "/home/
  │   runner/work/benchmarks/benchmarks/fixtures/svelte/node_modules/.pnpm/
  │   @tsconfig+node10@1.0.12/node_modules/@tsconfig/node10/LICENSE": No such
  │   file or directory (os error 2)
  ├─▶ failed to import "/home/runner/.local/share/pnpm/store/v11/files/
  │   b4/660e31bfe28038c91f7b97073723e7ecde479d0d962afd23875d66173668275f02cdc
  │   45b91b835fc84104b7faf8e5139c8535f9d0486ef8cec3e9a36f1051d" to "/home/
  │   runner/work/benchmarks/benchmarks/fixtures/svelte/node_modules/.pnpm/
  │   @tsconfig+node10@1.0.12/node_modules/@tsconfig/node10/LICENSE": No such
  │   file or directory (os error 2)
  ├─▶ failed to import "/home/runner/.local/share/pnpm/store/v11/files/
  │   b4/660e31bfe28038c91f7b97073723e7ecde479d0d962afd23875d66173668275f02cdc
  │   45b91b835fc84104b7faf8e5139c8535f9d0486ef8cec3e9a36f1051d" to "/home/
  │   runner/work/benchmarks/benchmarks/fixtures/svelte/node_modules/.pnpm/
  │   @tsconfig+node10@1.0.12/node_modules/@tsconfig/node10/LICENSE": No such
  │   file or directory (os error 2)
  ├─▶ failed to import "/home/runner/.local/share/pnpm/store/v11/files/
  │   b4/660e31bfe28038c91f7b97073723e7ecde479d0d962afd23875d66173668275f02cdc
  │   45b91b835fc84104b7faf8e5139c8535f9d0486ef8cec3e9a36f1051d" to "/home/
  │   runner/work/benchmarks/benchmarks/fixtures/svelte/node_modules/.pnpm/
  │   @tsconfig+node10@1.0.12/node_modules/@tsconfig/node10/LICENSE": No such
  │   file or directory (os error 2)
  ╰─▶ No such file or directory (os error 2)

