Error:   × installing dependencies
  ├─▶ failed to import "/home/runner/.local/share/pnpm/store/v11/files/
  │   b1/98f30b65115000b04e79cfef048d50c7c42680dee254d56f8c81d9c94a617e4c6e501
  │   8c4f7f37d4e234b452a57ca1d5c95afc252c863f34f4df2e0f4040da4" to "/home/
  │   runner/work/benchmarks/benchmarks/fixtures/svelte/node_modules/.pnpm/
  │   babel-plugin-polyfill-corejs2@0.4.17/node_modules/babel-plugin-polyfill-
  │   corejs2/LICENSE": No such file or directory (os error 2)
  ├─▶ failed to import "/home/runner/.local/share/pnpm/store/v11/files/
  │   b1/98f30b65115000b04e79cfef048d50c7c42680dee254d56f8c81d9c94a617e4c6e501
  │   8c4f7f37d4e234b452a57ca1d5c95afc252c863f34f4df2e0f4040da4" to "/home/
  │   runner/work/benchmarks/benchmarks/fixtures/svelte/node_modules/.pnpm/
  │   babel-plugin-polyfill-corejs2@0.4.17/node_modules/babel-plugin-polyfill-
  │   corejs2/LICENSE": No such file or directory (os error 2)
  ├─▶ failed to import "/home/runner/.local/share/pnpm/store/v11/files/
  │   b1/98f30b65115000b04e79cfef048d50c7c42680dee254d56f8c81d9c94a617e4c6e501
  │   8c4f7f37d4e234b452a57ca1d5c95afc252c863f34f4df2e0f4040da4" to "/home/
  │   runner/work/benchmarks/benchmarks/fixtures/svelte/node_modules/.pnpm/
  │   babel-plugin-polyfill-corejs2@0.4.17/node_modules/babel-plugin-polyfill-
  │   corejs2/LICENSE": No such file or directory (os error 2)
  ├─▶ failed to import "/home/runner/.local/share/pnpm/store/v11/files/
  │   b1/98f30b65115000b04e79cfef048d50c7c42680dee254d56f8c81d9c94a617e4c6e501
  │   8c4f7f37d4e234b452a57ca1d5c95afc252c863f34f4df2e0f4040da4" to "/home/
  │   runner/work/benchmarks/benchmarks/fixtures/svelte/node_modules/.pnpm/
  │   babel-plugin-polyfill-corejs2@0.4.17/node_modules/babel-plugin-polyfill-
  │   corejs2/LICENSE": No such file or directory (os error 2)
  ├─▶ failed to import "/home/runner/.local/share/pnpm/store/v11/files/
  │   b1/98f30b65115000b04e79cfef048d50c7c42680dee254d56f8c81d9c94a617e4c6e501
  │   8c4f7f37d4e234b452a57ca1d5c95afc252c863f34f4df2e0f4040da4" to "/home/
  │   runner/work/benchmarks/benchmarks/fixtures/svelte/node_modules/.pnpm/
  │   babel-plugin-polyfill-corejs2@0.4.17/node_modules/babel-plugin-polyfill-
  │   corejs2/LICENSE": No such file or directory (os error 2)
  ╰─▶ No such file or directory (os error 2)

