> build
> next build
   ▲ Next.js 15.0.3

   Creating an optimized production build ...
 ✓ Compiled successfully
   Linting and checking validity of types ...
   Collecting page data ...
   Generating static pages (0/5) ...
   Generating static pages (1/5) 
   Generating static pages (2/5) 
   Generating static pages (3/5) 
 ✓ Generating static pages (5/5)
   Finalizing page optimization ...
   Collecting build traces ...

Route (app)                              Size     First Load JS
┌ ○ /                                    5.46 kB         105 kB
└ ○ /_not-found                          895 B           101 kB
+ First Load JS shared by all            99.9 kB
  ├ chunks/1c05f8d2-3d6b79b0e18a941a.js  52.5 kB
  ├ chunks/527-3d887638fd4408d6.js       45.6 kB
  └ other shared chunks (total)          1.88 kB


○  (Static)  prerendered as static content

