   [1m[38;2;173;127;168m▲ Next.js 15.0.3[39m[22m

 [37m[1m [22m[39m Creating an optimized production build ...
 [32m[1m✓[22m[39m Compiled successfully
 [37m[1m [22m[39m Linting and checking validity of types ...
 [37m[1m [22m[39m Collecting page data ...
 [37m[1m [22m[39m Generating static pages (0/5) ...
 [37m[1m [22m[39m Generating static pages (1/5) 
 [37m[1m [22m[39m Generating static pages (2/5) 
 [37m[1m [22m[39m Generating static pages (3/5) 
 [32m[1m✓[22m[39m Generating static pages (5/5)
 [37m[1m [22m[39m Finalizing page optimization ...
 [37m[1m [22m[39m Collecting build traces ...

[4mRoute (app)[24m                              [4mSize[24m     [4mFirst Load JS[24m
┌ ○ /                                    5.47 kB         [37m[1m105 kB[22m[39m
└ ○ /_not-found                          895 B           [37m[1m101 kB[22m[39m
+ First Load JS shared by all            [37m[1m99.9 kB[22m[39m
  ├ chunks/419-914c4538e68b50b7.js       45.5 kB
  ├ chunks/c9940026-2e173956351eb818.js  52.5 kB
  └ other shared chunks (total)          1.88 kB


○  (Static)  prerendered as static content

