yarn run v1.22.22
$ next build
   ▲ Next.js 15.0.3

   Creating an optimized production build ...
 ✓ Compiled successfully
   Linting and checking validity of types ...
   Collecting page data ...
   Generating static pages (0/5) ...
   Generating static pages (1/5) 
   Generating static pages (2/5) 
   Generating static pages (3/5) 
 ✓ Generating static pages (5/5)
   Finalizing page optimization ...
   Collecting build traces ...

Route (app)                              Size     First Load JS
┌ ○ /                                    5.46 kB         105 kB
└ ○ /_not-found                          896 B           101 kB
+ First Load JS shared by all            99.9 kB
  ├ chunks/4bd1b696-80bcaf75e1b4285e.js  52.5 kB
  ├ chunks/517-d083b552e04dead1.js       45.5 kB
  └ other shared chunks (total)          1.88 kB


○  (Static)  prerendered as static content

Done in 12.07s.
