/opt/hostedtoolcache/node/24.19.0/arm64/lib/node_modules/corepack/dist/lib/corepack.cjs:13170
    throw new Error(
          ^

Error: Error when performing the request to https://registry.npmjs.org/pnpm; for troubleshooting help, see https://github.com/nodejs/corepack#troubleshooting
    at fetch (/opt/hostedtoolcache/node/24.19.0/arm64/lib/node_modules/corepack/dist/lib/corepack.cjs:13170:11)
    at process.processTicksAndRejections (node:internal/process/task_queues:104:5)
    at async fetchAsJson (/opt/hostedtoolcache/node/24.19.0/arm64/lib/node_modules/corepack/dist/lib/corepack.cjs:13184:20)
    at async fetchAvailableTags (/opt/hostedtoolcache/node/24.19.0/arm64/lib/node_modules/corepack/dist/lib/corepack.cjs:13125:20)
    at async fetchAvailableTags2 (/opt/hostedtoolcache/node/24.19.0/arm64/lib/node_modules/corepack/dist/lib/corepack.cjs:13276:14)
    at async Engine.resolveDescriptor (/opt/hostedtoolcache/node/24.19.0/arm64/lib/node_modules/corepack/dist/lib/corepack.cjs:14134:20)
    at async Engine.executePackageManagerRequest (/opt/hostedtoolcache/node/24.19.0/arm64/lib/node_modules/corepack/dist/lib/corepack.cjs:14108:22)
    at async Object.runMain (/opt/hostedtoolcache/node/24.19.0/arm64/lib/node_modules/corepack/dist/lib/corepack.cjs:14838:7) {
  [cause]: [TypeError: fetch failed] {
    [cause]: ConnectTimeoutError: Connect Timeout Error (attempted addresses: 104.16.8.34:443, timeout: 10000ms)
        at onConnectTimeout (node:internal/deps/undici/undici:1991:23)
        at Immediate._onImmediate (node:internal/deps/undici/undici:1972:11)
        at process.processImmediate (node:internal/timers:534:21) {
      code: 'UND_ERR_CONNECT_TIMEOUT'
    }
  }
}

Node.js v24.19.0
