[zpm prepare]
cwd:
/home/runner/work/benchmarks/benchmarks/fixtures/astro
package.json:
-rw-r--r-- 1 runner runner 281 Jun 15 12:32 package.json
yarn path:
/home/runner/.yarn/switch/bin/yarn
yarn version:
4.17.0
canary version:
6.0.0-rc.18
packageManager (before):
"yarn@4.17.0"
set packageManager=yarn@6.0.0-rc.18:
packageManager (after):
"yarn@6.0.0-rc.18"
[zpm prepare]
cwd:
/home/runner/work/benchmarks/benchmarks/fixtures/astro
package.json:
-rw-r--r-- 1 runner runner 281 Jun 15 12:33 package.json
yarn path:
/home/runner/.yarn/switch/bin/yarn
yarn version:
4.17.0
canary version:
6.0.0-rc.18
packageManager (before):
"yarn@4.17.0"
set packageManager=yarn@6.0.0-rc.18:
packageManager (after):
"yarn@6.0.0-rc.18"
[zpm prepare]
cwd:
/home/runner/work/benchmarks/benchmarks/fixtures/astro
package.json:
-rw-r--r-- 1 runner runner 281 Jun 15 12:33 package.json
yarn path:
/home/runner/.yarn/switch/bin/yarn
yarn version:
4.17.0
canary version:
6.0.0-rc.18
packageManager (before):
"yarn@4.17.0"
set packageManager=yarn@6.0.0-rc.18:
packageManager (after):
"yarn@6.0.0-rc.18"
[zpm prepare]
cwd:
/home/runner/work/benchmarks/benchmarks/fixtures/astro
package.json:
-rw-r--r-- 1 runner runner 281 Jun 15 12:33 package.json
yarn path:
/home/runner/.yarn/switch/bin/yarn
yarn version:
4.17.0
canary version:
6.0.0-rc.18
packageManager (before):
"yarn@4.17.0"
set packageManager=yarn@6.0.0-rc.18:
packageManager (after):
"yarn@6.0.0-rc.18"
[zpm prepare]
cwd:
/home/runner/work/benchmarks/benchmarks/fixtures/astro
package.json:
-rw-r--r-- 1 runner runner 281 Jun 15 12:33 package.json
yarn path:
/home/runner/.yarn/switch/bin/yarn
yarn version:
4.17.0
canary version:
6.0.0-rc.18
packageManager (before):
"yarn@4.17.0"
set packageManager=yarn@6.0.0-rc.18:
packageManager (after):
"yarn@6.0.0-rc.18"
[zpm prepare]
cwd:
/home/runner/work/benchmarks/benchmarks/fixtures/astro
package.json:
-rw-r--r-- 1 runner runner 281 Jun 15 12:33 package.json
yarn path:
/home/runner/.yarn/switch/bin/yarn
yarn version:
4.17.0
canary version:
6.0.0-rc.18
packageManager (before):
"yarn@4.17.0"
set packageManager=yarn@6.0.0-rc.18:
packageManager (after):
"yarn@6.0.0-rc.18"
[zpm prepare]
cwd:
/home/runner/work/benchmarks/benchmarks/fixtures/astro
package.json:
-rw-r--r-- 1 runner runner 281 Jun 15 12:34 package.json
yarn path:
/home/runner/.yarn/switch/bin/yarn
yarn version:
4.17.0
canary version:
6.0.0-rc.18
packageManager (before):
"yarn@4.17.0"
set packageManager=yarn@6.0.0-rc.18:
packageManager (after):
"yarn@6.0.0-rc.18"
[zpm prepare]
cwd:
/home/runner/work/benchmarks/benchmarks/fixtures/astro
package.json:
-rw-r--r-- 1 runner runner 282 Jun 15 12:43 package.json
yarn path:
/home/runner/.yarn/switch/bin/yarn
yarn version:
4.17.0
canary version:
6.0.0-rc.18
packageManager (before):
"yarn@4.17.0"
set packageManager=yarn@6.0.0-rc.18:
packageManager (after):
"yarn@6.0.0-rc.18"
