 WARNING  --no-cache is deprecated and will be removed in a future major version. Use --cache=local:r,remote:r
 WARNING  No locally installed `turbo` found in your repository. Using globally installed version (2.10.2). Using a specified version in your repository will result in more predictable behavior.

   • Running build
   • Remote caching disabled

::group::build
cache bypass, force executing b2bed52c6192057e
[2m15:51:11[22m [34m[content][39m Syncing content
[2m15:51:11[22m [34m[content][39m Synced content
[2m15:51:11[22m [34m[types][39m Generated [2m38ms[22m
[2m15:51:11[22m [34m[build][39m output: [34m"static"[39m
[2m15:51:11[22m [34m[build][39m mode: [34m"static"[39m
[2m15:51:11[22m [34m[build][39m directory: [34m/home/runner/work/benchmarks/benchmarks/fixtures/astro/dist/[39m
[2m15:51:11[22m [34m[build][39m Collecting build info...
[2m15:51:11[22m [34m[build][39m [32m✓ Completed in 56ms.[39m
[2m15:51:11[22m [34m[build][39m Building static entrypoints...
[2m15:51:11[22m [34m[vite][39m [32m✓ built in 438ms[39m
[2m15:51:11[22m [34m[build][39m [32m✓ Completed in 464ms.[39m

[42m[30m generating static routes [39m[49m
[2m15:51:11[22m [32m▶[39m src/pages/index.astro
[2m15:51:11[22m   [34m└─[39m [2m/index.html[22m [2m(+5ms)[22m 
[2m15:51:11[22m [32m✓ Completed in 9ms.
[39m
[2m15:51:11[22m [34m[build][39m 1 page(s) built in [1m536ms[22m
[2m15:51:11[22m [34m[build][39m [1mComplete![22m
::endgroup::

 Tasks:    1 successful, 1 total
Cached:    0 cached, 1 total
  Time:    1.446s 

