yarn run v1.22.22
warning package.json: No license field
$ astro build
[2m18:18:06[22m [34m[content][39m Syncing content
[2m18:18:06[22m [34m[content][39m Synced content
[2m18:18:06[22m [34m[types][39m Generated [2m42ms[22m
[2m18:18:06[22m [34m[build][39m output: [34m"static"[39m
[2m18:18:06[22m [34m[build][39m mode: [34m"static"[39m
[2m18:18:06[22m [34m[build][39m directory: [34m/home/runner/work/benchmarks/benchmarks/fixtures/astro/dist/[39m
[2m18:18:06[22m [34m[build][39m Collecting build info...
[2m18:18:06[22m [34m[build][39m [32m✓ Completed in 51ms.[39m
[2m18:18:06[22m [34m[build][39m Building static entrypoints...
[2m18:18:07[22m [34m[vite][39m [32m✓ built in 451ms[39m
[2m18:18:07[22m [34m[build][39m [32m✓ Completed in 477ms.[39m

[42m[30m generating static routes [39m[49m
[2m18:18:07[22m [32m▶[39m src/pages/index.astro
[2m18:18:07[22m   [34m└─[39m [2m/index.html[22m [2m(+5ms)[22m 
[2m18:18:07[22m [32m✓ Completed in 9ms.
[39m
[2m18:18:07[22m [34m[build][39m 1 page(s) built in [1m543ms[22m
[2m18:18:07[22m [34m[build][39m [1mComplete![22m
Done in 1.33s.
