Progress: resolved 0, reused 1, downloaded 0, added 0
Packages: +109
++++++++++++++++++++++++++++++++++++++++++++++++++++++++++++++++++++++++++++++++
Packages: +109
++++++++++++++++++++++++++++++++++++++++++++++++++++++++++++++++++++++++++++++++
Packages are hard linked from the content-addressable store to the virtual store.
  Content-addressable store is at: /home/runner/.local/share/pnpm/store/v11
  Virtual store is at:             node_modules/.pnpm
Progress: resolved 109, reused 109, downloaded 0, added 109, done

devDependencies:
+ @fontsource/fira-mono 5.2.7
+ @neoconfetti/svelte 2.2.2
+ @sveltejs/adapter-auto 3.3.1
+ @sveltejs/kit 2.69.1
+ @sveltejs/vite-plugin-svelte 5.1.1
+ svelte 5.56.4
+ svelte-check 4.7.2
+ typescript 5.9.3
+ vite 6.4.3

Error: ERR_PNPM_IGNORED_BUILDS

  × installing dependencies
  ╰─▶ Ignored build scripts: esbuild@0.25.12
  help: Run "pnpm approve-builds" to pick which dependencies should be allowed
        to run scripts.

