npm warn using --force Recommended protections disabled.
npm http fetch GET 200 https://npm.cloudsmith.io/vlt/benchmarks/animate.less 221ms (cache miss)
npm http fetch GET 200 https://npm.cloudsmith.io/vlt/benchmarks/autoprefixer 33ms (cache miss)
npm http fetch GET 200 https://npm.cloudsmith.io/vlt/benchmarks/postcss 30ms (cache miss)
npm http fetch GET 200 https://npm.cloudsmith.io/vlt/benchmarks/babel-core 225ms (cache miss)
npm http fetch GET 200 https://npm.cloudsmith.io/vlt/benchmarks/babel-eslint 222ms (cache miss)
npm http fetch GET 200 https://npm.cloudsmith.io/vlt/benchmarks/eslint 539ms (cache miss)
npm http fetch GET 200 https://npm.cloudsmith.io/vlt/benchmarks/babel-loader 345ms (cache miss)
npm http fetch GET 200 https://npm.cloudsmith.io/vlt/benchmarks/@babel%2fcore 231ms (cache miss)
npm http fetch GET 200 https://npm.cloudsmith.io/vlt/benchmarks/webpack 298ms (cache miss)
npm http fetch GET 200 https://npm.cloudsmith.io/vlt/benchmarks/babel-plugin-lodash 215ms (cache miss)
npm http fetch GET 200 https://npm.cloudsmith.io/vlt/benchmarks/babel-plugin-module-resolver 215ms (cache miss)
npm http fetch GET 200 https://npm.cloudsmith.io/vlt/benchmarks/babel-plugin-transform-decorators-legacy 198ms (cache miss)
npm http fetch GET 200 https://npm.cloudsmith.io/vlt/benchmarks/babel-plugin-transform-runtime 206ms (cache miss)
npm http fetch GET 200 https://npm.cloudsmith.io/vlt/benchmarks/babel-polyfill 196ms (cache miss)
npm http fetch GET 200 https://npm.cloudsmith.io/vlt/benchmarks/babel-preset-es2015 195ms (cache miss)
npm http fetch GET 200 https://npm.cloudsmith.io/vlt/benchmarks/babel-preset-react 217ms (cache miss)
npm http fetch GET 200 https://npm.cloudsmith.io/vlt/benchmarks/babel-preset-react-hmre 205ms (cache miss)
npm http fetch GET 200 https://npm.cloudsmith.io/vlt/benchmarks/babel-preset-stage-1 206ms (cache miss)
npm http fetch GET 200 https://npm.cloudsmith.io/vlt/benchmarks/babel-runtime 539ms (cache miss)
npm http fetch GET 200 https://npm.cloudsmith.io/vlt/benchmarks/clean-webpack-plugin 198ms (cache miss)
npm http fetch GET 200 https://npm.cloudsmith.io/vlt/benchmarks/webpack 284ms (cache updated)
npm http fetch GET 200 https://npm.cloudsmith.io/vlt/benchmarks/core-decorators 211ms (cache miss)
npm http fetch GET 200 https://npm.cloudsmith.io/vlt/benchmarks/css-loader 216ms (cache miss)
npm http fetch GET 200 https://npm.cloudsmith.io/vlt/benchmarks/css-mqpacker 188ms (cache miss)
npm http fetch GET 200 https://npm.cloudsmith.io/vlt/benchmarks/cssnano 207ms (cache miss)
npm http fetch GET 200 https://npm.cloudsmith.io/vlt/benchmarks/postcss 18ms (cache updated)
npm http fetch GET 200 https://npm.cloudsmith.io/vlt/benchmarks/custom-event-polyfill 186ms (cache miss)
npm http fetch GET 200 https://npm.cloudsmith.io/vlt/benchmarks/draft-js 203ms (cache miss)
npm http fetch GET 200 https://npm.cloudsmith.io/vlt/benchmarks/react 359ms (cache miss)
npm http fetch GET 200 https://npm.cloudsmith.io/vlt/benchmarks/react-dom 373ms (cache miss)
npm http fetch GET 200 https://npm.cloudsmith.io/vlt/benchmarks/ejs 349ms (cache miss)
npm http fetch GET 200 https://npm.cloudsmith.io/vlt/benchmarks/eslint-config-airbnb 221ms (cache miss)
npm http fetch GET 200 https://npm.cloudsmith.io/vlt/benchmarks/eslint-plugin-import 224ms (cache miss)
npm http fetch GET 200 https://npm.cloudsmith.io/vlt/benchmarks/eslint-plugin-jsx-a11y 232ms (cache miss)
npm http fetch GET 200 https://npm.cloudsmith.io/vlt/benchmarks/eslint-plugin-react 227ms (cache miss)
npm http fetch GET 200 https://npm.cloudsmith.io/vlt/benchmarks/eslint-plugin-react-hooks 451ms (cache miss)
npm http fetch GET 200 https://npm.cloudsmith.io/vlt/benchmarks/eslint-import-resolver-webpack 208ms (cache miss)
npm http fetch GET 200 https://npm.cloudsmith.io/vlt/benchmarks/webpack 34ms (cache updated)
npm http fetch GET 200 https://npm.cloudsmith.io/vlt/benchmarks/express 200ms (cache miss)
npm http fetch GET 200 https://npm.cloudsmith.io/vlt/benchmarks/express-http-proxy 233ms (cache miss)
npm http fetch GET 200 https://npm.cloudsmith.io/vlt/benchmarks/font-awesome 196ms (cache miss)
npm http fetch GET 200 https://npm.cloudsmith.io/vlt/benchmarks/fready 217ms (cache miss)
npm http fetch GET 200 https://npm.cloudsmith.io/vlt/benchmarks/glob 219ms (cache miss)
npm http fetch GET 200 https://npm.cloudsmith.io/vlt/benchmarks/gulp 505ms (cache miss)
npm http fetch GET 200 https://npm.cloudsmith.io/vlt/benchmarks/gulp-concat 220ms (cache miss)
npm http fetch GET 200 https://npm.cloudsmith.io/vlt/benchmarks/gulp-csslint 810ms (cache miss)
npm http fetch GET 200 https://npm.cloudsmith.io/vlt/benchmarks/gulp-cssnano 210ms (cache miss)
npm http fetch GET 200 https://npm.cloudsmith.io/vlt/benchmarks/gulp-eol 194ms (cache miss)
npm http fetch GET 200 https://npm.cloudsmith.io/vlt/benchmarks/gulp-less 217ms (cache miss)
npm http fetch GET 200 https://npm.cloudsmith.io/vlt/benchmarks/gulp-livereload 202ms (cache miss)
npm http fetch GET 200 https://npm.cloudsmith.io/vlt/benchmarks/gulp-minify-css 212ms (cache miss)
npm http fetch GET 200 https://npm.cloudsmith.io/vlt/benchmarks/gulp-postcss 200ms (cache miss)
npm http fetch GET 200 https://npm.cloudsmith.io/vlt/benchmarks/postcss 226ms (cache updated)
npm http fetch GET 200 https://npm.cloudsmith.io/vlt/benchmarks/gulp-rename 207ms (cache miss)
npm http fetch GET 200 https://npm.cloudsmith.io/vlt/benchmarks/gulp-util 266ms (cache miss)
npm http fetch GET 200 https://npm.cloudsmith.io/vlt/benchmarks/happypack 201ms (cache miss)
npm http fetch GET 200 https://npm.cloudsmith.io/vlt/benchmarks/highcharts 190ms (cache miss)
npm http fetch GET 200 https://npm.cloudsmith.io/vlt/benchmarks/highcharts-solid-gauge 234ms (cache miss)
npm http fetch GET 200 https://npm.cloudsmith.io/vlt/benchmarks/history 189ms (cache miss)
npm http fetch GET 200 https://npm.cloudsmith.io/vlt/benchmarks/howler 350ms (cache miss)
npm http fetch GET 200 https://npm.cloudsmith.io/vlt/benchmarks/imports-loader 203ms (cache miss)
npm http fetch GET 200 https://npm.cloudsmith.io/vlt/benchmarks/webpack 32ms (cache updated)
npm http fetch GET 200 https://npm.cloudsmith.io/vlt/benchmarks/jquery 205ms (cache miss)
npm http fetch GET 200 https://npm.cloudsmith.io/vlt/benchmarks/jquery-ui 197ms (cache miss)
npm http fetch GET 200 https://npm.cloudsmith.io/vlt/benchmarks/js-cookie 229ms (cache miss)
npm http fetch GET 200 https://npm.cloudsmith.io/vlt/benchmarks/json-loader 196ms (cache miss)
npm http fetch GET 200 https://npm.cloudsmith.io/vlt/benchmarks/leftpad 215ms (cache miss)
npm http fetch GET 200 https://npm.cloudsmith.io/vlt/benchmarks/less 213ms (cache miss)
npm http fetch GET 200 https://npm.cloudsmith.io/vlt/benchmarks/lesshat 186ms (cache miss)
npm http fetch GET 200 https://npm.cloudsmith.io/vlt/benchmarks/lodash 212ms (cache miss)
npm http fetch GET 200 https://npm.cloudsmith.io/vlt/benchmarks/medium-draft 189ms (cache miss)
npm http fetch GET 200 https://npm.cloudsmith.io/vlt/benchmarks/draft-convert 191ms (cache miss)
npm http fetch GET 200 https://npm.cloudsmith.io/vlt/benchmarks/prop-types 232ms (cache miss)
npm http fetch GET 200 https://npm.cloudsmith.io/vlt/benchmarks/react 70ms (cache updated)
npm http fetch GET 200 https://npm.cloudsmith.io/vlt/benchmarks/react-dom 116ms (cache updated)
npm http fetch GET 200 https://npm.cloudsmith.io/vlt/benchmarks/mobx 228ms (cache miss)
npm http fetch GET 200 https://npm.cloudsmith.io/vlt/benchmarks/mobx-react 222ms (cache miss)
npm http fetch GET 200 https://npm.cloudsmith.io/vlt/benchmarks/moment 218ms (cache miss)
npm http fetch GET 200 https://npm.cloudsmith.io/vlt/benchmarks/moment-range 200ms (cache miss)
npm http fetch GET 200 https://npm.cloudsmith.io/vlt/benchmarks/moment-timezone 239ms (cache miss)
npm http fetch GET 200 https://npm.cloudsmith.io/vlt/benchmarks/password-policy 184ms (cache miss)
npm http fetch GET 200 https://npm.cloudsmith.io/vlt/benchmarks/postcss-reporter 204ms (cache miss)
npm http fetch GET 200 https://npm.cloudsmith.io/vlt/benchmarks/progress 213ms (cache miss)
npm http fetch GET 200 https://npm.cloudsmith.io/vlt/benchmarks/qs 219ms (cache miss)
npm http fetch GET 200 https://npm.cloudsmith.io/vlt/benchmarks/raw-loader 204ms (cache miss)
npm http fetch GET 200 https://npm.cloudsmith.io/vlt/benchmarks/webpack 30ms (cache updated)
npm http fetch GET 200 https://npm.cloudsmith.io/vlt/benchmarks/rc-slider 207ms (cache miss)
npm http fetch GET 200 https://npm.cloudsmith.io/vlt/benchmarks/react-addons-css-transition-group 210ms (cache miss)
npm http fetch GET 200 https://npm.cloudsmith.io/vlt/benchmarks/react 56ms (cache updated)
npm http fetch GET 200 https://npm.cloudsmith.io/vlt/benchmarks/react-addons-shallow-compare 215ms (cache miss)
npm http fetch GET 200 https://npm.cloudsmith.io/vlt/benchmarks/react-dnd 246ms (cache miss)
npm http fetch GET 200 https://npm.cloudsmith.io/vlt/benchmarks/react-dnd-html5-backend 209ms (cache miss)
npm http fetch GET 200 https://npm.cloudsmith.io/vlt/benchmarks/react-draft-wysiwyg 221ms (cache miss)
npm http fetch GET 200 https://npm.cloudsmith.io/vlt/benchmarks/immutable 213ms (cache miss)
npm http fetch GET 200 https://npm.cloudsmith.io/vlt/benchmarks/react-dropzone 191ms (cache miss)
npm http fetch GET 200 https://npm.cloudsmith.io/vlt/benchmarks/react-grid-layout 206ms (cache miss)
npm http fetch GET 200 https://npm.cloudsmith.io/vlt/benchmarks/react-highcharts 224ms (cache miss)
npm http fetch GET 200 https://npm.cloudsmith.io/vlt/benchmarks/react 46ms (cache updated)
npm http fetch GET 200 https://npm.cloudsmith.io/vlt/benchmarks/react-dom 72ms (cache updated)
npm http fetch GET 200 https://npm.cloudsmith.io/vlt/benchmarks/react-hot-loader 237ms (cache miss)
npm http fetch GET 200 https://npm.cloudsmith.io/vlt/benchmarks/react 57ms (cache updated)
npm http fetch GET 200 https://npm.cloudsmith.io/vlt/benchmarks/react-dom 74ms (cache updated)
npm http fetch GET 200 https://npm.cloudsmith.io/vlt/benchmarks/react-input-calendar 853ms (cache miss)
npm http fetch GET 200 https://npm.cloudsmith.io/vlt/benchmarks/moment-range 24ms (cache updated)
npm http fetch GET 200 https://npm.cloudsmith.io/vlt/benchmarks/prop-types 24ms (cache updated)
npm http fetch GET 200 https://npm.cloudsmith.io/vlt/benchmarks/react 53ms (cache updated)
npm http fetch GET 200 https://npm.cloudsmith.io/vlt/benchmarks/react-lazyload 227ms (cache miss)
npm http fetch GET 200 https://npm.cloudsmith.io/vlt/benchmarks/react-measure 219ms (cache miss)
npm http fetch GET 200 https://npm.cloudsmith.io/vlt/benchmarks/react-mixin 185ms (cache miss)
npm http fetch GET 200 https://npm.cloudsmith.io/vlt/benchmarks/react-responsive 243ms (cache miss)
npm http fetch GET 200 https://npm.cloudsmith.io/vlt/benchmarks/react-responsive-tabs 449ms (cache miss)
npm http fetch GET 200 https://npm.cloudsmith.io/vlt/benchmarks/react 46ms (cache updated)
npm http fetch GET 200 https://npm.cloudsmith.io/vlt/benchmarks/react-dom 75ms (cache updated)
npm http fetch GET 200 https://npm.cloudsmith.io/vlt/benchmarks/react-router 1418ms (cache miss)
npm http fetch GET 200 https://npm.cloudsmith.io/vlt/benchmarks/react-router-dom 2273ms (cache miss)
npm http fetch GET 200 https://npm.cloudsmith.io/vlt/benchmarks/react-select-plus 315ms (cache miss)
npm http fetch GET 200 https://npm.cloudsmith.io/vlt/benchmarks/react 56ms (cache updated)
npm http fetch GET 200 https://npm.cloudsmith.io/vlt/benchmarks/react-dom 90ms (cache updated)
npm http fetch GET 200 https://npm.cloudsmith.io/vlt/benchmarks/react-skylight 202ms (cache miss)
npm http fetch GET 200 https://npm.cloudsmith.io/vlt/benchmarks/react 44ms (cache updated)
npm http fetch GET 200 https://npm.cloudsmith.io/vlt/benchmarks/react-sortablejs 213ms (cache miss)
npm http fetch GET 200 https://npm.cloudsmith.io/vlt/benchmarks/@types%2fsortablejs 238ms (cache miss)
npm http fetch GET 200 https://npm.cloudsmith.io/vlt/benchmarks/sortablejs 684ms (cache miss)
npm http fetch GET 200 https://npm.cloudsmith.io/vlt/benchmarks/react-tappable 284ms (cache miss)
npm http fetch GET 200 https://npm.cloudsmith.io/vlt/benchmarks/create-react-class 245ms (cache miss)
npm http fetch GET 200 https://npm.cloudsmith.io/vlt/benchmarks/prop-types 14ms (cache updated)
npm http fetch GET 200 https://npm.cloudsmith.io/vlt/benchmarks/react 58ms (cache updated)
npm http fetch GET 200 https://npm.cloudsmith.io/vlt/benchmarks/react-dom 73ms (cache updated)
npm http fetch GET 200 https://npm.cloudsmith.io/vlt/benchmarks/react-tooltip 227ms (cache miss)
npm http fetch GET 200 https://npm.cloudsmith.io/vlt/benchmarks/react-virtualized 217ms (cache miss)
npm http fetch GET 200 https://npm.cloudsmith.io/vlt/benchmarks/react-waypoint 202ms (cache miss)
npm http fetch GET 200 https://npm.cloudsmith.io/vlt/benchmarks/style-loader 273ms (cache miss)
npm http fetch GET 200 https://npm.cloudsmith.io/vlt/benchmarks/stylelint 232ms (cache miss)
npm http fetch GET 200 https://npm.cloudsmith.io/vlt/benchmarks/superagent 242ms (cache miss)
npm http fetch GET 200 https://npm.cloudsmith.io/vlt/benchmarks/uglify-js 204ms (cache miss)
npm http fetch GET 200 https://npm.cloudsmith.io/vlt/benchmarks/uuid 232ms (cache miss)
npm http fetch GET 200 https://npm.cloudsmith.io/vlt/benchmarks/verge 205ms (cache miss)
npm http fetch GET 200 https://npm.cloudsmith.io/vlt/benchmarks/webpack-bundle-analyzer 198ms (cache miss)
npm http fetch GET 200 https://npm.cloudsmith.io/vlt/benchmarks/webpack-hot-middleware 241ms (cache miss)
npm http fetch GET 200 https://npm.cloudsmith.io/vlt/benchmarks/webpack-notifier 229ms (cache miss)
npm http fetch GET 200 https://npm.cloudsmith.io/vlt/benchmarks/webpack-split-by-path 208ms (cache miss)
npm http fetch GET 200 https://npm.cloudsmith.io/vlt/benchmarks/whatwg-fetch 186ms (cache miss)
npm http fetch GET 200 https://npm.cloudsmith.io/vlt/benchmarks/nan-as 1266ms (cache miss)
npm http fetch GET 200 https://npm.cloudsmith.io/vlt/benchmarks/caniuse-lite 251ms (cache miss)
npm http fetch GET 200 https://npm.cloudsmith.io/vlt/benchmarks/browserslist 364ms (cache miss)
npm http fetch GET 200 https://npm.cloudsmith.io/vlt/benchmarks/fraction.js 407ms (cache miss)
npm http fetch GET 200 https://npm.cloudsmith.io/vlt/benchmarks/picocolors 220ms (cache miss)
npm http fetch GET 200 https://npm.cloudsmith.io/vlt/benchmarks/postcss-value-parser 200ms (cache miss)
npm http fetch GET 200 https://npm.cloudsmith.io/vlt/benchmarks/nanoid 221ms (cache miss)
npm http fetch GET 200 https://npm.cloudsmith.io/vlt/benchmarks/source-map-js 215ms (cache miss)
npm http fetch GET 200 https://npm.cloudsmith.io/vlt/benchmarks/babel-code-frame 203ms (cache miss)
npm http fetch GET 200 https://npm.cloudsmith.io/vlt/benchmarks/babel-helpers 209ms (cache miss)
npm http fetch GET 200 https://npm.cloudsmith.io/vlt/benchmarks/babel-messages 209ms (cache miss)
npm http fetch GET 200 https://npm.cloudsmith.io/vlt/benchmarks/babel-generator 409ms (cache miss)
npm http fetch GET 200 https://npm.cloudsmith.io/vlt/benchmarks/babel-register 193ms (cache miss)
npm http fetch GET 200 https://npm.cloudsmith.io/vlt/benchmarks/babel-traverse 239ms (cache miss)
npm http fetch GET 200 https://npm.cloudsmith.io/vlt/benchmarks/babylon 278ms (cache miss)
npm http fetch GET 200 https://npm.cloudsmith.io/vlt/benchmarks/babel-template 584ms (cache miss)
npm http fetch GET 200 https://npm.cloudsmith.io/vlt/benchmarks/debug 208ms (cache miss)
npm http fetch GET 200 https://npm.cloudsmith.io/vlt/benchmarks/convert-source-map 222ms (cache miss)
npm http fetch GET 200 https://npm.cloudsmith.io/vlt/benchmarks/lodash 23ms (cache updated)
npm http fetch GET 200 https://npm.cloudsmith.io/vlt/benchmarks/babel-types 1048ms (cache miss)
npm http fetch GET 200 https://npm.cloudsmith.io/vlt/benchmarks/path-is-absolute 239ms (cache miss)
npm http fetch GET 200 https://npm.cloudsmith.io/vlt/benchmarks/private 230ms (cache miss)
npm http fetch GET 200 https://npm.cloudsmith.io/vlt/benchmarks/slash 221ms (cache miss)
npm http fetch GET 200 https://npm.cloudsmith.io/vlt/benchmarks/source-map 205ms (cache miss)
npm http fetch GET 200 https://npm.cloudsmith.io/vlt/benchmarks/@babel%2fcode-frame 313ms (cache miss)
npm http fetch GET 200 https://npm.cloudsmith.io/vlt/benchmarks/@babel%2fparser 204ms (cache miss)
npm http fetch GET 200 https://npm.cloudsmith.io/vlt/benchmarks/minimatch 1919ms (cache miss)
npm http fetch GET 200 https://npm.cloudsmith.io/vlt/benchmarks/@babel%2ftraverse 219ms (cache miss)
npm http fetch GET 200 https://npm.cloudsmith.io/vlt/benchmarks/@babel%2ftypes 219ms (cache miss)
npm http fetch GET 200 https://npm.cloudsmith.io/vlt/benchmarks/eslint-visitor-keys 210ms (cache miss)
npm http fetch GET 200 https://npm.cloudsmith.io/vlt/benchmarks/resolve 211ms (cache miss)
npm http fetch GET 200 https://npm.cloudsmith.io/vlt/benchmarks/@eslint-community%2feslint-utils 234ms (cache miss)
npm http fetch GET 200 https://npm.cloudsmith.io/vlt/benchmarks/@eslint-community%2fregexpp 201ms (cache miss)
npm http fetch GET 200 https://npm.cloudsmith.io/vlt/benchmarks/@eslint%2feslintrc 220ms (cache miss)
npm http fetch GET 200 https://npm.cloudsmith.io/vlt/benchmarks/@eslint%2fjs 218ms (cache miss)
npm http fetch GET 200 https://npm.cloudsmith.io/vlt/benchmarks/@humanwhocodes%2fconfig-array 199ms (cache miss)
npm http fetch GET 200 https://npm.cloudsmith.io/vlt/benchmarks/json5 2991ms (cache miss)
npm http fetch GET 200 https://npm.cloudsmith.io/vlt/benchmarks/@humanwhocodes%2fmodule-importer 206ms (cache miss)
npm http fetch GET 200 https://npm.cloudsmith.io/vlt/benchmarks/@nodelib%2ffs.walk 222ms (cache miss)
npm http fetch GET 200 https://npm.cloudsmith.io/vlt/benchmarks/@ungap%2fstructured-clone 227ms (cache miss)
npm http fetch GET 200 https://npm.cloudsmith.io/vlt/benchmarks/ajv 235ms (cache miss)
npm http fetch GET 200 https://npm.cloudsmith.io/vlt/benchmarks/debug 24ms (cache updated)
npm http fetch GET 200 https://npm.cloudsmith.io/vlt/benchmarks/chalk 257ms (cache miss)
npm http fetch GET 200 https://npm.cloudsmith.io/vlt/benchmarks/doctrine 214ms (cache miss)
npm http fetch GET 200 https://npm.cloudsmith.io/vlt/benchmarks/escape-string-regexp 211ms (cache miss)
npm http fetch GET 200 https://npm.cloudsmith.io/vlt/benchmarks/eslint-visitor-keys 24ms (cache updated)
npm http fetch GET 200 https://npm.cloudsmith.io/vlt/benchmarks/eslint-scope 187ms (cache miss)
npm http fetch GET 200 https://npm.cloudsmith.io/vlt/benchmarks/espree 216ms (cache miss)
npm http fetch GET 200 https://npm.cloudsmith.io/vlt/benchmarks/esquery 196ms (cache miss)
npm http fetch GET 200 https://npm.cloudsmith.io/vlt/benchmarks/esutils 218ms (cache miss)
npm http fetch GET 200 https://npm.cloudsmith.io/vlt/benchmarks/file-entry-cache 205ms (cache miss)
npm http fetch GET 200 https://npm.cloudsmith.io/vlt/benchmarks/find-up 214ms (cache miss)
npm http fetch GET 200 https://npm.cloudsmith.io/vlt/benchmarks/glob-parent 292ms (cache miss)
npm http fetch GET 200 https://npm.cloudsmith.io/vlt/benchmarks/globals 199ms (cache miss)
npm http fetch GET 200 https://npm.cloudsmith.io/vlt/benchmarks/graphemer 306ms (cache miss)
npm http fetch GET 200 https://npm.cloudsmith.io/vlt/benchmarks/ignore 429ms (cache miss)
npm http fetch GET 200 https://npm.cloudsmith.io/vlt/benchmarks/cross-spawn 2621ms (cache miss)
npm http fetch GET 200 https://npm.cloudsmith.io/vlt/benchmarks/imurmurhash 237ms (cache miss)
npm http fetch GET 200 https://npm.cloudsmith.io/vlt/benchmarks/is-glob 214ms (cache miss)
npm http fetch GET 200 https://npm.cloudsmith.io/vlt/benchmarks/is-path-inside 214ms (cache miss)
npm http fetch GET 200 https://npm.cloudsmith.io/vlt/benchmarks/js-yaml 189ms (cache miss)
npm http fetch GET 200 https://npm.cloudsmith.io/vlt/benchmarks/levn 210ms (cache miss)
npm http fetch GET 200 https://npm.cloudsmith.io/vlt/benchmarks/lodash.merge 225ms (cache miss)
npm http fetch GET 200 https://npm.cloudsmith.io/vlt/benchmarks/minimatch 14ms (cache updated)
npm http fetch GET 200 https://npm.cloudsmith.io/vlt/benchmarks/natural-compare 293ms (cache miss)
npm http fetch GET 200 https://npm.cloudsmith.io/vlt/benchmarks/json-stable-stringify-without-jsonify 1599ms (cache miss)
npm http fetch GET 200 https://npm.cloudsmith.io/vlt/benchmarks/strip-ansi 217ms (cache miss)
npm http fetch GET 200 https://npm.cloudsmith.io/vlt/benchmarks/text-table 212ms (cache miss)
npm http fetch GET 200 https://npm.cloudsmith.io/vlt/benchmarks/find-cache-dir 180ms (cache miss)
npm http fetch GET 200 https://npm.cloudsmith.io/vlt/benchmarks/fast-deep-equal 6850ms (cache miss)
npm http fetch GET 200 https://npm.cloudsmith.io/vlt/benchmarks/@types%2festree 213ms (cache miss)
npm http fetch GET 200 https://npm.cloudsmith.io/vlt/benchmarks/@types%2fjson-schema 208ms (cache miss)
npm http fetch GET 200 https://npm.cloudsmith.io/vlt/benchmarks/@webassemblyjs%2fast 210ms (cache miss)
npm http fetch GET 200 https://npm.cloudsmith.io/vlt/benchmarks/@webassemblyjs%2fwasm-edit 221ms (cache miss)
npm http fetch GET 200 https://npm.cloudsmith.io/vlt/benchmarks/@webassemblyjs%2fwasm-parser 220ms (cache miss)
npm http fetch GET 200 https://npm.cloudsmith.io/vlt/benchmarks/browserslist 14ms (cache updated)
npm http fetch GET 200 https://npm.cloudsmith.io/vlt/benchmarks/schema-utils 3480ms (cache miss)
npm http fetch GET 200 https://npm.cloudsmith.io/vlt/benchmarks/chrome-trace-event 225ms (cache miss)
npm http fetch GET 200 https://npm.cloudsmith.io/vlt/benchmarks/enhanced-resolve 217ms (cache miss)
npm http fetch GET 200 https://npm.cloudsmith.io/vlt/benchmarks/optionator 5137ms (cache miss)
npm http fetch GET 200 https://npm.cloudsmith.io/vlt/benchmarks/events 185ms (cache miss)
npm http fetch GET 200 https://npm.cloudsmith.io/vlt/benchmarks/es-module-lexer 201ms (cache miss)
npm http fetch GET 200 https://npm.cloudsmith.io/vlt/benchmarks/graceful-fs 214ms (cache miss)
npm http fetch GET 200 https://npm.cloudsmith.io/vlt/benchmarks/schema-utils 13ms (cache updated)
npm http fetch GET 200 https://npm.cloudsmith.io/vlt/benchmarks/minimizer-webpack-plugin 194ms (cache miss)
npm http fetch GET 200 https://npm.cloudsmith.io/vlt/benchmarks/tapable 226ms (cache miss)
npm http fetch GET 200 https://npm.cloudsmith.io/vlt/benchmarks/mime-db 344ms (cache miss)
npm http fetch GET 200 https://npm.cloudsmith.io/vlt/benchmarks/watchpack 183ms (cache miss)
npm http fetch GET 200 https://npm.cloudsmith.io/vlt/benchmarks/webpack-sources 196ms (cache miss)
npm http fetch GET 200 https://npm.cloudsmith.io/vlt/benchmarks/@babel%2fgenerator 204ms (cache miss)
npm http fetch GET 200 https://npm.cloudsmith.io/vlt/benchmarks/@babel%2fcode-frame 327ms (cache updated)
npm http fetch GET 200 https://npm.cloudsmith.io/vlt/benchmarks/@babel%2fhelper-compilation-targets 206ms (cache miss)
npm http fetch GET 200 https://npm.cloudsmith.io/vlt/benchmarks/@babel%2fparser 14ms (cache updated)
npm http fetch GET 200 https://npm.cloudsmith.io/vlt/benchmarks/@babel%2fhelper-module-transforms 209ms (cache miss)
npm http fetch GET 200 https://npm.cloudsmith.io/vlt/benchmarks/@babel%2ftraverse 14ms (cache updated)
npm http fetch GET 200 https://npm.cloudsmith.io/vlt/benchmarks/@babel%2ftypes 24ms (cache updated)
npm http fetch GET 200 https://npm.cloudsmith.io/vlt/benchmarks/@babel%2fhelpers 321ms (cache miss)
npm http fetch GET 200 https://npm.cloudsmith.io/vlt/benchmarks/convert-source-map 12ms (cache updated)
npm http fetch GET 200 https://npm.cloudsmith.io/vlt/benchmarks/debug 12ms (cache updated)
npm http fetch GET 200 https://npm.cloudsmith.io/vlt/benchmarks/@jridgewell%2fremapping 217ms (cache miss)
npm http fetch GET 200 https://npm.cloudsmith.io/vlt/benchmarks/json5 11ms (cache updated)
npm http fetch GET 200 https://npm.cloudsmith.io/vlt/benchmarks/@babel%2ftemplate 355ms (cache miss)
npm http fetch GET 200 https://npm.cloudsmith.io/vlt/benchmarks/gensync 182ms (cache miss)
npm http fetch GET 200 https://npm.cloudsmith.io/vlt/benchmarks/@babel%2ftypes 25ms (cache updated)
npm http fetch GET 200 https://npm.cloudsmith.io/vlt/benchmarks/glob 204ms (cache updated)
npm http fetch GET 200 https://npm.cloudsmith.io/vlt/benchmarks/lodash 238ms (cache updated)
npm http fetch GET 200 https://npm.cloudsmith.io/vlt/benchmarks/require-package-name 250ms (cache miss)
npm http fetch GET 200 https://npm.cloudsmith.io/vlt/benchmarks/find-babel-config 244ms (cache miss)
npm http fetch GET 200 https://npm.cloudsmith.io/vlt/benchmarks/glob 44ms (cache updated)
npm http fetch GET 200 https://npm.cloudsmith.io/vlt/benchmarks/pkg-up 917ms (cache miss)
npm http fetch GET 200 https://npm.cloudsmith.io/vlt/benchmarks/reselect 215ms (cache miss)
npm http fetch GET 200 https://npm.cloudsmith.io/vlt/benchmarks/resolve 13ms (cache updated)
npm http fetch GET 200 https://npm.cloudsmith.io/vlt/benchmarks/babel-plugin-syntax-decorators 216ms (cache miss)
npm http fetch GET 200 https://npm.cloudsmith.io/vlt/benchmarks/babel-runtime 1140ms (cache updated)
npm http fetch GET 200 https://npm.cloudsmith.io/vlt/benchmarks/babel-template 11ms (cache updated)
npm http fetch GET 200 https://npm.cloudsmith.io/vlt/benchmarks/babel-runtime 25ms (cache updated)
npm http fetch GET 200 https://npm.cloudsmith.io/vlt/benchmarks/core-js 590ms (cache miss)
npm http fetch GET 200 https://npm.cloudsmith.io/vlt/benchmarks/regenerator-runtime 5585ms (cache miss)
npm http fetch GET 200 https://npm.cloudsmith.io/vlt/benchmarks/babel-plugin-check-es2015-constants 218ms (cache miss)
npm http fetch GET 200 https://npm.cloudsmith.io/vlt/benchmarks/babel-plugin-transform-es2015-arrow-functions 216ms (cache miss)
npm http fetch GET 200 https://npm.cloudsmith.io/vlt/benchmarks/babel-plugin-transform-es2015-block-scoped-functions 204ms (cache miss)
npm http fetch GET 200 https://npm.cloudsmith.io/vlt/benchmarks/babel-plugin-transform-es2015-block-scoping 251ms (cache miss)
npm http fetch GET 200 https://npm.cloudsmith.io/vlt/benchmarks/babel-plugin-transform-es2015-classes 289ms (cache miss)
npm http fetch GET 200 https://npm.cloudsmith.io/vlt/benchmarks/babel-plugin-transform-es2015-computed-properties 227ms (cache miss)
npm http fetch GET 200 https://npm.cloudsmith.io/vlt/benchmarks/babel-plugin-transform-es2015-destructuring 210ms (cache miss)
npm http fetch GET 200 https://npm.cloudsmith.io/vlt/benchmarks/babel-plugin-transform-es2015-duplicate-keys 206ms (cache miss)
npm http fetch GET 200 https://npm.cloudsmith.io/vlt/benchmarks/babel-plugin-transform-es2015-for-of 228ms (cache miss)
npm http fetch GET 200 https://npm.cloudsmith.io/vlt/benchmarks/babel-plugin-transform-es2015-function-name 858ms (cache miss)
npm http fetch GET 200 https://npm.cloudsmith.io/vlt/benchmarks/babel-plugin-transform-es2015-literals 188ms (cache miss)
npm http fetch GET 200 https://npm.cloudsmith.io/vlt/benchmarks/babel-plugin-transform-es2015-modules-amd 352ms (cache miss)
npm http fetch GET 200 https://npm.cloudsmith.io/vlt/benchmarks/babel-plugin-transform-es2015-modules-commonjs 249ms (cache miss)
npm http fetch GET 200 https://npm.cloudsmith.io/vlt/benchmarks/babel-plugin-transform-es2015-modules-systemjs 208ms (cache miss)
npm http fetch GET 200 https://npm.cloudsmith.io/vlt/benchmarks/semver 13858ms (cache miss)
npm http fetch GET 200 https://npm.cloudsmith.io/vlt/benchmarks/@babel%2fhelper-module-imports 13857ms (cache miss)
npm http fetch GET 200 https://npm.cloudsmith.io/vlt/benchmarks/babel-plugin-transform-es2015-modules-umd 221ms (cache miss)
npm http fetch GET 200 https://npm.cloudsmith.io/vlt/benchmarks/babel-plugin-transform-es2015-shorthand-properties 199ms (cache miss)
npm http fetch GET 200 https://npm.cloudsmith.io/vlt/benchmarks/babel-plugin-transform-es2015-spread 186ms (cache miss)
npm http fetch GET 200 https://npm.cloudsmith.io/vlt/benchmarks/babel-plugin-transform-es2015-sticky-regex 193ms (cache miss)
npm http fetch GET 200 https://npm.cloudsmith.io/vlt/benchmarks/babel-plugin-transform-es2015-template-literals 1365ms (cache miss)
npm http fetch GET 200 https://npm.cloudsmith.io/vlt/benchmarks/babel-plugin-transform-es2015-typeof-symbol 2273ms (cache miss)
npm http fetch GET 200 https://npm.cloudsmith.io/vlt/benchmarks/babel-plugin-transform-es2015-unicode-regex 441ms (cache miss)
npm http fetch GET 200 https://npm.cloudsmith.io/vlt/benchmarks/babel-plugin-transform-regenerator 231ms (cache miss)
npm http fetch GET 200 https://npm.cloudsmith.io/vlt/benchmarks/babel-preset-flow 203ms (cache miss)
npm http fetch GET 200 https://npm.cloudsmith.io/vlt/benchmarks/babel-plugin-syntax-jsx 196ms (cache miss)
npm http fetch GET 200 https://npm.cloudsmith.io/vlt/benchmarks/babel-plugin-transform-es2015-parameters 6525ms (cache miss)
npm http fetch GET 200 https://npm.cloudsmith.io/vlt/benchmarks/babel-plugin-transform-react-jsx 203ms (cache miss)
npm http fetch GET 200 https://npm.cloudsmith.io/vlt/benchmarks/babel-plugin-transform-react-jsx-source 370ms (cache miss)
npm http fetch GET 200 https://npm.cloudsmith.io/vlt/benchmarks/babel-plugin-transform-react-display-name 1794ms (cache miss)
npm http fetch GET 200 https://npm.cloudsmith.io/vlt/benchmarks/babel-plugin-react-transform 220ms (cache miss)
npm http fetch GET 200 https://npm.cloudsmith.io/vlt/benchmarks/react-transform-catch-errors 197ms (cache miss)
npm http fetch GET 200 https://npm.cloudsmith.io/vlt/benchmarks/react-transform-hmr 232ms (cache miss)
npm http fetch GET 200 https://npm.cloudsmith.io/vlt/benchmarks/redbox-react 276ms (cache miss)
npm http fetch GET 200 https://npm.cloudsmith.io/vlt/benchmarks/babel-plugin-transform-class-constructor-call 208ms (cache miss)
npm http fetch GET 200 https://npm.cloudsmith.io/vlt/benchmarks/babel-plugin-transform-export-extensions 241ms (cache miss)
npm http fetch GET 200 https://npm.cloudsmith.io/vlt/benchmarks/babel-plugin-transform-react-jsx-self 2182ms (cache miss)
npm http fetch GET 200 https://npm.cloudsmith.io/vlt/benchmarks/core-js 16ms (cache updated)
npm http fetch GET 200 https://npm.cloudsmith.io/vlt/benchmarks/regenerator-runtime 22ms (cache updated)
npm http fetch GET 200 https://npm.cloudsmith.io/vlt/benchmarks/del 212ms (cache miss)
npm http fetch GET 200 https://npm.cloudsmith.io/vlt/benchmarks/icss-utils 351ms (cache miss)
npm http fetch GET 200 https://npm.cloudsmith.io/vlt/benchmarks/postcss-modules-extract-imports 218ms (cache miss)
npm http fetch GET 200 https://npm.cloudsmith.io/vlt/benchmarks/postcss-modules-local-by-default 211ms (cache miss)
npm http fetch GET 200 https://npm.cloudsmith.io/vlt/benchmarks/postcss-modules-scope 200ms (cache miss)
npm http fetch GET 200 https://npm.cloudsmith.io/vlt/benchmarks/postcss-modules-values 891ms (cache miss)
npm http fetch GET 200 https://npm.cloudsmith.io/vlt/benchmarks/semver 12ms (cache updated)
npm http fetch GET 200 https://npm.cloudsmith.io/vlt/benchmarks/minimist 835ms (cache miss)
npm http fetch GET 200 https://npm.cloudsmith.io/vlt/benchmarks/postcss 1269ms (cache updated)
npm http fetch GET 200 https://npm.cloudsmith.io/vlt/benchmarks/lilconfig 252ms (cache miss)
npm http fetch GET 200 https://npm.cloudsmith.io/vlt/benchmarks/cssnano-preset-default 238ms (cache miss)
npm http fetch GET 200 https://npm.cloudsmith.io/vlt/benchmarks/fbjs 395ms (cache miss)
npm http fetch GET 200 https://npm.cloudsmith.io/vlt/benchmarks/immutable 310ms (cache updated)
npm http fetch GET 200 https://npm.cloudsmith.io/vlt/benchmarks/object-assign 222ms (cache miss)
npm http fetch GET 200 https://npm.cloudsmith.io/vlt/benchmarks/loose-envify 194ms (cache miss)
npm http fetch GET 200 https://npm.cloudsmith.io/vlt/benchmarks/babel-plugin-transform-es2015-object-super 16020ms (cache miss)
npm http fetch GET 200 https://npm.cloudsmith.io/vlt/benchmarks/babel-preset-stage-2 7862ms (cache miss)
npm http fetch GET 200 https://npm.cloudsmith.io/vlt/benchmarks/eslint-config-airbnb-base 619ms (cache miss)
npm http fetch GET 200 https://npm.cloudsmith.io/vlt/benchmarks/object.assign 240ms (cache miss)
npm http fetch GET 200 https://npm.cloudsmith.io/vlt/benchmarks/jake 1775ms (cache miss)
npm http fetch GET 200 https://npm.cloudsmith.io/vlt/benchmarks/array-includes 516ms (cache miss)
npm http fetch GET 200 https://npm.cloudsmith.io/vlt/benchmarks/array.prototype.findlast 228ms (cache miss)
npm http fetch GET 200 https://npm.cloudsmith.io/vlt/benchmarks/array.prototype.flatmap 354ms (cache miss)
npm http fetch GET 200 https://npm.cloudsmith.io/vlt/benchmarks/array.prototype.tosorted 198ms (cache miss)
npm http fetch GET 200 https://npm.cloudsmith.io/vlt/benchmarks/doctrine 217ms (cache updated)
npm http fetch GET 200 https://npm.cloudsmith.io/vlt/benchmarks/es-iterator-helpers 352ms (cache miss)
npm http fetch GET 200 https://npm.cloudsmith.io/vlt/benchmarks/estraverse 186ms (cache miss)
npm http fetch GET 200 https://npm.cloudsmith.io/vlt/benchmarks/hasown 188ms (cache miss)
npm http fetch GET 200 https://npm.cloudsmith.io/vlt/benchmarks/scheduler 6104ms (cache miss)
npm http fetch GET 200 https://npm.cloudsmith.io/vlt/benchmarks/object.entries 764ms (cache miss)
npm http fetch GET 200 https://npm.cloudsmith.io/vlt/benchmarks/jsx-ast-utils 2154ms (cache miss)
npm http fetch GET 200 https://npm.cloudsmith.io/vlt/benchmarks/object.fromentries 967ms (cache miss)
npm http fetch GET 200 https://npm.cloudsmith.io/vlt/benchmarks/prop-types 230ms (cache updated)
npm http fetch GET 200 https://npm.cloudsmith.io/vlt/benchmarks/object.entries 7049ms (cache miss)
npm http fetch GET 200 https://npm.cloudsmith.io/vlt/benchmarks/string.prototype.matchall 284ms (cache miss)
npm http fetch GET 200 https://npm.cloudsmith.io/vlt/benchmarks/string.prototype.repeat 212ms (cache miss)
npm http fetch GET 200 https://npm.cloudsmith.io/vlt/benchmarks/aria-query 198ms (cache miss)
npm http fetch GET 200 https://npm.cloudsmith.io/vlt/benchmarks/array.prototype.flatmap 12ms (cache updated)
npm http fetch GET 200 https://npm.cloudsmith.io/vlt/benchmarks/object.values 3054ms (cache miss)
npm http fetch GET 200 https://npm.cloudsmith.io/vlt/benchmarks/ast-types-flow 224ms (cache miss)
npm http fetch GET 200 https://npm.cloudsmith.io/vlt/benchmarks/axobject-query 205ms (cache miss)
npm http fetch GET 200 https://npm.cloudsmith.io/vlt/benchmarks/axe-core 317ms (cache miss)
npm http fetch GET 200 https://npm.cloudsmith.io/vlt/benchmarks/damerau-levenshtein 195ms (cache miss)
npm http fetch GET 200 https://npm.cloudsmith.io/vlt/benchmarks/emoji-regex 241ms (cache miss)
npm http fetch GET 200 https://npm.cloudsmith.io/vlt/benchmarks/jsx-ast-utils 231ms (cache updated)
npm http fetch GET 200 https://npm.cloudsmith.io/vlt/benchmarks/language-tags 200ms (cache miss)
npm http fetch GET 200 https://npm.cloudsmith.io/vlt/benchmarks/string.prototype.includes 200ms (cache miss)
npm http fetch GET 200 https://npm.cloudsmith.io/vlt/benchmarks/@rtsao%2fscc 207ms (cache miss)
npm http fetch GET 200 https://npm.cloudsmith.io/vlt/benchmarks/resolve 3174ms (cache updated)
npm http fetch GET 200 https://npm.cloudsmith.io/vlt/benchmarks/array-includes 15ms (cache updated)
npm http fetch GET 200 https://npm.cloudsmith.io/vlt/benchmarks/array.prototype.findlastindex 216ms (cache miss)
npm http fetch GET 200 https://npm.cloudsmith.io/vlt/benchmarks/array.prototype.flat 218ms (cache miss)
npm http fetch GET 200 https://npm.cloudsmith.io/vlt/benchmarks/eslint-import-resolver-node 214ms (cache miss)
npm http fetch GET 200 https://npm.cloudsmith.io/vlt/benchmarks/debug 223ms (cache updated)
npm http fetch GET 200 https://npm.cloudsmith.io/vlt/benchmarks/is-core-module 193ms (cache miss)
npm http fetch GET 200 https://npm.cloudsmith.io/vlt/benchmarks/eslint-module-utils 222ms (cache miss)
npm http fetch GET 200 https://npm.cloudsmith.io/vlt/benchmarks/is-glob 229ms (cache updated)
npm http fetch GET 200 https://npm.cloudsmith.io/vlt/benchmarks/object.groupby 240ms (cache miss)
npm http fetch GET 200 https://npm.cloudsmith.io/vlt/benchmarks/string.prototype.trimend 206ms (cache miss)
npm http fetch GET 200 https://npm.cloudsmith.io/vlt/benchmarks/enhanced-resolve 232ms (cache updated)
npm http fetch GET 200 https://npm.cloudsmith.io/vlt/benchmarks/safe-regex-test 1872ms (cache miss)
npm http fetch GET 200 https://npm.cloudsmith.io/vlt/benchmarks/tsconfig-paths 590ms (cache miss)
npm http fetch GET 200 https://npm.cloudsmith.io/vlt/benchmarks/find-root 192ms (cache miss)
npm http fetch GET 200 https://npm.cloudsmith.io/vlt/benchmarks/interpret 180ms (cache miss)
npm http fetch GET 200 https://npm.cloudsmith.io/vlt/benchmarks/is-regex 171ms (cache miss)
npm http fetch GET 200 https://npm.cloudsmith.io/vlt/benchmarks/semver 15ms (cache updated)
npm http fetch GET 200 https://npm.cloudsmith.io/vlt/benchmarks/lodash 207ms (cache updated)
npm http fetch GET 200 https://npm.cloudsmith.io/vlt/benchmarks/resolve 215ms (cache updated)
npm http fetch GET 200 https://npm.cloudsmith.io/vlt/benchmarks/accepts 198ms (cache miss)
npm http fetch GET 200 https://npm.cloudsmith.io/vlt/benchmarks/array-flatten 198ms (cache miss)
npm http fetch GET 200 https://npm.cloudsmith.io/vlt/benchmarks/content-type 200ms (cache miss)
npm http fetch GET 200 https://npm.cloudsmith.io/vlt/benchmarks/content-disposition 231ms (cache miss)
npm http fetch GET 200 https://npm.cloudsmith.io/vlt/benchmarks/cookie-signature 215ms (cache miss)
npm http fetch GET 200 https://npm.cloudsmith.io/vlt/benchmarks/debug 12ms (cache updated)
npm http fetch GET 200 https://npm.cloudsmith.io/vlt/benchmarks/cookie 565ms (cache miss)
npm http fetch GET 200 https://npm.cloudsmith.io/vlt/benchmarks/encodeurl 409ms (cache miss)
npm http fetch GET 200 https://npm.cloudsmith.io/vlt/benchmarks/escape-html 178ms (cache miss)
npm http fetch GET 200 https://npm.cloudsmith.io/vlt/benchmarks/etag 214ms (cache miss)
npm http fetch GET 200 https://npm.cloudsmith.io/vlt/benchmarks/body-parser 1821ms (cache miss)
npm http fetch GET 200 https://npm.cloudsmith.io/vlt/benchmarks/finalhandler 209ms (cache miss)
npm http fetch GET 200 https://npm.cloudsmith.io/vlt/benchmarks/fresh 178ms (cache miss)
npm http fetch GET 200 https://npm.cloudsmith.io/vlt/benchmarks/http-errors 225ms (cache miss)
npm http fetch GET 200 https://npm.cloudsmith.io/vlt/benchmarks/merge-descriptors 211ms (cache miss)
npm http fetch GET 200 https://npm.cloudsmith.io/vlt/benchmarks/on-finished 200ms (cache miss)
npm http fetch GET 200 https://npm.cloudsmith.io/vlt/benchmarks/parseurl 177ms (cache miss)
npm http fetch GET 200 https://npm.cloudsmith.io/vlt/benchmarks/path-to-regexp 576ms (cache miss)
npm http fetch GET 200 https://npm.cloudsmith.io/vlt/benchmarks/methods 1104ms (cache miss)
npm http fetch GET 200 https://npm.cloudsmith.io/vlt/benchmarks/proxy-addr 191ms (cache miss)
npm http fetch GET 200 https://npm.cloudsmith.io/vlt/benchmarks/qs 183ms (cache updated)
npm http fetch GET 200 https://npm.cloudsmith.io/vlt/benchmarks/range-parser 253ms (cache miss)
npm http fetch GET 200 https://npm.cloudsmith.io/vlt/benchmarks/safe-buffer 197ms (cache miss)
npm http fetch GET 200 https://npm.cloudsmith.io/vlt/benchmarks/serve-static 215ms (cache miss)
npm http fetch GET 200 https://npm.cloudsmith.io/vlt/benchmarks/setprototypeof 197ms (cache miss)
npm http fetch GET 200 https://npm.cloudsmith.io/vlt/benchmarks/statuses 213ms (cache miss)
npm http fetch GET 200 https://npm.cloudsmith.io/vlt/benchmarks/send 773ms (cache miss)
npm http fetch GET 200 https://npm.cloudsmith.io/vlt/benchmarks/type-is 211ms (cache miss)
npm http fetch GET 200 https://npm.cloudsmith.io/vlt/benchmarks/vary 415ms (cache miss)
npm http fetch GET 200 https://npm.cloudsmith.io/vlt/benchmarks/debug 12ms (cache updated)
npm http fetch GET 200 https://npm.cloudsmith.io/vlt/benchmarks/es6-promise 196ms (cache miss)
npm http fetch GET 200 https://npm.cloudsmith.io/vlt/benchmarks/raw-body 210ms (cache miss)
npm http fetch GET 200 https://npm.cloudsmith.io/vlt/benchmarks/foreground-child 225ms (cache miss)
npm http fetch GET 200 https://npm.cloudsmith.io/vlt/benchmarks/jackspeak 283ms (cache miss)
npm http fetch GET 200 https://npm.cloudsmith.io/vlt/benchmarks/minimatch 216ms (cache updated)
npm http fetch GET 200 https://npm.cloudsmith.io/vlt/benchmarks/minipass 227ms (cache miss)
npm http fetch GET 200 https://npm.cloudsmith.io/vlt/benchmarks/package-json-from-dist 206ms (cache miss)
npm http fetch GET 200 https://npm.cloudsmith.io/vlt/benchmarks/path-scurry 289ms (cache miss)
npm http fetch GET 200 https://npm.cloudsmith.io/vlt/benchmarks/glob-watcher 552ms (cache miss)
npm http fetch GET 200 https://npm.cloudsmith.io/vlt/benchmarks/gulp-cli 214ms (cache miss)
npm http fetch GET 200 https://npm.cloudsmith.io/vlt/benchmarks/undertaker 447ms (cache miss)
npm http fetch GET 200 https://npm.cloudsmith.io/vlt/benchmarks/vinyl-fs 202ms (cache miss)
npm http fetch GET 200 https://npm.cloudsmith.io/vlt/benchmarks/concat-with-sourcemaps 211ms (cache miss)
npm http fetch GET 200 https://npm.cloudsmith.io/vlt/benchmarks/through2 179ms (cache miss)
npm http fetch GET 200 https://npm.cloudsmith.io/vlt/benchmarks/vinyl 485ms (cache miss)
npm http fetch GET 200 https://npm.cloudsmith.io/vlt/benchmarks/depd 10162ms (cache miss)
npm http fetch GET 200 https://npm.cloudsmith.io/vlt/benchmarks/fancy-log 188ms (cache miss)
npm http fetch GET 200 https://npm.cloudsmith.io/vlt/benchmarks/csslint 1866ms (cache miss)
npm http fetch GET 200 https://npm.cloudsmith.io/vlt/benchmarks/rcloader 185ms (cache miss)
npm http fetch GET 200 https://npm.cloudsmith.io/vlt/benchmarks/through2 23ms (cache updated)
npm http fetch GET 200 https://npm.cloudsmith.io/vlt/benchmarks/plugin-error 246ms (cache miss)
npm http fetch GET 200 https://npm.cloudsmith.io/vlt/benchmarks/vinyl 23ms (cache updated)
npm http fetch GET 200 https://npm.cloudsmith.io/vlt/benchmarks/buffer-from 221ms (cache miss)
npm http fetch GET 200 https://npm.cloudsmith.io/vlt/benchmarks/cssnano 223ms (cache updated)
npm http fetch GET 200 https://npm.cloudsmith.io/vlt/benchmarks/object-assign 21ms (cache updated)
npm http fetch GET 200 https://npm.cloudsmith.io/vlt/benchmarks/plugin-error 23ms (cache updated)
npm http fetch GET 200 https://npm.cloudsmith.io/vlt/benchmarks/through2 11ms (cache updated)
npm http fetch GET 200 https://npm.cloudsmith.io/vlt/benchmarks/vinyl-sourcemaps-apply 240ms (cache miss)
npm http fetch GET 200 https://npm.cloudsmith.io/vlt/benchmarks/plugin-error 12ms (cache updated)
npm http fetch GET 200 https://npm.cloudsmith.io/vlt/benchmarks/less 210ms (cache updated)
npm http fetch GET 200 https://npm.cloudsmith.io/vlt/benchmarks/through2 26ms (cache updated)
npm http fetch GET 200 https://npm.cloudsmith.io/vlt/benchmarks/vinyl-sourcemaps-apply 11ms (cache updated)
npm http fetch GET 200 https://npm.cloudsmith.io/vlt/benchmarks/replace-ext 212ms (cache miss)
npm http fetch GET 200 https://npm.cloudsmith.io/vlt/benchmarks/debug 13ms (cache updated)
npm http fetch GET 200 https://npm.cloudsmith.io/vlt/benchmarks/chalk 254ms (cache updated)
npm http fetch GET 200 https://npm.cloudsmith.io/vlt/benchmarks/lodash.assign 199ms (cache miss)
npm http fetch GET 200 https://npm.cloudsmith.io/vlt/benchmarks/readable-stream 208ms (cache miss)
npm http fetch GET 200 https://npm.cloudsmith.io/vlt/benchmarks/vinyl 12ms (cache updated)
npm http fetch GET 200 https://npm.cloudsmith.io/vlt/benchmarks/tiny-lr 192ms (cache miss)
npm http fetch GET 200 https://npm.cloudsmith.io/vlt/benchmarks/clean-css 239ms (cache miss)
npm http fetch GET 200 https://npm.cloudsmith.io/vlt/benchmarks/readable-stream 27ms (cache updated)
npm http fetch GET 200 https://npm.cloudsmith.io/vlt/benchmarks/vinyl-bufferstream 217ms (cache miss)
npm http fetch GET 200 https://npm.cloudsmith.io/vlt/benchmarks/fancy-log 22ms (cache updated)
npm http fetch GET 200 https://npm.cloudsmith.io/vlt/benchmarks/plugin-error 12ms (cache updated)
npm http fetch GET 200 https://npm.cloudsmith.io/vlt/benchmarks/postcss-load-config 184ms (cache miss)
npm http fetch GET 200 https://npm.cloudsmith.io/vlt/benchmarks/array-differ 214ms (cache miss)
npm http fetch GET 200 https://npm.cloudsmith.io/vlt/benchmarks/utils-merge 8758ms (cache miss)
npm http fetch GET 200 https://npm.cloudsmith.io/vlt/benchmarks/array-uniq 187ms (cache miss)
npm http fetch GET 200 https://npm.cloudsmith.io/vlt/benchmarks/chalk 337ms (cache updated)
npm http fetch GET 200 https://npm.cloudsmith.io/vlt/benchmarks/dateformat 206ms (cache miss)
npm http fetch GET 200 https://npm.cloudsmith.io/vlt/benchmarks/fancy-log 12ms (cache updated)
npm http fetch GET 200 https://npm.cloudsmith.io/vlt/benchmarks/gulplog 348ms (cache miss)
npm http fetch GET 200 https://npm.cloudsmith.io/vlt/benchmarks/has-gulplog 263ms (cache miss)
npm http fetch GET 200 https://npm.cloudsmith.io/vlt/benchmarks/lodash._reescape 222ms (cache miss)
npm http fetch GET 200 https://npm.cloudsmith.io/vlt/benchmarks/lodash._reevaluate 210ms (cache miss)
npm http fetch GET 200 https://npm.cloudsmith.io/vlt/benchmarks/lodash._reinterpolate 173ms (cache miss)
npm http fetch GET 200 https://npm.cloudsmith.io/vlt/benchmarks/lodash.template 262ms (cache miss)
npm http fetch GET 200 https://npm.cloudsmith.io/vlt/benchmarks/minimist 254ms (cache updated)
npm http fetch GET 200 https://npm.cloudsmith.io/vlt/benchmarks/multipipe 267ms (cache miss)
npm http fetch GET 200 https://npm.cloudsmith.io/vlt/benchmarks/object-assign 12ms (cache updated)
npm http fetch GET 200 https://npm.cloudsmith.io/vlt/benchmarks/replace-ext 11ms (cache updated)
npm http fetch GET 200 https://npm.cloudsmith.io/vlt/benchmarks/vinyl 11ms (cache updated)
npm http fetch GET 200 https://npm.cloudsmith.io/vlt/benchmarks/async 201ms (cache miss)
npm http fetch GET 200 https://npm.cloudsmith.io/vlt/benchmarks/json-stringify-safe 202ms (cache miss)
npm http fetch GET 200 https://npm.cloudsmith.io/vlt/benchmarks/loader-utils 203ms (cache miss)
npm http fetch GET 200 https://npm.cloudsmith.io/vlt/benchmarks/serialize-error 185ms (cache miss)
npm http fetch GET 200 https://npm.cloudsmith.io/vlt/benchmarks/@babel%2fruntime 257ms (cache miss)
npm http fetch GET 200 https://npm.cloudsmith.io/vlt/benchmarks/gulp-util 4843ms (cache updated)
npm http fetch GET 200 https://npm.cloudsmith.io/vlt/benchmarks/source-map-js 208ms (cache updated)
npm http fetch GET 200 https://npm.cloudsmith.io/vlt/benchmarks/strip-comments 236ms (cache miss)
npm http fetch GET 200 https://npm.cloudsmith.io/vlt/benchmarks/copy-anything 434ms (cache miss)
npm http fetch GET 200 https://npm.cloudsmith.io/vlt/benchmarks/parse-node-version 389ms (cache miss)
npm http fetch GET 200 https://npm.cloudsmith.io/vlt/benchmarks/errno 199ms (cache miss)
npm http fetch GET 200 https://npm.cloudsmith.io/vlt/benchmarks/graceful-fs 197ms (cache updated)
npm http fetch GET 200 https://npm.cloudsmith.io/vlt/benchmarks/make-dir 209ms (cache miss)
npm http fetch GET 200 https://npm.cloudsmith.io/vlt/benchmarks/probe-image-size 353ms (cache miss)
npm http fetch GET 200 https://npm.cloudsmith.io/vlt/benchmarks/needle 187ms (cache miss)
npm http fetch GET 200 https://npm.cloudsmith.io/vlt/benchmarks/source-map 204ms (cache updated)
npm http fetch GET 200 https://npm.cloudsmith.io/vlt/benchmarks/mime 1546ms (cache miss)
npm http fetch GET 200 https://npm.cloudsmith.io/vlt/benchmarks/immutable 208ms (cache updated)
npm http fetch GET 200 https://npm.cloudsmith.io/vlt/benchmarks/react-transition-group 218ms (cache miss)
npm http fetch GET 200 https://npm.cloudsmith.io/vlt/benchmarks/loose-envify 204ms (cache updated)
npm http fetch GET 200 https://npm.cloudsmith.io/vlt/benchmarks/react-is 314ms (cache miss)
npm http fetch GET 200 https://npm.cloudsmith.io/vlt/benchmarks/@babel%2fruntime 35ms (cache updated)
npm http fetch GET 200 https://npm.cloudsmith.io/vlt/benchmarks/invariant 224ms (cache miss)
npm http fetch GET 200 https://npm.cloudsmith.io/vlt/benchmarks/draft-js 5964ms (cache updated)
npm http fetch GET 200 https://npm.cloudsmith.io/vlt/benchmarks/es6-symbol 200ms (cache miss)
npm http fetch GET 200 https://npm.cloudsmith.io/vlt/benchmarks/picocolors 294ms (cache updated)
npm http fetch GET 200 https://npm.cloudsmith.io/vlt/benchmarks/thenby 223ms (cache miss)
npm http fetch GET 200 https://npm.cloudsmith.io/vlt/benchmarks/beeper 12579ms (cache miss)
npm http fetch GET 200 https://npm.cloudsmith.io/vlt/benchmarks/side-channel 216ms (cache miss)
npm http fetch GET 200 https://npm.cloudsmith.io/vlt/benchmarks/loader-utils 12ms (cache updated)
npm http fetch GET 200 https://npm.cloudsmith.io/vlt/benchmarks/schema-utils 204ms (cache updated)
npm http fetch GET 200 https://npm.cloudsmith.io/vlt/benchmarks/@babel%2fruntime 25ms (cache updated)
npm http fetch GET 200 https://npm.cloudsmith.io/vlt/benchmarks/classnames 970ms (cache miss)
npm http fetch GET 200 https://npm.cloudsmith.io/vlt/benchmarks/rc-util 249ms (cache miss)
npm http fetch GET 200 https://npm.cloudsmith.io/vlt/benchmarks/react-transition-group 13ms (cache updated)
npm http fetch GET 200 https://npm.cloudsmith.io/vlt/benchmarks/object-assign 217ms (cache updated)
npm http fetch GET 200 https://npm.cloudsmith.io/vlt/benchmarks/@react-dnd%2finvariant 221ms (cache miss)
npm http fetch GET 200 https://npm.cloudsmith.io/vlt/benchmarks/@react-dnd%2fshallowequal 195ms (cache miss)
npm http fetch GET 200 https://npm.cloudsmith.io/vlt/benchmarks/dnd-core 248ms (cache miss)
npm http fetch GET 200 https://npm.cloudsmith.io/vlt/benchmarks/hoist-non-react-statics 276ms (cache miss)
npm http fetch GET 200 https://npm.cloudsmith.io/vlt/benchmarks/classnames 250ms (cache updated)
npm http fetch GET 200 https://npm.cloudsmith.io/vlt/benchmarks/draftjs-utils 224ms (cache miss)
npm http fetch GET 200 https://npm.cloudsmith.io/vlt/benchmarks/html-to-draftjs 180ms (cache miss)
npm http fetch GET 200 https://npm.cloudsmith.io/vlt/benchmarks/linkify-it 695ms (cache miss)
npm http fetch GET 200 https://npm.cloudsmith.io/vlt/benchmarks/attr-accept 1292ms (cache miss)
npm http fetch GET 200 https://npm.cloudsmith.io/vlt/benchmarks/file-selector 532ms (cache miss)
npm http fetch GET 200 https://npm.cloudsmith.io/vlt/benchmarks/clsx 186ms (cache miss)
npm http fetch GET 200 https://npm.cloudsmith.io/vlt/benchmarks/mobx-react-lite 11418ms (cache miss)
npm http fetch GET 200 https://npm.cloudsmith.io/vlt/benchmarks/fast-equals 581ms (cache miss)
npm http fetch GET 200 https://npm.cloudsmith.io/vlt/benchmarks/react-resizable 207ms (cache miss)
npm http fetch GET 200 https://npm.cloudsmith.io/vlt/benchmarks/resize-observer-polyfill 208ms (cache miss)
npm http fetch GET 200 https://npm.cloudsmith.io/vlt/benchmarks/highcharts 198ms (cache updated)
npm http fetch GET 200 https://npm.cloudsmith.io/vlt/benchmarks/fast-levenshtein 216ms (cache miss)
npm http fetch GET 200 https://npm.cloudsmith.io/vlt/benchmarks/global 209ms (cache miss)
npm http fetch GET 200 https://npm.cloudsmith.io/vlt/benchmarks/hoist-non-react-statics 223ms (cache updated)
npm http fetch GET 200 https://npm.cloudsmith.io/vlt/benchmarks/loader-utils 24ms (cache updated)
npm http fetch GET 200 https://npm.cloudsmith.io/vlt/benchmarks/react-lifecycles-compat 270ms (cache miss)
npm http fetch GET 200 https://npm.cloudsmith.io/vlt/benchmarks/es-define-property 9870ms (cache miss)
npm http fetch GET 200 https://npm.cloudsmith.io/vlt/benchmarks/source-map 24ms (cache updated)
npm http fetch GET 200 https://npm.cloudsmith.io/vlt/benchmarks/classnames 11ms (cache updated)
npm http fetch GET 200 https://npm.cloudsmith.io/vlt/benchmarks/@babel%2fruntime 46ms (cache updated)
npm http fetch GET 200 https://npm.cloudsmith.io/vlt/benchmarks/get-node-dimensions 198ms (cache miss)
npm http fetch GET 200 https://npm.cloudsmith.io/vlt/benchmarks/resize-observer-polyfill 12ms (cache updated)
npm http fetch GET 200 https://npm.cloudsmith.io/vlt/benchmarks/shallowequal 1440ms (cache miss)
npm http fetch GET 200 https://npm.cloudsmith.io/vlt/benchmarks/smart-mixin 302ms (cache miss)
npm http fetch GET 200 https://npm.cloudsmith.io/vlt/benchmarks/hyphenate-style-name 293ms (cache miss)
npm http fetch GET 200 https://npm.cloudsmith.io/vlt/benchmarks/matchmediaquery 200ms (cache miss)
npm http fetch GET 200 https://npm.cloudsmith.io/vlt/benchmarks/classnames 12ms (cache updated)
npm http fetch GET 200 https://npm.cloudsmith.io/vlt/benchmarks/shallow-equal 352ms (cache miss)
npm http fetch GET 200 https://npm.cloudsmith.io/vlt/benchmarks/lodash.throttle 267ms (cache miss)
npm http fetch GET 200 https://npm.cloudsmith.io/vlt/benchmarks/react-draggable 3934ms (cache miss)
npm http fetch GET 200 https://npm.cloudsmith.io/vlt/benchmarks/@remix-run%2frouter 250ms (cache miss)
npm http fetch GET 200 https://npm.cloudsmith.io/vlt/benchmarks/classnames 12ms (cache updated)
npm http fetch GET 200 https://npm.cloudsmith.io/vlt/benchmarks/react-resize-detector 465ms (cache miss)
npm http fetch GET 200 https://npm.cloudsmith.io/vlt/benchmarks/classnames 12ms (cache updated)
npm http fetch GET 200 https://npm.cloudsmith.io/vlt/benchmarks/@remix-run%2frouter 490ms (cache miss)
npm http fetch GET 200 https://npm.cloudsmith.io/vlt/benchmarks/react-input-autosize 204ms (cache miss)
npm http fetch GET 200 https://npm.cloudsmith.io/vlt/benchmarks/@floating-ui%2fdom 205ms (cache miss)
npm http fetch GET 200 https://npm.cloudsmith.io/vlt/benchmarks/classnames 13ms (cache updated)
npm http fetch GET 200 https://npm.cloudsmith.io/vlt/benchmarks/@babel%2fruntime 25ms (cache updated)
npm http fetch GET 200 https://npm.cloudsmith.io/vlt/benchmarks/loose-envify 347ms (cache updated)
npm http fetch GET 200 https://npm.cloudsmith.io/vlt/benchmarks/clsx 20ms (cache updated)
npm http fetch GET 200 https://npm.cloudsmith.io/vlt/benchmarks/@babel%2fruntime 25ms (cache updated)
npm http fetch GET 200 https://npm.cloudsmith.io/vlt/benchmarks/tiny-invariant 491ms (cache miss)
npm http fetch GET 200 https://npm.cloudsmith.io/vlt/benchmarks/react-is 52ms (cache updated)
npm http fetch GET 200 https://npm.cloudsmith.io/vlt/benchmarks/consolidated-events 203ms (cache miss)
npm http fetch GET 200 https://npm.cloudsmith.io/vlt/benchmarks/@csstools%2fcss-syntax-patches-for-csstree 176ms (cache miss)
npm http fetch GET 200 https://npm.cloudsmith.io/vlt/benchmarks/@csstools%2fcss-tokenizer 247ms (cache miss)
npm http fetch GET 200 https://npm.cloudsmith.io/vlt/benchmarks/@csstools%2fcss-parser-algorithms 674ms (cache miss)
npm http fetch GET 200 https://npm.cloudsmith.io/vlt/benchmarks/@csstools%2fmedia-query-list-parser 286ms (cache miss)
npm http fetch GET 200 https://npm.cloudsmith.io/vlt/benchmarks/dom-helpers 1073ms (cache miss)
npm http fetch GET 200 https://npm.cloudsmith.io/vlt/benchmarks/@csstools%2fselector-specificity 243ms (cache miss)
npm http fetch GET 200 https://npm.cloudsmith.io/vlt/benchmarks/@dual-bundle%2fimport-meta-resolve 202ms (cache miss)
npm http fetch GET 200 https://npm.cloudsmith.io/vlt/benchmarks/colord 213ms (cache miss)
npm http fetch GET 200 https://npm.cloudsmith.io/vlt/benchmarks/cosmiconfig 268ms (cache miss)
npm http fetch GET 200 https://npm.cloudsmith.io/vlt/benchmarks/css-tree 536ms (cache miss)
npm http fetch GET 200 https://npm.cloudsmith.io/vlt/benchmarks/debug 205ms (cache updated)
npm http fetch GET 200 https://npm.cloudsmith.io/vlt/benchmarks/fast-glob 202ms (cache miss)
npm http fetch GET 200 https://npm.cloudsmith.io/vlt/benchmarks/fastest-levenshtein 253ms (cache miss)
npm http fetch GET 200 https://npm.cloudsmith.io/vlt/benchmarks/file-entry-cache 213ms (cache updated)
npm http fetch GET 200 https://npm.cloudsmith.io/vlt/benchmarks/global-modules 252ms (cache miss)
npm http fetch GET 200 https://npm.cloudsmith.io/vlt/benchmarks/globby 203ms (cache miss)
npm http fetch GET 200 https://npm.cloudsmith.io/vlt/benchmarks/globjoin 224ms (cache miss)
npm http fetch GET 200 https://npm.cloudsmith.io/vlt/benchmarks/css-functions-list 2341ms (cache miss)
npm http fetch GET 200 https://npm.cloudsmith.io/vlt/benchmarks/html-tags 232ms (cache miss)
npm http fetch GET 200 https://npm.cloudsmith.io/vlt/benchmarks/ignore 210ms (cache updated)
npm http fetch GET 200 https://npm.cloudsmith.io/vlt/benchmarks/known-css-properties 222ms (cache miss)
npm http fetch GET 200 https://npm.cloudsmith.io/vlt/benchmarks/mathml-tag-names 186ms (cache miss)
npm http fetch GET 200 https://npm.cloudsmith.io/vlt/benchmarks/balanced-match 4054ms (cache miss)
npm http fetch GET 200 https://npm.cloudsmith.io/vlt/benchmarks/is-plain-object 1868ms (cache miss)
npm http fetch GET 200 https://npm.cloudsmith.io/vlt/benchmarks/meow 3064ms (cache miss)
npm http fetch GET 200 https://npm.cloudsmith.io/vlt/benchmarks/postcss-resolve-nested-selector 296ms (cache miss)
npm http fetch GET 200 https://npm.cloudsmith.io/vlt/benchmarks/micromatch 2698ms (cache miss)
npm http fetch GET 200 https://npm.cloudsmith.io/vlt/benchmarks/postcss-safe-parser 279ms (cache miss)
npm http fetch GET 200 https://npm.cloudsmith.io/vlt/benchmarks/postcss-selector-parser 220ms (cache miss)
npm http fetch GET 200 https://npm.cloudsmith.io/vlt/benchmarks/normalize-path 2958ms (cache miss)
npm http fetch GET 200 https://npm.cloudsmith.io/vlt/benchmarks/supports-hyperlinks 198ms (cache miss)
npm http fetch GET 200 https://npm.cloudsmith.io/vlt/benchmarks/svg-tags 196ms (cache miss)
npm http fetch GET 200 https://npm.cloudsmith.io/vlt/benchmarks/table 198ms (cache miss)
npm http fetch GET 200 https://npm.cloudsmith.io/vlt/benchmarks/string-width 1157ms (cache miss)
npm http fetch GET 200 https://npm.cloudsmith.io/vlt/benchmarks/component-emitter 184ms (cache miss)
npm http fetch GET 200 https://npm.cloudsmith.io/vlt/benchmarks/write-file-atomic 228ms (cache miss)
npm http fetch GET 200 https://npm.cloudsmith.io/vlt/benchmarks/debug 13ms (cache updated)
npm http fetch GET 200 https://npm.cloudsmith.io/vlt/benchmarks/cookiejar 203ms (cache miss)
npm http fetch GET 200 https://npm.cloudsmith.io/vlt/benchmarks/fast-safe-stringify 231ms (cache miss)
npm http fetch GET 200 https://npm.cloudsmith.io/vlt/benchmarks/form-data 236ms (cache miss)
npm http fetch GET 200 https://npm.cloudsmith.io/vlt/benchmarks/formidable 218ms (cache miss)
npm http fetch GET 200 https://npm.cloudsmith.io/vlt/benchmarks/mime 23ms (cache updated)
npm http fetch GET 200 https://npm.cloudsmith.io/vlt/benchmarks/methods 219ms (cache updated)
npm http fetch GET 200 https://npm.cloudsmith.io/vlt/benchmarks/semver 193ms (cache updated)
npm http fetch GET 200 https://npm.cloudsmith.io/vlt/benchmarks/@discoveryjs%2fjson-ext 208ms (cache miss)
npm http fetch GET 200 https://npm.cloudsmith.io/vlt/benchmarks/acorn-walk 315ms (cache miss)
npm http fetch GET 200 https://npm.cloudsmith.io/vlt/benchmarks/acorn 474ms (cache miss)
npm http fetch GET 200 https://npm.cloudsmith.io/vlt/benchmarks/commander 389ms (cache miss)
npm http fetch GET 200 https://npm.cloudsmith.io/vlt/benchmarks/debounce 542ms (cache miss)
npm http fetch GET 200 https://npm.cloudsmith.io/vlt/benchmarks/gzip-size 342ms (cache miss)
npm http fetch GET 200 https://npm.cloudsmith.io/vlt/benchmarks/html-escaper 209ms (cache miss)
npm http fetch GET 200 https://npm.cloudsmith.io/vlt/benchmarks/resolve-from 6170ms (cache miss)
npm http fetch GET 200 https://npm.cloudsmith.io/vlt/benchmarks/ws 228ms (cache miss)
npm http fetch GET 200 https://npm.cloudsmith.io/vlt/benchmarks/ansi-html-community 184ms (cache miss)
npm http fetch GET 200 https://npm.cloudsmith.io/vlt/benchmarks/html-entities 182ms (cache miss)
npm http fetch GET 200 https://npm.cloudsmith.io/vlt/benchmarks/sirv 3476ms (cache miss)
npm http fetch GET 200 https://npm.cloudsmith.io/vlt/benchmarks/strip-ansi 188ms (cache updated)
npm http fetch GET 200 https://npm.cloudsmith.io/vlt/benchmarks/node-notifier 199ms (cache miss)
npm http fetch GET 200 https://npm.cloudsmith.io/vlt/benchmarks/@types%2fnode-notifier 199ms (cache miss)
npm http fetch GET 200 https://npm.cloudsmith.io/vlt/benchmarks/opener 23929ms (cache miss)
npm http fetch GET 200 https://npm.cloudsmith.io/vlt/benchmarks/@babel%2fcore 443ms (cache updated)
npm http fetch GET 200 https://npm.cloudsmith.io/vlt/benchmarks/js-tokens 220ms (cache miss)
npm http fetch GET 200 https://npm.cloudsmith.io/vlt/benchmarks/@babel%2fhelper-validator-identifier 292ms (cache miss)
npm http fetch GET 200 https://npm.cloudsmith.io/vlt/benchmarks/@babel%2ftypes 211ms (cache updated)
npm http fetch GET 200 https://npm.cloudsmith.io/vlt/benchmarks/@jridgewell%2fgen-mapping 196ms (cache miss)
npm http fetch GET 200 https://npm.cloudsmith.io/vlt/benchmarks/jsesc 200ms (cache miss)
npm http fetch GET 200 https://npm.cloudsmith.io/vlt/benchmarks/@jridgewell%2ftrace-mapping 259ms (cache miss)
npm http fetch GET 200 https://npm.cloudsmith.io/vlt/benchmarks/@babel%2fcompat-data 221ms (cache miss)
npm http fetch GET 200 https://npm.cloudsmith.io/vlt/benchmarks/@babel%2fhelper-validator-option 245ms (cache miss)
npm http fetch GET 200 https://npm.cloudsmith.io/vlt/benchmarks/browserslist 208ms (cache updated)
npm http fetch GET 200 https://npm.cloudsmith.io/vlt/benchmarks/lru-cache 270ms (cache miss)
npm http fetch GET 200 https://npm.cloudsmith.io/vlt/benchmarks/@babel%2fhelper-module-imports 187ms (cache updated)
npm http fetch GET 200 https://npm.cloudsmith.io/vlt/benchmarks/@babel%2fparser 1394ms (cache updated)
npm http fetch GET 200 https://npm.cloudsmith.io/vlt/benchmarks/@babel%2fhelper-globals 203ms (cache miss)
npm http fetch GET 200 https://npm.cloudsmith.io/vlt/benchmarks/@jridgewell%2fgen-mapping 11ms (cache updated)
npm http fetch GET 200 https://npm.cloudsmith.io/vlt/benchmarks/@jridgewell%2ftrace-mapping 23ms (cache updated)
npm http fetch GET 200 https://npm.cloudsmith.io/vlt/benchmarks/@babel%2fhelper-string-parser 188ms (cache miss)
npm http fetch GET 200 https://npm.cloudsmith.io/vlt/benchmarks/ms 258ms (cache miss)
npm http fetch GET 200 https://npm.cloudsmith.io/vlt/benchmarks/debug 9855ms (cache updated)
npm http fetch GET 200 https://npm.cloudsmith.io/vlt/benchmarks/@jridgewell%2fsourcemap-codec 192ms (cache miss)
npm http fetch GET 200 https://npm.cloudsmith.io/vlt/benchmarks/@jridgewell%2fresolve-uri 220ms (cache miss)
npm http fetch GET 200 https://npm.cloudsmith.io/vlt/benchmarks/@jridgewell%2fsourcemap-codec 816ms (cache miss)
npm http fetch GET 200 https://npm.cloudsmith.io/vlt/benchmarks/node-releases 235ms (cache miss)
npm http fetch GET 200 https://npm.cloudsmith.io/vlt/benchmarks/electron-to-chromium 298ms (cache miss)
npm http fetch GET 200 https://npm.cloudsmith.io/vlt/benchmarks/baseline-browser-mapping 351ms (cache miss)
npm http fetch GET 200 https://npm.cloudsmith.io/vlt/benchmarks/update-browserslist-db 200ms (cache miss)
npm http fetch GET 200 https://npm.cloudsmith.io/vlt/benchmarks/yallist 195ms (cache miss)
npm http fetch GET 200 https://npm.cloudsmith.io/vlt/benchmarks/js-tokens 26ms (cache updated)
npm http fetch GET 200 https://npm.cloudsmith.io/vlt/benchmarks/jsesc 11ms (cache updated)
npm http fetch GET 200 https://npm.cloudsmith.io/vlt/benchmarks/trim-right 217ms (cache miss)
npm http fetch GET 200 https://npm.cloudsmith.io/vlt/benchmarks/detect-indent 260ms (cache miss)
npm http fetch GET 200 https://npm.cloudsmith.io/vlt/benchmarks/babel-template 205ms (cache updated)
npm http fetch GET 200 https://npm.cloudsmith.io/vlt/benchmarks/mkdirp 198ms (cache miss)
npm http fetch GET 200 https://npm.cloudsmith.io/vlt/benchmarks/source-map-support 265ms (cache miss)
npm http fetch GET 200 https://npm.cloudsmith.io/vlt/benchmarks/debug 14ms (cache updated)
npm http fetch GET 200 https://npm.cloudsmith.io/vlt/benchmarks/globals 1196ms (cache updated)
npm http fetch GET 200 https://npm.cloudsmith.io/vlt/benchmarks/invariant 203ms (cache updated)
npm http fetch GET 200 https://npm.cloudsmith.io/vlt/benchmarks/to-fast-properties 197ms (cache miss)
npm http fetch GET 200 https://npm.cloudsmith.io/vlt/benchmarks/ms 203ms (cache updated)
npm http fetch GET 200 https://npm.cloudsmith.io/vlt/benchmarks/brace-expansion 756ms (cache miss)
npm http fetch GET 200 https://npm.cloudsmith.io/vlt/benchmarks/home-or-tmp 8219ms (cache miss)
npm http fetch GET 200 https://npm.cloudsmith.io/vlt/benchmarks/chalk 19099ms (cache updated)
npm http fetch GET 200 https://npm.cloudsmith.io/vlt/benchmarks/ansi-styles 214ms (cache miss)
npm http fetch GET 200 https://npm.cloudsmith.io/vlt/benchmarks/escape-string-regexp 217ms (cache updated)
npm http fetch GET 200 https://npm.cloudsmith.io/vlt/benchmarks/has-ansi 224ms (cache miss)
npm http fetch GET 200 https://npm.cloudsmith.io/vlt/benchmarks/supports-color 206ms (cache miss)
npm http fetch GET 200 https://npm.cloudsmith.io/vlt/benchmarks/strip-ansi 1422ms (cache updated)
npm http fetch GET 200 https://npm.cloudsmith.io/vlt/benchmarks/es-errors 214ms (cache miss)
npm http fetch GET 200 https://npm.cloudsmith.io/vlt/benchmarks/path-parse 252ms (cache miss)
npm http fetch GET 200 https://npm.cloudsmith.io/vlt/benchmarks/supports-preserve-symlinks-flag 781ms (cache miss)
npm http fetch GET 200 https://npm.cloudsmith.io/vlt/benchmarks/repeating 390ms (cache miss)
npm http fetch GET 200 https://npm.cloudsmith.io/vlt/benchmarks/common-path-prefix 260ms (cache miss)
npm http fetch GET 200 https://npm.cloudsmith.io/vlt/benchmarks/pkg-dir 319ms (cache miss)
npm http fetch GET 200 https://npm.cloudsmith.io/vlt/benchmarks/ajv 335ms (cache updated)
npm http fetch GET 200 https://npm.cloudsmith.io/vlt/benchmarks/ajv-formats 213ms (cache miss)
npm http fetch GET 200 https://npm.cloudsmith.io/vlt/benchmarks/ajv-keywords 708ms (cache miss)
npm http fetch GET 200 https://npm.cloudsmith.io/vlt/benchmarks/fs.realpath 208ms (cache miss)
npm http fetch GET 200 https://npm.cloudsmith.io/vlt/benchmarks/inflight 230ms (cache miss)
npm http fetch GET 200 https://npm.cloudsmith.io/vlt/benchmarks/once 265ms (cache miss)
npm http fetch GET 200 https://npm.cloudsmith.io/vlt/benchmarks/inherits 12981ms (cache miss)
npm http fetch GET 200 https://npm.cloudsmith.io/vlt/benchmarks/path-scurry 228ms (cache updated)
npm http fetch GET 200 https://npm.cloudsmith.io/vlt/benchmarks/find-up 279ms (cache updated)
npm http fetch GET 200 https://npm.cloudsmith.io/vlt/benchmarks/minipass 567ms (cache updated)
npm http fetch GET 200 https://npm.cloudsmith.io/vlt/benchmarks/minimatch 20854ms (cache updated)
npm http fetch GET 200 https://npm.cloudsmith.io/vlt/benchmarks/babel-helper-replace-supers 363ms (cache miss)
npm http fetch GET 200 https://npm.cloudsmith.io/vlt/benchmarks/babel-helper-optimise-call-expression 374ms (cache miss)
npm http fetch GET 200 https://npm.cloudsmith.io/vlt/benchmarks/babel-helper-function-name 586ms (cache miss)
npm http fetch GET 200 https://npm.cloudsmith.io/vlt/benchmarks/babel-plugin-transform-strict-mode 264ms (cache miss)
npm http fetch GET 200 https://npm.cloudsmith.io/vlt/benchmarks/babel-helper-hoist-variables 199ms (cache miss)
npm http fetch GET 200 https://npm.cloudsmith.io/vlt/benchmarks/babel-helper-define-map 1247ms (cache miss)
npm http fetch GET 200 https://npm.cloudsmith.io/vlt/benchmarks/babel-helper-call-delegate 427ms (cache miss)
npm http fetch GET 200 https://npm.cloudsmith.io/vlt/benchmarks/babel-helper-get-function-arity 348ms (cache miss)
npm http fetch GET 200 https://npm.cloudsmith.io/vlt/benchmarks/babel-helper-regex 215ms (cache miss)
npm http fetch GET 200 https://npm.cloudsmith.io/vlt/benchmarks/babel-helper-regex 272ms (cache miss)
npm http fetch GET 200 https://npm.cloudsmith.io/vlt/benchmarks/regexpu-core 227ms (cache miss)
npm http fetch GET 200 https://npm.cloudsmith.io/vlt/benchmarks/regenerator-transform 331ms (cache miss)
npm http fetch GET 200 https://npm.cloudsmith.io/vlt/benchmarks/babel-helper-function-name 4833ms (cache miss)
npm http fetch GET 200 https://npm.cloudsmith.io/vlt/benchmarks/regjsgen 197ms (cache miss)
npm http fetch GET 200 https://npm.cloudsmith.io/vlt/benchmarks/regenerate 490ms (cache miss)
npm http fetch GET 200 https://npm.cloudsmith.io/vlt/benchmarks/regjsparser 1063ms (cache miss)
npm http fetch GET 200 https://npm.cloudsmith.io/vlt/benchmarks/babel-plugin-transform-flow-strip-types 203ms (cache miss)
npm http fetch GET 200 https://npm.cloudsmith.io/vlt/benchmarks/babel-helper-builder-react-jsx 233ms (cache miss)
npm http fetch GET 200 https://npm.cloudsmith.io/vlt/benchmarks/babel-plugin-syntax-flow 10871ms (cache miss)
npm http fetch GET 200 https://npm.cloudsmith.io/vlt/benchmarks/react 659ms (cache updated)
npm http fetch GET 200 https://npm.cloudsmith.io/vlt/benchmarks/react-dom 426ms (cache updated)
npm http fetch GET 200 https://npm.cloudsmith.io/vlt/benchmarks/react-proxy 206ms (cache miss)
npm http fetch GET 200 https://npm.cloudsmith.io/vlt/benchmarks/scheduler 397ms (cache updated)
npm http fetch GET 200 https://npm.cloudsmith.io/vlt/benchmarks/error-stack-parser 653ms (cache miss)
npm http fetch GET 200 https://npm.cloudsmith.io/vlt/benchmarks/sourcemapped-stacktrace 1755ms (cache miss)
npm http fetch GET 200 https://npm.cloudsmith.io/vlt/benchmarks/babel-plugin-transform-class-properties 232ms (cache miss)
npm http fetch GET 200 https://npm.cloudsmith.io/vlt/benchmarks/babel-plugin-syntax-export-extensions 296ms (cache miss)
npm http fetch GET 200 https://npm.cloudsmith.io/vlt/benchmarks/babel-plugin-syntax-class-constructor-call 347ms (cache miss)
npm http fetch GET 200 https://npm.cloudsmith.io/vlt/benchmarks/babel-plugin-transform-decorators 233ms (cache miss)
npm http fetch GET 200 https://npm.cloudsmith.io/vlt/benchmarks/babel-preset-stage-3 191ms (cache miss)
npm http fetch GET 200 https://npm.cloudsmith.io/vlt/benchmarks/babel-plugin-syntax-dynamic-import 367ms (cache miss)
npm http fetch GET 200 https://npm.cloudsmith.io/vlt/benchmarks/babel-plugin-syntax-class-properties 276ms (cache miss)
npm http fetch GET 200 https://npm.cloudsmith.io/vlt/benchmarks/babel-helper-explode-class 381ms (cache miss)
npm http fetch GET 200 https://npm.cloudsmith.io/vlt/benchmarks/babel-plugin-transform-async-generator-functions 210ms (cache miss)
npm http fetch GET 200 https://npm.cloudsmith.io/vlt/benchmarks/babel-plugin-transform-async-to-generator 237ms (cache miss)
npm http fetch GET 200 https://npm.cloudsmith.io/vlt/benchmarks/babel-plugin-transform-exponentiation-operator 346ms (cache miss)
npm http fetch GET 200 https://npm.cloudsmith.io/vlt/benchmarks/babel-plugin-transform-object-rest-spread 222ms (cache miss)
npm http fetch GET 200 https://npm.cloudsmith.io/vlt/benchmarks/babel-plugin-syntax-trailing-function-commas 1000ms (cache miss)
npm http fetch GET 200 https://npm.cloudsmith.io/vlt/benchmarks/babel-helper-bindify-decorators 436ms (cache miss)
npm http fetch GET 200 https://npm.cloudsmith.io/vlt/benchmarks/babel-helper-remap-async-to-generator 214ms (cache miss)
npm http fetch GET 200 https://npm.cloudsmith.io/vlt/benchmarks/babel-helper-remap-async-to-generator 306ms (cache miss)
npm http fetch GET 200 https://npm.cloudsmith.io/vlt/benchmarks/babel-plugin-syntax-async-functions 211ms (cache miss)
npm http fetch GET 200 https://npm.cloudsmith.io/vlt/benchmarks/babel-helper-builder-binary-assignment-operator-visitor 218ms (cache miss)
npm http fetch GET 200 https://npm.cloudsmith.io/vlt/benchmarks/babel-plugin-syntax-async-generators 676ms (cache miss)
npm http fetch GET 200 https://npm.cloudsmith.io/vlt/benchmarks/babel-plugin-syntax-exponentiation-operator 406ms (cache miss)
npm http fetch GET 200 https://npm.cloudsmith.io/vlt/benchmarks/babel-plugin-syntax-object-rest-spread 2103ms (cache miss)
npm http fetch GET 200 https://npm.cloudsmith.io/vlt/benchmarks/babel-helper-explode-assignable-expression 177ms (cache miss)
npm http fetch GET 200 https://npm.cloudsmith.io/vlt/benchmarks/os-tmpdir 458ms (cache miss)
npm http fetch GET 200 https://npm.cloudsmith.io/vlt/benchmarks/os-homedir 640ms (cache miss)
npm http fetch GET 200 https://npm.cloudsmith.io/vlt/benchmarks/minimist 3447ms (cache updated)
npm http fetch GET 200 https://npm.cloudsmith.io/vlt/benchmarks/loose-envify 3227ms (cache updated)
npm http fetch GET 200 https://npm.cloudsmith.io/vlt/benchmarks/browserslist 28ms (cache updated)
npm http fetch GET 200 https://npm.cloudsmith.io/vlt/benchmarks/escalade 213ms (cache miss)
npm http fetch GET 200 https://npm.cloudsmith.io/vlt/benchmarks/ansi-regex 12ms (cache miss)
npm http fetch GET 200 https://npm.cloudsmith.io/vlt/benchmarks/ansi-regex 13ms (cache miss)
npm http fetch GET 200 https://npm.cloudsmith.io/vlt/benchmarks/globby 317ms (cache updated)
npm http fetch GET 200 https://npm.cloudsmith.io/vlt/benchmarks/is-path-in-cwd 358ms (cache miss)
npm http fetch GET 200 https://npm.cloudsmith.io/vlt/benchmarks/p-map 225ms (cache miss)
npm http fetch GET 200 https://npm.cloudsmith.io/vlt/benchmarks/is-path-cwd 1108ms (cache miss)
npm http fetch GET 200 https://npm.cloudsmith.io/vlt/benchmarks/@types%2fglob 1600ms (cache miss)
npm http fetch GET 200 https://npm.cloudsmith.io/vlt/benchmarks/rimraf 524ms (cache miss)
npm http fetch GET 200 https://npm.cloudsmith.io/vlt/benchmarks/pify 1064ms (cache miss)
npm http fetch GET 200 https://npm.cloudsmith.io/vlt/benchmarks/postcss 6453ms (cache updated)
npm http fetch GET 200 https://npm.cloudsmith.io/vlt/benchmarks/postcss-selector-parser 497ms (cache updated)
npm http fetch GET 200 https://npm.cloudsmith.io/vlt/benchmarks/postcss-selector-parser 760ms (cache updated)
npm http fetch GET 200 https://npm.cloudsmith.io/vlt/benchmarks/picocolors 247ms (cache updated)
npm http fetch GET 200 https://npm.cloudsmith.io/vlt/benchmarks/source-map 315ms (cache updated)
npm http fetch GET 200 https://npm.cloudsmith.io/vlt/benchmarks/css-declaration-sorter 228ms (cache miss)
npm http fetch GET 200 https://npm.cloudsmith.io/vlt/benchmarks/postcss-calc 309ms (cache miss)
npm http fetch GET 200 https://npm.cloudsmith.io/vlt/benchmarks/postcss-colormin 531ms (cache miss)
npm http fetch GET 200 https://npm.cloudsmith.io/vlt/benchmarks/postcss-convert-values 1704ms (cache miss)
npm http fetch GET 200 https://npm.cloudsmith.io/vlt/benchmarks/postcss-discard-duplicates 280ms (cache miss)
npm http fetch GET 200 https://npm.cloudsmith.io/vlt/benchmarks/postcss-discard-empty 206ms (cache miss)
npm http fetch GET 200 https://npm.cloudsmith.io/vlt/benchmarks/postcss-discard-overridden 228ms (cache miss)
npm http fetch GET 200 https://npm.cloudsmith.io/vlt/benchmarks/postcss-merge-longhand 1118ms (cache miss)
npm http fetch GET 200 https://npm.cloudsmith.io/vlt/benchmarks/postcss-merge-rules 316ms (cache miss)
npm http fetch GET 200 https://npm.cloudsmith.io/vlt/benchmarks/postcss-discard-comments 3745ms (cache miss)
npm http fetch GET 200 https://npm.cloudsmith.io/vlt/benchmarks/postcss-minify-gradients 333ms (cache miss)
npm http fetch GET 200 https://npm.cloudsmith.io/vlt/benchmarks/postcss-minify-font-values 2429ms (cache miss)
npm http fetch GET 200 https://npm.cloudsmith.io/vlt/benchmarks/postcss-minify-selectors 1433ms (cache miss)
npm http fetch GET 200 https://npm.cloudsmith.io/vlt/benchmarks/postcss-normalize-display-values 232ms (cache miss)
npm http fetch GET 200 https://npm.cloudsmith.io/vlt/benchmarks/postcss-normalize-charset 1640ms (cache miss)
npm http fetch GET 200 https://npm.cloudsmith.io/vlt/benchmarks/postcss-minify-params 5210ms (cache miss)
npm http fetch GET 200 https://npm.cloudsmith.io/vlt/benchmarks/postcss-normalize-repeat-style 247ms (cache miss)
npm http fetch GET 200 https://npm.cloudsmith.io/vlt/benchmarks/postcss-normalize-string 211ms (cache miss)
npm http fetch GET 200 https://npm.cloudsmith.io/vlt/benchmarks/postcss-normalize-positions 1323ms (cache miss)
npm http fetch GET 200 https://npm.cloudsmith.io/vlt/benchmarks/postcss-normalize-unicode 241ms (cache miss)
npm http fetch GET 200 https://npm.cloudsmith.io/vlt/benchmarks/postcss-normalize-url 201ms (cache miss)
npm http fetch GET 200 https://npm.cloudsmith.io/vlt/benchmarks/postcss-normalize-timing-functions 1323ms (cache miss)
npm http fetch GET 200 https://npm.cloudsmith.io/vlt/benchmarks/postcss-normalize-whitespace 345ms (cache miss)
npm http fetch GET 200 https://npm.cloudsmith.io/vlt/benchmarks/postcss-ordered-values 397ms (cache miss)
npm http fetch GET 200 https://npm.cloudsmith.io/vlt/benchmarks/cssnano-utils 13998ms (cache miss)
npm http fetch GET 200 https://npm.cloudsmith.io/vlt/benchmarks/postcss-reduce-transforms 1915ms (cache miss)
npm http fetch GET 200 https://npm.cloudsmith.io/vlt/benchmarks/postcss-svgo 270ms (cache miss)
npm http fetch GET 200 https://npm.cloudsmith.io/vlt/benchmarks/postcss-unique-selectors 279ms (cache miss)
npm http fetch GET 200 https://npm.cloudsmith.io/vlt/benchmarks/postcss-reduce-initial 3573ms (cache miss)
npm http fetch GET 200 https://npm.cloudsmith.io/vlt/benchmarks/postcss-selector-parser 14ms (cache updated)
npm http fetch GET 200 https://npm.cloudsmith.io/vlt/benchmarks/caniuse-api 344ms (cache miss)
npm http fetch GET 200 https://npm.cloudsmith.io/vlt/benchmarks/postcss-selector-parser 13ms (cache updated)
npm http fetch GET 200 https://npm.cloudsmith.io/vlt/benchmarks/stylehacks 1736ms (cache miss)
npm http fetch GET 200 https://npm.cloudsmith.io/vlt/benchmarks/caniuse-api 4772ms (cache miss)
