npm warn using --force Recommended protections disabled.
npm http fetch GET 200 https://npm.cloudsmith.io/vlt/benchmarks/animate.less 286ms (cache miss)
npm http fetch GET 200 https://npm.cloudsmith.io/vlt/benchmarks/autoprefixer 242ms (cache miss)
npm http fetch GET 200 https://npm.cloudsmith.io/vlt/benchmarks/postcss 17ms (cache miss)
npm http fetch GET 200 https://npm.cloudsmith.io/vlt/benchmarks/babel-core 374ms (cache miss)
npm http fetch GET 200 https://npm.cloudsmith.io/vlt/benchmarks/babel-eslint 224ms (cache miss)
npm http fetch GET 200 https://npm.cloudsmith.io/vlt/benchmarks/eslint 1630ms (cache miss)
npm http fetch GET 200 https://npm.cloudsmith.io/vlt/benchmarks/babel-loader 312ms (cache miss)
npm http fetch GET 200 https://npm.cloudsmith.io/vlt/benchmarks/@babel%2fcore 267ms (cache miss)
npm http fetch GET 200 https://npm.cloudsmith.io/vlt/benchmarks/webpack 2641ms (cache miss)
npm http fetch GET 200 https://npm.cloudsmith.io/vlt/benchmarks/babel-plugin-lodash 253ms (cache miss)
npm http fetch GET 200 https://npm.cloudsmith.io/vlt/benchmarks/babel-plugin-module-resolver 576ms (cache miss)
npm http fetch GET 200 https://npm.cloudsmith.io/vlt/benchmarks/babel-plugin-transform-decorators-legacy 227ms (cache miss)
npm http fetch GET 200 https://npm.cloudsmith.io/vlt/benchmarks/babel-plugin-transform-runtime 193ms (cache miss)
npm http fetch GET 200 https://npm.cloudsmith.io/vlt/benchmarks/babel-polyfill 424ms (cache miss)
npm http fetch GET 200 https://npm.cloudsmith.io/vlt/benchmarks/babel-preset-es2015 211ms (cache miss)
npm http fetch GET 200 https://npm.cloudsmith.io/vlt/benchmarks/babel-preset-react 256ms (cache miss)
npm http fetch GET 200 https://npm.cloudsmith.io/vlt/benchmarks/babel-preset-react-hmre 221ms (cache miss)
npm http fetch GET 200 https://npm.cloudsmith.io/vlt/benchmarks/babel-preset-stage-1 470ms (cache miss)
npm http fetch GET 200 https://npm.cloudsmith.io/vlt/benchmarks/babel-runtime 233ms (cache miss)
npm http fetch GET 200 https://npm.cloudsmith.io/vlt/benchmarks/clean-webpack-plugin 856ms (cache miss)
npm http fetch GET 200 https://npm.cloudsmith.io/vlt/benchmarks/webpack 46ms (cache updated)
npm http fetch GET 200 https://npm.cloudsmith.io/vlt/benchmarks/core-decorators 181ms (cache miss)
npm http fetch GET 200 https://npm.cloudsmith.io/vlt/benchmarks/css-loader 283ms (cache miss)
npm http fetch GET 200 https://npm.cloudsmith.io/vlt/benchmarks/css-mqpacker 257ms (cache miss)
npm http fetch GET 200 https://npm.cloudsmith.io/vlt/benchmarks/cssnano 190ms (cache miss)
npm http fetch GET 200 https://npm.cloudsmith.io/vlt/benchmarks/postcss 230ms (cache updated)
npm http fetch GET 200 https://npm.cloudsmith.io/vlt/benchmarks/custom-event-polyfill 178ms (cache miss)
npm http fetch GET 200 https://npm.cloudsmith.io/vlt/benchmarks/draft-js 21451ms (cache miss)
npm http fetch GET 200 https://npm.cloudsmith.io/vlt/benchmarks/react 18818ms (cache miss)
npm http fetch GET 200 https://npm.cloudsmith.io/vlt/benchmarks/react-dom 384ms (cache miss)
npm http fetch GET 200 https://npm.cloudsmith.io/vlt/benchmarks/ejs 238ms (cache miss)
npm http fetch GET 200 https://npm.cloudsmith.io/vlt/benchmarks/eslint-config-airbnb 718ms (cache miss)
npm http fetch GET 200 https://npm.cloudsmith.io/vlt/benchmarks/eslint-plugin-import 301ms (cache miss)
npm http fetch GET 200 https://npm.cloudsmith.io/vlt/benchmarks/eslint-plugin-jsx-a11y 201ms (cache miss)
npm http fetch GET 200 https://npm.cloudsmith.io/vlt/benchmarks/eslint-plugin-react 248ms (cache miss)
npm http fetch GET 200 https://npm.cloudsmith.io/vlt/benchmarks/eslint-plugin-react-hooks 377ms (cache miss)
npm http fetch GET 200 https://npm.cloudsmith.io/vlt/benchmarks/eslint-import-resolver-webpack 285ms (cache miss)
npm http fetch GET 200 https://npm.cloudsmith.io/vlt/benchmarks/webpack 268ms (cache updated)
npm http fetch GET 200 https://npm.cloudsmith.io/vlt/benchmarks/express 243ms (cache miss)
npm http fetch GET 200 https://npm.cloudsmith.io/vlt/benchmarks/express-http-proxy 216ms (cache miss)
npm http fetch GET 200 https://npm.cloudsmith.io/vlt/benchmarks/font-awesome 197ms (cache miss)
npm http fetch GET 200 https://npm.cloudsmith.io/vlt/benchmarks/fready 197ms (cache miss)
npm http fetch GET 200 https://npm.cloudsmith.io/vlt/benchmarks/glob 194ms (cache miss)
npm http fetch GET 200 https://npm.cloudsmith.io/vlt/benchmarks/gulp 235ms (cache miss)
npm http fetch GET 200 https://npm.cloudsmith.io/vlt/benchmarks/gulp-concat 217ms (cache miss)
npm http fetch GET 200 https://npm.cloudsmith.io/vlt/benchmarks/gulp-csslint 196ms (cache miss)
npm http fetch GET 200 https://npm.cloudsmith.io/vlt/benchmarks/gulp-cssnano 197ms (cache miss)
npm http fetch GET 200 https://npm.cloudsmith.io/vlt/benchmarks/gulp-eol 213ms (cache miss)
npm http fetch GET 200 https://npm.cloudsmith.io/vlt/benchmarks/gulp-less 195ms (cache miss)
npm http fetch GET 200 https://npm.cloudsmith.io/vlt/benchmarks/gulp-livereload 192ms (cache miss)
npm http fetch GET 200 https://npm.cloudsmith.io/vlt/benchmarks/gulp-minify-css 192ms (cache miss)
npm http fetch GET 200 https://npm.cloudsmith.io/vlt/benchmarks/gulp-postcss 293ms (cache miss)
npm http fetch GET 200 https://npm.cloudsmith.io/vlt/benchmarks/postcss 252ms (cache updated)
npm http fetch GET 200 https://npm.cloudsmith.io/vlt/benchmarks/gulp-rename 14732ms (cache miss)
npm http fetch GET 200 https://npm.cloudsmith.io/vlt/benchmarks/gulp-util 190ms (cache miss)
npm http fetch GET 200 https://npm.cloudsmith.io/vlt/benchmarks/happypack 196ms (cache miss)
npm http fetch GET 200 https://npm.cloudsmith.io/vlt/benchmarks/highcharts 269ms (cache miss)
npm http fetch GET 200 https://npm.cloudsmith.io/vlt/benchmarks/highcharts-solid-gauge 206ms (cache miss)
npm http fetch GET 200 https://npm.cloudsmith.io/vlt/benchmarks/history 4241ms (cache miss)
npm http fetch GET 200 https://npm.cloudsmith.io/vlt/benchmarks/howler 3025ms (cache miss)
npm http fetch GET 200 https://npm.cloudsmith.io/vlt/benchmarks/imports-loader 226ms (cache miss)
npm http fetch GET 200 https://npm.cloudsmith.io/vlt/benchmarks/webpack 32ms (cache updated)
npm http fetch GET 200 https://npm.cloudsmith.io/vlt/benchmarks/jquery 483ms (cache miss)
npm http fetch GET 200 https://npm.cloudsmith.io/vlt/benchmarks/jquery-ui 297ms (cache miss)
npm http fetch GET 200 https://npm.cloudsmith.io/vlt/benchmarks/js-cookie 322ms (cache miss)
npm http fetch GET 200 https://npm.cloudsmith.io/vlt/benchmarks/json-loader 185ms (cache miss)
npm http fetch GET 200 https://npm.cloudsmith.io/vlt/benchmarks/leftpad 201ms (cache miss)
npm http fetch GET 200 https://npm.cloudsmith.io/vlt/benchmarks/less 234ms (cache miss)
npm http fetch GET 200 https://npm.cloudsmith.io/vlt/benchmarks/lesshat 336ms (cache miss)
npm http fetch GET 200 https://npm.cloudsmith.io/vlt/benchmarks/lodash 197ms (cache miss)
npm http fetch GET 200 https://npm.cloudsmith.io/vlt/benchmarks/medium-draft 572ms (cache miss)
npm http fetch GET 200 https://npm.cloudsmith.io/vlt/benchmarks/draft-convert 6345ms (cache miss)
npm http fetch GET 200 https://npm.cloudsmith.io/vlt/benchmarks/prop-types 184ms (cache miss)
npm http fetch GET 200 https://npm.cloudsmith.io/vlt/benchmarks/react 318ms (cache updated)
npm http fetch GET 200 https://npm.cloudsmith.io/vlt/benchmarks/react-dom 463ms (cache updated)
npm http fetch GET 200 https://npm.cloudsmith.io/vlt/benchmarks/mobx 383ms (cache miss)
npm http fetch GET 200 https://npm.cloudsmith.io/vlt/benchmarks/mobx-react 212ms (cache miss)
npm http fetch GET 200 https://npm.cloudsmith.io/vlt/benchmarks/moment 227ms (cache miss)
npm http fetch GET 200 https://npm.cloudsmith.io/vlt/benchmarks/moment-range 272ms (cache miss)
npm http fetch GET 200 https://npm.cloudsmith.io/vlt/benchmarks/moment-timezone 198ms (cache miss)
npm http fetch GET 200 https://npm.cloudsmith.io/vlt/benchmarks/password-policy 192ms (cache miss)
npm http fetch GET 200 https://npm.cloudsmith.io/vlt/benchmarks/postcss-reporter 232ms (cache miss)
npm http fetch GET 200 https://npm.cloudsmith.io/vlt/benchmarks/progress 6763ms (cache miss)
npm http fetch GET 200 https://npm.cloudsmith.io/vlt/benchmarks/qs 197ms (cache miss)
npm http fetch GET 200 https://npm.cloudsmith.io/vlt/benchmarks/raw-loader 195ms (cache miss)
npm http fetch GET 200 https://npm.cloudsmith.io/vlt/benchmarks/webpack 306ms (cache updated)
npm http fetch GET 200 https://npm.cloudsmith.io/vlt/benchmarks/rc-slider 282ms (cache miss)
npm http fetch GET 200 https://npm.cloudsmith.io/vlt/benchmarks/react-addons-css-transition-group 312ms (cache miss)
npm http fetch GET 200 https://npm.cloudsmith.io/vlt/benchmarks/react 54ms (cache updated)
npm http fetch GET 200 https://npm.cloudsmith.io/vlt/benchmarks/react-addons-shallow-compare 202ms (cache miss)
npm http fetch GET 200 https://npm.cloudsmith.io/vlt/benchmarks/react-dnd 6940ms (cache miss)
npm http fetch GET 200 https://npm.cloudsmith.io/vlt/benchmarks/react-dnd-html5-backend 253ms (cache miss)
npm http fetch GET 200 https://npm.cloudsmith.io/vlt/benchmarks/react-draft-wysiwyg 198ms (cache miss)
npm http fetch GET 200 https://npm.cloudsmith.io/vlt/benchmarks/immutable 960ms (cache miss)
npm http fetch GET 200 https://npm.cloudsmith.io/vlt/benchmarks/react-dropzone 285ms (cache miss)
npm http fetch GET 200 https://npm.cloudsmith.io/vlt/benchmarks/react-grid-layout 182ms (cache miss)
npm http fetch GET 200 https://npm.cloudsmith.io/vlt/benchmarks/react-highcharts 272ms (cache miss)
npm http fetch GET 200 https://npm.cloudsmith.io/vlt/benchmarks/react 44ms (cache updated)
npm http fetch GET 200 https://npm.cloudsmith.io/vlt/benchmarks/react-dom 78ms (cache updated)
npm http fetch GET 200 https://npm.cloudsmith.io/vlt/benchmarks/react-hot-loader 202ms (cache miss)
npm http fetch GET 200 https://npm.cloudsmith.io/vlt/benchmarks/react 56ms (cache updated)
npm http fetch GET 200 https://npm.cloudsmith.io/vlt/benchmarks/react-dom 68ms (cache updated)
npm http fetch GET 200 https://npm.cloudsmith.io/vlt/benchmarks/react-input-calendar 2294ms (cache miss)
npm http fetch GET 200 https://npm.cloudsmith.io/vlt/benchmarks/moment-range 25ms (cache updated)
npm http fetch GET 200 https://npm.cloudsmith.io/vlt/benchmarks/prop-types 21ms (cache updated)
npm http fetch GET 200 https://npm.cloudsmith.io/vlt/benchmarks/react 57ms (cache updated)
npm http fetch GET 200 https://npm.cloudsmith.io/vlt/benchmarks/react-lazyload 211ms (cache miss)
npm http fetch GET 200 https://npm.cloudsmith.io/vlt/benchmarks/react-measure 206ms (cache miss)
npm http fetch GET 200 https://npm.cloudsmith.io/vlt/benchmarks/react-mixin 196ms (cache miss)
npm http fetch GET 200 https://npm.cloudsmith.io/vlt/benchmarks/react-responsive 301ms (cache miss)
npm http fetch GET 200 https://npm.cloudsmith.io/vlt/benchmarks/react-responsive-tabs 3893ms (cache miss)
npm http fetch GET 200 https://npm.cloudsmith.io/vlt/benchmarks/react 58ms (cache updated)
npm http fetch GET 200 https://npm.cloudsmith.io/vlt/benchmarks/react-dom 71ms (cache updated)
npm http fetch GET 200 https://npm.cloudsmith.io/vlt/benchmarks/react-router 424ms (cache miss)
npm http fetch GET 200 https://npm.cloudsmith.io/vlt/benchmarks/react-router-dom 231ms (cache miss)
npm http fetch GET 200 https://npm.cloudsmith.io/vlt/benchmarks/react-select-plus 217ms (cache miss)
npm http fetch GET 200 https://npm.cloudsmith.io/vlt/benchmarks/react 57ms (cache updated)
npm http fetch GET 200 https://npm.cloudsmith.io/vlt/benchmarks/react-dom 74ms (cache updated)
npm http fetch GET 200 https://npm.cloudsmith.io/vlt/benchmarks/react-skylight 241ms (cache miss)
npm http fetch GET 200 https://npm.cloudsmith.io/vlt/benchmarks/react 337ms (cache updated)
npm http fetch GET 200 https://npm.cloudsmith.io/vlt/benchmarks/react-sortablejs 211ms (cache miss)
npm http fetch GET 200 https://npm.cloudsmith.io/vlt/benchmarks/@types%2fsortablejs 194ms (cache miss)
npm http fetch GET 200 https://npm.cloudsmith.io/vlt/benchmarks/sortablejs 232ms (cache miss)
npm http fetch GET 200 https://npm.cloudsmith.io/vlt/benchmarks/react-tappable 1210ms (cache miss)
npm http fetch GET 200 https://npm.cloudsmith.io/vlt/benchmarks/create-react-class 257ms (cache miss)
npm http fetch GET 200 https://npm.cloudsmith.io/vlt/benchmarks/prop-types 354ms (cache updated)
npm http fetch GET 200 https://npm.cloudsmith.io/vlt/benchmarks/react 54ms (cache updated)
npm http fetch GET 200 https://npm.cloudsmith.io/vlt/benchmarks/react-dom 603ms (cache updated)
npm http fetch GET 200 https://npm.cloudsmith.io/vlt/benchmarks/react-tooltip 211ms (cache miss)
npm http fetch GET 200 https://npm.cloudsmith.io/vlt/benchmarks/react-virtualized 652ms (cache miss)
npm http fetch GET 200 https://npm.cloudsmith.io/vlt/benchmarks/react-waypoint 473ms (cache miss)
npm http fetch GET 200 https://npm.cloudsmith.io/vlt/benchmarks/style-loader 3604ms (cache miss)
npm http fetch GET 200 https://npm.cloudsmith.io/vlt/benchmarks/stylelint 206ms (cache miss)
npm http fetch GET 200 https://npm.cloudsmith.io/vlt/benchmarks/superagent 197ms (cache miss)
npm http fetch GET 200 https://npm.cloudsmith.io/vlt/benchmarks/uglify-js 284ms (cache miss)
npm http fetch GET 200 https://npm.cloudsmith.io/vlt/benchmarks/uuid 184ms (cache miss)
npm http fetch GET 200 https://npm.cloudsmith.io/vlt/benchmarks/verge 1170ms (cache miss)
npm http fetch GET 200 https://npm.cloudsmith.io/vlt/benchmarks/webpack-bundle-analyzer 200ms (cache miss)
npm http fetch GET 200 https://npm.cloudsmith.io/vlt/benchmarks/webpack-hot-middleware 201ms (cache miss)
npm http fetch GET 200 https://npm.cloudsmith.io/vlt/benchmarks/webpack-notifier 623ms (cache miss)
npm http fetch GET 200 https://npm.cloudsmith.io/vlt/benchmarks/webpack-split-by-path 200ms (cache miss)
npm http fetch GET 200 https://npm.cloudsmith.io/vlt/benchmarks/whatwg-fetch 297ms (cache miss)
npm http fetch GET 200 https://npm.cloudsmith.io/vlt/benchmarks/nan-as 233ms (cache miss)
npm http fetch GET 200 https://npm.cloudsmith.io/vlt/benchmarks/fraction.js 200ms (cache miss)
npm http fetch GET 200 https://npm.cloudsmith.io/vlt/benchmarks/browserslist 216ms (cache miss)
npm http fetch GET 200 https://npm.cloudsmith.io/vlt/benchmarks/caniuse-lite 257ms (cache miss)
npm http fetch GET 200 https://npm.cloudsmith.io/vlt/benchmarks/picocolors 277ms (cache miss)
npm http fetch GET 200 https://npm.cloudsmith.io/vlt/benchmarks/postcss-value-parser 281ms (cache miss)
npm http fetch GET 200 https://npm.cloudsmith.io/vlt/benchmarks/nanoid 274ms (cache miss)
npm http fetch GET 200 https://npm.cloudsmith.io/vlt/benchmarks/babel-code-frame 176ms (cache miss)
npm http fetch GET 200 https://npm.cloudsmith.io/vlt/benchmarks/source-map-js 251ms (cache miss)
npm http fetch GET 200 https://npm.cloudsmith.io/vlt/benchmarks/babel-generator 229ms (cache miss)
npm http fetch GET 200 https://npm.cloudsmith.io/vlt/benchmarks/babel-messages 292ms (cache miss)
npm http fetch GET 200 https://npm.cloudsmith.io/vlt/benchmarks/babel-template 195ms (cache miss)
npm http fetch GET 200 https://npm.cloudsmith.io/vlt/benchmarks/babel-helpers 605ms (cache miss)
npm http fetch GET 200 https://npm.cloudsmith.io/vlt/benchmarks/babel-types 200ms (cache miss)
npm http fetch GET 200 https://npm.cloudsmith.io/vlt/benchmarks/babylon 221ms (cache miss)
npm http fetch GET 200 https://npm.cloudsmith.io/vlt/benchmarks/convert-source-map 195ms (cache miss)
npm http fetch GET 200 https://npm.cloudsmith.io/vlt/benchmarks/babel-traverse 802ms (cache miss)
npm http fetch GET 200 https://npm.cloudsmith.io/vlt/benchmarks/babel-register 1358ms (cache miss)
npm http fetch GET 200 https://npm.cloudsmith.io/vlt/benchmarks/debug 225ms (cache miss)
npm http fetch GET 200 https://npm.cloudsmith.io/vlt/benchmarks/lodash 192ms (cache updated)
npm http fetch GET 200 https://npm.cloudsmith.io/vlt/benchmarks/minimatch 212ms (cache miss)
npm http fetch GET 200 https://npm.cloudsmith.io/vlt/benchmarks/path-is-absolute 193ms (cache miss)
npm http fetch GET 200 https://npm.cloudsmith.io/vlt/benchmarks/json5 573ms (cache miss)
npm http fetch GET 200 https://npm.cloudsmith.io/vlt/benchmarks/private 438ms (cache miss)
npm http fetch GET 200 https://npm.cloudsmith.io/vlt/benchmarks/slash 301ms (cache miss)
npm http fetch GET 200 https://npm.cloudsmith.io/vlt/benchmarks/source-map 245ms (cache miss)
npm http fetch GET 200 https://npm.cloudsmith.io/vlt/benchmarks/@babel%2fcode-frame 306ms (cache miss)
npm http fetch GET 200 https://npm.cloudsmith.io/vlt/benchmarks/@babel%2ftraverse 302ms (cache miss)
npm http fetch GET 200 https://npm.cloudsmith.io/vlt/benchmarks/@babel%2ftypes 258ms (cache miss)
npm http fetch GET 200 https://npm.cloudsmith.io/vlt/benchmarks/eslint-visitor-keys 253ms (cache miss)
npm http fetch GET 200 https://npm.cloudsmith.io/vlt/benchmarks/resolve 184ms (cache miss)
npm http fetch GET 200 https://npm.cloudsmith.io/vlt/benchmarks/@eslint-community%2feslint-utils 288ms (cache miss)
npm http fetch GET 200 https://npm.cloudsmith.io/vlt/benchmarks/@eslint-community%2fregexpp 332ms (cache miss)
npm http fetch GET 200 https://npm.cloudsmith.io/vlt/benchmarks/@eslint%2fjs 11ms (cache miss)
npm http fetch GET 200 https://npm.cloudsmith.io/vlt/benchmarks/@eslint%2feslintrc 218ms (cache miss)
npm http fetch GET 200 https://npm.cloudsmith.io/vlt/benchmarks/@humanwhocodes%2fconfig-array 206ms (cache miss)
npm http fetch GET 200 https://npm.cloudsmith.io/vlt/benchmarks/@nodelib%2ffs.walk 219ms (cache miss)
npm http fetch GET 200 https://npm.cloudsmith.io/vlt/benchmarks/@ungap%2fstructured-clone 215ms (cache miss)
npm http fetch GET 200 https://npm.cloudsmith.io/vlt/benchmarks/@humanwhocodes%2fmodule-importer 816ms (cache miss)
npm http fetch GET 200 https://npm.cloudsmith.io/vlt/benchmarks/chalk 210ms (cache miss)
npm http fetch GET 200 https://npm.cloudsmith.io/vlt/benchmarks/ajv 413ms (cache miss)
npm http fetch GET 200 https://npm.cloudsmith.io/vlt/benchmarks/cross-spawn 218ms (cache miss)
npm http fetch GET 200 https://npm.cloudsmith.io/vlt/benchmarks/debug 313ms (cache updated)
npm http fetch GET 200 https://npm.cloudsmith.io/vlt/benchmarks/escape-string-regexp 22ms (cache miss)
npm http fetch GET 200 https://npm.cloudsmith.io/vlt/benchmarks/doctrine 204ms (cache miss)
npm http fetch GET 200 https://npm.cloudsmith.io/vlt/benchmarks/eslint-visitor-keys 24ms (cache updated)
npm http fetch GET 200 https://npm.cloudsmith.io/vlt/benchmarks/eslint-scope 222ms (cache miss)
npm http fetch GET 200 https://npm.cloudsmith.io/vlt/benchmarks/esquery 201ms (cache miss)
npm http fetch GET 200 https://npm.cloudsmith.io/vlt/benchmarks/esutils 244ms (cache miss)
npm http fetch GET 200 https://npm.cloudsmith.io/vlt/benchmarks/espree 636ms (cache miss)
npm http fetch GET 200 https://npm.cloudsmith.io/vlt/benchmarks/file-entry-cache 252ms (cache miss)
npm http fetch GET 200 https://npm.cloudsmith.io/vlt/benchmarks/fast-deep-equal 328ms (cache miss)
npm http fetch GET 200 https://npm.cloudsmith.io/vlt/benchmarks/find-up 202ms (cache miss)
npm http fetch GET 200 https://npm.cloudsmith.io/vlt/benchmarks/glob-parent 211ms (cache miss)
npm http fetch GET 200 https://npm.cloudsmith.io/vlt/benchmarks/globals 187ms (cache miss)
npm http fetch GET 200 https://npm.cloudsmith.io/vlt/benchmarks/graphemer 199ms (cache miss)
npm http fetch GET 200 https://npm.cloudsmith.io/vlt/benchmarks/ignore 24ms (cache miss)
npm http fetch GET 200 https://npm.cloudsmith.io/vlt/benchmarks/is-glob 193ms (cache miss)
npm http fetch GET 200 https://npm.cloudsmith.io/vlt/benchmarks/imurmurhash 206ms (cache miss)
npm http fetch GET 200 https://npm.cloudsmith.io/vlt/benchmarks/is-path-inside 184ms (cache miss)
npm http fetch GET 200 https://npm.cloudsmith.io/vlt/benchmarks/js-yaml 395ms (cache miss)
npm http fetch GET 200 https://npm.cloudsmith.io/vlt/benchmarks/json-stable-stringify-without-jsonify 339ms (cache miss)
npm http fetch GET 200 https://npm.cloudsmith.io/vlt/benchmarks/levn 258ms (cache miss)
npm http fetch GET 200 https://npm.cloudsmith.io/vlt/benchmarks/minimatch 201ms (cache updated)
npm http fetch GET 200 https://npm.cloudsmith.io/vlt/benchmarks/natural-compare 229ms (cache miss)
npm http fetch GET 200 https://npm.cloudsmith.io/vlt/benchmarks/optionator 363ms (cache miss)
npm http fetch GET 200 https://npm.cloudsmith.io/vlt/benchmarks/lodash.merge 1183ms (cache miss)
npm http fetch GET 200 https://npm.cloudsmith.io/vlt/benchmarks/text-table 215ms (cache miss)
npm http fetch GET 200 https://npm.cloudsmith.io/vlt/benchmarks/find-cache-dir 184ms (cache miss)
npm http fetch GET 200 https://npm.cloudsmith.io/vlt/benchmarks/schema-utils 193ms (cache miss)
npm http fetch GET 200 https://npm.cloudsmith.io/vlt/benchmarks/@types%2festree 220ms (cache miss)
npm http fetch GET 200 https://npm.cloudsmith.io/vlt/benchmarks/@types%2fjson-schema 203ms (cache miss)
npm http fetch GET 200 https://npm.cloudsmith.io/vlt/benchmarks/@webassemblyjs%2fast 216ms (cache miss)
npm http fetch GET 200 https://npm.cloudsmith.io/vlt/benchmarks/@webassemblyjs%2fwasm-edit 214ms (cache miss)
npm http fetch GET 200 https://npm.cloudsmith.io/vlt/benchmarks/@webassemblyjs%2fwasm-parser 253ms (cache miss)
npm http fetch GET 200 https://npm.cloudsmith.io/vlt/benchmarks/browserslist 13ms (cache updated)
npm http fetch GET 200 https://npm.cloudsmith.io/vlt/benchmarks/chrome-trace-event 191ms (cache miss)
npm http fetch GET 200 https://npm.cloudsmith.io/vlt/benchmarks/enhanced-resolve 244ms (cache miss)
npm http fetch GET 200 https://npm.cloudsmith.io/vlt/benchmarks/strip-ansi 2519ms (cache miss)
npm http fetch GET 200 https://npm.cloudsmith.io/vlt/benchmarks/events 218ms (cache miss)
npm http fetch GET 200 https://npm.cloudsmith.io/vlt/benchmarks/es-module-lexer 387ms (cache miss)
npm http fetch GET 200 https://npm.cloudsmith.io/vlt/benchmarks/graceful-fs 224ms (cache miss)
npm http fetch GET 200 https://npm.cloudsmith.io/vlt/benchmarks/mime-db 227ms (cache miss)
npm http fetch GET 200 https://npm.cloudsmith.io/vlt/benchmarks/schema-utils 24ms (cache updated)
npm http fetch GET 200 https://npm.cloudsmith.io/vlt/benchmarks/minimizer-webpack-plugin 208ms (cache miss)
npm http fetch GET 200 https://npm.cloudsmith.io/vlt/benchmarks/tapable 179ms (cache miss)
npm http fetch GET 200 https://npm.cloudsmith.io/vlt/benchmarks/watchpack 183ms (cache miss)
npm http fetch GET 200 https://npm.cloudsmith.io/vlt/benchmarks/@babel%2fcode-frame 194ms (cache updated)
npm http fetch GET 200 https://npm.cloudsmith.io/vlt/benchmarks/webpack-sources 536ms (cache miss)
npm http fetch GET 200 https://npm.cloudsmith.io/vlt/benchmarks/@babel%2fgenerator 234ms (cache miss)
npm http fetch GET 200 https://npm.cloudsmith.io/vlt/benchmarks/@babel%2fhelper-module-transforms 230ms (cache miss)
npm http fetch GET 200 https://npm.cloudsmith.io/vlt/benchmarks/@babel%2fparser 9920ms (cache miss)
npm http fetch GET 200 https://npm.cloudsmith.io/vlt/benchmarks/@babel%2fparser 28ms (cache updated)
npm http fetch GET 200 https://npm.cloudsmith.io/vlt/benchmarks/@babel%2fhelper-compilation-targets 1539ms (cache miss)
npm http fetch GET 200 https://npm.cloudsmith.io/vlt/benchmarks/@babel%2ftraverse 53ms (cache updated)
npm http fetch GET 200 https://npm.cloudsmith.io/vlt/benchmarks/@babel%2ftypes 15ms (cache updated)
npm http fetch GET 200 https://npm.cloudsmith.io/vlt/benchmarks/@jridgewell%2fremapping 190ms (cache miss)
npm http fetch GET 200 https://npm.cloudsmith.io/vlt/benchmarks/convert-source-map 13ms (cache updated)
npm http fetch GET 200 https://npm.cloudsmith.io/vlt/benchmarks/debug 13ms (cache updated)
npm http fetch GET 200 https://npm.cloudsmith.io/vlt/benchmarks/@babel%2ftemplate 1296ms (cache miss)
npm http fetch GET 200 https://npm.cloudsmith.io/vlt/benchmarks/json5 21ms (cache updated)
npm http fetch GET 200 https://npm.cloudsmith.io/vlt/benchmarks/gensync 274ms (cache miss)
npm http fetch GET 200 https://npm.cloudsmith.io/vlt/benchmarks/semver 205ms (cache miss)
npm http fetch GET 200 https://npm.cloudsmith.io/vlt/benchmarks/@babel%2ftypes 15ms (cache updated)
npm http fetch GET 200 https://npm.cloudsmith.io/vlt/benchmarks/@babel%2fhelper-module-imports 202ms (cache miss)
npm http fetch GET 200 https://npm.cloudsmith.io/vlt/benchmarks/lodash 12ms (cache updated)
npm http fetch GET 200 https://npm.cloudsmith.io/vlt/benchmarks/glob 394ms (cache updated)
npm http fetch GET 200 https://npm.cloudsmith.io/vlt/benchmarks/require-package-name 256ms (cache miss)
npm http fetch GET 200 https://npm.cloudsmith.io/vlt/benchmarks/glob 14ms (cache updated)
npm http fetch GET 200 https://npm.cloudsmith.io/vlt/benchmarks/pkg-up 213ms (cache miss)
npm http fetch GET 200 https://npm.cloudsmith.io/vlt/benchmarks/find-babel-config 250ms (cache miss)
npm http fetch GET 200 https://npm.cloudsmith.io/vlt/benchmarks/resolve 12ms (cache updated)
npm http fetch GET 200 https://npm.cloudsmith.io/vlt/benchmarks/reselect 212ms (cache miss)
npm http fetch GET 200 https://npm.cloudsmith.io/vlt/benchmarks/babel-plugin-syntax-decorators 260ms (cache miss)
npm http fetch GET 200 https://npm.cloudsmith.io/vlt/benchmarks/babel-template 11ms (cache updated)
npm http fetch GET 200 https://npm.cloudsmith.io/vlt/benchmarks/babel-runtime 193ms (cache updated)
npm http fetch GET 200 https://npm.cloudsmith.io/vlt/benchmarks/babel-runtime 217ms (cache updated)
npm http fetch GET 200 https://npm.cloudsmith.io/vlt/benchmarks/core-js 243ms (cache miss)
npm http fetch GET 200 https://npm.cloudsmith.io/vlt/benchmarks/regenerator-runtime 205ms (cache miss)
npm http fetch GET 200 https://npm.cloudsmith.io/vlt/benchmarks/babel-plugin-check-es2015-constants 194ms (cache miss)
npm http fetch GET 200 https://npm.cloudsmith.io/vlt/benchmarks/babel-plugin-transform-es2015-arrow-functions 247ms (cache miss)
npm http fetch GET 200 https://npm.cloudsmith.io/vlt/benchmarks/babel-plugin-transform-es2015-block-scoped-functions 211ms (cache miss)
npm http fetch GET 200 https://npm.cloudsmith.io/vlt/benchmarks/babel-plugin-transform-es2015-classes 183ms (cache miss)
npm http fetch GET 200 https://npm.cloudsmith.io/vlt/benchmarks/babel-plugin-transform-es2015-computed-properties 282ms (cache miss)
npm http fetch GET 200 https://npm.cloudsmith.io/vlt/benchmarks/babel-plugin-transform-es2015-destructuring 202ms (cache miss)
npm http fetch GET 200 https://npm.cloudsmith.io/vlt/benchmarks/babel-plugin-transform-es2015-block-scoping 1582ms (cache miss)
npm http fetch GET 200 https://npm.cloudsmith.io/vlt/benchmarks/babel-plugin-transform-es2015-for-of 203ms (cache miss)
npm http fetch GET 200 https://npm.cloudsmith.io/vlt/benchmarks/babel-plugin-transform-es2015-function-name 233ms (cache miss)
npm http fetch GET 200 https://npm.cloudsmith.io/vlt/benchmarks/babel-plugin-transform-es2015-literals 295ms (cache miss)
npm http fetch GET 200 https://npm.cloudsmith.io/vlt/benchmarks/babel-plugin-transform-es2015-modules-amd 343ms (cache miss)
npm http fetch GET 200 https://npm.cloudsmith.io/vlt/benchmarks/babel-plugin-transform-es2015-modules-commonjs 512ms (cache miss)
npm http fetch GET 200 https://npm.cloudsmith.io/vlt/benchmarks/babel-plugin-transform-es2015-modules-systemjs 210ms (cache miss)
npm http fetch GET 200 https://npm.cloudsmith.io/vlt/benchmarks/babel-plugin-transform-es2015-modules-umd 198ms (cache miss)
npm http fetch GET 200 https://npm.cloudsmith.io/vlt/benchmarks/babel-plugin-transform-es2015-object-super 280ms (cache miss)
npm http fetch GET 200 https://npm.cloudsmith.io/vlt/benchmarks/babel-plugin-transform-es2015-parameters 212ms (cache miss)
npm http fetch GET 200 https://npm.cloudsmith.io/vlt/benchmarks/babel-plugin-transform-es2015-duplicate-keys 3341ms (cache miss)
npm http fetch GET 200 https://npm.cloudsmith.io/vlt/benchmarks/babel-plugin-transform-es2015-spread 187ms (cache miss)
npm http fetch GET 200 https://npm.cloudsmith.io/vlt/benchmarks/babel-plugin-transform-es2015-shorthand-properties 262ms (cache miss)
npm http fetch GET 200 https://npm.cloudsmith.io/vlt/benchmarks/babel-plugin-transform-es2015-sticky-regex 204ms (cache miss)
npm http fetch GET 200 https://npm.cloudsmith.io/vlt/benchmarks/babel-plugin-transform-es2015-template-literals 263ms (cache miss)
npm http fetch GET 200 https://npm.cloudsmith.io/vlt/benchmarks/babel-plugin-transform-es2015-typeof-symbol 295ms (cache miss)
npm http fetch GET 200 https://npm.cloudsmith.io/vlt/benchmarks/babel-plugin-transform-es2015-unicode-regex 200ms (cache miss)
npm http fetch GET 200 https://npm.cloudsmith.io/vlt/benchmarks/babel-plugin-transform-regenerator 208ms (cache miss)
npm http fetch GET 200 https://npm.cloudsmith.io/vlt/benchmarks/babel-preset-flow 325ms (cache miss)
npm http fetch GET 200 https://npm.cloudsmith.io/vlt/benchmarks/babel-plugin-syntax-jsx 209ms (cache miss)
npm http fetch GET 200 https://npm.cloudsmith.io/vlt/benchmarks/babel-plugin-transform-react-display-name 196ms (cache miss)
npm http fetch GET 200 https://npm.cloudsmith.io/vlt/benchmarks/babel-plugin-transform-react-jsx 184ms (cache miss)
npm http fetch GET 200 https://npm.cloudsmith.io/vlt/benchmarks/babel-plugin-transform-react-jsx-self 203ms (cache miss)
npm http fetch GET 200 https://npm.cloudsmith.io/vlt/benchmarks/@babel%2fhelpers 9389ms (cache miss)
npm http fetch GET 200 https://npm.cloudsmith.io/vlt/benchmarks/react-transform-catch-errors 208ms (cache miss)
npm http fetch GET 200 https://npm.cloudsmith.io/vlt/benchmarks/react-transform-hmr 350ms (cache miss)
npm http fetch GET 200 https://npm.cloudsmith.io/vlt/benchmarks/babel-plugin-transform-react-jsx-source 1174ms (cache miss)
npm http fetch GET 200 https://npm.cloudsmith.io/vlt/benchmarks/redbox-react 226ms (cache miss)
npm http fetch GET 200 https://npm.cloudsmith.io/vlt/benchmarks/babel-plugin-transform-class-constructor-call 295ms (cache miss)
npm http fetch GET 200 https://npm.cloudsmith.io/vlt/benchmarks/babel-plugin-transform-export-extensions 226ms (cache miss)
npm http fetch GET 200 https://npm.cloudsmith.io/vlt/benchmarks/core-js 16ms (cache updated)
npm http fetch GET 200 https://npm.cloudsmith.io/vlt/benchmarks/regenerator-runtime 11ms (cache updated)
npm http fetch GET 200 https://npm.cloudsmith.io/vlt/benchmarks/babel-preset-stage-2 227ms (cache miss)
npm http fetch GET 200 https://npm.cloudsmith.io/vlt/benchmarks/babel-plugin-react-transform 1442ms (cache miss)
npm http fetch GET 200 https://npm.cloudsmith.io/vlt/benchmarks/del 224ms (cache miss)
npm http fetch GET 200 https://npm.cloudsmith.io/vlt/benchmarks/icss-utils 228ms (cache miss)
npm http fetch GET 200 https://npm.cloudsmith.io/vlt/benchmarks/postcss-modules-extract-imports 224ms (cache miss)
npm http fetch GET 200 https://npm.cloudsmith.io/vlt/benchmarks/postcss-modules-local-by-default 192ms (cache miss)
npm http fetch GET 200 https://npm.cloudsmith.io/vlt/benchmarks/semver 12ms (cache updated)
npm http fetch GET 200 https://npm.cloudsmith.io/vlt/benchmarks/postcss-modules-scope 448ms (cache miss)
npm http fetch GET 200 https://npm.cloudsmith.io/vlt/benchmarks/postcss-modules-values 450ms (cache miss)
npm http fetch GET 200 https://npm.cloudsmith.io/vlt/benchmarks/minimist 442ms (cache miss)
npm http fetch GET 200 https://npm.cloudsmith.io/vlt/benchmarks/postcss 242ms (cache updated)
npm http fetch GET 200 https://npm.cloudsmith.io/vlt/benchmarks/lilconfig 245ms (cache miss)
npm http fetch GET 200 https://npm.cloudsmith.io/vlt/benchmarks/cssnano-preset-default 205ms (cache miss)
npm http fetch GET 200 https://npm.cloudsmith.io/vlt/benchmarks/object-assign 186ms (cache miss)
npm http fetch GET 200 https://npm.cloudsmith.io/vlt/benchmarks/fbjs 256ms (cache miss)
npm http fetch GET 200 https://npm.cloudsmith.io/vlt/benchmarks/immutable 376ms (cache updated)
npm http fetch GET 200 https://npm.cloudsmith.io/vlt/benchmarks/loose-envify 242ms (cache miss)
npm http fetch GET 200 https://npm.cloudsmith.io/vlt/benchmarks/scheduler 678ms (cache miss)
npm http fetch GET 200 https://npm.cloudsmith.io/vlt/benchmarks/eslint-config-airbnb-base 698ms (cache miss)
npm http fetch GET 200 https://npm.cloudsmith.io/vlt/benchmarks/jake 1664ms (cache miss)
npm http fetch GET 200 https://npm.cloudsmith.io/vlt/benchmarks/loose-envify 3416ms (cache miss)
npm http fetch GET 200 https://npm.cloudsmith.io/vlt/benchmarks/array-includes 238ms (cache miss)
npm http fetch GET 200 https://npm.cloudsmith.io/vlt/benchmarks/object.assign 2587ms (cache miss)
npm http fetch GET 200 https://npm.cloudsmith.io/vlt/benchmarks/array.prototype.findlast 240ms (cache miss)
npm http fetch GET 200 https://npm.cloudsmith.io/vlt/benchmarks/array.prototype.tosorted 305ms (cache miss)
npm http fetch GET 200 https://npm.cloudsmith.io/vlt/benchmarks/doctrine 22ms (cache updated)
npm http fetch GET 200 https://npm.cloudsmith.io/vlt/benchmarks/es-iterator-helpers 299ms (cache miss)
npm http fetch GET 200 https://npm.cloudsmith.io/vlt/benchmarks/estraverse 296ms (cache miss)
npm http fetch GET 200 https://npm.cloudsmith.io/vlt/benchmarks/hasown 273ms (cache miss)
npm http fetch GET 200 https://npm.cloudsmith.io/vlt/benchmarks/object.entries 3420ms (cache miss)
npm http fetch GET 200 https://npm.cloudsmith.io/vlt/benchmarks/object.entries 25ms (cache updated)
npm http fetch GET 200 https://npm.cloudsmith.io/vlt/benchmarks/jsx-ast-utils 189ms (cache miss)
npm http fetch GET 200 https://npm.cloudsmith.io/vlt/benchmarks/object.fromentries 215ms (cache miss)
npm http fetch GET 200 https://npm.cloudsmith.io/vlt/benchmarks/object.values 240ms (cache miss)
npm http fetch GET 200 https://npm.cloudsmith.io/vlt/benchmarks/resolve 13ms (cache updated)
npm http fetch GET 200 https://npm.cloudsmith.io/vlt/benchmarks/prop-types 216ms (cache updated)
npm http fetch GET 200 https://npm.cloudsmith.io/vlt/benchmarks/string.prototype.matchall 201ms (cache miss)
npm http fetch GET 200 https://npm.cloudsmith.io/vlt/benchmarks/string.prototype.repeat 320ms (cache miss)
npm http fetch GET 200 https://npm.cloudsmith.io/vlt/benchmarks/aria-query 205ms (cache miss)
npm http fetch GET 200 https://npm.cloudsmith.io/vlt/benchmarks/array.prototype.flatmap 199ms (cache miss)
npm http fetch GET 200 https://npm.cloudsmith.io/vlt/benchmarks/axe-core 354ms (cache miss)
npm http fetch GET 200 https://npm.cloudsmith.io/vlt/benchmarks/ast-types-flow 610ms (cache miss)
npm http fetch GET 200 https://npm.cloudsmith.io/vlt/benchmarks/axobject-query 191ms (cache miss)
npm http fetch GET 200 https://npm.cloudsmith.io/vlt/benchmarks/damerau-levenshtein 201ms (cache miss)
npm http fetch GET 200 https://npm.cloudsmith.io/vlt/benchmarks/jsx-ast-utils 21ms (cache updated)
npm http fetch GET 200 https://npm.cloudsmith.io/vlt/benchmarks/emoji-regex 197ms (cache miss)
npm http fetch GET 200 https://npm.cloudsmith.io/vlt/benchmarks/language-tags 191ms (cache miss)
npm http fetch GET 200 https://npm.cloudsmith.io/vlt/benchmarks/safe-regex-test 174ms (cache miss)
npm http fetch GET 200 https://npm.cloudsmith.io/vlt/benchmarks/@rtsao%2fscc 198ms (cache miss)
npm http fetch GET 200 https://npm.cloudsmith.io/vlt/benchmarks/array-includes 11ms (cache updated)
npm http fetch GET 200 https://npm.cloudsmith.io/vlt/benchmarks/array.prototype.findlastindex 220ms (cache miss)
npm http fetch GET 200 https://npm.cloudsmith.io/vlt/benchmarks/array.prototype.flat 294ms (cache miss)
npm http fetch GET 200 https://npm.cloudsmith.io/vlt/benchmarks/array.prototype.flatmap 22ms (cache updated)
npm http fetch GET 200 https://npm.cloudsmith.io/vlt/benchmarks/debug 12ms (cache updated)
npm http fetch GET 200 https://npm.cloudsmith.io/vlt/benchmarks/eslint-import-resolver-node 266ms (cache miss)
npm http fetch GET 200 https://npm.cloudsmith.io/vlt/benchmarks/eslint-module-utils 208ms (cache miss)
npm http fetch GET 200 https://npm.cloudsmith.io/vlt/benchmarks/is-core-module 180ms (cache miss)
npm http fetch GET 200 https://npm.cloudsmith.io/vlt/benchmarks/is-glob 11ms (cache updated)
npm http fetch GET 200 https://npm.cloudsmith.io/vlt/benchmarks/object.groupby 204ms (cache miss)
npm http fetch GET 200 https://npm.cloudsmith.io/vlt/benchmarks/string.prototype.trimend 1660ms (cache miss)
npm http fetch GET 200 https://npm.cloudsmith.io/vlt/benchmarks/tsconfig-paths 216ms (cache miss)
npm http fetch GET 200 https://npm.cloudsmith.io/vlt/benchmarks/enhanced-resolve 13ms (cache updated)
npm http fetch GET 200 https://npm.cloudsmith.io/vlt/benchmarks/find-root 189ms (cache miss)
npm http fetch GET 200 https://npm.cloudsmith.io/vlt/benchmarks/interpret 216ms (cache miss)
npm http fetch GET 200 https://npm.cloudsmith.io/vlt/benchmarks/is-regex 182ms (cache miss)
npm http fetch GET 200 https://npm.cloudsmith.io/vlt/benchmarks/lodash 1037ms (cache updated)
npm http fetch GET 200 https://npm.cloudsmith.io/vlt/benchmarks/resolve 225ms (cache updated)
npm http fetch GET 200 https://npm.cloudsmith.io/vlt/benchmarks/semver 26ms (cache updated)
npm http fetch GET 200 https://npm.cloudsmith.io/vlt/benchmarks/accepts 423ms (cache miss)
npm http fetch GET 200 https://npm.cloudsmith.io/vlt/benchmarks/array-flatten 292ms (cache miss)
npm http fetch GET 200 https://npm.cloudsmith.io/vlt/benchmarks/string.prototype.includes 6558ms (cache miss)
npm http fetch GET 200 https://npm.cloudsmith.io/vlt/benchmarks/content-disposition 212ms (cache miss)
npm http fetch GET 200 https://npm.cloudsmith.io/vlt/benchmarks/array.prototype.flatmap 11425ms (cache miss)
npm http fetch GET 200 https://npm.cloudsmith.io/vlt/benchmarks/cookie 226ms (cache miss)
npm http fetch GET 200 https://npm.cloudsmith.io/vlt/benchmarks/cookie-signature 196ms (cache miss)
npm http fetch GET 200 https://npm.cloudsmith.io/vlt/benchmarks/debug 23ms (cache updated)
npm http fetch GET 200 https://npm.cloudsmith.io/vlt/benchmarks/depd 4007ms (cache miss)
npm http fetch GET 200 https://npm.cloudsmith.io/vlt/benchmarks/body-parser 8016ms (cache miss)
npm http fetch GET 200 https://npm.cloudsmith.io/vlt/benchmarks/escape-html 207ms (cache miss)
npm http fetch GET 200 https://npm.cloudsmith.io/vlt/benchmarks/etag 204ms (cache miss)
npm http fetch GET 200 https://npm.cloudsmith.io/vlt/benchmarks/finalhandler 216ms (cache miss)
npm http fetch GET 200 https://npm.cloudsmith.io/vlt/benchmarks/fresh 186ms (cache miss)
npm http fetch GET 200 https://npm.cloudsmith.io/vlt/benchmarks/http-errors 268ms (cache miss)
npm http fetch GET 200 https://npm.cloudsmith.io/vlt/benchmarks/merge-descriptors 290ms (cache miss)
npm http fetch GET 200 https://npm.cloudsmith.io/vlt/benchmarks/methods 192ms (cache miss)
npm http fetch GET 200 https://npm.cloudsmith.io/vlt/benchmarks/on-finished 178ms (cache miss)
npm http fetch GET 200 https://npm.cloudsmith.io/vlt/benchmarks/encodeurl 4758ms (cache miss)
npm http fetch GET 200 https://npm.cloudsmith.io/vlt/benchmarks/path-to-regexp 192ms (cache miss)
npm http fetch GET 200 https://npm.cloudsmith.io/vlt/benchmarks/proxy-addr 196ms (cache miss)
npm http fetch GET 200 https://npm.cloudsmith.io/vlt/benchmarks/qs 2013ms (cache updated)
npm http fetch GET 200 https://npm.cloudsmith.io/vlt/benchmarks/range-parser 256ms (cache miss)
npm http fetch GET 200 https://npm.cloudsmith.io/vlt/benchmarks/safe-buffer 208ms (cache miss)
npm http fetch GET 200 https://npm.cloudsmith.io/vlt/benchmarks/send 248ms (cache miss)
npm http fetch GET 200 https://npm.cloudsmith.io/vlt/benchmarks/serve-static 194ms (cache miss)
npm http fetch GET 200 https://npm.cloudsmith.io/vlt/benchmarks/setprototypeof 3203ms (cache miss)
npm http fetch GET 200 https://npm.cloudsmith.io/vlt/benchmarks/content-type 17735ms (cache miss)
npm http fetch GET 200 https://npm.cloudsmith.io/vlt/benchmarks/type-is 196ms (cache miss)
npm http fetch GET 200 https://npm.cloudsmith.io/vlt/benchmarks/utils-merge 214ms (cache miss)
npm http fetch GET 200 https://npm.cloudsmith.io/vlt/benchmarks/vary 342ms (cache miss)
npm http fetch GET 200 https://npm.cloudsmith.io/vlt/benchmarks/debug 13ms (cache updated)
npm http fetch GET 200 https://npm.cloudsmith.io/vlt/benchmarks/es6-promise 197ms (cache miss)
npm http fetch GET 200 https://npm.cloudsmith.io/vlt/benchmarks/raw-body 1678ms (cache miss)
npm http fetch GET 200 https://npm.cloudsmith.io/vlt/benchmarks/foreground-child 10ms (cache miss)
npm http fetch GET 200 https://npm.cloudsmith.io/vlt/benchmarks/jackspeak 325ms (cache miss)
npm http fetch GET 200 https://npm.cloudsmith.io/vlt/benchmarks/minimatch 12ms (cache updated)
npm http fetch GET 200 https://npm.cloudsmith.io/vlt/benchmarks/minipass 15ms (cache miss)
npm http fetch GET 200 https://npm.cloudsmith.io/vlt/benchmarks/package-json-from-dist 19ms (cache miss)
npm http fetch GET 200 https://npm.cloudsmith.io/vlt/benchmarks/path-scurry 11ms (cache miss)
npm http fetch GET 200 https://npm.cloudsmith.io/vlt/benchmarks/glob-watcher 232ms (cache miss)
npm http fetch GET 200 https://npm.cloudsmith.io/vlt/benchmarks/statuses 4042ms (cache miss)
npm http fetch GET 200 https://npm.cloudsmith.io/vlt/benchmarks/gulp-cli 377ms (cache miss)
npm http fetch GET 200 https://npm.cloudsmith.io/vlt/benchmarks/undertaker 227ms (cache miss)
npm http fetch GET 200 https://npm.cloudsmith.io/vlt/benchmarks/vinyl-fs 260ms (cache miss)
npm http fetch GET 200 https://npm.cloudsmith.io/vlt/benchmarks/concat-with-sourcemaps 199ms (cache miss)
npm http fetch GET 200 https://npm.cloudsmith.io/vlt/benchmarks/through2 185ms (cache miss)
npm http fetch GET 200 https://npm.cloudsmith.io/vlt/benchmarks/vinyl 190ms (cache miss)
npm http fetch GET 200 https://npm.cloudsmith.io/vlt/benchmarks/csslint 192ms (cache miss)
npm http fetch GET 200 https://npm.cloudsmith.io/vlt/benchmarks/plugin-error 168ms (cache miss)
npm http fetch GET 200 https://npm.cloudsmith.io/vlt/benchmarks/fancy-log 336ms (cache miss)
npm http fetch GET 200 https://npm.cloudsmith.io/vlt/benchmarks/through2 12ms (cache updated)
npm http fetch GET 200 https://npm.cloudsmith.io/vlt/benchmarks/vinyl 21ms (cache updated)
npm http fetch GET 200 https://npm.cloudsmith.io/vlt/benchmarks/buffer-from 227ms (cache miss)
npm http fetch GET 200 https://npm.cloudsmith.io/vlt/benchmarks/rcloader 366ms (cache miss)
npm http fetch GET 200 https://npm.cloudsmith.io/vlt/benchmarks/parseurl 13337ms (cache miss)
npm http fetch GET 200 https://npm.cloudsmith.io/vlt/benchmarks/vinyl-sourcemaps-apply 176ms (cache miss)
npm http fetch GET 200 https://npm.cloudsmith.io/vlt/benchmarks/plugin-error 15ms (cache updated)
npm http fetch GET 200 https://npm.cloudsmith.io/vlt/benchmarks/through2 13ms (cache updated)
npm http fetch GET 200 https://npm.cloudsmith.io/vlt/benchmarks/object-assign 214ms (cache updated)
npm http fetch GET 200 https://npm.cloudsmith.io/vlt/benchmarks/plugin-error 23ms (cache updated)
npm http fetch GET 200 https://npm.cloudsmith.io/vlt/benchmarks/cssnano 349ms (cache updated)
npm http fetch GET 200 https://npm.cloudsmith.io/vlt/benchmarks/replace-ext 199ms (cache miss)
npm http fetch GET 200 https://npm.cloudsmith.io/vlt/benchmarks/vinyl-sourcemaps-apply 11ms (cache updated)
npm http fetch GET 200 https://npm.cloudsmith.io/vlt/benchmarks/less 306ms (cache updated)
npm http fetch GET 200 https://npm.cloudsmith.io/vlt/benchmarks/debug 15ms (cache updated)
npm http fetch GET 200 https://npm.cloudsmith.io/vlt/benchmarks/chalk 322ms (cache updated)
npm http fetch GET 200 https://npm.cloudsmith.io/vlt/benchmarks/lodash.assign 256ms (cache miss)
npm http fetch GET 200 https://npm.cloudsmith.io/vlt/benchmarks/readable-stream 197ms (cache miss)
npm http fetch GET 200 https://npm.cloudsmith.io/vlt/benchmarks/vinyl 13ms (cache updated)
npm http fetch GET 200 https://npm.cloudsmith.io/vlt/benchmarks/tiny-lr 195ms (cache miss)
npm http fetch GET 200 https://npm.cloudsmith.io/vlt/benchmarks/clean-css 188ms (cache miss)
npm http fetch GET 200 https://npm.cloudsmith.io/vlt/benchmarks/readable-stream 25ms (cache updated)
npm http fetch GET 200 https://npm.cloudsmith.io/vlt/benchmarks/gulp-util 238ms (cache updated)
npm http fetch GET 200 https://npm.cloudsmith.io/vlt/benchmarks/fancy-log 11ms (cache updated)
npm http fetch GET 200 https://npm.cloudsmith.io/vlt/benchmarks/plugin-error 12ms (cache updated)
npm http fetch GET 200 https://npm.cloudsmith.io/vlt/benchmarks/vinyl-bufferstream 200ms (cache miss)
npm http fetch GET 200 https://npm.cloudsmith.io/vlt/benchmarks/postcss-load-config 296ms (cache miss)
npm http fetch GET 200 https://npm.cloudsmith.io/vlt/benchmarks/array-uniq 208ms (cache miss)
npm http fetch GET 200 https://npm.cloudsmith.io/vlt/benchmarks/beeper 463ms (cache miss)
npm http fetch GET 200 https://npm.cloudsmith.io/vlt/benchmarks/chalk 22ms (cache updated)
npm http fetch GET 200 https://npm.cloudsmith.io/vlt/benchmarks/dateformat 531ms (cache miss)
npm http fetch GET 200 https://npm.cloudsmith.io/vlt/benchmarks/array-differ 1978ms (cache miss)
npm http fetch GET 200 https://npm.cloudsmith.io/vlt/benchmarks/gulplog 186ms (cache miss)
npm http fetch GET 200 https://npm.cloudsmith.io/vlt/benchmarks/has-gulplog 196ms (cache miss)
npm http fetch GET 200 https://npm.cloudsmith.io/vlt/benchmarks/through2 3541ms (cache updated)
npm http fetch GET 200 https://npm.cloudsmith.io/vlt/benchmarks/lodash._reescape 202ms (cache miss)
npm http fetch GET 200 https://npm.cloudsmith.io/vlt/benchmarks/fancy-log 1288ms (cache updated)
npm http fetch GET 200 https://npm.cloudsmith.io/vlt/benchmarks/lodash._reevaluate 256ms (cache miss)
npm http fetch GET 200 https://npm.cloudsmith.io/vlt/benchmarks/lodash._reinterpolate 193ms (cache miss)
npm http fetch GET 200 https://npm.cloudsmith.io/vlt/benchmarks/lodash.template 217ms (cache miss)
npm http fetch GET 200 https://npm.cloudsmith.io/vlt/benchmarks/object-assign 22ms (cache updated)
npm http fetch GET 200 https://npm.cloudsmith.io/vlt/benchmarks/minimist 197ms (cache updated)
npm http fetch GET 200 https://npm.cloudsmith.io/vlt/benchmarks/replace-ext 11ms (cache updated)
npm http fetch GET 200 https://npm.cloudsmith.io/vlt/benchmarks/vinyl 12ms (cache updated)
npm http fetch GET 200 https://npm.cloudsmith.io/vlt/benchmarks/multipipe 187ms (cache miss)
npm http fetch GET 200 https://npm.cloudsmith.io/vlt/benchmarks/async 182ms (cache miss)
npm http fetch GET 200 https://npm.cloudsmith.io/vlt/benchmarks/loader-utils 218ms (cache miss)
npm http fetch GET 200 https://npm.cloudsmith.io/vlt/benchmarks/json-stringify-safe 268ms (cache miss)
npm http fetch GET 200 https://npm.cloudsmith.io/vlt/benchmarks/serialize-error 224ms (cache miss)
npm http fetch GET 200 https://npm.cloudsmith.io/vlt/benchmarks/source-map-js 227ms (cache updated)
npm http fetch GET 200 https://npm.cloudsmith.io/vlt/benchmarks/@babel%2fruntime 409ms (cache miss)
npm http fetch GET 200 https://npm.cloudsmith.io/vlt/benchmarks/strip-comments 277ms (cache miss)
npm http fetch GET 200 https://npm.cloudsmith.io/vlt/benchmarks/copy-anything 208ms (cache miss)
npm http fetch GET 200 https://npm.cloudsmith.io/vlt/benchmarks/graceful-fs 12ms (cache updated)
npm http fetch GET 200 https://npm.cloudsmith.io/vlt/benchmarks/parse-node-version 185ms (cache miss)
npm http fetch GET 200 https://npm.cloudsmith.io/vlt/benchmarks/errno 203ms (cache miss)
npm http fetch GET 200 https://npm.cloudsmith.io/vlt/benchmarks/make-dir 223ms (cache miss)
npm http fetch GET 200 https://npm.cloudsmith.io/vlt/benchmarks/mime 256ms (cache miss)
npm http fetch GET 200 https://npm.cloudsmith.io/vlt/benchmarks/source-map 200ms (cache updated)
npm http fetch GET 200 https://npm.cloudsmith.io/vlt/benchmarks/needle 346ms (cache miss)
npm http fetch GET 200 https://npm.cloudsmith.io/vlt/benchmarks/immutable 232ms (cache updated)
npm http fetch GET 200 https://npm.cloudsmith.io/vlt/benchmarks/react-transition-group 265ms (cache miss)
npm http fetch GET 200 https://npm.cloudsmith.io/vlt/benchmarks/loose-envify 206ms (cache updated)
npm http fetch GET 200 https://npm.cloudsmith.io/vlt/benchmarks/react-is 320ms (cache miss)
npm http fetch GET 200 https://npm.cloudsmith.io/vlt/benchmarks/@babel%2fruntime 49ms (cache updated)
npm http fetch GET 200 https://npm.cloudsmith.io/vlt/benchmarks/invariant 203ms (cache miss)
npm http fetch GET 200 https://npm.cloudsmith.io/vlt/benchmarks/mobx-react-lite 318ms (cache miss)
npm http fetch GET 200 https://npm.cloudsmith.io/vlt/benchmarks/es6-symbol 868ms (cache miss)
npm http fetch GET 200 https://npm.cloudsmith.io/vlt/benchmarks/picocolors 227ms (cache updated)
npm http fetch GET 200 https://npm.cloudsmith.io/vlt/benchmarks/thenby 196ms (cache miss)
npm http fetch GET 200 https://npm.cloudsmith.io/vlt/benchmarks/es-define-property 220ms (cache miss)
npm http fetch GET 200 https://npm.cloudsmith.io/vlt/benchmarks/side-channel 227ms (cache miss)
npm http fetch GET 200 https://npm.cloudsmith.io/vlt/benchmarks/loader-utils 24ms (cache updated)
npm http fetch GET 200 https://npm.cloudsmith.io/vlt/benchmarks/schema-utils 24ms (cache updated)
npm http fetch GET 200 https://npm.cloudsmith.io/vlt/benchmarks/@babel%2fruntime 25ms (cache updated)
npm http fetch GET 200 https://npm.cloudsmith.io/vlt/benchmarks/classnames 182ms (cache miss)
npm http fetch GET 200 https://npm.cloudsmith.io/vlt/benchmarks/rc-util 231ms (cache miss)
npm http fetch GET 200 https://npm.cloudsmith.io/vlt/benchmarks/react-transition-group 24ms (cache updated)
npm http fetch GET 200 https://npm.cloudsmith.io/vlt/benchmarks/object-assign 11ms (cache updated)
npm http fetch GET 200 https://npm.cloudsmith.io/vlt/benchmarks/@react-dnd%2finvariant 201ms (cache miss)
npm http fetch GET 200 https://npm.cloudsmith.io/vlt/benchmarks/@react-dnd%2fshallowequal 191ms (cache miss)
npm http fetch GET 200 https://npm.cloudsmith.io/vlt/benchmarks/dnd-core 381ms (cache miss)
npm http fetch GET 200 https://npm.cloudsmith.io/vlt/benchmarks/hoist-non-react-statics 493ms (cache miss)
npm http fetch GET 200 https://npm.cloudsmith.io/vlt/benchmarks/classnames 24ms (cache updated)
npm http fetch GET 200 https://npm.cloudsmith.io/vlt/benchmarks/draftjs-utils 197ms (cache miss)
npm http fetch GET 200 https://npm.cloudsmith.io/vlt/benchmarks/html-to-draftjs 218ms (cache miss)
npm http fetch GET 200 https://npm.cloudsmith.io/vlt/benchmarks/linkify-it 256ms (cache miss)
npm http fetch GET 200 https://npm.cloudsmith.io/vlt/benchmarks/attr-accept 2098ms (cache miss)
npm http fetch GET 200 https://npm.cloudsmith.io/vlt/benchmarks/file-selector 261ms (cache miss)
npm http fetch GET 200 https://npm.cloudsmith.io/vlt/benchmarks/clsx 205ms (cache miss)
npm http fetch GET 200 https://npm.cloudsmith.io/vlt/benchmarks/fast-equals 272ms (cache miss)
npm http fetch GET 200 https://npm.cloudsmith.io/vlt/benchmarks/react-draggable 216ms (cache miss)
npm http fetch GET 200 https://npm.cloudsmith.io/vlt/benchmarks/react-resizable 184ms (cache miss)
npm http fetch GET 200 https://npm.cloudsmith.io/vlt/benchmarks/resize-observer-polyfill 202ms (cache miss)
npm http fetch GET 200 https://npm.cloudsmith.io/vlt/benchmarks/highcharts 223ms (cache updated)
npm http fetch GET 200 https://npm.cloudsmith.io/vlt/benchmarks/fast-levenshtein 660ms (cache miss)
npm http fetch GET 200 https://npm.cloudsmith.io/vlt/benchmarks/global 262ms (cache miss)
npm http fetch GET 200 https://npm.cloudsmith.io/vlt/benchmarks/hoist-non-react-statics 24ms (cache updated)
npm http fetch GET 200 https://npm.cloudsmith.io/vlt/benchmarks/loader-utils 13ms (cache updated)
npm http fetch GET 200 https://npm.cloudsmith.io/vlt/benchmarks/draft-js 11953ms (cache updated)
npm http fetch GET 200 https://npm.cloudsmith.io/vlt/benchmarks/shallowequal 223ms (cache miss)
npm http fetch GET 200 https://npm.cloudsmith.io/vlt/benchmarks/source-map 24ms (cache updated)
npm http fetch GET 200 https://npm.cloudsmith.io/vlt/benchmarks/classnames 11ms (cache updated)
npm http fetch GET 200 https://npm.cloudsmith.io/vlt/benchmarks/@babel%2fruntime 24ms (cache updated)
npm http fetch GET 200 https://npm.cloudsmith.io/vlt/benchmarks/get-node-dimensions 194ms (cache miss)
npm http fetch GET 200 https://npm.cloudsmith.io/vlt/benchmarks/resize-observer-polyfill 12ms (cache updated)
npm http fetch GET 200 https://npm.cloudsmith.io/vlt/benchmarks/react-lifecycles-compat 1902ms (cache miss)
npm http fetch GET 200 https://npm.cloudsmith.io/vlt/benchmarks/hyphenate-style-name 3613ms (cache miss)
npm http fetch GET 200 https://npm.cloudsmith.io/vlt/benchmarks/matchmediaquery 202ms (cache miss)
npm http fetch GET 200 https://npm.cloudsmith.io/vlt/benchmarks/shallow-equal 237ms (cache miss)
npm http fetch GET 200 https://npm.cloudsmith.io/vlt/benchmarks/classnames 12ms (cache updated)
npm http fetch GET 200 https://npm.cloudsmith.io/vlt/benchmarks/lodash.throttle 214ms (cache miss)
npm http fetch GET 200 https://npm.cloudsmith.io/vlt/benchmarks/react-resize-detector 222ms (cache miss)
npm http fetch GET 200 https://npm.cloudsmith.io/vlt/benchmarks/@remix-run%2frouter 202ms (cache miss)
npm http fetch GET 200 https://npm.cloudsmith.io/vlt/benchmarks/classnames 14ms (cache updated)
npm http fetch GET 200 https://npm.cloudsmith.io/vlt/benchmarks/react-input-autosize 194ms (cache miss)
npm http fetch GET 200 https://npm.cloudsmith.io/vlt/benchmarks/classnames 13ms (cache updated)
npm http fetch GET 200 https://npm.cloudsmith.io/vlt/benchmarks/tiny-invariant 307ms (cache miss)
npm http fetch GET 200 https://npm.cloudsmith.io/vlt/benchmarks/loose-envify 12ms (cache updated)
npm http fetch GET 200 https://npm.cloudsmith.io/vlt/benchmarks/smart-mixin 5437ms (cache miss)
npm http fetch GET 200 https://npm.cloudsmith.io/vlt/benchmarks/classnames 13ms (cache updated)
npm http fetch GET 200 https://npm.cloudsmith.io/vlt/benchmarks/@babel%2fruntime 23ms (cache updated)
npm http fetch GET 200 https://npm.cloudsmith.io/vlt/benchmarks/clsx 26ms (cache updated)
npm http fetch GET 200 https://npm.cloudsmith.io/vlt/benchmarks/@floating-ui%2fdom 192ms (cache miss)
npm http fetch GET 200 https://npm.cloudsmith.io/vlt/benchmarks/@babel%2fruntime 24ms (cache updated)
npm http fetch GET 200 https://npm.cloudsmith.io/vlt/benchmarks/dom-helpers 197ms (cache miss)
npm http fetch GET 200 https://npm.cloudsmith.io/vlt/benchmarks/react-is 52ms (cache updated)
npm http fetch GET 200 https://npm.cloudsmith.io/vlt/benchmarks/@csstools%2fcss-parser-algorithms 215ms (cache miss)
npm http fetch GET 200 https://npm.cloudsmith.io/vlt/benchmarks/@csstools%2fcss-syntax-patches-for-csstree 191ms (cache miss)
npm http fetch GET 200 https://npm.cloudsmith.io/vlt/benchmarks/probe-image-size 19404ms (cache miss)
npm http fetch GET 200 https://npm.cloudsmith.io/vlt/benchmarks/@csstools%2fcss-tokenizer 247ms (cache miss)
npm http fetch GET 200 https://npm.cloudsmith.io/vlt/benchmarks/consolidated-events 935ms (cache miss)
npm http fetch GET 200 https://npm.cloudsmith.io/vlt/benchmarks/@csstools%2fmedia-query-list-parser 316ms (cache miss)
npm http fetch GET 200 https://npm.cloudsmith.io/vlt/benchmarks/balanced-match 10ms (cache miss)
npm http fetch GET 200 https://npm.cloudsmith.io/vlt/benchmarks/@dual-bundle%2fimport-meta-resolve 175ms (cache miss)
npm http fetch GET 200 https://npm.cloudsmith.io/vlt/benchmarks/colord 306ms (cache miss)
npm http fetch GET 200 https://npm.cloudsmith.io/vlt/benchmarks/css-functions-list 179ms (cache miss)
npm http fetch GET 200 https://npm.cloudsmith.io/vlt/benchmarks/css-tree 240ms (cache miss)
npm http fetch GET 200 https://npm.cloudsmith.io/vlt/benchmarks/cosmiconfig 2467ms (cache miss)
npm http fetch GET 200 https://npm.cloudsmith.io/vlt/benchmarks/fast-glob 227ms (cache miss)
npm http fetch GET 200 https://npm.cloudsmith.io/vlt/benchmarks/fastest-levenshtein 194ms (cache miss)
npm http fetch GET 200 https://npm.cloudsmith.io/vlt/benchmarks/file-entry-cache 225ms (cache updated)
npm http fetch GET 200 https://npm.cloudsmith.io/vlt/benchmarks/global-modules 189ms (cache miss)
npm http fetch GET 200 https://npm.cloudsmith.io/vlt/benchmarks/globby 194ms (cache miss)
npm http fetch GET 200 https://npm.cloudsmith.io/vlt/benchmarks/@csstools%2fselector-specificity 4104ms (cache miss)
npm http fetch GET 200 https://npm.cloudsmith.io/vlt/benchmarks/html-tags 235ms (cache miss)
npm http fetch GET 200 https://npm.cloudsmith.io/vlt/benchmarks/ignore 254ms (cache updated)
npm http fetch GET 200 https://npm.cloudsmith.io/vlt/benchmarks/is-plain-object 299ms (cache miss)
npm http fetch GET 200 https://npm.cloudsmith.io/vlt/benchmarks/known-css-properties 187ms (cache miss)
npm http fetch GET 200 https://npm.cloudsmith.io/vlt/benchmarks/mathml-tag-names 199ms (cache miss)
npm http fetch GET 200 https://npm.cloudsmith.io/vlt/benchmarks/meow 195ms (cache miss)
npm http fetch GET 200 https://npm.cloudsmith.io/vlt/benchmarks/debug 4691ms (cache updated)
npm http fetch GET 200 https://npm.cloudsmith.io/vlt/benchmarks/micromatch 231ms (cache miss)
npm http fetch GET 200 https://npm.cloudsmith.io/vlt/benchmarks/normalize-path 183ms (cache miss)
npm http fetch GET 200 https://npm.cloudsmith.io/vlt/benchmarks/postcss-resolve-nested-selector 207ms (cache miss)
npm http fetch GET 200 https://npm.cloudsmith.io/vlt/benchmarks/postcss-safe-parser 231ms (cache miss)
npm http fetch GET 200 https://npm.cloudsmith.io/vlt/benchmarks/resolve-from 200ms (cache miss)
npm http fetch GET 200 https://npm.cloudsmith.io/vlt/benchmarks/globjoin 4075ms (cache miss)
npm http fetch GET 200 https://npm.cloudsmith.io/vlt/benchmarks/supports-hyperlinks 206ms (cache miss)
npm http fetch GET 200 https://npm.cloudsmith.io/vlt/benchmarks/svg-tags 189ms (cache miss)
npm http fetch GET 200 https://npm.cloudsmith.io/vlt/benchmarks/postcss-selector-parser 2442ms (cache miss)
npm http fetch GET 200 https://npm.cloudsmith.io/vlt/benchmarks/write-file-atomic 228ms (cache miss)
npm http fetch GET 200 https://npm.cloudsmith.io/vlt/benchmarks/component-emitter 343ms (cache miss)
npm http fetch GET 200 https://npm.cloudsmith.io/vlt/benchmarks/cookiejar 192ms (cache miss)
npm http fetch GET 200 https://npm.cloudsmith.io/vlt/benchmarks/debug 13ms (cache updated)
npm http fetch GET 200 https://npm.cloudsmith.io/vlt/benchmarks/fast-safe-stringify 197ms (cache miss)
npm http fetch GET 200 https://npm.cloudsmith.io/vlt/benchmarks/form-data 10ms (cache miss)
npm http fetch GET 200 https://npm.cloudsmith.io/vlt/benchmarks/formidable 218ms (cache miss)
npm http fetch GET 200 https://npm.cloudsmith.io/vlt/benchmarks/methods 196ms (cache updated)
npm http fetch GET 200 https://npm.cloudsmith.io/vlt/benchmarks/mime 224ms (cache updated)
npm http fetch GET 200 https://npm.cloudsmith.io/vlt/benchmarks/semver 13ms (cache updated)
npm http fetch GET 200 https://npm.cloudsmith.io/vlt/benchmarks/@discoveryjs%2fjson-ext 203ms (cache miss)
npm http fetch GET 200 https://npm.cloudsmith.io/vlt/benchmarks/string-width 4022ms (cache miss)
npm http fetch GET 200 https://npm.cloudsmith.io/vlt/benchmarks/acorn-walk 204ms (cache miss)
npm http fetch GET 200 https://npm.cloudsmith.io/vlt/benchmarks/acorn 271ms (cache miss)
npm http fetch GET 200 https://npm.cloudsmith.io/vlt/benchmarks/commander 228ms (cache miss)
npm http fetch GET 200 https://npm.cloudsmith.io/vlt/benchmarks/debounce 286ms (cache miss)
npm http fetch GET 200 https://npm.cloudsmith.io/vlt/benchmarks/gzip-size 202ms (cache miss)
npm http fetch GET 200 https://npm.cloudsmith.io/vlt/benchmarks/html-escaper 213ms (cache miss)
npm http fetch GET 200 https://npm.cloudsmith.io/vlt/benchmarks/sirv 346ms (cache miss)
npm http fetch GET 200 https://npm.cloudsmith.io/vlt/benchmarks/table 4548ms (cache miss)
npm http fetch GET 200 https://npm.cloudsmith.io/vlt/benchmarks/ansi-html-community 324ms (cache miss)
npm http fetch GET 200 https://npm.cloudsmith.io/vlt/benchmarks/html-entities 707ms (cache miss)
npm http fetch GET 200 https://npm.cloudsmith.io/vlt/benchmarks/strip-ansi 13ms (cache updated)
npm http fetch GET 200 https://npm.cloudsmith.io/vlt/benchmarks/node-notifier 331ms (cache miss)
npm http fetch GET 200 https://npm.cloudsmith.io/vlt/benchmarks/@types%2fnode-notifier 233ms (cache miss)
npm http fetch GET 200 https://npm.cloudsmith.io/vlt/benchmarks/opener 4545ms (cache miss)
npm http fetch GET 200 https://npm.cloudsmith.io/vlt/benchmarks/ws 4626ms (cache miss)
npm http fetch GET 200 https://npm.cloudsmith.io/vlt/benchmarks/@babel%2fcore 3060ms (cache updated)
npm http fetch GET 200 https://npm.cloudsmith.io/vlt/benchmarks/js-tokens 206ms (cache miss)
npm http fetch GET 200 https://npm.cloudsmith.io/vlt/benchmarks/@babel%2fhelper-validator-identifier 208ms (cache miss)
npm http fetch GET 200 https://npm.cloudsmith.io/vlt/benchmarks/@babel%2fparser 405ms (cache updated)
npm http fetch GET 200 https://npm.cloudsmith.io/vlt/benchmarks/@jridgewell%2fgen-mapping 216ms (cache miss)
npm http fetch GET 200 https://npm.cloudsmith.io/vlt/benchmarks/@babel%2ftypes 238ms (cache updated)
npm http fetch GET 200 https://npm.cloudsmith.io/vlt/benchmarks/@jridgewell%2ftrace-mapping 232ms (cache miss)
npm http fetch GET 200 https://npm.cloudsmith.io/vlt/benchmarks/@babel%2fcompat-data 213ms (cache miss)
npm http fetch GET 200 https://npm.cloudsmith.io/vlt/benchmarks/jsesc 386ms (cache miss)
npm http fetch GET 200 https://npm.cloudsmith.io/vlt/benchmarks/@babel%2fhelper-validator-option 210ms (cache miss)
npm http fetch GET 200 https://npm.cloudsmith.io/vlt/benchmarks/lru-cache 193ms (cache miss)
npm http fetch GET 200 https://npm.cloudsmith.io/vlt/benchmarks/@babel%2fhelper-globals 209ms (cache miss)
npm http fetch GET 200 https://npm.cloudsmith.io/vlt/benchmarks/debug 13ms (cache updated)
npm http fetch GET 200 https://npm.cloudsmith.io/vlt/benchmarks/@babel%2fhelper-string-parser 233ms (cache miss)
npm http fetch GET 200 https://npm.cloudsmith.io/vlt/benchmarks/@jridgewell%2fgen-mapping 22ms (cache updated)
npm http fetch GET 200 https://npm.cloudsmith.io/vlt/benchmarks/@jridgewell%2ftrace-mapping 12ms (cache updated)
npm http fetch GET 200 https://npm.cloudsmith.io/vlt/benchmarks/ms 10ms (cache miss)
npm http fetch GET 200 https://npm.cloudsmith.io/vlt/benchmarks/browserslist 1017ms (cache updated)
npm http fetch GET 200 https://npm.cloudsmith.io/vlt/benchmarks/@babel%2fhelper-module-imports 5861ms (cache updated)
npm http fetch GET 200 https://npm.cloudsmith.io/vlt/benchmarks/@jridgewell%2fresolve-uri 194ms (cache miss)
npm http fetch GET 200 https://npm.cloudsmith.io/vlt/benchmarks/@jridgewell%2fsourcemap-codec 196ms (cache miss)
npm http fetch GET 200 https://npm.cloudsmith.io/vlt/benchmarks/@jridgewell%2fsourcemap-codec 198ms (cache miss)
npm http fetch GET 200 https://npm.cloudsmith.io/vlt/benchmarks/node-releases 221ms (cache miss)
npm http fetch GET 200 https://npm.cloudsmith.io/vlt/benchmarks/baseline-browser-mapping 339ms (cache miss)
npm http fetch GET 200 https://npm.cloudsmith.io/vlt/benchmarks/yallist 190ms (cache miss)
npm http fetch GET 200 https://npm.cloudsmith.io/vlt/benchmarks/update-browserslist-db 5807ms (cache miss)
npm http fetch GET 200 https://npm.cloudsmith.io/vlt/benchmarks/electron-to-chromium 12482ms (cache miss)
npm http fetch GET 200 https://npm.cloudsmith.io/vlt/benchmarks/js-tokens 20ms (cache updated)
npm http fetch GET 200 https://npm.cloudsmith.io/vlt/benchmarks/jsesc 11ms (cache updated)
npm http fetch GET 200 https://npm.cloudsmith.io/vlt/benchmarks/chalk 214ms (cache updated)
npm http fetch GET 200 https://npm.cloudsmith.io/vlt/benchmarks/detect-indent 224ms (cache miss)
npm http fetch GET 200 https://npm.cloudsmith.io/vlt/benchmarks/trim-right 204ms (cache miss)
npm http fetch GET 200 https://npm.cloudsmith.io/vlt/benchmarks/home-or-tmp 195ms (cache miss)
npm http fetch GET 200 https://npm.cloudsmith.io/vlt/benchmarks/mkdirp 277ms (cache miss)
npm http fetch GET 200 https://npm.cloudsmith.io/vlt/benchmarks/babel-template 305ms (cache updated)
npm http fetch GET 200 https://npm.cloudsmith.io/vlt/benchmarks/debug 228ms (cache updated)
npm http fetch GET 200 https://npm.cloudsmith.io/vlt/benchmarks/invariant 193ms (cache updated)
npm http fetch GET 200 https://npm.cloudsmith.io/vlt/benchmarks/to-fast-properties 352ms (cache miss)
npm http fetch GET 200 https://npm.cloudsmith.io/vlt/benchmarks/ms 282ms (cache updated)
npm http fetch GET 200 https://npm.cloudsmith.io/vlt/benchmarks/globals 1194ms (cache updated)
npm http fetch GET 200 https://npm.cloudsmith.io/vlt/benchmarks/brace-expansion 591ms (cache miss)
npm http fetch GET 200 https://npm.cloudsmith.io/vlt/benchmarks/source-map-support 2510ms (cache miss)
npm http fetch GET 200 https://npm.cloudsmith.io/vlt/benchmarks/ansi-styles 220ms (cache miss)
npm http fetch GET 200 https://npm.cloudsmith.io/vlt/benchmarks/has-ansi 240ms (cache miss)
npm http fetch GET 200 https://npm.cloudsmith.io/vlt/benchmarks/escape-string-regexp 259ms (cache updated)
npm http fetch GET 200 https://npm.cloudsmith.io/vlt/benchmarks/strip-ansi 199ms (cache updated)
npm http fetch GET 200 https://npm.cloudsmith.io/vlt/benchmarks/supports-color 232ms (cache miss)
npm http fetch GET 200 https://npm.cloudsmith.io/vlt/benchmarks/supports-preserve-symlinks-flag 280ms (cache miss)
npm http fetch GET 200 https://npm.cloudsmith.io/vlt/benchmarks/es-errors 291ms (cache miss)
npm http fetch GET 200 https://npm.cloudsmith.io/vlt/benchmarks/path-parse 391ms (cache miss)
npm http fetch GET 200 https://npm.cloudsmith.io/vlt/benchmarks/repeating 225ms (cache miss)
npm http fetch GET 200 https://npm.cloudsmith.io/vlt/benchmarks/common-path-prefix 194ms (cache miss)
npm http fetch GET 200 https://npm.cloudsmith.io/vlt/benchmarks/pkg-dir 198ms (cache miss)
npm http fetch GET 200 https://npm.cloudsmith.io/vlt/benchmarks/ajv 209ms (cache updated)
npm http fetch GET 200 https://npm.cloudsmith.io/vlt/benchmarks/ajv-formats 189ms (cache miss)
npm http fetch GET 200 https://npm.cloudsmith.io/vlt/benchmarks/ajv-keywords 330ms (cache miss)
npm http fetch GET 200 https://npm.cloudsmith.io/vlt/benchmarks/fs.realpath 230ms (cache miss)
npm http fetch GET 200 https://npm.cloudsmith.io/vlt/benchmarks/inherits 485ms (cache miss)
npm http fetch GET 200 https://npm.cloudsmith.io/vlt/benchmarks/once 269ms (cache miss)
npm http fetch GET 200 https://npm.cloudsmith.io/vlt/benchmarks/inflight 506ms (cache miss)
npm http fetch GET 200 https://npm.cloudsmith.io/vlt/benchmarks/minimatch 16ms (cache updated)
npm http fetch GET 200 https://npm.cloudsmith.io/vlt/benchmarks/find-up 230ms (cache updated)
npm http fetch GET 200 https://npm.cloudsmith.io/vlt/benchmarks/path-scurry 3042ms (cache updated)
npm http fetch GET 200 https://npm.cloudsmith.io/vlt/benchmarks/minipass 10874ms (cache updated)
npm http fetch GET 200 https://npm.cloudsmith.io/vlt/benchmarks/babel-helper-optimise-call-expression 304ms (cache miss)
npm http fetch GET 200 https://npm.cloudsmith.io/vlt/benchmarks/babel-helper-function-name 306ms (cache miss)
npm http fetch GET 200 https://npm.cloudsmith.io/vlt/benchmarks/babel-plugin-transform-strict-mode 271ms (cache miss)
npm http fetch GET 200 https://npm.cloudsmith.io/vlt/benchmarks/babel-helper-define-map 311ms (cache miss)
npm http fetch GET 200 https://npm.cloudsmith.io/vlt/benchmarks/babel-helper-replace-supers 319ms (cache miss)
npm http fetch GET 200 https://npm.cloudsmith.io/vlt/benchmarks/babel-helper-call-delegate 617ms (cache miss)
npm http fetch GET 200 https://npm.cloudsmith.io/vlt/benchmarks/babel-helper-hoist-variables 1121ms (cache miss)
npm http fetch GET 200 https://npm.cloudsmith.io/vlt/benchmarks/babel-helper-get-function-arity 264ms (cache miss)
npm http fetch GET 200 https://npm.cloudsmith.io/vlt/benchmarks/babel-helper-regex 274ms (cache miss)
npm http fetch GET 200 https://npm.cloudsmith.io/vlt/benchmarks/babel-helper-regex 199ms (cache miss)
npm http fetch GET 200 https://npm.cloudsmith.io/vlt/benchmarks/regenerator-transform 258ms (cache miss)
npm http fetch GET 200 https://npm.cloudsmith.io/vlt/benchmarks/regexpu-core 2794ms (cache miss)
npm http fetch GET 200 https://npm.cloudsmith.io/vlt/benchmarks/babel-helper-replace-supers 9212ms (cache miss)
npm http fetch GET 200 https://npm.cloudsmith.io/vlt/benchmarks/regenerate 205ms (cache miss)
npm http fetch GET 200 https://npm.cloudsmith.io/vlt/benchmarks/regjsgen 260ms (cache miss)
npm http fetch GET 200 https://npm.cloudsmith.io/vlt/benchmarks/regjsparser 273ms (cache miss)
npm http fetch GET 200 https://npm.cloudsmith.io/vlt/benchmarks/babel-plugin-transform-flow-strip-types 223ms (cache miss)
npm http fetch GET 200 https://npm.cloudsmith.io/vlt/benchmarks/babel-helper-builder-react-jsx 1267ms (cache miss)
npm http fetch GET 200 https://npm.cloudsmith.io/vlt/benchmarks/babel-plugin-syntax-flow 190ms (cache miss)
npm http fetch GET 200 https://npm.cloudsmith.io/vlt/benchmarks/react 646ms (cache updated)
npm http fetch GET 200 https://npm.cloudsmith.io/vlt/benchmarks/react-dom 407ms (cache updated)
npm http fetch GET 200 https://npm.cloudsmith.io/vlt/benchmarks/react-proxy 244ms (cache miss)
npm http fetch GET 200 https://npm.cloudsmith.io/vlt/benchmarks/error-stack-parser 297ms (cache miss)
npm http fetch GET 200 https://npm.cloudsmith.io/vlt/benchmarks/scheduler 364ms (cache updated)
npm http fetch GET 200 https://npm.cloudsmith.io/vlt/benchmarks/sourcemapped-stacktrace 1065ms (cache miss)
npm http fetch GET 200 https://npm.cloudsmith.io/vlt/benchmarks/babel-plugin-syntax-export-extensions 278ms (cache miss)
npm http fetch GET 200 https://npm.cloudsmith.io/vlt/benchmarks/babel-plugin-transform-class-properties 281ms (cache miss)
npm http fetch GET 200 https://npm.cloudsmith.io/vlt/benchmarks/babel-plugin-syntax-class-constructor-call 470ms (cache miss)
npm http fetch GET 200 https://npm.cloudsmith.io/vlt/benchmarks/babel-plugin-transform-decorators 212ms (cache miss)
npm http fetch GET 200 https://npm.cloudsmith.io/vlt/benchmarks/babel-plugin-syntax-dynamic-import 307ms (cache miss)
npm http fetch GET 200 https://npm.cloudsmith.io/vlt/benchmarks/babel-preset-stage-3 2712ms (cache miss)
npm http fetch GET 200 https://npm.cloudsmith.io/vlt/benchmarks/babel-plugin-syntax-class-properties 185ms (cache miss)
npm http fetch GET 200 https://npm.cloudsmith.io/vlt/benchmarks/babel-helper-explode-class 203ms (cache miss)
npm http fetch GET 200 https://npm.cloudsmith.io/vlt/benchmarks/babel-plugin-syntax-trailing-function-commas 277ms (cache miss)
npm http fetch GET 200 https://npm.cloudsmith.io/vlt/benchmarks/babel-plugin-transform-exponentiation-operator 212ms (cache miss)
npm http fetch GET 200 https://npm.cloudsmith.io/vlt/benchmarks/babel-plugin-transform-object-rest-spread 200ms (cache miss)
npm http fetch GET 200 https://npm.cloudsmith.io/vlt/benchmarks/babel-plugin-transform-async-to-generator 1562ms (cache miss)
npm http fetch GET 200 https://npm.cloudsmith.io/vlt/benchmarks/babel-plugin-transform-async-generator-functions 5336ms (cache miss)
npm http fetch GET 200 https://npm.cloudsmith.io/vlt/benchmarks/babel-helper-bindify-decorators 352ms (cache miss)
npm http fetch GET 200 https://npm.cloudsmith.io/vlt/benchmarks/babel-helper-remap-async-to-generator 194ms (cache miss)
npm http fetch GET 200 https://npm.cloudsmith.io/vlt/benchmarks/babel-helper-remap-async-to-generator 229ms (cache miss)
npm http fetch GET 200 https://npm.cloudsmith.io/vlt/benchmarks/babel-plugin-syntax-async-generators 300ms (cache miss)
npm http fetch GET 200 https://npm.cloudsmith.io/vlt/benchmarks/babel-helper-builder-binary-assignment-operator-visitor 203ms (cache miss)
npm http fetch GET 200 https://npm.cloudsmith.io/vlt/benchmarks/babel-plugin-syntax-exponentiation-operator 301ms (cache miss)
npm http fetch GET 200 https://npm.cloudsmith.io/vlt/benchmarks/babel-plugin-syntax-async-functions 571ms (cache miss)
npm http fetch GET 200 https://npm.cloudsmith.io/vlt/benchmarks/babel-plugin-syntax-object-rest-spread 667ms (cache miss)
npm http fetch GET 200 https://npm.cloudsmith.io/vlt/benchmarks/babel-helper-explode-assignable-expression 314ms (cache miss)
npm http fetch GET 200 https://npm.cloudsmith.io/vlt/benchmarks/os-homedir 205ms (cache miss)
npm http fetch GET 200 https://npm.cloudsmith.io/vlt/benchmarks/minimist 776ms (cache updated)
npm http fetch GET 200 https://npm.cloudsmith.io/vlt/benchmarks/os-tmpdir 781ms (cache miss)
npm http fetch GET 200 https://npm.cloudsmith.io/vlt/benchmarks/loose-envify 223ms (cache updated)
npm http fetch GET 200 https://npm.cloudsmith.io/vlt/benchmarks/browserslist 230ms (cache updated)
npm http fetch GET 200 https://npm.cloudsmith.io/vlt/benchmarks/escalade 427ms (cache miss)
npm http fetch GET 200 https://npm.cloudsmith.io/vlt/benchmarks/ansi-regex 210ms (cache miss)
npm http fetch GET 200 https://npm.cloudsmith.io/vlt/benchmarks/ansi-regex 276ms (cache miss)
npm http fetch GET 200 https://npm.cloudsmith.io/vlt/benchmarks/globby 219ms (cache updated)
npm http fetch GET 200 https://npm.cloudsmith.io/vlt/benchmarks/is-path-cwd 323ms (cache miss)
npm http fetch GET 200 https://npm.cloudsmith.io/vlt/benchmarks/is-path-in-cwd 380ms (cache miss)
npm http fetch GET 200 https://npm.cloudsmith.io/vlt/benchmarks/pify 237ms (cache miss)
npm http fetch GET 200 https://npm.cloudsmith.io/vlt/benchmarks/rimraf 295ms (cache miss)
