[zpm prepare]
cwd:
/home/runner/work/benchmarks/benchmarks/fixtures/next
package.json:
-rw-r--r-- 1 runner runner 598 Apr 23 18:23 package.json
yarn path:
/home/runner/.yarn/switch/bin/yarn
yarn version:
4.14.1
canary version:
6.0.0-rc.18
packageManager (before):
"yarn@4.14.1"
set packageManager=yarn@6.0.0-rc.18:
packageManager (after):
"yarn@6.0.0-rc.18"
[zpm prepare]
cwd:
/home/runner/work/benchmarks/benchmarks/fixtures/next
package.json:
-rw-r--r-- 1 runner runner 564 Apr 23 18:23 package.json
yarn path:
/home/runner/.yarn/switch/bin/yarn
yarn version:
1.22.22
canary version:
6.0.0-rc.18
packageManager (before):
{}
set packageManager=yarn@6.0.0-rc.18:
packageManager (after):
"yarn@6.0.0-rc.18"
[zpm prepare]
cwd:
/home/runner/work/benchmarks/benchmarks/fixtures/next
package.json:
-rw-r--r-- 1 runner runner 564 Apr 23 18:23 package.json
yarn path:
/home/runner/.yarn/switch/bin/yarn
yarn version:
1.22.22
canary version:
6.0.0-rc.18
packageManager (before):
{}
set packageManager=yarn@6.0.0-rc.18:
packageManager (after):
"yarn@6.0.0-rc.18"
[zpm prepare]
cwd:
/home/runner/work/benchmarks/benchmarks/fixtures/next
package.json:
-rw-r--r-- 1 runner runner 564 Apr 23 18:23 package.json
yarn path:
/home/runner/.yarn/switch/bin/yarn
yarn version:
1.22.22
canary version:
6.0.0-rc.18
packageManager (before):
{}
set packageManager=yarn@6.0.0-rc.18:
packageManager (after):
"yarn@6.0.0-rc.18"
[zpm prepare]
cwd:
/home/runner/work/benchmarks/benchmarks/fixtures/next
package.json:
-rw-r--r-- 1 runner runner 564 Apr 23 18:24 package.json
yarn path:
/home/runner/.yarn/switch/bin/yarn
yarn version:
1.22.22
canary version:
6.0.0-rc.18
packageManager (before):
{}
set packageManager=yarn@6.0.0-rc.18:
packageManager (after):
"yarn@6.0.0-rc.18"
[zpm prepare]
cwd:
/home/runner/work/benchmarks/benchmarks/fixtures/next
package.json:
-rw-r--r-- 1 runner runner 564 Apr 23 18:24 package.json
yarn path:
/home/runner/.yarn/switch/bin/yarn
yarn version:
1.22.22
canary version:
6.0.0-rc.18
packageManager (before):
{}
set packageManager=yarn@6.0.0-rc.18:
packageManager (after):
"yarn@6.0.0-rc.18"
[zpm prepare]
cwd:
/home/runner/work/benchmarks/benchmarks/fixtures/next
package.json:
-rw-r--r-- 1 runner runner 564 Apr 23 18:24 package.json
yarn path:
/home/runner/.yarn/switch/bin/yarn
yarn version:
1.22.22
canary version:
6.0.0-rc.18
packageManager (before):
{}
set packageManager=yarn@6.0.0-rc.18:
packageManager (after):
"yarn@6.0.0-rc.18"
[zpm prepare]
cwd:
/home/runner/work/benchmarks/benchmarks/fixtures/next
package.json:
-rw-r--r-- 1 runner runner 599 Apr 23 18:31 package.json
yarn path:
/home/runner/.yarn/switch/bin/yarn
yarn version:
4.14.1
canary version:
6.0.0-rc.18
packageManager (before):
"yarn@4.14.1"
set packageManager=yarn@6.0.0-rc.18:
packageManager (after):
"yarn@6.0.0-rc.18"
