yarn run v1.22.22
warning package.json: No license field
$ vite build
[36mvite v6.4.2 [32mbuilding SSR bundle for production...[36m[39m
transforming...
[32m✓[39m 225 modules transformed.
rendering chunks...
[36mvite v6.4.2 [32mbuilding for production...[36m[39m
transforming...
[32m✓[39m 195 modules transformed.
rendering chunks...
computing gzip size...
[2m.svelte-kit/output/client/[22m[32m_app/version.json                                                       [39m[1m[2m  0.03 kB[22m[1m[22m[2m │ gzip:  0.05 kB[22m
[2m.svelte-kit/output/client/[22m[32m_app/immutable/assets/fira-mono-symbols2-400-normal.CpeG9ob9.woff       [39m[1m[2m  4.47 kB[22m[1m[22m
[2m.svelte-kit/output/client/[22m[32m_app/immutable/assets/fira-mono-symbols2-400-normal.C6JptOil.woff2      [39m[1m[2m  5.03 kB[22m[1m[22m
[2m.svelte-kit/output/client/[22m[32m_app/immutable/assets/fira-mono-greek-ext-400-normal.BQ5yw6bY.woff      [39m[1m[2m  6.62 kB[22m[1m[22m
[2m.svelte-kit/output/client/[22m[32m_app/immutable/assets/fira-mono-cyrillic-400-normal.DUd3efVn.woff       [39m[1m[2m  7.43 kB[22m[1m[22m
[2m.svelte-kit/output/client/[22m[32m_app/immutable/assets/fira-mono-greek-ext-400-normal.Be4g_LSk.woff2     [39m[1m[2m  7.56 kB[22m[1m[22m
[2m.svelte-kit/output/client/[22m[32m_app/immutable/assets/fira-mono-greek-400-normal.B_0AmgK7.woff          [39m[1m[2m  8.48 kB[22m[1m[22m
[2m.svelte-kit/output/client/[22m[32m_app/immutable/assets/fira-mono-cyrillic-400-normal.BJkDdjbt.woff2      [39m[1m[2m  9.32 kB[22m[1m[22m
[2m.svelte-kit/output/client/[22m[32m_app/immutable/assets/fira-mono-latin-ext-400-normal.CbD3vWRE.woff      [39m[1m[2m  9.89 kB[22m[1m[22m
[2m.svelte-kit/output/client/[22m[32m_app/immutable/assets/fira-mono-greek-400-normal.ftNhKy_S.woff2         [39m[1m[2m 10.53 kB[22m[1m[22m
[2m.svelte-kit/output/client/[22m[32m.vite/manifest.json                                                     [39m[1m[2m 10.59 kB[22m[1m[22m[2m │ gzip:  1.35 kB[22m
[2m.svelte-kit/output/client/[22m[32m_app/immutable/assets/fira-mono-latin-ext-400-normal.B2gPvaNr.woff2     [39m[1m[2m 11.93 kB[22m[1m[22m
[2m.svelte-kit/output/client/[22m[32m_app/immutable/assets/fira-mono-cyrillic-ext-400-normal.Co4MVjrD.woff   [39m[1m[2m 12.93 kB[22m[1m[22m
[2m.svelte-kit/output/client/[22m[32m_app/immutable/assets/fira-mono-latin-400-normal.C3FQ26ho.woff          [39m[1m[2m 13.97 kB[22m[1m[22m
[2m.svelte-kit/output/client/[22m[32m_app/immutable/assets/fira-mono-cyrillic-ext-400-normal.FAIU8e3o.woff2  [39m[1m[2m 15.78 kB[22m[1m[22m
[2m.svelte-kit/output/client/[22m[32m_app/immutable/assets/fira-mono-latin-400-normal.DVTTRLHv.woff2         [39m[1m[2m 16.64 kB[22m[1m[22m
[2m.svelte-kit/output/client/[22m[32m_app/immutable/assets/svelte-welcome.0pIiHnVF.webp                      [39m[1m[2m115.47 kB[22m[1m[22m
[2m.svelte-kit/output/client/[22m[32m_app/immutable/assets/svelte-welcome.VNiyy3gC.png                       [39m[1m[2m360.81 kB[22m[1m[22m
[2m.svelte-kit/output/client/[22m[35m_app/immutable/assets/5.DnkwH8di.css                                    [39m[1m[2m  0.73 kB[22m[1m[22m[2m │ gzip:  0.35 kB[22m
[2m.svelte-kit/output/client/[22m[35m_app/immutable/assets/2.C7W8Uifw.css                                    [39m[1m[2m  1.39 kB[22m[1m[22m[2m │ gzip:  0.54 kB[22m
[2m.svelte-kit/output/client/[22m[35m_app/immutable/assets/4.C7uEq_1w.css                                    [39m[1m[2m  3.69 kB[22m[1m[22m[2m │ gzip:  1.07 kB[22m
[2m.svelte-kit/output/client/[22m[35m_app/immutable/assets/0.BsIrWqtB.css                                    [39m[1m[2m  5.45 kB[22m[1m[22m[2m │ gzip:  1.85 kB[22m
[2m.svelte-kit/output/client/[22m[36m_app/immutable/chunks/DHL4DT9T.js                                       [39m[1m[2m  0.04 kB[22m[1m[22m[2m │ gzip:  0.06 kB[22m
[2m.svelte-kit/output/client/[22m[36m_app/immutable/entry/start.Bzm4f97u.js                                  [39m[1m[2m  0.08 kB[22m[1m[22m[2m │ gzip:  0.09 kB[22m
[2m.svelte-kit/output/client/[22m[36m_app/immutable/chunks/Bzak7iHL.js                                       [39m[1m[2m  0.10 kB[22m[1m[22m[2m │ gzip:  0.10 kB[22m
[2m.svelte-kit/output/client/[22m[36m_app/immutable/chunks/CDRNRj8z.js                                       [39m[1m[2m  0.40 kB[22m[1m[22m[2m │ gzip:  0.30 kB[22m
[2m.svelte-kit/output/client/[22m[36m_app/immutable/nodes/1.BXi8xZrF.js                                      [39m[1m[2m  0.54 kB[22m[1m[22m[2m │ gzip:  0.36 kB[22m
[2m.svelte-kit/output/client/[22m[36m_app/immutable/chunks/DC4bQveB.js                                       [39m[1m[2m  0.58 kB[22m[1m[22m[2m │ gzip:  0.42 kB[22m
[2m.svelte-kit/output/client/[22m[36m_app/immutable/chunks/DntoHgnx.js                                       [39m[1m[2m  0.65 kB[22m[1m[22m[2m │ gzip:  0.41 kB[22m
[2m.svelte-kit/output/client/[22m[36m_app/immutable/chunks/C7YJlRmi.js                                       [39m[1m[2m  0.84 kB[22m[1m[22m[2m │ gzip:  0.47 kB[22m
[2m.svelte-kit/output/client/[22m[36m_app/immutable/nodes/3.Dd6-szW5.js                                      [39m[1m[2m  1.14 kB[22m[1m[22m[2m │ gzip:  0.73 kB[22m
[2m.svelte-kit/output/client/[22m[36m_app/immutable/chunks/DSYtZcSR.js                                       [39m[1m[2m  1.36 kB[22m[1m[22m[2m │ gzip:  0.78 kB[22m
[2m.svelte-kit/output/client/[22m[36m_app/immutable/chunks/CamQf_45.js                                       [39m[1m[2m  1.38 kB[22m[1m[22m[2m │ gzip:  0.79 kB[22m
[2m.svelte-kit/output/client/[22m[36m_app/immutable/nodes/5.uDT5wRS4.js                                      [39m[1m[2m  1.92 kB[22m[1m[22m[2m │ gzip:  0.87 kB[22m
[2m.svelte-kit/output/client/[22m[36m_app/immutable/chunks/rgeXnRUf.js                                       [39m[1m[2m  2.24 kB[22m[1m[22m[2m │ gzip:  0.99 kB[22m
[2m.svelte-kit/output/client/[22m[36m_app/immutable/nodes/2.BmTnxtmX.js                                      [39m[1m[2m  4.31 kB[22m[1m[22m[2m │ gzip:  2.14 kB[22m
[2m.svelte-kit/output/client/[22m[36m_app/immutable/nodes/0.DUTAqYyW.js                                      [39m[1m[2m  7.01 kB[22m[1m[22m[2m │ gzip:  3.01 kB[22m
[2m.svelte-kit/output/client/[22m[36m_app/immutable/entry/app.DODkobtz.js                                    [39m[1m[2m  7.31 kB[22m[1m[22m[2m │ gzip:  3.29 kB[22m
[2m.svelte-kit/output/client/[22m[36m_app/immutable/chunks/CN3mKYF9.js                                       [39m[1m[2m  9.03 kB[22m[1m[22m[2m │ gzip:  3.84 kB[22m
[2m.svelte-kit/output/client/[22m[36m_app/immutable/nodes/4.BwLVynue.js                                      [39m[1m[2m 15.68 kB[22m[1m[22m[2m │ gzip:  7.11 kB[22m
[2m.svelte-kit/output/client/[22m[36m_app/immutable/chunks/DrLW02kL.js                                       [39m[1m[2m 28.35 kB[22m[1m[22m[2m │ gzip: 10.97 kB[22m
[2m.svelte-kit/output/client/[22m[36m_app/immutable/chunks/BDJf6Od3.js                                       [39m[1m[2m 35.42 kB[22m[1m[22m[2m │ gzip: 13.35 kB[22m
[32m✓ built in 630ms[39m
[2m.svelte-kit/output/server/[22m[32m_app/immutable/assets/fira-mono-symbols2-400-normal.CpeG9ob9.woff       [39m[1m[2m  4.47 kB[22m[1m[22m
[2m.svelte-kit/output/server/[22m[32m_app/immutable/assets/fira-mono-symbols2-400-normal.C6JptOil.woff2      [39m[1m[2m  5.03 kB[22m[1m[22m
[2m.svelte-kit/output/server/[22m[32m_app/immutable/assets/fira-mono-greek-ext-400-normal.BQ5yw6bY.woff      [39m[1m[2m  6.62 kB[22m[1m[22m
[2m.svelte-kit/output/server/[22m[32m_app/immutable/assets/fira-mono-cyrillic-400-normal.DUd3efVn.woff       [39m[1m[2m  7.43 kB[22m[1m[22m
[2m.svelte-kit/output/server/[22m[32m_app/immutable/assets/fira-mono-greek-ext-400-normal.Be4g_LSk.woff2     [39m[1m[2m  7.56 kB[22m[1m[22m
[2m.svelte-kit/output/server/[22m[32m_app/immutable/assets/fira-mono-greek-400-normal.B_0AmgK7.woff          [39m[1m[2m  8.48 kB[22m[1m[22m
[2m.svelte-kit/output/server/[22m[32m_app/immutable/assets/fira-mono-cyrillic-400-normal.BJkDdjbt.woff2      [39m[1m[2m  9.32 kB[22m[1m[22m
[2m.svelte-kit/output/server/[22m[32m_app/immutable/assets/fira-mono-latin-ext-400-normal.CbD3vWRE.woff      [39m[1m[2m  9.89 kB[22m[1m[22m
[2m.svelte-kit/output/server/[22m[32m.vite/manifest.json                                                     [39m[1m[2m 10.48 kB[22m[1m[22m
[2m.svelte-kit/output/server/[22m[32m_app/immutable/assets/fira-mono-greek-400-normal.ftNhKy_S.woff2         [39m[1m[2m 10.53 kB[22m[1m[22m
[2m.svelte-kit/output/server/[22m[32m_app/immutable/assets/fira-mono-latin-ext-400-normal.B2gPvaNr.woff2     [39m[1m[2m 11.93 kB[22m[1m[22m
[2m.svelte-kit/output/server/[22m[32m_app/immutable/assets/fira-mono-cyrillic-ext-400-normal.Co4MVjrD.woff   [39m[1m[2m 12.93 kB[22m[1m[22m
[2m.svelte-kit/output/server/[22m[32m_app/immutable/assets/fira-mono-latin-400-normal.C3FQ26ho.woff          [39m[1m[2m 13.97 kB[22m[1m[22m
[2m.svelte-kit/output/server/[22m[32m_app/immutable/assets/fira-mono-cyrillic-ext-400-normal.FAIU8e3o.woff2  [39m[1m[2m 15.78 kB[22m[1m[22m
[2m.svelte-kit/output/server/[22m[32m_app/immutable/assets/fira-mono-latin-400-normal.DVTTRLHv.woff2         [39m[1m[2m 16.64 kB[22m[1m[22m
[2m.svelte-kit/output/server/[22m[32m_app/immutable/assets/svelte-welcome.0pIiHnVF.webp                      [39m[1m[2m115.47 kB[22m[1m[22m
[2m.svelte-kit/output/server/[22m[32m_app/immutable/assets/svelte-welcome.VNiyy3gC.png                       [39m[1m[2m360.81 kB[22m[1m[22m
[2m.svelte-kit/output/server/[22m[35m_app/immutable/assets/_page.DnkwH8di.css                                [39m[1m[2m  0.73 kB[22m[1m[22m
[2m.svelte-kit/output/server/[22m[35m_app/immutable/assets/_page.CMXO76hI.css                                [39m[1m[2m  1.36 kB[22m[1m[22m
[2m.svelte-kit/output/server/[22m[35m_app/immutable/assets/_page.C7uEq_1w.css                                [39m[1m[2m  3.69 kB[22m[1m[22m
[2m.svelte-kit/output/server/[22m[35m_app/immutable/assets/_layout.ZphjNgkp.css                              [39m[1m[2m  5.75 kB[22m[1m[22m
[2m.svelte-kit/output/server/[22m[36mchunks/false.js                                                         [39m[1m[2m  0.04 kB[22m[1m[22m
[2m.svelte-kit/output/server/[22m[36mentries/pages/_page.js                                                  [39m[1m[2m  0.05 kB[22m[1m[22m
[2m.svelte-kit/output/server/[22m[36mentries/pages/about/_page.js                                            [39m[1m[2m  0.13 kB[22m[1m[22m
[2m.svelte-kit/output/server/[22m[36mentries/pages/sverdle/how-to-play/_page.js                              [39m[1m[2m  0.13 kB[22m[1m[22m
[2m.svelte-kit/output/server/[22m[36minternal.js                                                             [39m[1m[2m  0.35 kB[22m[1m[22m
[2m.svelte-kit/output/server/[22m[36mchunks/state.svelte.js                                                  [39m[1m[2m  0.45 kB[22m[1m[22m
[2m.svelte-kit/output/server/[22m[36mchunks/environment.js                                                   [39m[1m[2m  0.62 kB[22m[1m[22m
[2m.svelte-kit/output/server/[22m[36mentries/pages/about/_page.svelte.js                                     [39m[1m[2m  1.01 kB[22m[1m[22m
[2m.svelte-kit/output/server/[22m[36mchunks/utils.js                                                         [39m[1m[2m  1.09 kB[22m[1m[22m
[2m.svelte-kit/output/server/[22m[36mentries/fallbacks/error.svelte.js                                       [39m[1m[2m  1.13 kB[22m[1m[22m
[2m.svelte-kit/output/server/[22m[36mchunks/index.js                                                         [39m[1m[2m  1.42 kB[22m[1m[22m
[2m.svelte-kit/output/server/[22m[36mentries/pages/sverdle/how-to-play/_page.svelte.js                       [39m[1m[2m  1.79 kB[22m[1m[22m
[2m.svelte-kit/output/server/[22m[36mchunks/render-context.js                                                [39m[1m[2m  1.93 kB[22m[1m[22m
[2m.svelte-kit/output/server/[22m[36mchunks/internal.js                                                      [39m[1m[2m  3.26 kB[22m[1m[22m
[2m.svelte-kit/output/server/[22m[36mchunks/exports.js                                                       [39m[1m[2m  5.54 kB[22m[1m[22m
[2m.svelte-kit/output/server/[22m[36mentries/pages/_page.svelte.js                                           [39m[1m[2m  6.54 kB[22m[1m[22m
[2m.svelte-kit/output/server/[22m[36mentries/pages/sverdle/_page.svelte.js                                   [39m[1m[2m  6.57 kB[22m[1m[22m
[2m.svelte-kit/output/server/[22m[36mentries/pages/_layout.svelte.js                                         [39m[1m[2m  6.92 kB[22m[1m[22m
[2m.svelte-kit/output/server/[22m[36mchunks/root.js                                                          [39m[1m[2m 28.24 kB[22m[1m[22m
[2m.svelte-kit/output/server/[22m[36mremote-entry.js                                                         [39m[1m[2m 30.81 kB[22m[1m[22m
[2m.svelte-kit/output/server/[22m[36mchunks/shared.js                                                        [39m[1m[2m 35.01 kB[22m[1m[22m
[2m.svelte-kit/output/server/[22m[36mchunks/renderer.js                                                      [39m[1m[2m 97.53 kB[22m[1m[22m
[2m.svelte-kit/output/server/[22m[36mindex.js                                                                [39m[1m[2m130.48 kB[22m[1m[22m
[2m.svelte-kit/output/server/[22m[36mentries/pages/sverdle/_page.server.js                                   [39m[1m[2m146.21 kB[22m[1m[22m
[32m✓ built in 2.39s[39m

Run npm run preview to preview your production build locally.

> Using @sveltejs/adapter-auto
  Could not detect a supported production environment. See https://svelte.dev/docs/kit/adapters to learn how to configure your app to run on the platform of your choosing
  ✔ done
Done in 2.99s.
