[36mvite v6.4.3 [32mbuilding SSR bundle for production...[36m[39m
transforming...
[32m✓[39m 230 modules transformed.
rendering chunks...
[36mvite v6.4.3 [32mbuilding for production...[36m[39m
transforming...
[32m✓[39m 198 modules transformed.
rendering chunks...
computing gzip size...
[2m.svelte-kit/output/client/[22m[32m_app/version.json                                                       [39m[1m[2m  0.03 kB[22m[1m[22m[2m │ gzip:  0.05 kB[22m
[2m.svelte-kit/output/client/[22m[32m_app/immutable/assets/fira-mono-symbols2-400-normal.CpeG9ob9.woff       [39m[1m[2m  4.47 kB[22m[1m[22m
[2m.svelte-kit/output/client/[22m[32m_app/immutable/assets/fira-mono-symbols2-400-normal.C6JptOil.woff2      [39m[1m[2m  5.03 kB[22m[1m[22m
[2m.svelte-kit/output/client/[22m[32m_app/immutable/assets/fira-mono-greek-ext-400-normal.BQ5yw6bY.woff      [39m[1m[2m  6.62 kB[22m[1m[22m
[2m.svelte-kit/output/client/[22m[32m_app/immutable/assets/fira-mono-cyrillic-400-normal.DUd3efVn.woff       [39m[1m[2m  7.43 kB[22m[1m[22m
[2m.svelte-kit/output/client/[22m[32m_app/immutable/assets/fira-mono-greek-ext-400-normal.Be4g_LSk.woff2     [39m[1m[2m  7.56 kB[22m[1m[22m
[2m.svelte-kit/output/client/[22m[32m_app/immutable/assets/fira-mono-greek-400-normal.B_0AmgK7.woff          [39m[1m[2m  8.48 kB[22m[1m[22m
[2m.svelte-kit/output/client/[22m[32m_app/immutable/assets/fira-mono-cyrillic-400-normal.BJkDdjbt.woff2      [39m[1m[2m  9.32 kB[22m[1m[22m
[2m.svelte-kit/output/client/[22m[32m_app/immutable/assets/fira-mono-latin-ext-400-normal.CbD3vWRE.woff      [39m[1m[2m  9.89 kB[22m[1m[22m
[2m.svelte-kit/output/client/[22m[32m_app/immutable/assets/fira-mono-greek-400-normal.ftNhKy_S.woff2         [39m[1m[2m 10.53 kB[22m[1m[22m
[2m.svelte-kit/output/client/[22m[32m.vite/manifest.json                                                     [39m[1m[2m 10.87 kB[22m[1m[22m[2m │ gzip:  1.40 kB[22m
[2m.svelte-kit/output/client/[22m[32m_app/immutable/assets/fira-mono-latin-ext-400-normal.B2gPvaNr.woff2     [39m[1m[2m 11.93 kB[22m[1m[22m
[2m.svelte-kit/output/client/[22m[32m_app/immutable/assets/fira-mono-cyrillic-ext-400-normal.Co4MVjrD.woff   [39m[1m[2m 12.93 kB[22m[1m[22m
[2m.svelte-kit/output/client/[22m[32m_app/immutable/assets/fira-mono-latin-400-normal.C3FQ26ho.woff          [39m[1m[2m 13.97 kB[22m[1m[22m
[2m.svelte-kit/output/client/[22m[32m_app/immutable/assets/fira-mono-cyrillic-ext-400-normal.FAIU8e3o.woff2  [39m[1m[2m 15.78 kB[22m[1m[22m
[2m.svelte-kit/output/client/[22m[32m_app/immutable/assets/fira-mono-latin-400-normal.DVTTRLHv.woff2         [39m[1m[2m 16.64 kB[22m[1m[22m
[2m.svelte-kit/output/client/[22m[32m_app/immutable/assets/svelte-welcome.0pIiHnVF.webp                      [39m[1m[2m115.47 kB[22m[1m[22m
[2m.svelte-kit/output/client/[22m[32m_app/immutable/assets/svelte-welcome.VNiyy3gC.png                       [39m[1m[2m360.81 kB[22m[1m[22m
[2m.svelte-kit/output/client/[22m[35m_app/immutable/assets/5.DnkwH8di.css                                    [39m[1m[2m  0.73 kB[22m[1m[22m[2m │ gzip:  0.35 kB[22m
[2m.svelte-kit/output/client/[22m[35m_app/immutable/assets/2.C7W8Uifw.css                                    [39m[1m[2m  1.39 kB[22m[1m[22m[2m │ gzip:  0.54 kB[22m
[2m.svelte-kit/output/client/[22m[35m_app/immutable/assets/4.C7uEq_1w.css                                    [39m[1m[2m  3.69 kB[22m[1m[22m[2m │ gzip:  1.07 kB[22m
[2m.svelte-kit/output/client/[22m[35m_app/immutable/assets/0.BsIrWqtB.css                                    [39m[1m[2m  5.45 kB[22m[1m[22m[2m │ gzip:  1.85 kB[22m
[2m.svelte-kit/output/client/[22m[36m_app/immutable/chunks/DcMUgD7V.js                                       [39m[1m[2m  0.04 kB[22m[1m[22m[2m │ gzip:  0.06 kB[22m
[2m.svelte-kit/output/client/[22m[36m_app/immutable/entry/start.CzyGGSJl.js                                  [39m[1m[2m  0.08 kB[22m[1m[22m[2m │ gzip:  0.09 kB[22m
[2m.svelte-kit/output/client/[22m[36m_app/immutable/chunks/Bzak7iHL.js                                       [39m[1m[2m  0.10 kB[22m[1m[22m[2m │ gzip:  0.10 kB[22m
[2m.svelte-kit/output/client/[22m[36m_app/immutable/chunks/C48D4FPX.js                                       [39m[1m[2m  0.39 kB[22m[1m[22m[2m │ gzip:  0.29 kB[22m
[2m.svelte-kit/output/client/[22m[36m_app/immutable/nodes/1.BPGlJjmu.js                                      [39m[1m[2m  0.54 kB[22m[1m[22m[2m │ gzip:  0.35 kB[22m
[2m.svelte-kit/output/client/[22m[36m_app/immutable/chunks/DvkmfZh1.js                                       [39m[1m[2m  0.58 kB[22m[1m[22m[2m │ gzip:  0.41 kB[22m
[2m.svelte-kit/output/client/[22m[36m_app/immutable/chunks/Dx2PyDGu.js                                       [39m[1m[2m  0.65 kB[22m[1m[22m[2m │ gzip:  0.40 kB[22m
[2m.svelte-kit/output/client/[22m[36m_app/immutable/chunks/C7YJlRmi.js                                       [39m[1m[2m  0.84 kB[22m[1m[22m[2m │ gzip:  0.47 kB[22m
[2m.svelte-kit/output/client/[22m[36m_app/immutable/nodes/3.BfDS3mnI.js                                      [39m[1m[2m  1.14 kB[22m[1m[22m[2m │ gzip:  0.72 kB[22m
[2m.svelte-kit/output/client/[22m[36m_app/immutable/chunks/DE0KLj_h.js                                       [39m[1m[2m  1.36 kB[22m[1m[22m[2m │ gzip:  0.78 kB[22m
[2m.svelte-kit/output/client/[22m[36m_app/immutable/chunks/BRU4WJuJ.js                                       [39m[1m[2m  1.36 kB[22m[1m[22m[2m │ gzip:  0.78 kB[22m
[2m.svelte-kit/output/client/[22m[36m_app/immutable/chunks/wbPk3Yxo.js                                       [39m[1m[2m  1.37 kB[22m[1m[22m[2m │ gzip:  0.66 kB[22m
[2m.svelte-kit/output/client/[22m[36m_app/immutable/nodes/5.m99ZkYXm.js                                      [39m[1m[2m  1.92 kB[22m[1m[22m[2m │ gzip:  0.87 kB[22m
[2m.svelte-kit/output/client/[22m[36m_app/immutable/chunks/4rQHTiwz.js                                       [39m[1m[2m  2.24 kB[22m[1m[22m[2m │ gzip:  0.98 kB[22m
[2m.svelte-kit/output/client/[22m[36m_app/immutable/nodes/2.DShjAUMT.js                                      [39m[1m[2m  4.31 kB[22m[1m[22m[2m │ gzip:  2.13 kB[22m
[2m.svelte-kit/output/client/[22m[36m_app/immutable/nodes/0.CYvxSEXR.js                                      [39m[1m[2m  7.01 kB[22m[1m[22m[2m │ gzip:  3.01 kB[22m
[2m.svelte-kit/output/client/[22m[36m_app/immutable/entry/app.85I8f9Et.js                                    [39m[1m[2m  7.41 kB[22m[1m[22m[2m │ gzip:  3.32 kB[22m
[2m.svelte-kit/output/client/[22m[36m_app/immutable/chunks/kBXpK_FC.js                                       [39m[1m[2m  8.99 kB[22m[1m[22m[2m │ gzip:  3.81 kB[22m
[2m.svelte-kit/output/client/[22m[36m_app/immutable/nodes/4.uBZ2Jjb3.js                                      [39m[1m[2m 15.67 kB[22m[1m[22m[2m │ gzip:  7.10 kB[22m
[2m.svelte-kit/output/client/[22m[36m_app/immutable/chunks/D_ylBMmX.js                                       [39m[1m[2m 28.84 kB[22m[1m[22m[2m │ gzip: 11.06 kB[22m
[2m.svelte-kit/output/client/[22m[36m_app/immutable/chunks/Dg7Wh_AR.js                                       [39m[1m[2m 36.33 kB[22m[1m[22m[2m │ gzip: 13.65 kB[22m
[32m✓ built in 671ms[39m
[2m.svelte-kit/output/server/[22m[32m_app/immutable/assets/fira-mono-symbols2-400-normal.CpeG9ob9.woff       [39m[1m[2m  4.47 kB[22m[1m[22m
[2m.svelte-kit/output/server/[22m[32m_app/immutable/assets/fira-mono-symbols2-400-normal.C6JptOil.woff2      [39m[1m[2m  5.03 kB[22m[1m[22m
[2m.svelte-kit/output/server/[22m[32m_app/immutable/assets/fira-mono-greek-ext-400-normal.BQ5yw6bY.woff      [39m[1m[2m  6.62 kB[22m[1m[22m
[2m.svelte-kit/output/server/[22m[32m_app/immutable/assets/fira-mono-cyrillic-400-normal.DUd3efVn.woff       [39m[1m[2m  7.43 kB[22m[1m[22m
[2m.svelte-kit/output/server/[22m[32m_app/immutable/assets/fira-mono-greek-ext-400-normal.Be4g_LSk.woff2     [39m[1m[2m  7.56 kB[22m[1m[22m
[2m.svelte-kit/output/server/[22m[32m_app/immutable/assets/fira-mono-greek-400-normal.B_0AmgK7.woff          [39m[1m[2m  8.48 kB[22m[1m[22m
[2m.svelte-kit/output/server/[22m[32m_app/immutable/assets/fira-mono-cyrillic-400-normal.BJkDdjbt.woff2      [39m[1m[2m  9.32 kB[22m[1m[22m
[2m.svelte-kit/output/server/[22m[32m_app/immutable/assets/fira-mono-latin-ext-400-normal.CbD3vWRE.woff      [39m[1m[2m  9.89 kB[22m[1m[22m
[2m.svelte-kit/output/server/[22m[32m.vite/manifest.json                                                     [39m[1m[2m 10.38 kB[22m[1m[22m
[2m.svelte-kit/output/server/[22m[32m_app/immutable/assets/fira-mono-greek-400-normal.ftNhKy_S.woff2         [39m[1m[2m 10.53 kB[22m[1m[22m
[2m.svelte-kit/output/server/[22m[32m_app/immutable/assets/fira-mono-latin-ext-400-normal.B2gPvaNr.woff2     [39m[1m[2m 11.93 kB[22m[1m[22m
[2m.svelte-kit/output/server/[22m[32m_app/immutable/assets/fira-mono-cyrillic-ext-400-normal.Co4MVjrD.woff   [39m[1m[2m 12.93 kB[22m[1m[22m
[2m.svelte-kit/output/server/[22m[32m_app/immutable/assets/fira-mono-latin-400-normal.C3FQ26ho.woff          [39m[1m[2m 13.97 kB[22m[1m[22m
[2m.svelte-kit/output/server/[22m[32m_app/immutable/assets/fira-mono-cyrillic-ext-400-normal.FAIU8e3o.woff2  [39m[1m[2m 15.78 kB[22m[1m[22m
[2m.svelte-kit/output/server/[22m[32m_app/immutable/assets/fira-mono-latin-400-normal.DVTTRLHv.woff2         [39m[1m[2m 16.64 kB[22m[1m[22m
[2m.svelte-kit/output/server/[22m[32m_app/immutable/assets/svelte-welcome.0pIiHnVF.webp                      [39m[1m[2m115.47 kB[22m[1m[22m
[2m.svelte-kit/output/server/[22m[32m_app/immutable/assets/svelte-welcome.VNiyy3gC.png                       [39m[1m[2m360.81 kB[22m[1m[22m
[2m.svelte-kit/output/server/[22m[35m_app/immutable/assets/_page.DnkwH8di.css                                [39m[1m[2m  0.73 kB[22m[1m[22m
[2m.svelte-kit/output/server/[22m[35m_app/immutable/assets/_page.CMXO76hI.css                                [39m[1m[2m  1.36 kB[22m[1m[22m
[2m.svelte-kit/output/server/[22m[35m_app/immutable/assets/_page.C7uEq_1w.css                                [39m[1m[2m  3.69 kB[22m[1m[22m
[2m.svelte-kit/output/server/[22m[35m_app/immutable/assets/_layout.BsIrWqtB.css                              [39m[1m[2m  5.45 kB[22m[1m[22m
[2m.svelte-kit/output/server/[22m[36mchunks/false.js                                                         [39m[1m[2m  0.04 kB[22m[1m[22m
[2m.svelte-kit/output/server/[22m[36mentries/pages/_page.js                                                  [39m[1m[2m  0.05 kB[22m[1m[22m
[2m.svelte-kit/output/server/[22m[36mentries/pages/about/_page.js                                            [39m[1m[2m  0.13 kB[22m[1m[22m
[2m.svelte-kit/output/server/[22m[36mentries/pages/sverdle/how-to-play/_page.js                              [39m[1m[2m  0.13 kB[22m[1m[22m
[2m.svelte-kit/output/server/[22m[36menv.js                                                                  [39m[1m[2m  0.23 kB[22m[1m[22m
[2m.svelte-kit/output/server/[22m[36minternal.js                                                             [39m[1m[2m  0.35 kB[22m[1m[22m
[2m.svelte-kit/output/server/[22m[36mchunks/state.svelte.js                                                  [39m[1m[2m  0.45 kB[22m[1m[22m
[2m.svelte-kit/output/server/[22m[36mchunks/server.js                                                        [39m[1m[2m  0.62 kB[22m[1m[22m
[2m.svelte-kit/output/server/[22m[36mentries/pages/about/_page.svelte.js                                     [39m[1m[2m  1.00 kB[22m[1m[22m
[2m.svelte-kit/output/server/[22m[36mchunks/utils2.js                                                        [39m[1m[2m  1.09 kB[22m[1m[22m
[2m.svelte-kit/output/server/[22m[36mentries/fallbacks/error.svelte.js                                       [39m[1m[2m  1.13 kB[22m[1m[22m
[2m.svelte-kit/output/server/[22m[36mchunks/index2.js                                                        [39m[1m[2m  1.41 kB[22m[1m[22m
[2m.svelte-kit/output/server/[22m[36mentries/pages/sverdle/how-to-play/_page.svelte.js                       [39m[1m[2m  1.79 kB[22m[1m[22m
[2m.svelte-kit/output/server/[22m[36mchunks/internal.js                                                      [39m[1m[2m  3.27 kB[22m[1m[22m
[2m.svelte-kit/output/server/[22m[36mchunks/exports.js                                                       [39m[1m[2m  5.54 kB[22m[1m[22m
[2m.svelte-kit/output/server/[22m[36mentries/pages/_page.svelte.js                                           [39m[1m[2m  6.54 kB[22m[1m[22m
[2m.svelte-kit/output/server/[22m[36mentries/pages/sverdle/_page.svelte.js                                   [39m[1m[2m  6.57 kB[22m[1m[22m
[2m.svelte-kit/output/server/[22m[36mentries/pages/_layout.svelte.js                                         [39m[1m[2m  6.92 kB[22m[1m[22m
[2m.svelte-kit/output/server/[22m[36mchunks/root.js                                                          [39m[1m[2m 28.16 kB[22m[1m[22m
[2m.svelte-kit/output/server/[22m[36mchunks/utils.js                                                         [39m[1m[2m 34.21 kB[22m[1m[22m
[2m.svelte-kit/output/server/[22m[36mremote-entry.js                                                         [39m[1m[2m 36.81 kB[22m[1m[22m
[2m.svelte-kit/output/server/[22m[36mchunks/index.js                                                         [39m[1m[2m 98.86 kB[22m[1m[22m
[2m.svelte-kit/output/server/[22m[36mindex.js                                                                [39m[1m[2m130.92 kB[22m[1m[22m
[2m.svelte-kit/output/server/[22m[36mentries/pages/sverdle/_page.server.js                                   [39m[1m[2m146.21 kB[22m[1m[22m
[32m✓ built in 3.06s[39m

Run npm run preview to preview your production build locally.

> Using @sveltejs/adapter-auto
  Could not detect a supported production environment. See https://svelte.dev/docs/kit/adapters to learn how to configure your app to run on the platform of your choosing
  ✔ done
