[zpm prepare]
cwd:
/home/runner/work/benchmarks/benchmarks/fixtures/svelte
package.json:
-rw-r--r-- 1 runner runner 635 Jul 10 15:22 package.json
yarn path:
/home/runner/.yarn/switch/bin/yarn
yarn version:
1.22.22
canary version:
6.0.0-rc.19
packageManager (before):
set packageManager=yarn@6.0.0-rc.19:
packageManager (after):
yarn@6.0.0-rc.19
[zpm prepare]
cwd:
/home/runner/work/benchmarks/benchmarks/fixtures/svelte
package.json:
-rw-r--r-- 1 runner runner 674 Jul 10 15:22 package.json
yarn path:
/home/runner/.yarn/switch/bin/yarn
yarn version:
6.0.0-rc.19
canary version:
6.0.0-rc.19
packageManager (before):
yarn@6.0.0-rc.19
set packageManager=yarn@6.0.0-rc.19:
packageManager (after):
yarn@6.0.0-rc.19
[zpm prepare]
cwd:
/home/runner/work/benchmarks/benchmarks/fixtures/svelte
package.json:
-rw-r--r-- 1 runner runner 674 Jul 10 15:22 package.json
yarn path:
/home/runner/.yarn/switch/bin/yarn
yarn version:
6.0.0-rc.19
canary version:
6.0.0-rc.19
packageManager (before):
yarn@6.0.0-rc.19
set packageManager=yarn@6.0.0-rc.19:
packageManager (after):
yarn@6.0.0-rc.19
[zpm prepare]
cwd:
/home/runner/work/benchmarks/benchmarks/fixtures/svelte
package.json:
-rw-r--r-- 1 runner runner 674 Jul 10 15:22 package.json
yarn path:
/home/runner/.yarn/switch/bin/yarn
yarn version:
6.0.0-rc.19
canary version:
6.0.0-rc.19
packageManager (before):
yarn@6.0.0-rc.19
set packageManager=yarn@6.0.0-rc.19:
packageManager (after):
yarn@6.0.0-rc.19
[zpm prepare]
cwd:
/home/runner/work/benchmarks/benchmarks/fixtures/svelte
package.json:
-rw-r--r-- 1 runner runner 674 Jul 10 15:22 package.json
yarn path:
/home/runner/.yarn/switch/bin/yarn
yarn version:
6.0.0-rc.19
canary version:
6.0.0-rc.19
packageManager (before):
yarn@6.0.0-rc.19
set packageManager=yarn@6.0.0-rc.19:
packageManager (after):
yarn@6.0.0-rc.19
[zpm prepare]
cwd:
/home/runner/work/benchmarks/benchmarks/fixtures/svelte
package.json:
-rw-r--r-- 1 runner runner 674 Jul 10 15:22 package.json
yarn path:
/home/runner/.yarn/switch/bin/yarn
yarn version:
6.0.0-rc.19
canary version:
6.0.0-rc.19
packageManager (before):
yarn@6.0.0-rc.19
set packageManager=yarn@6.0.0-rc.19:
packageManager (after):
yarn@6.0.0-rc.19
[zpm prepare]
cwd:
/home/runner/work/benchmarks/benchmarks/fixtures/svelte
package.json:
-rw-r--r-- 1 runner runner 674 Jul 10 15:22 package.json
yarn path:
/home/runner/.yarn/switch/bin/yarn
yarn version:
6.0.0-rc.19
canary version:
6.0.0-rc.19
packageManager (before):
yarn@6.0.0-rc.19
set packageManager=yarn@6.0.0-rc.19:
packageManager (after):
yarn@6.0.0-rc.19
