[0m[32mTask[0m [0m[36mbuild[0m next build
⚠ No build cache found. Please configure build caching for faster rebuilds. Read more: https://nextjs.org/docs/messages/no-cache
Attention: Next.js now collects completely anonymous telemetry regarding usage.
This information is used to shape Next.js' roadmap and prioritize features.
You can learn more, including how to opt-out if you'd not like to participate in this anonymous program, by visiting the following URL:
https://nextjs.org/telemetry

   ▲ Next.js 15.0.3

   Creating an optimized production build ...
 ✓ Compiled successfully
   Linting and checking validity of types ...
   Collecting page data ...
TypeError: e[o] is not a function
    at t (/home/runner/work/benchmarks/benchmarks/fixtures/next/.next/server/webpack-runtime.js:1:127)
    at 2817 (/home/runner/work/benchmarks/benchmarks/fixtures/next/.next/server/chunks/961.js:2:34957)
    at t (/home/runner/work/benchmarks/benchmarks/fixtures/next/.next/server/webpack-runtime.js:1:127)
    at 4076 (/home/runner/work/benchmarks/benchmarks/fixtures/next/.next/server/chunks/961.js:2:25912)
    at t (/home/runner/work/benchmarks/benchmarks/fixtures/next/.next/server/webpack-runtime.js:1:127)
    at 8486 (/home/runner/work/benchmarks/benchmarks/fixtures/next/.next/server/chunks/961.js:2:31629)
    at t (/home/runner/work/benchmarks/benchmarks/fixtures/next/.next/server/webpack-runtime.js:1:127)
    at 9451 (/home/runner/work/benchmarks/benchmarks/fixtures/next/.next/server/chunks/961.js:2:29076)
    at t (/home/runner/work/benchmarks/benchmarks/fixtures/next/.next/server/webpack-runtime.js:1:127)
    at 8513 (/home/runner/work/benchmarks/benchmarks/fixtures/next/.next/server/chunks/961.js:2:7280)

> Build error occurred
Error: Failed to collect page data for /favicon.ico
    at <unknown> (../../src/build/utils.ts:1746:12)
    at processTicksAndRejections (ext:core/01_core.js:405:7)
    at drainTicks (ext:core/01_core.js:432:5) {
  type: "Error"
}
