
> nextjs@0.1.0 build /home/runner/work/benchmarks/benchmarks/fixtures/next
> next build

⚠ No build cache found. Please configure build caching for faster rebuilds. Read more: https://nextjs.org/docs/messages/no-cache
Attention: Next.js now collects completely anonymous telemetry regarding usage.
This information is used to shape Next.js' roadmap and prioritize features.
You can learn more, including how to opt-out if you'd not like to participate in this anonymous program, by visiting the following URL:
https://nextjs.org/telemetry

   ▲ Next.js 15.0.3

   Creating an optimized production build ...
 ✓ Compiled successfully
   Linting and checking validity of types ...
   Collecting page data ...
   Generating static pages (0/5) ...
   Generating static pages (1/5) 
   Generating static pages (2/5) 
   Generating static pages (3/5) 
 ✓ Generating static pages (5/5)
   Finalizing page optimization ...
   Collecting build traces ...

Route (app)                              Size     First Load JS
┌ ○ /                                    5.47 kB         105 kB
└ ○ /_not-found                          897 B           101 kB
+ First Load JS shared by all            99.9 kB
  ├ chunks/0759e794-dd46e11c5c9e6178.js  52.5 kB
  ├ chunks/743-282906087e380f3c.js       45.6 kB
  └ other shared chunks (total)          1.88 kB


○  (Static)  prerendered as static content

