 WARNING  --no-cache is deprecated and will be removed in a future major version. Use --cache=local:r,remote:r
 WARNING  No locally installed `turbo` found in your repository. Using globally installed version (2.9.6). Using a specified version in your repository will result in more predictable behavior.

   • Running build
   • Remote caching disabled

[;31mbuild[;0m
cache bypass, force executing f92c2df9d9a29881
[31m[1mInternal Error[22m[39m: [38;5;173mnextjs[39m[38;5;37m@[39m[38;5;37mworkspace:.[39m: This package doesn't seem to be present in your lockfile; run "yarn install" to update the lockfile
    at DT.getCandidates (/home/runner/.yarn/switch/cache/0b7f03e74fa73f193f94c2773c991d75/bin.js:204:4607)
    at em.getCandidates (/home/runner/.yarn/switch/cache/0b7f03e74fa73f193f94c2773c991d75/bin.js:141:1311)
    at /home/runner/.yarn/switch/cache/0b7f03e74fa73f193f94c2773c991d75/bin.js:209:8420
    at VE (/home/runner/.yarn/switch/cache/0b7f03e74fa73f193f94c2773c991d75/bin.js:140:45054)
    at st (/home/runner/.yarn/switch/cache/0b7f03e74fa73f193f94c2773c991d75/bin.js:209:8400)
    at async Promise.allSettled (index 0)
    at async Lu (/home/runner/.yarn/switch/cache/0b7f03e74fa73f193f94c2773c991d75/bin.js:140:44382)
    at async /home/runner/.yarn/switch/cache/0b7f03e74fa73f193f94c2773c991d75/bin.js:209:9166
    at async ki.startProgressPromise (/home/runner/.yarn/switch/cache/0b7f03e74fa73f193f94c2773c991d75/bin.js:140:130220)
    at async e.resolveEverything (/home/runner/.yarn/switch/cache/0b7f03e74fa73f193f94c2773c991d75/bin.js:209:7138)
::error::build: command (/home/runner/work/benchmarks/benchmarks/fixtures/next/) /home/runner/.yarn/switch/bin/yarn run build exited (1)
 ERROR  build: command (/home/runner/work/benchmarks/benchmarks/fixtures/next/) /home/runner/.yarn/switch/bin/yarn run build exited (1)

 Tasks:    0 successful, 1 total
Cached:    0 cached, 1 total
  Time:    354ms 
Failed:    //#build

 ERROR  run failed: command  exited (1)
