 WARNING  --no-cache is deprecated and will be removed in a future major version. Use --cache=local:r,remote:r

Attention:
Turborepo now collects completely anonymous telemetry regarding usage.
This information is used to shape the Turborepo roadmap and prioritize features.
You can learn more, including how to opt-out if you'd not like to participate in this anonymous program, by visiting the following URL:
https://turborepo.dev/docs/telemetry

 WARNING  No locally installed `turbo` found in your repository. Using globally installed version (2.10.11). Using a specified version in your repository will result in more predictable behavior.

   • Running build
   • Remote caching disabled

::group::build
cache bypass, force executing 83fc8dd38e345508
⚠ No build cache found. Please configure build caching for faster rebuilds. Read more: https://nextjs.org/docs/messages/no-cache
Attention: Next.js now collects completely anonymous telemetry regarding usage.
This information is used to shape Next.js' roadmap and prioritize features.
You can learn more, including how to opt-out if you'd not like to participate in this anonymous program, by visiting the following URL:
https://nextjs.org/telemetry

   ▲ Next.js 15.0.3

   Creating an optimized production build ...
 ✓ Compiled successfully
   Linting and checking validity of types ...
   Collecting page data ...
   Generating static pages (0/5) ...
   Generating static pages (1/5) 
   Generating static pages (2/5) 
   Generating static pages (3/5) 
 ✓ Generating static pages (5/5)
   Finalizing page optimization ...
   Collecting build traces ...

Route (app)                              Size     First Load JS
┌ ○ /                                    5.46 kB         105 kB
└ ○ /_not-found                          896 B           101 kB
+ First Load JS shared by all            99.9 kB
  ├ chunks/4bd1b696-80bcaf75e1b4285e.js  52.5 kB
  ├ chunks/517-d083b552e04dead1.js       45.5 kB
  └ other shared chunks (total)          1.88 kB


○  (Static)  prerendered as static content

::endgroup::

 Tasks:    1 successful, 1 total
Cached:    0 cached, 1 total
  Time:    16.862s 

