security-archive: failed to find node for @types/node@undefined found in the response.
security-archive: failed to find node for @types/react-dom@undefined found in the response.
security-archive: failed to find node for @types/react@undefined found in the response.
security-archive: failed to find node for @types/prop-types@undefined found in the response.
security-archive: failed to find node for @next/eslint-plugin-next@undefined found in the response.
security-archive: failed to find node for @rushstack/eslint-patch@undefined found in the response.
security-archive: failed to find node for @typescript-eslint/eslint-plugin@undefined found in the response.
security-archive: failed to find node for @typescript-eslint/parser@undefined found in the response.
security-archive: failed to find node for @eslint-community/eslint-utils@undefined found in the response.
security-archive: failed to find node for @eslint-community/regexpp@undefined found in the response.
security-archive: failed to find node for @eslint/eslintrc@undefined found in the response.
security-archive: failed to find node for @eslint/js@undefined found in the response.
security-archive: failed to find node for @humanwhocodes/config-array@undefined found in the response.
security-archive: failed to find node for @humanwhocodes/module-importer@undefined found in the response.
security-archive: failed to find node for @nodelib/fs.walk@undefined found in the response.
security-archive: failed to find node for @ungap/structured-clone@undefined found in the response.
security-archive: failed to find node for @alloc/quick-lru@undefined found in the response.
security-archive: failed to find node for @next/swc-linux-arm64-gnu@undefined found in the response.
security-archive: failed to find node for @next/env@undefined found in the response.
security-archive: failed to find node for @swc/counter@undefined found in the response.
security-archive: failed to find node for @swc/helpers@undefined found in the response.
security-archive: failed to find node for @typescript-eslint/scope-manager@undefined found in the response.
security-archive: failed to find node for @typescript-eslint/type-utils@undefined found in the response.
security-archive: failed to find node for @typescript-eslint/utils@undefined found in the response.
security-archive: failed to find node for @typescript-eslint/visitor-keys@undefined found in the response.
security-archive: failed to find node for @typescript-eslint/types@undefined found in the response.
security-archive: failed to find node for @typescript-eslint/typescript-estree@undefined found in the response.
security-archive: failed to find node for @nolyfill/is-core-module@undefined found in the response.
security-archive: failed to find node for @rtsao/scc@undefined found in the response.
security-archive: failed to find node for @humanwhocodes/object-schema@undefined found in the response.
security-archive: failed to find node for @nodelib/fs.scandir@undefined found in the response.
security-archive: failed to find node for @nodelib/fs.stat@undefined found in the response.
security-archive: failed to find node for @jridgewell/gen-mapping@undefined found in the response.
security-archive: failed to find node for @img/sharp-libvips-linux-arm64@undefined found in the response.
security-archive: failed to find node for @img/sharp-linux-arm64@undefined found in the response.
security-archive: failed to find node for @typescript-eslint/project-service@undefined found in the response.
security-archive: failed to find node for @typescript-eslint/tsconfig-utils@undefined found in the response.
security-archive: failed to find node for @unrs/resolver-binding-linux-arm64-gnu@undefined found in the response.
security-archive: failed to find node for @types/json5@undefined found in the response.
security-archive: failed to find node for @jridgewell/sourcemap-codec@undefined found in the response.
security-archive: failed to find node for @jridgewell/trace-mapping@undefined found in the response.
security-archive: failed to find node for @emnapi/runtime@undefined found in the response.
security-archive: failed to find node for @emnapi/core@undefined found in the response.
security-archive: failed to find node for @napi-rs/wasm-runtime@undefined found in the response.
security-archive: failed to find node for @jridgewell/resolve-uri@undefined found in the response.
security-archive: failed to find node for @emnapi/wasi-threads@undefined found in the response.
security-archive: failed to find node for @tybys/wasm-util@undefined found in the response.
