npm http fetch GET 200 https://npm.cloudsmith.io/vlt/benchmarks/@fontsource%2ffira-mono 442ms (cache miss)
npm http fetch GET 200 https://npm.cloudsmith.io/vlt/benchmarks/@neoconfetti%2fsvelte 274ms (cache miss)
npm http fetch GET 200 https://npm.cloudsmith.io/vlt/benchmarks/svelte 872ms (cache miss)
npm http fetch GET 200 https://npm.cloudsmith.io/vlt/benchmarks/@sveltejs%2fadapter-auto 312ms (cache miss)
npm http fetch GET 200 https://npm.cloudsmith.io/vlt/benchmarks/@sveltejs%2fkit 792ms (cache miss)
npm http fetch GET 200 https://npm.cloudsmith.io/vlt/benchmarks/@sveltejs%2fvite-plugin-svelte 330ms (cache miss)
npm http fetch GET 200 https://npm.cloudsmith.io/vlt/benchmarks/vite 1413ms (cache miss)
npm http fetch GET 200 https://npm.cloudsmith.io/vlt/benchmarks/typescript 1521ms (cache miss)
npm http fetch GET 200 https://npm.cloudsmith.io/vlt/benchmarks/svelte-check 370ms (cache miss)
npm http fetch GET 200 https://npm.cloudsmith.io/vlt/benchmarks/@jridgewell%2fremapping 283ms (cache miss)
npm http fetch GET 200 https://npm.cloudsmith.io/vlt/benchmarks/@sveltejs%2facorn-typescript 290ms (cache miss)
npm http fetch GET 200 https://npm.cloudsmith.io/vlt/benchmarks/@jridgewell%2fsourcemap-codec 297ms (cache miss)
npm http fetch GET 200 https://npm.cloudsmith.io/vlt/benchmarks/@types%2festree 269ms (cache miss)
npm http fetch GET 200 https://npm.cloudsmith.io/vlt/benchmarks/aria-query 292ms (cache miss)
npm http fetch GET 200 https://npm.cloudsmith.io/vlt/benchmarks/acorn 329ms (cache miss)
npm http fetch GET 200 https://npm.cloudsmith.io/vlt/benchmarks/axobject-query 253ms (cache miss)
npm http fetch GET 200 https://npm.cloudsmith.io/vlt/benchmarks/clsx 286ms (cache miss)
npm http fetch GET 200 https://npm.cloudsmith.io/vlt/benchmarks/devalue 272ms (cache miss)
npm http fetch GET 200 https://npm.cloudsmith.io/vlt/benchmarks/esm-env 259ms (cache miss)
npm http fetch GET 200 https://npm.cloudsmith.io/vlt/benchmarks/is-reference 269ms (cache miss)
npm http fetch GET 200 https://npm.cloudsmith.io/vlt/benchmarks/esrap 294ms (cache miss)
npm http fetch GET 200 https://npm.cloudsmith.io/vlt/benchmarks/locate-character 251ms (cache miss)
npm http fetch GET 200 https://npm.cloudsmith.io/vlt/benchmarks/zimmerframe 244ms (cache miss)
npm http fetch GET 200 https://npm.cloudsmith.io/vlt/benchmarks/magic-string 369ms (cache miss)
npm http fetch GET 200 https://npm.cloudsmith.io/vlt/benchmarks/@sveltejs%2facorn-typescript 34ms (cache updated)
npm http fetch GET 200 https://npm.cloudsmith.io/vlt/benchmarks/import-meta-resolve 298ms (cache miss)
npm http fetch GET 200 https://npm.cloudsmith.io/vlt/benchmarks/acorn 21ms (cache updated)
npm http fetch GET 200 https://npm.cloudsmith.io/vlt/benchmarks/@standard-schema%2fspec 260ms (cache miss)
npm http fetch GET 200 https://npm.cloudsmith.io/vlt/benchmarks/devalue 25ms (cache updated)
npm http fetch GET 200 https://npm.cloudsmith.io/vlt/benchmarks/esm-env 22ms (cache updated)
npm http fetch GET 200 https://npm.cloudsmith.io/vlt/benchmarks/@types%2fcookie 240ms (cache miss)
npm http fetch GET 200 https://npm.cloudsmith.io/vlt/benchmarks/magic-string 34ms (cache updated)
npm http fetch GET 200 https://npm.cloudsmith.io/vlt/benchmarks/cookie 315ms (cache miss)
npm http fetch GET 200 https://npm.cloudsmith.io/vlt/benchmarks/kleur 259ms (cache miss)
npm http fetch GET 200 https://npm.cloudsmith.io/vlt/benchmarks/mrmime 284ms (cache miss)
npm http fetch GET 200 https://npm.cloudsmith.io/vlt/benchmarks/sirv 264ms (cache miss)
npm http fetch GET 200 https://npm.cloudsmith.io/vlt/benchmarks/set-cookie-parser 390ms (cache miss)
npm http fetch GET 200 https://npm.cloudsmith.io/vlt/benchmarks/@sveltejs%2fvite-plugin-svelte-inspector 317ms (cache miss)
npm http fetch GET 200 https://npm.cloudsmith.io/vlt/benchmarks/magic-string 23ms (cache updated)
npm http fetch GET 200 https://npm.cloudsmith.io/vlt/benchmarks/debug 313ms (cache miss)
npm http fetch GET 200 https://npm.cloudsmith.io/vlt/benchmarks/deepmerge 320ms (cache miss)
npm http fetch GET 200 https://npm.cloudsmith.io/vlt/benchmarks/vitefu 285ms (cache miss)
npm http fetch GET 200 https://npm.cloudsmith.io/vlt/benchmarks/esbuild 418ms (cache miss)
npm http fetch GET 200 https://npm.cloudsmith.io/vlt/benchmarks/picomatch 296ms (cache miss)
npm http fetch GET 200 https://npm.cloudsmith.io/vlt/benchmarks/postcss 382ms (cache miss)
npm http fetch GET 200 https://npm.cloudsmith.io/vlt/benchmarks/tinyglobby 253ms (cache miss)
npm http fetch GET 200 https://npm.cloudsmith.io/vlt/benchmarks/fdir 980ms (cache miss)
npm http fetch GET 200 https://npm.cloudsmith.io/vlt/benchmarks/rollup 664ms (cache miss)
npm http fetch GET 200 https://npm.cloudsmith.io/vlt/benchmarks/fsevents 318ms (cache miss)
npm http fetch GET 200 https://npm.cloudsmith.io/vlt/benchmarks/@jridgewell%2ftrace-mapping 308ms (cache miss)
npm http fetch GET 200 https://npm.cloudsmith.io/vlt/benchmarks/fdir 23ms (cache updated)
npm http fetch GET 200 https://npm.cloudsmith.io/vlt/benchmarks/chokidar 277ms (cache miss)
npm http fetch GET 200 https://npm.cloudsmith.io/vlt/benchmarks/picocolors 249ms (cache miss)
npm http fetch GET 200 https://npm.cloudsmith.io/vlt/benchmarks/sade 268ms (cache miss)
npm http fetch GET 200 https://npm.cloudsmith.io/vlt/benchmarks/@sveltejs%2fload-config 288ms (cache miss)
npm http fetch GET 200 https://npm.cloudsmith.io/vlt/benchmarks/@jridgewell%2fsourcemap-codec 21ms (cache updated)
npm http fetch GET 200 https://npm.cloudsmith.io/vlt/benchmarks/totalist 258ms (cache miss)
npm http fetch GET 200 https://npm.cloudsmith.io/vlt/benchmarks/@polka%2furl 396ms (cache miss)
npm http fetch GET 200 https://npm.cloudsmith.io/vlt/benchmarks/debug 36ms (cache updated)
npm http fetch GET 200 https://npm.cloudsmith.io/vlt/benchmarks/ms 306ms (cache miss)
npm http fetch GET 200 https://npm.cloudsmith.io/vlt/benchmarks/@jridgewell%2ftrace-mapping 23ms (cache updated)
npm http fetch GET 200 https://npm.cloudsmith.io/vlt/benchmarks/@jridgewell%2fgen-mapping 251ms (cache miss)
npm http fetch GET 200 https://npm.cloudsmith.io/vlt/benchmarks/@jridgewell%2fresolve-uri 299ms (cache miss)
npm http fetch GET 200 https://npm.cloudsmith.io/vlt/benchmarks/mri 233ms (cache miss)
npm http fetch GET 200 https://npm.cloudsmith.io/vlt/benchmarks/readdirp 280ms (cache miss)
npm http fetch GET 200 https://npm.cloudsmith.io/vlt/benchmarks/@esbuild%2faix-ppc64 260ms (cache miss)
npm http fetch GET 200 https://npm.cloudsmith.io/vlt/benchmarks/@esbuild%2fandroid-arm64 265ms (cache miss)
npm http fetch GET 200 https://npm.cloudsmith.io/vlt/benchmarks/@esbuild%2fandroid-arm 268ms (cache miss)
npm http fetch GET 200 https://npm.cloudsmith.io/vlt/benchmarks/@esbuild%2fandroid-x64 291ms (cache miss)
npm http fetch GET 200 https://npm.cloudsmith.io/vlt/benchmarks/@esbuild%2fdarwin-arm64 302ms (cache miss)
npm http fetch GET 200 https://npm.cloudsmith.io/vlt/benchmarks/@esbuild%2fdarwin-x64 301ms (cache miss)
npm http fetch GET 200 https://npm.cloudsmith.io/vlt/benchmarks/@esbuild%2ffreebsd-x64 262ms (cache miss)
npm http fetch GET 200 https://npm.cloudsmith.io/vlt/benchmarks/@esbuild%2ffreebsd-arm64 282ms (cache miss)
npm http fetch GET 200 https://npm.cloudsmith.io/vlt/benchmarks/@esbuild%2flinux-arm 286ms (cache miss)
npm http fetch GET 200 https://npm.cloudsmith.io/vlt/benchmarks/@esbuild%2flinux-arm64 317ms (cache miss)
npm http fetch GET 200 https://npm.cloudsmith.io/vlt/benchmarks/@esbuild%2flinux-ia32 359ms (cache miss)
npm http fetch GET 200 https://npm.cloudsmith.io/vlt/benchmarks/@esbuild%2flinux-loong64 348ms (cache miss)
npm http fetch GET 200 https://npm.cloudsmith.io/vlt/benchmarks/@esbuild%2flinux-mips64el 384ms (cache miss)
npm http fetch GET 200 https://npm.cloudsmith.io/vlt/benchmarks/@esbuild%2flinux-ppc64 427ms (cache miss)
npm http fetch GET 200 https://npm.cloudsmith.io/vlt/benchmarks/@esbuild%2flinux-riscv64 495ms (cache miss)
npm http fetch GET 200 https://npm.cloudsmith.io/vlt/benchmarks/@esbuild%2flinux-s390x 282ms (cache miss)
npm http fetch GET 200 https://npm.cloudsmith.io/vlt/benchmarks/@esbuild%2flinux-x64 277ms (cache miss)
npm http fetch GET 200 https://npm.cloudsmith.io/vlt/benchmarks/@esbuild%2fnetbsd-arm64 260ms (cache miss)
npm http fetch GET 200 https://npm.cloudsmith.io/vlt/benchmarks/@esbuild%2fnetbsd-x64 287ms (cache miss)
npm http fetch GET 200 https://npm.cloudsmith.io/vlt/benchmarks/@esbuild%2fopenbsd-arm64 289ms (cache miss)
npm http fetch GET 200 https://npm.cloudsmith.io/vlt/benchmarks/@esbuild%2fopenbsd-x64 312ms (cache miss)
npm http fetch GET 200 https://npm.cloudsmith.io/vlt/benchmarks/@esbuild%2fopenharmony-arm64 285ms (cache miss)
npm http fetch GET 200 https://npm.cloudsmith.io/vlt/benchmarks/@esbuild%2fsunos-x64 309ms (cache miss)
npm http fetch GET 200 https://npm.cloudsmith.io/vlt/benchmarks/@esbuild%2fwin32-arm64 257ms (cache miss)
npm http fetch GET 200 https://npm.cloudsmith.io/vlt/benchmarks/@esbuild%2fwin32-ia32 290ms (cache miss)
npm http fetch GET 200 https://npm.cloudsmith.io/vlt/benchmarks/@esbuild%2fwin32-x64 279ms (cache miss)
npm http fetch GET 200 https://npm.cloudsmith.io/vlt/benchmarks/nanoid 326ms (cache miss)
npm http fetch GET 200 https://npm.cloudsmith.io/vlt/benchmarks/source-map-js 310ms (cache miss)
npm http fetch GET 200 https://npm.cloudsmith.io/vlt/benchmarks/@rollup%2frollup-darwin-x64 316ms (cache miss)
npm http fetch GET 200 https://npm.cloudsmith.io/vlt/benchmarks/@rollup%2frollup-freebsd-x64 328ms (cache miss)
npm http fetch GET 200 https://npm.cloudsmith.io/vlt/benchmarks/@rollup%2frollup-openbsd-x64 258ms (cache miss)
npm http fetch GET 200 https://npm.cloudsmith.io/vlt/benchmarks/@napi-rs%2flzma-linux-x64-gnu 264ms (cache miss)
npm http fetch GET 200 https://npm.cloudsmith.io/vlt/benchmarks/@rollup%2frollup-darwin-arm64 285ms (cache miss)
npm http fetch GET 200 https://npm.cloudsmith.io/vlt/benchmarks/@rollup%2frollup-freebsd-arm64 264ms (cache miss)
npm http fetch GET 200 https://npm.cloudsmith.io/vlt/benchmarks/@rollup%2frollup-linux-x64-gnu 297ms (cache miss)
npm http fetch GET 200 https://npm.cloudsmith.io/vlt/benchmarks/@rollup%2frollup-android-arm64 532ms (cache miss)
npm http fetch GET 200 https://npm.cloudsmith.io/vlt/benchmarks/@rollup%2frollup-win32-x64-gnu 270ms (cache miss)
npm http fetch GET 200 https://npm.cloudsmith.io/vlt/benchmarks/@rollup%2frollup-linux-arm64-gnu 335ms (cache miss)
npm http fetch GET 200 https://npm.cloudsmith.io/vlt/benchmarks/@rollup%2frollup-linux-x64-musl 465ms (cache miss)
npm http fetch GET 200 https://npm.cloudsmith.io/vlt/benchmarks/@rollup%2frollup-win32-x64-msvc 464ms (cache miss)
npm http fetch GET 200 https://npm.cloudsmith.io/vlt/benchmarks/@rollup%2frollup-linux-ppc64-gnu 272ms (cache miss)
npm http fetch GET 200 https://npm.cloudsmith.io/vlt/benchmarks/@rollup%2frollup-linux-s390x-gnu 293ms (cache miss)
npm http fetch GET 200 https://npm.cloudsmith.io/vlt/benchmarks/@rollup%2frollup-win32-ia32-msvc 310ms (cache miss)
npm http fetch GET 200 https://npm.cloudsmith.io/vlt/benchmarks/@rollup%2frollup-android-arm-eabi 314ms (cache miss)
npm http fetch GET 200 https://npm.cloudsmith.io/vlt/benchmarks/@rollup%2frollup-linux-ppc64-musl 262ms (cache miss)
npm http fetch GET 200 https://npm.cloudsmith.io/vlt/benchmarks/@rollup%2frollup-linux-arm64-musl 296ms (cache miss)
npm http fetch GET 200 https://npm.cloudsmith.io/vlt/benchmarks/@rollup%2frollup-linux-loong64-gnu 292ms (cache miss)
npm http fetch GET 200 https://npm.cloudsmith.io/vlt/benchmarks/@rollup%2frollup-win32-arm64-msvc 306ms (cache miss)
npm http fetch GET 200 https://npm.cloudsmith.io/vlt/benchmarks/@rollup%2frollup-linux-riscv64-gnu 297ms (cache miss)
npm http fetch GET 200 https://npm.cloudsmith.io/vlt/benchmarks/@rollup%2frollup-linux-loong64-musl 280ms (cache miss)
npm http fetch GET 200 https://npm.cloudsmith.io/vlt/benchmarks/@rollup%2frollup-openharmony-arm64 305ms (cache miss)
npm http fetch GET 200 https://npm.cloudsmith.io/vlt/benchmarks/@rollup%2frollup-linux-riscv64-musl 456ms (cache miss)
npm http fetch GET 200 https://npm.cloudsmith.io/vlt/benchmarks/@rollup%2frollup-linux-arm-musleabihf 373ms (cache miss)
npm http fetch GET 200 https://npm.cloudsmith.io/vlt/benchmarks/@rollup%2frollup-linux-arm-gnueabihf 513ms (cache miss)
npm http fetch GET 200 https://dl.cloudsmith.io/signed/vlt/benchmarks/upstream/filename/npm/@rollup/rollup-linux-arm64-gnu/rollup-linux-arm64-gnu-4.64.2.tgz?created=1791455638&expires=1791542038&source=t-PwLF9sWN2uK8&signature=gAAAAABqx3GWCqN0erO_uwgJ3z_UhlSeOfPZKx6rNxyJW-RgOLcpZSLoJJdzF8E618VpilbTnYcHM9FM830Yb44aY2QLsD_vL0kk8bJf5WpeO8SdIZvNYtXw49xckbkzFdVekBcUIxRY 606ms (cache miss)
npm http fetch GET 200 https://dl.cloudsmith.io/signed/vlt/benchmarks/upstream/filename/npm/rollup/rollup-4.64.2.tgz?created=1791455638&expires=1791542038&source=t-PwLF9sWN2uK8&signature=gAAAAABqx3GW5juQ9ZSVyi1rWErTnk1oXwMIOcD8VUeSnUiYUr2oY_svDaoATR94dbCATgeElEd_g_Fz4lFR0YCsI6qXyN-Ucniy9hK38NRXVd-iHDG66pBZQck9HQQLtGPIR7DmCAfN 619ms (cache miss)
npm http fetch GET 200 https://dl.cloudsmith.io/signed/vlt/benchmarks/npm/mri/1.2.0/mri-1.2.0.tgz?created=1791455638&expires=1791542038&source=t-PwLF9sWN2uK8&signature=gAAAAABqx3GWiiUMEDzwpVrPYoyMMR4VaHGCjIkK_nwZ9LFHezJ1Ifu9CFi0KUFETezFfCBJDgeJmA8MU6Q4aN33J8w1PoYN9qMdoLiMxLpwBjnNaHcJZyDcx3ohO7VRHR-iVfBjLA2l 738ms (cache miss)
npm http fetch GET 200 https://dl.cloudsmith.io/signed/vlt/benchmarks/npm/readdirp/4.1.2/readdirp-4.1.2.tgz?created=1791455638&expires=1791542038&source=t-PwLF9sWN2uK8&signature=gAAAAABqx3GWFB6016t4WDG7-lOj1_Jf8tQ9IFzt2bYUq8nGAONkZlOIWMuIJKi6dwzxYhh2Le7lFTNtBULyikNAPdTn-f9vSYfiRNVepHhsnyZNBUsmGDiIhw8GfkVfPyCiVnMXPDd4 739ms (cache miss)
npm http fetch GET 200 https://dl.cloudsmith.io/signed/vlt/benchmarks/npm/sade/1.8.1/sade-1.8.1.tgz?created=1791455638&expires=1791542038&source=t-PwLF9sWN2uK8&signature=gAAAAABqx3GWhDW7yeVveHT5yPA4CJ_Kk5YWnSWmmO7cYGFQxPIU9jWnkmM4TqVa_4KPUTdL9LabnkJVzEWiQZOkuSNt4ClWjpIoCbh3L0fe5oEcXx4iuLuTWzDYAjqFXU5NEty9fxKG 740ms (cache miss)
npm http fetch GET 200 https://dl.cloudsmith.io/signed/vlt/benchmarks/npm/tinyglobby/0.2.17/tinyglobby-0.2.17.tgz?created=1791455638&expires=1791542038&source=t-PwLF9sWN2uK8&signature=gAAAAABqx3GWux4Wrya2QS95Ul4OTG1nsiJUlpN7LEPAvMOIe1PaiYNrIVt-c_HOERIPTgWsn94q06JA5DCRrCO7ik9CFh23beUfe93n8LTkT4sgEyAqmdPW6TiQgZ0DRW6qEtSrthIs 767ms (cache miss)
npm http fetch GET 200 https://dl.cloudsmith.io/signed/vlt/benchmarks/npm/picocolors/1.1.1/picocolors-1.1.1.tgz?created=1791455638&expires=1791542038&source=t-PwLF9sWN2uK8&signature=gAAAAABqx3GW5EsyqMeyKIUplT-tvrRScFxR0CvUvmgGGl_JezQ2BHvqQS03NA45-Oey0NuyckBIFlWw5ohWLbmj25Hf7zAgpwKuClCu3mI0hHwkyZVHChk1UhFuofkHUmd30acQ8dan 791ms (cache miss)
npm http fetch GET 200 https://dl.cloudsmith.io/signed/vlt/benchmarks/npm/fdir/6.5.0/fdir-6.5.0.tgz?created=1791455638&expires=1791542038&source=t-PwLF9sWN2uK8&signature=gAAAAABqx3GWV5qqG-ce8RLp-wsQVzH3neYn_5XV746OfAheLSQHnt7rOEHNqJk6dbLLtiIELE9EFkgG2M9OB5EZvjs2qUoYKSTrgKYPlozmOjhU5k7aKpwy-10PjJt8HWnu8_p7tikk 815ms (cache miss)
npm http fetch GET 200 https://dl.cloudsmith.io/signed/vlt/benchmarks/npm/esbuild/0.25.12/esbuild-0.25.12.tgz?created=1791455638&expires=1791542038&source=t-PwLF9sWN2uK8&signature=gAAAAABqx3GWdnsVi3YVuvn-iQKHDgSL-luIeyltM4zGDAUGGrozEEATPzg6mQ7c3TbBY4624ntDv2JZ2hc_VcoChq0SxjWde3Fu328zE4LtfeqQNuoKFMyQCdy_b6qGU1FxQhZVUsaG 818ms (cache miss)
npm http fetch GET 200 https://dl.cloudsmith.io/signed/vlt/benchmarks/npm/chokidar/4.0.3/chokidar-4.0.3.tgz?created=1791455638&expires=1791542038&source=t-PwLF9sWN2uK8&signature=gAAAAABqx3GWkRlIxgWO7ZgSl7O3mxc0iGUo-WWcECx7F011RZB0oZOiy0EjrTXHO0ttDl5HLILeImQFdo5os--D5SeLALNo9j2S2kj1uM0B1j257buGA2OYjOTSeC4k_9sAfrrz-GZe 817ms (cache miss)
npm http fetch GET 200 https://dl.cloudsmith.io/signed/vlt/benchmarks/npm/postcss/8.5.29/postcss-8.5.29.tgz?created=1791455638&expires=1791542038&source=t-PwLF9sWN2uK8&signature=gAAAAABqx3GWq5juA1_fxVT6JJbEvta4Mp5ur6eUrOKjeRDR873XdKrxZs3fje5Yk_t5ViRxrWTejSEgMGaW9gLEh0EpVfUWScThfF1-MWaJ38CwSJNiGtd1_WESMYCr7bDQHd0M7xZE 891ms (cache miss)
npm http fetch GET 200 https://dl.cloudsmith.io/signed/vlt/benchmarks/npm/sveltejs/load-config/0.2.3/load-config-0.2.3.tgz?created=1791455638&expires=1791542038&source=t-PwLF9sWN2uK8&signature=gAAAAABqx3GWDwxNQm-e_niBpVhMqGS-0Nj6ip7pQrVLqolLqbNhj8YaUNKbMCRQD4LVwTrbbhEAteQbzLIbx7t74Sg7BhbIDSkbqIzHI8T429tjh6LIqcdFHBtUfpps5zL6tsk2VEv1 905ms (cache miss)
npm http fetch GET 200 https://dl.cloudsmith.io/signed/vlt/benchmarks/npm/jridgewell/resolve-uri/3.1.2/resolve-uri-3.1.2.tgz?created=1791455638&expires=1791542038&source=t-PwLF9sWN2uK8&signature=gAAAAABqx3GWSFK1Q7fGDCaawaWvXfTGQvV4YWM4DzqZTVUZRyulzCIkOXd5QPxXdxWZODS_Jt2rDBCcN6hcLVzzeCOQpQp3JYSc-_QesRpoaocIPgsv_CSQ1a8qjKQwVgDDYCOfi1MD 1017ms (cache miss)
npm http fetch GET 200 https://dl.cloudsmith.io/signed/vlt/benchmarks/npm/nanoid/3.3.20/nanoid-3.3.20.tgz?created=1791455638&expires=1791542038&source=t-PwLF9sWN2uK8&signature=gAAAAABqx3GWinz5tHDA0_EKuIL70-LBKSv00wBf0GbNI75qBiADkREH1ubfLnJs4yy9DaiZzrO68y3ljLDLpHw_XRZWffXHd8ICUvg14pAglvGdYACZ8d6YtYrt6fZPfJq3rweR3ImQ 1028ms (cache miss)
npm http fetch GET 200 https://dl.cloudsmith.io/signed/vlt/benchmarks/npm/zimmerframe/1.1.5/zimmerframe-1.1.5.tgz?created=1791455638&expires=1791542038&source=t-PwLF9sWN2uK8&signature=gAAAAABqx3GWD-fgEdJHBrVE8-DtLKB6LpiDY6GFpekEMk-fKc5ytpXOb8XdaPSPWiCYxt5u2ZpBRrWxjSgwgj-0QFGruu72zv0mNoK5BmyH4wxk3OA3YtdqUn97N4DzKalcyvY2kR-v 1150ms (cache miss)
npm http fetch GET 200 https://dl.cloudsmith.io/signed/vlt/benchmarks/npm/clsx/2.1.1/clsx-2.1.1.tgz?created=1791455638&expires=1791542038&source=t-PwLF9sWN2uK8&signature=gAAAAABqx3GWMm6Z7Ht0_nx3rHzwVP3TNcZXYH6BcuSL0akOQUDEy5NUBCFVF3A9kfQ7qQA-bRsgZT08DpqL_wsCmO1BTPnbaenvkL0NJ64xK2q-nqS-jhymtzBQ8pZRAuzXDWytidSU 1151ms (cache miss)
npm http fetch GET 200 https://dl.cloudsmith.io/signed/vlt/benchmarks/npm/is-reference/3.0.3/is-reference-3.0.3.tgz?created=1791455638&expires=1791542038&source=t-PwLF9sWN2uK8&signature=gAAAAABqx3GWrATesGRC6O7D3h_V_l56O1FgNNdEQjfijpgNdwgIU1UW6Ez_woQhyVsqPFIUMUPjAZKfBoDYNE70ENW-d6lInAeLv1x_qysYeBdw6PwMymMnX9I6AszhUTM8tRsj0nzi 1158ms (cache miss)
npm http fetch GET 200 https://dl.cloudsmith.io/signed/vlt/benchmarks/npm/picomatch/4.0.7/picomatch-4.0.7.tgz?created=1791455638&expires=1791542038&source=t-PwLF9sWN2uK8&signature=gAAAAABqx3GWipwtJHkZDVs0JmhcPLT087RiLaUibSagEbiOdI-xySe-Z9ZFJe7UbiaqG686jKK47ElR5ub6c97cC-LIvKjIp6kCrQ9YDW3LH9WPDvtc2UlNpY1yRJE3WfVqnMkfTqqV 1184ms (cache miss)
npm http fetch GET 200 https://dl.cloudsmith.io/signed/vlt/benchmarks/npm/source-map-js/1.2.2/source-map-js-1.2.2.tgz?created=1791455638&expires=1791542038&source=t-PwLF9sWN2uK8&signature=gAAAAABqx3GWAGjWXp2ooxmCuZ-N9RCrEkiQEX-zlEPduCHnJPGZlTrFkp9dyeIBVFiNJ6LBNcsEooKIhWJgZU28G_EizdGCi8tM-ZReimlHWwjxr5j6CeAxtSO-pjeCBWgF3uBoGMw5 1232ms (cache miss)
npm http fetch GET 200 https://dl.cloudsmith.io/signed/vlt/benchmarks/npm/locate-character/3.0.0/locate-character-3.0.0.tgz?created=1791455638&expires=1791542038&source=t-PwLF9sWN2uK8&signature=gAAAAABqx3GWp4WkIPmss2RTRTvpyaiQxxYiaHfTa5FFkBNTaZsJL5X4c3KIkEaNAgUIo1TJnFEFENfDmzL616Wye8y101zZtLYtwcXuQdNYSwkkS1dzaUFcfrvFU2tsduQDFel0TMM6 1235ms (cache miss)
npm http fetch GET 200 https://dl.cloudsmith.io/signed/vlt/benchmarks/npm/jridgewell/gen-mapping/0.3.13/gen-mapping-0.3.13.tgz?created=1791455638&expires=1791542038&source=t-PwLF9sWN2uK8&signature=gAAAAABqx3GWutNKWwOXGSaymQ56rboCzSjijIF9sojQ78VZVLdGQRoyF5UgtZXK7kmdu2zsO6KDLUGwXdHfgbuU9-IMZLqGBAxrBqLLnAyuHn_eesUwH4hExDMTk0lzZSDD1UBE1Pw6 1241ms (cache miss)
npm http fetch GET 200 https://dl.cloudsmith.io/signed/vlt/benchmarks/npm/jridgewell/trace-mapping/0.3.31/trace-mapping-0.3.31.tgz?created=1791455638&expires=1791542038&source=t-PwLF9sWN2uK8&signature=gAAAAABqx3GW_5Lf7SZ6XO101UviWoUEzI-ldYepUFlxOBVCcK4jNMAG705fl-tInx9Uztlh5f_gc9-SxT4YeQZTo-nnMLK0aEw8Xp-7RWH6lnp4r48hZM7J3BN5i9JPxYp9NPGXqUPk 1290ms (cache miss)
npm http fetch GET 200 https://dl.cloudsmith.io/signed/vlt/benchmarks/npm/esrap/2.4.0/esrap-2.4.0.tgz?created=1791455638&expires=1791542038&source=t-PwLF9sWN2uK8&signature=gAAAAABqx3GWtW9LI9in4XCez_ePpCHoz0mZ4ezB4LrBhxOQwDR8m4xGBhRsFaF8nzvQMA-cTDFYiTmpJVwLpP4fowcFKsa2Xt5NIf82IaEA60SXa1zjWxQi9ZRX7LDQvK0u7zviFWYI 1306ms (cache miss)
npm http fetch GET 200 https://dl.cloudsmith.io/signed/vlt/benchmarks/npm/axobject-query/4.1.0/axobject-query-4.1.0.tgz?created=1791455638&expires=1791542038&source=t-PwLF9sWN2uK8&signature=gAAAAABqx3GWo6RlzqiWusytUfKA1LhiinuYDMAAUY2Jg3KTiWb82ZG-imI_Um5UtAcx1NjlJ5Swqztgtgwasy_krxOsd2ATnlb1xsbrh8yyHlS61LK9WTGGYIsFuGVrQbjKGKQ7dSHg 1310ms (cache miss)
npm http fetch GET 200 https://dl.cloudsmith.io/signed/vlt/benchmarks/npm/totalist/3.0.1/totalist-3.0.1.tgz?created=1791455638&expires=1791542038&source=t-PwLF9sWN2uK8&signature=gAAAAABqx3GWiPqL1MxRMxhHNOubzyAZaxsIK4LrAKEVkRsgLQdv9xCrm1_us1bTM8PynphYUJhv87AhEBRUjNG5J1P7fny4usORVqZATxKv5B0aemXd-injH7H9_CW3bXXMdtrwWOvv 1336ms (cache miss)
npm http fetch GET 200 https://dl.cloudsmith.io/signed/vlt/benchmarks/npm/jridgewell/remapping/2.3.5/remapping-2.3.5.tgz?created=1791455638&expires=1791542038&source=t-PwLF9sWN2uK8&signature=gAAAAABqx3GW1F8kUVjmpEMl6FqURkBbml3H8Yp4dPNRUjqTo1zkfzlJi-_2ii93S69WxNPL7S2arEdYI-Soj6cwuSEn_UDv0ZIglHBOYUoxWZ2tJQVSxGDy38RS-Mf9_UfqalNmKGo6 1344ms (cache miss)
npm http fetch GET 200 https://dl.cloudsmith.io/signed/vlt/benchmarks/npm/esbuild/linux-arm64/0.25.12/linux-arm64-0.25.12.tgz?created=1791455638&expires=1791542038&source=t-PwLF9sWN2uK8&signature=gAAAAABqx3GWOf0lTVhDxov6wncUVFvVmbPLRVsdIXEKeeXqyb2WTmlielvCULLjjxH4YdOduxe1kG6bVziTRjMZRtppsa76K6EiLAFCc0xT4hqC0mvLSvaKfUO757aNu37oYCwQ9oms 1353ms (cache miss)
npm http fetch GET 200 https://dl.cloudsmith.io/signed/vlt/benchmarks/npm/types/estree/1.0.9/estree-1.0.9.tgz?created=1791455638&expires=1791542038&source=t-PwLF9sWN2uK8&signature=gAAAAABqx3GWVlZl3JNdQvZio2ZX2YQPjefnXzauIQGvzlGF8EnkmHLQhIH6BtMF1GgbTGCszKv_QtA505zQI16tMgUZaDb7umehw-A2uRKzxDYgzSjCeYjqmZIpsxpVPSYVOqteX3k8 1441ms (cache miss)
npm http fetch GET 200 https://dl.cloudsmith.io/signed/vlt/benchmarks/npm/aria-query/5.3.1/aria-query-5.3.1.tgz?created=1791455638&expires=1791542038&source=t-PwLF9sWN2uK8&signature=gAAAAABqx3GWEddp7jgVF5NzveyHCTG4ZISknZMdzxq4A2XQkGmV1zkIpiEC1htNtJRNlTjYL10Gj7GYlG2Qrp0LOoaqqtsGjQaNCpFdJQmFDJKHCtDtGSIZVMMW0xouXLw-rGao1zFq 1516ms (cache miss)
npm http fetch GET 200 https://dl.cloudsmith.io/signed/vlt/benchmarks/npm/sveltejs/vite-plugin-svelte-inspector/4.0.1/vite-plugin-svelte-inspector-4.0.1.tgz?created=1791455638&expires=1791542038&source=t-PwLF9sWN2uK8&signature=gAAAAABqx3GWIExAteWHiWoEI8HTKlICaXaNOnOF4DgKeVgWvViVOMEQm3S_I39EcrJkU_2JknWoQtN2c_ZF2ph57CEPK_tDuvxtXBXMRGDSv1raFYXt2I_0-88mbkb1QwREDjfiVuvp 1548ms (cache miss)
npm http fetch GET 200 https://dl.cloudsmith.io/signed/vlt/benchmarks/npm/jridgewell/sourcemap-codec/1.6.0/sourcemap-codec-1.6.0.tgz?created=1791455638&expires=1791542038&source=t-PwLF9sWN2uK8&signature=gAAAAABqx3GWi4dXTGEEDtrVQmpnxV4xQHW1AvicE7YyGR3UUJ5nIixv68OQ6Tu8q4PDkVYszVNVRKGw8pHvlLk8VIkL8KvD_EVESiZDbkwjaCY44WeojW6r0aTLXLeUqiQpksE2LbAe 1549ms (cache miss)
npm http fetch GET 200 https://dl.cloudsmith.io/signed/vlt/benchmarks/npm/ms/2.1.3/ms-2.1.3.tgz?created=1791455638&expires=1791542038&source=t-PwLF9sWN2uK8&signature=gAAAAABqx3GWKUSQpJvfRPPDXqwsxvNsWkNT9jQsIFuUBl4nvxRUTMBgEpwlRmwSjgjJpLND6DB8AQ5WdJ6l-9MJ-H6gOeiGQwWHHXTavYQ76qO99mePOusMmexO-Io5OopKlBE5OvAN 1570ms (cache miss)
npm http fetch GET 200 https://dl.cloudsmith.io/signed/vlt/benchmarks/npm/debug/4.4.3/debug-4.4.3.tgz?created=1791455638&expires=1791542038&source=t-PwLF9sWN2uK8&signature=gAAAAABqx3GWU41xoy47SGr_8miOg3XiLd7RpvwDcPxe5EGWt712niX8_gFSOaxMf-4l5KJQ3XyOgGwie0BjzBsvI9XXrka5r6GS28tHZet4Nm0zErTMtlDI9Qn-KhyA7HdgeUSVINWv 1576ms (cache miss)
npm http fetch GET 200 https://dl.cloudsmith.io/signed/vlt/benchmarks/npm/mrmime/2.0.1/mrmime-2.0.1.tgz?created=1791455638&expires=1791542038&source=t-PwLF9sWN2uK8&signature=gAAAAABqx3GWizkHqYuzTgELOkG4iWfZ4PXWWJnKHSeBniD6hWI3LfEvDCu8TYDORv5_K55VOKL8XfN9mH1q2oU72Lwknq5Cnj3eoviDzJQhgfaIDxIMxrsCkrvPFjK3a-JcCTu0NJFx 1645ms (cache miss)
npm http fetch GET 200 https://dl.cloudsmith.io/signed/vlt/benchmarks/npm/set-cookie-parser/3.1.2/set-cookie-parser-3.1.2.tgz?created=1791455638&expires=1791542038&source=t-PwLF9sWN2uK8&signature=gAAAAABqx3GWZyK8QwocEp0oAiLIZZBrmt3BcA9fe92zfHkTKoGe-ByfUCGv7KikktTe2-RrxS6eeBXIo8IYDpoDnBBXUJqeQnvkjmbs1d5ncC0WSxaI8f48RiS-lEN7fATA-4_Vz-dj 1682ms (cache miss)
npm http fetch GET 200 https://dl.cloudsmith.io/signed/vlt/benchmarks/npm/devalue/5.9.4/devalue-5.9.4.tgz?created=1791455638&expires=1791542038&source=t-PwLF9sWN2uK8&signature=gAAAAABqx3GWHPyfOHZdUHOX4BBHkOK4rp2lrqeTFaXnI4kyOmgsvxSxLmuq06m9KVymuBNmUslG3ArLh13V-cKmJsaKo95GZNoSrKJ--B2i5_ggw7Xfoijw9SCMJJXrwz9zaPCNNIsi 1701ms (cache miss)
npm http fetch GET 200 https://dl.cloudsmith.io/signed/vlt/benchmarks/npm/vitefu/1.1.3/vitefu-1.1.3.tgz?created=1791455638&expires=1791542038&source=t-PwLF9sWN2uK8&signature=gAAAAABqx3GWA2hQqDEBQ5MC8s1WknQV2Cck26YKSD5qnMjrZk7R9hjrGllM0YT3qAw2jpvUYBA3OaoO-3RmXq7iCnNsyY9tXzl7J3o4cwoYmTtTTMQ_hRmhQ2V-3sJVE68KZHpiwynS 1704ms (cache miss)
npm http fetch GET 200 https://dl.cloudsmith.io/signed/vlt/benchmarks/npm/polka/url/1.0.0-next.29/url-1.0.0-next.29.tgz?created=1791455638&expires=1791542038&source=t-PwLF9sWN2uK8&signature=gAAAAABqx3GWTtmSF8wSUATn13alm7rJPuoZeaVYApzQpDWNr1pjc7jmGftRxYGUJazVd6zBaQTGrBFgK0TvvxC4UgCUkH5wDlchXtIqv7jcxzQtm4zmyc_SgIglpHktghJkjS2Ehvj7 1721ms (cache miss)
npm http fetch GET 200 https://dl.cloudsmith.io/signed/vlt/benchmarks/npm/esm-env/1.2.2/esm-env-1.2.2.tgz?created=1791455638&expires=1791542038&source=t-PwLF9sWN2uK8&signature=gAAAAABqx3GWi2HtmBn8dY_WEE09voEiLQM970Rq6u5Vqr6yS8HhQ08QLqgSJAg31_V1r_ckAkEH_oGR0p5dMZ2ZPFXghXSzUGLTZlapjf398wLLG1Txk7qk3Ivo8UKTXipl23te1pgI 1749ms (cache miss)
npm http fetch GET 200 https://dl.cloudsmith.io/signed/vlt/benchmarks/npm/types/cookie/0.6.0/cookie-0.6.0.tgz?created=1791455638&expires=1791542038&source=t-PwLF9sWN2uK8&signature=gAAAAABqx3GW820MEfS78JIjQD07mXl5OeI0Kscghnrnz4yjsaWWvnoxTwN-1OUptc1gq-NmPicCW7vWNIN09vlK1KAp1OZZZC0Lt6wKTfPPm8UI1jv_VGXCO-2uzglBsHxQO6Fp0uss 1749ms (cache miss)
npm http fetch GET 200 https://dl.cloudsmith.io/signed/vlt/benchmarks/npm/cookie/0.6.0/cookie-0.6.0.tgz?created=1791455638&expires=1791542038&source=t-PwLF9sWN2uK8&signature=gAAAAABqx3GWbeCCP1Q_dcGE_mHcEQOAVkbOUCC8_imDP1X1heZCKR4jhXAEqA54SlbYeLPRvPUtupWyb7gwa3G4p2UaYNMOvILSqrlvAeuLFMiA_dkBDTS0wdj_aVmxftWHfRZeQT5W 1753ms (cache miss)
npm http fetch GET 200 https://dl.cloudsmith.io/signed/vlt/benchmarks/npm/magic-string/0.30.21/magic-string-0.30.21.tgz?created=1791455638&expires=1791542038&source=t-PwLF9sWN2uK8&signature=gAAAAABqx3GWoN-GkfwlTnQzFK1UmRm9bB61SoxTVW2ef6qvEO8osgR58qpEnkzxGlM2GvKRADfokuYEsQl6HOq2bFGvfRMW2DXXGgN04OC2MjhbWuO8bWufrb5nemIlrtFDSKV-p_xg 1845ms (cache miss)
npm http fetch GET 200 https://dl.cloudsmith.io/signed/vlt/benchmarks/npm/import-meta-resolve/4.2.0/import-meta-resolve-4.2.0.tgz?created=1791455638&expires=1791542038&source=t-PwLF9sWN2uK8&signature=gAAAAABqx3GWSCdTan_tn43pvUesnXqU0dW5nGYlsAKRu8b57RddiK1kiQpdZyj-_6LricOX03g2sgNAUteKw_zqMxTIEBrHsILE47e7Opc1exhRCoFyvb5TOF3aAL2H51e-WN5LQ6Mh 1955ms (cache miss)
npm http fetch GET 200 https://dl.cloudsmith.io/signed/vlt/benchmarks/npm/standard-schema/spec/1.1.0/spec-1.1.0.tgz?created=1791455638&expires=1791542038&source=t-PwLF9sWN2uK8&signature=gAAAAABqx3GWQTvbvFfBcQXY0THAXzv1_xE1b0OI-UWiOjTiknTWosiedUF08Q4JMcZxehvVFYrUcXvEaYDZl6S_1mwL2FLkk1o-uxZKDhV22tUZ350JFiNjvCtxexZ8691sMtbubzv2 1963ms (cache miss)
npm http fetch GET 200 https://dl.cloudsmith.io/signed/vlt/benchmarks/npm/sirv/3.0.2/sirv-3.0.2.tgz?created=1791455638&expires=1791542038&source=t-PwLF9sWN2uK8&signature=gAAAAABqx3GWx01O7wD12z2tYB33VVxmDo1CiAMfIt84vS0wP6mtavRevQIFlFqudsF5RQ5VrPNP7mQ84FCwyXV1VYHUVmjxxaQt2B4dv_OtCyQBPb0ejxCEAB7D5m3xiZ4cbVJgvEH7 1985ms (cache miss)
npm http fetch GET 200 https://dl.cloudsmith.io/signed/vlt/benchmarks/npm/sveltejs/acorn-typescript/1.0.13/acorn-typescript-1.0.13.tgz?created=1791455638&expires=1791542038&source=t-PwLF9sWN2uK8&signature=gAAAAABqx3GWlCn7we9Uie8m9rPwA2siN4bvpYiXQ8QzQCktNoc-lpZ_eu117LqEpPk71JJGgpPVgkgyhIZqNT-KEJ0seXlz7PwgbluWvHX6lC9lKwSuwzZlDM0756x5m7kPKlVbmwlk 2015ms (cache miss)
npm http fetch GET 200 https://dl.cloudsmith.io/signed/vlt/benchmarks/npm/acorn/8.19.0/acorn-8.19.0.tgz?created=1791455638&expires=1791542038&source=t-PwLF9sWN2uK8&signature=gAAAAABqx3GWWKD6uL2vmwfuJnRGS7DNz1MB8GSYTIBgNf3MrUoj3bu4oQkUWtG4_8RARvglMBVV377mmNU_Z4IKRyud8DkwqfZzdwNKVbVb8OL2_7PDPCnszXfSRAPiz076YeDpppPx 2042ms (cache miss)
npm http fetch GET 200 https://dl.cloudsmith.io/signed/vlt/benchmarks/npm/kleur/4.1.5/kleur-4.1.5.tgz?created=1791455638&expires=1791542038&source=t-PwLF9sWN2uK8&signature=gAAAAABqx3GWPNqyKFOkBDlreYwIRdwryv3DPTssSxK8ppufxCMsssWfEi6_dzr2vnmqYKZcVTzXiVr0FMlS7z74QGhmuugFy2QREoa1iJ1qpn8R2FeKv3zSF6Zv4_gZ17LgjgzPGhtE 2097ms (cache miss)
npm http fetch GET 200 https://dl.cloudsmith.io/signed/vlt/benchmarks/npm/sveltejs/adapter-auto/3.3.1/adapter-auto-3.3.1.tgz?created=1791455638&expires=1791542038&source=t-PwLF9sWN2uK8&signature=gAAAAABqx3GWbbouytRd4KgM9W5aP69ZPTsVx_KAO3RM_FjKEJgEc3xxyIzKP5PYotmLrj5ZRCliu7b5MqFEzZ0iosNFYw6V71JTjqwca1OM5lQ9LyVaeTWYfxZhFyqCFX1xHs4uMWX_ 2107ms (cache miss)
npm http fetch GET 200 https://dl.cloudsmith.io/signed/vlt/benchmarks/npm/neoconfetti/svelte/2.2.2/svelte-2.2.2.tgz?created=1791455638&expires=1791542038&source=t-PwLF9sWN2uK8&signature=gAAAAABqx3GWEMB50Gof6TApbJmGlmAcK1cRHSq6tTx30hAZFcSXKGEyK8bRrAWsEkGyrI917DCDHjq4rh1qUmtQ9tBaxgS1QGn8RFXaLmCUMF-3aPDWR0GNwVDbzsxbBQiWIVU6Ee6y 2164ms (cache miss)
npm http fetch GET 200 https://dl.cloudsmith.io/signed/vlt/benchmarks/npm/deepmerge/4.3.1/deepmerge-4.3.1.tgz?created=1791455638&expires=1791542038&source=t-PwLF9sWN2uK8&signature=gAAAAABqx3GWiKnrbfNnKv83GPKiRojYuhdkobPNLzuQVQv3fEiXzg6YbsGmXHYv00U-WThvPtYMkGyby_bMfHeQopfIcuwpPIvKIC9JzNEmIKaxPF3KPfcwwfxoAr-gtdpkA8mOSplA 2369ms (cache miss)
npm http fetch GET 200 https://dl.cloudsmith.io/signed/vlt/benchmarks/npm/sveltejs/vite-plugin-svelte/5.1.1/vite-plugin-svelte-5.1.1.tgz?created=1791455638&expires=1791542038&source=t-PwLF9sWN2uK8&signature=gAAAAABqx3GWTPPSNW6z1I2uSjGDW0vordTp0y7njFgiH1Hr_c7QE-5jfIKJBIKpaCzmAqbda0EvBfpjSSEJ7yRLqtdqHBqv-VC-UnbtPph0Vuyjkrisnzrx9nXtD5Z6LFkunhIraedm 2388ms (cache miss)
npm http fetch GET 200 https://dl.cloudsmith.io/signed/vlt/benchmarks/npm/sveltejs/kit/2.70.3/kit-2.70.3.tgz?created=1791455638&expires=1791542038&source=t-PwLF9sWN2uK8&signature=gAAAAABqx3GWerLditWZ8HQPRGHGLplLpFumVW6yCujJzPkcO6PqADYK4JrGnq7tHO5v6jGmaNKsuWW2yafbyGeDRV5Ikx2uiDMS6NpIGsPwnkcSic20gJNOIAEtRjn29EZwZ14tbGBN 2471ms (cache miss)
npm http fetch GET 200 https://dl.cloudsmith.io/signed/vlt/benchmarks/npm/fontsource/fira-mono/5.3.0/fira-mono-5.3.0.tgz?created=1791455638&expires=1791542038&source=t-PwLF9sWN2uK8&signature=gAAAAABqx3GWrMcO6TAsoQkGTZL1ZN_3_h6D2jwOXxODoiaGB1cAl-32-bZzbnSeTZreC1elDGvMu85M6wOIOYB48GNRgWcte68wes-qUQgWE34jasbyoa83N6mYt-muBPWo2ofUSvse 2476ms (cache miss)
npm http fetch GET 200 https://dl.cloudsmith.io/signed/vlt/benchmarks/npm/svelte-check/4.7.6/svelte-check-4.7.6.tgz?created=1791455638&expires=1791542038&source=t-PwLF9sWN2uK8&signature=gAAAAABqx3GW9G5Nr8MzodcBjKf7HdaV1i2XppLbrQhERk1DzU4jWT6G7cfn5cPSVWKsMmy-umbDmjONxIi_I6PbPV0pxRajOsCrXkzMUZuxT9nqSc520EdC0mvI2GOn7AwYWndP6NZK 2482ms (cache miss)
npm http fetch GET 200 https://dl.cloudsmith.io/signed/vlt/benchmarks/npm/vite/6.4.4/vite-6.4.4.tgz?created=1791455638&expires=1791542038&source=t-PwLF9sWN2uK8&signature=gAAAAABqx3GW2plYT5gV-9L2Gh7TsTaBFjQj8aL6ersiQmSMInYESO0oPklcS1fj3LD-BiJ_8L6TA47FcVIXTpWAM2TlsQsbBits5GgCOEOxMB7fWFF6PZa25g5RzlsIH173gvCoCAFj 2519ms (cache miss)
npm http fetch GET 200 https://dl.cloudsmith.io/signed/vlt/benchmarks/npm/svelte/5.57.2/svelte-5.57.2.tgz?created=1791455638&expires=1791542038&source=t-PwLF9sWN2uK8&signature=gAAAAABqx3GWIEO-sbdbfTWVpRgmnexcoS6P8IbBW6TTrRasPmfCW7fLzfg2H--JMJ81rKctFs_aJGxEw7bWvZgRS2uYikYL6QLM1iWNmAKLlifYAx_2zhcZrw1mbY7_6wtg6BLOCHbI 2592ms (cache miss)
npm http fetch GET 200 https://dl.cloudsmith.io/signed/vlt/benchmarks/npm/typescript/5.9.3/typescript-5.9.3.tgz?created=1791455638&expires=1791542038&source=t-PwLF9sWN2uK8&signature=gAAAAABqx3GWMOl6dGV89daYHvUWZWN1C3BQi6HourNZMKytdCOIl05f8pIkJkf30u5BZoxBucHGspiBYi4Q4RRzy6_RZVLO_MlyNBeUx0eLIO0c-7oRuQxMpJE2WU9Wbxlye0kXQa7j 2752ms (cache miss)

added 58 packages in 22s
