npm http fetch GET 200 https://registry.npmjs.com/totalist/-/totalist-3.0.1.tgz 344ms (cache miss)
npm http fetch GET 200 https://registry.npmjs.com/sirv/-/sirv-3.0.2.tgz 344ms (cache miss)
npm http fetch GET 200 https://registry.npmjs.com/picocolors/-/picocolors-1.1.1.tgz 346ms (cache miss)
npm http fetch GET 200 https://registry.npmjs.com/is-reference/-/is-reference-3.0.3.tgz 346ms (cache miss)
npm http fetch GET 200 https://registry.npmjs.com/mri/-/mri-1.2.0.tgz 351ms (cache miss)
npm http fetch GET 200 https://registry.npmjs.com/locate-character/-/locate-character-3.0.0.tgz 350ms (cache miss)
npm http fetch GET 200 https://registry.npmjs.com/tinyglobby/-/tinyglobby-0.2.16.tgz 358ms (cache miss)
npm http fetch GET 200 https://registry.npmjs.com/kleur/-/kleur-4.1.5.tgz 354ms (cache miss)
npm http fetch GET 200 https://registry.npmjs.com/mrmime/-/mrmime-2.0.1.tgz 357ms (cache miss)
npm http fetch GET 200 https://registry.npmjs.com/sade/-/sade-1.8.1.tgz 362ms (cache miss)
npm http fetch GET 200 https://registry.npmjs.com/zimmerframe/-/zimmerframe-1.1.4.tgz 366ms (cache miss)
npm http fetch GET 200 https://registry.npmjs.com/set-cookie-parser/-/set-cookie-parser-3.1.0.tgz 366ms (cache miss)
npm http fetch GET 200 https://registry.npmjs.com/readdirp/-/readdirp-4.1.2.tgz 369ms (cache miss)
npm http fetch GET 200 https://registry.npmjs.com/vitefu/-/vitefu-1.1.3.tgz 377ms (cache miss)
npm http fetch GET 200 https://registry.npmjs.com/ms/-/ms-2.1.3.tgz 374ms (cache miss)
npm http fetch GET 200 https://registry.npmjs.com/nanoid/-/nanoid-3.3.12.tgz 377ms (cache miss)
npm http fetch GET 200 https://registry.npmjs.com/esbuild/-/esbuild-0.25.12.tgz 423ms (cache miss)
npm http fetch GET 200 https://registry.npmjs.com/esm-env/-/esm-env-1.2.2.tgz 426ms (cache miss)
npm http fetch GET 200 https://registry.npmjs.com/cookie/-/cookie-0.6.0.tgz 436ms (cache miss)
npm http fetch GET 200 https://registry.npmjs.com/clsx/-/clsx-2.1.1.tgz 445ms (cache miss)
npm http fetch GET 200 https://registry.npmjs.com/debug/-/debug-4.4.3.tgz 447ms (cache miss)
npm http fetch GET 200 https://registry.npmjs.com/deepmerge/-/deepmerge-4.3.1.tgz 457ms (cache miss)
npm http fetch GET 200 https://registry.npmjs.com/import-meta-resolve/-/import-meta-resolve-4.2.0.tgz 462ms (cache miss)
npm http fetch GET 200 https://registry.npmjs.com/source-map-js/-/source-map-js-1.2.1.tgz 477ms (cache miss)
npm http fetch GET 200 https://registry.npmjs.com/chokidar/-/chokidar-4.0.3.tgz 471ms (cache miss)
npm http fetch GET 200 https://registry.npmjs.com/picomatch/-/picomatch-4.0.4.tgz 483ms (cache miss)
npm http fetch GET 200 https://registry.npmjs.com/devalue/-/devalue-5.8.0.tgz 480ms (cache miss)
npm http fetch GET 200 https://registry.npmjs.com/@sveltejs/adapter-auto/-/adapter-auto-3.3.1.tgz 476ms (cache miss)
npm http fetch GET 200 https://registry.npmjs.com/fdir/-/fdir-6.5.0.tgz 485ms (cache miss)
npm http fetch GET 200 https://registry.npmjs.com/magic-string/-/magic-string-0.30.21.tgz 494ms (cache miss)
npm http fetch GET 200 https://registry.npmjs.com/@types/cookie/-/cookie-0.6.0.tgz 488ms (cache miss)
npm http fetch GET 200 https://registry.npmjs.com/esrap/-/esrap-2.2.6.tgz 496ms (cache miss)
npm http fetch GET 200 https://registry.npmjs.com/@polka/url/-/url-1.0.0-next.29.tgz 514ms (cache miss)
npm http fetch GET 200 https://registry.npmjs.com/@jridgewell/resolve-uri/-/resolve-uri-3.1.2.tgz 516ms (cache miss)
npm http fetch GET 200 https://registry.npmjs.com/@types/estree/-/estree-1.0.8.tgz 566ms (cache miss)
npm http fetch GET 200 https://registry.npmjs.com/@neoconfetti/svelte/-/svelte-2.2.2.tgz 574ms (cache miss)
npm http fetch GET 200 https://registry.npmjs.com/@jridgewell/remapping/-/remapping-2.3.5.tgz 578ms (cache miss)
npm http fetch GET 200 https://registry.npmjs.com/@standard-schema/spec/-/spec-1.1.0.tgz 599ms (cache miss)
npm http fetch GET 200 https://registry.npmjs.com/@sveltejs/vite-plugin-svelte-inspector/-/vite-plugin-svelte-inspector-4.0.1.tgz 620ms (cache miss)
npm http fetch GET 200 https://registry.npmjs.com/@jridgewell/sourcemap-codec/-/sourcemap-codec-1.5.5.tgz 627ms (cache miss)
npm http fetch GET 200 https://registry.npmjs.com/postcss/-/postcss-8.5.14.tgz 642ms (cache miss)
npm http fetch GET 200 https://registry.npmjs.com/acorn/-/acorn-8.16.0.tgz 651ms (cache miss)
npm http fetch GET 200 https://registry.npmjs.com/@sveltejs/vite-plugin-svelte/-/vite-plugin-svelte-5.1.1.tgz 655ms (cache miss)
npm http fetch GET 200 https://registry.npmjs.com/@jridgewell/gen-mapping/-/gen-mapping-0.3.13.tgz 695ms (cache miss)
npm http fetch GET 200 https://registry.npmjs.com/@rollup/rollup-linux-arm64-gnu/-/rollup-linux-arm64-gnu-4.60.3.tgz 700ms (cache miss)
npm http fetch GET 200 https://registry.npmjs.com/@jridgewell/trace-mapping/-/trace-mapping-0.3.31.tgz 700ms (cache miss)
npm http fetch GET 200 https://registry.npmjs.com/@types/trusted-types/-/trusted-types-2.0.7.tgz 728ms (cache miss)
npm http fetch GET 200 https://registry.npmjs.com/@types/estree/-/estree-1.0.9.tgz 731ms (cache miss)
npm http fetch GET 200 https://registry.npmjs.com/rollup/-/rollup-4.60.3.tgz 738ms (cache miss)
npm http fetch GET 200 https://registry.npmjs.com/vite/-/vite-6.4.2.tgz 749ms (cache miss)
npm http fetch GET 200 https://registry.npmjs.com/@fontsource/fira-mono/-/fira-mono-5.2.7.tgz 749ms (cache miss)
npm http fetch GET 200 https://registry.npmjs.com/svelte-check/-/svelte-check-4.4.8.tgz 772ms (cache miss)
npm http fetch GET 200 https://registry.npmjs.com/@esbuild/linux-arm64/-/linux-arm64-0.25.12.tgz 861ms (cache miss)
npm http fetch GET 200 https://registry.npmjs.com/axobject-query/-/axobject-query-4.1.0.tgz 882ms (cache miss)
npm http fetch GET 200 https://registry.npmjs.com/@sveltejs/acorn-typescript/-/acorn-typescript-1.0.9.tgz 914ms (cache miss)
npm http fetch GET 200 https://registry.npmjs.com/aria-query/-/aria-query-5.3.1.tgz 941ms (cache miss)
npm http fetch GET 200 https://registry.npmjs.com/@sveltejs/kit/-/kit-2.59.1.tgz 943ms (cache miss)
npm http fetch GET 200 https://registry.npmjs.com/typescript/-/typescript-5.9.3.tgz 1000ms (cache miss)
npm http fetch GET 200 https://registry.npmjs.com/svelte/-/svelte-5.55.5.tgz 1082ms (cache miss)

added 59 packages in 1s
