npm http fetch GET 200 https://registry.npmjs.com/picocolors/-/picocolors-1.1.1.tgz 472ms (cache miss)
npm http fetch GET 200 https://registry.npmjs.com/sirv/-/sirv-3.0.2.tgz 509ms (cache miss)
npm http fetch GET 200 https://registry.npmjs.com/readdirp/-/readdirp-4.1.2.tgz 525ms (cache miss)
npm http fetch GET 200 https://registry.npmjs.com/tinyglobby/-/tinyglobby-0.2.17.tgz 538ms (cache miss)
npm http fetch GET 200 https://registry.npmjs.com/ms/-/ms-2.1.3.tgz 535ms (cache miss)
npm http fetch GET 200 https://registry.npmjs.com/vitefu/-/vitefu-1.1.3.tgz 544ms (cache miss)
npm http fetch GET 200 https://registry.npmjs.com/totalist/-/totalist-3.0.1.tgz 551ms (cache miss)
npm http fetch GET 200 https://registry.npmjs.com/zimmerframe/-/zimmerframe-1.1.4.tgz 560ms (cache miss)
npm http fetch GET 200 https://registry.npmjs.com/sade/-/sade-1.8.1.tgz 558ms (cache miss)
npm http fetch GET 200 https://registry.npmjs.com/locate-character/-/locate-character-3.0.0.tgz 556ms (cache miss)
npm http fetch GET 200 https://registry.npmjs.com/set-cookie-parser/-/set-cookie-parser-3.1.2.tgz 564ms (cache miss)
npm http fetch GET 200 https://registry.npmjs.com/mrmime/-/mrmime-2.0.1.tgz 561ms (cache miss)
npm http fetch GET 200 https://registry.npmjs.com/kleur/-/kleur-4.1.5.tgz 566ms (cache miss)
npm http fetch GET 200 https://registry.npmjs.com/mri/-/mri-1.2.0.tgz 570ms (cache miss)
npm http fetch GET 200 https://registry.npmjs.com/esm-env/-/esm-env-1.2.2.tgz 582ms (cache miss)
npm http fetch GET 200 https://registry.npmjs.com/is-reference/-/is-reference-3.0.3.tgz 603ms (cache miss)
npm http fetch GET 200 https://registry.npmjs.com/fdir/-/fdir-6.5.0.tgz 610ms (cache miss)
npm http fetch GET 200 https://registry.npmjs.com/debug/-/debug-4.4.3.tgz 620ms (cache miss)
npm http fetch GET 200 https://registry.npmjs.com/clsx/-/clsx-2.1.1.tgz 627ms (cache miss)
npm http fetch GET 200 https://registry.npmjs.com/cookie/-/cookie-0.6.0.tgz 640ms (cache miss)
npm http fetch GET 200 https://registry.npmjs.com/@types/trusted-types/-/trusted-types-2.0.7.tgz 645ms (cache miss)
npm http fetch GET 200 https://registry.npmjs.com/deepmerge/-/deepmerge-4.3.1.tgz 664ms (cache miss)
npm http fetch GET 200 https://registry.npmjs.com/@types/cookie/-/cookie-0.6.0.tgz 662ms (cache miss)
npm http fetch GET 200 https://registry.npmjs.com/@types/estree/-/estree-1.0.9.tgz 681ms (cache miss)
npm http fetch GET 200 https://registry.npmjs.com/picomatch/-/picomatch-4.0.5.tgz 701ms (cache miss)
npm http fetch GET 200 https://registry.npmjs.com/nanoid/-/nanoid-3.3.16.tgz 701ms (cache miss)
npm http fetch GET 200 https://registry.npmjs.com/esbuild/-/esbuild-0.25.12.tgz 704ms (cache miss)
npm http fetch GET 200 https://registry.npmjs.com/@sveltejs/load-config/-/load-config-0.2.1.tgz 703ms (cache miss)
npm http fetch GET 200 https://registry.npmjs.com/@standard-schema/spec/-/spec-1.1.0.tgz 703ms (cache miss)
npm http fetch GET 200 https://registry.npmjs.com/@sveltejs/vite-plugin-svelte-inspector/-/vite-plugin-svelte-inspector-4.0.1.tgz 706ms (cache miss)
npm http fetch GET 200 https://registry.npmjs.com/@neoconfetti/svelte/-/svelte-2.2.2.tgz 712ms (cache miss)
npm http fetch GET 200 https://registry.npmjs.com/@sveltejs/adapter-auto/-/adapter-auto-3.3.1.tgz 713ms (cache miss)
npm http fetch GET 200 https://registry.npmjs.com/@jridgewell/resolve-uri/-/resolve-uri-3.1.2.tgz 715ms (cache miss)
npm http fetch GET 200 https://registry.npmjs.com/@polka/url/-/url-1.0.0-next.29.tgz 725ms (cache miss)
npm http fetch GET 200 https://registry.npmjs.com/@sveltejs/acorn-typescript/-/acorn-typescript-1.0.11.tgz 734ms (cache miss)
npm http fetch GET 200 https://registry.npmjs.com/esrap/-/esrap-2.3.0.tgz 744ms (cache miss)
npm http fetch GET 200 https://registry.npmjs.com/source-map-js/-/source-map-js-1.2.1.tgz 756ms (cache miss)
npm http fetch GET 200 https://registry.npmjs.com/chokidar/-/chokidar-4.0.3.tgz 755ms (cache miss)
npm http fetch GET 200 https://registry.npmjs.com/import-meta-resolve/-/import-meta-resolve-4.2.0.tgz 780ms (cache miss)
npm http fetch GET 200 https://registry.npmjs.com/devalue/-/devalue-5.9.0.tgz 795ms (cache miss)
npm http fetch GET 200 https://registry.npmjs.com/magic-string/-/magic-string-0.30.21.tgz 801ms (cache miss)
npm http fetch GET 200 https://registry.npmjs.com/acorn/-/acorn-8.18.0.tgz 829ms (cache miss)
npm http fetch GET 200 https://registry.npmjs.com/@jridgewell/sourcemap-codec/-/sourcemap-codec-1.5.5.tgz 835ms (cache miss)
npm http fetch GET 200 https://registry.npmjs.com/@jridgewell/remapping/-/remapping-2.3.5.tgz 852ms (cache miss)
npm http fetch GET 200 https://registry.npmjs.com/@jridgewell/gen-mapping/-/gen-mapping-0.3.13.tgz 856ms (cache miss)
npm http fetch GET 200 https://registry.npmjs.com/postcss/-/postcss-8.5.25.tgz 905ms (cache miss)
npm http fetch GET 200 https://registry.npmjs.com/@sveltejs/vite-plugin-svelte/-/vite-plugin-svelte-5.1.1.tgz 900ms (cache miss)
npm http fetch GET 200 https://registry.npmjs.com/@jridgewell/trace-mapping/-/trace-mapping-0.3.31.tgz 902ms (cache miss)
npm http fetch GET 200 https://registry.npmjs.com/@rollup/rollup-linux-arm64-gnu/-/rollup-linux-arm64-gnu-4.62.4.tgz 903ms (cache miss)
npm http fetch GET 200 https://registry.npmjs.com/@fontsource/fira-mono/-/fira-mono-5.3.0.tgz 932ms (cache miss)
npm http fetch GET 200 https://registry.npmjs.com/vite/-/vite-6.4.3.tgz 959ms (cache miss)
npm http fetch GET 200 https://registry.npmjs.com/rollup/-/rollup-4.62.4.tgz 968ms (cache miss)
npm http fetch GET 200 https://registry.npmjs.com/svelte-check/-/svelte-check-4.7.4.tgz 989ms (cache miss)
npm http fetch GET 200 https://registry.npmjs.com/@esbuild/linux-arm64/-/linux-arm64-0.25.12.tgz 1057ms (cache miss)
npm http fetch GET 200 https://registry.npmjs.com/axobject-query/-/axobject-query-4.1.0.tgz 1089ms (cache miss)
npm http fetch GET 200 https://registry.npmjs.com/aria-query/-/aria-query-5.3.1.tgz 1144ms (cache miss)
npm http fetch GET 200 https://registry.npmjs.com/@sveltejs/kit/-/kit-2.70.2.tgz 1168ms (cache miss)
npm http fetch GET 200 https://registry.npmjs.com/typescript/-/typescript-5.9.3.tgz 1216ms (cache miss)
npm http fetch GET 200 https://registry.npmjs.com/svelte/-/svelte-5.56.8.tgz 1291ms (cache miss)

added 59 packages in 2s
