npm http fetch GET 200 https://vltoss.jfrog.io/artifactory/api/npm/benchmark-npm-remote/@fontsource%2ffira-mono 222ms (cache miss)
npm http fetch GET 200 https://vltoss.jfrog.io/artifactory/api/npm/benchmark-npm-remote/@neoconfetti%2fsvelte 45ms (cache miss)
npm http fetch GET 200 https://vltoss.jfrog.io/artifactory/api/npm/benchmark-npm-remote/svelte 276ms (cache miss)
npm http fetch GET 200 https://vltoss.jfrog.io/artifactory/api/npm/benchmark-npm-remote/@sveltejs%2fadapter-auto 59ms (cache miss)
npm http fetch GET 200 https://vltoss.jfrog.io/artifactory/api/npm/benchmark-npm-remote/@sveltejs%2fkit 208ms (cache miss)
npm http fetch GET 200 https://vltoss.jfrog.io/artifactory/api/npm/benchmark-npm-remote/@sveltejs%2fvite-plugin-svelte 57ms (cache miss)
npm http fetch GET 200 https://vltoss.jfrog.io/artifactory/api/npm/benchmark-npm-remote/vite 1475ms (cache miss)
npm http fetch GET 200 https://vltoss.jfrog.io/artifactory/api/npm/benchmark-npm-remote/typescript 720ms (cache miss)
npm http fetch GET 200 https://vltoss.jfrog.io/artifactory/api/npm/benchmark-npm-remote/svelte-check 78ms (cache miss)
npm http fetch GET 200 https://vltoss.jfrog.io/artifactory/api/npm/benchmark-npm-remote/clsx 45ms (cache miss)
npm http fetch GET 200 https://vltoss.jfrog.io/artifactory/api/npm/benchmark-npm-remote/devalue 41ms (cache miss)
npm http fetch GET 200 https://vltoss.jfrog.io/artifactory/api/npm/benchmark-npm-remote/esm-env 41ms (cache miss)
npm http fetch GET 200 https://vltoss.jfrog.io/artifactory/api/npm/benchmark-npm-remote/esrap 136ms (cache miss)
npm http fetch GET 200 https://vltoss.jfrog.io/artifactory/api/npm/benchmark-npm-remote/acorn 161ms (cache miss)
npm http fetch GET 200 https://vltoss.jfrog.io/artifactory/api/npm/benchmark-npm-remote/aria-query 44ms (cache miss)
npm http fetch GET 200 https://vltoss.jfrog.io/artifactory/api/npm/benchmark-npm-remote/zimmerframe 41ms (cache miss)
npm http fetch GET 200 https://vltoss.jfrog.io/artifactory/api/npm/benchmark-npm-remote/is-reference 39ms (cache miss)
npm http fetch GET 200 https://vltoss.jfrog.io/artifactory/api/npm/benchmark-npm-remote/@types%2festree 39ms (cache miss)
npm http fetch GET 200 https://vltoss.jfrog.io/artifactory/api/npm/benchmark-npm-remote/magic-string 57ms (cache miss)
npm http fetch GET 200 https://vltoss.jfrog.io/artifactory/api/npm/benchmark-npm-remote/axobject-query 43ms (cache miss)
npm http fetch GET 200 https://vltoss.jfrog.io/artifactory/api/npm/benchmark-npm-remote/locate-character 37ms (cache miss)
npm http fetch GET 200 https://vltoss.jfrog.io/artifactory/api/npm/benchmark-npm-remote/@jridgewell%2fremapping 36ms (cache miss)
npm http fetch GET 200 https://vltoss.jfrog.io/artifactory/api/npm/benchmark-npm-remote/@sveltejs%2facorn-typescript 39ms (cache miss)
npm http fetch GET 200 https://vltoss.jfrog.io/artifactory/api/npm/benchmark-npm-remote/@jridgewell%2fsourcemap-codec 38ms (cache miss)
npm http fetch GET 200 https://vltoss.jfrog.io/artifactory/api/npm/benchmark-npm-remote/import-meta-resolve 38ms (cache miss)
npm http fetch GET 200 https://vltoss.jfrog.io/artifactory/api/npm/benchmark-npm-remote/acorn 36ms (cache revalidated)
npm http fetch GET 200 https://vltoss.jfrog.io/artifactory/api/npm/benchmark-npm-remote/sirv 49ms (cache miss)
npm http fetch GET 200 https://vltoss.jfrog.io/artifactory/api/npm/benchmark-npm-remote/kleur 40ms (cache miss)
npm http fetch GET 200 https://vltoss.jfrog.io/artifactory/api/npm/benchmark-npm-remote/cookie 41ms (cache miss)
npm http fetch GET 200 https://vltoss.jfrog.io/artifactory/api/npm/benchmark-npm-remote/mrmime 41ms (cache miss)
npm http fetch GET 200 https://vltoss.jfrog.io/artifactory/api/npm/benchmark-npm-remote/devalue 38ms (cache revalidated)
npm http fetch GET 200 https://vltoss.jfrog.io/artifactory/api/npm/benchmark-npm-remote/esm-env 36ms (cache revalidated)
npm http fetch GET 200 https://vltoss.jfrog.io/artifactory/api/npm/benchmark-npm-remote/magic-string 36ms (cache revalidated)
npm http fetch GET 200 https://vltoss.jfrog.io/artifactory/api/npm/benchmark-npm-remote/@types%2fcookie 40ms (cache miss)
npm http fetch GET 200 https://vltoss.jfrog.io/artifactory/api/npm/benchmark-npm-remote/@standard-schema%2fspec 36ms (cache miss)
npm http fetch GET 200 https://vltoss.jfrog.io/artifactory/api/npm/benchmark-npm-remote/set-cookie-parser 42ms (cache miss)
npm http fetch GET 200 https://vltoss.jfrog.io/artifactory/api/npm/benchmark-npm-remote/@sveltejs%2facorn-typescript 33ms (cache revalidated)
npm http fetch GET 200 https://vltoss.jfrog.io/artifactory/api/npm/benchmark-npm-remote/vitefu 42ms (cache miss)
npm http fetch GET 200 https://vltoss.jfrog.io/artifactory/api/npm/benchmark-npm-remote/deepmerge 41ms (cache miss)
npm http fetch GET 200 https://vltoss.jfrog.io/artifactory/api/npm/benchmark-npm-remote/debug 55ms (cache miss)
npm http fetch GET 200 https://vltoss.jfrog.io/artifactory/api/npm/benchmark-npm-remote/@sveltejs%2fvite-plugin-svelte-inspector 40ms (cache miss)
npm http fetch GET 200 https://vltoss.jfrog.io/artifactory/api/npm/benchmark-npm-remote/fdir 40ms (cache miss)
npm http fetch GET 200 https://vltoss.jfrog.io/artifactory/api/npm/benchmark-npm-remote/postcss 83ms (cache miss)
npm http fetch GET 200 https://vltoss.jfrog.io/artifactory/api/npm/benchmark-npm-remote/esbuild 132ms (cache miss)
npm http fetch GET 200 https://vltoss.jfrog.io/artifactory/api/npm/benchmark-npm-remote/picomatch 53ms (cache miss)
npm http fetch GET 200 https://vltoss.jfrog.io/artifactory/api/npm/benchmark-npm-remote/tinyglobby 70ms (cache miss)
npm http fetch GET 200 https://vltoss.jfrog.io/artifactory/api/npm/benchmark-npm-remote/fsevents 65ms (cache miss)
npm http fetch GET 200 https://vltoss.jfrog.io/artifactory/api/npm/benchmark-npm-remote/fdir 35ms (cache revalidated)
npm http fetch GET 200 https://vltoss.jfrog.io/artifactory/api/npm/benchmark-npm-remote/sade 38ms (cache miss)
npm http fetch GET 200 https://vltoss.jfrog.io/artifactory/api/npm/benchmark-npm-remote/rollup 324ms (cache miss)
npm http fetch GET 200 https://vltoss.jfrog.io/artifactory/api/npm/benchmark-npm-remote/picocolors 76ms (cache miss)
npm http fetch GET 200 https://vltoss.jfrog.io/artifactory/api/npm/benchmark-npm-remote/chokidar 87ms (cache miss)
npm http fetch GET 200 https://vltoss.jfrog.io/artifactory/api/npm/benchmark-npm-remote/@sveltejs%2fload-config 49ms (cache miss)
npm http fetch GET 200 https://vltoss.jfrog.io/artifactory/api/npm/benchmark-npm-remote/@jridgewell%2ftrace-mapping 39ms (cache miss)
npm http fetch GET 200 https://vltoss.jfrog.io/artifactory/api/npm/benchmark-npm-remote/@jridgewell%2fsourcemap-codec 34ms (cache revalidated)
npm http fetch GET 200 https://vltoss.jfrog.io/artifactory/api/npm/benchmark-npm-remote/totalist 41ms (cache miss)
npm http fetch GET 200 https://vltoss.jfrog.io/artifactory/api/npm/benchmark-npm-remote/@polka%2furl 43ms (cache miss)
npm http fetch GET 200 https://vltoss.jfrog.io/artifactory/api/npm/benchmark-npm-remote/debug 37ms (cache revalidated)
npm http fetch GET 200 https://vltoss.jfrog.io/artifactory/api/npm/benchmark-npm-remote/ms 42ms (cache miss)
npm http fetch GET 200 https://vltoss.jfrog.io/artifactory/api/npm/benchmark-npm-remote/@jridgewell%2ftrace-mapping 36ms (cache revalidated)
npm http fetch GET 200 https://vltoss.jfrog.io/artifactory/api/npm/benchmark-npm-remote/@jridgewell%2fgen-mapping 41ms (cache miss)
npm http fetch GET 200 https://vltoss.jfrog.io/artifactory/api/npm/benchmark-npm-remote/@jridgewell%2fresolve-uri 39ms (cache miss)
npm http fetch GET 200 https://vltoss.jfrog.io/artifactory/api/npm/benchmark-npm-remote/mri 43ms (cache miss)
npm http fetch GET 200 https://vltoss.jfrog.io/artifactory/api/npm/benchmark-npm-remote/readdirp 45ms (cache miss)
npm http fetch GET 200 https://vltoss.jfrog.io/artifactory/api/npm/benchmark-npm-remote/@esbuild%2faix-ppc64 46ms (cache miss)
npm http fetch GET 200 https://vltoss.jfrog.io/artifactory/api/npm/benchmark-npm-remote/@esbuild%2flinux-x64 52ms (cache miss)
npm http fetch GET 200 https://vltoss.jfrog.io/artifactory/api/npm/benchmark-npm-remote/@esbuild%2flinux-arm 55ms (cache miss)
npm http fetch GET 200 https://vltoss.jfrog.io/artifactory/api/npm/benchmark-npm-remote/@esbuild%2fsunos-x64 48ms (cache miss)
npm http fetch GET 200 https://vltoss.jfrog.io/artifactory/api/npm/benchmark-npm-remote/@esbuild%2fwin32-x64 49ms (cache miss)
npm http fetch GET 200 https://vltoss.jfrog.io/artifactory/api/npm/benchmark-npm-remote/@esbuild%2fdarwin-x64 49ms (cache miss)
npm http fetch GET 200 https://vltoss.jfrog.io/artifactory/api/npm/benchmark-npm-remote/@esbuild%2fwin32-ia32 48ms (cache miss)
npm http fetch GET 200 https://vltoss.jfrog.io/artifactory/api/npm/benchmark-npm-remote/@esbuild%2fnetbsd-x64 52ms (cache miss)
npm http fetch GET 200 https://vltoss.jfrog.io/artifactory/api/npm/benchmark-npm-remote/@esbuild%2flinux-ia32 64ms (cache miss)
npm http fetch GET 200 https://vltoss.jfrog.io/artifactory/api/npm/benchmark-npm-remote/@esbuild%2ffreebsd-x64 43ms (cache miss)
npm http fetch GET 200 https://vltoss.jfrog.io/artifactory/api/npm/benchmark-npm-remote/@esbuild%2fandroid-arm 51ms (cache miss)
npm http fetch GET 200 https://vltoss.jfrog.io/artifactory/api/npm/benchmark-npm-remote/@esbuild%2fandroid-x64 50ms (cache miss)
npm http fetch GET 200 https://vltoss.jfrog.io/artifactory/api/npm/benchmark-npm-remote/@esbuild%2flinux-ppc64 46ms (cache miss)
npm http fetch GET 200 https://vltoss.jfrog.io/artifactory/api/npm/benchmark-npm-remote/@esbuild%2flinux-s390x 48ms (cache miss)
npm http fetch GET 200 https://vltoss.jfrog.io/artifactory/api/npm/benchmark-npm-remote/@esbuild%2flinux-arm64 55ms (cache miss)
npm http fetch GET 200 https://vltoss.jfrog.io/artifactory/api/npm/benchmark-npm-remote/@esbuild%2fopenbsd-x64 47ms (cache miss)
npm http fetch GET 200 https://vltoss.jfrog.io/artifactory/api/npm/benchmark-npm-remote/@esbuild%2fwin32-arm64 60ms (cache miss)
npm http fetch GET 200 https://vltoss.jfrog.io/artifactory/api/npm/benchmark-npm-remote/@esbuild%2fdarwin-arm64 61ms (cache miss)
npm http fetch GET 200 https://vltoss.jfrog.io/artifactory/api/npm/benchmark-npm-remote/@esbuild%2fnetbsd-arm64 39ms (cache miss)
npm http fetch GET 200 https://vltoss.jfrog.io/artifactory/api/npm/benchmark-npm-remote/@esbuild%2fandroid-arm64 54ms (cache miss)
npm http fetch GET 200 https://vltoss.jfrog.io/artifactory/api/npm/benchmark-npm-remote/@esbuild%2ffreebsd-arm64 52ms (cache miss)
npm http fetch GET 200 https://vltoss.jfrog.io/artifactory/api/npm/benchmark-npm-remote/@esbuild%2flinux-loong64 48ms (cache miss)
npm http fetch GET 200 https://vltoss.jfrog.io/artifactory/api/npm/benchmark-npm-remote/@esbuild%2fopenbsd-arm64 43ms (cache miss)
npm http fetch GET 200 https://vltoss.jfrog.io/artifactory/api/npm/benchmark-npm-remote/@esbuild%2flinux-riscv64 49ms (cache miss)
npm http fetch GET 200 https://vltoss.jfrog.io/artifactory/api/npm/benchmark-npm-remote/@esbuild%2flinux-mips64el 42ms (cache miss)
npm http fetch GET 200 https://vltoss.jfrog.io/artifactory/api/npm/benchmark-npm-remote/@esbuild%2fopenharmony-arm64 38ms (cache miss)
npm http fetch GET 200 https://vltoss.jfrog.io/artifactory/api/npm/benchmark-npm-remote/source-map-js 41ms (cache miss)
npm http fetch GET 200 https://vltoss.jfrog.io/artifactory/api/npm/benchmark-npm-remote/nanoid 61ms (cache miss)
npm http fetch GET 200 https://vltoss.jfrog.io/artifactory/api/npm/benchmark-npm-remote/@rollup%2frollup-darwin-x64 48ms (cache miss)
npm http fetch GET 200 https://vltoss.jfrog.io/artifactory/api/npm/benchmark-npm-remote/@rollup%2frollup-freebsd-x64 47ms (cache miss)
npm http fetch GET 200 https://vltoss.jfrog.io/artifactory/api/npm/benchmark-npm-remote/@rollup%2frollup-openbsd-x64 43ms (cache miss)
npm http fetch GET 200 https://vltoss.jfrog.io/artifactory/api/npm/benchmark-npm-remote/@napi-rs%2flzma-linux-x64-gnu 41ms (cache miss)
npm http fetch GET 200 https://vltoss.jfrog.io/artifactory/api/npm/benchmark-npm-remote/@rollup%2frollup-darwin-arm64 54ms (cache miss)
npm http fetch GET 200 https://vltoss.jfrog.io/artifactory/api/npm/benchmark-npm-remote/@rollup%2frollup-android-arm64 54ms (cache miss)
npm http fetch GET 200 https://vltoss.jfrog.io/artifactory/api/npm/benchmark-npm-remote/@rollup%2frollup-freebsd-arm64 46ms (cache miss)
npm http fetch GET 200 https://vltoss.jfrog.io/artifactory/api/npm/benchmark-npm-remote/@rollup%2frollup-win32-x64-gnu 45ms (cache miss)
npm http fetch GET 200 https://vltoss.jfrog.io/artifactory/api/npm/benchmark-npm-remote/@rollup%2frollup-linux-x64-gnu 56ms (cache miss)
npm http fetch GET 200 https://vltoss.jfrog.io/artifactory/api/npm/benchmark-npm-remote/@rollup%2frollup-linux-x64-musl 69ms (cache miss)
npm http fetch GET 200 https://vltoss.jfrog.io/artifactory/api/npm/benchmark-npm-remote/@rollup%2frollup-win32-x64-msvc 56ms (cache miss)
npm http fetch GET 200 https://vltoss.jfrog.io/artifactory/api/npm/benchmark-npm-remote/@rollup%2frollup-linux-arm64-gnu 55ms (cache miss)
npm http fetch GET 200 https://vltoss.jfrog.io/artifactory/api/npm/benchmark-npm-remote/@rollup%2frollup-linux-ppc64-gnu 39ms (cache miss)
npm http fetch GET 200 https://vltoss.jfrog.io/artifactory/api/npm/benchmark-npm-remote/@rollup%2frollup-linux-s390x-gnu 48ms (cache miss)
npm http fetch GET 200 https://vltoss.jfrog.io/artifactory/api/npm/benchmark-npm-remote/@rollup%2frollup-win32-ia32-msvc 48ms (cache miss)
npm http fetch GET 200 https://vltoss.jfrog.io/artifactory/api/npm/benchmark-npm-remote/@rollup%2frollup-android-arm-eabi 57ms (cache miss)
npm http fetch GET 200 https://vltoss.jfrog.io/artifactory/api/npm/benchmark-npm-remote/@rollup%2frollup-linux-arm64-musl 49ms (cache miss)
npm http fetch GET 200 https://vltoss.jfrog.io/artifactory/api/npm/benchmark-npm-remote/@rollup%2frollup-linux-ppc64-musl 46ms (cache miss)
npm http fetch GET 200 https://vltoss.jfrog.io/artifactory/api/npm/benchmark-npm-remote/@rollup%2frollup-win32-arm64-msvc 57ms (cache miss)
npm http fetch GET 200 https://vltoss.jfrog.io/artifactory/api/npm/benchmark-npm-remote/@rollup%2frollup-linux-loong64-gnu 45ms (cache miss)
npm http fetch GET 200 https://vltoss.jfrog.io/artifactory/api/npm/benchmark-npm-remote/@rollup%2frollup-linux-riscv64-gnu 49ms (cache miss)
npm http fetch GET 200 https://vltoss.jfrog.io/artifactory/api/npm/benchmark-npm-remote/@rollup%2frollup-openharmony-arm64 42ms (cache miss)
npm http fetch GET 200 https://vltoss.jfrog.io/artifactory/api/npm/benchmark-npm-remote/@rollup%2frollup-linux-loong64-musl 43ms (cache miss)
npm http fetch GET 200 https://vltoss.jfrog.io/artifactory/api/npm/benchmark-npm-remote/@rollup%2frollup-linux-riscv64-musl 40ms (cache miss)
npm http fetch GET 200 https://vltoss.jfrog.io/artifactory/api/npm/benchmark-npm-remote/@rollup%2frollup-linux-arm-musleabihf 48ms (cache miss)
npm http fetch GET 200 https://vltoss.jfrog.io/artifactory/api/npm/benchmark-npm-remote/@rollup%2frollup-linux-arm-gnueabihf 62ms (cache miss)
npm http fetch GET 200 https://vltoss.jfrog.io/artifactory/api/npm/benchmark-npm-remote/nanoid/-/nanoid-3.3.19.tgz 73ms (cache miss)
npm http fetch GET 200 https://vltoss.jfrog.io/artifactory/api/npm/benchmark-npm-remote/@jridgewell/gen-mapping/-/gen-mapping-0.3.13.tgz 224ms (cache miss)
npm http fetch GET 200 https://vltoss.jfrog.io/artifactory/api/npm/benchmark-npm-remote/picocolors/-/picocolors-1.1.1.tgz 239ms (cache miss)
npm http fetch GET 200 https://vltoss.jfrog.io/artifactory/api/npm/benchmark-npm-remote/@sveltejs/load-config/-/load-config-0.2.3.tgz 255ms (cache miss)
npm http fetch GET 200 https://vltoss.jfrog.io/artifactory/api/npm/benchmark-npm-remote/zimmerframe/-/zimmerframe-1.1.5.tgz 263ms (cache miss)
npm http fetch GET 200 https://vltoss.jfrog.io/artifactory/api/npm/benchmark-npm-remote/locate-character/-/locate-character-3.0.0.tgz 263ms (cache miss)
npm http fetch GET 200 https://vltoss.jfrog.io/artifactory/api/npm/benchmark-npm-remote/mri/-/mri-1.2.0.tgz 273ms (cache miss)
npm http fetch GET 200 https://vltoss.jfrog.io/artifactory/api/npm/benchmark-npm-remote/is-reference/-/is-reference-3.0.3.tgz 277ms (cache miss)
npm http fetch GET 200 https://vltoss.jfrog.io/artifactory/api/npm/benchmark-npm-remote/sade/-/sade-1.8.1.tgz 300ms (cache miss)
npm http fetch GET 200 https://vltoss.jfrog.io/artifactory/api/npm/benchmark-npm-remote/@jridgewell/resolve-uri/-/resolve-uri-3.1.2.tgz 302ms (cache miss)
npm http fetch GET 200 https://vltoss.jfrog.io/artifactory/api/npm/benchmark-npm-remote/fdir/-/fdir-6.5.0.tgz 313ms (cache miss)
npm http fetch GET 200 https://vltoss.jfrog.io/artifactory/api/npm/benchmark-npm-remote/tinyglobby/-/tinyglobby-0.2.17.tgz 313ms (cache miss)
npm http fetch GET 200 https://vltoss.jfrog.io/artifactory/api/npm/benchmark-npm-remote/clsx/-/clsx-2.1.1.tgz 323ms (cache miss)
npm http fetch GET 200 https://vltoss.jfrog.io/artifactory/api/npm/benchmark-npm-remote/readdirp/-/readdirp-4.1.2.tgz 335ms (cache miss)
npm http fetch GET 200 https://vltoss.jfrog.io/artifactory/api/npm/benchmark-npm-remote/@types/estree/-/estree-1.0.9.tgz 335ms (cache miss)
npm http fetch GET 200 https://vltoss.jfrog.io/artifactory/api/npm/benchmark-npm-remote/totalist/-/totalist-3.0.1.tgz 335ms (cache miss)
npm http fetch GET 200 https://vltoss.jfrog.io/artifactory/api/npm/benchmark-npm-remote/ms/-/ms-2.1.3.tgz 335ms (cache miss)
npm http fetch GET 200 https://vltoss.jfrog.io/artifactory/api/npm/benchmark-npm-remote/@polka/url/-/url-1.0.0-next.29.tgz 339ms (cache miss)
npm http fetch GET 200 https://vltoss.jfrog.io/artifactory/api/npm/benchmark-npm-remote/mrmime/-/mrmime-2.0.1.tgz 342ms (cache miss)
npm http fetch GET 200 https://vltoss.jfrog.io/artifactory/api/npm/benchmark-npm-remote/esm-env/-/esm-env-1.2.2.tgz 346ms (cache miss)
npm http fetch GET 200 https://vltoss.jfrog.io/artifactory/api/npm/benchmark-npm-remote/sirv/-/sirv-3.0.2.tgz 352ms (cache miss)
npm http fetch GET 200 https://vltoss.jfrog.io/artifactory/api/npm/benchmark-npm-remote/deepmerge/-/deepmerge-4.3.1.tgz 356ms (cache miss)
npm http fetch GET 200 https://vltoss.jfrog.io/artifactory/api/npm/benchmark-npm-remote/kleur/-/kleur-4.1.5.tgz 356ms (cache miss)
npm http fetch GET 200 https://vltoss.jfrog.io/artifactory/api/npm/benchmark-npm-remote/@types/cookie/-/cookie-0.6.0.tgz 356ms (cache miss)
npm http fetch GET 200 https://vltoss.jfrog.io/artifactory/api/npm/benchmark-npm-remote/@sveltejs/adapter-auto/-/adapter-auto-3.3.1.tgz 354ms (cache miss)
npm http fetch GET 200 https://vltoss.jfrog.io/artifactory/api/npm/benchmark-npm-remote/esbuild/-/esbuild-0.25.12.tgz 365ms (cache miss)
npm http fetch GET 200 https://vltoss.jfrog.io/artifactory/api/npm/benchmark-npm-remote/set-cookie-parser/-/set-cookie-parser-3.1.2.tgz 362ms (cache miss)
npm http fetch GET 200 https://vltoss.jfrog.io/artifactory/api/npm/benchmark-npm-remote/@standard-schema/spec/-/spec-1.1.0.tgz 361ms (cache miss)
npm http fetch GET 200 https://vltoss.jfrog.io/artifactory/api/npm/benchmark-npm-remote/vitefu/-/vitefu-1.1.3.tgz 367ms (cache miss)
npm http fetch GET 200 https://vltoss.jfrog.io/artifactory/api/npm/benchmark-npm-remote/cookie/-/cookie-0.6.0.tgz 370ms (cache miss)
npm http fetch GET 200 https://vltoss.jfrog.io/artifactory/api/npm/benchmark-npm-remote/@neoconfetti/svelte/-/svelte-2.2.2.tgz 372ms (cache miss)
npm http fetch GET 200 https://vltoss.jfrog.io/artifactory/api/npm/benchmark-npm-remote/picomatch/-/picomatch-4.0.7.tgz 392ms (cache miss)
npm http fetch GET 200 https://vltoss.jfrog.io/artifactory/api/npm/benchmark-npm-remote/debug/-/debug-4.4.3.tgz 406ms (cache miss)
npm http fetch GET 200 https://vltoss.jfrog.io/artifactory/api/npm/benchmark-npm-remote/@sveltejs/vite-plugin-svelte-inspector/-/vite-plugin-svelte-inspector-4.0.1.tgz 411ms (cache miss)
npm http fetch GET 200 https://vltoss.jfrog.io/artifactory/api/npm/benchmark-npm-remote/@jridgewell/trace-mapping/-/trace-mapping-0.3.31.tgz 423ms (cache miss)
npm http fetch GET 200 https://vltoss.jfrog.io/artifactory/api/npm/benchmark-npm-remote/@sveltejs/acorn-typescript/-/acorn-typescript-1.0.13.tgz 440ms (cache miss)
npm http fetch GET 200 https://vltoss.jfrog.io/artifactory/api/npm/benchmark-npm-remote/source-map-js/-/source-map-js-1.2.2.tgz 452ms (cache miss)
npm http fetch GET 200 https://vltoss.jfrog.io/artifactory/api/npm/benchmark-npm-remote/chokidar/-/chokidar-4.0.3.tgz 445ms (cache miss)
npm http fetch GET 200 https://vltoss.jfrog.io/artifactory/api/npm/benchmark-npm-remote/import-meta-resolve/-/import-meta-resolve-4.2.0.tgz 469ms (cache miss)
npm http fetch GET 200 https://vltoss.jfrog.io/artifactory/api/npm/benchmark-npm-remote/devalue/-/devalue-5.9.4.tgz 471ms (cache miss)
npm http fetch GET 200 https://vltoss.jfrog.io/artifactory/api/npm/benchmark-npm-remote/@jridgewell/remapping/-/remapping-2.3.5.tgz 491ms (cache miss)
npm http fetch GET 200 https://vltoss.jfrog.io/artifactory/api/npm/benchmark-npm-remote/@jridgewell/sourcemap-codec/-/sourcemap-codec-1.6.0.tgz 503ms (cache miss)
npm http fetch GET 200 https://vltoss.jfrog.io/artifactory/api/npm/benchmark-npm-remote/magic-string/-/magic-string-0.30.21.tgz 502ms (cache miss)
npm http fetch GET 200 https://vltoss.jfrog.io/artifactory/api/npm/benchmark-npm-remote/acorn/-/acorn-8.18.0.tgz 527ms (cache miss)
npm http fetch GET 200 https://vltoss.jfrog.io/artifactory/api/npm/benchmark-npm-remote/esrap/-/esrap-2.4.0.tgz 545ms (cache miss)
npm http fetch GET 200 https://vltoss.jfrog.io/artifactory/api/npm/benchmark-npm-remote/@sveltejs/vite-plugin-svelte/-/vite-plugin-svelte-5.1.1.tgz 563ms (cache miss)
npm http fetch GET 200 https://vltoss.jfrog.io/artifactory/api/npm/benchmark-npm-remote/postcss/-/postcss-8.5.28.tgz 576ms (cache miss)
npm http fetch GET 200 https://jfrog-prod-use2-shared-ohio-main.s3.amazonaws.com/aol-a0eigilwc24ii/filestore/ff/fff99e3aff1ad28fe8506c6fd6e845c7b2848243?response-content-disposition=attachment%3Bfilename%3D%22rollup-linux-arm64-gnu-4.63.5.tgz%22&response-content-type=application%2Fx-gzip&X-Artifactory-username=darcy%40vlt.sh&X-Artifactory-repoType=local&X-Artifactory-repositoryKey=benchmark-npm-remote-cache&X-Artifactory-originPackageType=npm&X-Artifactory-packageType=npm&X-Artifactory-artifactPath=%40rollup%2Frollup-linux-arm64-gnu%2F-%2Frollup-linux-arm64-gnu-4.63.5.tgz&X-Artifactory-originProjectKey=benchmark&X-Artifactory-projectKey=benchmark&X-Artifactory-originRepoType=remote&X-Artifactory-originRepositoryKey=benchmark-npm-remote&x-jf-traceId=2413a2a28706e9bb7a2f805dbf0efa4d&X-Amz-Security-Token=IQoJb3JpZ2luX2VjEKP%2F%2F%2F%2F%2F%2F%2F%2F%2F%2FwEaCXVzLWVhc3QtMiJHMEUCIQCBoK7bgc7j81AX1DGul8TMqsRtZ%2FPuh5Zl1%2FyJ%2BTueZgIgDeVqlSqVpl2pY8bbhMqDzIsNn4Nr97JIJy8RGv%2FZS0oqkgUIbBAAGgw3MjE4ODI2MTMwMzciDAK7ocyLKr0azMbB0irvBCo6QmYeBxece4IgEoTe7Kczs%2Fc1sbskidH1A87%2Fq%2BEO44m8QDToXbX5o9K6slbJ3dC%2F5DNuU2Fv0gnvGMbKOIWG5Zqh%2B9ElQ0LCmZ8AiLKqJbO%2F1Kzi871D6QlEVtoWZU7Lch1SpURouqTcRj1I43pWhjAChm7NTW6sxUIc%2FJ5eq8NkD7UuBYQ2Hk0LDKhkpTX7EALKgOtWObIvgRmHYXv4LWqZa%2B74Uy9Qy%2B%2FQE4mfAL%2BQALnjTgnyGoX%2BQzWOKbvaaQDl0iCU9bg71Sy5RRiF%2FzQ7qnb4axCUTVYDMgu3pzFmpFelinzVR3nIIhqJ0tUl3Ah0ItM4p78UqNC81EXLqcIuBd9v%2BL0qZnjnBkG1vxTvs8xFQEh%2FWZrELS3pcecOwRqyj61Rte2bvIEi7e44XLed1Ebg3UgjmzOpN20I4q1mQXG0lWy8MF75Rri5j99t%2BHab%2Bso1wC0awoI81%2FehzJjIcs7t0dqIuhOmnzIdsn0sYwSF48iZXKtOmOVRByqWHgNGAITRXlPLuR7ZCC9dsxbOs0ULX08Kkc1XbkGomDcdHOf2EZ4R7q8iDnjawU0l2zEpL%2Fz%2FSrUHU33VcQtWDLWe%2BMPa1tAyT0EqBwdguO04gXT0FTwHf9R%2FpwYm7%2BbbpK97vyhiGc0Znr%2BCHoRL0fuBe6wBLHRovB2j4Oe2Cp7kLeahoJtkkPdjXtch5opVKwRsfp5H5JpdsshaNc9HE1H0%2Btxs1rotgGfM3Ryetnc%2B9G7MBuvB4qBuUtETxAqRr1YY6tQTbOl%2BrlJ5ZEefbB8FqgF51eyx2EeoOUi59KGpVT9o%2FcrfxxUbWs9SMNOy9dUGOpkBz6g7JM6nnAx8CAX%2Fg7R8MiDAgPm9o6vl%2FhPQzUz8Ip5%2BjYYJvFbpoWmkxtP5%2Bw5itiOuNC6fCLNffE945pcf7FaSW3vLCO4V0rzZSvVN6cR%2BLrANFEPnFZGLC5ITePPRCnGRecZDLnrQmCOFdcdeqjROd%2FgtnzQ%2BuZhI4h2zEkdVuaAjgr%2ByiYU1MJKRu1UFdVN0lSBU8%2B%2Fw&X-Amz-Algorithm=AWS4-HMAC-SHA256&X-Amz-Date=20260930T191525Z&X-Amz-SignedHeaders=host&X-Amz-Credential=ASIA2QE4OQUWXB2WC5VZ%2F20260930%2Fus-east-2%2Fs3%2Faws4_request&X-Amz-Expires=30&X-Amz-Signature=f59f19daf184afafb5f7e678750c79d5bcbdded3ccc3007b2e7fe49322e137ac 581ms (cache miss)
npm http fetch GET 200 https://jfrog-prod-use2-shared-ohio-main.s3.amazonaws.com/aol-a0eigilwc24ii/filestore/55/55d7194076b92fddba25f8ac9b3cc8c0f365a3a3?response-content-disposition=attachment%3Bfilename%3D%22fira-mono-5.3.0.tgz%22&response-content-type=application%2Fx-gzip&X-Artifactory-username=darcy%40vlt.sh&X-Artifactory-repoType=local&X-Artifactory-repositoryKey=benchmark-npm-remote-cache&X-Artifactory-originPackageType=npm&X-Artifactory-packageType=npm&X-Artifactory-artifactPath=%40fontsource%2Ffira-mono%2F-%2Ffira-mono-5.3.0.tgz&X-Artifactory-originProjectKey=benchmark&X-Artifactory-projectKey=benchmark&X-Artifactory-originRepoType=remote&X-Artifactory-originRepositoryKey=benchmark-npm-remote&x-jf-traceId=c3672e4ca226f39d97f2c21670bf1713&X-Amz-Security-Token=IQoJb3JpZ2luX2VjEKP%2F%2F%2F%2F%2F%2F%2F%2F%2F%2FwEaCXVzLWVhc3QtMiJHMEUCIQCBoK7bgc7j81AX1DGul8TMqsRtZ%2FPuh5Zl1%2FyJ%2BTueZgIgDeVqlSqVpl2pY8bbhMqDzIsNn4Nr97JIJy8RGv%2FZS0oqkgUIbBAAGgw3MjE4ODI2MTMwMzciDAK7ocyLKr0azMbB0irvBCo6QmYeBxece4IgEoTe7Kczs%2Fc1sbskidH1A87%2Fq%2BEO44m8QDToXbX5o9K6slbJ3dC%2F5DNuU2Fv0gnvGMbKOIWG5Zqh%2B9ElQ0LCmZ8AiLKqJbO%2F1Kzi871D6QlEVtoWZU7Lch1SpURouqTcRj1I43pWhjAChm7NTW6sxUIc%2FJ5eq8NkD7UuBYQ2Hk0LDKhkpTX7EALKgOtWObIvgRmHYXv4LWqZa%2B74Uy9Qy%2B%2FQE4mfAL%2BQALnjTgnyGoX%2BQzWOKbvaaQDl0iCU9bg71Sy5RRiF%2FzQ7qnb4axCUTVYDMgu3pzFmpFelinzVR3nIIhqJ0tUl3Ah0ItM4p78UqNC81EXLqcIuBd9v%2BL0qZnjnBkG1vxTvs8xFQEh%2FWZrELS3pcecOwRqyj61Rte2bvIEi7e44XLed1Ebg3UgjmzOpN20I4q1mQXG0lWy8MF75Rri5j99t%2BHab%2Bso1wC0awoI81%2FehzJjIcs7t0dqIuhOmnzIdsn0sYwSF48iZXKtOmOVRByqWHgNGAITRXlPLuR7ZCC9dsxbOs0ULX08Kkc1XbkGomDcdHOf2EZ4R7q8iDnjawU0l2zEpL%2Fz%2FSrUHU33VcQtWDLWe%2BMPa1tAyT0EqBwdguO04gXT0FTwHf9R%2FpwYm7%2BbbpK97vyhiGc0Znr%2BCHoRL0fuBe6wBLHRovB2j4Oe2Cp7kLeahoJtkkPdjXtch5opVKwRsfp5H5JpdsshaNc9HE1H0%2Btxs1rotgGfM3Ryetnc%2B9G7MBuvB4qBuUtETxAqRr1YY6tQTbOl%2BrlJ5ZEefbB8FqgF51eyx2EeoOUi59KGpVT9o%2FcrfxxUbWs9SMNOy9dUGOpkBz6g7JM6nnAx8CAX%2Fg7R8MiDAgPm9o6vl%2FhPQzUz8Ip5%2BjYYJvFbpoWmkxtP5%2Bw5itiOuNC6fCLNffE945pcf7FaSW3vLCO4V0rzZSvVN6cR%2BLrANFEPnFZGLC5ITePPRCnGRecZDLnrQmCOFdcdeqjROd%2FgtnzQ%2BuZhI4h2zEkdVuaAjgr%2ByiYU1MJKRu1UFdVN0lSBU8%2B%2Fw&X-Amz-Algorithm=AWS4-HMAC-SHA256&X-Amz-Date=20260930T191525Z&X-Amz-SignedHeaders=host&X-Amz-Credential=ASIA2QE4OQUWXB2WC5VZ%2F20260930%2Fus-east-2%2Fs3%2Faws4_request&X-Amz-Expires=30&X-Amz-Signature=c3136cb258b169d958e49dbbaede700296f613725ece5e309bef3ca2c1450192 628ms (cache miss)
npm http fetch GET 200 https://jfrog-prod-use2-shared-ohio-main.s3.amazonaws.com/aol-a0eigilwc24ii/filestore/f3/f3f4686d0874a544ce5497380f132d8b675b4e59?response-content-disposition=attachment%3Bfilename%3D%22rollup-4.63.5.tgz%22&response-content-type=application%2Fx-gzip&X-Artifactory-username=darcy%40vlt.sh&X-Artifactory-repoType=local&X-Artifactory-repositoryKey=benchmark-npm-remote-cache&X-Artifactory-originPackageType=npm&X-Artifactory-packageType=npm&X-Artifactory-artifactPath=rollup%2F-%2Frollup-4.63.5.tgz&X-Artifactory-originProjectKey=benchmark&X-Artifactory-projectKey=benchmark&X-Artifactory-originRepoType=remote&X-Artifactory-originRepositoryKey=benchmark-npm-remote&x-jf-traceId=4cb58da0960bfdeaa364a7784f175138&X-Amz-Security-Token=IQoJb3JpZ2luX2VjEKP%2F%2F%2F%2F%2F%2F%2F%2F%2F%2FwEaCXVzLWVhc3QtMiJHMEUCIQCBoK7bgc7j81AX1DGul8TMqsRtZ%2FPuh5Zl1%2FyJ%2BTueZgIgDeVqlSqVpl2pY8bbhMqDzIsNn4Nr97JIJy8RGv%2FZS0oqkgUIbBAAGgw3MjE4ODI2MTMwMzciDAK7ocyLKr0azMbB0irvBCo6QmYeBxece4IgEoTe7Kczs%2Fc1sbskidH1A87%2Fq%2BEO44m8QDToXbX5o9K6slbJ3dC%2F5DNuU2Fv0gnvGMbKOIWG5Zqh%2B9ElQ0LCmZ8AiLKqJbO%2F1Kzi871D6QlEVtoWZU7Lch1SpURouqTcRj1I43pWhjAChm7NTW6sxUIc%2FJ5eq8NkD7UuBYQ2Hk0LDKhkpTX7EALKgOtWObIvgRmHYXv4LWqZa%2B74Uy9Qy%2B%2FQE4mfAL%2BQALnjTgnyGoX%2BQzWOKbvaaQDl0iCU9bg71Sy5RRiF%2FzQ7qnb4axCUTVYDMgu3pzFmpFelinzVR3nIIhqJ0tUl3Ah0ItM4p78UqNC81EXLqcIuBd9v%2BL0qZnjnBkG1vxTvs8xFQEh%2FWZrELS3pcecOwRqyj61Rte2bvIEi7e44XLed1Ebg3UgjmzOpN20I4q1mQXG0lWy8MF75Rri5j99t%2BHab%2Bso1wC0awoI81%2FehzJjIcs7t0dqIuhOmnzIdsn0sYwSF48iZXKtOmOVRByqWHgNGAITRXlPLuR7ZCC9dsxbOs0ULX08Kkc1XbkGomDcdHOf2EZ4R7q8iDnjawU0l2zEpL%2Fz%2FSrUHU33VcQtWDLWe%2BMPa1tAyT0EqBwdguO04gXT0FTwHf9R%2FpwYm7%2BbbpK97vyhiGc0Znr%2BCHoRL0fuBe6wBLHRovB2j4Oe2Cp7kLeahoJtkkPdjXtch5opVKwRsfp5H5JpdsshaNc9HE1H0%2Btxs1rotgGfM3Ryetnc%2B9G7MBuvB4qBuUtETxAqRr1YY6tQTbOl%2BrlJ5ZEefbB8FqgF51eyx2EeoOUi59KGpVT9o%2FcrfxxUbWs9SMNOy9dUGOpkBz6g7JM6nnAx8CAX%2Fg7R8MiDAgPm9o6vl%2FhPQzUz8Ip5%2BjYYJvFbpoWmkxtP5%2Bw5itiOuNC6fCLNffE945pcf7FaSW3vLCO4V0rzZSvVN6cR%2BLrANFEPnFZGLC5ITePPRCnGRecZDLnrQmCOFdcdeqjROd%2FgtnzQ%2BuZhI4h2zEkdVuaAjgr%2ByiYU1MJKRu1UFdVN0lSBU8%2B%2Fw&X-Amz-Algorithm=AWS4-HMAC-SHA256&X-Amz-Date=20260930T191525Z&X-Amz-SignedHeaders=host&X-Amz-Credential=ASIA2QE4OQUWXB2WC5VZ%2F20260930%2Fus-east-2%2Fs3%2Faws4_request&X-Amz-Expires=30&X-Amz-Signature=fc29335d5eb289f6e77b12be432de64479686c82df3913ee8ee43a8f30011264 655ms (cache miss)
npm http fetch GET 200 https://jfrog-prod-use2-shared-ohio-main.s3.amazonaws.com/aol-a0eigilwc24ii/filestore/85/85a164db7ce706f2a776812efa2b340f1721858e?response-content-disposition=attachment%3Bfilename%3D%22vite-6.4.3.tgz%22&response-content-type=application%2Fx-gzip&X-Artifactory-username=darcy%40vlt.sh&X-Artifactory-repoType=local&X-Artifactory-repositoryKey=benchmark-npm-remote-cache&X-Artifactory-originPackageType=npm&X-Artifactory-packageType=npm&X-Artifactory-artifactPath=vite%2F-%2Fvite-6.4.3.tgz&X-Artifactory-originProjectKey=benchmark&X-Artifactory-projectKey=benchmark&X-Artifactory-originRepoType=remote&X-Artifactory-originRepositoryKey=benchmark-npm-remote&x-jf-traceId=0da9ddf15936095e78af40db52598a4c&X-Amz-Security-Token=IQoJb3JpZ2luX2VjEKP%2F%2F%2F%2F%2F%2F%2F%2F%2F%2FwEaCXVzLWVhc3QtMiJHMEUCIQCNM1vyehYeot350c8CmRxyxANvaNL6o%2FiXftrYvN3QywIgJtJnf8Vo3mqOPxnbYHJVntu4EqNd3FL7eos1bvhYpIgqkgUIbBAAGgw3MjE4ODI2MTMwMzciDOIbxNlDwteJv9ALRirvBFhqoH1fB4CeV1H%2FaT8tH%2Fhhvom8QCtzC%2FE0AvYQHFpqf%2BH%2F3xTVGISqSZkk%2BId1FoRcSuovhtFz4ghRZqDWCvDDU6VA5wF%2BanA02u6RiQmBIxm1HzosqOTTNw7oVFrPyx2XOvnqksLRMMOmtWxIjEXCcS1b9ifWcFSRYQ80danrcAqkNkCNW%2FJw0N8co%2FhFHeZPbEVLQI89iaOYuwl091x39JAjglhNjcJkk9MbmeqB8HWamd1RnZ9GhTur%2F1LVll79ah%2BY6lV3oDRtJcptDouKM9k1YKPnIfFNjDu29oUhLKCSWF9eM7hIxA0fucpTwAbc4ARQeusYYpq%2FQpaxRDvmGSBDUJX%2Br9C6UavFnfGv5sKJ2OfdUnPIIdcTemwwLAwtc4HcatwDZEPipLqqGW0nltMEtuiZyQqrPN0ZYHheLld6eIlFHH7s0nP6QYe1jdbqnA0p1R4MKQUKBRt%2FW%2FBnMM%2FVqvglFW8t%2F1aUHuhDU2ULm%2F9p2Kw%2B3q0JKU%2FrONLPzvLcEsAwkN7x81L7qYN5GeZ7Xpq315IpRsqHloLSJAtIhmGcWnk03J%2BvoppO3iWPSSAYBRj1s91hcOKRZTxcDlxGnBEDRkgr8lURS1HCBrAXRUScaSP6gujzwTuNdAnsVmDgowcYsD499zgQvTvZI61j469co13kCwPFv6D6l9oi3P04WhprxV%2FDbab995sy%2F3G4INHiPE6%2BG3HCYOBPBNJSIimqwDvy986amweffu5t9SQTtV2v%2FEvCFhLArnsCIs%2BfbbcqvozPqUMMVaN321MXXx5afWpeYFYnQ4omoul2bc7f8J3FMODLUKirMK6%2B9dUGOpkB6DGxDtYFNfORc5JhXgm9VIJz8Z9T68V0gsInpGx8xgvijGbqRKk5zQknbWkR0OyGmFJWKIjc%2FoISOvsPVxTOXXt00cMbNTFFIrKf3sK1pReGSe336dM9gLM235Wl%2BlyUriPlDgxAh3Uv14sz8wL1nsY3bcBWTxMmaKf%2BwBafuSm366qj7Cg%2FQSgON7OTTMbH2HqlH5Hduc4S&X-Amz-Algorithm=AWS4-HMAC-SHA256&X-Amz-Date=20260930T191525Z&X-Amz-SignedHeaders=host&X-Amz-Credential=ASIA2QE4OQUW27TYEKCH%2F20260930%2Fus-east-2%2Fs3%2Faws4_request&X-Amz-Expires=30&X-Amz-Signature=356dff71560c62416fe841d91d31217af1e4df7cda6019878779a3e8f494b994 656ms (cache miss)
npm http fetch GET 200 https://jfrog-prod-use2-shared-ohio-main.s3.amazonaws.com/aol-a0eigilwc24ii/filestore/63/63cba2ab096d3c96b6b483575815f1f88acfe039?response-content-disposition=attachment%3Bfilename%3D%22svelte-check-4.7.6.tgz%22&response-content-type=application%2Fx-gzip&X-Artifactory-username=darcy%40vlt.sh&X-Artifactory-repoType=local&X-Artifactory-repositoryKey=benchmark-npm-remote-cache&X-Artifactory-originPackageType=npm&X-Artifactory-packageType=npm&X-Artifactory-artifactPath=svelte-check%2F-%2Fsvelte-check-4.7.6.tgz&X-Artifactory-originProjectKey=benchmark&X-Artifactory-projectKey=benchmark&X-Artifactory-originRepoType=remote&X-Artifactory-originRepositoryKey=benchmark-npm-remote&x-jf-traceId=434c68695749439a54aa487b03f2f39a&X-Amz-Security-Token=IQoJb3JpZ2luX2VjEKP%2F%2F%2F%2F%2F%2F%2F%2F%2F%2FwEaCXVzLWVhc3QtMiJHMEUCIQCBoK7bgc7j81AX1DGul8TMqsRtZ%2FPuh5Zl1%2FyJ%2BTueZgIgDeVqlSqVpl2pY8bbhMqDzIsNn4Nr97JIJy8RGv%2FZS0oqkgUIbBAAGgw3MjE4ODI2MTMwMzciDAK7ocyLKr0azMbB0irvBCo6QmYeBxece4IgEoTe7Kczs%2Fc1sbskidH1A87%2Fq%2BEO44m8QDToXbX5o9K6slbJ3dC%2F5DNuU2Fv0gnvGMbKOIWG5Zqh%2B9ElQ0LCmZ8AiLKqJbO%2F1Kzi871D6QlEVtoWZU7Lch1SpURouqTcRj1I43pWhjAChm7NTW6sxUIc%2FJ5eq8NkD7UuBYQ2Hk0LDKhkpTX7EALKgOtWObIvgRmHYXv4LWqZa%2B74Uy9Qy%2B%2FQE4mfAL%2BQALnjTgnyGoX%2BQzWOKbvaaQDl0iCU9bg71Sy5RRiF%2FzQ7qnb4axCUTVYDMgu3pzFmpFelinzVR3nIIhqJ0tUl3Ah0ItM4p78UqNC81EXLqcIuBd9v%2BL0qZnjnBkG1vxTvs8xFQEh%2FWZrELS3pcecOwRqyj61Rte2bvIEi7e44XLed1Ebg3UgjmzOpN20I4q1mQXG0lWy8MF75Rri5j99t%2BHab%2Bso1wC0awoI81%2FehzJjIcs7t0dqIuhOmnzIdsn0sYwSF48iZXKtOmOVRByqWHgNGAITRXlPLuR7ZCC9dsxbOs0ULX08Kkc1XbkGomDcdHOf2EZ4R7q8iDnjawU0l2zEpL%2Fz%2FSrUHU33VcQtWDLWe%2BMPa1tAyT0EqBwdguO04gXT0FTwHf9R%2FpwYm7%2BbbpK97vyhiGc0Znr%2BCHoRL0fuBe6wBLHRovB2j4Oe2Cp7kLeahoJtkkPdjXtch5opVKwRsfp5H5JpdsshaNc9HE1H0%2Btxs1rotgGfM3Ryetnc%2B9G7MBuvB4qBuUtETxAqRr1YY6tQTbOl%2BrlJ5ZEefbB8FqgF51eyx2EeoOUi59KGpVT9o%2FcrfxxUbWs9SMNOy9dUGOpkBz6g7JM6nnAx8CAX%2Fg7R8MiDAgPm9o6vl%2FhPQzUz8Ip5%2BjYYJvFbpoWmkxtP5%2Bw5itiOuNC6fCLNffE945pcf7FaSW3vLCO4V0rzZSvVN6cR%2BLrANFEPnFZGLC5ITePPRCnGRecZDLnrQmCOFdcdeqjROd%2FgtnzQ%2BuZhI4h2zEkdVuaAjgr%2ByiYU1MJKRu1UFdVN0lSBU8%2B%2Fw&X-Amz-Algorithm=AWS4-HMAC-SHA256&X-Amz-Date=20260930T191525Z&X-Amz-SignedHeaders=host&X-Amz-Credential=ASIA2QE4OQUWXB2WC5VZ%2F20260930%2Fus-east-2%2Fs3%2Faws4_request&X-Amz-Expires=30&X-Amz-Signature=a7b03484fa0e97425699c86c4809a12dbb10e4f6f4449393a7487f11fae5b7c2 682ms (cache miss)
npm http fetch GET 200 https://jfrog-prod-use2-shared-ohio-main.s3.amazonaws.com/aol-a0eigilwc24ii/filestore/e1/e1066bce58394f1b1141deec8557a5f0a22f5977?response-content-disposition=attachment%3Bfilename%3D%22linux-arm64-0.25.12.tgz%22&response-content-type=application%2Fx-gzip&X-Artifactory-username=darcy%40vlt.sh&X-Artifactory-repoType=local&X-Artifactory-repositoryKey=benchmark-npm-remote-cache&X-Artifactory-originPackageType=npm&X-Artifactory-packageType=npm&X-Artifactory-artifactPath=%40esbuild%2Flinux-arm64%2F-%2Flinux-arm64-0.25.12.tgz&X-Artifactory-originProjectKey=benchmark&X-Artifactory-projectKey=benchmark&X-Artifactory-originRepoType=remote&X-Artifactory-originRepositoryKey=benchmark-npm-remote&x-jf-traceId=5291bc06c649a8ed5181878dea8efdb6&X-Amz-Security-Token=IQoJb3JpZ2luX2VjEKP%2F%2F%2F%2F%2F%2F%2F%2F%2F%2FwEaCXVzLWVhc3QtMiJHMEUCIQCBoK7bgc7j81AX1DGul8TMqsRtZ%2FPuh5Zl1%2FyJ%2BTueZgIgDeVqlSqVpl2pY8bbhMqDzIsNn4Nr97JIJy8RGv%2FZS0oqkgUIbBAAGgw3MjE4ODI2MTMwMzciDAK7ocyLKr0azMbB0irvBCo6QmYeBxece4IgEoTe7Kczs%2Fc1sbskidH1A87%2Fq%2BEO44m8QDToXbX5o9K6slbJ3dC%2F5DNuU2Fv0gnvGMbKOIWG5Zqh%2B9ElQ0LCmZ8AiLKqJbO%2F1Kzi871D6QlEVtoWZU7Lch1SpURouqTcRj1I43pWhjAChm7NTW6sxUIc%2FJ5eq8NkD7UuBYQ2Hk0LDKhkpTX7EALKgOtWObIvgRmHYXv4LWqZa%2B74Uy9Qy%2B%2FQE4mfAL%2BQALnjTgnyGoX%2BQzWOKbvaaQDl0iCU9bg71Sy5RRiF%2FzQ7qnb4axCUTVYDMgu3pzFmpFelinzVR3nIIhqJ0tUl3Ah0ItM4p78UqNC81EXLqcIuBd9v%2BL0qZnjnBkG1vxTvs8xFQEh%2FWZrELS3pcecOwRqyj61Rte2bvIEi7e44XLed1Ebg3UgjmzOpN20I4q1mQXG0lWy8MF75Rri5j99t%2BHab%2Bso1wC0awoI81%2FehzJjIcs7t0dqIuhOmnzIdsn0sYwSF48iZXKtOmOVRByqWHgNGAITRXlPLuR7ZCC9dsxbOs0ULX08Kkc1XbkGomDcdHOf2EZ4R7q8iDnjawU0l2zEpL%2Fz%2FSrUHU33VcQtWDLWe%2BMPa1tAyT0EqBwdguO04gXT0FTwHf9R%2FpwYm7%2BbbpK97vyhiGc0Znr%2BCHoRL0fuBe6wBLHRovB2j4Oe2Cp7kLeahoJtkkPdjXtch5opVKwRsfp5H5JpdsshaNc9HE1H0%2Btxs1rotgGfM3Ryetnc%2B9G7MBuvB4qBuUtETxAqRr1YY6tQTbOl%2BrlJ5ZEefbB8FqgF51eyx2EeoOUi59KGpVT9o%2FcrfxxUbWs9SMNOy9dUGOpkBz6g7JM6nnAx8CAX%2Fg7R8MiDAgPm9o6vl%2FhPQzUz8Ip5%2BjYYJvFbpoWmkxtP5%2Bw5itiOuNC6fCLNffE945pcf7FaSW3vLCO4V0rzZSvVN6cR%2BLrANFEPnFZGLC5ITePPRCnGRecZDLnrQmCOFdcdeqjROd%2FgtnzQ%2BuZhI4h2zEkdVuaAjgr%2ByiYU1MJKRu1UFdVN0lSBU8%2B%2Fw&X-Amz-Algorithm=AWS4-HMAC-SHA256&X-Amz-Date=20260930T191525Z&X-Amz-SignedHeaders=host&X-Amz-Credential=ASIA2QE4OQUWXB2WC5VZ%2F20260930%2Fus-east-2%2Fs3%2Faws4_request&X-Amz-Expires=30&X-Amz-Signature=e63da35d175ab54dbd4a3c80685a6f237e5b62d897d4c17008ba7ad2b36e0c00 788ms (cache miss)
npm http fetch GET 200 https://vltoss.jfrog.io/artifactory/api/npm/benchmark-npm-remote/axobject-query/-/axobject-query-4.1.0.tgz 786ms (cache miss)
npm http fetch GET 200 https://vltoss.jfrog.io/artifactory/api/npm/benchmark-npm-remote/aria-query/-/aria-query-5.3.1.tgz 859ms (cache miss)
npm http fetch GET 200 https://jfrog-prod-use2-shared-ohio-main.s3.amazonaws.com/aol-a0eigilwc24ii/filestore/29/29199518912d79989cfd0460b1c931ff2dc1deb6?response-content-disposition=attachment%3Bfilename%3D%22kit-2.70.3.tgz%22&response-content-type=application%2Fx-gzip&X-Artifactory-username=darcy%40vlt.sh&X-Artifactory-repoType=local&X-Artifactory-repositoryKey=benchmark-npm-remote-cache&X-Artifactory-originPackageType=npm&X-Artifactory-packageType=npm&X-Artifactory-artifactPath=%40sveltejs%2Fkit%2F-%2Fkit-2.70.3.tgz&X-Artifactory-originProjectKey=benchmark&X-Artifactory-projectKey=benchmark&X-Artifactory-originRepoType=remote&X-Artifactory-originRepositoryKey=benchmark-npm-remote&x-jf-traceId=4420fac3114643c4d00209f36e015f81&X-Amz-Security-Token=IQoJb3JpZ2luX2VjEKP%2F%2F%2F%2F%2F%2F%2F%2F%2F%2FwEaCXVzLWVhc3QtMiJHMEUCIQCNM1vyehYeot350c8CmRxyxANvaNL6o%2FiXftrYvN3QywIgJtJnf8Vo3mqOPxnbYHJVntu4EqNd3FL7eos1bvhYpIgqkgUIbBAAGgw3MjE4ODI2MTMwMzciDOIbxNlDwteJv9ALRirvBFhqoH1fB4CeV1H%2FaT8tH%2Fhhvom8QCtzC%2FE0AvYQHFpqf%2BH%2F3xTVGISqSZkk%2BId1FoRcSuovhtFz4ghRZqDWCvDDU6VA5wF%2BanA02u6RiQmBIxm1HzosqOTTNw7oVFrPyx2XOvnqksLRMMOmtWxIjEXCcS1b9ifWcFSRYQ80danrcAqkNkCNW%2FJw0N8co%2FhFHeZPbEVLQI89iaOYuwl091x39JAjglhNjcJkk9MbmeqB8HWamd1RnZ9GhTur%2F1LVll79ah%2BY6lV3oDRtJcptDouKM9k1YKPnIfFNjDu29oUhLKCSWF9eM7hIxA0fucpTwAbc4ARQeusYYpq%2FQpaxRDvmGSBDUJX%2Br9C6UavFnfGv5sKJ2OfdUnPIIdcTemwwLAwtc4HcatwDZEPipLqqGW0nltMEtuiZyQqrPN0ZYHheLld6eIlFHH7s0nP6QYe1jdbqnA0p1R4MKQUKBRt%2FW%2FBnMM%2FVqvglFW8t%2F1aUHuhDU2ULm%2F9p2Kw%2B3q0JKU%2FrONLPzvLcEsAwkN7x81L7qYN5GeZ7Xpq315IpRsqHloLSJAtIhmGcWnk03J%2BvoppO3iWPSSAYBRj1s91hcOKRZTxcDlxGnBEDRkgr8lURS1HCBrAXRUScaSP6gujzwTuNdAnsVmDgowcYsD499zgQvTvZI61j469co13kCwPFv6D6l9oi3P04WhprxV%2FDbab995sy%2F3G4INHiPE6%2BG3HCYOBPBNJSIimqwDvy986amweffu5t9SQTtV2v%2FEvCFhLArnsCIs%2BfbbcqvozPqUMMVaN321MXXx5afWpeYFYnQ4omoul2bc7f8J3FMODLUKirMK6%2B9dUGOpkB6DGxDtYFNfORc5JhXgm9VIJz8Z9T68V0gsInpGx8xgvijGbqRKk5zQknbWkR0OyGmFJWKIjc%2FoISOvsPVxTOXXt00cMbNTFFIrKf3sK1pReGSe336dM9gLM235Wl%2BlyUriPlDgxAh3Uv14sz8wL1nsY3bcBWTxMmaKf%2BwBafuSm366qj7Cg%2FQSgON7OTTMbH2HqlH5Hduc4S&X-Amz-Algorithm=AWS4-HMAC-SHA256&X-Amz-Date=20260930T191525Z&X-Amz-SignedHeaders=host&X-Amz-Credential=ASIA2QE4OQUW27TYEKCH%2F20260930%2Fus-east-2%2Fs3%2Faws4_request&X-Amz-Expires=30&X-Amz-Signature=5044c72303e8f43dd5a0ee346f8c3898b752bfb7591e51dee50ff2c229669b8c 875ms (cache miss)
npm http fetch GET 200 https://jfrog-prod-use2-shared-ohio-main.s3.amazonaws.com/aol-a0eigilwc24ii/filestore/5b/5b4f59e15310ab17a216f5d6cf53ee476ede670f?response-content-disposition=attachment%3Bfilename%3D%22typescript-5.9.3.tgz%22&response-content-type=application%2Fx-gzip&X-Artifactory-username=darcy%40vlt.sh&X-Artifactory-repoType=local&X-Artifactory-repositoryKey=benchmark-npm-remote-cache&X-Artifactory-originPackageType=npm&X-Artifactory-packageType=npm&X-Artifactory-artifactPath=typescript%2F-%2Ftypescript-5.9.3.tgz&X-Artifactory-originProjectKey=benchmark&X-Artifactory-projectKey=benchmark&X-Artifactory-originRepoType=remote&X-Artifactory-originRepositoryKey=benchmark-npm-remote&x-jf-traceId=71acf8acb17291edef6424af85fb15ea&X-Amz-Security-Token=IQoJb3JpZ2luX2VjEKP%2F%2F%2F%2F%2F%2F%2F%2F%2F%2FwEaCXVzLWVhc3QtMiJHMEUCIQCNM1vyehYeot350c8CmRxyxANvaNL6o%2FiXftrYvN3QywIgJtJnf8Vo3mqOPxnbYHJVntu4EqNd3FL7eos1bvhYpIgqkgUIbBAAGgw3MjE4ODI2MTMwMzciDOIbxNlDwteJv9ALRirvBFhqoH1fB4CeV1H%2FaT8tH%2Fhhvom8QCtzC%2FE0AvYQHFpqf%2BH%2F3xTVGISqSZkk%2BId1FoRcSuovhtFz4ghRZqDWCvDDU6VA5wF%2BanA02u6RiQmBIxm1HzosqOTTNw7oVFrPyx2XOvnqksLRMMOmtWxIjEXCcS1b9ifWcFSRYQ80danrcAqkNkCNW%2FJw0N8co%2FhFHeZPbEVLQI89iaOYuwl091x39JAjglhNjcJkk9MbmeqB8HWamd1RnZ9GhTur%2F1LVll79ah%2BY6lV3oDRtJcptDouKM9k1YKPnIfFNjDu29oUhLKCSWF9eM7hIxA0fucpTwAbc4ARQeusYYpq%2FQpaxRDvmGSBDUJX%2Br9C6UavFnfGv5sKJ2OfdUnPIIdcTemwwLAwtc4HcatwDZEPipLqqGW0nltMEtuiZyQqrPN0ZYHheLld6eIlFHH7s0nP6QYe1jdbqnA0p1R4MKQUKBRt%2FW%2FBnMM%2FVqvglFW8t%2F1aUHuhDU2ULm%2F9p2Kw%2B3q0JKU%2FrONLPzvLcEsAwkN7x81L7qYN5GeZ7Xpq315IpRsqHloLSJAtIhmGcWnk03J%2BvoppO3iWPSSAYBRj1s91hcOKRZTxcDlxGnBEDRkgr8lURS1HCBrAXRUScaSP6gujzwTuNdAnsVmDgowcYsD499zgQvTvZI61j469co13kCwPFv6D6l9oi3P04WhprxV%2FDbab995sy%2F3G4INHiPE6%2BG3HCYOBPBNJSIimqwDvy986amweffu5t9SQTtV2v%2FEvCFhLArnsCIs%2BfbbcqvozPqUMMVaN321MXXx5afWpeYFYnQ4omoul2bc7f8J3FMODLUKirMK6%2B9dUGOpkB6DGxDtYFNfORc5JhXgm9VIJz8Z9T68V0gsInpGx8xgvijGbqRKk5zQknbWkR0OyGmFJWKIjc%2FoISOvsPVxTOXXt00cMbNTFFIrKf3sK1pReGSe336dM9gLM235Wl%2BlyUriPlDgxAh3Uv14sz8wL1nsY3bcBWTxMmaKf%2BwBafuSm366qj7Cg%2FQSgON7OTTMbH2HqlH5Hduc4S&X-Amz-Algorithm=AWS4-HMAC-SHA256&X-Amz-Date=20260930T191525Z&X-Amz-SignedHeaders=host&X-Amz-Credential=ASIA2QE4OQUW27TYEKCH%2F20260930%2Fus-east-2%2Fs3%2Faws4_request&X-Amz-Expires=30&X-Amz-Signature=b76f80421ce1e399118c22c3836818da43be0dd70076c6acdd74cbb84cb5b756 918ms (cache miss)
npm http fetch GET 200 https://jfrog-prod-use2-shared-ohio-main.s3.amazonaws.com/aol-a0eigilwc24ii/filestore/57/57f287fa7872652ae762dba70599d662a549af15?response-content-disposition=attachment%3Bfilename%3D%22svelte-5.57.1.tgz%22&response-content-type=application%2Fx-gzip&X-Artifactory-username=darcy%40vlt.sh&X-Artifactory-repoType=local&X-Artifactory-repositoryKey=benchmark-npm-remote-cache&X-Artifactory-originPackageType=npm&X-Artifactory-packageType=npm&X-Artifactory-artifactPath=svelte%2F-%2Fsvelte-5.57.1.tgz&X-Artifactory-originProjectKey=benchmark&X-Artifactory-projectKey=benchmark&X-Artifactory-originRepoType=remote&X-Artifactory-originRepositoryKey=benchmark-npm-remote&x-jf-traceId=71da03e174972872360275c77097de2f&X-Amz-Security-Token=IQoJb3JpZ2luX2VjEKP%2F%2F%2F%2F%2F%2F%2F%2F%2F%2FwEaCXVzLWVhc3QtMiJHMEUCIQCBoK7bgc7j81AX1DGul8TMqsRtZ%2FPuh5Zl1%2FyJ%2BTueZgIgDeVqlSqVpl2pY8bbhMqDzIsNn4Nr97JIJy8RGv%2FZS0oqkgUIbBAAGgw3MjE4ODI2MTMwMzciDAK7ocyLKr0azMbB0irvBCo6QmYeBxece4IgEoTe7Kczs%2Fc1sbskidH1A87%2Fq%2BEO44m8QDToXbX5o9K6slbJ3dC%2F5DNuU2Fv0gnvGMbKOIWG5Zqh%2B9ElQ0LCmZ8AiLKqJbO%2F1Kzi871D6QlEVtoWZU7Lch1SpURouqTcRj1I43pWhjAChm7NTW6sxUIc%2FJ5eq8NkD7UuBYQ2Hk0LDKhkpTX7EALKgOtWObIvgRmHYXv4LWqZa%2B74Uy9Qy%2B%2FQE4mfAL%2BQALnjTgnyGoX%2BQzWOKbvaaQDl0iCU9bg71Sy5RRiF%2FzQ7qnb4axCUTVYDMgu3pzFmpFelinzVR3nIIhqJ0tUl3Ah0ItM4p78UqNC81EXLqcIuBd9v%2BL0qZnjnBkG1vxTvs8xFQEh%2FWZrELS3pcecOwRqyj61Rte2bvIEi7e44XLed1Ebg3UgjmzOpN20I4q1mQXG0lWy8MF75Rri5j99t%2BHab%2Bso1wC0awoI81%2FehzJjIcs7t0dqIuhOmnzIdsn0sYwSF48iZXKtOmOVRByqWHgNGAITRXlPLuR7ZCC9dsxbOs0ULX08Kkc1XbkGomDcdHOf2EZ4R7q8iDnjawU0l2zEpL%2Fz%2FSrUHU33VcQtWDLWe%2BMPa1tAyT0EqBwdguO04gXT0FTwHf9R%2FpwYm7%2BbbpK97vyhiGc0Znr%2BCHoRL0fuBe6wBLHRovB2j4Oe2Cp7kLeahoJtkkPdjXtch5opVKwRsfp5H5JpdsshaNc9HE1H0%2Btxs1rotgGfM3Ryetnc%2B9G7MBuvB4qBuUtETxAqRr1YY6tQTbOl%2BrlJ5ZEefbB8FqgF51eyx2EeoOUi59KGpVT9o%2FcrfxxUbWs9SMNOy9dUGOpkBz6g7JM6nnAx8CAX%2Fg7R8MiDAgPm9o6vl%2FhPQzUz8Ip5%2BjYYJvFbpoWmkxtP5%2Bw5itiOuNC6fCLNffE945pcf7FaSW3vLCO4V0rzZSvVN6cR%2BLrANFEPnFZGLC5ITePPRCnGRecZDLnrQmCOFdcdeqjROd%2FgtnzQ%2BuZhI4h2zEkdVuaAjgr%2ByiYU1MJKRu1UFdVN0lSBU8%2B%2Fw&X-Amz-Algorithm=AWS4-HMAC-SHA256&X-Amz-Date=20260930T191525Z&X-Amz-SignedHeaders=host&X-Amz-Credential=ASIA2QE4OQUWXB2WC5VZ%2F20260930%2Fus-east-2%2Fs3%2Faws4_request&X-Amz-Expires=30&X-Amz-Signature=efe459f84d65f5bffa196e13fc5c975cf66921b1507e3859b46bd09c07b74f6e 995ms (cache miss)

added 58 packages in 7s
