npm http fetch GET 200 https://registry.npmjs.org/totalist/-/totalist-3.0.1.tgz 334ms (cache miss)
npm http fetch GET 200 https://registry.npmjs.org/zimmerframe/-/zimmerframe-1.1.5.tgz 348ms (cache miss)
npm http fetch GET 200 https://registry.npmjs.org/ms/-/ms-2.1.3.tgz 340ms (cache miss)
npm http fetch GET 200 https://registry.npmjs.org/picocolors/-/picocolors-1.1.1.tgz 341ms (cache miss)
npm http fetch GET 200 https://registry.npmjs.org/sirv/-/sirv-3.0.2.tgz 347ms (cache miss)
npm http fetch GET 200 https://registry.npmjs.org/locate-character/-/locate-character-3.0.0.tgz 345ms (cache miss)
npm http fetch GET 200 https://registry.npmjs.org/mri/-/mri-1.2.0.tgz 348ms (cache miss)
npm http fetch GET 200 https://registry.npmjs.org/is-reference/-/is-reference-3.0.3.tgz 347ms (cache miss)
npm http fetch GET 200 https://registry.npmjs.org/mrmime/-/mrmime-2.0.1.tgz 357ms (cache miss)
npm http fetch GET 200 https://registry.npmjs.org/esm-env/-/esm-env-1.2.2.tgz 356ms (cache miss)
npm http fetch GET 200 https://registry.npmjs.org/kleur/-/kleur-4.1.5.tgz 361ms (cache miss)
npm http fetch GET 200 https://registry.npmjs.org/readdirp/-/readdirp-4.1.2.tgz 366ms (cache miss)
npm http fetch GET 200 https://registry.npmjs.org/sade/-/sade-1.8.1.tgz 372ms (cache miss)
npm http fetch GET 200 https://registry.npmjs.org/set-cookie-parser/-/set-cookie-parser-3.1.2.tgz 372ms (cache miss)
npm http fetch GET 200 https://registry.npmjs.org/clsx/-/clsx-2.1.1.tgz 368ms (cache miss)
npm http fetch GET 200 https://registry.npmjs.org/tinyglobby/-/tinyglobby-0.2.17.tgz 378ms (cache miss)
npm http fetch GET 200 https://registry.npmjs.org/fdir/-/fdir-6.5.0.tgz 373ms (cache miss)
npm http fetch GET 200 https://registry.npmjs.org/vitefu/-/vitefu-1.1.3.tgz 379ms (cache miss)
npm http fetch GET 200 https://registry.npmjs.org/deepmerge/-/deepmerge-4.3.1.tgz 379ms (cache miss)
npm http fetch GET 200 https://registry.npmjs.org/@types/cookie/-/cookie-0.6.0.tgz 377ms (cache miss)
npm http fetch GET 200 https://registry.npmjs.org/@sveltejs/adapter-auto/-/adapter-auto-3.3.1.tgz 377ms (cache miss)
npm http fetch GET 200 https://registry.npmjs.org/@types/estree/-/estree-1.0.9.tgz 382ms (cache miss)
npm http fetch GET 200 https://registry.npmjs.org/@polka/url/-/url-1.0.0-next.29.tgz 380ms (cache miss)
npm http fetch GET 200 https://registry.npmjs.org/@standard-schema/spec/-/spec-1.1.0.tgz 381ms (cache miss)
npm http fetch GET 200 https://registry.npmjs.org/@neoconfetti/svelte/-/svelte-2.2.2.tgz 382ms (cache miss)
npm http fetch GET 200 https://registry.npmjs.org/cookie/-/cookie-0.6.0.tgz 390ms (cache miss)
npm http fetch GET 200 https://registry.npmjs.org/@sveltejs/load-config/-/load-config-0.2.3.tgz 389ms (cache miss)
npm http fetch GET 200 https://registry.npmjs.org/picomatch/-/picomatch-4.0.7.tgz 420ms (cache miss)
npm http fetch GET 200 https://registry.npmjs.org/chokidar/-/chokidar-4.0.3.tgz 417ms (cache miss)
npm http fetch GET 200 https://registry.npmjs.org/@sveltejs/acorn-typescript/-/acorn-typescript-1.0.13.tgz 419ms (cache miss)
npm http fetch GET 200 https://registry.npmjs.org/@jridgewell/resolve-uri/-/resolve-uri-3.1.2.tgz 418ms (cache miss)
npm http fetch GET 200 https://registry.npmjs.org/debug/-/debug-4.4.3.tgz 428ms (cache miss)
npm http fetch GET 200 https://registry.npmjs.org/esbuild/-/esbuild-0.25.12.tgz 431ms (cache miss)
npm http fetch GET 200 https://registry.npmjs.org/nanoid/-/nanoid-3.3.18.tgz 442ms (cache miss)
npm http fetch GET 200 https://registry.npmjs.org/@sveltejs/vite-plugin-svelte-inspector/-/vite-plugin-svelte-inspector-4.0.1.tgz 445ms (cache miss)
npm http fetch GET 200 https://registry.npmjs.org/import-meta-resolve/-/import-meta-resolve-4.2.0.tgz 452ms (cache miss)
npm http fetch GET 200 https://registry.npmjs.org/esrap/-/esrap-2.3.7.tgz 463ms (cache miss)
npm http fetch GET 200 https://registry.npmjs.org/source-map-js/-/source-map-js-1.2.1.tgz 474ms (cache miss)
npm http fetch GET 200 https://registry.npmjs.org/devalue/-/devalue-5.9.2.tgz 482ms (cache miss)
npm http fetch GET 200 https://registry.npmjs.org/magic-string/-/magic-string-0.30.21.tgz 485ms (cache miss)
npm http fetch GET 200 https://registry.npmjs.org/acorn/-/acorn-8.18.0.tgz 520ms (cache miss)
npm http fetch GET 200 https://registry.npmjs.org/@jridgewell/sourcemap-codec/-/sourcemap-codec-1.6.0.tgz 520ms (cache miss)
npm http fetch GET 200 https://registry.npmjs.org/@jridgewell/gen-mapping/-/gen-mapping-0.3.13.tgz 526ms (cache miss)
npm http fetch GET 200 https://registry.npmjs.org/@jridgewell/remapping/-/remapping-2.3.5.tgz 530ms (cache miss)
npm http fetch GET 200 https://registry.npmjs.org/@rollup/rollup-linux-arm64-gnu/-/rollup-linux-arm64-gnu-4.63.1.tgz 577ms (cache miss)
npm http fetch GET 200 https://registry.npmjs.org/@sveltejs/vite-plugin-svelte/-/vite-plugin-svelte-5.1.1.tgz 579ms (cache miss)
npm http fetch GET 200 https://registry.npmjs.org/@jridgewell/trace-mapping/-/trace-mapping-0.3.31.tgz 581ms (cache miss)
npm http fetch GET 200 https://registry.npmjs.org/postcss/-/postcss-8.5.28.tgz 598ms (cache miss)
npm http fetch GET 200 https://registry.npmjs.org/@fontsource/fira-mono/-/fira-mono-5.3.0.tgz 624ms (cache miss)
npm http fetch GET 200 https://registry.npmjs.org/rollup/-/rollup-4.63.1.tgz 665ms (cache miss)
npm http fetch GET 200 https://registry.npmjs.org/vite/-/vite-6.4.3.tgz 671ms (cache miss)
npm http fetch GET 200 https://registry.npmjs.org/svelte-check/-/svelte-check-4.7.6.tgz 691ms (cache miss)
npm http fetch GET 200 https://registry.npmjs.org/@esbuild/linux-arm64/-/linux-arm64-0.25.12.tgz 748ms (cache miss)
npm http fetch GET 200 https://registry.npmjs.org/axobject-query/-/axobject-query-4.1.0.tgz 777ms (cache miss)
npm http fetch GET 200 https://registry.npmjs.org/aria-query/-/aria-query-5.3.1.tgz 837ms (cache miss)
npm http fetch GET 200 https://registry.npmjs.org/@sveltejs/kit/-/kit-2.70.3.tgz 856ms (cache miss)
npm http fetch GET 200 https://registry.npmjs.org/typescript/-/typescript-5.9.3.tgz 901ms (cache miss)
npm http fetch GET 200 https://registry.npmjs.org/svelte/-/svelte-5.57.0.tgz 985ms (cache miss)

added 58 packages in 1s
