npm http fetch GET 200 https://registry.npmjs.org/totalist/-/totalist-3.0.1.tgz 283ms (cache miss)
npm http fetch GET 200 https://registry.npmjs.org/picocolors/-/picocolors-1.1.1.tgz 286ms (cache miss)
npm http fetch GET 200 https://registry.npmjs.org/ms/-/ms-2.1.3.tgz 297ms (cache miss)
npm http fetch GET 200 https://registry.npmjs.org/sirv/-/sirv-3.0.2.tgz 309ms (cache miss)
npm http fetch GET 200 https://registry.npmjs.org/locate-character/-/locate-character-3.0.0.tgz 306ms (cache miss)
npm http fetch GET 200 https://registry.npmjs.org/is-reference/-/is-reference-3.0.3.tgz 306ms (cache miss)
npm http fetch GET 200 https://registry.npmjs.org/mrmime/-/mrmime-2.0.1.tgz 321ms (cache miss)
npm http fetch GET 200 https://registry.npmjs.org/mri/-/mri-1.2.0.tgz 320ms (cache miss)
npm http fetch GET 200 https://registry.npmjs.org/tinyglobby/-/tinyglobby-0.2.17.tgz 332ms (cache miss)
npm http fetch GET 200 https://registry.npmjs.org/zimmerframe/-/zimmerframe-1.1.4.tgz 336ms (cache miss)
npm http fetch GET 200 https://registry.npmjs.org/esm-env/-/esm-env-1.2.2.tgz 331ms (cache miss)
npm http fetch GET 200 https://registry.npmjs.org/sade/-/sade-1.8.1.tgz 338ms (cache miss)
npm http fetch GET 200 https://registry.npmjs.org/clsx/-/clsx-2.1.1.tgz 334ms (cache miss)
npm http fetch GET 200 https://registry.npmjs.org/readdirp/-/readdirp-4.1.2.tgz 343ms (cache miss)
npm http fetch GET 200 https://registry.npmjs.org/cookie/-/cookie-0.6.0.tgz 339ms (cache miss)
npm http fetch GET 200 https://registry.npmjs.org/kleur/-/kleur-4.1.5.tgz 345ms (cache miss)
npm http fetch GET 200 https://registry.npmjs.org/@types/trusted-types/-/trusted-types-2.0.7.tgz 341ms (cache miss)
npm http fetch GET 200 https://registry.npmjs.org/set-cookie-parser/-/set-cookie-parser-3.1.0.tgz 352ms (cache miss)
npm http fetch GET 200 https://registry.npmjs.org/@types/estree/-/estree-1.0.9.tgz 352ms (cache miss)
npm http fetch GET 200 https://registry.npmjs.org/@types/cookie/-/cookie-0.6.0.tgz 353ms (cache miss)
npm http fetch GET 200 https://registry.npmjs.org/vitefu/-/vitefu-1.1.3.tgz 366ms (cache miss)
npm http fetch GET 200 https://registry.npmjs.org/deepmerge/-/deepmerge-4.3.1.tgz 362ms (cache miss)
npm http fetch GET 200 https://registry.npmjs.org/@sveltejs/load-config/-/load-config-0.1.1.tgz 359ms (cache miss)
npm http fetch GET 200 https://registry.npmjs.org/@sveltejs/adapter-auto/-/adapter-auto-3.3.1.tgz 359ms (cache miss)
npm http fetch GET 200 https://registry.npmjs.org/fdir/-/fdir-6.5.0.tgz 373ms (cache miss)
npm http fetch GET 200 https://registry.npmjs.org/@standard-schema/spec/-/spec-1.1.0.tgz 371ms (cache miss)
npm http fetch GET 200 https://registry.npmjs.org/@polka/url/-/url-1.0.0-next.29.tgz 377ms (cache miss)
npm http fetch GET 200 https://registry.npmjs.org/@jridgewell/resolve-uri/-/resolve-uri-3.1.2.tgz 383ms (cache miss)
npm http fetch GET 200 https://registry.npmjs.org/@neoconfetti/svelte/-/svelte-2.2.2.tgz 386ms (cache miss)
npm http fetch GET 200 https://registry.npmjs.org/esbuild/-/esbuild-0.25.12.tgz 402ms (cache miss)
npm http fetch GET 200 https://registry.npmjs.org/debug/-/debug-4.4.3.tgz 409ms (cache miss)
npm http fetch GET 200 https://registry.npmjs.org/picomatch/-/picomatch-4.0.4.tgz 421ms (cache miss)
npm http fetch GET 200 https://registry.npmjs.org/nanoid/-/nanoid-3.3.12.tgz 429ms (cache miss)
npm http fetch GET 200 https://registry.npmjs.org/devalue/-/devalue-5.8.1.tgz 430ms (cache miss)
npm http fetch GET 200 https://registry.npmjs.org/@sveltejs/acorn-typescript/-/acorn-typescript-1.0.10.tgz 425ms (cache miss)
npm http fetch GET 200 https://registry.npmjs.org/@sveltejs/vite-plugin-svelte-inspector/-/vite-plugin-svelte-inspector-4.0.1.tgz 437ms (cache miss)
npm http fetch GET 200 https://registry.npmjs.org/chokidar/-/chokidar-4.0.3.tgz 445ms (cache miss)
npm http fetch GET 200 https://registry.npmjs.org/import-meta-resolve/-/import-meta-resolve-4.2.0.tgz 450ms (cache miss)
npm http fetch GET 200 https://registry.npmjs.org/esrap/-/esrap-2.2.11.tgz 456ms (cache miss)
npm http fetch GET 200 https://registry.npmjs.org/source-map-js/-/source-map-js-1.2.1.tgz 469ms (cache miss)
npm http fetch GET 200 https://registry.npmjs.org/magic-string/-/magic-string-0.30.21.tgz 478ms (cache miss)
npm http fetch GET 200 https://registry.npmjs.org/acorn/-/acorn-8.17.0.tgz 477ms (cache miss)
npm http fetch GET 200 https://registry.npmjs.org/@jridgewell/sourcemap-codec/-/sourcemap-codec-1.5.5.tgz 484ms (cache miss)
npm http fetch GET 200 https://registry.npmjs.org/@jridgewell/remapping/-/remapping-2.3.5.tgz 501ms (cache miss)
npm http fetch GET 200 https://registry.npmjs.org/@jridgewell/gen-mapping/-/gen-mapping-0.3.13.tgz 512ms (cache miss)
npm http fetch GET 200 https://registry.npmjs.org/@sveltejs/vite-plugin-svelte/-/vite-plugin-svelte-5.1.1.tgz 553ms (cache miss)
npm http fetch GET 200 https://registry.npmjs.org/@rollup/rollup-linux-arm64-gnu/-/rollup-linux-arm64-gnu-4.61.1.tgz 564ms (cache miss)
npm http fetch GET 200 https://registry.npmjs.org/postcss/-/postcss-8.5.15.tgz 580ms (cache miss)
npm http fetch GET 200 https://registry.npmjs.org/@jridgewell/trace-mapping/-/trace-mapping-0.3.31.tgz 571ms (cache miss)
npm http fetch GET 200 https://registry.npmjs.org/@fontsource/fira-mono/-/fira-mono-5.2.7.tgz 598ms (cache miss)
npm http fetch GET 200 https://registry.npmjs.org/rollup/-/rollup-4.61.1.tgz 625ms (cache miss)
npm http fetch GET 200 https://registry.npmjs.org/vite/-/vite-6.4.3.tgz 642ms (cache miss)
npm http fetch GET 200 https://registry.npmjs.org/svelte-check/-/svelte-check-4.6.0.tgz 667ms (cache miss)
npm http fetch GET 200 https://registry.npmjs.org/@esbuild/linux-arm64/-/linux-arm64-0.25.12.tgz 1027ms (cache miss)
npm http fetch GET 200 https://registry.npmjs.org/axobject-query/-/axobject-query-4.1.0.tgz 1059ms (cache miss)
npm http fetch GET 200 https://registry.npmjs.org/aria-query/-/aria-query-5.3.1.tgz 1112ms (cache miss)
npm http fetch GET 200 https://registry.npmjs.org/@sveltejs/kit/-/kit-2.65.0.tgz 1130ms (cache miss)
npm http fetch GET 200 https://registry.npmjs.org/typescript/-/typescript-5.9.3.tgz 1178ms (cache miss)
npm http fetch GET 200 https://registry.npmjs.org/svelte/-/svelte-5.56.3.tgz 1254ms (cache miss)

added 59 packages in 2s
