npm http fetch GET 200 https://registry.vlt.io/vlt/npm/@fontsource%2ffira-mono 89ms (cache miss)
npm http fetch GET 200 https://registry.vlt.io/vlt/npm/@neoconfetti%2fsvelte 56ms (cache miss)
npm http fetch GET 200 https://registry.vlt.io/vlt/npm/svelte 62ms (cache miss)
npm http fetch GET 200 https://registry.vlt.io/vlt/npm/@sveltejs%2fadapter-auto 64ms (cache miss)
npm http fetch GET 200 https://registry.vlt.io/vlt/npm/@sveltejs%2fkit 61ms (cache miss)
npm http fetch GET 200 https://registry.vlt.io/vlt/npm/@opentelemetry%2fapi 50ms (cache miss)
npm http fetch GET 200 https://registry.vlt.io/vlt/npm/@sveltejs%2fvite-plugin-svelte 53ms (cache miss)
npm http fetch GET 200 https://registry.vlt.io/vlt/npm/vite 61ms (cache miss)
npm http fetch GET 200 https://registry.vlt.io/vlt/npm/@types%2fnode 58ms (cache miss)
npm http fetch GET 200 https://registry.vlt.io/vlt/npm/jiti 51ms (cache miss)
npm http fetch GET 200 https://registry.vlt.io/vlt/npm/less 58ms (cache miss)
npm http fetch GET 200 https://registry.vlt.io/vlt/npm/lightningcss 46ms (cache miss)
npm http fetch GET 200 https://registry.vlt.io/vlt/npm/sass 56ms (cache miss)
npm http fetch GET 200 https://registry.vlt.io/vlt/npm/sass-embedded 47ms (cache miss)
npm http fetch GET 200 https://registry.vlt.io/vlt/npm/stylus 50ms (cache miss)
npm http fetch GET 200 https://registry.vlt.io/vlt/npm/sugarss 49ms (cache miss)
npm http fetch GET 200 https://registry.vlt.io/vlt/npm/postcss 46ms (cache miss)
npm http fetch GET 200 https://registry.vlt.io/vlt/npm/terser 54ms (cache miss)
npm http fetch GET 200 https://registry.vlt.io/vlt/npm/tsx 43ms (cache miss)
npm http fetch GET 200 https://registry.vlt.io/vlt/npm/yaml 51ms (cache miss)
npm http fetch GET 200 https://registry.vlt.io/vlt/npm/typescript 90ms (cache miss)
npm http fetch GET 200 https://registry.vlt.io/vlt/npm/svelte-check 49ms (cache miss)
npm http fetch GET 200 https://registry.vlt.io/vlt/npm/clsx 45ms (cache miss)
npm http fetch GET 200 https://registry.vlt.io/vlt/npm/acorn 72ms (cache miss)
npm http fetch GET 200 https://registry.vlt.io/vlt/npm/esrap 76ms (cache miss)
npm http fetch GET 200 https://registry.vlt.io/vlt/npm/aria-query 47ms (cache miss)
npm http fetch GET 200 https://registry.vlt.io/vlt/npm/esm-env 63ms (cache miss)
npm http fetch GET 200 https://registry.vlt.io/vlt/npm/zimmerframe 55ms (cache miss)
npm http fetch GET 200 https://registry.vlt.io/vlt/npm/is-reference 54ms (cache miss)
npm http fetch GET 200 https://registry.vlt.io/vlt/npm/devalue 185ms (cache miss)
npm http fetch GET 200 https://registry.vlt.io/vlt/npm/magic-string 52ms (cache miss)
npm http fetch GET 200 https://registry.vlt.io/vlt/npm/@types%2festree 50ms (cache miss)
npm http fetch GET 200 https://registry.vlt.io/vlt/npm/axobject-query 51ms (cache miss)
npm http fetch GET 200 https://registry.vlt.io/vlt/npm/@types%2ftrusted-types 51ms (cache miss)
npm http fetch GET 200 https://registry.vlt.io/vlt/npm/locate-character 96ms (cache miss)
npm http fetch GET 200 https://registry.vlt.io/vlt/npm/@jridgewell%2fremapping 65ms (cache miss)
npm http fetch GET 200 https://registry.vlt.io/vlt/npm/@sveltejs%2facorn-typescript 58ms (cache miss)
npm http fetch GET 200 https://registry.vlt.io/vlt/npm/@jridgewell%2fsourcemap-codec 60ms (cache miss)
npm http fetch GET 200 https://registry.vlt.io/vlt/npm/import-meta-resolve 48ms (cache miss)
npm http fetch GET 200 https://registry.vlt.io/vlt/npm/sirv 83ms (cache miss)
npm http fetch GET 200 https://registry.vlt.io/vlt/npm/acorn 63ms (cache revalidated)
npm http fetch GET 200 https://registry.vlt.io/vlt/npm/kleur 59ms (cache miss)
npm http fetch GET 200 https://registry.vlt.io/vlt/npm/cookie 54ms (cache miss)
npm http fetch GET 200 https://registry.vlt.io/vlt/npm/esm-env 53ms (cache revalidated)
npm http fetch GET 200 https://registry.vlt.io/vlt/npm/mrmime 61ms (cache miss)
npm http fetch GET 200 https://registry.vlt.io/vlt/npm/magic-string 59ms (cache revalidated)
npm http fetch GET 200 https://registry.vlt.io/vlt/npm/@types%2fcookie 50ms (cache miss)
npm http fetch GET 200 https://registry.vlt.io/vlt/npm/set-cookie-parser 48ms (cache miss)
npm http fetch GET 200 https://registry.vlt.io/vlt/npm/@standard-schema%2fspec 52ms (cache miss)
npm http fetch GET 200 https://registry.vlt.io/vlt/npm/vitefu 51ms (cache miss)
npm http fetch GET 200 https://registry.vlt.io/vlt/npm/debug 56ms (cache miss)
npm http fetch GET 200 https://registry.vlt.io/vlt/npm/@sveltejs%2fvite-plugin-svelte-inspector 48ms (cache miss)
npm http fetch GET 200 https://registry.vlt.io/vlt/npm/deepmerge 65ms (cache miss)
npm http fetch GET 200 https://registry.vlt.io/vlt/npm/fdir 54ms (cache miss)
npm http fetch GET 200 https://registry.vlt.io/vlt/npm/postcss 55ms (cache revalidated)
npm http fetch GET 200 https://registry.vlt.io/vlt/npm/esbuild 68ms (cache miss)
npm http fetch GET 200 https://registry.vlt.io/vlt/npm/rollup 96ms (cache miss)
npm http fetch GET 200 https://registry.vlt.io/vlt/npm/picomatch 58ms (cache miss)
npm http fetch GET 200 https://registry.vlt.io/vlt/npm/tinyglobby 56ms (cache miss)
npm http fetch GET 200 https://registry.vlt.io/vlt/npm/fdir 48ms (cache revalidated)
npm http fetch GET 200 https://registry.vlt.io/vlt/npm/sade 70ms (cache miss)
npm http fetch GET 200 https://registry.vlt.io/vlt/npm/fsevents 99ms (cache miss)
npm http fetch GET 200 https://registry.vlt.io/vlt/npm/chokidar 61ms (cache miss)
npm http fetch GET 200 https://registry.vlt.io/vlt/npm/picocolors 53ms (cache miss)
npm http fetch GET 200 https://registry.vlt.io/vlt/npm/@jridgewell%2ftrace-mapping 50ms (cache miss)
npm http fetch GET 200 https://registry.vlt.io/vlt/npm/@polka%2furl 46ms (cache miss)
npm http fetch GET 200 https://registry.vlt.io/vlt/npm/@jridgewell%2fsourcemap-codec 48ms (cache revalidated)
npm http fetch GET 200 https://registry.vlt.io/vlt/npm/totalist 48ms (cache miss)
npm http fetch GET 200 https://registry.vlt.io/vlt/npm/debug 59ms (cache revalidated)
npm http fetch GET 200 https://registry.vlt.io/vlt/npm/ms 63ms (cache miss)
npm http fetch GET 200 https://registry.vlt.io/vlt/npm/@typescript-eslint%2ftypes 83ms (cache miss)
npm http fetch GET 200 https://registry.vlt.io/vlt/npm/@jridgewell%2fgen-mapping 52ms (cache miss)
npm http fetch GET 200 https://registry.vlt.io/vlt/npm/@jridgewell%2ftrace-mapping 60ms (cache revalidated)
npm http fetch GET 200 https://registry.vlt.io/vlt/npm/@jridgewell%2fresolve-uri 49ms (cache miss)
npm http fetch GET 200 https://registry.vlt.io/vlt/npm/picomatch 87ms (cache revalidated)
npm http fetch GET 200 https://registry.vlt.io/vlt/npm/mri 46ms (cache miss)
npm http fetch GET 200 https://registry.vlt.io/vlt/npm/readdirp 66ms (cache miss)
npm http fetch GET 200 https://registry.vlt.io/vlt/npm/@esbuild%2flinux-x64 58ms (cache miss)
npm http fetch GET 200 https://registry.vlt.io/vlt/npm/@esbuild%2faix-ppc64 60ms (cache miss)
npm http fetch GET 200 https://registry.vlt.io/vlt/npm/@esbuild%2flinux-arm 61ms (cache miss)
npm http fetch GET 200 https://registry.vlt.io/vlt/npm/@esbuild%2fdarwin-x64 56ms (cache miss)
npm http fetch GET 200 https://registry.vlt.io/vlt/npm/@esbuild%2fsunos-x64 61ms (cache miss)
npm http fetch GET 200 https://registry.vlt.io/vlt/npm/@esbuild%2fnetbsd-x64 48ms (cache miss)
npm http fetch GET 200 https://registry.vlt.io/vlt/npm/@esbuild%2flinux-ia32 53ms (cache miss)
npm http fetch GET 200 https://registry.vlt.io/vlt/npm/@esbuild%2fwin32-x64 154ms (cache miss)
npm http fetch GET 200 https://registry.vlt.io/vlt/npm/@esbuild%2fandroid-arm 52ms (cache miss)
npm http fetch GET 200 https://registry.vlt.io/vlt/npm/@esbuild%2fwin32-ia32 57ms (cache miss)
npm http fetch GET 200 https://registry.vlt.io/vlt/npm/@esbuild%2fandroid-x64 48ms (cache miss)
npm http fetch GET 200 https://registry.vlt.io/vlt/npm/@esbuild%2ffreebsd-x64 49ms (cache miss)
npm http fetch GET 200 https://registry.vlt.io/vlt/npm/@esbuild%2flinux-arm64 53ms (cache miss)
npm http fetch GET 200 https://registry.vlt.io/vlt/npm/@esbuild%2flinux-ppc64 56ms (cache miss)
npm http fetch GET 200 https://registry.vlt.io/vlt/npm/@esbuild%2flinux-s390x 53ms (cache miss)
npm http fetch GET 200 https://registry.vlt.io/vlt/npm/@esbuild%2fopenbsd-x64 52ms (cache miss)
npm http fetch GET 200 https://registry.vlt.io/vlt/npm/@esbuild%2fwin32-arm64 58ms (cache miss)
npm http fetch GET 200 https://registry.vlt.io/vlt/npm/@esbuild%2fdarwin-arm64 59ms (cache miss)
npm http fetch GET 200 https://registry.vlt.io/vlt/npm/@esbuild%2fnetbsd-arm64 63ms (cache miss)
npm http fetch GET 200 https://registry.vlt.io/vlt/npm/@esbuild%2ffreebsd-arm64 47ms (cache miss)
npm http fetch GET 200 https://registry.vlt.io/vlt/npm/@esbuild%2fandroid-arm64 63ms (cache miss)
npm http fetch GET 200 https://registry.vlt.io/vlt/npm/@esbuild%2flinux-loong64 53ms (cache miss)
npm http fetch GET 200 https://registry.vlt.io/vlt/npm/@esbuild%2flinux-riscv64 55ms (cache miss)
npm http fetch GET 200 https://registry.vlt.io/vlt/npm/@esbuild%2fopenbsd-arm64 52ms (cache miss)
npm http fetch GET 200 https://registry.vlt.io/vlt/npm/@esbuild%2flinux-mips64el 61ms (cache miss)
npm http fetch GET 200 https://registry.vlt.io/vlt/npm/@esbuild%2fopenharmony-arm64 47ms (cache miss)
npm http fetch GET 200 https://registry.vlt.io/vlt/npm/nanoid 54ms (cache miss)
npm http fetch GET 200 https://registry.vlt.io/vlt/npm/source-map-js 67ms (cache miss)
npm http fetch GET 200 https://registry.vlt.io/vlt/npm/@rollup%2frollup-darwin-x64 62ms (cache miss)
npm http fetch GET 200 https://registry.vlt.io/vlt/npm/@rollup%2frollup-freebsd-x64 63ms (cache miss)
npm http fetch GET 200 https://registry.vlt.io/vlt/npm/@rollup%2frollup-openbsd-x64 48ms (cache miss)
npm http fetch GET 200 https://registry.vlt.io/vlt/npm/@rollup%2frollup-darwin-arm64 44ms (cache miss)
npm http fetch GET 200 https://registry.vlt.io/vlt/npm/@rollup%2frollup-android-arm64 61ms (cache miss)
npm http fetch GET 200 https://registry.vlt.io/vlt/npm/@rollup%2frollup-freebsd-arm64 56ms (cache miss)
npm http fetch GET 200 https://registry.vlt.io/vlt/npm/@rollup%2frollup-linux-x64-gnu 52ms (cache miss)
npm http fetch GET 200 https://registry.vlt.io/vlt/npm/@rollup%2frollup-linux-x64-musl 64ms (cache miss)
npm http fetch GET 200 https://registry.vlt.io/vlt/npm/@rollup%2frollup-win32-x64-gnu 86ms (cache miss)
npm http fetch GET 200 https://registry.vlt.io/vlt/npm/@rollup%2frollup-win32-x64-msvc 86ms (cache miss)
npm http fetch GET 200 https://registry.vlt.io/vlt/npm/@rollup%2frollup-linux-arm64-gnu 199ms (cache miss)
npm http fetch GET 200 https://registry.vlt.io/vlt/npm/@rollup%2frollup-linux-ppc64-gnu 200ms (cache miss)
npm http fetch GET 200 https://registry.vlt.io/vlt/npm/@rollup%2frollup-linux-s390x-gnu 195ms (cache miss)
npm http fetch GET 200 https://registry.vlt.io/vlt/npm/@rollup%2frollup-win32-ia32-msvc 109ms (cache miss)
npm http fetch GET 200 https://registry.vlt.io/vlt/npm/@rollup%2frollup-android-arm-eabi 111ms (cache miss)
npm http fetch GET 200 https://registry.vlt.io/vlt/npm/@rollup%2frollup-linux-arm64-musl 93ms (cache miss)
npm http fetch GET 200 https://registry.vlt.io/vlt/npm/@rollup%2frollup-linux-ppc64-musl 48ms (cache miss)
npm http fetch GET 200 https://registry.vlt.io/vlt/npm/@rollup%2frollup-linux-loong64-gnu 61ms (cache miss)
npm http fetch GET 200 https://registry.vlt.io/vlt/npm/@rollup%2frollup-win32-arm64-msvc 64ms (cache miss)
npm http fetch GET 200 https://registry.vlt.io/vlt/npm/@rollup%2frollup-linux-riscv64-gnu 54ms (cache miss)
npm http fetch GET 200 https://registry.vlt.io/vlt/npm/@rollup%2frollup-openharmony-arm64 66ms (cache miss)
npm http fetch GET 200 https://registry.vlt.io/vlt/npm/@rollup%2frollup-linux-riscv64-musl 53ms (cache miss)
npm http fetch GET 200 https://registry.vlt.io/vlt/npm/@rollup%2frollup-linux-loong64-musl 82ms (cache miss)
npm http fetch GET 200 https://registry.vlt.io/vlt/npm/@rollup%2frollup-linux-arm-gnueabihf 56ms (cache miss)
npm http fetch GET 200 https://registry.vlt.io/vlt/npm/@rollup%2frollup-linux-arm-musleabihf 54ms (cache miss)
npm http fetch GET 403 https://registry.vlt.io/vlt/npm/source-map-js/-/source-map-js-1.2.1.tgz 91ms (cache skip)
npm http fetch GET 403 https://registry.vlt.io/vlt/npm/nanoid/-/nanoid-3.3.12.tgz 103ms (cache skip)
npm http fetch GET 403 https://registry.vlt.io/vlt/npm/@rollup/rollup-linux-arm64-gnu/-/rollup-linux-arm64-gnu-4.60.3.tgz 119ms (cache skip)
npm http fetch GET 403 https://registry.vlt.io/vlt/npm/tinyglobby/-/tinyglobby-0.2.16.tgz 151ms (cache skip)
npm http fetch GET 403 https://registry.vlt.io/vlt/npm/fdir/-/fdir-6.5.0.tgz 157ms (cache skip)
npm http fetch GET 403 https://registry.vlt.io/vlt/npm/picomatch/-/picomatch-4.0.4.tgz 165ms (cache skip)
npm http fetch GET 403 https://registry.vlt.io/vlt/npm/sade/-/sade-1.8.1.tgz 169ms (cache skip)
npm http fetch GET 403 https://registry.vlt.io/vlt/npm/readdirp/-/readdirp-4.1.2.tgz 171ms (cache skip)
npm http fetch GET 403 https://registry.vlt.io/vlt/npm/esbuild/-/esbuild-0.25.12.tgz 198ms (cache skip)
npm http fetch GET 403 https://registry.vlt.io/vlt/npm/@jridgewell/gen-mapping/-/gen-mapping-0.3.13.tgz 209ms (cache skip)
npm http fetch GET 403 https://registry.vlt.io/vlt/npm/mri/-/mri-1.2.0.tgz 212ms (cache skip)
npm http fetch GET 403 https://registry.vlt.io/vlt/npm/chokidar/-/chokidar-4.0.3.tgz 225ms (cache skip)
npm http fetch GET 403 https://registry.vlt.io/vlt/npm/picocolors/-/picocolors-1.1.1.tgz 231ms (cache skip)
npm http fetch GET 403 https://registry.vlt.io/vlt/npm/rollup/-/rollup-4.60.3.tgz 260ms (cache skip)
npm http fetch GET 403 https://registry.vlt.io/vlt/npm/@esbuild/linux-arm64/-/linux-arm64-0.25.12.tgz 266ms (cache skip)
npm http fetch GET 403 https://registry.vlt.io/vlt/npm/zimmerframe/-/zimmerframe-1.1.4.tgz 271ms (cache skip)
npm http fetch GET 403 https://registry.vlt.io/vlt/npm/@jridgewell/resolve-uri/-/resolve-uri-3.1.2.tgz 274ms (cache skip)
npm http fetch GET 403 https://registry.vlt.io/vlt/npm/locate-character/-/locate-character-3.0.0.tgz 310ms (cache skip)
npm http fetch GET 403 https://registry.vlt.io/vlt/npm/esrap/-/esrap-2.2.6.tgz 310ms (cache skip)
npm http fetch GET 403 https://registry.vlt.io/vlt/npm/clsx/-/clsx-2.1.1.tgz 315ms (cache skip)
npm http fetch GET 403 https://registry.vlt.io/vlt/npm/aria-query/-/aria-query-5.3.1.tgz 325ms (cache skip)
npm http fetch GET 403 https://registry.vlt.io/vlt/npm/is-reference/-/is-reference-3.0.3.tgz 329ms (cache skip)
npm http fetch GET 403 https://registry.vlt.io/vlt/npm/@jridgewell/trace-mapping/-/trace-mapping-0.3.31.tgz 333ms (cache skip)
npm http fetch GET 403 https://registry.vlt.io/vlt/npm/@jridgewell/remapping/-/remapping-2.3.5.tgz 333ms (cache skip)
npm http fetch GET 403 https://registry.vlt.io/vlt/npm/vitefu/-/vitefu-1.1.3.tgz 360ms (cache skip)
npm http fetch GET 403 https://registry.vlt.io/vlt/npm/@types/estree/-/estree-1.0.8.tgz 364ms (cache skip)
npm http fetch GET 403 https://registry.vlt.io/vlt/npm/postcss/-/postcss-8.5.14.tgz 377ms (cache skip)
npm http fetch GET 403 https://registry.vlt.io/vlt/npm/totalist/-/totalist-3.0.1.tgz 382ms (cache skip)
npm http fetch GET 403 https://registry.vlt.io/vlt/npm/@polka/url/-/url-1.0.0-next.29.tgz 388ms (cache skip)
npm http fetch GET 403 https://registry.vlt.io/vlt/npm/axobject-query/-/axobject-query-4.1.0.tgz 394ms (cache skip)
npm http fetch GET 403 https://registry.vlt.io/vlt/npm/ms/-/ms-2.1.3.tgz 396ms (cache skip)
npm http fetch GET 403 https://registry.vlt.io/vlt/npm/@types/trusted-types/-/trusted-types-2.0.7.tgz 420ms (cache skip)
npm http fetch GET 403 https://registry.vlt.io/vlt/npm/deepmerge/-/deepmerge-4.3.1.tgz 439ms (cache skip)
npm http fetch GET 403 https://registry.vlt.io/vlt/npm/debug/-/debug-4.4.3.tgz 444ms (cache skip)
npm http fetch GET 403 https://registry.vlt.io/vlt/npm/mrmime/-/mrmime-2.0.1.tgz 445ms (cache skip)
npm http fetch GET 403 https://registry.vlt.io/vlt/npm/@jridgewell/sourcemap-codec/-/sourcemap-codec-1.5.5.tgz 447ms (cache skip)
npm http fetch GET 403 https://registry.vlt.io/vlt/npm/kleur/-/kleur-4.1.5.tgz 457ms (cache skip)
npm http fetch GET 403 https://registry.vlt.io/vlt/npm/sirv/-/sirv-3.0.2.tgz 462ms (cache skip)
npm http fetch GET 403 https://registry.vlt.io/vlt/npm/@sveltejs/vite-plugin-svelte-inspector/-/vite-plugin-svelte-inspector-4.0.1.tgz 480ms (cache skip)
npm http fetch GET 403 https://registry.vlt.io/vlt/npm/@types/cookie/-/cookie-0.6.0.tgz 479ms (cache skip)
npm http fetch GET 403 https://registry.vlt.io/vlt/npm/set-cookie-parser/-/set-cookie-parser-3.1.0.tgz 486ms (cache skip)
npm http fetch GET 403 https://registry.vlt.io/vlt/npm/magic-string/-/magic-string-0.30.21.tgz 494ms (cache skip)
npm http fetch GET 403 https://registry.vlt.io/vlt/npm/devalue/-/devalue-5.8.0.tgz 510ms (cache skip)
npm http fetch GET 403 https://registry.vlt.io/vlt/npm/esm-env/-/esm-env-1.2.2.tgz 511ms (cache skip)
npm http fetch GET 403 https://registry.vlt.io/vlt/npm/acorn/-/acorn-8.16.0.tgz 526ms (cache skip)
npm http fetch GET 403 https://registry.vlt.io/vlt/npm/cookie/-/cookie-0.6.0.tgz 556ms (cache skip)
npm http fetch GET 403 https://registry.vlt.io/vlt/npm/typescript/-/typescript-5.9.3.tgz 557ms (cache skip)
npm http fetch GET 403 https://registry.vlt.io/vlt/npm/@standard-schema/spec/-/spec-1.1.0.tgz 564ms (cache skip)
npm http fetch GET 403 https://registry.vlt.io/vlt/npm/@sveltejs/acorn-typescript/-/acorn-typescript-1.0.9.tgz 572ms (cache skip)
npm http fetch GET 403 https://registry.vlt.io/vlt/npm/vite/-/vite-6.4.2.tgz 572ms (cache skip)
npm http fetch GET 403 https://registry.vlt.io/vlt/npm/import-meta-resolve/-/import-meta-resolve-4.2.0.tgz 575ms (cache skip)
npm http fetch GET 403 https://registry.vlt.io/vlt/npm/svelte-check/-/svelte-check-4.4.8.tgz 591ms (cache skip)
npm http fetch GET 403 https://registry.vlt.io/vlt/npm/@sveltejs/vite-plugin-svelte/-/vite-plugin-svelte-5.1.1.tgz 603ms (cache skip)
npm http fetch GET 403 https://registry.vlt.io/vlt/npm/svelte/-/svelte-5.55.5.tgz 603ms (cache skip)
npm http fetch GET 403 https://registry.vlt.io/vlt/npm/@neoconfetti/svelte/-/svelte-2.2.2.tgz 605ms (cache skip)
npm http fetch GET 403 https://registry.vlt.io/vlt/npm/@sveltejs/adapter-auto/-/adapter-auto-3.3.1.tgz 616ms (cache skip)
npm http fetch GET 403 https://registry.vlt.io/vlt/npm/@sveltejs/kit/-/kit-2.59.1.tgz 619ms (cache skip)
npm http fetch GET 403 https://registry.vlt.io/vlt/npm/@fontsource/fira-mono/-/fira-mono-5.2.7.tgz 620ms (cache skip)
npm error code E403
npm error 403 403 Forbidden - GET https://registry.vlt.io/vlt/npm/source-map-js/-/source-map-js-1.2.1.tgz
npm error 403 In most cases, you or one of your dependencies are requesting a package version that is forbidden by your security policy, or on a server you do not have access to.
npm error A complete log of this run can be found in: /home/runner/.npm/_logs/2026-05-05T16_34_19_637Z-debug-0.log
