npm http fetch GET 200 https://registry.vlt.io/vlt/npm/@fontsource%2ffira-mono 70ms (cache miss)
npm http fetch GET 200 https://registry.vlt.io/vlt/npm/@neoconfetti%2fsvelte 33ms (cache miss)
npm http fetch GET 200 https://registry.vlt.io/vlt/npm/svelte 43ms (cache miss)
npm http fetch GET 200 https://registry.vlt.io/vlt/npm/@sveltejs%2fadapter-auto 32ms (cache miss)
npm http fetch GET 200 https://registry.vlt.io/vlt/npm/@sveltejs%2fkit 45ms (cache miss)
npm http fetch GET 200 https://registry.vlt.io/vlt/npm/@opentelemetry%2fapi 29ms (cache miss)
npm http fetch GET 200 https://registry.vlt.io/vlt/npm/@sveltejs%2fvite-plugin-svelte 36ms (cache miss)
npm http fetch GET 200 https://registry.vlt.io/vlt/npm/vite 93200ms (cache miss)
npm http fetch GET 200 https://registry.vlt.io/vlt/npm/@types%2fnode 47ms (cache miss)
npm http fetch GET 200 https://registry.vlt.io/vlt/npm/jiti 6086ms (cache miss)
npm http fetch GET 200 https://registry.vlt.io/vlt/npm/less 5045ms (cache miss)
npm http fetch GET 200 https://registry.vlt.io/vlt/npm/lightningcss 1723ms (cache miss)
npm http fetch GET 200 https://registry.vlt.io/vlt/npm/sass 3683ms (cache miss)
npm http fetch GET 200 https://registry.vlt.io/vlt/npm/sass-embedded 534ms (cache miss)
npm http fetch GET 200 https://registry.vlt.io/vlt/npm/stylus 291ms (cache miss)
npm http fetch GET 200 https://registry.vlt.io/vlt/npm/sugarss 97ms (cache miss)
npm http fetch GET 200 https://registry.vlt.io/vlt/npm/postcss 6742ms (cache miss)
npm http fetch GET 200 https://registry.vlt.io/vlt/npm/terser 6713ms (cache miss)
npm http fetch GET 200 https://registry.vlt.io/vlt/npm/tsx 3028ms (cache miss)
npm http fetch GET 200 https://registry.vlt.io/vlt/npm/yaml 5545ms (cache miss)
