npm http fetch GET 200 https://registry.vlt.io/vlt/npm/@fontsource%2ffira-mono 148ms (cache miss)
npm http fetch GET 200 https://registry.vlt.io/vlt/npm/@neoconfetti%2fsvelte 54ms (cache miss)
npm http fetch GET 200 https://registry.vlt.io/vlt/npm/svelte 85ms (cache miss)
npm http fetch GET 200 https://registry.vlt.io/vlt/npm/@sveltejs%2fadapter-auto 136ms (cache miss)
npm http fetch GET 200 https://registry.vlt.io/vlt/npm/@sveltejs%2fkit 68ms (cache miss)
npm http fetch GET 200 https://registry.vlt.io/vlt/npm/@opentelemetry%2fapi 70ms (cache miss)
npm http fetch GET 200 https://registry.vlt.io/vlt/npm/@sveltejs%2fvite-plugin-svelte 208ms (cache miss)
npm http fetch GET 200 https://registry.vlt.io/vlt/npm/vite 67ms (cache miss)
npm http fetch GET 200 https://registry.vlt.io/vlt/npm/@types%2fnode 105ms (cache miss)
npm http fetch GET 200 https://registry.vlt.io/vlt/npm/jiti 226ms (cache miss)
npm http fetch GET 200 https://registry.vlt.io/vlt/npm/less 160ms (cache miss)
npm http fetch GET 200 https://registry.vlt.io/vlt/npm/lightningcss 118ms (cache miss)
npm http fetch GET 200 https://registry.vlt.io/vlt/npm/sass 66ms (cache miss)
npm http fetch GET 200 https://registry.vlt.io/vlt/npm/sass-embedded 72ms (cache miss)
npm http fetch GET 200 https://registry.vlt.io/vlt/npm/stylus 53ms (cache miss)
npm http fetch GET 200 https://registry.vlt.io/vlt/npm/sugarss 50ms (cache miss)
npm http fetch GET 200 https://registry.vlt.io/vlt/npm/postcss 49ms (cache miss)
npm http fetch GET 200 https://registry.vlt.io/vlt/npm/terser 50ms (cache miss)
npm http fetch GET 200 https://registry.vlt.io/vlt/npm/tsx 61ms (cache miss)
npm http fetch GET 200 https://registry.vlt.io/vlt/npm/yaml 57ms (cache miss)
npm http fetch GET 200 https://registry.vlt.io/vlt/npm/typescript 93ms (cache miss)
npm http fetch GET 200 https://registry.vlt.io/vlt/npm/svelte-check 56ms (cache miss)
npm http fetch GET 200 https://registry.vlt.io/vlt/npm/clsx 52ms (cache miss)
npm http fetch GET 200 https://registry.vlt.io/vlt/npm/esrap 70ms (cache miss)
npm http fetch GET 200 https://registry.vlt.io/vlt/npm/acorn 71ms (cache miss)
npm http fetch GET 200 https://registry.vlt.io/vlt/npm/devalue 56ms (cache miss)
npm http fetch GET 200 https://registry.vlt.io/vlt/npm/aria-query 56ms (cache miss)
npm http fetch GET 200 https://registry.vlt.io/vlt/npm/esm-env 68ms (cache miss)
npm http fetch GET 200 https://registry.vlt.io/vlt/npm/zimmerframe 59ms (cache miss)
npm http fetch GET 200 https://registry.vlt.io/vlt/npm/is-reference 57ms (cache miss)
npm http fetch GET 200 https://registry.vlt.io/vlt/npm/magic-string 73ms (cache miss)
npm http fetch GET 200 https://registry.vlt.io/vlt/npm/@types%2festree 78ms (cache miss)
npm http fetch GET 200 https://registry.vlt.io/vlt/npm/axobject-query 61ms (cache miss)
npm http fetch GET 200 https://registry.vlt.io/vlt/npm/locate-character 99ms (cache miss)
npm http fetch GET 200 https://registry.vlt.io/vlt/npm/@types%2ftrusted-types 81ms (cache miss)
npm http fetch GET 200 https://registry.vlt.io/vlt/npm/@jridgewell%2fremapping 81ms (cache miss)
npm http fetch GET 200 https://registry.vlt.io/vlt/npm/import-meta-resolve 67ms (cache miss)
npm http fetch GET 200 https://registry.vlt.io/vlt/npm/@sveltejs%2facorn-typescript 89ms (cache miss)
npm http fetch GET 200 https://registry.vlt.io/vlt/npm/@jridgewell%2fsourcemap-codec 102ms (cache miss)
npm http fetch GET 200 https://registry.vlt.io/vlt/npm/sirv 51ms (cache miss)
npm http fetch GET 200 https://registry.vlt.io/vlt/npm/cookie 54ms (cache miss)
npm http fetch GET 200 https://registry.vlt.io/vlt/npm/acorn 123ms (cache revalidated)
npm http fetch GET 200 https://registry.vlt.io/vlt/npm/mrmime 55ms (cache miss)
npm http fetch GET 200 https://registry.vlt.io/vlt/npm/kleur 140ms (cache miss)
npm http fetch GET 200 https://registry.vlt.io/vlt/npm/esm-env 54ms (cache revalidated)
npm http fetch GET 200 https://registry.vlt.io/vlt/npm/set-cookie-parser 52ms (cache miss)
npm http fetch GET 200 https://registry.vlt.io/vlt/npm/@types%2fcookie 74ms (cache miss)
npm http fetch GET 200 https://registry.vlt.io/vlt/npm/@standard-schema%2fspec 51ms (cache miss)
npm http fetch GET 200 https://registry.vlt.io/vlt/npm/debug 62ms (cache miss)
npm http fetch GET 200 https://registry.vlt.io/vlt/npm/magic-string 184ms (cache revalidated)
npm http fetch GET 200 https://registry.vlt.io/vlt/npm/vitefu 61ms (cache miss)
npm http fetch GET 200 https://registry.vlt.io/vlt/npm/deepmerge 60ms (cache miss)
npm http fetch GET 200 https://registry.vlt.io/vlt/npm/fdir 46ms (cache miss)
npm http fetch GET 200 https://registry.vlt.io/vlt/npm/@sveltejs%2fvite-plugin-svelte-inspector 55ms (cache miss)
npm http fetch GET 200 https://registry.vlt.io/vlt/npm/rollup 83ms (cache miss)
npm http fetch GET 200 https://registry.vlt.io/vlt/npm/esbuild 88ms (cache miss)
npm http fetch GET 200 https://registry.vlt.io/vlt/npm/tinyglobby 54ms (cache miss)
npm http fetch GET 200 https://registry.vlt.io/vlt/npm/picomatch 74ms (cache miss)
npm http fetch GET 200 https://registry.vlt.io/vlt/npm/postcss 168ms (cache revalidated)
npm http fetch GET 200 https://registry.vlt.io/vlt/npm/fdir 52ms (cache revalidated)
npm http fetch GET 200 https://registry.vlt.io/vlt/npm/fsevents 62ms (cache miss)
npm http fetch GET 200 https://registry.vlt.io/vlt/npm/sade 53ms (cache miss)
npm http fetch GET 200 https://registry.vlt.io/vlt/npm/chokidar 67ms (cache miss)
npm http fetch GET 200 https://registry.vlt.io/vlt/npm/@jridgewell%2ftrace-mapping 55ms (cache miss)
npm http fetch GET 200 https://registry.vlt.io/vlt/npm/picocolors 85ms (cache miss)
npm http fetch GET 200 https://registry.vlt.io/vlt/npm/@jridgewell%2fsourcemap-codec 143ms (cache revalidated)
npm http fetch GET 200 https://registry.vlt.io/vlt/npm/totalist 163ms (cache miss)
npm http fetch GET 200 https://registry.vlt.io/vlt/npm/@polka%2furl 322ms (cache miss)
npm http fetch GET 200 https://registry.vlt.io/vlt/npm/ms 53ms (cache miss)
npm http fetch GET 200 https://registry.vlt.io/vlt/npm/debug 56ms (cache revalidated)
npm http fetch GET 200 https://registry.vlt.io/vlt/npm/@typescript-eslint%2ftypes 68ms (cache miss)
npm http fetch GET 200 https://registry.vlt.io/vlt/npm/@jridgewell%2fgen-mapping 51ms (cache miss)
npm http fetch GET 200 https://registry.vlt.io/vlt/npm/@jridgewell%2ftrace-mapping 65ms (cache revalidated)
npm http fetch GET 200 https://registry.vlt.io/vlt/npm/@jridgewell%2fresolve-uri 55ms (cache miss)
npm http fetch GET 200 https://registry.vlt.io/vlt/npm/picomatch 52ms (cache revalidated)
npm http fetch GET 200 https://registry.vlt.io/vlt/npm/readdirp 58ms (cache miss)
npm http fetch GET 200 https://registry.vlt.io/vlt/npm/mri 62ms (cache miss)
npm http fetch GET 200 https://registry.vlt.io/vlt/npm/@esbuild%2flinux-x64 51ms (cache miss)
npm http fetch GET 200 https://registry.vlt.io/vlt/npm/@esbuild%2flinux-arm 53ms (cache miss)
npm http fetch GET 200 https://registry.vlt.io/vlt/npm/@esbuild%2fwin32-x64 51ms (cache miss)
npm http fetch GET 200 https://registry.vlt.io/vlt/npm/@esbuild%2fsunos-x64 54ms (cache miss)
npm http fetch GET 200 https://registry.vlt.io/vlt/npm/@esbuild%2faix-ppc64 145ms (cache miss)
npm http fetch GET 200 https://registry.vlt.io/vlt/npm/@esbuild%2flinux-ia32 49ms (cache miss)
npm http fetch GET 200 https://registry.vlt.io/vlt/npm/@esbuild%2fdarwin-x64 55ms (cache miss)
npm http fetch GET 200 https://registry.vlt.io/vlt/npm/@esbuild%2fnetbsd-x64 50ms (cache miss)
npm http fetch GET 200 https://registry.vlt.io/vlt/npm/@esbuild%2fwin32-ia32 50ms (cache miss)
npm http fetch GET 200 https://registry.vlt.io/vlt/npm/@esbuild%2fandroid-arm 55ms (cache miss)
npm http fetch GET 200 https://registry.vlt.io/vlt/npm/@esbuild%2fandroid-x64 48ms (cache miss)
npm http fetch GET 200 https://registry.vlt.io/vlt/npm/@esbuild%2ffreebsd-x64 52ms (cache miss)
npm http fetch GET 200 https://registry.vlt.io/vlt/npm/@esbuild%2flinux-ppc64 50ms (cache miss)
npm http fetch GET 200 https://registry.vlt.io/vlt/npm/@esbuild%2flinux-arm64 95ms (cache miss)
npm http fetch GET 200 https://registry.vlt.io/vlt/npm/@esbuild%2flinux-s390x 55ms (cache miss)
npm http fetch GET 200 https://registry.vlt.io/vlt/npm/@esbuild%2fopenbsd-x64 48ms (cache miss)
npm http fetch GET 200 https://registry.vlt.io/vlt/npm/@esbuild%2fwin32-arm64 68ms (cache miss)
npm http fetch GET 200 https://registry.vlt.io/vlt/npm/@esbuild%2fdarwin-arm64 70ms (cache miss)
npm http fetch GET 200 https://registry.vlt.io/vlt/npm/@esbuild%2fnetbsd-arm64 74ms (cache miss)
npm http fetch GET 200 https://registry.vlt.io/vlt/npm/@esbuild%2ffreebsd-arm64 82ms (cache miss)
npm http fetch GET 200 https://registry.vlt.io/vlt/npm/@esbuild%2flinux-loong64 53ms (cache miss)
npm http fetch GET 200 https://registry.vlt.io/vlt/npm/@esbuild%2fopenbsd-arm64 84ms (cache miss)
npm http fetch GET 200 https://registry.vlt.io/vlt/npm/@esbuild%2flinux-riscv64 91ms (cache miss)
npm http fetch GET 200 https://registry.vlt.io/vlt/npm/@esbuild%2fandroid-arm64 186ms (cache miss)
npm http fetch GET 200 https://registry.vlt.io/vlt/npm/@esbuild%2flinux-mips64el 115ms (cache miss)
npm http fetch GET 200 https://registry.vlt.io/vlt/npm/source-map-js 57ms (cache miss)
npm http fetch GET 200 https://registry.vlt.io/vlt/npm/@rollup%2frollup-darwin-x64 79ms (cache miss)
npm http fetch GET 200 https://registry.vlt.io/vlt/npm/nanoid 252ms (cache miss)
npm http fetch GET 200 https://registry.vlt.io/vlt/npm/@esbuild%2fopenharmony-arm64 300ms (cache miss)
npm http fetch GET 200 https://registry.vlt.io/vlt/npm/@rollup%2frollup-freebsd-x64 52ms (cache miss)
npm http fetch GET 200 https://registry.vlt.io/vlt/npm/@rollup%2frollup-darwin-arm64 49ms (cache miss)
npm http fetch GET 200 https://registry.vlt.io/vlt/npm/@rollup%2frollup-android-arm64 69ms (cache miss)
npm http fetch GET 200 https://registry.vlt.io/vlt/npm/@rollup%2frollup-freebsd-arm64 49ms (cache miss)
npm http fetch GET 200 https://registry.vlt.io/vlt/npm/@rollup%2frollup-openbsd-x64 161ms (cache miss)
npm http fetch GET 200 https://registry.vlt.io/vlt/npm/@rollup%2frollup-linux-x64-gnu 52ms (cache miss)
npm http fetch GET 200 https://registry.vlt.io/vlt/npm/@rollup%2frollup-linux-x64-musl 63ms (cache miss)
npm http fetch GET 200 https://registry.vlt.io/vlt/npm/@rollup%2frollup-win32-x64-gnu 121ms (cache miss)
npm http fetch GET 200 https://registry.vlt.io/vlt/npm/@rollup%2frollup-win32-x64-msvc 134ms (cache miss)
npm http fetch GET 200 https://registry.vlt.io/vlt/npm/@rollup%2frollup-linux-ppc64-gnu 46ms (cache miss)
npm http fetch GET 200 https://registry.vlt.io/vlt/npm/@rollup%2frollup-linux-arm64-gnu 116ms (cache miss)
npm http fetch GET 200 https://registry.vlt.io/vlt/npm/@rollup%2frollup-linux-s390x-gnu 50ms (cache miss)
npm http fetch GET 200 https://registry.vlt.io/vlt/npm/@rollup%2frollup-android-arm-eabi 50ms (cache miss)
npm http fetch GET 200 https://registry.vlt.io/vlt/npm/@rollup%2frollup-linux-ppc64-musl 50ms (cache miss)
npm http fetch GET 200 https://registry.vlt.io/vlt/npm/@rollup%2frollup-linux-arm64-musl 93ms (cache miss)
npm http fetch GET 200 https://registry.vlt.io/vlt/npm/@rollup%2frollup-win32-ia32-msvc 184ms (cache miss)
npm http fetch GET 200 https://registry.vlt.io/vlt/npm/@rollup%2frollup-win32-arm64-msvc 88ms (cache miss)
npm http fetch GET 200 https://registry.vlt.io/vlt/npm/@rollup%2frollup-linux-riscv64-gnu 54ms (cache miss)
npm http fetch GET 200 https://registry.vlt.io/vlt/npm/@rollup%2frollup-linux-loong64-musl 50ms (cache miss)
npm http fetch GET 200 https://registry.vlt.io/vlt/npm/@rollup%2frollup-linux-loong64-gnu 157ms (cache miss)
npm http fetch GET 200 https://registry.vlt.io/vlt/npm/@rollup%2frollup-linux-riscv64-musl 50ms (cache miss)
npm http fetch GET 200 https://registry.vlt.io/vlt/npm/@rollup%2frollup-openharmony-arm64 139ms (cache miss)
npm http fetch GET 200 https://registry.vlt.io/vlt/npm/@rollup%2frollup-linux-arm-musleabihf 54ms (cache miss)
npm http fetch GET 200 https://registry.vlt.io/vlt/npm/@rollup%2frollup-linux-arm-gnueabihf 137ms (cache miss)
npm http fetch GET 403 https://registry.vlt.io/vlt/npm/source-map-js/-/source-map-js-1.2.1.tgz 96ms (cache skip)
npm http fetch GET 403 https://registry.vlt.io/vlt/npm/@esbuild/linux-arm64/-/linux-arm64-0.25.12.tgz 144ms (cache skip)
npm http fetch GET 403 https://registry.vlt.io/vlt/npm/@rollup/rollup-linux-arm64-gnu/-/rollup-linux-arm64-gnu-4.60.3.tgz 150ms (cache skip)
npm http fetch GET 403 https://registry.vlt.io/vlt/npm/picocolors/-/picocolors-1.1.1.tgz 152ms (cache skip)
npm http fetch GET 403 https://registry.vlt.io/vlt/npm/fdir/-/fdir-6.5.0.tgz 163ms (cache skip)
npm http fetch GET 403 https://registry.vlt.io/vlt/npm/rollup/-/rollup-4.60.3.tgz 167ms (cache skip)
npm http fetch GET 403 https://registry.vlt.io/vlt/npm/sade/-/sade-1.8.1.tgz 167ms (cache skip)
npm http fetch GET 403 https://registry.vlt.io/vlt/npm/chokidar/-/chokidar-4.0.3.tgz 171ms (cache skip)
npm http fetch GET 403 https://registry.vlt.io/vlt/npm/tinyglobby/-/tinyglobby-0.2.16.tgz 175ms (cache skip)
npm http fetch GET 403 https://registry.vlt.io/vlt/npm/esbuild/-/esbuild-0.25.12.tgz 177ms (cache skip)
npm http fetch GET 403 https://registry.vlt.io/vlt/npm/nanoid/-/nanoid-3.3.12.tgz 183ms (cache skip)
npm http fetch GET 403 https://registry.vlt.io/vlt/npm/readdirp/-/readdirp-4.1.2.tgz 184ms (cache skip)
npm http fetch GET 403 https://registry.vlt.io/vlt/npm/mri/-/mri-1.2.0.tgz 184ms (cache skip)
npm http fetch GET 403 https://registry.vlt.io/vlt/npm/postcss/-/postcss-8.5.14.tgz 208ms (cache skip)
npm http fetch GET 403 https://registry.vlt.io/vlt/npm/zimmerframe/-/zimmerframe-1.1.4.tgz 226ms (cache skip)
npm http fetch GET 403 https://registry.vlt.io/vlt/npm/@jridgewell/trace-mapping/-/trace-mapping-0.3.31.tgz 236ms (cache skip)
npm http fetch GET 403 https://registry.vlt.io/vlt/npm/@jridgewell/resolve-uri/-/resolve-uri-3.1.2.tgz 239ms (cache skip)
npm http fetch GET 403 https://registry.vlt.io/vlt/npm/picomatch/-/picomatch-4.0.4.tgz 264ms (cache skip)
npm http fetch GET 403 https://registry.vlt.io/vlt/npm/locate-character/-/locate-character-3.0.0.tgz 270ms (cache skip)
npm http fetch GET 403 https://registry.vlt.io/vlt/npm/esrap/-/esrap-2.2.6.tgz 270ms (cache skip)
npm http fetch GET 403 https://registry.vlt.io/vlt/npm/clsx/-/clsx-2.1.1.tgz 272ms (cache skip)
npm http fetch GET 403 https://registry.vlt.io/vlt/npm/axobject-query/-/axobject-query-4.1.0.tgz 289ms (cache skip)
npm http fetch GET 403 https://registry.vlt.io/vlt/npm/aria-query/-/aria-query-5.3.1.tgz 290ms (cache skip)
npm http fetch GET 403 https://registry.vlt.io/vlt/npm/@types/trusted-types/-/trusted-types-2.0.7.tgz 299ms (cache skip)
npm http fetch GET 403 https://registry.vlt.io/vlt/npm/@types/estree/-/estree-1.0.8.tgz 307ms (cache skip)
npm http fetch GET 403 https://registry.vlt.io/vlt/npm/@polka/url/-/url-1.0.0-next.29.tgz 330ms (cache skip)
npm http fetch GET 403 https://registry.vlt.io/vlt/npm/ms/-/ms-2.1.3.tgz 336ms (cache skip)
npm http fetch GET 403 https://registry.vlt.io/vlt/npm/@jridgewell/remapping/-/remapping-2.3.5.tgz 337ms (cache skip)
npm http fetch GET 403 https://registry.vlt.io/vlt/npm/@jridgewell/sourcemap-codec/-/sourcemap-codec-1.5.5.tgz 338ms (cache skip)
npm http fetch GET 403 https://registry.vlt.io/vlt/npm/vitefu/-/vitefu-1.1.3.tgz 346ms (cache skip)
npm http fetch GET 403 https://registry.vlt.io/vlt/npm/is-reference/-/is-reference-3.0.3.tgz 350ms (cache skip)
npm http fetch GET 403 https://registry.vlt.io/vlt/npm/mrmime/-/mrmime-2.0.1.tgz 348ms (cache skip)
npm http fetch GET 403 https://registry.vlt.io/vlt/npm/set-cookie-parser/-/set-cookie-parser-3.1.0.tgz 357ms (cache skip)
npm http fetch GET 403 https://registry.vlt.io/vlt/npm/magic-string/-/magic-string-0.30.21.tgz 357ms (cache skip)
npm http fetch GET 403 https://registry.vlt.io/vlt/npm/totalist/-/totalist-3.0.1.tgz 365ms (cache skip)
npm http fetch GET 403 https://registry.vlt.io/vlt/npm/deepmerge/-/deepmerge-4.3.1.tgz 364ms (cache skip)
npm http fetch GET 403 https://registry.vlt.io/vlt/npm/@jridgewell/gen-mapping/-/gen-mapping-0.3.13.tgz 399ms (cache skip)
npm http fetch GET 403 https://registry.vlt.io/vlt/npm/kleur/-/kleur-4.1.5.tgz 404ms (cache skip)
npm http fetch GET 403 https://registry.vlt.io/vlt/npm/esm-env/-/esm-env-1.2.2.tgz 407ms (cache skip)
npm http fetch GET 403 https://registry.vlt.io/vlt/npm/debug/-/debug-4.4.3.tgz 423ms (cache skip)
npm http fetch GET 403 https://registry.vlt.io/vlt/npm/@types/cookie/-/cookie-0.6.0.tgz 438ms (cache skip)
npm http fetch GET 403 https://registry.vlt.io/vlt/npm/@sveltejs/acorn-typescript/-/acorn-typescript-1.0.9.tgz 447ms (cache skip)
npm http fetch GET 403 https://registry.vlt.io/vlt/npm/import-meta-resolve/-/import-meta-resolve-4.2.0.tgz 447ms (cache skip)
npm http fetch GET 403 https://registry.vlt.io/vlt/npm/@standard-schema/spec/-/spec-1.1.0.tgz 451ms (cache skip)
npm http fetch GET 403 https://registry.vlt.io/vlt/npm/devalue/-/devalue-5.8.0.tgz 454ms (cache skip)
npm http fetch GET 403 https://registry.vlt.io/vlt/npm/@sveltejs/vite-plugin-svelte-inspector/-/vite-plugin-svelte-inspector-4.0.1.tgz 461ms (cache skip)
npm http fetch GET 403 https://registry.vlt.io/vlt/npm/acorn/-/acorn-8.16.0.tgz 465ms (cache skip)
npm http fetch GET 403 https://registry.vlt.io/vlt/npm/@sveltejs/vite-plugin-svelte/-/vite-plugin-svelte-5.1.1.tgz 473ms (cache skip)
npm http fetch GET 403 https://registry.vlt.io/vlt/npm/vite/-/vite-6.4.2.tgz 478ms (cache skip)
npm http fetch GET 403 https://registry.vlt.io/vlt/npm/svelte/-/svelte-5.55.5.tgz 490ms (cache skip)
npm http fetch GET 403 https://registry.vlt.io/vlt/npm/@sveltejs/kit/-/kit-2.59.1.tgz 496ms (cache skip)
npm http fetch GET 403 https://registry.vlt.io/vlt/npm/cookie/-/cookie-0.6.0.tgz 500ms (cache skip)
npm http fetch GET 403 https://registry.vlt.io/vlt/npm/svelte-check/-/svelte-check-4.4.8.tgz 528ms (cache skip)
npm http fetch GET 403 https://registry.vlt.io/vlt/npm/sirv/-/sirv-3.0.2.tgz 538ms (cache skip)
npm http fetch GET 403 https://registry.vlt.io/vlt/npm/@sveltejs/adapter-auto/-/adapter-auto-3.3.1.tgz 554ms (cache skip)
npm http fetch GET 403 https://registry.vlt.io/vlt/npm/@neoconfetti/svelte/-/svelte-2.2.2.tgz 585ms (cache skip)
npm http fetch GET 403 https://registry.vlt.io/vlt/npm/typescript/-/typescript-5.9.3.tgz 592ms (cache skip)
npm http fetch GET 403 https://registry.vlt.io/vlt/npm/@fontsource/fira-mono/-/fira-mono-5.2.7.tgz 597ms (cache skip)
npm error code E403
npm error 403 403 Forbidden - GET https://registry.vlt.io/vlt/npm/source-map-js/-/source-map-js-1.2.1.tgz
npm error 403 In most cases, you or one of your dependencies are requesting a package version that is forbidden by your security policy, or on a server you do not have access to.
npm error A complete log of this run can be found in: /home/runner/.npm/_logs/2026-05-05T16_33_34_791Z-debug-0.log
