npm http fetch GET 200 https://registry.vlt.io/vlt/npm/@fontsource%2ffira-mono 188ms (cache miss)
npm http fetch GET 200 https://registry.vlt.io/vlt/npm/@neoconfetti%2fsvelte 69ms (cache miss)
npm http fetch GET 200 https://registry.vlt.io/vlt/npm/svelte 150ms (cache miss)
npm http fetch GET 200 https://registry.vlt.io/vlt/npm/@sveltejs%2fadapter-auto 72ms (cache miss)
npm http fetch GET 200 https://registry.vlt.io/vlt/npm/@sveltejs%2fkit 81ms (cache miss)
npm http fetch GET 200 https://registry.vlt.io/vlt/npm/@opentelemetry%2fapi 62ms (cache miss)
npm http fetch GET 200 https://registry.vlt.io/vlt/npm/@sveltejs%2fvite-plugin-svelte 60ms (cache miss)
npm http fetch GET 200 https://registry.vlt.io/vlt/npm/vite 76ms (cache miss)
npm http fetch GET 200 https://registry.vlt.io/vlt/npm/@types%2fnode 83ms (cache miss)
npm http fetch GET 200 https://registry.vlt.io/vlt/npm/jiti 68ms (cache miss)
npm http fetch GET 200 https://registry.vlt.io/vlt/npm/less 70ms (cache miss)
npm http fetch GET 200 https://registry.vlt.io/vlt/npm/lightningcss 101ms (cache miss)
npm http fetch GET 200 https://registry.vlt.io/vlt/npm/sass 64ms (cache miss)
npm http fetch GET 200 https://registry.vlt.io/vlt/npm/sass-embedded 65ms (cache miss)
npm http fetch GET 200 https://registry.vlt.io/vlt/npm/stylus 67ms (cache miss)
npm http fetch GET 200 https://registry.vlt.io/vlt/npm/sugarss 60ms (cache miss)
npm http fetch GET 200 https://registry.vlt.io/vlt/npm/postcss 59ms (cache miss)
npm http fetch GET 200 https://registry.vlt.io/vlt/npm/terser 57ms (cache miss)
npm http fetch GET 200 https://registry.vlt.io/vlt/npm/tsx 61ms (cache miss)
npm http fetch GET 200 https://registry.vlt.io/vlt/npm/yaml 62ms (cache miss)
npm http fetch GET 200 https://registry.vlt.io/vlt/npm/typescript 102ms (cache miss)
npm http fetch GET 200 https://registry.vlt.io/vlt/npm/svelte-check 67ms (cache miss)
npm http fetch GET 200 https://registry.vlt.io/vlt/npm/clsx 75ms (cache miss)
npm http fetch GET 200 https://registry.vlt.io/vlt/npm/acorn 121ms (cache miss)
npm http fetch GET 200 https://registry.vlt.io/vlt/npm/esrap 155ms (cache miss)
npm http fetch GET 200 https://registry.vlt.io/vlt/npm/devalue 93ms (cache miss)
npm http fetch GET 200 https://registry.vlt.io/vlt/npm/esm-env 67ms (cache miss)
npm http fetch GET 200 https://registry.vlt.io/vlt/npm/zimmerframe 62ms (cache miss)
npm http fetch GET 200 https://registry.vlt.io/vlt/npm/aria-query 132ms (cache miss)
npm http fetch GET 200 https://registry.vlt.io/vlt/npm/magic-string 60ms (cache miss)
npm http fetch GET 200 https://registry.vlt.io/vlt/npm/is-reference 129ms (cache miss)
npm http fetch GET 200 https://registry.vlt.io/vlt/npm/@types%2festree 67ms (cache miss)
npm http fetch GET 200 https://registry.vlt.io/vlt/npm/axobject-query 64ms (cache miss)
npm http fetch GET 200 https://registry.vlt.io/vlt/npm/locate-character 66ms (cache miss)
npm http fetch GET 200 https://registry.vlt.io/vlt/npm/@jridgewell%2fremapping 56ms (cache miss)
npm http fetch GET 200 https://registry.vlt.io/vlt/npm/@types%2ftrusted-types 62ms (cache miss)
npm http fetch GET 200 https://registry.vlt.io/vlt/npm/@sveltejs%2facorn-typescript 71ms (cache miss)
npm http fetch GET 200 https://registry.vlt.io/vlt/npm/@jridgewell%2fsourcemap-codec 59ms (cache miss)
npm http fetch GET 200 https://registry.vlt.io/vlt/npm/import-meta-resolve 72ms (cache miss)
npm http fetch GET 200 https://registry.vlt.io/vlt/npm/sirv 69ms (cache miss)
npm http fetch GET 200 https://registry.vlt.io/vlt/npm/kleur 55ms (cache miss)
npm http fetch GET 200 https://registry.vlt.io/vlt/npm/acorn 82ms (cache revalidated)
npm http fetch GET 200 https://registry.vlt.io/vlt/npm/cookie 67ms (cache miss)
npm http fetch GET 200 https://registry.vlt.io/vlt/npm/mrmime 55ms (cache miss)
npm http fetch GET 200 https://registry.vlt.io/vlt/npm/esm-env 59ms (cache revalidated)
npm http fetch GET 200 https://registry.vlt.io/vlt/npm/magic-string 65ms (cache revalidated)
npm http fetch GET 200 https://registry.vlt.io/vlt/npm/set-cookie-parser 57ms (cache miss)
npm http fetch GET 200 https://registry.vlt.io/vlt/npm/@types%2fcookie 79ms (cache miss)
npm http fetch GET 200 https://registry.vlt.io/vlt/npm/@standard-schema%2fspec 60ms (cache miss)
npm http fetch GET 200 https://registry.vlt.io/vlt/npm/debug 57ms (cache miss)
npm http fetch GET 200 https://registry.vlt.io/vlt/npm/vitefu 59ms (cache miss)
npm http fetch GET 200 https://registry.vlt.io/vlt/npm/deepmerge 63ms (cache miss)
npm http fetch GET 200 https://registry.vlt.io/vlt/npm/@sveltejs%2fvite-plugin-svelte-inspector 59ms (cache miss)
npm http fetch GET 200 https://registry.vlt.io/vlt/npm/fdir 62ms (cache miss)
npm http fetch GET 200 https://registry.vlt.io/vlt/npm/esbuild 62ms (cache miss)
npm http fetch GET 200 https://registry.vlt.io/vlt/npm/postcss 64ms (cache revalidated)
npm http fetch GET 200 https://registry.vlt.io/vlt/npm/rollup 117ms (cache miss)
npm http fetch GET 200 https://registry.vlt.io/vlt/npm/tinyglobby 58ms (cache miss)
npm http fetch GET 200 https://registry.vlt.io/vlt/npm/picomatch 72ms (cache miss)
npm http fetch GET 200 https://registry.vlt.io/vlt/npm/fsevents 64ms (cache miss)
npm http fetch GET 200 https://registry.vlt.io/vlt/npm/fdir 69ms (cache revalidated)
npm http fetch GET 200 https://registry.vlt.io/vlt/npm/sade 70ms (cache miss)
npm http fetch GET 200 https://registry.vlt.io/vlt/npm/chokidar 61ms (cache miss)
npm http fetch GET 200 https://registry.vlt.io/vlt/npm/@jridgewell%2ftrace-mapping 56ms (cache miss)
npm http fetch GET 200 https://registry.vlt.io/vlt/npm/picocolors 65ms (cache miss)
npm http fetch GET 200 https://registry.vlt.io/vlt/npm/@jridgewell%2fsourcemap-codec 64ms (cache revalidated)
npm http fetch GET 200 https://registry.vlt.io/vlt/npm/@polka%2furl 67ms (cache miss)
npm http fetch GET 200 https://registry.vlt.io/vlt/npm/totalist 70ms (cache miss)
npm http fetch GET 200 https://registry.vlt.io/vlt/npm/debug 62ms (cache revalidated)
npm http fetch GET 200 https://registry.vlt.io/vlt/npm/ms 64ms (cache miss)
npm http fetch GET 200 https://registry.vlt.io/vlt/npm/@typescript-eslint%2ftypes 90ms (cache miss)
npm http fetch GET 200 https://registry.vlt.io/vlt/npm/@jridgewell%2fgen-mapping 58ms (cache miss)
npm http fetch GET 200 https://registry.vlt.io/vlt/npm/@jridgewell%2ftrace-mapping 60ms (cache revalidated)
npm http fetch GET 200 https://registry.vlt.io/vlt/npm/@jridgewell%2fresolve-uri 77ms (cache miss)
npm http fetch GET 200 https://registry.vlt.io/vlt/npm/picomatch 59ms (cache revalidated)
npm http fetch GET 200 https://registry.vlt.io/vlt/npm/readdirp 58ms (cache miss)
npm http fetch GET 200 https://registry.vlt.io/vlt/npm/mri 66ms (cache miss)
npm http fetch GET 200 https://registry.vlt.io/vlt/npm/@esbuild%2flinux-arm 59ms (cache miss)
npm http fetch GET 200 https://registry.vlt.io/vlt/npm/@esbuild%2flinux-x64 65ms (cache miss)
npm http fetch GET 200 https://registry.vlt.io/vlt/npm/@esbuild%2faix-ppc64 66ms (cache miss)
npm http fetch GET 200 https://registry.vlt.io/vlt/npm/@esbuild%2fsunos-x64 61ms (cache miss)
npm http fetch GET 200 https://registry.vlt.io/vlt/npm/@esbuild%2fdarwin-x64 65ms (cache miss)
npm http fetch GET 200 https://registry.vlt.io/vlt/npm/@esbuild%2fwin32-x64 70ms (cache miss)
npm http fetch GET 200 https://registry.vlt.io/vlt/npm/@esbuild%2flinux-ia32 60ms (cache miss)
npm http fetch GET 200 https://registry.vlt.io/vlt/npm/@esbuild%2fnetbsd-x64 56ms (cache miss)
npm http fetch GET 200 https://registry.vlt.io/vlt/npm/@esbuild%2fwin32-ia32 64ms (cache miss)
npm http fetch GET 200 https://registry.vlt.io/vlt/npm/@esbuild%2fandroid-arm 54ms (cache miss)
npm http fetch GET 200 https://registry.vlt.io/vlt/npm/@esbuild%2fandroid-x64 65ms (cache miss)
npm http fetch GET 200 https://registry.vlt.io/vlt/npm/@esbuild%2ffreebsd-x64 77ms (cache miss)
npm http fetch GET 200 https://registry.vlt.io/vlt/npm/@esbuild%2flinux-arm64 58ms (cache miss)
npm http fetch GET 200 https://registry.vlt.io/vlt/npm/@esbuild%2flinux-ppc64 61ms (cache miss)
npm http fetch GET 200 https://registry.vlt.io/vlt/npm/@esbuild%2flinux-s390x 60ms (cache miss)
npm http fetch GET 200 https://registry.vlt.io/vlt/npm/@esbuild%2fopenbsd-x64 59ms (cache miss)
npm http fetch GET 200 https://registry.vlt.io/vlt/npm/@esbuild%2fwin32-arm64 63ms (cache miss)
npm http fetch GET 200 https://registry.vlt.io/vlt/npm/@esbuild%2fdarwin-arm64 61ms (cache miss)
npm http fetch GET 200 https://registry.vlt.io/vlt/npm/@esbuild%2fnetbsd-arm64 58ms (cache miss)
npm http fetch GET 200 https://registry.vlt.io/vlt/npm/@esbuild%2fandroid-arm64 60ms (cache miss)
npm http fetch GET 200 https://registry.vlt.io/vlt/npm/@esbuild%2ffreebsd-arm64 57ms (cache miss)
npm http fetch GET 200 https://registry.vlt.io/vlt/npm/@esbuild%2flinux-loong64 63ms (cache miss)
npm http fetch GET 200 https://registry.vlt.io/vlt/npm/@esbuild%2fopenbsd-arm64 58ms (cache miss)
npm http fetch GET 200 https://registry.vlt.io/vlt/npm/@esbuild%2flinux-riscv64 78ms (cache miss)
npm http fetch GET 200 https://registry.vlt.io/vlt/npm/@esbuild%2flinux-mips64el 71ms (cache miss)
npm http fetch GET 200 https://registry.vlt.io/vlt/npm/@esbuild%2fopenharmony-arm64 62ms (cache miss)
npm http fetch GET 200 https://registry.vlt.io/vlt/npm/nanoid 69ms (cache miss)
npm http fetch GET 200 https://registry.vlt.io/vlt/npm/source-map-js 59ms (cache miss)
npm http fetch GET 200 https://registry.vlt.io/vlt/npm/@rollup%2frollup-freebsd-x64 61ms (cache miss)
npm http fetch GET 200 https://registry.vlt.io/vlt/npm/@rollup%2frollup-darwin-x64 79ms (cache miss)
npm http fetch GET 200 https://registry.vlt.io/vlt/npm/@rollup%2frollup-openbsd-x64 58ms (cache miss)
npm http fetch GET 200 https://registry.vlt.io/vlt/npm/@rollup%2frollup-darwin-arm64 62ms (cache miss)
npm http fetch GET 200 https://registry.vlt.io/vlt/npm/@rollup%2frollup-android-arm64 61ms (cache miss)
npm http fetch GET 200 https://registry.vlt.io/vlt/npm/@rollup%2frollup-freebsd-arm64 69ms (cache miss)
npm http fetch GET 200 https://registry.vlt.io/vlt/npm/@rollup%2frollup-linux-x64-gnu 62ms (cache miss)
npm http fetch GET 200 https://registry.vlt.io/vlt/npm/@rollup%2frollup-win32-x64-gnu 59ms (cache miss)
npm http fetch GET 200 https://registry.vlt.io/vlt/npm/@rollup%2frollup-linux-x64-musl 64ms (cache miss)
npm http fetch GET 200 https://registry.vlt.io/vlt/npm/@rollup%2frollup-win32-x64-msvc 68ms (cache miss)
npm http fetch GET 200 https://registry.vlt.io/vlt/npm/@rollup%2frollup-linux-arm64-gnu 67ms (cache miss)
npm http fetch GET 200 https://registry.vlt.io/vlt/npm/@rollup%2frollup-linux-ppc64-gnu 65ms (cache miss)
npm http fetch GET 200 https://registry.vlt.io/vlt/npm/@rollup%2frollup-linux-s390x-gnu 62ms (cache miss)
npm http fetch GET 200 https://registry.vlt.io/vlt/npm/@rollup%2frollup-win32-ia32-msvc 61ms (cache miss)
npm http fetch GET 200 https://registry.vlt.io/vlt/npm/@rollup%2frollup-android-arm-eabi 95ms (cache miss)
npm http fetch GET 200 https://registry.vlt.io/vlt/npm/@rollup%2frollup-linux-arm64-musl 135ms (cache miss)
npm http fetch GET 200 https://registry.vlt.io/vlt/npm/@rollup%2frollup-linux-ppc64-musl 137ms (cache miss)
npm http fetch GET 200 https://registry.vlt.io/vlt/npm/@rollup%2frollup-win32-arm64-msvc 91ms (cache miss)
npm http fetch GET 200 https://registry.vlt.io/vlt/npm/@rollup%2frollup-linux-loong64-gnu 202ms (cache miss)
npm http fetch GET 200 https://registry.vlt.io/vlt/npm/@rollup%2frollup-linux-riscv64-gnu 247ms (cache miss)
npm http fetch GET 200 https://registry.vlt.io/vlt/npm/@rollup%2frollup-openharmony-arm64 296ms (cache miss)
npm http fetch GET 200 https://registry.vlt.io/vlt/npm/@rollup%2frollup-linux-riscv64-musl 130ms (cache miss)
npm http fetch GET 200 https://registry.vlt.io/vlt/npm/@rollup%2frollup-linux-loong64-musl 208ms (cache miss)
npm http fetch GET 200 https://registry.vlt.io/vlt/npm/@rollup%2frollup-linux-arm-gnueabihf 119ms (cache miss)
npm http fetch GET 200 https://registry.vlt.io/vlt/npm/@rollup%2frollup-linux-arm-musleabihf 58ms (cache miss)
npm http fetch GET 403 https://registry.vlt.io/vlt/npm/source-map-js/-/source-map-js-1.2.1.tgz 108ms (cache skip)
npm http fetch GET 403 https://registry.vlt.io/vlt/npm/tinyglobby/-/tinyglobby-0.2.16.tgz 128ms (cache skip)
npm http fetch GET 403 https://registry.vlt.io/vlt/npm/@rollup/rollup-linux-arm64-gnu/-/rollup-linux-arm64-gnu-4.60.3.tgz 142ms (cache skip)
npm http fetch GET 403 https://registry.vlt.io/vlt/npm/postcss/-/postcss-8.5.14.tgz 145ms (cache skip)
npm http fetch GET 403 https://registry.vlt.io/vlt/npm/fdir/-/fdir-6.5.0.tgz 150ms (cache skip)
npm http fetch GET 403 https://registry.vlt.io/vlt/npm/esbuild/-/esbuild-0.25.12.tgz 210ms (cache skip)
npm http fetch GET 403 https://registry.vlt.io/vlt/npm/picomatch/-/picomatch-4.0.4.tgz 218ms (cache skip)
npm http fetch GET 403 https://registry.vlt.io/vlt/npm/nanoid/-/nanoid-3.3.12.tgz 226ms (cache skip)
npm http fetch GET 403 https://registry.vlt.io/vlt/npm/@esbuild/linux-arm64/-/linux-arm64-0.25.12.tgz 234ms (cache skip)
npm http fetch GET 403 https://registry.vlt.io/vlt/npm/sade/-/sade-1.8.1.tgz 247ms (cache skip)
npm http fetch GET 403 https://registry.vlt.io/vlt/npm/@jridgewell/gen-mapping/-/gen-mapping-0.3.13.tgz 250ms (cache skip)
npm http fetch GET 403 https://registry.vlt.io/vlt/npm/rollup/-/rollup-4.60.3.tgz 260ms (cache skip)
npm http fetch GET 403 https://registry.vlt.io/vlt/npm/mri/-/mri-1.2.0.tgz 263ms (cache skip)
npm http fetch GET 403 https://registry.vlt.io/vlt/npm/@jridgewell/resolve-uri/-/resolve-uri-3.1.2.tgz 264ms (cache skip)
npm http fetch GET 403 https://registry.vlt.io/vlt/npm/@jridgewell/trace-mapping/-/trace-mapping-0.3.31.tgz 271ms (cache skip)
npm http fetch GET 403 https://registry.vlt.io/vlt/npm/picocolors/-/picocolors-1.1.1.tgz 275ms (cache skip)
npm http fetch GET 403 https://registry.vlt.io/vlt/npm/readdirp/-/readdirp-4.1.2.tgz 291ms (cache skip)
npm http fetch GET 403 https://registry.vlt.io/vlt/npm/aria-query/-/aria-query-5.3.1.tgz 304ms (cache skip)
npm http fetch GET 403 https://registry.vlt.io/vlt/npm/locate-character/-/locate-character-3.0.0.tgz 308ms (cache skip)
npm http fetch GET 403 https://registry.vlt.io/vlt/npm/zimmerframe/-/zimmerframe-1.1.4.tgz 328ms (cache skip)
npm http fetch GET 403 https://registry.vlt.io/vlt/npm/@types/estree/-/estree-1.0.8.tgz 357ms (cache skip)
npm http fetch GET 403 https://registry.vlt.io/vlt/npm/chokidar/-/chokidar-4.0.3.tgz 368ms (cache skip)
npm http fetch GET 403 https://registry.vlt.io/vlt/npm/totalist/-/totalist-3.0.1.tgz 366ms (cache skip)
npm http fetch GET 403 https://registry.vlt.io/vlt/npm/axobject-query/-/axobject-query-4.1.0.tgz 373ms (cache skip)
npm http fetch GET 403 https://registry.vlt.io/vlt/npm/esrap/-/esrap-2.2.6.tgz 376ms (cache skip)
npm http fetch GET 403 https://registry.vlt.io/vlt/npm/@jridgewell/sourcemap-codec/-/sourcemap-codec-1.5.5.tgz 376ms (cache skip)
npm http fetch GET 403 https://registry.vlt.io/vlt/npm/is-reference/-/is-reference-3.0.3.tgz 381ms (cache skip)
npm http fetch GET 403 https://registry.vlt.io/vlt/npm/clsx/-/clsx-2.1.1.tgz 388ms (cache skip)
npm http fetch GET 403 https://registry.vlt.io/vlt/npm/@types/trusted-types/-/trusted-types-2.0.7.tgz 394ms (cache skip)
npm http fetch GET 403 https://registry.vlt.io/vlt/npm/vitefu/-/vitefu-1.1.3.tgz 396ms (cache skip)
npm http fetch GET 403 https://registry.vlt.io/vlt/npm/@jridgewell/remapping/-/remapping-2.3.5.tgz 413ms (cache skip)
npm http fetch GET 403 https://registry.vlt.io/vlt/npm/deepmerge/-/deepmerge-4.3.1.tgz 429ms (cache skip)
npm http fetch GET 403 https://registry.vlt.io/vlt/npm/@polka/url/-/url-1.0.0-next.29.tgz 431ms (cache skip)
npm http fetch GET 403 https://registry.vlt.io/vlt/npm/@sveltejs/vite-plugin-svelte-inspector/-/vite-plugin-svelte-inspector-4.0.1.tgz 431ms (cache skip)
npm http fetch GET 403 https://registry.vlt.io/vlt/npm/ms/-/ms-2.1.3.tgz 432ms (cache skip)
npm http fetch GET 403 https://registry.vlt.io/vlt/npm/magic-string/-/magic-string-0.30.21.tgz 452ms (cache skip)
npm http fetch GET 403 https://registry.vlt.io/vlt/npm/sirv/-/sirv-3.0.2.tgz 453ms (cache skip)
npm http fetch GET 403 https://registry.vlt.io/vlt/npm/mrmime/-/mrmime-2.0.1.tgz 457ms (cache skip)
npm http fetch GET 403 https://registry.vlt.io/vlt/npm/kleur/-/kleur-4.1.5.tgz 468ms (cache skip)
npm http fetch GET 403 https://registry.vlt.io/vlt/npm/cookie/-/cookie-0.6.0.tgz 474ms (cache skip)
npm http fetch GET 403 https://registry.vlt.io/vlt/npm/debug/-/debug-4.4.3.tgz 479ms (cache skip)
npm http fetch GET 403 https://registry.vlt.io/vlt/npm/@types/cookie/-/cookie-0.6.0.tgz 483ms (cache skip)
npm http fetch GET 403 https://registry.vlt.io/vlt/npm/esm-env/-/esm-env-1.2.2.tgz 485ms (cache skip)
npm http fetch GET 403 https://registry.vlt.io/vlt/npm/devalue/-/devalue-5.8.0.tgz 491ms (cache skip)
npm http fetch GET 403 https://registry.vlt.io/vlt/npm/set-cookie-parser/-/set-cookie-parser-3.1.0.tgz 499ms (cache skip)
npm http fetch GET 403 https://registry.vlt.io/vlt/npm/@sveltejs/acorn-typescript/-/acorn-typescript-1.0.9.tgz 498ms (cache skip)
npm http fetch GET 403 https://registry.vlt.io/vlt/npm/acorn/-/acorn-8.16.0.tgz 507ms (cache skip)
npm http fetch GET 403 https://registry.vlt.io/vlt/npm/@standard-schema/spec/-/spec-1.1.0.tgz 512ms (cache skip)
npm http fetch GET 403 https://registry.vlt.io/vlt/npm/typescript/-/typescript-5.9.3.tgz 526ms (cache skip)
npm http fetch GET 403 https://registry.vlt.io/vlt/npm/svelte-check/-/svelte-check-4.4.8.tgz 531ms (cache skip)
npm http fetch GET 403 https://registry.vlt.io/vlt/npm/@sveltejs/kit/-/kit-2.59.1.tgz 548ms (cache skip)
npm http fetch GET 403 https://registry.vlt.io/vlt/npm/vite/-/vite-6.4.2.tgz 551ms (cache skip)
npm http fetch GET 403 https://registry.vlt.io/vlt/npm/@sveltejs/vite-plugin-svelte/-/vite-plugin-svelte-5.1.1.tgz 554ms (cache skip)
npm http fetch GET 403 https://registry.vlt.io/vlt/npm/@sveltejs/adapter-auto/-/adapter-auto-3.3.1.tgz 557ms (cache skip)
npm http fetch GET 403 https://registry.vlt.io/vlt/npm/import-meta-resolve/-/import-meta-resolve-4.2.0.tgz 566ms (cache skip)
npm http fetch GET 403 https://registry.vlt.io/vlt/npm/svelte/-/svelte-5.55.5.tgz 568ms (cache skip)
npm http fetch GET 403 https://registry.vlt.io/vlt/npm/@neoconfetti/svelte/-/svelte-2.2.2.tgz 568ms (cache skip)
npm http fetch GET 403 https://registry.vlt.io/vlt/npm/@fontsource/fira-mono/-/fira-mono-5.2.7.tgz 569ms (cache skip)
npm error code E403
npm error 403 403 Forbidden - GET https://registry.vlt.io/vlt/npm/source-map-js/-/source-map-js-1.2.1.tgz
npm error 403 In most cases, you or one of your dependencies are requesting a package version that is forbidden by your security policy, or on a server you do not have access to.
npm error A complete log of this run can be found in: /home/runner/.npm/_logs/2026-05-06T11_01_23_242Z-debug-0.log
