[94m➤[39m YN0000: · Yarn 4.17.0
[94m➤[39m [90mYN0000[39m: ┌ Resolution step
::group::Resolution step
[94m➤[39m YN0085: │ [38;5;70m+[39m [38;5;166m@playwright/[39m[38;5;173mtest[39m[38;5;111m@[39m[38;5;111mnpm:1.61.1[39m, [38;5;166m@tsconfig/[39m[38;5;173mnode22[39m[38;5;111m@[39m[38;5;111mnpm:22.0.5[39m, [38;5;166m@types/[39m[38;5;173mjsdom[39m[38;5;111m@[39m[38;5;111mnpm:21.1.7[39m, [38;5;166m@types/[39m[38;5;173mnode[39m[38;5;111m@[39m[38;5;111mnpm:22.20.0[39m, [38;5;166m@vitejs/[39m[38;5;173mplugin-vue-jsx[39m[38;5;111m@[39m[38;5;111mnpm:4.2.0[39m, and [38;5;220m537[39m more.
::endgroup::
[94m➤[39m [90mYN0000[39m: └ Completed in 1s 125ms
[94m➤[39m [90mYN0000[39m: ┌ Post-resolution validation
::group::Post-resolution validation
[93m➤[39m YN0002: │ [38;5;173mvue-project[39m[38;5;111m@[39m[38;5;111mworkspace:.[39m doesn't provide [38;5;166m@typescript-eslint/[39m[38;5;173mutils[39m ([38;5;111mp905933[39m), requested by [38;5;166m@vitest/[39m[38;5;173meslint-plugin[39m.
[93m➤[39m YN0002: │ [38;5;173mvue-project[39m[38;5;111m@[39m[38;5;111mworkspace:.[39m doesn't provide [38;5;166m@vue/[39m[38;5;173mcompiler-dom[39m ([38;5;111mp2bd422[39m), requested by [38;5;166m@vue/[39m[38;5;173mtest-utils[39m.
[93m➤[39m YN0086: │ Some peer dependencies are incorrectly met by your project; run [38;5;111myarn explain peer-requirements <hash>[39m for details, where [38;5;111m<hash>[39m is the six-letter p-prefixed code.
[93m➤[39m YN0086: │ Some peer dependencies are incorrectly met by dependencies; run [38;5;111myarn explain peer-requirements[39m for details.
::endgroup::
[94m➤[39m [90mYN0000[39m: └ Completed
[94m➤[39m [90mYN0000[39m: ┌ Fetch step
::group::Fetch step
[94m➤[39m YN0013: │ [38;5;220m469[39m packages were added to the project ([38;5;160m+ 193.88 MiB[39m).
::endgroup::
[94m➤[39m [90mYN0000[39m: └ Completed in 2s 456ms
[94m➤[39m [90mYN0000[39m: ┌ Link step
::group::Link step
[93m➤[39m YN0004: │ [38;5;173mesbuild[39m[38;5;111m@[39m[38;5;111mnpm:0.21.5[39m lists build scripts, but all build scripts have been disabled.
[93m➤[39m YN0004: │ [38;5;173mesbuild[39m[38;5;111m@[39m[38;5;111mnpm:0.25.12[39m lists build scripts, but all build scripts have been disabled.
[93m➤[39m YN0004: │ [38;5;173mvue-demi[39m[38;5;111m@[39m[38;5;111mnpm:0.14.10 [74003][39m lists build scripts, but all build scripts have been disabled.
::endgroup::
[94m➤[39m [90mYN0000[39m: └ Completed in 1s 718ms
[93m➤[39m YN0000: · Done with warnings in 5s 356ms
