Error:   × installing dependencies
  ├─▶ failed to import "/home/runner/.local/share/pnpm/store/v11/files/
  │   dd/964c87ef7a8aafbcc57b4a0866e8b81a3e06b0bd9517aa5b99008c9317df743ef9997
  │   88991ce895567847fc24c82170a57983253e7178c6f91780aa7cbd573" to "/home/
  │   runner/work/benchmarks/benchmarks/fixtures/vue/node_modules/.pnpm/
  │   jest@30.4.2/node_modules/jest/LICENSE": No such file or directory (os
  │   error 2)
  ├─▶ failed to import "/home/runner/.local/share/pnpm/store/v11/files/
  │   dd/964c87ef7a8aafbcc57b4a0866e8b81a3e06b0bd9517aa5b99008c9317df743ef9997
  │   88991ce895567847fc24c82170a57983253e7178c6f91780aa7cbd573" to "/home/
  │   runner/work/benchmarks/benchmarks/fixtures/vue/node_modules/.pnpm/
  │   jest@30.4.2/node_modules/jest/LICENSE": No such file or directory (os
  │   error 2)
  ├─▶ failed to import "/home/runner/.local/share/pnpm/store/v11/files/
  │   dd/964c87ef7a8aafbcc57b4a0866e8b81a3e06b0bd9517aa5b99008c9317df743ef9997
  │   88991ce895567847fc24c82170a57983253e7178c6f91780aa7cbd573" to "/home/
  │   runner/work/benchmarks/benchmarks/fixtures/vue/node_modules/.pnpm/
  │   jest@30.4.2/node_modules/jest/LICENSE": No such file or directory (os
  │   error 2)
  ├─▶ failed to import "/home/runner/.local/share/pnpm/store/v11/files/
  │   dd/964c87ef7a8aafbcc57b4a0866e8b81a3e06b0bd9517aa5b99008c9317df743ef9997
  │   88991ce895567847fc24c82170a57983253e7178c6f91780aa7cbd573" to "/home/
  │   runner/work/benchmarks/benchmarks/fixtures/vue/node_modules/.pnpm/
  │   jest@30.4.2/node_modules/jest/LICENSE": No such file or directory (os
  │   error 2)
  ├─▶ failed to import "/home/runner/.local/share/pnpm/store/v11/files/
  │   dd/964c87ef7a8aafbcc57b4a0866e8b81a3e06b0bd9517aa5b99008c9317df743ef9997
  │   88991ce895567847fc24c82170a57983253e7178c6f91780aa7cbd573" to "/home/
  │   runner/work/benchmarks/benchmarks/fixtures/vue/node_modules/.pnpm/
  │   jest@30.4.2/node_modules/jest/LICENSE": No such file or directory (os
  │   error 2)
  ╰─▶ No such file or directory (os error 2)

