[zpm prepare]
cwd:
/home/runner/work/benchmarks/benchmarks/fixtures/vue
package.json:
-rw-r--r-- 1 runner runner 1300 May 16 10:52 package.json
yarn path:
/home/runner/.yarn/switch/bin/yarn
yarn version:
4.14.1
canary version:
6.0.0-rc.18
packageManager (before):
"yarn@4.14.1"
set packageManager=yarn@6.0.0-rc.18:
packageManager (after):
"yarn@6.0.0-rc.18"
[zpm prepare]
cwd:
/home/runner/work/benchmarks/benchmarks/fixtures/vue
package.json:
-rw-r--r-- 1 runner runner 1300 May 16 10:52 package.json
yarn path:
/home/runner/.yarn/switch/bin/yarn
yarn version:
4.14.1
canary version:
6.0.0-rc.18
packageManager (before):
"yarn@4.14.1"
set packageManager=yarn@6.0.0-rc.18:
packageManager (after):
"yarn@6.0.0-rc.18"
[zpm prepare]
cwd:
/home/runner/work/benchmarks/benchmarks/fixtures/vue
package.json:
-rw-r--r-- 1 runner runner 1300 May 16 10:53 package.json
yarn path:
/home/runner/.yarn/switch/bin/yarn
yarn version:
4.14.1
canary version:
6.0.0-rc.18
packageManager (before):
"yarn@4.14.1"
set packageManager=yarn@6.0.0-rc.18:
packageManager (after):
"yarn@6.0.0-rc.18"
[zpm prepare]
cwd:
/home/runner/work/benchmarks/benchmarks/fixtures/vue
package.json:
-rw-r--r-- 1 runner runner 1300 May 16 10:53 package.json
yarn path:
/home/runner/.yarn/switch/bin/yarn
yarn version:
4.14.1
canary version:
6.0.0-rc.18
packageManager (before):
"yarn@4.14.1"
set packageManager=yarn@6.0.0-rc.18:
packageManager (after):
"yarn@6.0.0-rc.18"
[zpm prepare]
cwd:
/home/runner/work/benchmarks/benchmarks/fixtures/vue
package.json:
-rw-r--r-- 1 runner runner 1300 May 16 10:53 package.json
yarn path:
/home/runner/.yarn/switch/bin/yarn
yarn version:
4.14.1
canary version:
6.0.0-rc.18
packageManager (before):
"yarn@4.14.1"
set packageManager=yarn@6.0.0-rc.18:
packageManager (after):
"yarn@6.0.0-rc.18"
[zpm prepare]
cwd:
/home/runner/work/benchmarks/benchmarks/fixtures/vue
package.json:
-rw-r--r-- 1 runner runner 1300 May 16 10:53 package.json
yarn path:
/home/runner/.yarn/switch/bin/yarn
yarn version:
4.14.1
canary version:
6.0.0-rc.18
packageManager (before):
"yarn@4.14.1"
set packageManager=yarn@6.0.0-rc.18:
packageManager (after):
"yarn@6.0.0-rc.18"
[zpm prepare]
cwd:
/home/runner/work/benchmarks/benchmarks/fixtures/vue
package.json:
-rw-r--r-- 1 runner runner 1300 May 16 10:53 package.json
yarn path:
/home/runner/.yarn/switch/bin/yarn
yarn version:
4.14.1
canary version:
6.0.0-rc.18
packageManager (before):
"yarn@4.14.1"
set packageManager=yarn@6.0.0-rc.18:
packageManager (after):
"yarn@6.0.0-rc.18"
[zpm prepare]
cwd:
/home/runner/work/benchmarks/benchmarks/fixtures/vue
package.json:
-rw-r--r-- 1 runner runner 1300 May 16 11:08 package.json
yarn path:
/home/runner/.yarn/switch/bin/yarn
yarn version:
4.14.1
canary version:
6.0.0-rc.18
packageManager (before):
"yarn@4.14.1"
set packageManager=yarn@6.0.0-rc.18:
packageManager (after):
"yarn@6.0.0-rc.18"
