(node:5737) [DEP0169] DeprecationWarning: `url.parse()` behavior is not standardized and prone to errors that have security implications. Use the WHATWG URL API instead. CVEs are not issued for `url.parse()` vulnerabilities.
(Use `node --trace-deprecation ...` to show where the warning was created)
warning @dev/build-tools > mv > rimraf@2.4.5: Rimraf versions prior to v4 are no longer supported
warning @dev/build-tools > mv > rimraf > glob@6.0.4: Old versions of glob are not supported, and contain widely publicized security vulnerabilities, which have been fixed in the current version. Please update. Support for old versions may be purchased (at exorbitant rates) by contacting i@izs.me
warning @dev/build-tools > mv > rimraf > glob > inflight@1.0.6: This module is not supported, and leaks memory. Do not use it. Check out lru-cache if you want a good and tested way to coalesce async requests by a key value, which is much more comprehensive and powerful.
warning jest > @jest/core > jest-config > glob@7.2.3: Old versions of glob are not supported, and contain widely publicized security vulnerabilities, which have been fixed in the current version. Please update. Support for old versions may be purchased (at exorbitant rates) by contacting i@izs.me
warning jest > @jest/core > jest-config > glob > inflight@1.0.6: This module is not supported, and leaks memory. Do not use it. Check out lru-cache if you want a good and tested way to coalesce async requests by a key value, which is much more comprehensive and powerful.
warning jest > @jest/core > jest-runtime > glob@7.2.3: Old versions of glob are not supported, and contain widely publicized security vulnerabilities, which have been fixed in the current version. Please update. Support for old versions may be purchased (at exorbitant rates) by contacting i@izs.me
warning jest > @jest/core > @jest/reporters > glob@7.2.3: Old versions of glob are not supported, and contain widely publicized security vulnerabilities, which have been fixed in the current version. Please update. Support for old versions may be purchased (at exorbitant rates) by contacting i@izs.me
warning jest > @jest/core > @jest/transform > babel-plugin-istanbul > test-exclude > glob@7.2.3: Old versions of glob are not supported, and contain widely publicized security vulnerabilities, which have been fixed in the current version. Please update. Support for old versions may be purchased (at exorbitant rates) by contacting i@izs.me
warning jest-environment-jsdom > jsdom > whatwg-encoding@3.1.1: Use @exodus/bytes instead for a more spec-conformant and faster implementation
warning jest-environment-jsdom > jsdom > html-encoding-sniffer > whatwg-encoding@3.1.1: Use @exodus/bytes instead for a more spec-conformant and faster implementation
warning jest-junit > uuid@8.3.2: uuid@10 and below is no longer supported.  For ESM codebases, update to uuid@latest.  For CommonJS codebases, use uuid@11 (but be aware this version will likely be deprecated in 2028).
warning rimraf > glob@11.1.0: Old versions of glob are not supported, and contain widely publicized security vulnerabilities, which have been fixed in the current version. Please update. Support for old versions may be purchased (at exorbitant rates) by contacting i@izs.me
warning canvas > prebuild-install@7.1.3: No longer maintained. Please contact the author of the relevant native addon; alternatives are available.
warning workspace-aggregator-5a671527-1705-41de-a92e-57ff4d6c143c > @dev/inspector-legacy > @fortawesome/react-fontawesome@0.2.6: v0.2.x is no longer supported. Unless you are still using FontAwesome 5, please update to v3.1.1 or greater.
warning workspace-aggregator-5a671527-1705-41de-a92e-57ff4d6c143c > @dev/shared-ui-components > @fortawesome/react-fontawesome@0.2.6: v0.2.x is no longer supported. Unless you are still using FontAwesome 5, please update to v3.1.1 or greater.
warning workspace-aggregator-5a671527-1705-41de-a92e-57ff4d6c143c > @tools/smart-filters-debugger > @fortawesome/react-fontawesome@0.2.6: v0.2.x is no longer supported. Unless you are still using FontAwesome 5, please update to v3.1.1 or greater.
warning workspace-aggregator-5a671527-1705-41de-a92e-57ff4d6c143c > @tools/smart-filters-editor > @fortawesome/react-fontawesome@0.2.6: v0.2.x is no longer supported. Unless you are still using FontAwesome 5, please update to v3.1.1 or greater.
warning workspace-aggregator-5a671527-1705-41de-a92e-57ff4d6c143c > @babylonjs/viewer > @rollup/plugin-commonjs > glob@10.5.0: Old versions of glob are not supported, and contain widely publicized security vulnerabilities, which have been fixed in the current version. Please update. Support for old versions may be purchased (at exorbitant rates) by contacting i@izs.me
warning workspace-aggregator-5a671527-1705-41de-a92e-57ff4d6c143c > @babylonjs/test-tools > puppeteer@22.15.0: < 24.15.0 is no longer supported
warning workspace-aggregator-5a671527-1705-41de-a92e-57ff4d6c143c > @tools/tests > puppeteer@22.15.0: < 24.15.0 is no longer supported
warning workspace-aggregator-5a671527-1705-41de-a92e-57ff4d6c143c > @tools/viewer > nyc > glob@7.2.3: Old versions of glob are not supported, and contain widely publicized security vulnerabilities, which have been fixed in the current version. Please update. Support for old versions may be purchased (at exorbitant rates) by contacting i@izs.me
warning workspace-aggregator-5a671527-1705-41de-a92e-57ff4d6c143c > @tools/viewer > nyc > rimraf@3.0.2: Rimraf versions prior to v4 are no longer supported
warning workspace-aggregator-5a671527-1705-41de-a92e-57ff4d6c143c > @tools/viewer > nyc > rimraf > glob@7.2.3: Old versions of glob are not supported, and contain widely publicized security vulnerabilities, which have been fixed in the current version. Please update. Support for old versions may be purchased (at exorbitant rates) by contacting i@izs.me
warning workspace-aggregator-5a671527-1705-41de-a92e-57ff4d6c143c > @tools/babylon-server > webpack-dev-server > sockjs > uuid@8.3.2: uuid@10 and below is no longer supported.  For ESM codebases, update to uuid@latest.  For CommonJS codebases, use uuid@11 (but be aware this version will likely be deprecated in 2028).
warning workspace-aggregator-5a671527-1705-41de-a92e-57ff4d6c143c > @tools/viewer > nyc > spawn-wrap > rimraf@3.0.2: Rimraf versions prior to v4 are no longer supported
warning workspace-aggregator-5a671527-1705-41de-a92e-57ff4d6c143c > @tools/viewer > nyc > istanbul-lib-processinfo > uuid@8.3.2: uuid@10 and below is no longer supported.  For ESM codebases, update to uuid@latest.  For CommonJS codebases, use uuid@11 (but be aware this version will likely be deprecated in 2028).
warning workspace-aggregator-5a671527-1705-41de-a92e-57ff4d6c143c > @tools/viewer > nyc > istanbul-lib-processinfo > rimraf@3.0.2: Rimraf versions prior to v4 are no longer supported
warning workspace-aggregator-5a671527-1705-41de-a92e-57ff4d6c143c > @tools/memory-leak-tests > memlab > puppeteer@22.15.0: < 24.15.0 is no longer supported
warning workspace-aggregator-5a671527-1705-41de-a92e-57ff4d6c143c > @tools/memory-leak-tests > memlab > @memlab/core > puppeteer@22.15.0: < 24.15.0 is no longer supported
warning workspace-aggregator-5a671527-1705-41de-a92e-57ff4d6c143c > @tools/memory-leak-tests > memlab > @memlab/api > puppeteer@22.15.0: < 24.15.0 is no longer supported
warning workspace-aggregator-5a671527-1705-41de-a92e-57ff4d6c143c > @tools/memory-leak-tests > memlab > @memlab/heap-analysis > puppeteer@22.15.0: < 24.15.0 is no longer supported
warning workspace-aggregator-5a671527-1705-41de-a92e-57ff4d6c143c > @tools/memory-leak-tests > memlab > @memlab/e2e > puppeteer@22.15.0: < 24.15.0 is no longer supported
warning workspace-aggregator-5a671527-1705-41de-a92e-57ff4d6c143c > @tools/memory-leak-tests > memlab > @memlab/cli > puppeteer@22.15.0: < 24.15.0 is no longer supported
