[zpm prepare]
cwd:
/home/runner/work/benchmarks/benchmarks/fixtures/babylon
package.json:
-rw-r--r-- 1 runner runner 8379 Aug 10 10:57 package.json
yarn path:
/home/runner/.yarn/switch/bin/yarn
yarn version:
1.22.22
canary version:
6.0.0-rc.19
packageManager (before):
set packageManager=yarn@6.0.0-rc.19:
packageManager (after):
yarn@6.0.0-rc.19
[zpm prepare]
cwd:
/home/runner/work/benchmarks/benchmarks/fixtures/babylon
package.json:
-rw-r--r-- 1 runner runner 8379 Aug 10 10:57 package.json
yarn path:
/home/runner/.yarn/switch/bin/yarn
yarn version:
1.22.22
canary version:
6.0.0-rc.19
packageManager (before):
set packageManager=yarn@6.0.0-rc.19:
packageManager (after):
yarn@6.0.0-rc.19
[zpm prepare]
cwd:
/home/runner/work/benchmarks/benchmarks/fixtures/babylon
package.json:
-rw-r--r-- 1 runner runner 8379 Aug 10 10:57 package.json
yarn path:
/home/runner/.yarn/switch/bin/yarn
yarn version:
1.22.22
canary version:
6.0.0-rc.19
packageManager (before):
set packageManager=yarn@6.0.0-rc.19:
packageManager (after):
yarn@6.0.0-rc.19
[zpm prepare]
cwd:
/home/runner/work/benchmarks/benchmarks/fixtures/babylon
package.json:
-rw-r--r-- 1 runner runner 8379 Aug 10 10:58 package.json
yarn path:
/home/runner/.yarn/switch/bin/yarn
yarn version:
1.22.22
canary version:
6.0.0-rc.19
packageManager (before):
set packageManager=yarn@6.0.0-rc.19:
packageManager (after):
yarn@6.0.0-rc.19
[zpm prepare]
cwd:
/home/runner/work/benchmarks/benchmarks/fixtures/babylon
package.json:
-rw-r--r-- 1 runner runner 8379 Aug 10 11:17 package.json
yarn path:
/home/runner/.yarn/switch/bin/yarn
yarn version:
1.22.22
canary version:
6.0.0-rc.19
packageManager (before):
set packageManager=yarn@6.0.0-rc.19:
packageManager (after):
yarn@6.0.0-rc.19
