[WARN] Skipping optional dependency @esbuild/android-x64@0.25.12
[WARN] Skipping optional dependency @esbuild/linux-loong64@0.25.12
[WARN] Skipping optional dependency @esbuild/win32-arm64@0.21.5
[WARN] Skipping optional dependency @rollup/rollup-freebsd-x64@4.62.2
[WARN] Skipping optional dependency @rollup/rollup-win32-arm64-msvc@4.62.2
[WARN] Skipping optional dependency @esbuild/android-arm@0.21.5
[WARN] Skipping optional dependency @esbuild/openbsd-arm64@0.25.12
[WARN] Skipping optional dependency @esbuild/win32-x64@0.25.12
[WARN] Skipping optional dependency @esbuild/freebsd-arm64@0.25.12
[WARN] Skipping optional dependency @esbuild/freebsd-x64@0.21.5
[WARN] Skipping optional dependency @rollup/rollup-darwin-x64@4.62.2
[WARN] Skipping optional dependency @esbuild/win32-ia32@0.21.5
[WARN] Skipping optional dependency @esbuild/android-arm64@0.25.12
[WARN] Skipping optional dependency @rollup/rollup-linux-ppc64-musl@4.62.2
[WARN] Skipping optional dependency @esbuild/netbsd-arm64@0.25.12
[WARN] Skipping optional dependency @esbuild/openbsd-x64@0.25.12
[WARN] Skipping optional dependency @esbuild/netbsd-x64@0.21.5
[WARN] Skipping optional dependency @esbuild/aix-ppc64@0.21.5
[WARN] Skipping optional dependency @rollup/rollup-openbsd-x64@4.62.2
[WARN] Skipping optional dependency @esbuild/darwin-x64@0.25.12
[WARN] Skipping optional dependency @esbuild/netbsd-x64@0.25.12
[WARN] Skipping optional dependency @esbuild/linux-ppc64@0.25.12
[WARN] Skipping optional dependency @esbuild/darwin-x64@0.21.5
[WARN] Skipping optional dependency @esbuild/linux-riscv64@0.21.5
[WARN] Skipping optional dependency @esbuild/android-x64@0.21.5
[WARN] Skipping optional dependency @esbuild/linux-ia32@0.21.5
[WARN] Skipping optional dependency @esbuild/openbsd-x64@0.21.5
[WARN] Skipping optional dependency @esbuild/linux-mips64el@0.21.5
[WARN] Skipping optional dependency @rollup/rollup-linux-s390x-gnu@4.62.2
[WARN] Skipping optional dependency @esbuild/linux-ia32@0.25.12
[WARN] Skipping optional dependency @rollup/rollup-win32-x64-msvc@4.62.2
[WARN] Skipping optional dependency @rollup/rollup-linux-riscv64-musl@4.62.2
[WARN] Skipping optional dependency @rollup/rollup-openharmony-arm64@4.62.2
[WARN] Skipping optional dependency @rollup/rollup-android-arm64@4.62.2
[WARN] Skipping optional dependency @esbuild/sunos-x64@0.25.12
[WARN] Skipping optional dependency @rollup/rollup-linux-arm-musleabihf@4.62.2
[WARN] Skipping optional dependency @esbuild/sunos-x64@0.21.5
[WARN] Skipping optional dependency @rollup/rollup-android-arm-eabi@4.62.2
[WARN] Skipping optional dependency fsevents@2.3.3
[WARN] Skipping optional dependency @rollup/rollup-darwin-arm64@4.62.2
[WARN] Skipping optional dependency @esbuild/win32-x64@0.21.5
[WARN] Skipping optional dependency @rollup/rollup-win32-x64-gnu@4.62.2
[WARN] Skipping optional dependency @rollup/rollup-linux-loong64-gnu@4.62.2
[WARN] Skipping optional dependency @esbuild/linux-ppc64@0.21.5
[WARN] Skipping optional dependency @esbuild/linux-loong64@0.21.5
[WARN] Skipping optional dependency @esbuild/linux-arm@0.25.12
[WARN] Skipping optional dependency @rollup/rollup-linux-loong64-musl@4.62.2
[WARN] Skipping optional dependency @esbuild/freebsd-x64@0.25.12
[WARN] Skipping optional dependency @esbuild/freebsd-arm64@0.21.5
[WARN] Skipping optional dependency @esbuild/darwin-arm64@0.21.5
[WARN] Skipping optional dependency fsevents@2.3.2
[WARN] Skipping optional dependency @esbuild/linux-x64@0.25.12
[WARN] Skipping optional dependency @rollup/rollup-linux-arm-gnueabihf@4.62.2
[WARN] Skipping optional dependency @rollup/rollup-win32-ia32-msvc@4.62.2
[WARN] Skipping optional dependency @esbuild/openharmony-arm64@0.25.12
[WARN] Skipping optional dependency @esbuild/linux-s390x@0.21.5
[WARN] Skipping optional dependency @esbuild/win32-ia32@0.25.12
[WARN] Skipping optional dependency @rollup/rollup-freebsd-arm64@4.62.2
[WARN] Skipping optional dependency @esbuild/linux-arm@0.21.5
[WARN] Skipping optional dependency @rollup/rollup-linux-x64-musl@4.62.2
[WARN] Skipping optional dependency @rollup/rollup-linux-x64-gnu@4.62.2
[WARN] Skipping optional dependency @esbuild/linux-mips64el@0.25.12
[WARN] Skipping optional dependency @esbuild/android-arm@0.25.12
[WARN] Skipping optional dependency @esbuild/win32-arm64@0.25.12
[WARN] Skipping optional dependency @esbuild/android-arm64@0.21.5
[WARN] Skipping optional dependency @esbuild/linux-x64@0.21.5
[WARN] Skipping optional dependency @esbuild/darwin-arm64@0.25.12
[WARN] Skipping optional dependency @esbuild/linux-s390x@0.25.12
[WARN] Skipping optional dependency @rollup/rollup-linux-riscv64-gnu@4.62.2
[WARN] Skipping optional dependency @rollup/rollup-linux-arm64-musl@4.62.2
[WARN] Skipping optional dependency @rollup/rollup-linux-ppc64-gnu@4.62.2
[WARN] Skipping optional dependency @esbuild/aix-ppc64@0.25.12
[WARN] Skipping optional dependency @esbuild/linux-riscv64@0.25.12
? Verifying lockfile against supply-chain policies (520 entries)...
Packages: +447
++++++++++++++++++++++++++++++++++++++++++++++++++++++++++++++++++++++++++++++++
Packages: +447
++++++++++++++++++++++++++++++++++++++++++++++++++++++++++++++++++++++++++++++++
Progress: resolved 447, reused 0, downloaded 217, added 0
✓ Lockfile passes supply-chain policies (520 entries in 1.8s)
Packages are hard linked from the content-addressable store to the virtual store.
  Content-addressable store is at: /home/runner/.local/share/pnpm/store/v11
  Virtual store is at:             node_modules/.pnpm
Progress: resolved 447, reused 0, downloaded 447, added 447, done

dependencies:
+ pinia 2.3.1
+ vue 3.5.40
+ vue-router 4.6.4

devDependencies:
+ @playwright/test 1.61.1
+ @tsconfig/node22 22.0.5
+ @types/jsdom 21.1.7
+ @types/node 22.20.1
+ @vitejs/plugin-vue 5.2.4
+ @vitejs/plugin-vue-jsx 4.2.0
+ @vitest/eslint-plugin 1.1.10
+ @vue/eslint-config-prettier 10.2.0
+ @vue/eslint-config-typescript 14.9.0
+ @vue/test-utils 2.4.11
+ @vue/tsconfig 0.7.0
+ eslint 9.39.5
+ eslint-plugin-playwright 2.10.5
+ eslint-plugin-vue 9.33.0
+ jsdom 25.0.1
+ npm-run-all2 7.0.2
+ prettier 3.9.5
+ typescript 5.6.3
+ vite 6.4.3
+ vite-plugin-vue-devtools 7.7.10
+ vitest 2.1.9
+ vue-tsc 2.2.12

Error: ERR_PNPM_IGNORED_BUILDS

  × installing dependencies
  ╰─▶ Ignored build scripts: esbuild@0.21.5, esbuild@0.25.12, vue-demi@0.14.10
  help: Run "pnpm approve-builds" to pick which dependencies should be allowed
        to run scripts.

