npm http fetch GET 200 https://vlt-451504312483.d.codeartifact.us-east-1.amazonaws.com/npm/code-artifact-benchmark-test/@fontsource%2ffira-mono 445ms (cache miss)
npm http fetch GET 200 https://vlt-451504312483.d.codeartifact.us-east-1.amazonaws.com/npm/code-artifact-benchmark-test/@neoconfetti%2fsvelte 638ms (cache miss)
npm http fetch GET 200 https://vlt-451504312483.d.codeartifact.us-east-1.amazonaws.com/npm/code-artifact-benchmark-test/svelte 691ms (cache miss)
npm http fetch GET 200 https://vlt-451504312483.d.codeartifact.us-east-1.amazonaws.com/npm/code-artifact-benchmark-test/@sveltejs%2fadapter-auto 230ms (cache miss)
npm http fetch GET 200 https://vlt-451504312483.d.codeartifact.us-east-1.amazonaws.com/npm/code-artifact-benchmark-test/@sveltejs%2fkit 467ms (cache miss)
npm http fetch GET 200 https://vlt-451504312483.d.codeartifact.us-east-1.amazonaws.com/npm/code-artifact-benchmark-test/@opentelemetry%2fapi 449ms (cache miss)
npm http fetch GET 200 https://vlt-451504312483.d.codeartifact.us-east-1.amazonaws.com/npm/code-artifact-benchmark-test/@sveltejs%2fvite-plugin-svelte 256ms (cache miss)
npm http fetch GET 200 https://vlt-451504312483.d.codeartifact.us-east-1.amazonaws.com/npm/code-artifact-benchmark-test/vite 3188ms (cache miss)
npm http fetch GET 200 https://vlt-451504312483.d.codeartifact.us-east-1.amazonaws.com/npm/code-artifact-benchmark-test/@types%2fnode 972ms (cache miss)
npm http fetch GET 200 https://vlt-451504312483.d.codeartifact.us-east-1.amazonaws.com/npm/code-artifact-benchmark-test/jiti 217ms (cache miss)
npm http fetch GET 200 https://vlt-451504312483.d.codeartifact.us-east-1.amazonaws.com/npm/code-artifact-benchmark-test/less 514ms (cache miss)
npm http fetch GET 200 https://vlt-451504312483.d.codeartifact.us-east-1.amazonaws.com/npm/code-artifact-benchmark-test/lightningcss 196ms (cache miss)
npm http fetch GET 200 https://vlt-451504312483.d.codeartifact.us-east-1.amazonaws.com/npm/code-artifact-benchmark-test/sass 350ms (cache miss)
npm http fetch GET 200 https://vlt-451504312483.d.codeartifact.us-east-1.amazonaws.com/npm/code-artifact-benchmark-test/sass-embedded 283ms (cache miss)
npm http fetch GET 200 https://vlt-451504312483.d.codeartifact.us-east-1.amazonaws.com/npm/code-artifact-benchmark-test/stylus 212ms (cache miss)
npm http fetch GET 200 https://vlt-451504312483.d.codeartifact.us-east-1.amazonaws.com/npm/code-artifact-benchmark-test/sugarss 178ms (cache miss)
npm http fetch GET 200 https://vlt-451504312483.d.codeartifact.us-east-1.amazonaws.com/npm/code-artifact-benchmark-test/postcss 245ms (cache miss)
npm http fetch GET 200 https://vlt-451504312483.d.codeartifact.us-east-1.amazonaws.com/npm/code-artifact-benchmark-test/terser 334ms (cache miss)
npm http fetch GET 200 https://vlt-451504312483.d.codeartifact.us-east-1.amazonaws.com/npm/code-artifact-benchmark-test/tsx 201ms (cache miss)
npm http fetch GET 200 https://vlt-451504312483.d.codeartifact.us-east-1.amazonaws.com/npm/code-artifact-benchmark-test/yaml 237ms (cache miss)
npm http fetch GET 200 https://vlt-451504312483.d.codeartifact.us-east-1.amazonaws.com/npm/code-artifact-benchmark-test/typescript 1386ms (cache miss)
npm http fetch GET 200 https://vlt-451504312483.d.codeartifact.us-east-1.amazonaws.com/npm/code-artifact-benchmark-test/svelte-check 291ms (cache miss)
npm http fetch GET 200 https://vlt-451504312483.d.codeartifact.us-east-1.amazonaws.com/npm/code-artifact-benchmark-test/@jridgewell%2fremapping 266ms (cache miss)
npm http fetch GET 200 https://vlt-451504312483.d.codeartifact.us-east-1.amazonaws.com/npm/code-artifact-benchmark-test/@sveltejs%2facorn-typescript 378ms (cache miss)
npm http fetch GET 200 https://vlt-451504312483.d.codeartifact.us-east-1.amazonaws.com/npm/code-artifact-benchmark-test/@jridgewell%2fsourcemap-codec 380ms (cache miss)
npm http fetch GET 200 https://vlt-451504312483.d.codeartifact.us-east-1.amazonaws.com/npm/code-artifact-benchmark-test/@types%2festree 173ms (cache miss)
npm http fetch GET 200 https://vlt-451504312483.d.codeartifact.us-east-1.amazonaws.com/npm/code-artifact-benchmark-test/@types%2ftrusted-types 196ms (cache miss)
npm http fetch GET 200 https://vlt-451504312483.d.codeartifact.us-east-1.amazonaws.com/npm/code-artifact-benchmark-test/aria-query 190ms (cache miss)
npm http fetch GET 200 https://vlt-451504312483.d.codeartifact.us-east-1.amazonaws.com/npm/code-artifact-benchmark-test/axobject-query 209ms (cache miss)
npm http fetch GET 200 https://vlt-451504312483.d.codeartifact.us-east-1.amazonaws.com/npm/code-artifact-benchmark-test/clsx 171ms (cache miss)
npm http fetch GET 200 https://vlt-451504312483.d.codeartifact.us-east-1.amazonaws.com/npm/code-artifact-benchmark-test/acorn 597ms (cache miss)
npm http fetch GET 200 https://vlt-451504312483.d.codeartifact.us-east-1.amazonaws.com/npm/code-artifact-benchmark-test/devalue 351ms (cache miss)
npm http fetch GET 200 https://vlt-451504312483.d.codeartifact.us-east-1.amazonaws.com/npm/code-artifact-benchmark-test/esrap 212ms (cache miss)
npm http fetch GET 200 https://vlt-451504312483.d.codeartifact.us-east-1.amazonaws.com/npm/code-artifact-benchmark-test/esm-env 390ms (cache miss)
npm http fetch GET 200 https://vlt-451504312483.d.codeartifact.us-east-1.amazonaws.com/npm/code-artifact-benchmark-test/is-reference 280ms (cache miss)
npm http fetch GET 200 https://vlt-451504312483.d.codeartifact.us-east-1.amazonaws.com/npm/code-artifact-benchmark-test/magic-string 267ms (cache miss)
npm http fetch GET 200 https://vlt-451504312483.d.codeartifact.us-east-1.amazonaws.com/npm/code-artifact-benchmark-test/locate-character 309ms (cache miss)
npm http fetch GET 200 https://vlt-451504312483.d.codeartifact.us-east-1.amazonaws.com/npm/code-artifact-benchmark-test/import-meta-resolve 183ms (cache miss)
npm http fetch GET 200 https://vlt-451504312483.d.codeartifact.us-east-1.amazonaws.com/npm/code-artifact-benchmark-test/@standard-schema%2fspec 196ms (cache miss)
npm http fetch GET 200 https://vlt-451504312483.d.codeartifact.us-east-1.amazonaws.com/npm/code-artifact-benchmark-test/@types%2fcookie 209ms (cache miss)
npm http fetch GET 200 https://vlt-451504312483.d.codeartifact.us-east-1.amazonaws.com/npm/code-artifact-benchmark-test/acorn 196ms (cache updated)
npm http fetch GET 200 https://vlt-451504312483.d.codeartifact.us-east-1.amazonaws.com/npm/code-artifact-benchmark-test/zimmerframe 559ms (cache miss)
npm http fetch GET 200 https://vlt-451504312483.d.codeartifact.us-east-1.amazonaws.com/npm/code-artifact-benchmark-test/cookie 194ms (cache miss)
npm http fetch GET 200 https://vlt-451504312483.d.codeartifact.us-east-1.amazonaws.com/npm/code-artifact-benchmark-test/kleur 173ms (cache miss)
npm http fetch GET 200 https://vlt-451504312483.d.codeartifact.us-east-1.amazonaws.com/npm/code-artifact-benchmark-test/magic-string 246ms (cache updated)
npm http fetch GET 200 https://vlt-451504312483.d.codeartifact.us-east-1.amazonaws.com/npm/code-artifact-benchmark-test/set-cookie-parser 176ms (cache miss)
npm http fetch GET 200 https://vlt-451504312483.d.codeartifact.us-east-1.amazonaws.com/npm/code-artifact-benchmark-test/mrmime 283ms (cache miss)
npm http fetch GET 200 https://vlt-451504312483.d.codeartifact.us-east-1.amazonaws.com/npm/code-artifact-benchmark-test/sirv 185ms (cache miss)
npm http fetch GET 200 https://vlt-451504312483.d.codeartifact.us-east-1.amazonaws.com/npm/code-artifact-benchmark-test/debug 191ms (cache miss)
npm http fetch GET 200 https://vlt-451504312483.d.codeartifact.us-east-1.amazonaws.com/npm/code-artifact-benchmark-test/vitefu 174ms (cache miss)
npm http fetch GET 200 https://vlt-451504312483.d.codeartifact.us-east-1.amazonaws.com/npm/code-artifact-benchmark-test/deepmerge 175ms (cache miss)
npm http fetch GET 200 https://vlt-451504312483.d.codeartifact.us-east-1.amazonaws.com/npm/code-artifact-benchmark-test/@sveltejs%2fvite-plugin-svelte-inspector 171ms (cache miss)
npm http fetch GET 200 https://vlt-451504312483.d.codeartifact.us-east-1.amazonaws.com/npm/code-artifact-benchmark-test/fdir 218ms (cache miss)
npm http fetch GET 200 https://vlt-451504312483.d.codeartifact.us-east-1.amazonaws.com/npm/code-artifact-benchmark-test/magic-string 413ms (cache updated)
npm http fetch GET 200 https://vlt-451504312483.d.codeartifact.us-east-1.amazonaws.com/npm/code-artifact-benchmark-test/postcss 349ms (cache updated)
npm http fetch GET 200 https://vlt-451504312483.d.codeartifact.us-east-1.amazonaws.com/npm/code-artifact-benchmark-test/rollup 560ms (cache miss)
npm http fetch GET 200 https://vlt-451504312483.d.codeartifact.us-east-1.amazonaws.com/npm/code-artifact-benchmark-test/esbuild 605ms (cache miss)
npm http fetch GET 200 https://vlt-451504312483.d.codeartifact.us-east-1.amazonaws.com/npm/code-artifact-benchmark-test/tinyglobby 186ms (cache miss)
npm http fetch GET 200 https://vlt-451504312483.d.codeartifact.us-east-1.amazonaws.com/npm/code-artifact-benchmark-test/picomatch 356ms (cache miss)
npm http fetch GET 200 https://vlt-451504312483.d.codeartifact.us-east-1.amazonaws.com/npm/code-artifact-benchmark-test/fsevents 256ms (cache miss)
npm http fetch GET 200 https://vlt-451504312483.d.codeartifact.us-east-1.amazonaws.com/npm/code-artifact-benchmark-test/@jridgewell%2ftrace-mapping 223ms (cache miss)
npm http fetch GET 200 https://vlt-451504312483.d.codeartifact.us-east-1.amazonaws.com/npm/code-artifact-benchmark-test/chokidar 222ms (cache miss)
npm http fetch GET 200 https://vlt-451504312483.d.codeartifact.us-east-1.amazonaws.com/npm/code-artifact-benchmark-test/fdir 219ms (cache updated)
npm http fetch GET 200 https://vlt-451504312483.d.codeartifact.us-east-1.amazonaws.com/npm/code-artifact-benchmark-test/picocolors 258ms (cache miss)
npm http fetch GET 200 https://vlt-451504312483.d.codeartifact.us-east-1.amazonaws.com/npm/code-artifact-benchmark-test/sade 588ms (cache miss)
npm http fetch GET 200 https://vlt-451504312483.d.codeartifact.us-east-1.amazonaws.com/npm/code-artifact-benchmark-test/totalist 162ms (cache miss)
npm http fetch GET 200 https://vlt-451504312483.d.codeartifact.us-east-1.amazonaws.com/npm/code-artifact-benchmark-test/@polka%2furl 193ms (cache miss)
npm http fetch GET 200 https://vlt-451504312483.d.codeartifact.us-east-1.amazonaws.com/npm/code-artifact-benchmark-test/@jridgewell%2fsourcemap-codec 246ms (cache updated)
npm http fetch GET 200 https://vlt-451504312483.d.codeartifact.us-east-1.amazonaws.com/npm/code-artifact-benchmark-test/ms 233ms (cache miss)
npm http fetch GET 200 https://vlt-451504312483.d.codeartifact.us-east-1.amazonaws.com/npm/code-artifact-benchmark-test/debug 310ms (cache updated)
npm http fetch GET 200 https://vlt-451504312483.d.codeartifact.us-east-1.amazonaws.com/npm/code-artifact-benchmark-test/@typescript-eslint%2ftypes 1528ms (cache miss)
npm http fetch GET 200 https://vlt-451504312483.d.codeartifact.us-east-1.amazonaws.com/npm/code-artifact-benchmark-test/@jridgewell%2fgen-mapping 176ms (cache miss)
npm http fetch GET 200 https://vlt-451504312483.d.codeartifact.us-east-1.amazonaws.com/npm/code-artifact-benchmark-test/@jridgewell%2ftrace-mapping 212ms (cache updated)
npm http fetch GET 200 https://vlt-451504312483.d.codeartifact.us-east-1.amazonaws.com/npm/code-artifact-benchmark-test/@jridgewell%2fresolve-uri 234ms (cache miss)
npm http fetch GET 200 https://vlt-451504312483.d.codeartifact.us-east-1.amazonaws.com/npm/code-artifact-benchmark-test/picomatch 250ms (cache updated)
npm http fetch GET 200 https://vlt-451504312483.d.codeartifact.us-east-1.amazonaws.com/npm/code-artifact-benchmark-test/readdirp 186ms (cache miss)
npm http fetch GET 200 https://vlt-451504312483.d.codeartifact.us-east-1.amazonaws.com/npm/code-artifact-benchmark-test/mri 192ms (cache miss)
npm http fetch GET 200 https://vlt-451504312483.d.codeartifact.us-east-1.amazonaws.com/npm/code-artifact-benchmark-test/@esbuild%2flinux-x64 190ms (cache miss)
npm http fetch GET 200 https://vlt-451504312483.d.codeartifact.us-east-1.amazonaws.com/npm/code-artifact-benchmark-test/@esbuild%2faix-ppc64 195ms (cache miss)
npm http fetch GET 200 https://vlt-451504312483.d.codeartifact.us-east-1.amazonaws.com/npm/code-artifact-benchmark-test/@esbuild%2fwin32-x64 202ms (cache miss)
npm http fetch GET 200 https://vlt-451504312483.d.codeartifact.us-east-1.amazonaws.com/npm/code-artifact-benchmark-test/@esbuild%2flinux-arm 437ms (cache miss)
npm http fetch GET 200 https://vlt-451504312483.d.codeartifact.us-east-1.amazonaws.com/npm/code-artifact-benchmark-test/@esbuild%2fsunos-x64 252ms (cache miss)
npm http fetch GET 200 https://vlt-451504312483.d.codeartifact.us-east-1.amazonaws.com/npm/code-artifact-benchmark-test/@esbuild%2fdarwin-x64 216ms (cache miss)
npm http fetch GET 200 https://vlt-451504312483.d.codeartifact.us-east-1.amazonaws.com/npm/code-artifact-benchmark-test/@esbuild%2flinux-ia32 186ms (cache miss)
npm http fetch GET 200 https://vlt-451504312483.d.codeartifact.us-east-1.amazonaws.com/npm/code-artifact-benchmark-test/@esbuild%2fnetbsd-x64 216ms (cache miss)
npm http fetch GET 200 https://vlt-451504312483.d.codeartifact.us-east-1.amazonaws.com/npm/code-artifact-benchmark-test/@esbuild%2fandroid-arm 189ms (cache miss)
npm http fetch GET 200 https://vlt-451504312483.d.codeartifact.us-east-1.amazonaws.com/npm/code-artifact-benchmark-test/@esbuild%2fandroid-x64 306ms (cache miss)
npm http fetch GET 200 https://vlt-451504312483.d.codeartifact.us-east-1.amazonaws.com/npm/code-artifact-benchmark-test/@esbuild%2fwin32-ia32 378ms (cache miss)
npm http fetch GET 200 https://vlt-451504312483.d.codeartifact.us-east-1.amazonaws.com/npm/code-artifact-benchmark-test/@esbuild%2ffreebsd-x64 194ms (cache miss)
npm http fetch GET 200 https://vlt-451504312483.d.codeartifact.us-east-1.amazonaws.com/npm/code-artifact-benchmark-test/@esbuild%2flinux-ppc64 187ms (cache miss)
npm http fetch GET 200 https://vlt-451504312483.d.codeartifact.us-east-1.amazonaws.com/npm/code-artifact-benchmark-test/@esbuild%2flinux-arm64 218ms (cache miss)
npm http fetch GET 200 https://vlt-451504312483.d.codeartifact.us-east-1.amazonaws.com/npm/code-artifact-benchmark-test/@esbuild%2flinux-s390x 206ms (cache miss)
npm http fetch GET 200 https://vlt-451504312483.d.codeartifact.us-east-1.amazonaws.com/npm/code-artifact-benchmark-test/@esbuild%2fwin32-arm64 198ms (cache miss)
npm http fetch GET 200 https://vlt-451504312483.d.codeartifact.us-east-1.amazonaws.com/npm/code-artifact-benchmark-test/@esbuild%2fopenbsd-x64 213ms (cache miss)
npm http fetch GET 200 https://vlt-451504312483.d.codeartifact.us-east-1.amazonaws.com/npm/code-artifact-benchmark-test/@esbuild%2fnetbsd-arm64 207ms (cache miss)
npm http fetch GET 200 https://vlt-451504312483.d.codeartifact.us-east-1.amazonaws.com/npm/code-artifact-benchmark-test/@esbuild%2fandroid-arm64 201ms (cache miss)
npm http fetch GET 200 https://vlt-451504312483.d.codeartifact.us-east-1.amazonaws.com/npm/code-artifact-benchmark-test/@esbuild%2fdarwin-arm64 556ms (cache miss)
npm http fetch GET 200 https://vlt-451504312483.d.codeartifact.us-east-1.amazonaws.com/npm/code-artifact-benchmark-test/@esbuild%2ffreebsd-arm64 187ms (cache miss)
npm http fetch GET 200 https://vlt-451504312483.d.codeartifact.us-east-1.amazonaws.com/npm/code-artifact-benchmark-test/@esbuild%2flinux-loong64 201ms (cache miss)
npm http fetch GET 200 https://vlt-451504312483.d.codeartifact.us-east-1.amazonaws.com/npm/code-artifact-benchmark-test/@esbuild%2fopenbsd-arm64 162ms (cache miss)
npm http fetch GET 200 https://vlt-451504312483.d.codeartifact.us-east-1.amazonaws.com/npm/code-artifact-benchmark-test/@esbuild%2flinux-mips64el 213ms (cache miss)
npm http fetch GET 200 https://vlt-451504312483.d.codeartifact.us-east-1.amazonaws.com/npm/code-artifact-benchmark-test/@esbuild%2flinux-riscv64 246ms (cache miss)
npm http fetch GET 200 https://vlt-451504312483.d.codeartifact.us-east-1.amazonaws.com/npm/code-artifact-benchmark-test/@esbuild%2fopenharmony-arm64 216ms (cache miss)
npm http fetch GET 200 https://vlt-451504312483.d.codeartifact.us-east-1.amazonaws.com/npm/code-artifact-benchmark-test/source-map-js 296ms (cache miss)
npm http fetch GET 200 https://vlt-451504312483.d.codeartifact.us-east-1.amazonaws.com/npm/code-artifact-benchmark-test/@types%2festree 198ms (cache updated)
npm http fetch GET 200 https://vlt-451504312483.d.codeartifact.us-east-1.amazonaws.com/npm/code-artifact-benchmark-test/nanoid 362ms (cache miss)
npm http fetch GET 200 https://vlt-451504312483.d.codeartifact.us-east-1.amazonaws.com/npm/code-artifact-benchmark-test/@rollup%2frollup-darwin-arm64 249ms (cache miss)
npm http fetch GET 200 https://vlt-451504312483.d.codeartifact.us-east-1.amazonaws.com/npm/code-artifact-benchmark-test/@rollup%2frollup-android-arm64 253ms (cache miss)
npm http fetch GET 200 https://vlt-451504312483.d.codeartifact.us-east-1.amazonaws.com/npm/code-artifact-benchmark-test/@rollup%2frollup-win32-arm64-msvc 237ms (cache miss)
npm http fetch GET 200 https://vlt-451504312483.d.codeartifact.us-east-1.amazonaws.com/npm/code-artifact-benchmark-test/@rollup%2frollup-freebsd-arm64 181ms (cache miss)
npm http fetch GET 200 https://vlt-451504312483.d.codeartifact.us-east-1.amazonaws.com/npm/code-artifact-benchmark-test/@rollup%2frollup-linux-arm64-gnu 248ms (cache miss)
npm http fetch GET 200 https://vlt-451504312483.d.codeartifact.us-east-1.amazonaws.com/npm/code-artifact-benchmark-test/@rollup%2frollup-android-arm-eabi 219ms (cache miss)
npm http fetch GET 200 https://vlt-451504312483.d.codeartifact.us-east-1.amazonaws.com/npm/code-artifact-benchmark-test/@rollup%2frollup-linux-arm64-musl 355ms (cache miss)
npm http fetch GET 200 https://vlt-451504312483.d.codeartifact.us-east-1.amazonaws.com/npm/code-artifact-benchmark-test/@rollup%2frollup-linux-arm-gnueabihf 198ms (cache miss)
npm http fetch GET 200 https://vlt-451504312483.d.codeartifact.us-east-1.amazonaws.com/npm/code-artifact-benchmark-test/@rollup%2frollup-win32-ia32-msvc 195ms (cache miss)
npm http fetch GET 200 https://vlt-451504312483.d.codeartifact.us-east-1.amazonaws.com/npm/code-artifact-benchmark-test/@rollup%2frollup-linux-arm-musleabihf 218ms (cache miss)
npm http fetch GET 200 https://vlt-451504312483.d.codeartifact.us-east-1.amazonaws.com/npm/code-artifact-benchmark-test/@rollup%2frollup-linux-loong64-gnu 185ms (cache miss)
npm http fetch GET 200 https://vlt-451504312483.d.codeartifact.us-east-1.amazonaws.com/npm/code-artifact-benchmark-test/@rollup%2frollup-linux-loong64-musl 209ms (cache miss)
npm http fetch GET 200 https://vlt-451504312483.d.codeartifact.us-east-1.amazonaws.com/npm/code-artifact-benchmark-test/@rollup%2frollup-linux-riscv64-gnu 205ms (cache miss)
npm http fetch GET 200 https://vlt-451504312483.d.codeartifact.us-east-1.amazonaws.com/npm/code-artifact-benchmark-test/@rollup%2frollup-linux-riscv64-musl 196ms (cache miss)
npm http fetch GET 200 https://vlt-451504312483.d.codeartifact.us-east-1.amazonaws.com/npm/code-artifact-benchmark-test/@rollup%2frollup-linux-ppc64-musl 174ms (cache miss)
npm http fetch GET 200 https://vlt-451504312483.d.codeartifact.us-east-1.amazonaws.com/npm/code-artifact-benchmark-test/@rollup%2frollup-linux-ppc64-gnu 203ms (cache miss)
npm http fetch GET 200 https://vlt-451504312483.d.codeartifact.us-east-1.amazonaws.com/npm/code-artifact-benchmark-test/@rollup%2frollup-linux-s390x-gnu 183ms (cache miss)
npm http fetch GET 200 https://vlt-451504312483.d.codeartifact.us-east-1.amazonaws.com/npm/code-artifact-benchmark-test/@rollup%2frollup-win32-x64-gnu 169ms (cache miss)
npm http fetch GET 200 https://vlt-451504312483.d.codeartifact.us-east-1.amazonaws.com/npm/code-artifact-benchmark-test/@rollup%2frollup-darwin-x64 206ms (cache miss)
npm http fetch GET 200 https://vlt-451504312483.d.codeartifact.us-east-1.amazonaws.com/npm/code-artifact-benchmark-test/@rollup%2frollup-win32-x64-msvc 241ms (cache miss)
npm http fetch GET 200 https://vlt-451504312483.d.codeartifact.us-east-1.amazonaws.com/npm/code-artifact-benchmark-test/@rollup%2frollup-freebsd-x64 181ms (cache miss)
npm http fetch GET 200 https://vlt-451504312483.d.codeartifact.us-east-1.amazonaws.com/npm/code-artifact-benchmark-test/@rollup%2frollup-linux-x64-gnu 242ms (cache miss)
npm http fetch GET 200 https://vlt-451504312483.d.codeartifact.us-east-1.amazonaws.com/npm/code-artifact-benchmark-test/@rollup%2frollup-linux-x64-musl 193ms (cache miss)
npm http fetch GET 200 https://vlt-451504312483.d.codeartifact.us-east-1.amazonaws.com/npm/code-artifact-benchmark-test/@rollup%2frollup-openbsd-x64 179ms (cache miss)
npm http fetch GET 200 https://vlt-451504312483.d.codeartifact.us-east-1.amazonaws.com/npm/code-artifact-benchmark-test/@rollup%2frollup-openharmony-arm64 176ms (cache miss)
npm http fetch GET 200 https://vlt-451504312483.d.codeartifact.us-east-1.amazonaws.com/npm/code-artifact-benchmark-test/source-map-js/-/source-map-js-1.2.1.tgz 204ms (cache miss)
npm http fetch GET 200 https://vlt-451504312483.d.codeartifact.us-east-1.amazonaws.com/npm/code-artifact-benchmark-test/@jridgewell/resolve-uri/-/resolve-uri-3.1.2.tgz 300ms (cache miss)
npm http fetch GET 200 https://vlt-451504312483.d.codeartifact.us-east-1.amazonaws.com/npm/code-artifact-benchmark-test/tinyglobby/-/tinyglobby-0.2.16.tgz 343ms (cache miss)
npm http fetch GET 200 https://vlt-451504312483.d.codeartifact.us-east-1.amazonaws.com/npm/code-artifact-benchmark-test/picocolors/-/picocolors-1.1.1.tgz 342ms (cache miss)
npm http fetch GET 200 https://vlt-451504312483.d.codeartifact.us-east-1.amazonaws.com/npm/code-artifact-benchmark-test/readdirp/-/readdirp-4.1.2.tgz 344ms (cache miss)
npm http fetch GET 200 https://vlt-451504312483.d.codeartifact.us-east-1.amazonaws.com/npm/code-artifact-benchmark-test/mri/-/mri-1.2.0.tgz 345ms (cache miss)
npm http fetch GET 200 https://vlt-451504312483.d.codeartifact.us-east-1.amazonaws.com/npm/code-artifact-benchmark-test/sade/-/sade-1.8.1.tgz 348ms (cache miss)
npm http fetch GET 200 https://vlt-451504312483.d.codeartifact.us-east-1.amazonaws.com/npm/code-artifact-benchmark-test/fdir/-/fdir-6.5.0.tgz 377ms (cache miss)
npm http fetch GET 200 https://vlt-451504312483.d.codeartifact.us-east-1.amazonaws.com/npm/code-artifact-benchmark-test/esbuild/-/esbuild-0.25.12.tgz 399ms (cache miss)
npm http fetch GET 200 https://vlt-451504312483.d.codeartifact.us-east-1.amazonaws.com/npm/code-artifact-benchmark-test/picomatch/-/picomatch-4.0.4.tgz 402ms (cache miss)
npm http fetch GET 200 https://vlt-451504312483.d.codeartifact.us-east-1.amazonaws.com/npm/code-artifact-benchmark-test/@esbuild/linux-arm64/-/linux-arm64-0.25.12.tgz 408ms (cache miss)
npm http fetch GET 200 https://vlt-451504312483.d.codeartifact.us-east-1.amazonaws.com/npm/code-artifact-benchmark-test/@jridgewell/trace-mapping/-/trace-mapping-0.3.31.tgz 458ms (cache miss)
npm http fetch GET 200 https://vlt-451504312483.d.codeartifact.us-east-1.amazonaws.com/npm/code-artifact-benchmark-test/zimmerframe/-/zimmerframe-1.1.4.tgz 467ms (cache miss)
npm http fetch GET 200 https://vlt-451504312483.d.codeartifact.us-east-1.amazonaws.com/npm/code-artifact-benchmark-test/locate-character/-/locate-character-3.0.0.tgz 475ms (cache miss)
npm http fetch GET 200 https://vlt-451504312483.d.codeartifact.us-east-1.amazonaws.com/npm/code-artifact-benchmark-test/chokidar/-/chokidar-4.0.3.tgz 480ms (cache miss)
npm http fetch GET 200 https://vlt-451504312483.d.codeartifact.us-east-1.amazonaws.com/npm/code-artifact-benchmark-test/is-reference/-/is-reference-3.0.3.tgz 505ms (cache miss)
npm http fetch GET 200 https://vlt-451504312483.d.codeartifact.us-east-1.amazonaws.com/npm/code-artifact-benchmark-test/nanoid/-/nanoid-3.3.12.tgz 511ms (cache miss)
npm http fetch GET 200 https://vlt-451504312483.d.codeartifact.us-east-1.amazonaws.com/npm/code-artifact-benchmark-test/@jridgewell/gen-mapping/-/gen-mapping-0.3.13.tgz 513ms (cache miss)
npm http fetch GET 200 https://vlt-451504312483.d.codeartifact.us-east-1.amazonaws.com/npm/code-artifact-benchmark-test/@types/trusted-types/-/trusted-types-2.0.7.tgz 537ms (cache miss)
npm http fetch GET 200 https://vlt-451504312483.d.codeartifact.us-east-1.amazonaws.com/npm/code-artifact-benchmark-test/@types/estree/-/estree-1.0.9.tgz 590ms (cache miss)
npm http fetch GET 200 https://vlt-451504312483.d.codeartifact.us-east-1.amazonaws.com/npm/code-artifact-benchmark-test/@jridgewell/remapping/-/remapping-2.3.5.tgz 612ms (cache miss)
npm http fetch GET 200 https://vlt-451504312483.d.codeartifact.us-east-1.amazonaws.com/npm/code-artifact-benchmark-test/@polka/url/-/url-1.0.0-next.29.tgz 631ms (cache miss)
npm http fetch GET 200 https://vlt-451504312483.d.codeartifact.us-east-1.amazonaws.com/npm/code-artifact-benchmark-test/postcss/-/postcss-8.5.15.tgz 643ms (cache miss)
npm http fetch GET 200 https://vlt-451504312483.d.codeartifact.us-east-1.amazonaws.com/npm/code-artifact-benchmark-test/@jridgewell/sourcemap-codec/-/sourcemap-codec-1.5.5.tgz 639ms (cache miss)
npm http fetch GET 200 https://vlt-451504312483.d.codeartifact.us-east-1.amazonaws.com/npm/code-artifact-benchmark-test/ms/-/ms-2.1.3.tgz 645ms (cache miss)
npm http fetch GET 200 https://vlt-451504312483.d.codeartifact.us-east-1.amazonaws.com/npm/code-artifact-benchmark-test/totalist/-/totalist-3.0.1.tgz 647ms (cache miss)
npm http fetch GET 200 https://vlt-451504312483.d.codeartifact.us-east-1.amazonaws.com/npm/code-artifact-benchmark-test/vitefu/-/vitefu-1.1.3.tgz 647ms (cache miss)
npm http fetch GET 200 https://vlt-451504312483.d.codeartifact.us-east-1.amazonaws.com/npm/code-artifact-benchmark-test/deepmerge/-/deepmerge-4.3.1.tgz 660ms (cache miss)
npm http fetch GET 200 https://vlt-451504312483.d.codeartifact.us-east-1.amazonaws.com/npm/code-artifact-benchmark-test/axobject-query/-/axobject-query-4.1.0.tgz 677ms (cache miss)
npm http fetch GET 200 https://vlt-451504312483.d.codeartifact.us-east-1.amazonaws.com/npm/code-artifact-benchmark-test/rollup/-/rollup-4.60.4.tgz 689ms (cache miss)
npm http fetch GET 200 https://vlt-451504312483.d.codeartifact.us-east-1.amazonaws.com/npm/code-artifact-benchmark-test/@rollup/rollup-linux-arm64-gnu/-/rollup-linux-arm64-gnu-4.60.4.tgz 690ms (cache miss)
npm http fetch GET 200 https://vlt-451504312483.d.codeartifact.us-east-1.amazonaws.com/npm/code-artifact-benchmark-test/aria-query/-/aria-query-5.3.1.tgz 700ms (cache miss)
npm http fetch GET 200 https://vlt-451504312483.d.codeartifact.us-east-1.amazonaws.com/npm/code-artifact-benchmark-test/sirv/-/sirv-3.0.2.tgz 709ms (cache miss)
npm http fetch GET 200 https://vlt-451504312483.d.codeartifact.us-east-1.amazonaws.com/npm/code-artifact-benchmark-test/debug/-/debug-4.4.3.tgz 720ms (cache miss)
npm http fetch GET 200 https://vlt-451504312483.d.codeartifact.us-east-1.amazonaws.com/npm/code-artifact-benchmark-test/esm-env/-/esm-env-1.2.2.tgz 779ms (cache miss)
npm http fetch GET 200 https://vlt-451504312483.d.codeartifact.us-east-1.amazonaws.com/npm/code-artifact-benchmark-test/clsx/-/clsx-2.1.1.tgz 787ms (cache miss)
npm http fetch GET 200 https://vlt-451504312483.d.codeartifact.us-east-1.amazonaws.com/npm/code-artifact-benchmark-test/set-cookie-parser/-/set-cookie-parser-3.1.0.tgz 784ms (cache miss)
npm http fetch GET 200 https://vlt-451504312483.d.codeartifact.us-east-1.amazonaws.com/npm/code-artifact-benchmark-test/devalue/-/devalue-5.8.1.tgz 784ms (cache miss)
npm http fetch GET 200 https://vlt-451504312483.d.codeartifact.us-east-1.amazonaws.com/npm/code-artifact-benchmark-test/cookie/-/cookie-0.6.0.tgz 790ms (cache miss)
npm http fetch GET 200 https://vlt-451504312483.d.codeartifact.us-east-1.amazonaws.com/npm/code-artifact-benchmark-test/kleur/-/kleur-4.1.5.tgz 798ms (cache miss)
npm http fetch GET 200 https://vlt-451504312483.d.codeartifact.us-east-1.amazonaws.com/npm/code-artifact-benchmark-test/@types/cookie/-/cookie-0.6.0.tgz 813ms (cache miss)
npm http fetch GET 200 https://vlt-451504312483.d.codeartifact.us-east-1.amazonaws.com/npm/code-artifact-benchmark-test/@sveltejs/acorn-typescript/-/acorn-typescript-1.0.9.tgz 833ms (cache miss)
npm http fetch GET 200 https://vlt-451504312483.d.codeartifact.us-east-1.amazonaws.com/npm/code-artifact-benchmark-test/@standard-schema/spec/-/spec-1.1.0.tgz 838ms (cache miss)
npm http fetch GET 200 https://vlt-451504312483.d.codeartifact.us-east-1.amazonaws.com/npm/code-artifact-benchmark-test/magic-string/-/magic-string-0.30.21.tgz 845ms (cache miss)
npm http fetch GET 200 https://vlt-451504312483.d.codeartifact.us-east-1.amazonaws.com/npm/code-artifact-benchmark-test/import-meta-resolve/-/import-meta-resolve-4.2.0.tgz 862ms (cache miss)
npm http fetch GET 200 https://vlt-451504312483.d.codeartifact.us-east-1.amazonaws.com/npm/code-artifact-benchmark-test/mrmime/-/mrmime-2.0.1.tgz 902ms (cache miss)
npm http fetch GET 200 https://vlt-451504312483.d.codeartifact.us-east-1.amazonaws.com/npm/code-artifact-benchmark-test/acorn/-/acorn-8.16.0.tgz 977ms (cache miss)
npm http fetch GET 200 https://vlt-451504312483.d.codeartifact.us-east-1.amazonaws.com/npm/code-artifact-benchmark-test/@sveltejs/vite-plugin-svelte-inspector/-/vite-plugin-svelte-inspector-4.0.1.tgz 988ms (cache miss)
npm http fetch GET 200 https://vlt-451504312483.d.codeartifact.us-east-1.amazonaws.com/npm/code-artifact-benchmark-test/@neoconfetti/svelte/-/svelte-2.2.2.tgz 984ms (cache miss)
npm http fetch GET 200 https://vlt-451504312483.d.codeartifact.us-east-1.amazonaws.com/npm/code-artifact-benchmark-test/@sveltejs/vite-plugin-svelte/-/vite-plugin-svelte-5.1.1.tgz 999ms (cache miss)
npm http fetch GET 200 https://vlt-451504312483.d.codeartifact.us-east-1.amazonaws.com/npm/code-artifact-benchmark-test/@types/estree/-/estree-1.0.8.tgz 1004ms (cache miss)
npm http fetch GET 200 https://vlt-451504312483.d.codeartifact.us-east-1.amazonaws.com/npm/code-artifact-benchmark-test/esrap/-/esrap-2.2.9.tgz 1007ms (cache miss)
npm http fetch GET 200 https://vlt-451504312483.d.codeartifact.us-east-1.amazonaws.com/npm/code-artifact-benchmark-test/@sveltejs/adapter-auto/-/adapter-auto-3.3.1.tgz 1026ms (cache miss)
npm http fetch GET 200 https://vlt-451504312483.d.codeartifact.us-east-1.amazonaws.com/npm/code-artifact-benchmark-test/@fontsource/fira-mono/-/fira-mono-5.2.7.tgz 1074ms (cache miss)
npm http fetch GET 200 https://vlt-451504312483.d.codeartifact.us-east-1.amazonaws.com/npm/code-artifact-benchmark-test/vite/-/vite-6.4.2.tgz 1142ms (cache miss)
npm http fetch GET 200 https://vlt-451504312483.d.codeartifact.us-east-1.amazonaws.com/npm/code-artifact-benchmark-test/@sveltejs/kit/-/kit-2.60.1.tgz 1188ms (cache miss)
npm http fetch GET 200 https://vlt-451504312483.d.codeartifact.us-east-1.amazonaws.com/npm/code-artifact-benchmark-test/svelte-check/-/svelte-check-4.4.8.tgz 1206ms (cache miss)
npm http fetch GET 200 https://vlt-451504312483.d.codeartifact.us-east-1.amazonaws.com/npm/code-artifact-benchmark-test/typescript/-/typescript-5.9.3.tgz 1365ms (cache miss)
npm http fetch GET 200 https://vlt-451504312483.d.codeartifact.us-east-1.amazonaws.com/npm/code-artifact-benchmark-test/svelte/-/svelte-5.55.8.tgz 1418ms (cache miss)

added 59 packages in 26s
