npm http fetch GET 200 https://npm.cloudsmith.io/vlt/benchmarks/@fontsource%2ffira-mono 254ms (cache miss)
npm http fetch GET 200 https://npm.cloudsmith.io/vlt/benchmarks/@neoconfetti%2fsvelte 240ms (cache miss)
npm http fetch GET 200 https://npm.cloudsmith.io/vlt/benchmarks/svelte 292ms (cache miss)
npm http fetch GET 200 https://npm.cloudsmith.io/vlt/benchmarks/@sveltejs%2fadapter-auto 215ms (cache miss)
npm http fetch GET 200 https://npm.cloudsmith.io/vlt/benchmarks/@sveltejs%2fkit 302ms (cache miss)
npm http fetch GET 200 https://npm.cloudsmith.io/vlt/benchmarks/@sveltejs%2fvite-plugin-svelte 235ms (cache miss)
npm http fetch GET 200 https://npm.cloudsmith.io/vlt/benchmarks/vite 878ms (cache miss)
npm http fetch GET 200 https://npm.cloudsmith.io/vlt/benchmarks/typescript 107ms (cache miss)
npm http fetch GET 200 https://npm.cloudsmith.io/vlt/benchmarks/svelte-check 25ms (cache miss)
npm http fetch GET 200 https://npm.cloudsmith.io/vlt/benchmarks/@jridgewell%2fremapping 20ms (cache miss)
npm http fetch GET 200 https://npm.cloudsmith.io/vlt/benchmarks/@types%2festree 19ms (cache miss)
npm http fetch GET 200 https://npm.cloudsmith.io/vlt/benchmarks/@jridgewell%2fsourcemap-codec 46ms (cache miss)
npm http fetch GET 200 https://npm.cloudsmith.io/vlt/benchmarks/@sveltejs%2facorn-typescript 53ms (cache miss)
npm http fetch GET 200 https://npm.cloudsmith.io/vlt/benchmarks/acorn 216ms (cache miss)
npm http fetch GET 200 https://npm.cloudsmith.io/vlt/benchmarks/clsx 18ms (cache miss)
npm http fetch GET 200 https://npm.cloudsmith.io/vlt/benchmarks/aria-query 245ms (cache miss)
npm http fetch GET 200 https://npm.cloudsmith.io/vlt/benchmarks/devalue 20ms (cache miss)
npm http fetch GET 200 https://npm.cloudsmith.io/vlt/benchmarks/axobject-query 256ms (cache miss)
npm http fetch GET 200 https://npm.cloudsmith.io/vlt/benchmarks/esm-env 20ms (cache miss)
npm http fetch GET 200 https://npm.cloudsmith.io/vlt/benchmarks/esrap 17ms (cache miss)
npm http fetch GET 200 https://npm.cloudsmith.io/vlt/benchmarks/locate-character 20ms (cache miss)
npm http fetch GET 200 https://npm.cloudsmith.io/vlt/benchmarks/is-reference 25ms (cache miss)
npm http fetch GET 200 https://npm.cloudsmith.io/vlt/benchmarks/magic-string 20ms (cache miss)
npm http fetch GET 200 https://npm.cloudsmith.io/vlt/benchmarks/zimmerframe 18ms (cache miss)
npm http fetch GET 200 https://npm.cloudsmith.io/vlt/benchmarks/import-meta-resolve 23ms (cache miss)
npm http fetch GET 200 https://npm.cloudsmith.io/vlt/benchmarks/@standard-schema%2fspec 19ms (cache miss)
npm http fetch GET 200 https://npm.cloudsmith.io/vlt/benchmarks/@sveltejs%2facorn-typescript 23ms (cache updated)
npm http fetch GET 200 https://npm.cloudsmith.io/vlt/benchmarks/@types%2fcookie 21ms (cache miss)
npm http fetch GET 200 https://npm.cloudsmith.io/vlt/benchmarks/acorn 25ms (cache updated)
npm http fetch GET 200 https://npm.cloudsmith.io/vlt/benchmarks/cookie 34ms (cache miss)
npm http fetch GET 200 https://npm.cloudsmith.io/vlt/benchmarks/devalue 30ms (cache updated)
npm http fetch GET 200 https://npm.cloudsmith.io/vlt/benchmarks/esm-env 25ms (cache updated)
npm http fetch GET 200 https://npm.cloudsmith.io/vlt/benchmarks/mrmime 22ms (cache miss)
npm http fetch GET 200 https://npm.cloudsmith.io/vlt/benchmarks/magic-string 30ms (cache updated)
npm http fetch GET 200 https://npm.cloudsmith.io/vlt/benchmarks/kleur 36ms (cache miss)
npm http fetch GET 200 https://npm.cloudsmith.io/vlt/benchmarks/set-cookie-parser 19ms (cache miss)
npm http fetch GET 200 https://npm.cloudsmith.io/vlt/benchmarks/@sveltejs%2fvite-plugin-svelte-inspector 20ms (cache miss)
npm http fetch GET 200 https://npm.cloudsmith.io/vlt/benchmarks/sirv 25ms (cache miss)
npm http fetch GET 200 https://npm.cloudsmith.io/vlt/benchmarks/debug 18ms (cache miss)
npm http fetch GET 200 https://npm.cloudsmith.io/vlt/benchmarks/magic-string 29ms (cache updated)
npm http fetch GET 200 https://npm.cloudsmith.io/vlt/benchmarks/deepmerge 36ms (cache miss)
npm http fetch GET 200 https://npm.cloudsmith.io/vlt/benchmarks/esbuild 47ms (cache miss)
npm http fetch GET 200 https://npm.cloudsmith.io/vlt/benchmarks/picomatch 22ms (cache miss)
npm http fetch GET 200 https://npm.cloudsmith.io/vlt/benchmarks/postcss 26ms (cache miss)
npm http fetch GET 200 https://npm.cloudsmith.io/vlt/benchmarks/rollup 48ms (cache miss)
npm http fetch GET 200 https://npm.cloudsmith.io/vlt/benchmarks/vitefu 218ms (cache miss)
npm http fetch GET 200 https://npm.cloudsmith.io/vlt/benchmarks/tinyglobby 26ms (cache miss)
npm http fetch GET 200 https://npm.cloudsmith.io/vlt/benchmarks/fsevents 23ms (cache miss)
npm http fetch GET 200 https://npm.cloudsmith.io/vlt/benchmarks/fdir 218ms (cache miss)
npm http fetch GET 200 https://npm.cloudsmith.io/vlt/benchmarks/@jridgewell%2ftrace-mapping 25ms (cache miss)
npm http fetch GET 200 https://npm.cloudsmith.io/vlt/benchmarks/chokidar 25ms (cache miss)
npm http fetch GET 200 https://npm.cloudsmith.io/vlt/benchmarks/fdir 25ms (cache updated)
npm http fetch GET 200 https://npm.cloudsmith.io/vlt/benchmarks/picocolors 21ms (cache miss)
npm http fetch GET 200 https://npm.cloudsmith.io/vlt/benchmarks/sade 19ms (cache miss)
npm http fetch GET 200 https://npm.cloudsmith.io/vlt/benchmarks/@sveltejs%2fload-config 29ms (cache miss)
npm http fetch GET 200 https://npm.cloudsmith.io/vlt/benchmarks/totalist 18ms (cache miss)
npm http fetch GET 200 https://npm.cloudsmith.io/vlt/benchmarks/@jridgewell%2fsourcemap-codec 23ms (cache updated)
npm http fetch GET 200 https://npm.cloudsmith.io/vlt/benchmarks/@polka%2furl 24ms (cache miss)
npm http fetch GET 200 https://npm.cloudsmith.io/vlt/benchmarks/ms 19ms (cache miss)
npm http fetch GET 200 https://npm.cloudsmith.io/vlt/benchmarks/debug 23ms (cache updated)
npm http fetch GET 200 https://npm.cloudsmith.io/vlt/benchmarks/@jridgewell%2fgen-mapping 20ms (cache miss)
npm http fetch GET 200 https://npm.cloudsmith.io/vlt/benchmarks/@jridgewell%2ftrace-mapping 34ms (cache updated)
npm http fetch GET 200 https://npm.cloudsmith.io/vlt/benchmarks/@jridgewell%2fresolve-uri 20ms (cache miss)
npm http fetch GET 200 https://npm.cloudsmith.io/vlt/benchmarks/readdirp 20ms (cache miss)
npm http fetch GET 200 https://npm.cloudsmith.io/vlt/benchmarks/mri 31ms (cache miss)
npm http fetch GET 200 https://npm.cloudsmith.io/vlt/benchmarks/@esbuild%2faix-ppc64 23ms (cache miss)
npm http fetch GET 200 https://npm.cloudsmith.io/vlt/benchmarks/@esbuild%2fandroid-arm 26ms (cache miss)
npm http fetch GET 200 https://npm.cloudsmith.io/vlt/benchmarks/@esbuild%2fandroid-arm64 32ms (cache miss)
npm http fetch GET 200 https://npm.cloudsmith.io/vlt/benchmarks/@esbuild%2fandroid-x64 25ms (cache miss)
npm http fetch GET 200 https://npm.cloudsmith.io/vlt/benchmarks/@esbuild%2fdarwin-arm64 24ms (cache miss)
npm http fetch GET 200 https://npm.cloudsmith.io/vlt/benchmarks/@esbuild%2fdarwin-x64 22ms (cache miss)
npm http fetch GET 200 https://npm.cloudsmith.io/vlt/benchmarks/@esbuild%2ffreebsd-x64 23ms (cache miss)
npm http fetch GET 200 https://npm.cloudsmith.io/vlt/benchmarks/@esbuild%2ffreebsd-arm64 29ms (cache miss)
npm http fetch GET 200 https://npm.cloudsmith.io/vlt/benchmarks/@esbuild%2flinux-arm 25ms (cache miss)
npm http fetch GET 200 https://npm.cloudsmith.io/vlt/benchmarks/@esbuild%2flinux-arm64 25ms (cache miss)
npm http fetch GET 200 https://npm.cloudsmith.io/vlt/benchmarks/@esbuild%2flinux-ia32 23ms (cache miss)
npm http fetch GET 200 https://npm.cloudsmith.io/vlt/benchmarks/@esbuild%2flinux-loong64 24ms (cache miss)
npm http fetch GET 200 https://npm.cloudsmith.io/vlt/benchmarks/@esbuild%2flinux-mips64el 27ms (cache miss)
npm http fetch GET 200 https://npm.cloudsmith.io/vlt/benchmarks/@esbuild%2flinux-ppc64 28ms (cache miss)
npm http fetch GET 200 https://npm.cloudsmith.io/vlt/benchmarks/@esbuild%2flinux-riscv64 26ms (cache miss)
npm http fetch GET 200 https://npm.cloudsmith.io/vlt/benchmarks/@esbuild%2flinux-s390x 24ms (cache miss)
npm http fetch GET 200 https://npm.cloudsmith.io/vlt/benchmarks/@esbuild%2flinux-x64 25ms (cache miss)
npm http fetch GET 200 https://npm.cloudsmith.io/vlt/benchmarks/@esbuild%2fnetbsd-arm64 38ms (cache miss)
npm http fetch GET 200 https://npm.cloudsmith.io/vlt/benchmarks/@esbuild%2fnetbsd-x64 21ms (cache miss)
npm http fetch GET 200 https://npm.cloudsmith.io/vlt/benchmarks/@esbuild%2fopenbsd-arm64 24ms (cache miss)
npm http fetch GET 200 https://npm.cloudsmith.io/vlt/benchmarks/@esbuild%2fopenharmony-arm64 17ms (cache miss)
npm http fetch GET 200 https://npm.cloudsmith.io/vlt/benchmarks/@esbuild%2fsunos-x64 23ms (cache miss)
npm http fetch GET 200 https://npm.cloudsmith.io/vlt/benchmarks/@esbuild%2fopenbsd-x64 35ms (cache miss)
npm http fetch GET 200 https://npm.cloudsmith.io/vlt/benchmarks/@esbuild%2fwin32-arm64 20ms (cache miss)
npm http fetch GET 200 https://npm.cloudsmith.io/vlt/benchmarks/@esbuild%2fwin32-x64 22ms (cache miss)
npm http fetch GET 200 https://npm.cloudsmith.io/vlt/benchmarks/@esbuild%2fwin32-ia32 28ms (cache miss)
npm http fetch GET 200 https://npm.cloudsmith.io/vlt/benchmarks/nanoid 23ms (cache miss)
npm http fetch GET 200 https://npm.cloudsmith.io/vlt/benchmarks/source-map-js 23ms (cache miss)
npm http fetch GET 200 https://npm.cloudsmith.io/vlt/benchmarks/@napi-rs%2flzma-linux-x64-gnu 20ms (cache miss)
npm http fetch GET 200 https://npm.cloudsmith.io/vlt/benchmarks/@rollup%2frollup-darwin-arm64 20ms (cache miss)
npm http fetch GET 200 https://npm.cloudsmith.io/vlt/benchmarks/@rollup%2frollup-win32-arm64-msvc 24ms (cache miss)
npm http fetch GET 200 https://npm.cloudsmith.io/vlt/benchmarks/@rollup%2frollup-android-arm64 29ms (cache miss)
npm http fetch GET 200 https://npm.cloudsmith.io/vlt/benchmarks/@rollup%2frollup-freebsd-arm64 24ms (cache miss)
npm http fetch GET 200 https://npm.cloudsmith.io/vlt/benchmarks/@rollup%2frollup-linux-arm64-musl 23ms (cache miss)
npm http fetch GET 200 https://npm.cloudsmith.io/vlt/benchmarks/@rollup%2frollup-linux-arm64-gnu 30ms (cache miss)
npm http fetch GET 200 https://npm.cloudsmith.io/vlt/benchmarks/@rollup%2frollup-android-arm-eabi 26ms (cache miss)
npm http fetch GET 200 https://npm.cloudsmith.io/vlt/benchmarks/@rollup%2frollup-linux-arm-musleabihf 24ms (cache miss)
npm http fetch GET 200 https://npm.cloudsmith.io/vlt/benchmarks/@rollup%2frollup-linux-arm-gnueabihf 30ms (cache miss)
npm http fetch GET 200 https://npm.cloudsmith.io/vlt/benchmarks/@rollup%2frollup-win32-ia32-msvc 26ms (cache miss)
npm http fetch GET 200 https://npm.cloudsmith.io/vlt/benchmarks/@rollup%2frollup-linux-loong64-musl 20ms (cache miss)
npm http fetch GET 200 https://npm.cloudsmith.io/vlt/benchmarks/@rollup%2frollup-linux-loong64-gnu 25ms (cache miss)
npm http fetch GET 200 https://npm.cloudsmith.io/vlt/benchmarks/@rollup%2frollup-linux-riscv64-gnu 22ms (cache miss)
npm http fetch GET 200 https://npm.cloudsmith.io/vlt/benchmarks/@rollup%2frollup-linux-ppc64-gnu 22ms (cache miss)
npm http fetch GET 200 https://npm.cloudsmith.io/vlt/benchmarks/@rollup%2frollup-linux-riscv64-musl 26ms (cache miss)
npm http fetch GET 200 https://npm.cloudsmith.io/vlt/benchmarks/@rollup%2frollup-linux-ppc64-musl 22ms (cache miss)
npm http fetch GET 200 https://npm.cloudsmith.io/vlt/benchmarks/@rollup%2frollup-linux-s390x-gnu 25ms (cache miss)
npm http fetch GET 200 https://npm.cloudsmith.io/vlt/benchmarks/@rollup%2frollup-win32-x64-gnu 23ms (cache miss)
npm http fetch GET 200 https://npm.cloudsmith.io/vlt/benchmarks/@rollup%2frollup-darwin-x64 28ms (cache miss)
npm http fetch GET 200 https://npm.cloudsmith.io/vlt/benchmarks/@rollup%2frollup-win32-x64-msvc 22ms (cache miss)
npm http fetch GET 200 https://npm.cloudsmith.io/vlt/benchmarks/@rollup%2frollup-linux-x64-gnu 23ms (cache miss)
npm http fetch GET 200 https://npm.cloudsmith.io/vlt/benchmarks/@rollup%2frollup-freebsd-x64 32ms (cache miss)
npm http fetch GET 200 https://npm.cloudsmith.io/vlt/benchmarks/@rollup%2frollup-linux-x64-musl 22ms (cache miss)
npm http fetch GET 200 https://npm.cloudsmith.io/vlt/benchmarks/@rollup%2frollup-openbsd-x64 22ms (cache miss)
npm http fetch GET 200 https://npm.cloudsmith.io/vlt/benchmarks/@rollup%2frollup-openharmony-arm64 20ms (cache miss)
npm http fetch GET 200 https://dl.cloudsmith.io/signed/vlt/benchmarks/npm/sveltejs/load-config/0.2.3/load-config-0.2.3.tgz?created=1790826482&expires=1790912882&source=t-PwLF9sWN2uK8&signature=gAAAAABqvdfycICRUXlWXt1u2psUjR0t7TFOzhtBoPp-mFxWysS52IjDdc9wCCf_nvd-OpASD6LqpSal2UozQqGIq9jDIXRq2yIlE-KC1VLpY-rB5JbnJuretnS-D0DmNeS0lk0aIvAC 324ms (cache miss)
npm http fetch GET 200 https://dl.cloudsmith.io/signed/vlt/benchmarks/npm/locate-character/3.0.0/locate-character-3.0.0.tgz?created=1790826482&expires=1790912882&source=t-PwLF9sWN2uK8&signature=gAAAAABqvdfyP9RRQMSRv_jccNEWKwvo39-WHo3UBx0q9IGzvafJdcu2A4boSJK5O7u_zmbRo4tfTFakZCHxeYP-oaBJNNbfk15CeMC8lzTmqbgn-uT26MOhkDi0nfHZ8TsbxLQvgpx_ 324ms (cache miss)
npm http fetch GET 200 https://dl.cloudsmith.io/signed/vlt/benchmarks/npm/nanoid/3.3.19/nanoid-3.3.19.tgz?created=1790826482&expires=1790912882&source=t-PwLF9sWN2uK8&signature=gAAAAABqvdfyXE7DKJsX2i3gj7JGi77jYIGpnIX-zIrb4pcOflVR48laQxhAjr-PVK7NaXCgpjqIziHeXY4H8_6bETumltH9ouN6zwElsQbv4RFtWJXgAHy_kKuXb31HaVi4dgfSxC-r 331ms (cache miss)
npm http fetch GET 200 https://dl.cloudsmith.io/signed/vlt/benchmarks/npm/fdir/6.5.0/fdir-6.5.0.tgz?created=1790826482&expires=1790912882&source=t-PwLF9sWN2uK8&signature=gAAAAABqvdfyv2cfJ_LRjZeTKLP6cYnmPjJibvmqhy3ytS6UM9K2phPEeVMtB7Uk14WI9kBx0leYI29bjJkVFlTrODelCTjyUS0QytP1AYKWupvqqBqe2r59IQuq4nLetbSei4fiZTBB 332ms (cache miss)
npm http fetch GET 200 https://dl.cloudsmith.io/signed/vlt/benchmarks/npm/tinyglobby/0.2.17/tinyglobby-0.2.17.tgz?created=1790826482&expires=1790912882&source=t-PwLF9sWN2uK8&signature=gAAAAABqvdfyZARgo5yGfqiGnBm9YK1tDDE_G8fKuoy_1RR8fQaa4f-fEPbA7gb2PNlVHZq2EbRhudJgCdGN6Zts7oGfgEA6pkjKOCQPo5cLrvTgpfJidlnOal5mjxcgi__oGcVQfqeP 338ms (cache miss)
npm http fetch GET 200 https://dl.cloudsmith.io/signed/vlt/benchmarks/npm/is-reference/3.0.3/is-reference-3.0.3.tgz?created=1790826482&expires=1790912882&source=t-PwLF9sWN2uK8&signature=gAAAAABqvdfy3y8zc1MmCYF0owTHbDpZ-s-EOXfVZwAmIVrr7QhjmUTvzTY9Ihoz9cIuKmakzQPYU2G3_7Sk5NAMt2i5WIS5lJi2RJIyp-Y4dDV-2PNBZSwXAsnakVdG5kL-WwM9Yim_ 335ms (cache miss)
npm http fetch GET 200 https://dl.cloudsmith.io/signed/vlt/benchmarks/npm/readdirp/4.1.2/readdirp-4.1.2.tgz?created=1790826482&expires=1790912882&source=t-PwLF9sWN2uK8&signature=gAAAAABqvdfyJCxn98rB-orq0LfkN8zomqVn0iWVshBwYL9JBU1IqAi9NRu6tHL7ZJkXhcMVpHzeeTbrezGoEYWv63UxGVT06mQnxIK9LL2vmrqm7Ktg0cFk1OTXW3JMrYOXM6eEPthR 338ms (cache miss)
npm http fetch GET 200 https://dl.cloudsmith.io/signed/vlt/benchmarks/npm/mri/1.2.0/mri-1.2.0.tgz?created=1790826482&expires=1790912882&source=t-PwLF9sWN2uK8&signature=gAAAAABqvdfyfqF8mSll4in1dtHjv49NfNC80TrjSmP4KWc1WlIwVkg7mlVEr4qbCQ19haaseaLWmmT3BhMVmTJoWR_yIUucemY8Nv2H_4bu2TjmZHAj9LsqWos3R5vj3wRV9IoPRcSo 339ms (cache miss)
npm http fetch GET 200 https://dl.cloudsmith.io/signed/vlt/benchmarks/npm/sade/1.8.1/sade-1.8.1.tgz?created=1790826482&expires=1790912882&source=t-PwLF9sWN2uK8&signature=gAAAAABqvdfyopDqpaDHtqtqWgFCjQ2_JQGiJ8OV3UzfLsm1FNbiJGrfZZWdw5v2S4YjFiagc7m4OmUgxO8fNMUqxxUayCTJoFALK_nsIqH1k1NGZDm9NSThP2xEmZvfwXfqrD_bXxXv 338ms (cache miss)
npm http fetch GET 200 https://dl.cloudsmith.io/signed/vlt/benchmarks/npm/esbuild/0.25.12/esbuild-0.25.12.tgz?created=1790826482&expires=1790912882&source=t-PwLF9sWN2uK8&signature=gAAAAABqvdfyot7c73EeWzUP9Gt5crni0A7AJ1EY1-PABfNBkDueW0C9vmj9oU7TI8X_VmQ7IDmLflieupyvSYsuMIpuWBRKocbAVI19F33_DHQ1Bf0IjzJMNUHTcsoSPKeVlwaihf5L 340ms (cache miss)
npm http fetch GET 200 https://dl.cloudsmith.io/signed/vlt/benchmarks/npm/types/estree/1.0.9/estree-1.0.9.tgz?created=1790826482&expires=1790912882&source=t-PwLF9sWN2uK8&signature=gAAAAABqvdfyFAw3MH5-QU05ZGD4IeAZlB23GPiqPkbOvZCmhXv_5jQNgyQr7jszOWHbc__b110UO4dmSZKhpcY75xYveVWjbR16tZRDLKilQ464sujnzTje6Tt8W78eP0uGjWHRfPX9 336ms (cache miss)
npm http fetch GET 200 https://dl.cloudsmith.io/signed/vlt/benchmarks/npm/jridgewell/resolve-uri/3.1.2/resolve-uri-3.1.2.tgz?created=1790826482&expires=1790912882&source=t-PwLF9sWN2uK8&signature=gAAAAABqvdfyyPDFtTF76JzQ85lFJ_srHx_SoWnXdloPg8zb5cIU_ByoqJJLs78KLHPncpYqheLw_czzK0bEZ_5bsasm8gq8dtbdNqHuyPQdgx8AxngTSCIJGHDzV1C8H9GZ9r5zKJLO 341ms (cache miss)
npm http fetch GET 200 https://dl.cloudsmith.io/signed/vlt/benchmarks/npm/picocolors/1.1.1/picocolors-1.1.1.tgz?created=1790826482&expires=1790912882&source=t-PwLF9sWN2uK8&signature=gAAAAABqvdfy-CmDQiQ6kEO7aKqwxJzsJmi4o3Jhp11NdW5BOLiZJofwDGqwRcJD4I4gcMLKim0TWqZo1WPxzm7e6TNTR2FHfhwVXptsxCl7SWonix-q1CEieqzA8GQnFcLf46uTVzHn 342ms (cache miss)
npm http fetch GET 200 https://dl.cloudsmith.io/signed/vlt/benchmarks/npm/jridgewell/remapping/2.3.5/remapping-2.3.5.tgz?created=1790826482&expires=1790912882&source=t-PwLF9sWN2uK8&signature=gAAAAABqvdfyZz4bX4doBz9BXM3AMtPDfTOY8JnicVP8N0Xqdl_Gk_zhwlyjjLMS2oyb79Wq8PyrdXHofHrl7WYp0hLLiri6mR1qCgEIu5Lt1zbNBnpKrQ9q4ZzWxMIw15BWeMYEqBIB 341ms (cache miss)
npm http fetch GET 200 https://dl.cloudsmith.io/signed/vlt/benchmarks/npm/totalist/3.0.1/totalist-3.0.1.tgz?created=1790826482&expires=1790912882&source=t-PwLF9sWN2uK8&signature=gAAAAABqvdfyEhhs8XFzAxRTGLPs9yb709cCYK5JOoZFzjHUfpdu6ADZCMMiEYtNEUcYlPnI77sqSNdjSD49fTu4gL3PkSbwtmhGUP5peVdI8Zopw1KVum2lp03NObw5VUBK-L2CfrXs 340ms (cache miss)
npm http fetch GET 200 https://dl.cloudsmith.io/signed/vlt/benchmarks/npm/polka/url/1.0.0-next.29/url-1.0.0-next.29.tgz?created=1790826482&expires=1790912882&source=t-PwLF9sWN2uK8&signature=gAAAAABqvdfyCOSo6WcgltGTZ46CVfsoVl1LBlPrMQybEI5edG83esF4SOOyu6HTE8gotuBtDElfi7cMVpmsp3be1p3UwCWQD0BWb3-LOIZiWaWBLf5vKrsN_NG8fJ1c_kLPTGRPpQRy 341ms (cache miss)
npm http fetch GET 200 https://dl.cloudsmith.io/signed/vlt/benchmarks/npm/deepmerge/4.3.1/deepmerge-4.3.1.tgz?created=1790826482&expires=1790912882&source=t-PwLF9sWN2uK8&signature=gAAAAABqvdfyPEJkdCXiXsd7Z8CpWiNh1dvyrAlliJCv0jAPuazZbzai8OwQnuiHWvVtm8qd_KBCpo_k6uBJl8LJdjiet5bNxkB5He3TbdC6knYCG0GPzHRFQh3hIaW8erK-iWR29qlo 343ms (cache miss)
npm http fetch GET 200 https://dl.cloudsmith.io/signed/vlt/benchmarks/npm/ms/2.1.3/ms-2.1.3.tgz?created=1790826482&expires=1790912882&source=t-PwLF9sWN2uK8&signature=gAAAAABqvdfyi_O4KxlXU0de8S6HrBWkIu6lpyZ4DC4F2xwszb-t9vcWD4YA1dQAlWFnW22o-06WZcbsP2VW7PWVaLwnVrEg2ijLjslT2euT_aBKXYS8NvQ5W0OCvtiQiEVyZlLIW8Vq 343ms (cache miss)
npm http fetch GET 200 https://dl.cloudsmith.io/signed/vlt/benchmarks/npm/clsx/2.1.1/clsx-2.1.1.tgz?created=1790826482&expires=1790912882&source=t-PwLF9sWN2uK8&signature=gAAAAABqvdfyTR-ou7sEZ6AL9JnJ1m7HL7XRrrLUFnNEPHu91O09exWjBotEnxBoWn0neRCLH96O4NnmJEtvqobXUrAG28xChU3kBAreBcplrX4kgXgCPqaHKFIFxCoF7dLTvdMGnMQX 346ms (cache miss)
npm http fetch GET 200 https://dl.cloudsmith.io/signed/vlt/benchmarks/npm/kleur/4.1.5/kleur-4.1.5.tgz?created=1790826482&expires=1790912882&source=t-PwLF9sWN2uK8&signature=gAAAAABqvdfy1A6Mnn_L20biC6jRsshHlxyVlFkTNWnVAAwcoMPp1cPY4wDbrPCYwv20c51aiKikSid08G5PFcpK2_yGDsb5PQB02agEwI2IemNuagkbPx24EAEwKnqL8BmJTXW1U6sR 346ms (cache miss)
npm http fetch GET 200 https://dl.cloudsmith.io/signed/vlt/benchmarks/npm/picomatch/4.0.7/picomatch-4.0.7.tgz?created=1790826482&expires=1790912882&source=t-PwLF9sWN2uK8&signature=gAAAAABqvdfywOIxRo239R_dYdH2qrZwRKYZcrwp3-kaN0KfoKgunS42jTdKyYZDDVySKE64Xmol_y-uOf_PcyGn_vB6JREApfOjS2GKbUJb9GaRqfU2PZ1bbfpgMwVqv-nbFGL38vUd 355ms (cache miss)
npm http fetch GET 200 https://dl.cloudsmith.io/signed/vlt/benchmarks/npm/vitefu/1.1.3/vitefu-1.1.3.tgz?created=1790826482&expires=1790912882&source=t-PwLF9sWN2uK8&signature=gAAAAABqvdfyBFeD6KiSL2_OtpVhuSDFwRZbIuLZ_bqSU0glK31gQt4vUJ71XCUwTTDcte1rgzOyxy82eyAKwuJ2YRg_0vfgXo_lLIG1wTISkCqlwcRJN7ureM1zfrrkxizIFoinm25B 351ms (cache miss)
npm http fetch GET 200 https://dl.cloudsmith.io/signed/vlt/benchmarks/npm/mrmime/2.0.1/mrmime-2.0.1.tgz?created=1790826482&expires=1790912882&source=t-PwLF9sWN2uK8&signature=gAAAAABqvdfyxwiEjF0_srUhEmM6ydJWR-HCKumpS4g5OaaddOL7INolPtbx6uQY9ohIRsOGAKrodQsWNCbZjsLu3nlhEjqkEjfpgJ6ikLrEnyvo0bUHj9fLdTEbSOeqPszOWIMM0A80 350ms (cache miss)
npm http fetch GET 200 https://dl.cloudsmith.io/signed/vlt/benchmarks/npm/cookie/0.6.0/cookie-0.6.0.tgz?created=1790826482&expires=1790912882&source=t-PwLF9sWN2uK8&signature=gAAAAABqvdfy9WHGuPZKD60vw_6WcMlSL3UHSnRBGhJSOSpoDoSCq6JzUZ5uyI7WcsmlJdZabuW7HAw0F8EoGFOhZwb2kK0Orx8GqF-gBFyFzDeA3pnlJHP0IkcnCdj0BR0xbU_jUavi 349ms (cache miss)
npm http fetch GET 200 https://dl.cloudsmith.io/signed/vlt/benchmarks/npm/sveltejs/vite-plugin-svelte-inspector/4.0.1/vite-plugin-svelte-inspector-4.0.1.tgz?created=1790826482&expires=1790912882&source=t-PwLF9sWN2uK8&signature=gAAAAABqvdfyWZGtzcGWoUTZxxX3BwqJ0Zl9awR4Jvatb2PKpGtx258rMSIl0EIPZVQW4SRAp-yANqZB8PNRrp0enZlqcenIPMrmQhvSo32WzrDOctpm1j6TrwXjAiPloAVB7Nx-mdtb 353ms (cache miss)
npm http fetch GET 200 https://dl.cloudsmith.io/signed/vlt/benchmarks/npm/debug/4.4.3/debug-4.4.3.tgz?created=1790826482&expires=1790912882&source=t-PwLF9sWN2uK8&signature=gAAAAABqvdfyky7Bop1oCRDj8kXBZiFe9JSlTe4oq-QZHJjTWf5USQ2XPzcJtxbO5Fd2gBfxUUylp8kyOBihuxjiJxk4ZNou4I_leGqKfv3kAG7rUsfM_CQAnT-eW-JzBRGkRqtabVOD 354ms (cache miss)
npm http fetch GET 200 https://dl.cloudsmith.io/signed/vlt/benchmarks/npm/zimmerframe/1.1.5/zimmerframe-1.1.5.tgz?created=1790826482&expires=1790912882&source=t-PwLF9sWN2uK8&signature=gAAAAABqvdfyLVQWHvDXwdf7Qzh9-tx_99Fqx6O2gyuTrkbyVb0Ot_mJe6Hcb9cEZpFfuJvT8aIYJ07eIgbWiDvkSCpwWUVC4kvXexC0iOrgerSOe4-OD60tU0Wh5I9YeKK6OBi6Hr8y 357ms (cache miss)
npm http fetch GET 200 https://dl.cloudsmith.io/signed/vlt/benchmarks/npm/sirv/3.0.2/sirv-3.0.2.tgz?created=1790826483&expires=1790912883&source=t-PwLF9sWN2uK8&signature=gAAAAABqvdfzM1LlcHbaH7OgWuKSlkWKmkqNdmhDyJOZcFkpQA0fBVW-JnTKKYFXAPCNoffjnwPYEyFozRGHTBK4Ep5fgFh2LsADah8Zjv_FeF9pxMBW9jQeEqJU8jtGL-psMavOCrwp 355ms (cache miss)
npm http fetch GET 200 https://dl.cloudsmith.io/signed/vlt/benchmarks/npm/set-cookie-parser/3.1.2/set-cookie-parser-3.1.2.tgz?created=1790826482&expires=1790912882&source=t-PwLF9sWN2uK8&signature=gAAAAABqvdfyjlFQGpxZpdSha44gIwRACfDc2O4xbCp4n9o2iWy6j_NSbJNEGgEUYg9M1AEOI2MP0tYO7_wQ-sQmo3vKuDGCyUtF5UkdtX_g5-tmlAEIGWcdU5e-g7dksePsa8YG0VtH 354ms (cache miss)
npm http fetch GET 200 https://dl.cloudsmith.io/signed/vlt/benchmarks/npm/standard-schema/spec/1.1.0/spec-1.1.0.tgz?created=1790826482&expires=1790912882&source=t-PwLF9sWN2uK8&signature=gAAAAABqvdfy6lc6iVGTMq4JXz-sf37qmk_WkrCTJfxHPdj8iusapPwIMxK26rg7nMp-nC4b7tVJPCakyP8YBJDcfNZ7JBvcWMty5N1QhrJZkpqPNKltAUBAXw8V5xkE1TQQvxU3e920 353ms (cache miss)
npm http fetch GET 200 https://dl.cloudsmith.io/signed/vlt/benchmarks/npm/esm-env/1.2.2/esm-env-1.2.2.tgz?created=1790826482&expires=1790912882&source=t-PwLF9sWN2uK8&signature=gAAAAABqvdfyzrZIjBvG3KL7qB13TFQwji1iHz9B5HPrD8GQLbgBvEkOjewTLZGCx-aEbIsvwqOpmK4B1_ZEbYemh35m3HK6qMiO64lxE8ocljJ29309oMN5fyjyLJaY6fW0vfJCz1-B 357ms (cache miss)
npm http fetch GET 200 https://dl.cloudsmith.io/signed/vlt/benchmarks/npm/sveltejs/adapter-auto/3.3.1/adapter-auto-3.3.1.tgz?created=1790826483&expires=1790912883&source=t-PwLF9sWN2uK8&signature=gAAAAABqvdfzi-yMUBwmS6kjj6Kb6ETWCObfMn3789DDIcDLRcHwLqzTbOXrSAUiUsT7RPszuin4Lv-RkXUonyrZKYEmkuYPRvPZMNUTDhxg1-JtCgoIj9R6cLXOiS1EbV_jqo3m01X7 356ms (cache miss)
npm http fetch GET 200 https://dl.cloudsmith.io/signed/vlt/benchmarks/npm/types/cookie/0.6.0/cookie-0.6.0.tgz?created=1790826482&expires=1790912882&source=t-PwLF9sWN2uK8&signature=gAAAAABqvdfycIplxQSxeqLWTpz0sab1DCDtOKRI7RDR0S5QkFS6PGAKCbsTBzWIgx6a1-ySef7oV39PpqcxxevAd9c2I2C59nZJ-GkN5-YmQKLHQHcz5OjUBq7Wcjjmm7tLEnfr-xON 359ms (cache miss)
npm http fetch GET 200 https://dl.cloudsmith.io/signed/vlt/benchmarks/npm/neoconfetti/svelte/2.2.2/svelte-2.2.2.tgz?created=1790826483&expires=1790912883&source=t-PwLF9sWN2uK8&signature=gAAAAABqvdfzdeYSQf994C2nEpvlw5GjrLgx_xp4Nod5xKWIjQa4K3ccUGKFlGZrNNieLdU62DdZD7pfHEsOrYxVn9MmwiWk04B9swRNRQxSYyyD4ANw2r_gg0jLR716i2Hz0I74kep4 360ms (cache miss)
npm http fetch GET 200 https://dl.cloudsmith.io/signed/vlt/benchmarks/npm/sveltejs/acorn-typescript/1.0.13/acorn-typescript-1.0.13.tgz?created=1790826482&expires=1790912882&source=t-PwLF9sWN2uK8&signature=gAAAAABqvdfyrwSUS5V4buj9tJWjOL8LbJeZO5ZDWD3N3-6NxalWbW65AGKKbcD0EO40cKIqrcgoFn_8f2qvjJP47s74bLjOyf9eYKQH1QJogJREuaKqxbYWm-sRiB0jrdsfo4R3a1BS 363ms (cache miss)
npm http fetch GET 200 https://dl.cloudsmith.io/signed/vlt/benchmarks/npm/chokidar/4.0.3/chokidar-4.0.3.tgz?created=1790826482&expires=1790912882&source=t-PwLF9sWN2uK8&signature=gAAAAABqvdfyncglO6Ry2UcdkQWo4gJu42ezPyhP_jk_PeCiGQ3tWZYwng2GkE15IDGP8t1J1Eg-hY2et4xdCR44q5R0iGVhTELf_Yegw0ypOBu6fIilQx67f-DTFeXOEFQQaK0MQ8vK 370ms (cache miss)
npm http fetch GET 200 https://dl.cloudsmith.io/signed/vlt/benchmarks/npm/source-map-js/1.2.2/source-map-js-1.2.2.tgz?created=1790826482&expires=1790912882&source=t-PwLF9sWN2uK8&signature=gAAAAABqvdfywIwW2O-cdxbGEC2hvk2d8ze-Xf7GTXK2lXFRRap_5griEWcchSvQ2agVOHkBmwS4uivI8rh-Ah645aL5Ba_Ory85dQGW7vaPDVghqUKW0z3TCMaBwc-I1RYDK0ZJjRZr 404ms (cache miss)
npm http fetch GET 200 https://dl.cloudsmith.io/signed/vlt/benchmarks/npm/devalue/5.9.4/devalue-5.9.4.tgz?created=1790826482&expires=1790912882&source=t-PwLF9sWN2uK8&signature=gAAAAABqvdfy7f0oCx5GA65BwUnxU_loXtcbZVks-ntbs4WDi8Yvd3XS5VQTcqXyWCRsePpctl2WHH1oOAkq-a0zxOHYu3viXkRyzr3_7wBUq3xQf4Mxrww72sZQl8dWdy3_9LYX0Xh_ 397ms (cache miss)
npm http fetch GET 200 https://dl.cloudsmith.io/signed/vlt/benchmarks/npm/import-meta-resolve/4.2.0/import-meta-resolve-4.2.0.tgz?created=1790826483&expires=1790912883&source=t-PwLF9sWN2uK8&signature=gAAAAABqvdfzEtyhHo0SGINm7_S8ltCC60HdWYBFH5HYbxvjNoavsWvZDeYJiY63XovXvI33a-mvjVZskw0Emd9eodF3uAB9fz1pjCFgh1L_g1RBsXKUg9ywxJnvn1ulGEVzPNz3PjRb 405ms (cache miss)
npm http fetch GET 200 https://dl.cloudsmith.io/signed/vlt/benchmarks/npm/magic-string/0.30.21/magic-string-0.30.21.tgz?created=1790826482&expires=1790912882&source=t-PwLF9sWN2uK8&signature=gAAAAABqvdfyzqBH5xntxrDoCPRLh0Tm-tMluqNQIAPPBbeEGyIhL9kNgbtxR5T8k5HcggVOEDjuWNYsvsGPEoOq7aKe1yz-lVAQifJI22d_MRPgGlsNgBddTJt-O9bTyiQ72ySkA98o 408ms (cache miss)
npm http fetch GET 200 https://dl.cloudsmith.io/signed/vlt/benchmarks/npm/acorn/8.18.0/acorn-8.18.0.tgz?created=1790826482&expires=1790912882&source=t-PwLF9sWN2uK8&signature=gAAAAABqvdfyWHhi1GHHU2xPlLRzCsK8Zj6Z-G5uXgO-sQYvj7llp4x2t6ho4_kcJ6qwA4NPaY6o533KSglLI1puwIlxSJA6kjTLBlgcG_EJyWphfayXrnrZH5DRdLta8SLK2m7Rugdz 413ms (cache miss)
npm http fetch GET 200 https://dl.cloudsmith.io/signed/vlt/benchmarks/npm/jridgewell/sourcemap-codec/1.6.0/sourcemap-codec-1.6.0.tgz?created=1790826482&expires=1790912882&source=t-PwLF9sWN2uK8&signature=gAAAAABqvdfyOhIyRMxLChi0O3SZSd3i9mAPLbHaU_Bm99eHiLO_4wZUVHjM3JAGnEDg2IAeIrBvzjSdqCCJRUlgXYAXW28O5e8wUOrFuoggOnGMMe68cHQcRQONdLPNV295Rts9mV5K 442ms (cache miss)
npm http fetch GET 200 https://dl.cloudsmith.io/signed/vlt/benchmarks/npm/jridgewell/gen-mapping/0.3.13/gen-mapping-0.3.13.tgz?created=1790826482&expires=1790912882&source=t-PwLF9sWN2uK8&signature=gAAAAABqvdfyVg58zbo414KJzJF8-6w3nIkGhBQuiOaE1bkfZFDjp20lwpqvC5M3hwjs7r72CCSPhjRsBjaK0zOx1U0UJT1Eq2cfIVX6r1YJsoWmq08zPnO4lxyRj9aPyWhKkrKuw4b6 445ms (cache miss)
npm http fetch GET 200 https://dl.cloudsmith.io/signed/vlt/benchmarks/npm/rollup/rollup-linux-arm64-gnu/4.63.5/rollup-linux-arm64-gnu-4.63.5.tgz?created=1790826482&expires=1790912882&source=t-PwLF9sWN2uK8&signature=gAAAAABqvdfysZz3Sa2ibp3jTwSZXaN8j6cjUrVnDf50Rv5vmNGLVfLnW_184tqXFAQgnobWvfCIJfwcB89CozHjyPzMz5OhQMdTG2ltY77TN4RFRQpLlA9xNSWa8XfMW1AQ4dC_0dz9 483ms (cache miss)
npm http fetch GET 200 https://dl.cloudsmith.io/signed/vlt/benchmarks/npm/sveltejs/vite-plugin-svelte/5.1.1/vite-plugin-svelte-5.1.1.tgz?created=1790826483&expires=1790912883&source=t-PwLF9sWN2uK8&signature=gAAAAABqvdfzXvrUkO0FYbVn7YunDkhgbOgp1kkM1C9rnnZ00rSoSHoZLXG7C5dxKd6yooKEoB6r453aVjLOgWHFXN_ptceZN58WvSNTUsj3EIbmVsj-EUbMnCJ3KEROjVpdrWqEuXxg 492ms (cache miss)
npm http fetch GET 200 https://dl.cloudsmith.io/signed/vlt/benchmarks/npm/jridgewell/trace-mapping/0.3.31/trace-mapping-0.3.31.tgz?created=1790826482&expires=1790912882&source=t-PwLF9sWN2uK8&signature=gAAAAABqvdfyT9cOw_PV0NqxBOd66SEgbH4-T20_D-USY1lHfJYkdLtIBZuhldQbBlb7Hh29yX4zvS6mpbmL0NbJou6w8ZGMAwK1SxYkVW9Xdkp_s-UMUf8Xd7SwaGDNywi8ogUnpwIF 500ms (cache miss)
npm http fetch GET 200 https://dl.cloudsmith.io/signed/vlt/benchmarks/npm/esrap/2.4.0/esrap-2.4.0.tgz?created=1790826482&expires=1790912882&source=t-PwLF9sWN2uK8&signature=gAAAAABqvdfyI5R0tvH1O2eD489U4m7waTPWmJbz4mFj9ukUPhAaZJqep_WN-LFMzklExa3O9IRUNPC1k35sCrQet6Y1YuUc1Vl4SFSeBqcxl5FUourTaQJCxNjvX8jkyRKk_LHvRxcz 493ms (cache miss)
npm http fetch GET 200 https://dl.cloudsmith.io/signed/vlt/benchmarks/npm/postcss/8.5.28/postcss-8.5.28.tgz?created=1790826482&expires=1790912882&source=t-PwLF9sWN2uK8&signature=gAAAAABqvdfysL1pC3dxl7crTyLoXuIvY66f6mp2jy2mETQsCVUnUdlE1rg7lD2D9YElDSEFbfeGIXVaC5z2qqODA8OFuGc__l2ghn8k3BgVmXVN3yFgSXFYMSqM9maszpmXvKct8OSH 518ms (cache miss)
npm http fetch GET 200 https://dl.cloudsmith.io/signed/vlt/benchmarks/npm/fontsource/fira-mono/5.3.0/fira-mono-5.3.0.tgz?created=1790826483&expires=1790912883&source=t-PwLF9sWN2uK8&signature=gAAAAABqvdfzeeDLXV49_r1Z-GQeGOZN_8XemYYjezgCbpPkMxKz_l3TsQesh3w_shKRmHrrjDn2jrg-yQZk9DcMmz7s4GyxO2jZWGXUL1pi02GzOE2wrPDppvWYj71vf7Gzvbmo_SAd 541ms (cache miss)
npm http fetch GET 200 https://dl.cloudsmith.io/signed/vlt/benchmarks/npm/rollup/4.63.5/rollup-4.63.5.tgz?created=1790826482&expires=1790912882&source=t-PwLF9sWN2uK8&signature=gAAAAABqvdfyeO4VF1xXdlIrXQ9itu4mmd_EkTdK050Vgt14cqmBvw41Mc2fFBQ3VQnrtQ5FTQ3B-7t_GU5Qm08df1bulbluQeNG7RTq_42TAcrBMa7Vo489zq2YgZQ8bdVEYitsGHXU 585ms (cache miss)
npm http fetch GET 200 https://dl.cloudsmith.io/signed/vlt/benchmarks/npm/vite/6.4.3/vite-6.4.3.tgz?created=1790826483&expires=1790912883&source=t-PwLF9sWN2uK8&signature=gAAAAABqvdfzFUCIqbRdVQQBoiLGkO7T_V4iKml3_dGqoF73h873nAfVTwYSj8YV72K08aCMpWF99Hqi52s7MuEJI4DB4eMgl1aYYlwqi_ZEHwPTLc-eqhMs0_Ccaktv7KHj4BjVBcEG 583ms (cache miss)
npm http fetch GET 200 https://dl.cloudsmith.io/signed/vlt/benchmarks/npm/svelte-check/4.7.6/svelte-check-4.7.6.tgz?created=1790826483&expires=1790912883&source=t-PwLF9sWN2uK8&signature=gAAAAABqvdfzdSCpQrUJqdj-iGh2knbZE3Hju7YnGpkDv_0PyqQtRYVmc5i9PKy-js__lrVOPKUOTTYP1OA5fMNhri29OOgj5vO87RLZXHWYK2VHKlPa5Sc8EDeqcLnHJRLsWBECemHW 607ms (cache miss)
npm http fetch GET 200 https://dl.cloudsmith.io/signed/vlt/benchmarks/npm/esbuild/linux-arm64/0.25.12/linux-arm64-0.25.12.tgz?created=1790826482&expires=1790912882&source=t-PwLF9sWN2uK8&signature=gAAAAABqvdfyZZs_vocDCr_81EjKvB9k6_j_rReliut8F5Txw5DSfqIOMjbIfYqA_gsP-AezHHAWYRzanLmNrQr3pmmfVN11X1kSliYJWOY0MDZLk1JZYIeE37YS2nm_-tpk0JI4Vf70 688ms (cache miss)
npm http fetch GET 200 https://dl.cloudsmith.io/signed/vlt/benchmarks/npm/axobject-query/4.1.0/axobject-query-4.1.0.tgz?created=1790826482&expires=1790912882&source=t-PwLF9sWN2uK8&signature=gAAAAABqvdfy7w4oUnSFPHf7WolmAWVOL4nfLBEWsTHG21OjRvdhlnWfdTXKbt_G2eIv39Fj_7kXepbp4xQhbktOxfwXSiqlSaKJNfh-3Cok5ajzsTdC_t8ssJt_hvgl87eW5Wz2SqCd 711ms (cache miss)
npm http fetch GET 200 https://dl.cloudsmith.io/signed/vlt/benchmarks/npm/aria-query/5.3.1/aria-query-5.3.1.tgz?created=1790826482&expires=1790912882&source=t-PwLF9sWN2uK8&signature=gAAAAABqvdfyl16zpF9lJzskDGv66J6jmmIoNG2i3cuEuy01RT3P9h4eM12VQyr9afHtQlgEEx_caF5MpsvriYAo4b_8PtITafuFGbNOQWu97s0RlApwpwNQY0WA_ZNYycyY6b_W88dM 766ms (cache miss)
npm http fetch GET 200 https://dl.cloudsmith.io/signed/vlt/benchmarks/npm/sveltejs/kit/2.70.3/kit-2.70.3.tgz?created=1790826483&expires=1790912883&source=t-PwLF9sWN2uK8&signature=gAAAAABqvdfzbzG_vClxyWpF72AQOa44ksfA2AxnCto1UjHVfr-dJs2jEOiA74UkcvmLGLcLtEpYKder90e16VNbbQk9y7oQ1TAJgmvP--XbHDNq_llipc-nzzscGM_FN27vMrGdp2P4 781ms (cache miss)
npm http fetch GET 200 https://dl.cloudsmith.io/signed/vlt/benchmarks/npm/typescript/5.9.3/typescript-5.9.3.tgz?created=1790826482&expires=1790912882&source=t-PwLF9sWN2uK8&signature=gAAAAABqvdfytHp0VQwiKpzAMT-DPuJ10LqVU2v7P4TtNpFzzgI0AZ92DHH7ijZKz6i2xmCzzeagViQPlGwUsaNcGpCxeT2cxMV953-4TaFhAL_RhoocF67ZOF9_R0X-8Gst894vIWx0 815ms (cache miss)
npm http fetch GET 200 https://dl.cloudsmith.io/signed/vlt/benchmarks/npm/svelte/5.57.1/svelte-5.57.1.tgz?created=1790826483&expires=1790912883&source=t-PwLF9sWN2uK8&signature=gAAAAABqvdfzsUHOvtn_U9Z1ewX-NQn0hBT79_J-fn8iiWcMrRJEI8E11C0oVAKpPK_DS9tzwdWdMdTZ0aN3TQe69Jtv-TIZ90c1U8bGz4BEBUvHhhN5lGaoOnvukAbaUPKVVXZchF0u 896ms (cache miss)

added 58 packages in 5s
