npm http fetch GET 200 https://npm.cloudsmith.io/vlt/benchmarks/@fontsource%2ffira-mono 491ms (cache miss)
npm http fetch GET 200 https://npm.cloudsmith.io/vlt/benchmarks/@neoconfetti%2fsvelte 403ms (cache miss)
npm http fetch GET 200 https://npm.cloudsmith.io/vlt/benchmarks/svelte 1164ms (cache miss)
npm http fetch GET 200 https://npm.cloudsmith.io/vlt/benchmarks/@sveltejs%2fadapter-auto 406ms (cache miss)
npm http fetch GET 200 https://npm.cloudsmith.io/vlt/benchmarks/@sveltejs%2fkit 773ms (cache miss)
npm http fetch GET 200 https://npm.cloudsmith.io/vlt/benchmarks/@sveltejs%2fvite-plugin-svelte 546ms (cache miss)
npm http fetch GET 200 https://npm.cloudsmith.io/vlt/benchmarks/vite 2124ms (cache miss)
npm http fetch GET 200 https://npm.cloudsmith.io/vlt/benchmarks/typescript 1656ms (cache miss)
npm http fetch GET 200 https://npm.cloudsmith.io/vlt/benchmarks/svelte-check 501ms (cache miss)
npm http fetch GET 200 https://npm.cloudsmith.io/vlt/benchmarks/@jridgewell%2fremapping 355ms (cache miss)
npm http fetch GET 200 https://npm.cloudsmith.io/vlt/benchmarks/@jridgewell%2fsourcemap-codec 387ms (cache miss)
npm http fetch GET 200 https://npm.cloudsmith.io/vlt/benchmarks/@sveltejs%2facorn-typescript 482ms (cache miss)
npm http fetch GET 200 https://npm.cloudsmith.io/vlt/benchmarks/acorn 414ms (cache miss)
npm http fetch GET 200 https://npm.cloudsmith.io/vlt/benchmarks/@types%2festree 526ms (cache miss)
npm http fetch GET 200 https://npm.cloudsmith.io/vlt/benchmarks/aria-query 457ms (cache miss)
npm http fetch GET 200 https://npm.cloudsmith.io/vlt/benchmarks/axobject-query 295ms (cache miss)
npm http fetch GET 200 https://npm.cloudsmith.io/vlt/benchmarks/clsx 339ms (cache miss)
npm http fetch GET 200 https://npm.cloudsmith.io/vlt/benchmarks/devalue 396ms (cache miss)
npm http fetch GET 200 https://npm.cloudsmith.io/vlt/benchmarks/esm-env 287ms (cache miss)
npm http fetch GET 200 https://npm.cloudsmith.io/vlt/benchmarks/esrap 332ms (cache miss)
npm http fetch GET 200 https://npm.cloudsmith.io/vlt/benchmarks/is-reference 312ms (cache miss)
npm http fetch GET 200 https://npm.cloudsmith.io/vlt/benchmarks/locate-character 338ms (cache miss)
npm http fetch GET 200 https://npm.cloudsmith.io/vlt/benchmarks/magic-string 339ms (cache miss)
npm http fetch GET 200 https://npm.cloudsmith.io/vlt/benchmarks/zimmerframe 361ms (cache miss)
npm http fetch GET 200 https://npm.cloudsmith.io/vlt/benchmarks/import-meta-resolve 304ms (cache miss)
npm http fetch GET 200 https://npm.cloudsmith.io/vlt/benchmarks/@sveltejs%2facorn-typescript 79ms (cache updated)
npm http fetch GET 200 https://npm.cloudsmith.io/vlt/benchmarks/acorn 14ms (cache updated)
npm http fetch GET 200 https://npm.cloudsmith.io/vlt/benchmarks/@standard-schema%2fspec 326ms (cache miss)
npm http fetch GET 200 https://npm.cloudsmith.io/vlt/benchmarks/devalue 15ms (cache updated)
npm http fetch GET 200 https://npm.cloudsmith.io/vlt/benchmarks/esm-env 14ms (cache updated)
npm http fetch GET 200 https://npm.cloudsmith.io/vlt/benchmarks/@types%2fcookie 295ms (cache miss)
npm http fetch GET 200 https://npm.cloudsmith.io/vlt/benchmarks/magic-string 15ms (cache updated)
npm http fetch GET 200 https://npm.cloudsmith.io/vlt/benchmarks/cookie 342ms (cache miss)
npm http fetch GET 200 https://npm.cloudsmith.io/vlt/benchmarks/kleur 301ms (cache miss)
npm http fetch GET 200 https://npm.cloudsmith.io/vlt/benchmarks/mrmime 340ms (cache miss)
npm http fetch GET 200 https://npm.cloudsmith.io/vlt/benchmarks/set-cookie-parser 339ms (cache miss)
npm http fetch GET 200 https://npm.cloudsmith.io/vlt/benchmarks/sirv 369ms (cache miss)
npm http fetch GET 200 https://npm.cloudsmith.io/vlt/benchmarks/@sveltejs%2fvite-plugin-svelte-inspector 319ms (cache miss)
npm http fetch GET 200 https://npm.cloudsmith.io/vlt/benchmarks/magic-string 42ms (cache updated)
npm http fetch GET 200 https://npm.cloudsmith.io/vlt/benchmarks/debug 321ms (cache miss)
npm http fetch GET 200 https://npm.cloudsmith.io/vlt/benchmarks/vitefu 325ms (cache miss)
npm http fetch GET 200 https://npm.cloudsmith.io/vlt/benchmarks/deepmerge 485ms (cache miss)
npm http fetch GET 200 https://npm.cloudsmith.io/vlt/benchmarks/esbuild 508ms (cache miss)
npm http fetch GET 200 https://npm.cloudsmith.io/vlt/benchmarks/fdir 398ms (cache miss)
npm http fetch GET 200 https://npm.cloudsmith.io/vlt/benchmarks/picomatch 432ms (cache miss)
npm http fetch GET 200 https://npm.cloudsmith.io/vlt/benchmarks/postcss 468ms (cache miss)
npm http fetch GET 200 https://npm.cloudsmith.io/vlt/benchmarks/tinyglobby 315ms (cache miss)
npm http fetch GET 200 https://npm.cloudsmith.io/vlt/benchmarks/@jridgewell%2ftrace-mapping 304ms (cache miss)
npm http fetch GET 200 https://npm.cloudsmith.io/vlt/benchmarks/fsevents 370ms (cache miss)
npm http fetch GET 200 https://npm.cloudsmith.io/vlt/benchmarks/fdir 13ms (cache updated)
npm http fetch GET 200 https://npm.cloudsmith.io/vlt/benchmarks/rollup 955ms (cache miss)
npm http fetch GET 200 https://npm.cloudsmith.io/vlt/benchmarks/picocolors 284ms (cache miss)
npm http fetch GET 200 https://npm.cloudsmith.io/vlt/benchmarks/chokidar 326ms (cache miss)
npm http fetch GET 200 https://npm.cloudsmith.io/vlt/benchmarks/sade 305ms (cache miss)
npm http fetch GET 200 https://npm.cloudsmith.io/vlt/benchmarks/@sveltejs%2fload-config 348ms (cache miss)
npm http fetch GET 200 https://npm.cloudsmith.io/vlt/benchmarks/@jridgewell%2fsourcemap-codec 14ms (cache updated)
npm http fetch GET 200 https://npm.cloudsmith.io/vlt/benchmarks/@polka%2furl 280ms (cache miss)
npm http fetch GET 200 https://npm.cloudsmith.io/vlt/benchmarks/totalist 294ms (cache miss)
npm http fetch GET 200 https://npm.cloudsmith.io/vlt/benchmarks/debug 14ms (cache updated)
npm http fetch GET 200 https://npm.cloudsmith.io/vlt/benchmarks/ms 323ms (cache miss)
npm http fetch GET 200 https://npm.cloudsmith.io/vlt/benchmarks/@jridgewell%2ftrace-mapping 37ms (cache updated)
npm http fetch GET 200 https://npm.cloudsmith.io/vlt/benchmarks/@jridgewell%2fgen-mapping 284ms (cache miss)
npm http fetch GET 200 https://npm.cloudsmith.io/vlt/benchmarks/@jridgewell%2fresolve-uri 337ms (cache miss)
npm http fetch GET 200 https://npm.cloudsmith.io/vlt/benchmarks/mri 384ms (cache miss)
npm http fetch GET 200 https://npm.cloudsmith.io/vlt/benchmarks/readdirp 489ms (cache miss)
npm http fetch GET 200 https://npm.cloudsmith.io/vlt/benchmarks/@esbuild%2faix-ppc64 302ms (cache miss)
npm http fetch GET 200 https://npm.cloudsmith.io/vlt/benchmarks/@esbuild%2fandroid-arm 321ms (cache miss)
npm http fetch GET 200 https://npm.cloudsmith.io/vlt/benchmarks/@esbuild%2fandroid-arm64 381ms (cache miss)
npm http fetch GET 200 https://npm.cloudsmith.io/vlt/benchmarks/@esbuild%2fandroid-x64 326ms (cache miss)
npm http fetch GET 200 https://npm.cloudsmith.io/vlt/benchmarks/@esbuild%2fdarwin-arm64 399ms (cache miss)
npm http fetch GET 200 https://npm.cloudsmith.io/vlt/benchmarks/@esbuild%2fdarwin-x64 459ms (cache miss)
npm http fetch GET 200 https://npm.cloudsmith.io/vlt/benchmarks/@esbuild%2ffreebsd-arm64 305ms (cache miss)
npm http fetch GET 200 https://npm.cloudsmith.io/vlt/benchmarks/@esbuild%2ffreebsd-x64 305ms (cache miss)
npm http fetch GET 200 https://npm.cloudsmith.io/vlt/benchmarks/@esbuild%2flinux-arm 353ms (cache miss)
npm http fetch GET 200 https://npm.cloudsmith.io/vlt/benchmarks/@esbuild%2flinux-arm64 341ms (cache miss)
npm http fetch GET 200 https://npm.cloudsmith.io/vlt/benchmarks/@esbuild%2flinux-ia32 307ms (cache miss)
npm http fetch GET 200 https://npm.cloudsmith.io/vlt/benchmarks/@esbuild%2flinux-loong64 306ms (cache miss)
npm http fetch GET 200 https://npm.cloudsmith.io/vlt/benchmarks/@esbuild%2flinux-mips64el 312ms (cache miss)
npm http fetch GET 200 https://npm.cloudsmith.io/vlt/benchmarks/@esbuild%2flinux-riscv64 300ms (cache miss)
npm http fetch GET 200 https://npm.cloudsmith.io/vlt/benchmarks/@esbuild%2flinux-ppc64 513ms (cache miss)
npm http fetch GET 200 https://npm.cloudsmith.io/vlt/benchmarks/@esbuild%2flinux-s390x 305ms (cache miss)
npm http fetch GET 200 https://npm.cloudsmith.io/vlt/benchmarks/@esbuild%2flinux-x64 302ms (cache miss)
npm http fetch GET 200 https://npm.cloudsmith.io/vlt/benchmarks/@esbuild%2fnetbsd-arm64 292ms (cache miss)
npm http fetch GET 200 https://npm.cloudsmith.io/vlt/benchmarks/@esbuild%2fnetbsd-x64 352ms (cache miss)
npm http fetch GET 200 https://npm.cloudsmith.io/vlt/benchmarks/@esbuild%2fopenbsd-arm64 300ms (cache miss)
npm http fetch GET 200 https://npm.cloudsmith.io/vlt/benchmarks/@esbuild%2fopenbsd-x64 356ms (cache miss)
npm http fetch GET 200 https://npm.cloudsmith.io/vlt/benchmarks/@esbuild%2fopenharmony-arm64 287ms (cache miss)
npm http fetch GET 200 https://npm.cloudsmith.io/vlt/benchmarks/@esbuild%2fsunos-x64 297ms (cache miss)
npm http fetch GET 200 https://npm.cloudsmith.io/vlt/benchmarks/@esbuild%2fwin32-arm64 416ms (cache miss)
npm http fetch GET 200 https://npm.cloudsmith.io/vlt/benchmarks/@esbuild%2fwin32-ia32 443ms (cache miss)
npm http fetch GET 200 https://npm.cloudsmith.io/vlt/benchmarks/@esbuild%2fwin32-x64 347ms (cache miss)
npm http fetch GET 200 https://npm.cloudsmith.io/vlt/benchmarks/nanoid 400ms (cache miss)
npm http fetch GET 200 https://npm.cloudsmith.io/vlt/benchmarks/source-map-js 362ms (cache miss)
npm http fetch GET 200 https://npm.cloudsmith.io/vlt/benchmarks/@napi-rs%2flzma-linux-x64-gnu 365ms (cache miss)
npm http fetch GET 200 https://npm.cloudsmith.io/vlt/benchmarks/@rollup%2frollup-darwin-arm64 357ms (cache miss)
npm http fetch GET 200 https://npm.cloudsmith.io/vlt/benchmarks/@rollup%2frollup-android-arm64 334ms (cache miss)
npm http fetch GET 200 https://npm.cloudsmith.io/vlt/benchmarks/@rollup%2frollup-win32-arm64-msvc 385ms (cache miss)
npm http fetch GET 200 https://npm.cloudsmith.io/vlt/benchmarks/@rollup%2frollup-freebsd-arm64 334ms (cache miss)
npm http fetch GET 200 https://npm.cloudsmith.io/vlt/benchmarks/@rollup%2frollup-linux-arm64-gnu 341ms (cache miss)
npm http fetch GET 200 https://npm.cloudsmith.io/vlt/benchmarks/@rollup%2frollup-linux-arm64-musl 415ms (cache miss)
npm http fetch GET 200 https://npm.cloudsmith.io/vlt/benchmarks/@rollup%2frollup-linux-arm-gnueabihf 344ms (cache miss)
npm http fetch GET 200 https://npm.cloudsmith.io/vlt/benchmarks/@rollup%2frollup-linux-arm-musleabihf 354ms (cache miss)
npm http fetch GET 200 https://npm.cloudsmith.io/vlt/benchmarks/@rollup%2frollup-win32-ia32-msvc 340ms (cache miss)
npm http fetch GET 200 https://npm.cloudsmith.io/vlt/benchmarks/@rollup%2frollup-linux-loong64-gnu 287ms (cache miss)
npm http fetch GET 200 https://npm.cloudsmith.io/vlt/benchmarks/@rollup%2frollup-linux-loong64-musl 328ms (cache miss)
npm http fetch GET 200 https://npm.cloudsmith.io/vlt/benchmarks/@rollup%2frollup-linux-riscv64-gnu 317ms (cache miss)
npm http fetch GET 200 https://npm.cloudsmith.io/vlt/benchmarks/@rollup%2frollup-android-arm-eabi 1238ms (cache miss)
npm http fetch GET 200 https://npm.cloudsmith.io/vlt/benchmarks/@rollup%2frollup-linux-riscv64-musl 293ms (cache miss)
npm http fetch GET 200 https://npm.cloudsmith.io/vlt/benchmarks/@rollup%2frollup-linux-ppc64-gnu 292ms (cache miss)
npm http fetch GET 200 https://npm.cloudsmith.io/vlt/benchmarks/@rollup%2frollup-linux-ppc64-musl 305ms (cache miss)
npm http fetch GET 200 https://npm.cloudsmith.io/vlt/benchmarks/@rollup%2frollup-linux-s390x-gnu 323ms (cache miss)
npm http fetch GET 200 https://npm.cloudsmith.io/vlt/benchmarks/@rollup%2frollup-darwin-x64 333ms (cache miss)
npm http fetch GET 200 https://npm.cloudsmith.io/vlt/benchmarks/@rollup%2frollup-win32-x64-gnu 291ms (cache miss)
npm http fetch GET 200 https://npm.cloudsmith.io/vlt/benchmarks/@rollup%2frollup-win32-x64-msvc 330ms (cache miss)
npm http fetch GET 200 https://npm.cloudsmith.io/vlt/benchmarks/@rollup%2frollup-freebsd-x64 347ms (cache miss)
npm http fetch GET 200 https://npm.cloudsmith.io/vlt/benchmarks/@rollup%2frollup-linux-x64-gnu 337ms (cache miss)
npm http fetch GET 200 https://npm.cloudsmith.io/vlt/benchmarks/@rollup%2frollup-linux-x64-musl 324ms (cache miss)
npm http fetch GET 200 https://npm.cloudsmith.io/vlt/benchmarks/@rollup%2frollup-openbsd-x64 327ms (cache miss)
npm http fetch GET 200 https://npm.cloudsmith.io/vlt/benchmarks/@rollup%2frollup-openharmony-arm64 504ms (cache miss)
npm http fetch GET 200 https://dl.cloudsmith.io/signed/vlt/benchmarks/npm/readdirp/4.1.2/readdirp-4.1.2.tgz?created=1790737780&expires=1790824180&source=t-PwLF9sWN2uK8&signature=gAAAAABqvH10Bzyi50AFF6y3c1sFxgIMaAm3tFh_c6vLe2c6xJfHYO0EzRzSZtelQXEPjveCoujCD3vpnDeFVlaH80ZLQx6jY_yaDUhQyCf8dfXRJC1FQHiReHCrcS_golEfKVy1A1zS 1045ms (cache miss)
npm http fetch GET 200 https://dl.cloudsmith.io/signed/vlt/benchmarks/npm/fdir/6.5.0/fdir-6.5.0.tgz?created=1790737780&expires=1790824180&source=t-PwLF9sWN2uK8&signature=gAAAAABqvH10oaRC0R01fxe499VKiGfI3AuF_BrKREUZMjtxeA5TyFA9Fo4DynMNf9he2Byeqmr_eggIPjurSpjQxWBamZbYsc5OYV0ewgl-l4rruYdhp26jnm24FiKnHpPYKkcgjtkS 1082ms (cache miss)
npm http fetch GET 200 https://dl.cloudsmith.io/signed/vlt/benchmarks/npm/picocolors/1.1.1/picocolors-1.1.1.tgz?created=1790737780&expires=1790824180&source=t-PwLF9sWN2uK8&signature=gAAAAABqvH10agXUdubCHd4SGLpo5BC5A0dDKsQ5bMKTApiso3hcTkG8j9jQ1wyVi2Mi3AYJUOhOokL_2-hT5IZG2jwzHdVEEsmEXB_P9tsfWte6uBagNFcuOtfHV2Bw_4cfHcwT6zkb 1107ms (cache miss)
npm http fetch GET 200 https://dl.cloudsmith.io/signed/vlt/benchmarks/npm/chokidar/4.0.3/chokidar-4.0.3.tgz?created=1790737780&expires=1790824180&source=t-PwLF9sWN2uK8&signature=gAAAAABqvH108lc0RwqzEqazUOGrqh3UNDNOUCEqk1A8trd1v2GLLE3Yv9K18a5LLCY2g2C3oJYetvgeh2cVPEHkvRh8EtKFcX7niUt8c4aysNx-3JtpP_XOklm0pqjvN-Jso4hQpFa7 1128ms (cache miss)
npm http fetch GET 200 https://dl.cloudsmith.io/signed/vlt/benchmarks/npm/sade/1.8.1/sade-1.8.1.tgz?created=1790737780&expires=1790824180&source=t-PwLF9sWN2uK8&signature=gAAAAABqvH10yOk9D--GdyAedVS-tAnB9w5KmuY5LzzrV81X_XnE24zbZFUuYEPN6kOEla9ZzJ0Ijj2Ws0FX6_niaPS5FN2qYxRsXdZ1Rv055X_DhCRMiRuVqRA-EyaOQcqV_U3rx0hh 1130ms (cache miss)
npm http fetch GET 200 https://dl.cloudsmith.io/signed/vlt/benchmarks/npm/mri/1.2.0/mri-1.2.0.tgz?created=1790737780&expires=1790824180&source=t-PwLF9sWN2uK8&signature=gAAAAABqvH10eid00O7FlcGuU2GnKmnrJvpzpVE0y7aOAduHC0uc2a31t0_rY_3lg1RB_fPeSBgmJu0PqG8d3xNz5JrWifp7xxt0QOn940AAdg2_bMgHCdAkYmQYcTvf1FQ51phXWTkk 1156ms (cache miss)
npm http fetch GET 200 https://dl.cloudsmith.io/signed/vlt/benchmarks/npm/source-map-js/1.2.1/source-map-js-1.2.1.tgz?created=1790737780&expires=1790824180&source=t-PwLF9sWN2uK8&signature=gAAAAABqvH10pd88i85pBKwzuvRBtgXLDi6bbFi479Jv2tLEA3IgStbp_JLEbt6-V5_dx5ttn-MBxDcSviTZCTCkVRjMd2funYBn_vaeOoVNYmGUk_fQXlYnXFmQApGZL68lCJlB3a6w 1162ms (cache miss)
npm http fetch GET 200 https://dl.cloudsmith.io/signed/vlt/benchmarks/npm/nanoid/3.3.19/nanoid-3.3.19.tgz?created=1790737780&expires=1790824180&source=t-PwLF9sWN2uK8&signature=gAAAAABqvH10_65kZJOvzcUsqdotW6OXfT7l7IsDD80v5_EE3mu99fQrgeL--KhygtwZYmIJ34Bbq5Xm-UNmFAcSHQQPZgkEAVB847_5Y5oC93B52mRTyuKPuwWSYoqVhb6hFEEckaAV 1179ms (cache miss)
npm http fetch GET 200 https://dl.cloudsmith.io/signed/vlt/benchmarks/npm/esbuild/0.25.12/esbuild-0.25.12.tgz?created=1790737780&expires=1790824180&source=t-PwLF9sWN2uK8&signature=gAAAAABqvH10NYIRAswuwDyHD--OprDm1gdM1pI9fg0t6gQHsOSPZBtCQ-LJJAMxqUCOPTGmtSQ152UySOh9ZCAAaDD-H9zTibkre2Ikpcx4oG81BCSz5A5Q-r_-PZZIONdi6l_LAhio 1185ms (cache miss)
npm http fetch GET 200 https://dl.cloudsmith.io/signed/vlt/benchmarks/npm/picomatch/4.0.7/picomatch-4.0.7.tgz?created=1790737780&expires=1790824180&source=t-PwLF9sWN2uK8&signature=gAAAAABqvH10ERSTvwepPNYC68cBUWOQhpu5oX_13XkJtRmFVee32BGA1Di_xz684sstFYE_npLnHNiJshM0MLQaWWGdIE5enhzzX3dJpHTmcWufIuLrxHKNf_mTpoeDauk1JBYjqjz0 1242ms (cache miss)
npm http fetch GET 200 https://dl.cloudsmith.io/signed/vlt/benchmarks/npm/postcss/8.5.28/postcss-8.5.28.tgz?created=1790737780&expires=1790824180&source=t-PwLF9sWN2uK8&signature=gAAAAABqvH10xhHKEMyIiFEJuLB_CrDB2-Mw5Q16ZpRES4kRwWtDGUgOLhbKxjvfgIR9BeoiPeC7j1FUYOS3s6-r3myX_p89UtpPG8D8iwjWetGmRaOAExah3_xhwLG1ImuBkib4mMT0 1246ms (cache miss)
npm http fetch GET 200 https://dl.cloudsmith.io/signed/vlt/benchmarks/npm/rollup/4.63.5/rollup-4.63.5.tgz?created=1790737780&expires=1790824180&source=t-PwLF9sWN2uK8&signature=gAAAAABqvH10LIwTTRc3fd8IlSIKuIxjqwGrHyXJnpcfBLkxXI1EqJ0FX5paDLZ9I-upcwJBRLs8NOUup1AZfJfvr83C9OJzvo2amnYCGhurSeJNUclYngoVIWi7JGled4fmwSsk6res 1594ms (cache miss)
npm http fetch GET 200 https://dl.cloudsmith.io/signed/vlt/benchmarks/npm/rollup/rollup-linux-arm64-gnu/4.63.5/rollup-linux-arm64-gnu-4.63.5.tgz?created=1790737780&expires=1790824180&source=t-PwLF9sWN2uK8&signature=gAAAAABqvH10Bf5yx0tPyS2zlxZ6z9trG-ljrtZqt38nQox0osog3NEn7gqOFK1NExUR_5fm14FJemagR0iRyX4gs9cDcyOCF86xxiVYyxuxPk776WxsUVn917086ufBYQVZZp7smtZ8 1681ms (cache miss)
npm http fetch GET 200 https://dl.cloudsmith.io/signed/vlt/benchmarks/npm/is-reference/3.0.3/is-reference-3.0.3.tgz?created=1790737780&expires=1790824180&source=t-PwLF9sWN2uK8&signature=gAAAAABqvH10FOePitlnCLHJG9jlzYEfenT6kwa3t44PKwsMs45YjxMmuHtVdbmQWd5SATtAxY_ZmApxJUVMaFoMXkIleNScOT-mLbfV0O9Y61xxNxmZqw4aliiPxhiIO86LrlLmyM_R 1689ms (cache miss)
npm http fetch GET 200 https://dl.cloudsmith.io/signed/vlt/benchmarks/npm/jridgewell/resolve-uri/3.1.2/resolve-uri-3.1.2.tgz?created=1790737780&expires=1790824180&source=t-PwLF9sWN2uK8&signature=gAAAAABqvH10esNVL1n22gCI4iFsAGiemSNvx6aRhioMS1sPZCrReqmdxFzAHKTJw4La_uIlr5MLe2Wr_Lx1uG2rdGyimkaKTTFRL91lZ903DUqVN9BqprISpnIt68DsUL07cnai8u9g 1707ms (cache miss)
npm http fetch GET 200 https://dl.cloudsmith.io/signed/vlt/benchmarks/npm/sveltejs/load-config/0.2.3/load-config-0.2.3.tgz?created=1790737780&expires=1790824180&source=t-PwLF9sWN2uK8&signature=gAAAAABqvH10L_AzFBsNcIa0ia0QlicCOmx0nIJI3JCZEoY5Cg78r-gSKVrXuup23x6suc_G_g9rLu0kUJRGYVJcWTXZRzbgp0vsOS69mH5Y6RJBMD5yh8KK3_M0mbBH-MAIpg6DlPk0 1743ms (cache miss)
npm http fetch GET 200 https://dl.cloudsmith.io/signed/vlt/benchmarks/npm/jridgewell/gen-mapping/0.3.13/gen-mapping-0.3.13.tgz?created=1790737780&expires=1790824180&source=t-PwLF9sWN2uK8&signature=gAAAAABqvH10WmGHkk1_sR8d96pmQt10Rei2K4Mztr7bXYOH4outHR84adwokG-ZfaT-J7hO1Iq-Lkh5fBcRsYVvBESuu0yICRzS0tW3v5gziWQ2BFugRfANufOxIImJ2pScD3FmMDP8 1750ms (cache miss)
npm http fetch GET 200 https://dl.cloudsmith.io/signed/vlt/benchmarks/npm/clsx/2.1.1/clsx-2.1.1.tgz?created=1790737780&expires=1790824180&source=t-PwLF9sWN2uK8&signature=gAAAAABqvH10TZqsl4VcjTFG5hwhWF8vRVBNBCHGQlhAdRed-lFf2pJwiL2FOtVsLwKYawiajJODWcZwwpPR1M8zomg-1IqPzGdzd4IYHRUbpWJkyzpQDHKLxnrnvJjqDbGEPBZHoFbD 1750ms (cache miss)
npm http fetch GET 200 https://dl.cloudsmith.io/signed/vlt/benchmarks/npm/zimmerframe/1.1.5/zimmerframe-1.1.5.tgz?created=1790737780&expires=1790824180&source=t-PwLF9sWN2uK8&signature=gAAAAABqvH10_wy1MxtzOD25BVwH3uf47_L-5dS6CeaaH7w28sI2rskJoM1ep_hPKctBqRuMqHeYsJi_5NulEMP-2nkxAT-yyKy4q-JYtn-9CTNVoT_LNZ80CxhuhoNpwBF6hvX0G2T4 1790ms (cache miss)
npm http fetch GET 200 https://dl.cloudsmith.io/signed/vlt/benchmarks/npm/jridgewell/trace-mapping/0.3.31/trace-mapping-0.3.31.tgz?created=1790737780&expires=1790824180&source=t-PwLF9sWN2uK8&signature=gAAAAABqvH10FZk8H8S-jRROYej4XrjyB31wMTN-7yQTkHproF2zggcdBGGakvcbxLs5zRh9PkLuJUlIN0mDQQDihY1qUPSRKzP1BwVped3AwgNf2rUuCMTC6qVkWucLF-QggM7fiXJ6 1828ms (cache miss)
npm http fetch GET 200 https://dl.cloudsmith.io/signed/vlt/benchmarks/npm/esrap/2.4.0/esrap-2.4.0.tgz?created=1790737780&expires=1790824180&source=t-PwLF9sWN2uK8&signature=gAAAAABqvH10DB5XrqsgFqiGWhTk7P4xSmJm3uHnlXQdpJ1S0y_DtL6jmEiihD7heExQ_kmNfZNraPHZPkqMNQ-ojr1Pzv2tE1pO-Fcin2snC5c_Kn6Bn8glWC7UmdhT-PqJwRyDF4MC 1840ms (cache miss)
npm http fetch GET 200 https://dl.cloudsmith.io/signed/vlt/benchmarks/npm/types/estree/1.0.9/estree-1.0.9.tgz?created=1790737780&expires=1790824180&source=t-PwLF9sWN2uK8&signature=gAAAAABqvH10aMxGEevHzbYJ_OnQA8g54FF__ke6rJFdM3iDhw5Z1jfS15IPBFi4_fh10xNWaZfgw_AnTrA4KTmurMf6LboDhrZ3WkydYav9ja-yWtJ-EQ2VhrvK_ryW5JqQg1cRbybl 1841ms (cache miss)
npm http fetch GET 200 https://dl.cloudsmith.io/signed/vlt/benchmarks/npm/tinyglobby/0.2.17/tinyglobby-0.2.17.tgz?created=1790737780&expires=1790824180&source=t-PwLF9sWN2uK8&signature=gAAAAABqvH10Zz5867DB6XW0qYWtdyYM7kIsKf6CS9_9DBILimqdUyRjo42VoKFj9S8zLGG8R0uWpXYlrvB3p74oLo-1EHzYOrFllmUdrruDtbNe9tk5ulxcxVMPpSp2BE_fLhJW3JYV 1854ms (cache miss)
npm http fetch GET 200 https://dl.cloudsmith.io/signed/vlt/benchmarks/npm/jridgewell/sourcemap-codec/1.6.0/sourcemap-codec-1.6.0.tgz?created=1790737781&expires=1790824181&source=t-PwLF9sWN2uK8&signature=gAAAAABqvH11Wl3GR0TuHWezqv9PCiQwehR6prliZrR4d7EEVAUYy41g0w0BUeUixmrUDnk2EzKPlEyQpqmm3qBgdtCODGjsONNzp43K5M4cvRJEU7Mya9mu2zXLAQI8kUDLm3330Kxh 1880ms (cache miss)
npm http fetch GET 200 https://dl.cloudsmith.io/signed/vlt/benchmarks/npm/axobject-query/4.1.0/axobject-query-4.1.0.tgz?created=1790737780&expires=1790824180&source=t-PwLF9sWN2uK8&signature=gAAAAABqvH10RY-2NIit2AmBG3meua2d8Qsn9RE2mRb0mPRM5y37vz_S-zKt1T8UxEGiY_YEK7OVs7ARI5rzmlde3NUx7hyGtnBrt_42zB32UQ5maP3pAgkrF4Bd2RK_sfvqCtd2QJQ8 1897ms (cache miss)
npm http fetch GET 200 https://dl.cloudsmith.io/signed/vlt/benchmarks/npm/esbuild/linux-arm64/0.25.12/linux-arm64-0.25.12.tgz?created=1790737780&expires=1790824180&source=t-PwLF9sWN2uK8&signature=gAAAAABqvH10YODEg-TxaUu5_Kk2qGdCJN9nxeDCFuM6eCpiAjBnbshSHipGGEkBIl8COiaY2O4uzxSBD-9uNeYyWGt9ab4nQzrKmjym45wM7fk2FDDgIoSYWRk_DZh9fAxw_g-wvoVz 1949ms (cache miss)
npm http fetch GET 200 https://dl.cloudsmith.io/signed/vlt/benchmarks/npm/deepmerge/4.3.1/deepmerge-4.3.1.tgz?created=1790737781&expires=1790824181&source=t-PwLF9sWN2uK8&signature=gAAAAABqvH117YvfXaRK0qQ2NOdnhVNBBUVFPKz2AAc1aeowisylC0F3bad0QiHQ5IjcMkRA9gDH6wWnd-DY7Nmha6t0GiNOqx0vxTaly3XtDImWDTQ5ce2Py6p2L13GpQdj3qx8pf0R 2205ms (cache miss)
npm http fetch GET 200 https://dl.cloudsmith.io/signed/vlt/benchmarks/npm/sveltejs/vite-plugin-svelte-inspector/4.0.1/vite-plugin-svelte-inspector-4.0.1.tgz?created=1790737781&expires=1790824181&source=t-PwLF9sWN2uK8&signature=gAAAAABqvH11KSsfgPF6N3Yx_WXfEEPkgX24aCDFzd8_-c87dML1H09lRr_GyA1JdEpkwuYEk0e9mfrgHXhY0wrrW-ATLvbwPsePWVRsebQs0kQm849DJrYi12vCcykGB3Iiv1cu5C1p 2256ms (cache miss)
npm http fetch GET 200 https://dl.cloudsmith.io/signed/vlt/benchmarks/npm/locate-character/3.0.0/locate-character-3.0.0.tgz?created=1790737780&expires=1790824180&source=t-PwLF9sWN2uK8&signature=gAAAAABqvH100UZlGu-rAzOrhy2udol_2ewD69ZgfhW7SIpVq2AX6sKGs8Bqr6sMC7iZ9d9xkaMXPG-GAIgEdwpgaoGW1YTBVVDPk37fQ4hQvWS6Dq6FJgO1jPtBQ5aPQJdqP-0PtQcw 2292ms (cache miss)
npm http fetch GET 200 https://dl.cloudsmith.io/signed/vlt/benchmarks/npm/sirv/3.0.2/sirv-3.0.2.tgz?created=1790737781&expires=1790824181&source=t-PwLF9sWN2uK8&signature=gAAAAABqvH11efk6lUGjjkf8X6J5Lx67evFqpKCHd4IQSZ3EV3-vl5Rbrxor9iZh9rJbIFe6b5bjAp8st5leF1Mr8-pKrqqZrAKaI9fcp2-dHPDYELe7oywag7H7YtJT_LJ3DqNCrrT8 2295ms (cache miss)
npm http fetch GET 200 https://dl.cloudsmith.io/signed/vlt/benchmarks/npm/ms/2.1.3/ms-2.1.3.tgz?created=1790737781&expires=1790824181&source=t-PwLF9sWN2uK8&signature=gAAAAABqvH11haQM-QZKUWAs5SBpz9k7aFndks0qYcNZYIiNFNA6Xd5tzPYSf_-LcOqXWUhFrkXP4FdDQh1a4GUX7n88zJXrnrQPgYuO65KwgAhGVJFH6mCub7EsfPgXy5dAurqW0k0d 2336ms (cache miss)
npm http fetch GET 200 https://dl.cloudsmith.io/signed/vlt/benchmarks/npm/mrmime/2.0.1/mrmime-2.0.1.tgz?created=1790737781&expires=1790824181&source=t-PwLF9sWN2uK8&signature=gAAAAABqvH115afN7mF4Iq1aMkyqvUi3EMnZcjC8bwJIGLEgabsRcSpNxdy5CAZdVY_hlYUsdzp9MS3zXF4pLah7YzS1ipLjizjWgmAN8tfhRclDOW2seAnbL38c2ODoRfL3ToZ5Efzd 2350ms (cache miss)
npm http fetch GET 200 https://dl.cloudsmith.io/signed/vlt/benchmarks/npm/debug/4.4.3/debug-4.4.3.tgz?created=1790737781&expires=1790824181&source=t-PwLF9sWN2uK8&signature=gAAAAABqvH11-AfmQBA-_rXhDAPOuPZjy3zaSNCMkl26GjAK0YEa4Bti2EmboSpVNspcQBWEIHMoHOolbV2XQEepI0vwzAtQGCgh4EoPRI5taQQvTX7ybZ8vDRuQmk_CDBdu9MvQSviV 2385ms (cache miss)
npm http fetch GET 200 https://dl.cloudsmith.io/signed/vlt/benchmarks/npm/polka/url/1.0.0-next.29/url-1.0.0-next.29.tgz?created=1790737781&expires=1790824181&source=t-PwLF9sWN2uK8&signature=gAAAAABqvH11aq0sByFwtDyN5kD-qAEn7u5to_D4TDbODy5WY3MdffSNx0GNcsNemb5dFj2NqOuGloz3_NfaAwDNW6r4R3Ue0luF8j5dLatvZcHqgYk49Z0Vy4uk2aneX_4yo2Zpsnoe 2388ms (cache miss)
npm http fetch GET 200 https://dl.cloudsmith.io/signed/vlt/benchmarks/npm/esm-env/1.2.2/esm-env-1.2.2.tgz?created=1790737781&expires=1790824181&source=t-PwLF9sWN2uK8&signature=gAAAAABqvH11m2rCvkGPCbu3Zs3FDL_O1bzBDc7JG-bhZBmMazH6yFMmZpmOwBIgKi7XtPW3U3cBlnUsoHRFVAu44Fpth-pBzwQ3lO41OFVigYiAZy97ddO8bcnOW2N5yyNmKgPTlSl4 2434ms (cache miss)
npm http fetch GET 200 https://dl.cloudsmith.io/signed/vlt/benchmarks/npm/jridgewell/remapping/2.3.5/remapping-2.3.5.tgz?created=1790737781&expires=1790824181&source=t-PwLF9sWN2uK8&signature=gAAAAABqvH11hSCZaJDtxyH5NOIHt356oZQSZ1lTFUjCdHZDYhquJ4wfp77SVZ9oA2MxQnWIGOClfnkLX2kzGixl6CXd9bpnLFpPt4NxG_9xUZurHBqV4aV-hjpgMEnnrSaZbL956fuy 2437ms (cache miss)
npm http fetch GET 200 https://dl.cloudsmith.io/signed/vlt/benchmarks/npm/aria-query/5.3.1/aria-query-5.3.1.tgz?created=1790737781&expires=1790824181&source=t-PwLF9sWN2uK8&signature=gAAAAABqvH11nBrHxzp-FuPf2QvhTkm164vuh-nq8pH5BQNZm3Aj95_yACP0wvktYdkj8EfFRwPCBz4W0874AmoNDsYBoOh9_u1M47LdmzhI90DqqeA_00D3kwScnocNQ6SK0jV5Fncw 2450ms (cache miss)
npm http fetch GET 200 https://dl.cloudsmith.io/signed/vlt/benchmarks/npm/kleur/4.1.5/kleur-4.1.5.tgz?created=1790737781&expires=1790824181&source=t-PwLF9sWN2uK8&signature=gAAAAABqvH11lE2fdgtp3W4c4o3mKWYn-ICEKuK7glfi8x5uKabg9pJZlgnkuYsNLAXDiky4vlsk1_HGJ8ETnuU1wKKGZPIVgzdlqJghCEtZCfx0vlo-STKobhUC1_bxdCe81JAHZ0Gb 2519ms (cache miss)
npm http fetch GET 200 https://dl.cloudsmith.io/signed/vlt/benchmarks/npm/totalist/3.0.1/totalist-3.0.1.tgz?created=1790737781&expires=1790824181&source=t-PwLF9sWN2uK8&signature=gAAAAABqvH1160p2U3z1gojHBzXWrSCMkkZBTPaaUU_ExBhJGEzyuEj7wKlDfkqywH1Y9cvaWoxcmS4Y7NJ5EO-_cRwiDhKw91b0kiBqOUJKHG4bu1kzDpFGASXbdSgYCip9jFS9lSRD 2553ms (cache miss)
npm http fetch GET 200 https://dl.cloudsmith.io/signed/vlt/benchmarks/npm/magic-string/0.30.21/magic-string-0.30.21.tgz?created=1790737781&expires=1790824181&source=t-PwLF9sWN2uK8&signature=gAAAAABqvH11WTXLlKVzkAMihg9dHuzsXtRYS-BWD8T0E3FY8mGEwnX2jgW9ikhg4YKRbKpyqDIT-pBcDYM40-524Vz5wE2y5T8xUGWsjm2uf710_YJt7Kzank2DAVOl7Lto6uwZz1H1 2626ms (cache miss)
npm http fetch GET 200 https://dl.cloudsmith.io/signed/vlt/benchmarks/npm/acorn/8.18.0/acorn-8.18.0.tgz?created=1790737781&expires=1790824181&source=t-PwLF9sWN2uK8&signature=gAAAAABqvH11xAECo5wN1C5ma-v-OT7YOgtq1WcqpJdtKsgHcM0lClojhBg_nmEPoQy970s2zqOF5be4EM5-8hWfJu3am2gFInpPhq6SZaPXubpJRy_6gTLlaL2eKVvED29hdoVJiBBZ 2653ms (cache miss)
npm http fetch GET 200 https://dl.cloudsmith.io/signed/vlt/benchmarks/npm/vitefu/1.1.3/vitefu-1.1.3.tgz?created=1790737781&expires=1790824181&source=t-PwLF9sWN2uK8&signature=gAAAAABqvH11LJ_GXLDiETciOQcLXyGs5rrRXVlSPtNtieP973OzPT89p9pPzERUpG9af6cbu8XFeJ6cd3UuPIHP3ljFUA8YlH7TcB67pRb5sAWf-kt6w0NScFhHGfDlZLmnTjwde7BS 2789ms (cache miss)
npm http fetch GET 200 https://dl.cloudsmith.io/signed/vlt/benchmarks/npm/set-cookie-parser/3.1.2/set-cookie-parser-3.1.2.tgz?created=1790737781&expires=1790824181&source=t-PwLF9sWN2uK8&signature=gAAAAABqvH11GIceoFEc6hYChhk8oGrKTo0h4qBzlQU15JuRbGQk_bxS1NQBjckOon3R94TrCE-0nAuDn2m4HBFrQec7jkzi6GmPUO_4picjTDtgXSdmjePbLEVKE-at6mtquws77xdU 2844ms (cache miss)
npm http fetch GET 200 https://dl.cloudsmith.io/signed/vlt/benchmarks/npm/standard-schema/spec/1.1.0/spec-1.1.0.tgz?created=1790737781&expires=1790824181&source=t-PwLF9sWN2uK8&signature=gAAAAABqvH11iwdsZ3h5OH_Aj-a0Nyg7tJx5KLURrQy3wEWoQBxBX24L5bAf-MnldaUqk5Y1kQ13lwQgoDjVjUZqPgK7Yb0CIaVT7mD4ElN43RXgIGwwcb8LL4sq5lZTSt9aCssFnz_1 2881ms (cache miss)
npm http fetch GET 200 https://dl.cloudsmith.io/signed/vlt/benchmarks/npm/cookie/0.6.0/cookie-0.6.0.tgz?created=1790737781&expires=1790824181&source=t-PwLF9sWN2uK8&signature=gAAAAABqvH116DM3SykP1yu_NE2BwmLWvNT_AFLZn2Kj0rz_Hru3-79NAi1EcJsNS6IWf3EvRrDDs1rLJMmP5i8DE-efk7w5cOk92vw1LA6GGqdi0U1j-1AVnAMsmguUE5MtZOczTpCC 2951ms (cache miss)
npm http fetch GET 200 https://dl.cloudsmith.io/signed/vlt/benchmarks/npm/sveltejs/adapter-auto/3.3.1/adapter-auto-3.3.1.tgz?created=1790737781&expires=1790824181&source=t-PwLF9sWN2uK8&signature=gAAAAABqvH112Y43YoujqN5KnwAsSuGCrQHGMEHUosBB8uie7d5N4rIYpkqr6jjnCH3HdVdmjpaTdv4-SxSAn99qd32AOIWtpIZM7JZn3BnrqOMQDeSHKGkMbIgj4lk3aN26J0LOTZgZ 2991ms (cache miss)
npm http fetch GET 200 https://dl.cloudsmith.io/signed/vlt/benchmarks/npm/sveltejs/vite-plugin-svelte/5.1.1/vite-plugin-svelte-5.1.1.tgz?created=1790737781&expires=1790824181&source=t-PwLF9sWN2uK8&signature=gAAAAABqvH114V07y23hKMEMuUHzEEF2oLcPohbjabFRDCN_RaDpKQWr1AZOQHzV769ucAYeo6KpqNsSoegp5uGUaZv3c6G5r91G1yIaGOUqNOrfd1zqg-ybcWfZX4uIge1Fj8D8A8XJ 3022ms (cache miss)
npm http fetch GET 200 https://dl.cloudsmith.io/signed/vlt/benchmarks/npm/import-meta-resolve/4.2.0/import-meta-resolve-4.2.0.tgz?created=1790737781&expires=1790824181&source=t-PwLF9sWN2uK8&signature=gAAAAABqvH11k9mxcisE-BcRG5LaNAtLWuvN0wyzItV-FMSV2iPsJczPahoUy5RBJxNRs_FMleeItpOfrVGctS6j59-lrYTIbyIglVG_mkc8k-iqWwKhrdAgvuPg9HmlJQMPhoy4MIyK 3133ms (cache miss)
npm http fetch GET 200 https://dl.cloudsmith.io/signed/vlt/benchmarks/npm/types/cookie/0.6.0/cookie-0.6.0.tgz?created=1790737781&expires=1790824181&source=t-PwLF9sWN2uK8&signature=gAAAAABqvH11fyWe7sEOkmNwY97GPGF-TXtakqTZjKQSTZwZemBPB_DxneoYN8Bhg3lDmTmEd8rlWWRKw1qmw6cbpgCd2EDuoYNY8e-8-CSuFif58AKtUF3aFYkeNbydin7c62k01gBQ 3256ms (cache miss)
npm http fetch GET 200 https://dl.cloudsmith.io/signed/vlt/benchmarks/npm/neoconfetti/svelte/2.2.2/svelte-2.2.2.tgz?created=1790737781&expires=1790824181&source=t-PwLF9sWN2uK8&signature=gAAAAABqvH11Tl7zVzD9lT2cxXgBz3i1a_mMQoEjq09CwQY5xeSbYIPIWMfDnVgiLDxV1UvKmDWN59smzO8YMqC14hwDBOk2ggGejFrXYPtyiZ5SCWJFfjYXxJRWUQGWCKaHm4UNd8JI 3255ms (cache miss)
npm http fetch GET 200 https://dl.cloudsmith.io/signed/vlt/benchmarks/npm/devalue/5.9.4/devalue-5.9.4.tgz?created=1790737781&expires=1790824181&source=t-PwLF9sWN2uK8&signature=gAAAAABqvH11g190yX1I2yDMI-LmMiJn_jRvdKkaqVgdvFePRYal9ixk7Ecdmggbx5whrZ9A-ebnJp1x-xvDywpYyuXgR-SOSbSQY01zQUNUpHXv6y4VYUSsq1KCr8cyK4qGo-SpcSwp 3266ms (cache miss)
npm http fetch GET 200 https://dl.cloudsmith.io/signed/vlt/benchmarks/npm/sveltejs/kit/2.70.3/kit-2.70.3.tgz?created=1790737781&expires=1790824181&source=t-PwLF9sWN2uK8&signature=gAAAAABqvH11rCBDhstVYncBTXGKl98YSN3mESZVA1_AHTPDAlgejTiNU_sDUyXtCu9fsXBA7o3W-4Hyx45NF3e9AZnEbUtXo2_6slkseyoMNy3jxUp_NAo0VfFFhNYdzqz64-7BFSCw 3389ms (cache miss)
npm http fetch GET 200 https://dl.cloudsmith.io/signed/vlt/benchmarks/npm/vite/6.4.3/vite-6.4.3.tgz?created=1790737781&expires=1790824181&source=t-PwLF9sWN2uK8&signature=gAAAAABqvH118TxoR1RjfV2XKsAx4KKdEvIlPxxMGYgL730_LdpEYofli38fxdWG1LbnTswJYB60jGXhBxtzA_tbT59gIrKIKbyyjFLl189v56LjQrfvfd0wPx2dPCKPuEdxgvDI7J3A 3451ms (cache miss)
npm http fetch GET 200 https://dl.cloudsmith.io/signed/vlt/benchmarks/npm/sveltejs/acorn-typescript/1.0.13/acorn-typescript-1.0.13.tgz?created=1790737781&expires=1790824181&source=t-PwLF9sWN2uK8&signature=gAAAAABqvH11N-RqcF72LQQFZ06LEHEfgiCZyU4UvWjMhLsaTJAM6EGcEh1Gaay7UGsi4kWANQ4XU85ueRcv7A3AdhykkribftOpieZqd8EyPPfvlXgvgFzg2I6-hxT-wE1K3B-5buUq 3598ms (cache miss)
npm http fetch GET 200 https://dl.cloudsmith.io/signed/vlt/benchmarks/npm/fontsource/fira-mono/5.3.0/fira-mono-5.3.0.tgz?created=1790737781&expires=1790824181&source=t-PwLF9sWN2uK8&signature=gAAAAABqvH11dJORJ00on4ghicWDqVWPapk9eShSDxdI_BqVw6GoisHD4968E7fQCBZVhGEdWdsOU4u5_bAUjflbXctFP9dJaxj5kq7KpbURPfqYprG7SkEtFK05T1cRijpIqDxETziB 3599ms (cache miss)
npm http fetch GET 200 https://dl.cloudsmith.io/signed/vlt/benchmarks/npm/svelte-check/4.7.6/svelte-check-4.7.6.tgz?created=1790737781&expires=1790824181&source=t-PwLF9sWN2uK8&signature=gAAAAABqvH118IUHNrm22kIRmzQN7wCK8tCz2Cb8S4a1XPcVMYDScjcuKzpv2K7DQNMKz3xwjIcWRUwEXcPmQ1zboyerTxlf6P051ijVS22jrZQDa8LC0nL6cBX7UTlZ_pK-2YI-Wv0j 3664ms (cache miss)
npm http fetch GET 200 https://dl.cloudsmith.io/signed/vlt/benchmarks/npm/svelte/5.57.1/svelte-5.57.1.tgz?created=1790737781&expires=1790824181&source=t-PwLF9sWN2uK8&signature=gAAAAABqvH11ScFx2SoNK4VLE5X9DR23ZpNGNI2a_53hj_YVNHSVKUOj8mbf5S0Wx3dz5GntZ6i7N0BVwU88X4Zpy9h4jldDiFC5wy0M_qAUQbSKW27hQ5HnHYqK3m9rWKhHomjvqwoP 3995ms (cache miss)
npm http fetch GET 200 https://dl.cloudsmith.io/signed/vlt/benchmarks/npm/typescript/5.9.3/typescript-5.9.3.tgz?created=1790737781&expires=1790824181&source=t-PwLF9sWN2uK8&signature=gAAAAABqvH118MyHDFmHf1T_iIvGHmSk2HhW9ykI1qt7jUxHsC69FLelzP4CrwIysk9qcHwERbtgwKo1BZJtJSES-PPqkmELAEn6beENHkuXLovE-1fl_juhZ--UqIfiLKnGM3GcWRpq 4042ms (cache miss)

added 58 packages in 26s
