npm http fetch GET 200 https://npm.cloudsmith.io/vlt/benchmarks/@fontsource%2ffira-mono 72ms (cache miss)
npm http fetch GET 200 https://npm.cloudsmith.io/vlt/benchmarks/@neoconfetti%2fsvelte 24ms (cache miss)
npm http fetch GET 200 https://npm.cloudsmith.io/vlt/benchmarks/svelte 57ms (cache miss)
npm http fetch GET 200 https://npm.cloudsmith.io/vlt/benchmarks/@sveltejs%2fadapter-auto 22ms (cache miss)
npm http fetch GET 200 https://npm.cloudsmith.io/vlt/benchmarks/@sveltejs%2fkit 46ms (cache miss)
npm http fetch GET 200 https://npm.cloudsmith.io/vlt/benchmarks/@sveltejs%2fvite-plugin-svelte 24ms (cache miss)
npm http fetch GET 200 https://npm.cloudsmith.io/vlt/benchmarks/vite 303ms (cache miss)
npm http fetch GET 200 https://npm.cloudsmith.io/vlt/benchmarks/typescript 96ms (cache miss)
npm http fetch GET 200 https://npm.cloudsmith.io/vlt/benchmarks/svelte-check 24ms (cache miss)
npm http fetch GET 200 https://npm.cloudsmith.io/vlt/benchmarks/@jridgewell%2fremapping 20ms (cache miss)
npm http fetch GET 200 https://npm.cloudsmith.io/vlt/benchmarks/@types%2festree 18ms (cache miss)
npm http fetch GET 200 https://npm.cloudsmith.io/vlt/benchmarks/@sveltejs%2facorn-typescript 49ms (cache miss)
npm http fetch GET 200 https://npm.cloudsmith.io/vlt/benchmarks/@jridgewell%2fsourcemap-codec 52ms (cache miss)
npm http fetch GET 200 https://npm.cloudsmith.io/vlt/benchmarks/acorn 19ms (cache miss)
npm http fetch GET 200 https://npm.cloudsmith.io/vlt/benchmarks/aria-query 21ms (cache miss)
npm http fetch GET 200 https://npm.cloudsmith.io/vlt/benchmarks/axobject-query 22ms (cache miss)
npm http fetch GET 200 https://npm.cloudsmith.io/vlt/benchmarks/clsx 18ms (cache miss)
npm http fetch GET 200 https://npm.cloudsmith.io/vlt/benchmarks/esm-env 20ms (cache miss)
npm http fetch GET 200 https://npm.cloudsmith.io/vlt/benchmarks/devalue 25ms (cache miss)
npm http fetch GET 200 https://npm.cloudsmith.io/vlt/benchmarks/esrap 21ms (cache miss)
npm http fetch GET 200 https://npm.cloudsmith.io/vlt/benchmarks/is-reference 19ms (cache miss)
npm http fetch GET 200 https://npm.cloudsmith.io/vlt/benchmarks/locate-character 22ms (cache miss)
npm http fetch GET 200 https://npm.cloudsmith.io/vlt/benchmarks/magic-string 21ms (cache miss)
npm http fetch GET 200 https://npm.cloudsmith.io/vlt/benchmarks/zimmerframe 17ms (cache miss)
npm http fetch GET 200 https://npm.cloudsmith.io/vlt/benchmarks/import-meta-resolve 19ms (cache miss)
npm http fetch GET 200 https://npm.cloudsmith.io/vlt/benchmarks/@standard-schema%2fspec 17ms (cache miss)
npm http fetch GET 200 https://npm.cloudsmith.io/vlt/benchmarks/@sveltejs%2facorn-typescript 22ms (cache updated)
npm http fetch GET 200 https://npm.cloudsmith.io/vlt/benchmarks/@types%2fcookie 19ms (cache miss)
npm http fetch GET 200 https://npm.cloudsmith.io/vlt/benchmarks/acorn 22ms (cache updated)
npm http fetch GET 200 https://npm.cloudsmith.io/vlt/benchmarks/cookie 19ms (cache miss)
npm http fetch GET 200 https://npm.cloudsmith.io/vlt/benchmarks/esm-env 20ms (cache updated)
npm http fetch GET 200 https://npm.cloudsmith.io/vlt/benchmarks/kleur 19ms (cache miss)
npm http fetch GET 200 https://npm.cloudsmith.io/vlt/benchmarks/devalue 40ms (cache updated)
npm http fetch GET 200 https://npm.cloudsmith.io/vlt/benchmarks/mrmime 18ms (cache miss)
npm http fetch GET 200 https://npm.cloudsmith.io/vlt/benchmarks/set-cookie-parser 19ms (cache miss)
npm http fetch GET 200 https://npm.cloudsmith.io/vlt/benchmarks/sirv 22ms (cache miss)
npm http fetch GET 200 https://npm.cloudsmith.io/vlt/benchmarks/@sveltejs%2fvite-plugin-svelte-inspector 19ms (cache miss)
npm http fetch GET 200 https://npm.cloudsmith.io/vlt/benchmarks/debug 20ms (cache miss)
npm http fetch GET 200 https://npm.cloudsmith.io/vlt/benchmarks/deepmerge 25ms (cache miss)
npm http fetch GET 200 https://npm.cloudsmith.io/vlt/benchmarks/vitefu 19ms (cache miss)
npm http fetch GET 200 https://npm.cloudsmith.io/vlt/benchmarks/magic-string 32ms (cache updated)
npm http fetch GET 200 https://npm.cloudsmith.io/vlt/benchmarks/fdir 19ms (cache miss)
npm http fetch GET 200 https://npm.cloudsmith.io/vlt/benchmarks/picomatch 20ms (cache miss)
npm http fetch GET 200 https://npm.cloudsmith.io/vlt/benchmarks/esbuild 49ms (cache miss)
npm http fetch GET 200 https://npm.cloudsmith.io/vlt/benchmarks/postcss 31ms (cache miss)
npm http fetch GET 200 https://npm.cloudsmith.io/vlt/benchmarks/tinyglobby 21ms (cache miss)
npm http fetch GET 200 https://npm.cloudsmith.io/vlt/benchmarks/magic-string 211ms (cache updated)
npm http fetch GET 200 https://npm.cloudsmith.io/vlt/benchmarks/rollup 70ms (cache miss)
npm http fetch GET 200 https://npm.cloudsmith.io/vlt/benchmarks/fsevents 53ms (cache miss)
npm http fetch GET 200 https://npm.cloudsmith.io/vlt/benchmarks/@jridgewell%2ftrace-mapping 52ms (cache miss)
npm http fetch GET 200 https://npm.cloudsmith.io/vlt/benchmarks/chokidar 20ms (cache miss)
npm http fetch GET 200 https://npm.cloudsmith.io/vlt/benchmarks/fdir 20ms (cache updated)
npm http fetch GET 200 https://npm.cloudsmith.io/vlt/benchmarks/picocolors 35ms (cache miss)
npm http fetch GET 200 https://npm.cloudsmith.io/vlt/benchmarks/sade 22ms (cache miss)
npm http fetch GET 200 https://npm.cloudsmith.io/vlt/benchmarks/@sveltejs%2fload-config 20ms (cache miss)
npm http fetch GET 200 https://npm.cloudsmith.io/vlt/benchmarks/totalist 22ms (cache miss)
npm http fetch GET 200 https://npm.cloudsmith.io/vlt/benchmarks/@jridgewell%2fsourcemap-codec 23ms (cache updated)
npm http fetch GET 200 https://npm.cloudsmith.io/vlt/benchmarks/@polka%2furl 24ms (cache miss)
npm http fetch GET 200 https://npm.cloudsmith.io/vlt/benchmarks/debug 21ms (cache updated)
npm http fetch GET 200 https://npm.cloudsmith.io/vlt/benchmarks/ms 22ms (cache miss)
npm http fetch GET 200 https://npm.cloudsmith.io/vlt/benchmarks/@jridgewell%2fgen-mapping 20ms (cache miss)
npm http fetch GET 200 https://npm.cloudsmith.io/vlt/benchmarks/@jridgewell%2ftrace-mapping 33ms (cache updated)
npm http fetch GET 200 https://npm.cloudsmith.io/vlt/benchmarks/@jridgewell%2fresolve-uri 19ms (cache miss)
npm http fetch GET 200 https://npm.cloudsmith.io/vlt/benchmarks/mri 21ms (cache miss)
npm http fetch GET 200 https://npm.cloudsmith.io/vlt/benchmarks/readdirp 22ms (cache miss)
npm http fetch GET 200 https://npm.cloudsmith.io/vlt/benchmarks/@esbuild%2faix-ppc64 23ms (cache miss)
npm http fetch GET 200 https://npm.cloudsmith.io/vlt/benchmarks/@esbuild%2fandroid-arm64 26ms (cache miss)
npm http fetch GET 200 https://npm.cloudsmith.io/vlt/benchmarks/@esbuild%2fandroid-arm 28ms (cache miss)
npm http fetch GET 200 https://npm.cloudsmith.io/vlt/benchmarks/@esbuild%2fdarwin-arm64 24ms (cache miss)
npm http fetch GET 200 https://npm.cloudsmith.io/vlt/benchmarks/@esbuild%2fdarwin-x64 25ms (cache miss)
npm http fetch GET 200 https://npm.cloudsmith.io/vlt/benchmarks/@esbuild%2ffreebsd-arm64 21ms (cache miss)
npm http fetch GET 200 https://npm.cloudsmith.io/vlt/benchmarks/@esbuild%2ffreebsd-x64 23ms (cache miss)
npm http fetch GET 200 https://npm.cloudsmith.io/vlt/benchmarks/@esbuild%2fandroid-x64 58ms (cache miss)
npm http fetch GET 200 https://npm.cloudsmith.io/vlt/benchmarks/@esbuild%2flinux-arm 18ms (cache miss)
npm http fetch GET 200 https://npm.cloudsmith.io/vlt/benchmarks/@esbuild%2flinux-arm64 22ms (cache miss)
npm http fetch GET 200 https://npm.cloudsmith.io/vlt/benchmarks/@esbuild%2flinux-ia32 33ms (cache miss)
npm http fetch GET 200 https://npm.cloudsmith.io/vlt/benchmarks/@esbuild%2flinux-loong64 27ms (cache miss)
npm http fetch GET 200 https://npm.cloudsmith.io/vlt/benchmarks/@esbuild%2flinux-mips64el 23ms (cache miss)
npm http fetch GET 200 https://npm.cloudsmith.io/vlt/benchmarks/@esbuild%2flinux-ppc64 19ms (cache miss)
npm http fetch GET 200 https://npm.cloudsmith.io/vlt/benchmarks/@esbuild%2flinux-riscv64 20ms (cache miss)
npm http fetch GET 200 https://npm.cloudsmith.io/vlt/benchmarks/@esbuild%2flinux-s390x 20ms (cache miss)
npm http fetch GET 200 https://npm.cloudsmith.io/vlt/benchmarks/@esbuild%2flinux-x64 18ms (cache miss)
npm http fetch GET 200 https://npm.cloudsmith.io/vlt/benchmarks/@esbuild%2fnetbsd-arm64 17ms (cache miss)
npm http fetch GET 200 https://npm.cloudsmith.io/vlt/benchmarks/@esbuild%2fnetbsd-x64 18ms (cache miss)
npm http fetch GET 200 https://npm.cloudsmith.io/vlt/benchmarks/@esbuild%2fopenbsd-arm64 17ms (cache miss)
npm http fetch GET 200 https://npm.cloudsmith.io/vlt/benchmarks/@esbuild%2fopenbsd-x64 18ms (cache miss)
npm http fetch GET 200 https://npm.cloudsmith.io/vlt/benchmarks/@esbuild%2fopenharmony-arm64 17ms (cache miss)
npm http fetch GET 200 https://npm.cloudsmith.io/vlt/benchmarks/@esbuild%2fsunos-x64 18ms (cache miss)
npm http fetch GET 200 https://npm.cloudsmith.io/vlt/benchmarks/@esbuild%2fwin32-arm64 21ms (cache miss)
npm http fetch GET 200 https://npm.cloudsmith.io/vlt/benchmarks/@esbuild%2fwin32-ia32 20ms (cache miss)
npm http fetch GET 200 https://npm.cloudsmith.io/vlt/benchmarks/@esbuild%2fwin32-x64 17ms (cache miss)
npm http fetch GET 200 https://npm.cloudsmith.io/vlt/benchmarks/source-map-js 18ms (cache miss)
npm http fetch GET 200 https://npm.cloudsmith.io/vlt/benchmarks/nanoid 25ms (cache miss)
npm http fetch GET 200 https://npm.cloudsmith.io/vlt/benchmarks/@napi-rs%2flzma-linux-x64-gnu 21ms (cache miss)
npm http fetch GET 200 https://npm.cloudsmith.io/vlt/benchmarks/@rollup%2frollup-darwin-arm64 19ms (cache miss)
npm http fetch GET 200 https://npm.cloudsmith.io/vlt/benchmarks/@rollup%2frollup-android-arm64 22ms (cache miss)
npm http fetch GET 200 https://npm.cloudsmith.io/vlt/benchmarks/@rollup%2frollup-win32-arm64-msvc 23ms (cache miss)
npm http fetch GET 200 https://npm.cloudsmith.io/vlt/benchmarks/@rollup%2frollup-freebsd-arm64 19ms (cache miss)
npm http fetch GET 200 https://npm.cloudsmith.io/vlt/benchmarks/@rollup%2frollup-linux-arm64-gnu 20ms (cache miss)
npm http fetch GET 200 https://npm.cloudsmith.io/vlt/benchmarks/@rollup%2frollup-linux-arm64-musl 22ms (cache miss)
npm http fetch GET 200 https://npm.cloudsmith.io/vlt/benchmarks/@rollup%2frollup-android-arm-eabi 19ms (cache miss)
npm http fetch GET 200 https://npm.cloudsmith.io/vlt/benchmarks/@rollup%2frollup-linux-arm-gnueabihf 18ms (cache miss)
npm http fetch GET 200 https://npm.cloudsmith.io/vlt/benchmarks/@rollup%2frollup-linux-arm-musleabihf 20ms (cache miss)
npm http fetch GET 200 https://npm.cloudsmith.io/vlt/benchmarks/@rollup%2frollup-win32-ia32-msvc 20ms (cache miss)
npm http fetch GET 200 https://npm.cloudsmith.io/vlt/benchmarks/@rollup%2frollup-linux-loong64-gnu 19ms (cache miss)
npm http fetch GET 200 https://npm.cloudsmith.io/vlt/benchmarks/@rollup%2frollup-linux-loong64-musl 19ms (cache miss)
npm http fetch GET 200 https://npm.cloudsmith.io/vlt/benchmarks/@rollup%2frollup-linux-riscv64-gnu 19ms (cache miss)
npm http fetch GET 200 https://npm.cloudsmith.io/vlt/benchmarks/@rollup%2frollup-linux-riscv64-musl 17ms (cache miss)
npm http fetch GET 200 https://npm.cloudsmith.io/vlt/benchmarks/@rollup%2frollup-linux-ppc64-gnu 18ms (cache miss)
npm http fetch GET 200 https://npm.cloudsmith.io/vlt/benchmarks/@rollup%2frollup-linux-ppc64-musl 18ms (cache miss)
npm http fetch GET 200 https://npm.cloudsmith.io/vlt/benchmarks/@rollup%2frollup-linux-s390x-gnu 18ms (cache miss)
npm http fetch GET 200 https://npm.cloudsmith.io/vlt/benchmarks/@rollup%2frollup-darwin-x64 19ms (cache miss)
npm http fetch GET 200 https://npm.cloudsmith.io/vlt/benchmarks/@rollup%2frollup-win32-x64-gnu 17ms (cache miss)
npm http fetch GET 200 https://npm.cloudsmith.io/vlt/benchmarks/@rollup%2frollup-win32-x64-msvc 18ms (cache miss)
npm http fetch GET 200 https://npm.cloudsmith.io/vlt/benchmarks/@rollup%2frollup-freebsd-x64 18ms (cache miss)
npm http fetch GET 200 https://npm.cloudsmith.io/vlt/benchmarks/@rollup%2frollup-linux-x64-gnu 20ms (cache miss)
npm http fetch GET 200 https://npm.cloudsmith.io/vlt/benchmarks/@rollup%2frollup-linux-x64-musl 19ms (cache miss)
npm http fetch GET 200 https://npm.cloudsmith.io/vlt/benchmarks/@rollup%2frollup-openbsd-x64 19ms (cache miss)
npm http fetch GET 200 https://npm.cloudsmith.io/vlt/benchmarks/@rollup%2frollup-openharmony-arm64 18ms (cache miss)
npm http fetch GET 200 https://dl.cloudsmith.io/signed/vlt/benchmarks/npm/sveltejs/load-config/0.2.3/load-config-0.2.3.tgz?created=1791114359&expires=1791200759&source=t-PwLF9sWN2uK8&signature=gAAAAABqwjx3G7t_vnRr60rTTNAsmWlnWqJvxLlnLs39TU7W7Ehw0bFr4pdgsuNmW7iKMiAFUSwHyGz9Av-bGSK6wWYr_PGTu_HS0rfJVEqAoziXwSRIBcW0mis70v3Re7aPgIaPEVF2 312ms (cache miss)
npm http fetch GET 200 https://dl.cloudsmith.io/signed/vlt/benchmarks/npm/readdirp/4.1.2/readdirp-4.1.2.tgz?created=1791114359&expires=1791200759&source=t-PwLF9sWN2uK8&signature=gAAAAABqwjx3tyLWwnuRwb9I72aZb2b1DrKKVGePB1KticrK3lcYld5OfbpsZPPUcmG_tw2CcXjrR4PlyMSY1iuPbEcnPh8z7xFnYNJTaNTrugk0ek_JmXY1eYEtG-Ykyb1sIy16AFfF 321ms (cache miss)
npm http fetch GET 200 https://dl.cloudsmith.io/signed/vlt/benchmarks/npm/tinyglobby/0.2.17/tinyglobby-0.2.17.tgz?created=1791114359&expires=1791200759&source=t-PwLF9sWN2uK8&signature=gAAAAABqwjx3Lj8M_3UK0LFlWQuXmbVUMhk0hA7uIuwGX7gTImTtfjmGz_D3MEZnJf6L9WxPm0sP295784KfbCdrKtfjUUBOfZv6WCV-7J6nl-RPchgJpPRRvQeHOH5aRldfF3L9dQEg 329ms (cache miss)
npm http fetch GET 200 https://dl.cloudsmith.io/signed/vlt/benchmarks/npm/jridgewell/resolve-uri/3.1.2/resolve-uri-3.1.2.tgz?created=1791114359&expires=1791200759&source=t-PwLF9sWN2uK8&signature=gAAAAABqwjx3WTHnhDH34ugSOyitVfart-iA-qq0T6USzCcnB5LYDdKyCARo84wqFHiOGTKGoCBUehRJGzQna4YAVoAHFFb2e4oGq_NzAq0ohxalr09STzbWUZt7wODvJ-lMpqAGvXAr 326ms (cache miss)
npm http fetch GET 200 https://dl.cloudsmith.io/signed/vlt/benchmarks/npm/sade/1.8.1/sade-1.8.1.tgz?created=1791114359&expires=1791200759&source=t-PwLF9sWN2uK8&signature=gAAAAABqwjx3DR7JVe7zUZ_5ElXzpiw93uc24VZUhSq1OG0BUYcu7tvEfiJ4z1--T-u553hkODKheyrAiEpfbKYOVPx-tYgT3WhgcQCSKCMsjz8FpfQsiziHi_GkdnVFZOYAh8Z-lzrT 328ms (cache miss)
npm http fetch GET 200 https://dl.cloudsmith.io/signed/vlt/benchmarks/npm/esbuild/0.25.12/esbuild-0.25.12.tgz?created=1791114359&expires=1791200759&source=t-PwLF9sWN2uK8&signature=gAAAAABqwjx3SA-Ucsy63bNcS7-gQDVlZ2jiKxDC31lyitWc4oOaySGbICRRl631O3PmGM_o65iZXSvTcuBbpUSfGLpdOdyrTgcR7OULV-K5VeaGhcvj-ZvnFdo9qWb9fg1a3iXSppR1 329ms (cache miss)
npm http fetch GET 200 https://dl.cloudsmith.io/signed/vlt/benchmarks/npm/mri/1.2.0/mri-1.2.0.tgz?created=1791114359&expires=1791200759&source=t-PwLF9sWN2uK8&signature=gAAAAABqwjx3qh4vhJBEOjDC8_WfnsxBeKbVHk5Wmf7gR4hZTdkJahHddX4UhsU_aloi1gCMoYGFG6IuHztbbFgn5RweMMmzzq3GCD48TN9sem9SzQmxdEw8OFrruMMr8Im3CroZbgUr 334ms (cache miss)
npm http fetch GET 200 https://dl.cloudsmith.io/signed/vlt/benchmarks/npm/zimmerframe/1.1.5/zimmerframe-1.1.5.tgz?created=1791114359&expires=1791200759&source=t-PwLF9sWN2uK8&signature=gAAAAABqwjx37F3AUVyQNQb3Oep4nQqQFPWM6LaL4lsAVhB3igbHsIv2Es6wr6P0neOdExDSG1ZGKSx0kWKSIP6Rs80AFASBPQNCuTxiKdYlMruaIx3aGfAWzB2p0oc5tS8TJqtjuwK4 333ms (cache miss)
npm http fetch GET 200 https://dl.cloudsmith.io/signed/vlt/benchmarks/npm/picocolors/1.1.1/picocolors-1.1.1.tgz?created=1791114359&expires=1791200759&source=t-PwLF9sWN2uK8&signature=gAAAAABqwjx3M9wUKKygvmRMvfiMiWKrYE0Ztrx2giCKWw93qNdKVAsdmlWNRwRQtoMXF4YQSSvHINNu0wrQSorBBOqH1B88iEtJkWTmo9JABscHjdAY5tWyvAhQfGuYrBodyy1-XmSR 335ms (cache miss)
npm http fetch GET 200 https://dl.cloudsmith.io/signed/vlt/benchmarks/npm/fdir/6.5.0/fdir-6.5.0.tgz?created=1791114359&expires=1791200759&source=t-PwLF9sWN2uK8&signature=gAAAAABqwjx3B6--Lu5zpx8Qiv0rYJ7ebUG5O2PVG2HKX4MWp92WfpygWM6_ebBB-vWcyUxiLVf-LjBDdS82shFSXhGtbnRN6ILjdmoNATViGCO_ZwsAEEuxYJsjwb7E6sh3ljfJRnf7 340ms (cache miss)
npm http fetch GET 200 https://dl.cloudsmith.io/signed/vlt/benchmarks/npm/nanoid/3.3.19/nanoid-3.3.19.tgz?created=1791114359&expires=1791200759&source=t-PwLF9sWN2uK8&signature=gAAAAABqwjx3MMU_G7GhbifuYZGZbpqZfnXQKmY9lPsjrFEFbIgIVqi8ZouHAXTBCn-xHle3yzN1sREyrOop-9TmFPAiw8jdOuJdi8f52gQTvAqTj2IzO9gmQ_p1EBaOtABG5iJijZwx 343ms (cache miss)
npm http fetch GET 200 https://dl.cloudsmith.io/signed/vlt/benchmarks/npm/is-reference/3.0.3/is-reference-3.0.3.tgz?created=1791114359&expires=1791200759&source=t-PwLF9sWN2uK8&signature=gAAAAABqwjx32wLHFEFYNfgGNBpBaQ-NpAyC2L9UlDyqswpxofpxZaOqd0-PV7OqNkAZMrcGEe4d_xueDN6veBQQOCp4adSXrslZDMi7E8DTNQeFV6H9cbujFdoUH3R1QgnfKocovEmj 343ms (cache miss)
npm http fetch GET 200 https://dl.cloudsmith.io/signed/vlt/benchmarks/npm/clsx/2.1.1/clsx-2.1.1.tgz?created=1791114360&expires=1791200760&source=t-PwLF9sWN2uK8&signature=gAAAAABqwjx4xAm5N9F8axO2GkcF6qhZUEnCgPzzmfg8UgbjIQ7HiyT1nzqdonsV0zB-inEmwYR1tRATYvTX6gRRsQc4cMFO8aBmtifeMUMArXXUHpH4U18UUtGzGSsbpOjkg2W0mZGn 347ms (cache miss)
npm http fetch GET 200 https://dl.cloudsmith.io/signed/vlt/benchmarks/npm/locate-character/3.0.0/locate-character-3.0.0.tgz?created=1791114360&expires=1791200760&source=t-PwLF9sWN2uK8&signature=gAAAAABqwjx4OagNbV4zpdogZXoMj2p1dgZjMYd59ffEVerVdI8zNjc1ZE19R7nstRiCbxH4EetZFMbh4EoIERHKVFkypu75NfANDbJRB-vY3y8MeyuBs4J465ZMYIDPmzblI6yK_Sqa 352ms (cache miss)
npm http fetch GET 200 https://dl.cloudsmith.io/signed/vlt/benchmarks/npm/jridgewell/remapping/2.3.5/remapping-2.3.5.tgz?created=1791114360&expires=1791200760&source=t-PwLF9sWN2uK8&signature=gAAAAABqwjx4VmuJEbtsfGhT6hmPTCvGzgyR0boOjjqplIF_PNGI8mXGFm5EAavy81eFDsnZa6ktISkqcKas6AW2JxquEBYkmVEzW1416yAnV2ZTIXZ3LftVt4qqMxegETUm-UnByml4 360ms (cache miss)
npm http fetch GET 200 https://dl.cloudsmith.io/signed/vlt/benchmarks/npm/types/estree/1.0.9/estree-1.0.9.tgz?created=1791114360&expires=1791200760&source=t-PwLF9sWN2uK8&signature=gAAAAABqwjx4p6hZ51Y0qD5lDmZQ9fBCb9gRfTfI8AcSCN2z3j2nYxqwmWUHyuOcuUPNbuq29T3LwRuWhksuJK0kFj3fGkL71nbkbXf9osb_6XG31_DGpfhh33ruFRZ-iRCIuoGHQqnI 360ms (cache miss)
npm http fetch GET 200 https://dl.cloudsmith.io/signed/vlt/benchmarks/npm/debug/4.4.3/debug-4.4.3.tgz?created=1791114360&expires=1791200760&source=t-PwLF9sWN2uK8&signature=gAAAAABqwjx41dRZgUgUAgBx2jf7Gjf-s5nD958Jgdq5lEKYj1cLyKWZYiYuU7ixNs_J71B9oqAiLqBLkQP36CP3PdWNLMYCg0xCurecYqZleESG1vd78qHxWpGkSDZQPTdGBSq3-l4u 360ms (cache miss)
npm http fetch GET 200 https://dl.cloudsmith.io/signed/vlt/benchmarks/npm/totalist/3.0.1/totalist-3.0.1.tgz?created=1791114360&expires=1791200760&source=t-PwLF9sWN2uK8&signature=gAAAAABqwjx4IKCMaqolGEWKQ2Eg0OTfgP-NA62670rblO44CR2OWqLff600IhrONjrs3dpMNVtX3JFOfwavvQOka9bA8jRL5Jhc1SLN5t4oYpN6aoHRHQvYS6_G5owElB8wzCrx3EYl 364ms (cache miss)
npm http fetch GET 200 https://dl.cloudsmith.io/signed/vlt/benchmarks/npm/picomatch/4.0.7/picomatch-4.0.7.tgz?created=1791114359&expires=1791200759&source=t-PwLF9sWN2uK8&signature=gAAAAABqwjx3QulVkao5OMLYFEf067Gz60pm5h1PKXhVCYgw9HENnLgNvQI8eHnFRoeWfldlC_-vxbbtilP50hsyFCoTdmAjfp6Xv9YfJBThOXc2hutRjXfU5JnI8pfi7OlGVc-twzMA 371ms (cache miss)
npm http fetch GET 200 https://dl.cloudsmith.io/signed/vlt/benchmarks/npm/vitefu/1.1.3/vitefu-1.1.3.tgz?created=1791114360&expires=1791200760&source=t-PwLF9sWN2uK8&signature=gAAAAABqwjx4zkh3__gvxke0hz3eUVAl0MpfRfAuTaXZdZdYWfvM4el_gotDcmnybaWyLr1IvSrDPWX5lNoZqkuYSZbjJzdldy142s1OgNSnbIebw73vf4ZFEoI6i0uzUPW_RSKJkNsr 367ms (cache miss)
npm http fetch GET 200 https://dl.cloudsmith.io/signed/vlt/benchmarks/npm/polka/url/1.0.0-next.29/url-1.0.0-next.29.tgz?created=1791114360&expires=1791200760&source=t-PwLF9sWN2uK8&signature=gAAAAABqwjx4I_zgryyTsO4ijgIRcVTStlj4fs7B5a0_Gqt6jmCLqbpS5Xsd2hqRtzw8ufeJB9fjDgMUEGxRq9sRwXrcpGgpESHwl4FByl2nwiI_3hyclo7q7SVrViQSeiy3Si7mtnBE 372ms (cache miss)
npm http fetch GET 200 https://dl.cloudsmith.io/signed/vlt/benchmarks/npm/deepmerge/4.3.1/deepmerge-4.3.1.tgz?created=1791114360&expires=1791200760&source=t-PwLF9sWN2uK8&signature=gAAAAABqwjx4SwHpkX5jf8PaMIWosXfFaHH2M6WCwvlU2Rw3DAEyPbN0pJnA3Su38lM3a8KmZz9UaWUt3oXImyAHKfStm1vG1M4VRo1RZgpse7doDNi_AAuipycijtd5bTUpPkm-wFcA 372ms (cache miss)
npm http fetch GET 200 https://dl.cloudsmith.io/signed/vlt/benchmarks/npm/mrmime/2.0.1/mrmime-2.0.1.tgz?created=1791114360&expires=1791200760&source=t-PwLF9sWN2uK8&signature=gAAAAABqwjx4PGOoDgjBs4yCdWJF3Nmed3kXZBl3X8BuQ90F616oce8pZ_xkx4BljcxAIbhBOH3cbJmgMzNSnEK9XrJN3gP8b9EvpdmVXQmpqXq3dEzTgxj1T3MS3VY_6TBwUgPqFsCD 371ms (cache miss)
npm http fetch GET 200 https://dl.cloudsmith.io/signed/vlt/benchmarks/npm/ms/2.1.3/ms-2.1.3.tgz?created=1791114360&expires=1791200760&source=t-PwLF9sWN2uK8&signature=gAAAAABqwjx4P6htT3cll_iDsnVWceIYpLoN-1L4jADSchHHAY05xBBCg6JwvGKHaRzW4w1n1ZhZLwJi_QbiaKZ_DQ477Zg5xR4NxJrXl48G9Eh_6PV8Y9HkxOXxFM45S1ZTs39BLaGz 375ms (cache miss)
npm http fetch GET 200 https://dl.cloudsmith.io/signed/vlt/benchmarks/npm/set-cookie-parser/3.1.2/set-cookie-parser-3.1.2.tgz?created=1791114360&expires=1791200760&source=t-PwLF9sWN2uK8&signature=gAAAAABqwjx49gfxC_OtrgZpvfVO1pjTlzJ1i0_ZlfLe3Y2Juw1kyeFBYoCONVz0IDSHZhyCDx5PtAwtD160pE8YwBJMzSkPX_UStNSKotw_g46wqAqUcqLP77x5Y4Oz_Ze8dz-0hvb8 374ms (cache miss)
npm http fetch GET 200 https://dl.cloudsmith.io/signed/vlt/benchmarks/npm/sveltejs/vite-plugin-svelte-inspector/4.0.1/vite-plugin-svelte-inspector-4.0.1.tgz?created=1791114360&expires=1791200760&source=t-PwLF9sWN2uK8&signature=gAAAAABqwjx4zIyDXbiF3Hj9wfCe61ZUadof59nZmXyscKc5BFw7kwLxJyW43_2TyrDOM7fLtK_SFS9ckpaQ0PJ1aXQZc_ljZ1dJE09madCCnas2JsFB_op0rxFcgFywCVOhuDlhXoSO 377ms (cache miss)
npm http fetch GET 200 https://dl.cloudsmith.io/signed/vlt/benchmarks/npm/kleur/4.1.5/kleur-4.1.5.tgz?created=1791114360&expires=1791200760&source=t-PwLF9sWN2uK8&signature=gAAAAABqwjx4PWZ3_4BbpFAoIpROydnhQiNU2snM5dp9mhruyXkUQmg3QgdRiaFgNyBi7_h8PpvXQHukEveoo54TrWAf_kxYsPIhZzs7vJk2b1v_ibXdWxjsLQMlJtVPq01DqGswvKba 376ms (cache miss)
npm http fetch GET 200 https://dl.cloudsmith.io/signed/vlt/benchmarks/npm/cookie/0.6.0/cookie-0.6.0.tgz?created=1791114360&expires=1791200760&source=t-PwLF9sWN2uK8&signature=gAAAAABqwjx46PvXIv0yxQz0zsxjIEJoz_z2I4-LwUhJiGMSUSQhXvI3EjBF8dwIG9E36V2ANKwetXv4ErJP46wLwEBucv208EzpLyLrcfEFxwa8mnNV3Wzvjv0gjpjmoRdxxb6FGFSV 380ms (cache miss)
npm http fetch GET 200 https://dl.cloudsmith.io/signed/vlt/benchmarks/npm/types/cookie/0.6.0/cookie-0.6.0.tgz?created=1791114360&expires=1791200760&source=t-PwLF9sWN2uK8&signature=gAAAAABqwjx4JOWu4xHjpjaIM_1kbWzSWQbADuCkVthQlMkXWodiCBMAhMrwzRWkr04yQszb-Cj8auA9Ipkbts2mbYVZ7owkyPaUu__3w4spKYi5fQOiGcL1UE41pG-e9TROJp3SnAf9 380ms (cache miss)
npm http fetch GET 200 https://dl.cloudsmith.io/signed/vlt/benchmarks/npm/sirv/3.0.2/sirv-3.0.2.tgz?created=1791114360&expires=1791200760&source=t-PwLF9sWN2uK8&signature=gAAAAABqwjx498FgZyZ-eZ5hG71WtHh3_X0A57KmodtoHvcAlqharI-6dnhO6p5Q0i3xJBEzoYSjxg4Q9jdMElWhaYSg5AD71l_HCUZjTSDNCCzCxylhE2vsGr34TuA_98DHrqEVmd9W 382ms (cache miss)
npm http fetch GET 200 https://dl.cloudsmith.io/signed/vlt/benchmarks/npm/sveltejs/acorn-typescript/1.0.13/acorn-typescript-1.0.13.tgz?created=1791114360&expires=1791200760&source=t-PwLF9sWN2uK8&signature=gAAAAABqwjx43p09h_sbtkoXZngKz7yePUV7kgModidP58smORtTjCO19za2Zr5PHDlmLoskMv7YeZGdvIC9ztQwTEMoG9WuHS_vmi-oHBRB751a17LlDwNoFrxKherFxSoHDVw2YEU5 383ms (cache miss)
npm http fetch GET 200 https://dl.cloudsmith.io/signed/vlt/benchmarks/npm/chokidar/4.0.3/chokidar-4.0.3.tgz?created=1791114359&expires=1791200759&source=t-PwLF9sWN2uK8&signature=gAAAAABqwjx3WuxE6KXAgydLUhQd86-rjaATD9CszDDfomAGuYVtX0QAslJQGql_lrTMbmb-rDVYSQs7rfLzL_JNlQVw2OGlaPQ9NfTNTkCrewMJFbTYn-80w0ERIj9U_PEUjEuQOWnp 392ms (cache miss)
npm http fetch GET 200 https://dl.cloudsmith.io/signed/vlt/benchmarks/npm/neoconfetti/svelte/2.2.2/svelte-2.2.2.tgz?created=1791114360&expires=1791200760&source=t-PwLF9sWN2uK8&signature=gAAAAABqwjx4Bu-Vs3sv_5gRZ2nBATvAfh9FZkpITilfeBRlg2aSkwqGK9kQkoZzpxBdZvGk0g-jewEQ-0VDXz49CpEukfq33q7mAgrvYGmoBGp3Z6tQsFYCZmo3Be3_hFX-sU8XAFHo 387ms (cache miss)
npm http fetch GET 200 https://dl.cloudsmith.io/signed/vlt/benchmarks/npm/standard-schema/spec/1.1.0/spec-1.1.0.tgz?created=1791114360&expires=1791200760&source=t-PwLF9sWN2uK8&signature=gAAAAABqwjx4CVGYeZAQMJuyWTLdkh2posaLBWQlJBBpupLl64EJqzftrq6Zk8zvJBg5gEM4qROa2uI-jWlPCG6MhAQIHHZ2J1MJu5Gcb3ACFM9jxO7vJD-L_pTZ8LaCeYrTlC3ApDU6 390ms (cache miss)
npm http fetch GET 200 https://dl.cloudsmith.io/signed/vlt/benchmarks/npm/esm-env/1.2.2/esm-env-1.2.2.tgz?created=1791114360&expires=1791200760&source=t-PwLF9sWN2uK8&signature=gAAAAABqwjx4rohSt6eCWC_eagdQ6rOqdCzi5QpWphXS4WV1IPrYlnXiGEVTiaJIRc9CA1ESUQy2FD3B_U8rKDu7QmPWHu1Zcgy3cV5HpgTwgsHEohSWU_tGTRHR51JflunAEu9o9_xy 393ms (cache miss)
npm http fetch GET 200 https://dl.cloudsmith.io/signed/vlt/benchmarks/npm/sveltejs/adapter-auto/3.3.1/adapter-auto-3.3.1.tgz?created=1791114360&expires=1791200760&source=t-PwLF9sWN2uK8&signature=gAAAAABqwjx4Wc84YGd-CW0nJafHqo8YtLqNTLUz23yvTLb0VDPrX1669jm0LUOvKh50mXFEiVNCGlp3FNHpMIyPm_AuIkw20MUSydRBZkWGDYq8MXB-t1u6gROdf25kvGzVI4Nw0n2e 396ms (cache miss)
npm http fetch GET 200 https://dl.cloudsmith.io/signed/vlt/benchmarks/npm/source-map-js/1.2.2/source-map-js-1.2.2.tgz?created=1791114359&expires=1791200759&source=t-PwLF9sWN2uK8&signature=gAAAAABqwjx3dElCz6pRa51YrtTx5Uv6L6AmJVE5p40oi9Qv4rl8fbKpacRcbY2WjCAJFIDt7XY1xjT4ek5rIedRx4QAflAsh8Wt_YWdHoH-RCJCSJC3VOtK7x5jQFu9socdXQAZ3auV 429ms (cache miss)
npm http fetch GET 200 https://dl.cloudsmith.io/signed/vlt/benchmarks/npm/devalue/5.9.4/devalue-5.9.4.tgz?created=1791114360&expires=1791200760&source=t-PwLF9sWN2uK8&signature=gAAAAABqwjx42gH1zzzfcbpOHQifQMpHXj9L2q36xDSHVk3tSK4X844HOCeFDboNjRbDNw_GIB-bZIvgMieZKIufsFYS4JI6AxBwQVLxSbWPEcCTnmxTtxbTXnape4cgOScm-JsJ3UDi 430ms (cache miss)
npm http fetch GET 200 https://dl.cloudsmith.io/signed/vlt/benchmarks/npm/import-meta-resolve/4.2.0/import-meta-resolve-4.2.0.tgz?created=1791114360&expires=1791200760&source=t-PwLF9sWN2uK8&signature=gAAAAABqwjx4unClH6Y0gwyt6U3VZmQfKo0TtLsXyQsNkSwNTb_LmD_DaUTxRk6EZjEpAOnbZ1jOZO_Cpi6Y6eBYNZ_BhrziqiIjGeuZEUu4fDBB9tTzMnanTClKC5fXtLeYIzQ2RooJ 440ms (cache miss)
npm http fetch GET 200 https://dl.cloudsmith.io/signed/vlt/benchmarks/npm/magic-string/0.30.21/magic-string-0.30.21.tgz?created=1791114360&expires=1791200760&source=t-PwLF9sWN2uK8&signature=gAAAAABqwjx4onUlT9vzjnKM0RxVPZDldphxs8xKQahuvIEWa3nFX05waCnGYsjJQIFs9y4BBReB0xUawBqlY2kcqXCfmDq_7-NN1Wr9af_HYw3ka0kUCnK9D6VKQtfJIxiQcc_Hfd_W 444ms (cache miss)
npm http fetch GET 200 https://dl.cloudsmith.io/signed/vlt/benchmarks/npm/acorn/8.18.0/acorn-8.18.0.tgz?created=1791114360&expires=1791200760&source=t-PwLF9sWN2uK8&signature=gAAAAABqwjx4HQ8FKGSUJpDa8IgYQkFdJeLwvFeJ_cfhKkQ1TEz62riAufPYIZnkkhsxjiVhOeSjAGZCVQ7csHKvQSffHj5m_4-XsVt9ZhaD7l5HSEcCH20u2cXSoT6Q2tR6S3xyJ4Y3 450ms (cache miss)
npm http fetch GET 200 https://dl.cloudsmith.io/signed/vlt/benchmarks/npm/jridgewell/gen-mapping/0.3.13/gen-mapping-0.3.13.tgz?created=1791114359&expires=1791200759&source=t-PwLF9sWN2uK8&signature=gAAAAABqwjx3j9h5MANCCGrr5n3lrTKc38kL6lf0bNZWD_qgo_QkJjA67xVa1HjSge6wC2l7w77ZIMRZTkoHNF9sj1-Eu7QNQMLQo8oIpQquGACXw4gcp-TLrYTyANJeHn6HZxx0cI1h 490ms (cache miss)
npm http fetch GET 200 https://dl.cloudsmith.io/signed/vlt/benchmarks/npm/jridgewell/sourcemap-codec/1.6.0/sourcemap-codec-1.6.0.tgz?created=1791114360&expires=1791200760&source=t-PwLF9sWN2uK8&signature=gAAAAABqwjx4yL7T7Nhe-Tx5QMneUxskgC7naRFwRxZksWXihqGrdMSP9r2bX-AHqcmsGZfirDw4FOaPQOCjZwqhzK5jZKFb4tKp0Zc0Lmk-n1n9jjODSgwWeiTA5EBpD4RtvSFlJC9a 491ms (cache miss)
npm http fetch GET 200 https://dl.cloudsmith.io/signed/vlt/benchmarks/npm/jridgewell/trace-mapping/0.3.31/trace-mapping-0.3.31.tgz?created=1791114359&expires=1791200759&source=t-PwLF9sWN2uK8&signature=gAAAAABqwjx3O588dZuehw5XQzTEw9C-fC1lY7Ja-xTz_hopJE1YpvNRh-fWfY7OP1oKvXKtZT2236xj2Cac_Y5LUPfsV0fJdKlmEnohx6YPTuGxpCccHNQIJNUZVhL5d_RIjddao6Py 536ms (cache miss)
npm http fetch GET 200 https://dl.cloudsmith.io/signed/vlt/benchmarks/npm/esrap/2.4.0/esrap-2.4.0.tgz?created=1791114360&expires=1791200760&source=t-PwLF9sWN2uK8&signature=gAAAAABqwjx4zXHpP03Ew-tHXjT_LtVja0SXLojls2zRiFFu7b5DCO1jytRNnsaa8MD69aQ0vyKtdVkOu2FlV8wMN3oUgrDG20VtWGpwuMSbUSH_YMhzI0hE_OjmIFoqcu-q8sQTizpf 537ms (cache miss)
npm http fetch GET 200 https://dl.cloudsmith.io/signed/vlt/benchmarks/npm/sveltejs/vite-plugin-svelte/5.1.1/vite-plugin-svelte-5.1.1.tgz?created=1791114360&expires=1791200760&source=t-PwLF9sWN2uK8&signature=gAAAAABqwjx4cGstClh0D8cK7A7KMeppiJPVv6hwMyj9_7J9Axr3nGXM20f9JCwVuE0FQu4oB5XoEV2RsW1O4VQWpNsQX1dp-r1F8UzIh9T8hyZg-kjgsqFHJoue0JyM4_NturyeqxIa 537ms (cache miss)
npm http fetch GET 200 https://dl.cloudsmith.io/signed/vlt/benchmarks/npm/rollup/rollup-linux-arm64-gnu/4.64.0/rollup-linux-arm64-gnu-4.64.0.tgz?created=1791114359&expires=1791200759&source=t-PwLF9sWN2uK8&signature=gAAAAABqwjx3k8svfD7DIUnrZlesQ1MPxMtCy_XNwwisGE7byVqau6q4nPDApP5aa6qBM3zen85W3pq9h7jkG0-D4meW_Q0A78zFFb8ClBMZ-QLjgJG5Pguy19wJNc_0FB_h7NAReT5B 556ms (cache miss)
npm http fetch GET 200 https://dl.cloudsmith.io/signed/vlt/benchmarks/npm/postcss/8.5.28/postcss-8.5.28.tgz?created=1791114359&expires=1791200759&source=t-PwLF9sWN2uK8&signature=gAAAAABqwjx3F3w-gb5ItI01FuM3Irx58NL37mtebyBlVs1JGycX_KGKEDNzl2lJ6BXi20YC73uv2zemL6ndecKB4ax6xYG5YCirvGYsV4PzLKrH3Kq6qYw9yq4IwfvYa7fP9Id61320 557ms (cache miss)
npm http fetch GET 200 https://dl.cloudsmith.io/signed/vlt/benchmarks/npm/fontsource/fira-mono/5.3.0/fira-mono-5.3.0.tgz?created=1791114360&expires=1791200760&source=t-PwLF9sWN2uK8&signature=gAAAAABqwjx46iMmcfVb6B9nWFbXJ_J-SGX9fK4lHSXPOqUCagm2Beiu1sn5SwtxbQsELZHKwAMwkJtkLiJKvMcykAFn02-HJs_A-hOKH4oEfy41QjdlpxJSoYBxyuhbosGSl4f9rwOi 588ms (cache miss)
npm http fetch GET 200 https://dl.cloudsmith.io/signed/vlt/benchmarks/npm/rollup/4.64.0/rollup-4.64.0.tgz?created=1791114359&expires=1791200759&source=t-PwLF9sWN2uK8&signature=gAAAAABqwjx3ItQwqJUzPPmRHDbkp5ebCwp9PfGIilBWa4NcyzWxOmS9WeL3tW5by_lSrTKAis0ccatOXjaoh4BRFed7d5ZcNbIbIYeQL9GDnq3fQ-8mAHQ0XPD9JIW8Z6R_3rr_hmwB 629ms (cache miss)
npm http fetch GET 200 https://dl.cloudsmith.io/signed/vlt/benchmarks/npm/vite/6.4.3/vite-6.4.3.tgz?created=1791114360&expires=1791200760&source=t-PwLF9sWN2uK8&signature=gAAAAABqwjx4FLPXAa1jSZSOhTVll1Fu8mO_u-Buv6RdvMWoQ51hwkFf8BT0HGFB5YUyE8UVJcrgWywCyEh_iR6vJ7Boa1WWzX8YRYMnXh6MD_Oh4ufzHT7YOZV7KvptjpPNPxww-H0J 625ms (cache miss)
npm http fetch GET 200 https://dl.cloudsmith.io/signed/vlt/benchmarks/npm/svelte-check/4.7.6/svelte-check-4.7.6.tgz?created=1791114360&expires=1791200760&source=t-PwLF9sWN2uK8&signature=gAAAAABqwjx4MnQriNP0cyEuUPxTqRaikP2CdeoI0A4cXBgMRULDCYCHlNLx5JofJVcF0ymkUN2sfmoxCL10Pb7My9tgU_Fz2qk7M2Y7_8WK70TnVo7FX5cRlGGzmMPzlpwQ5c1FhDXe 656ms (cache miss)
npm http fetch GET 200 https://dl.cloudsmith.io/signed/vlt/benchmarks/npm/esbuild/linux-arm64/0.25.12/linux-arm64-0.25.12.tgz?created=1791114359&expires=1791200759&source=t-PwLF9sWN2uK8&signature=gAAAAABqwjx3WZaEcvtqQ1P5xC1Kw8LqpKN2Y9DnaPpa5Zm0HK6gFsiuUL5UFrJn-xb_VEZzvjFL5LQvxzxJCS9V7Y8kKB9VMNRN1q5Wm-nJ2YBfi0NUSket-6Ozzz-7PzSPgMW-1Mje 730ms (cache miss)
npm http fetch GET 200 https://dl.cloudsmith.io/signed/vlt/benchmarks/npm/axobject-query/4.1.0/axobject-query-4.1.0.tgz?created=1791114359&expires=1791200759&source=t-PwLF9sWN2uK8&signature=gAAAAABqwjx3Y-fPmra77n04kNWYrS7ZYSOsYIHMadW-CRniEsFt4DUpHkOBPdWi965_nH2RikEU4xSzUSpzOm6u8_vz7ecq3C06LbTw1S0ZgV9EwZrLtBh8jcYFzG0h6e_HlJDGa5Jj 753ms (cache miss)
npm http fetch GET 200 https://dl.cloudsmith.io/signed/vlt/benchmarks/npm/aria-query/5.3.1/aria-query-5.3.1.tgz?created=1791114360&expires=1791200760&source=t-PwLF9sWN2uK8&signature=gAAAAABqwjx4fAkE3Xb58RWywZuAb7O1DEe4dKQxWxKl2I-FwGa6gzzou6wTVFleK8FZ9DoELjmhEfGMm0pBVYn4MCbtk6XCQM1ePVXXMFqatZX33o8tEMlLrmbv4ZwXV7xLJ7tdK_S_ 805ms (cache miss)
npm http fetch GET 200 https://dl.cloudsmith.io/signed/vlt/benchmarks/npm/sveltejs/kit/2.70.3/kit-2.70.3.tgz?created=1791114360&expires=1791200760&source=t-PwLF9sWN2uK8&signature=gAAAAABqwjx4gTMNuFox1I3liohyR74WNMW0MPm0a3PCQ0OQN1aYHrouJpwTcuV8quY0NhnzAJtDvI8MSjRFcNVApz-BT0De6-dt7pNgJ-UfpvxO6uk2isAB5pCL_yUJm7U9VZFTkkH2 819ms (cache miss)
npm http fetch GET 200 https://dl.cloudsmith.io/signed/vlt/benchmarks/npm/typescript/5.9.3/typescript-5.9.3.tgz?created=1791114360&expires=1791200760&source=t-PwLF9sWN2uK8&signature=gAAAAABqwjx4O7pq83eJDzeZq0Sf-HJfb6oYBC2m8Q0dEGO1T112mDzGftG8fQ2oN-rpOeYdn_Sgf_YJKtFuTyKVrwYc2NUy3s8R_gtDn0ACbi1zKs4S2Puxczsv2a2ZuNeRdxhz1_IS 855ms (cache miss)
npm http fetch GET 200 https://dl.cloudsmith.io/signed/vlt/benchmarks/npm/svelte/5.57.1/svelte-5.57.1.tgz?created=1791114360&expires=1791200760&source=t-PwLF9sWN2uK8&signature=gAAAAABqwjx4EB2EpoToFqTGdVvO5r-RSuwVJiID7muZlhEs3QC1G1QTRCcBYiEojarqoViItQIW9xzTQaf0WEAH5oe0H3Vjcb59YNytpXa-ozfX0x0SBjTmWA-jfXJzntJJL2F8epU7 933ms (cache miss)

added 58 packages in 3s
