npm http fetch GET 200 https://npm.cloudsmith.io/vlt/benchmarks/@fontsource%2ffira-mono 351ms (cache miss)
npm http fetch GET 200 https://npm.cloudsmith.io/vlt/benchmarks/@neoconfetti%2fsvelte 264ms (cache miss)
npm http fetch GET 200 https://npm.cloudsmith.io/vlt/benchmarks/svelte 1034ms (cache miss)
npm http fetch GET 200 https://npm.cloudsmith.io/vlt/benchmarks/@sveltejs%2fadapter-auto 291ms (cache miss)
npm http fetch GET 200 https://npm.cloudsmith.io/vlt/benchmarks/@sveltejs%2fkit 596ms (cache miss)
npm http fetch GET 200 https://npm.cloudsmith.io/vlt/benchmarks/@sveltejs%2fvite-plugin-svelte 512ms (cache miss)
npm http fetch GET 200 https://npm.cloudsmith.io/vlt/benchmarks/vite 1266ms (cache miss)
npm http fetch GET 200 https://npm.cloudsmith.io/vlt/benchmarks/typescript 1730ms (cache miss)
npm http fetch GET 200 https://npm.cloudsmith.io/vlt/benchmarks/svelte-check 363ms (cache miss)
npm http fetch GET 200 https://npm.cloudsmith.io/vlt/benchmarks/@jridgewell%2fremapping 287ms (cache miss)
npm http fetch GET 200 https://npm.cloudsmith.io/vlt/benchmarks/@jridgewell%2fsourcemap-codec 317ms (cache miss)
npm http fetch GET 200 https://npm.cloudsmith.io/vlt/benchmarks/@sveltejs%2facorn-typescript 323ms (cache miss)
npm http fetch GET 200 https://npm.cloudsmith.io/vlt/benchmarks/aria-query 305ms (cache miss)
npm http fetch GET 200 https://npm.cloudsmith.io/vlt/benchmarks/@types%2festree 367ms (cache miss)
npm http fetch GET 200 https://npm.cloudsmith.io/vlt/benchmarks/acorn 387ms (cache miss)
npm http fetch GET 200 https://npm.cloudsmith.io/vlt/benchmarks/axobject-query 301ms (cache miss)
npm http fetch GET 200 https://npm.cloudsmith.io/vlt/benchmarks/clsx 301ms (cache miss)
npm http fetch GET 200 https://npm.cloudsmith.io/vlt/benchmarks/devalue 276ms (cache miss)
npm http fetch GET 200 https://npm.cloudsmith.io/vlt/benchmarks/esm-env 291ms (cache miss)
npm http fetch GET 200 https://npm.cloudsmith.io/vlt/benchmarks/is-reference 276ms (cache miss)
npm http fetch GET 200 https://npm.cloudsmith.io/vlt/benchmarks/esrap 342ms (cache miss)
npm http fetch GET 200 https://npm.cloudsmith.io/vlt/benchmarks/locate-character 310ms (cache miss)
npm http fetch GET 200 https://npm.cloudsmith.io/vlt/benchmarks/zimmerframe 310ms (cache miss)
npm http fetch GET 200 https://npm.cloudsmith.io/vlt/benchmarks/magic-string 447ms (cache miss)
npm http fetch GET 200 https://npm.cloudsmith.io/vlt/benchmarks/@sveltejs%2facorn-typescript 13ms (cache updated)
npm http fetch GET 200 https://npm.cloudsmith.io/vlt/benchmarks/import-meta-resolve 294ms (cache miss)
npm http fetch GET 200 https://npm.cloudsmith.io/vlt/benchmarks/acorn 13ms (cache updated)
npm http fetch GET 200 https://npm.cloudsmith.io/vlt/benchmarks/@standard-schema%2fspec 292ms (cache miss)
npm http fetch GET 200 https://npm.cloudsmith.io/vlt/benchmarks/devalue 12ms (cache updated)
npm http fetch GET 200 https://npm.cloudsmith.io/vlt/benchmarks/esm-env 12ms (cache updated)
npm http fetch GET 200 https://npm.cloudsmith.io/vlt/benchmarks/@types%2fcookie 280ms (cache miss)
npm http fetch GET 200 https://npm.cloudsmith.io/vlt/benchmarks/magic-string 35ms (cache updated)
npm http fetch GET 200 https://npm.cloudsmith.io/vlt/benchmarks/cookie 338ms (cache miss)
npm http fetch GET 200 https://npm.cloudsmith.io/vlt/benchmarks/kleur 287ms (cache miss)
npm http fetch GET 200 https://npm.cloudsmith.io/vlt/benchmarks/mrmime 351ms (cache miss)
npm http fetch GET 200 https://npm.cloudsmith.io/vlt/benchmarks/set-cookie-parser 278ms (cache miss)
npm http fetch GET 200 https://npm.cloudsmith.io/vlt/benchmarks/sirv 291ms (cache miss)
npm http fetch GET 200 https://npm.cloudsmith.io/vlt/benchmarks/deepmerge 32ms (cache miss)
npm http fetch GET 200 https://npm.cloudsmith.io/vlt/benchmarks/magic-string 13ms (cache updated)
npm http fetch GET 200 https://npm.cloudsmith.io/vlt/benchmarks/@sveltejs%2fvite-plugin-svelte-inspector 286ms (cache miss)
npm http fetch GET 200 https://npm.cloudsmith.io/vlt/benchmarks/esbuild 46ms (cache miss)
npm http fetch GET 200 https://npm.cloudsmith.io/vlt/benchmarks/debug 335ms (cache miss)
npm http fetch GET 200 https://npm.cloudsmith.io/vlt/benchmarks/vitefu 277ms (cache miss)
npm http fetch GET 200 https://npm.cloudsmith.io/vlt/benchmarks/fdir 271ms (cache miss)
npm http fetch GET 200 https://npm.cloudsmith.io/vlt/benchmarks/postcss 370ms (cache miss)
npm http fetch GET 200 https://npm.cloudsmith.io/vlt/benchmarks/picomatch 469ms (cache miss)
npm http fetch GET 200 https://npm.cloudsmith.io/vlt/benchmarks/tinyglobby 309ms (cache miss)
npm http fetch GET 200 https://npm.cloudsmith.io/vlt/benchmarks/fsevents 310ms (cache miss)
npm http fetch GET 200 https://npm.cloudsmith.io/vlt/benchmarks/chokidar 33ms (cache miss)
npm http fetch GET 200 https://npm.cloudsmith.io/vlt/benchmarks/fdir 11ms (cache updated)
npm http fetch GET 200 https://npm.cloudsmith.io/vlt/benchmarks/rollup 697ms (cache miss)
npm http fetch GET 200 https://npm.cloudsmith.io/vlt/benchmarks/@jridgewell%2ftrace-mapping 309ms (cache miss)
npm http fetch GET 200 https://npm.cloudsmith.io/vlt/benchmarks/picocolors 353ms (cache miss)
npm http fetch GET 200 https://npm.cloudsmith.io/vlt/benchmarks/sade 272ms (cache miss)
npm http fetch GET 200 https://npm.cloudsmith.io/vlt/benchmarks/@sveltejs%2fload-config 293ms (cache miss)
npm http fetch GET 200 https://npm.cloudsmith.io/vlt/benchmarks/@jridgewell%2fsourcemap-codec 13ms (cache updated)
npm http fetch GET 200 https://npm.cloudsmith.io/vlt/benchmarks/totalist 32ms (cache miss)
npm http fetch GET 200 https://npm.cloudsmith.io/vlt/benchmarks/@polka%2furl 282ms (cache miss)
npm http fetch GET 200 https://npm.cloudsmith.io/vlt/benchmarks/debug 34ms (cache updated)
npm http fetch GET 200 https://npm.cloudsmith.io/vlt/benchmarks/ms 283ms (cache miss)
npm http fetch GET 200 https://npm.cloudsmith.io/vlt/benchmarks/@jridgewell%2ftrace-mapping 12ms (cache updated)
npm http fetch GET 200 https://npm.cloudsmith.io/vlt/benchmarks/@jridgewell%2fgen-mapping 408ms (cache miss)
npm http fetch GET 200 https://npm.cloudsmith.io/vlt/benchmarks/@jridgewell%2fresolve-uri 283ms (cache miss)
npm http fetch GET 200 https://npm.cloudsmith.io/vlt/benchmarks/mri 33ms (cache miss)
npm http fetch GET 200 https://npm.cloudsmith.io/vlt/benchmarks/readdirp 292ms (cache miss)
npm http fetch GET 200 https://npm.cloudsmith.io/vlt/benchmarks/@esbuild%2faix-ppc64 331ms (cache miss)
npm http fetch GET 200 https://npm.cloudsmith.io/vlt/benchmarks/@esbuild%2fandroid-arm 364ms (cache miss)
npm http fetch GET 200 https://npm.cloudsmith.io/vlt/benchmarks/@esbuild%2fandroid-arm64 399ms (cache miss)
npm http fetch GET 200 https://npm.cloudsmith.io/vlt/benchmarks/@esbuild%2fandroid-x64 320ms (cache miss)
npm http fetch GET 200 https://npm.cloudsmith.io/vlt/benchmarks/@esbuild%2fdarwin-x64 294ms (cache miss)
npm http fetch GET 200 https://npm.cloudsmith.io/vlt/benchmarks/@esbuild%2fdarwin-arm64 334ms (cache miss)
npm http fetch GET 200 https://npm.cloudsmith.io/vlt/benchmarks/@esbuild%2ffreebsd-x64 43ms (cache miss)
npm http fetch GET 200 https://npm.cloudsmith.io/vlt/benchmarks/@esbuild%2ffreebsd-arm64 333ms (cache miss)
npm http fetch GET 200 https://npm.cloudsmith.io/vlt/benchmarks/@esbuild%2flinux-ia32 34ms (cache miss)
npm http fetch GET 200 https://npm.cloudsmith.io/vlt/benchmarks/@esbuild%2flinux-arm 325ms (cache miss)
npm http fetch GET 200 https://npm.cloudsmith.io/vlt/benchmarks/@esbuild%2flinux-arm64 302ms (cache miss)
npm http fetch GET 200 https://npm.cloudsmith.io/vlt/benchmarks/@esbuild%2flinux-loong64 292ms (cache miss)
npm http fetch GET 200 https://npm.cloudsmith.io/vlt/benchmarks/@esbuild%2flinux-mips64el 332ms (cache miss)
npm http fetch GET 200 https://npm.cloudsmith.io/vlt/benchmarks/@esbuild%2flinux-ppc64 376ms (cache miss)
npm http fetch GET 200 https://npm.cloudsmith.io/vlt/benchmarks/@esbuild%2flinux-riscv64 316ms (cache miss)
npm http fetch GET 200 https://npm.cloudsmith.io/vlt/benchmarks/@esbuild%2flinux-x64 286ms (cache miss)
npm http fetch GET 200 https://npm.cloudsmith.io/vlt/benchmarks/@esbuild%2flinux-s390x 354ms (cache miss)
npm http fetch GET 200 https://npm.cloudsmith.io/vlt/benchmarks/@esbuild%2fnetbsd-arm64 317ms (cache miss)
npm http fetch GET 200 https://npm.cloudsmith.io/vlt/benchmarks/@esbuild%2fopenbsd-arm64 264ms (cache miss)
npm http fetch GET 200 https://npm.cloudsmith.io/vlt/benchmarks/@esbuild%2fnetbsd-x64 442ms (cache miss)
npm http fetch GET 200 https://npm.cloudsmith.io/vlt/benchmarks/@esbuild%2fopenbsd-x64 326ms (cache miss)
npm http fetch GET 200 https://npm.cloudsmith.io/vlt/benchmarks/@esbuild%2fopenharmony-arm64 300ms (cache miss)
npm http fetch GET 200 https://npm.cloudsmith.io/vlt/benchmarks/@esbuild%2fsunos-x64 331ms (cache miss)
npm http fetch GET 200 https://npm.cloudsmith.io/vlt/benchmarks/@esbuild%2fwin32-ia32 311ms (cache miss)
npm http fetch GET 200 https://npm.cloudsmith.io/vlt/benchmarks/@esbuild%2fwin32-arm64 326ms (cache miss)
npm http fetch GET 200 https://npm.cloudsmith.io/vlt/benchmarks/nanoid 33ms (cache miss)
npm http fetch GET 200 https://npm.cloudsmith.io/vlt/benchmarks/source-map-js 304ms (cache miss)
npm http fetch GET 200 https://npm.cloudsmith.io/vlt/benchmarks/@esbuild%2fwin32-x64 517ms (cache miss)
npm http fetch GET 200 https://npm.cloudsmith.io/vlt/benchmarks/@napi-rs%2flzma-linux-x64-gnu 398ms (cache miss)
npm http fetch GET 200 https://npm.cloudsmith.io/vlt/benchmarks/@rollup%2frollup-darwin-arm64 339ms (cache miss)
npm http fetch GET 200 https://npm.cloudsmith.io/vlt/benchmarks/@rollup%2frollup-android-arm64 322ms (cache miss)
npm http fetch GET 200 https://npm.cloudsmith.io/vlt/benchmarks/@rollup%2frollup-linux-arm64-gnu 32ms (cache miss)
npm http fetch GET 200 https://npm.cloudsmith.io/vlt/benchmarks/@rollup%2frollup-win32-arm64-msvc 341ms (cache miss)
npm http fetch GET 200 https://npm.cloudsmith.io/vlt/benchmarks/@rollup%2frollup-android-arm-eabi 34ms (cache miss)
npm http fetch GET 200 https://npm.cloudsmith.io/vlt/benchmarks/@rollup%2frollup-freebsd-arm64 343ms (cache miss)
npm http fetch GET 200 https://npm.cloudsmith.io/vlt/benchmarks/@rollup%2frollup-linux-arm64-musl 322ms (cache miss)
npm http fetch GET 200 https://npm.cloudsmith.io/vlt/benchmarks/@rollup%2frollup-linux-arm-gnueabihf 307ms (cache miss)
npm http fetch GET 200 https://npm.cloudsmith.io/vlt/benchmarks/@rollup%2frollup-linux-loong64-gnu 32ms (cache miss)
npm http fetch GET 200 https://npm.cloudsmith.io/vlt/benchmarks/@rollup%2frollup-linux-loong64-musl 31ms (cache miss)
npm http fetch GET 200 https://npm.cloudsmith.io/vlt/benchmarks/@rollup%2frollup-linux-arm-musleabihf 307ms (cache miss)
npm http fetch GET 200 https://npm.cloudsmith.io/vlt/benchmarks/@rollup%2frollup-win32-ia32-msvc 345ms (cache miss)
npm http fetch GET 200 https://npm.cloudsmith.io/vlt/benchmarks/@rollup%2frollup-linux-riscv64-gnu 318ms (cache miss)
npm http fetch GET 200 https://npm.cloudsmith.io/vlt/benchmarks/@rollup%2frollup-linux-ppc64-musl 32ms (cache miss)
npm http fetch GET 200 https://npm.cloudsmith.io/vlt/benchmarks/@rollup%2frollup-linux-riscv64-musl 285ms (cache miss)
npm http fetch GET 200 https://npm.cloudsmith.io/vlt/benchmarks/@rollup%2frollup-linux-ppc64-gnu 324ms (cache miss)
npm http fetch GET 200 https://npm.cloudsmith.io/vlt/benchmarks/@rollup%2frollup-linux-s390x-gnu 299ms (cache miss)
npm http fetch GET 200 https://npm.cloudsmith.io/vlt/benchmarks/@rollup%2frollup-win32-x64-gnu 288ms (cache miss)
npm http fetch GET 200 https://npm.cloudsmith.io/vlt/benchmarks/@rollup%2frollup-darwin-x64 562ms (cache miss)
npm http fetch GET 200 https://npm.cloudsmith.io/vlt/benchmarks/@rollup%2frollup-win32-x64-msvc 357ms (cache miss)
npm http fetch GET 200 https://npm.cloudsmith.io/vlt/benchmarks/@rollup%2frollup-freebsd-x64 317ms (cache miss)
npm http fetch GET 200 https://npm.cloudsmith.io/vlt/benchmarks/@rollup%2frollup-openbsd-x64 30ms (cache miss)
npm http fetch GET 200 https://npm.cloudsmith.io/vlt/benchmarks/@rollup%2frollup-linux-x64-musl 320ms (cache miss)
npm http fetch GET 200 https://npm.cloudsmith.io/vlt/benchmarks/@rollup%2frollup-linux-x64-gnu 361ms (cache miss)
npm http fetch GET 200 https://npm.cloudsmith.io/vlt/benchmarks/@rollup%2frollup-openharmony-arm64 220ms (cache miss)
npm http fetch GET 200 https://dl.cloudsmith.io/signed/vlt/benchmarks/npm/mri/1.2.0/mri-1.2.0.tgz?created=1790850812&expires=1790937212&source=t-PwLF9sWN2uK8&signature=gAAAAABqvjb8xNQpTktOdMP6s34sNyCuyYHkGFQqpNZKGAm99oo3ymf5pgNexvlpnQ9ANjfiVD-HTCiWniDIcI1fePx_nA10lXeLdWmuornxdhUIa-4RPoYCvgU6JyLKG3otzgGZwXKo 355ms (cache miss)
npm http fetch GET 200 https://dl.cloudsmith.io/signed/vlt/benchmarks/npm/tinyglobby/0.2.17/tinyglobby-0.2.17.tgz?created=1790850812&expires=1790937212&source=t-PwLF9sWN2uK8&signature=gAAAAABqvjb8i5PEwtHWDf6kgJ1EG4CndQK-v7ICOaeQBcpr24xECd9XEhXrZuB0o4y_xNjdnGovGcbyDMZnpUL4sHNPzWZFaREFBIygZkVs3_tiN4mtdmHVDcPncyd46SpxJF75Rdo1 357ms (cache miss)
npm http fetch GET 200 https://dl.cloudsmith.io/signed/vlt/benchmarks/npm/jridgewell/resolve-uri/3.1.2/resolve-uri-3.1.2.tgz?created=1790827211&expires=1790913611&source=t-PwLF9sWN2uK8&signature=gAAAAABqvdrLVWgoqPooIwPdrsV0OugefWkmmyThe7TYrsm0E4K9Nu1AbJPruV6wcb_L8D10nqnHbJJ3kJF1OHRFeCfqH_kUsndPeG6WEnHLvdNs1slQkMUkGMJ5Xmd6l4EZMxFHh0_L 355ms (cache miss)
npm http fetch GET 200 https://dl.cloudsmith.io/signed/vlt/benchmarks/npm/locate-character/3.0.0/locate-character-3.0.0.tgz?created=1790850812&expires=1790937212&source=t-PwLF9sWN2uK8&signature=gAAAAABqvjb8N8Drj1-n-TrNfoHhRxSB6VYoUsECvyh9PFEkOQde6VixSgSvkhvVZAYbKyDdU2eF2VYcY-byPmuN5f4bLhQsLegC1gHvjnyjXowT24gOQoVcsfmkgCnWqv-rA3D0KG3a 354ms (cache miss)
npm http fetch GET 200 https://dl.cloudsmith.io/signed/vlt/benchmarks/npm/debug/4.4.3/debug-4.4.3.tgz?created=1790827211&expires=1790913611&source=t-PwLF9sWN2uK8&signature=gAAAAABqvdrLief6Cm1I3AA9f3VBu8CTC7epVkS5jcp5g9Clsh-jHGd1Z_u5wjPV-E2qgAzdeKLqvP5DRNHShosqcRmXGRzzM4VAnm_Q8IXP0OQ2dgxSL1y3KPQd8WTik4PGXvEMdomu 353ms (cache miss)
npm http fetch GET 200 https://dl.cloudsmith.io/signed/vlt/benchmarks/npm/esbuild/0.25.12/esbuild-0.25.12.tgz?created=1790850812&expires=1790937212&source=t-PwLF9sWN2uK8&signature=gAAAAABqvjb8ms51R23Wfrz1cjfKjv9rIATtpH9z3cCoCKM9E0m6nYqIaKbJuZvWM9oY7ocX-NntY2zQksA-5aX9pQow68QlYUWlcTZGlqatjWSp7jP57p9Jj3WYGELmJxM2cMrZ7m6D 362ms (cache miss)
npm http fetch GET 200 https://dl.cloudsmith.io/signed/vlt/benchmarks/npm/nanoid/3.3.19/nanoid-3.3.19.tgz?created=1790827200&expires=1790913600&source=t-PwLF9sWN2uK8&signature=gAAAAABqvdrA1tqVu2qbMwpfZJNAXkuV-fpyzzJKR2CuT8STaYwxgHXXiolZ8dIECJosOs4pB9iQ2rUbLTjbCPnHMfsaAnJFHbf2zyDekYWqJyB6dGTqO3gN4ZaC4OsELkOYyFMTTDZZ 365ms (cache miss)
npm http fetch GET 200 https://dl.cloudsmith.io/signed/vlt/benchmarks/npm/readdirp/4.1.2/readdirp-4.1.2.tgz?created=1790850812&expires=1790937212&source=t-PwLF9sWN2uK8&signature=gAAAAABqvjb8B59a2zOTXWnfKD8yMdCNUyxYMlQ7ncELDG5E-ULq2Z1PImsbUUtRFA1HKl-f3Vy-qYrkPs9G0XeeM-fW3ArPED2bwxLiXNpaX8LZLIPclHy_S_OJ6QpJA9yfdNbJlGxH 364ms (cache miss)
npm http fetch GET 200 https://dl.cloudsmith.io/signed/vlt/benchmarks/npm/picocolors/1.1.1/picocolors-1.1.1.tgz?created=1790827211&expires=1790913611&source=t-PwLF9sWN2uK8&signature=gAAAAABqvdrL9teNcUBPJbLjcbRzFokO28FfAPCt4DNU_F2qFuLOcSPD13XrJCdmpjBeahoW-6w0xv0T-rlzjK6C5XhDegd3loiXvRY-LFJlQesOiWYJwIJPHe11_LsXXSbEtRKCEmca 364ms (cache miss)
npm http fetch GET 200 https://dl.cloudsmith.io/signed/vlt/benchmarks/npm/sade/1.8.1/sade-1.8.1.tgz?created=1790850812&expires=1790937212&source=t-PwLF9sWN2uK8&signature=gAAAAABqvjb8L15byv1X_4IjBuYWdFxy6udtyE1CXcn8VZ_c-gcFMgzOkwmpWo2eWbU73Z5w1oXyjoDexwBsFoTjVWwdqKJhgfoLDUhTOh73qQ4AV-wL0b-Aj-FEKBqtf76mAGh2D3fb 365ms (cache miss)
npm http fetch GET 200 https://dl.cloudsmith.io/signed/vlt/benchmarks/npm/zimmerframe/1.1.5/zimmerframe-1.1.5.tgz?created=1790850812&expires=1790937212&source=t-PwLF9sWN2uK8&signature=gAAAAABqvjb8XA6O8VaIeKX4OWSsd69ouIQlGC2zCUAWLN7C8cvg8YlqSE4rXISmEGTbHmedwCfemp52aXwwx_N37lvgCXue_acMdThhEp9EASYkwzlayAL5zEPH0Yua_wKe9VdY2o2P 364ms (cache miss)
npm http fetch GET 200 https://dl.cloudsmith.io/signed/vlt/benchmarks/npm/kleur/4.1.5/kleur-4.1.5.tgz?created=1790850813&expires=1790937213&source=t-PwLF9sWN2uK8&signature=gAAAAABqvjb95rYdpH45HrIFZMAbIL0xR_dKl3FXefAihFdaFqNqZ8ZDLvgSZ7uqLbxLovUkGGM9CRD5YmVboKdL_cPzsykg35ZnKx6xYYRdr1Z90s9qgp5ky7E5KXyQdCrul09rhB9v 361ms (cache miss)
npm http fetch GET 200 https://dl.cloudsmith.io/signed/vlt/benchmarks/npm/jridgewell/remapping/2.3.5/remapping-2.3.5.tgz?created=1790827211&expires=1790913611&source=t-PwLF9sWN2uK8&signature=gAAAAABqvdrLGef0VAPyXfEVjcKRU22dlifNQoiuEn2hGTKULz0JlT5khfqK_j6fJncPx4f3mcJ8vz36zbGWcQkUBtqZtOmx3azvn4SswK9-H-oO2KrNz7uOUEpvhqvm80Cl30iLmUN4 366ms (cache miss)
npm http fetch GET 200 https://dl.cloudsmith.io/signed/vlt/benchmarks/npm/totalist/3.0.1/totalist-3.0.1.tgz?created=1790827194&expires=1790913594&source=t-PwLF9sWN2uK8&signature=gAAAAABqvdq6gTIEmNkQvypObiq2sshRFxf4M1o15bN-W-EN5_OU3sRSJKepnzDu0O0XzGEkC5poqo6zb2EBZYroiPJLRR0LKs1vAuKjpGNPY5RJYdHJSVDp0rG4eGroFf2AYhalQKhR 365ms (cache miss)
npm http fetch GET 200 https://dl.cloudsmith.io/signed/vlt/benchmarks/npm/types/estree/1.0.9/estree-1.0.9.tgz?created=1790827195&expires=1790913595&source=t-PwLF9sWN2uK8&signature=gAAAAABqvdq7Lr0QhcXmmsdbjepJRO-7_UH72ndlyVkWkmt28pwMkUwXlb1CUkjGiThIvFIPZ1wZI-tewJfNZSm9RaHZZ0DWJ_JlQGZX25r-ryUpOSXTyF5XV4S22vFVvcd7F4gEoR6w 367ms (cache miss)
npm http fetch GET 200 https://dl.cloudsmith.io/signed/vlt/benchmarks/npm/set-cookie-parser/3.1.2/set-cookie-parser-3.1.2.tgz?created=1790850813&expires=1790937213&source=t-PwLF9sWN2uK8&signature=gAAAAABqvjb9cLk0XoIOyA3xgfuxEk2IowRgTlb7NeX9iXaGDnN9Gfnud121CLbEwnDgQmr0RQnMGD_fk4MMBYIeYGHv1eVu-0RncyDevDguX8jHBNIhODgb3R4S-3sz7zjohEKbb91c 365ms (cache miss)
npm http fetch GET 200 https://dl.cloudsmith.io/signed/vlt/benchmarks/npm/ms/2.1.3/ms-2.1.3.tgz?created=1790827208&expires=1790913608&source=t-PwLF9sWN2uK8&signature=gAAAAABqvdrIGM4sciOhNQdE7OCwBHL8qptBZPEoMpC4LkPjx3ZzNw2mbh3z3OrLXmbgoOj3lqyDXUOmN8U9MnnDgIvN6PRgQ6RKRleoVFfRoPdlVbNgHegoum8tcB0961fuAqUXR9Kf 367ms (cache miss)
npm http fetch GET 200 https://dl.cloudsmith.io/signed/vlt/benchmarks/npm/deepmerge/4.3.1/deepmerge-4.3.1.tgz?created=1790850813&expires=1790937213&source=t-PwLF9sWN2uK8&signature=gAAAAABqvjb9yU8mtAEkHxaS1RJgu3iT9cHt29arMU7znbUM-BSOMg5FARxr17PX5xekIni2Wetj5sKK27U32ZsS0FjynrmmUVnneOB0GpDSTo4obw_-qvggHzQgSQNhvqpooPKwn-F2 366ms (cache miss)
npm http fetch GET 200 https://dl.cloudsmith.io/signed/vlt/benchmarks/npm/sveltejs/vite-plugin-svelte-inspector/4.0.1/vite-plugin-svelte-inspector-4.0.1.tgz?created=1790850813&expires=1790937213&source=t-PwLF9sWN2uK8&signature=gAAAAABqvjb93Jn3kjM8LwVxvSDoOmMVGKNlvd0_rcD8W3dVW5qCT1gxcnozMHNGUrYw1Y2FZhtCYgP6Zn7R2KrTK_BCGVurhfCSyPa_PTuF_7HrCYRseDH6JM-nvmAeb0BKN9kirdlK 366ms (cache miss)
npm http fetch GET 200 https://dl.cloudsmith.io/signed/vlt/benchmarks/npm/mrmime/2.0.1/mrmime-2.0.1.tgz?created=1790827194&expires=1790913594&source=t-PwLF9sWN2uK8&signature=gAAAAABqvdq6Ob5BzVrTJocEsZSB4E5wMuPIAxJNRI4zE4efd77ONJkI3uGlRQ4fVr3qyHWpHdw3DdfigLS_644ybyLvhn63-MG_7fa6DQtN_iO7TanUEKc5_dnusJheiOYdL9c0ioeD 366ms (cache miss)
npm http fetch GET 200 https://dl.cloudsmith.io/signed/vlt/benchmarks/npm/types/cookie/0.6.0/cookie-0.6.0.tgz?created=1790850813&expires=1790937213&source=t-PwLF9sWN2uK8&signature=gAAAAABqvjb9gQY0zSLsoSrajtTraPbeyBc8xjTf-eZamTqlutW-HwrWjGVEhsARw_yRAVYQ1rEM-th1qOXwcsxhMDerJ6LTznLE2ZG9iQlaipus527x4FVWoykZYhkXe92PwWPJq6H7 365ms (cache miss)
npm http fetch GET 200 https://dl.cloudsmith.io/signed/vlt/benchmarks/npm/is-reference/3.0.3/is-reference-3.0.3.tgz?created=1790850813&expires=1790937213&source=t-PwLF9sWN2uK8&signature=gAAAAABqvjb91g1MHkWx7S6ATk0MJ-TFcwk22GyeHLWSqHyfJ0ofKaeF4rV63wp0vh-J-FzDmDjonqwf5TRiO9jTGWQ8m4MIIn6d1Hc5phluh45FhN9_9TXGZHuFY_Xt5J0JvNv249EW 372ms (cache miss)
npm http fetch GET 200 https://dl.cloudsmith.io/signed/vlt/benchmarks/npm/vitefu/1.1.3/vitefu-1.1.3.tgz?created=1790850813&expires=1790937213&source=t-PwLF9sWN2uK8&signature=gAAAAABqvjb9YQIzC-7Obdj56ssn7D7C7yu62EMlj_uNyTfNAa_5ZV2G7DG6bqj_Qy-_yT__-HXEPJQGxULknVBxD3t1_511YYu3UlHVKCH_X3EqRTa7rOfMJDv1CXM3-MeTHUuNH3YZ 371ms (cache miss)
npm http fetch GET 200 https://dl.cloudsmith.io/signed/vlt/benchmarks/npm/clsx/2.1.1/clsx-2.1.1.tgz?created=1790850813&expires=1790937213&source=t-PwLF9sWN2uK8&signature=gAAAAABqvjb9YjlY_ygeq0H_bhS2A4RNKo5kfHeKydLZSYYZEz42wLeYZkbCipxu9De2fgeBfCduXVbc84ufJ_qbtisupvgaXhQoGcpXa0k60ovqOc-xDAm3VsdMsH1ZcZrlX1w6mmFb 372ms (cache miss)
npm http fetch GET 200 https://dl.cloudsmith.io/signed/vlt/benchmarks/npm/fdir/6.5.0/fdir-6.5.0.tgz?created=1790850812&expires=1790937212&source=t-PwLF9sWN2uK8&signature=gAAAAABqvjb8NQtGoe1rsFCaxYiE1z6268H8fW9Voh-wPVYA2M5kXeMib5RmASnHY-Ch3bYSe5MpU1HoYqrt-XpqGp_1ppr202BwLbgwYwH2y-YBw5wWMKaAq4FJQQmPO6FUlW3jzWFx 376ms (cache miss)
npm http fetch GET 200 https://dl.cloudsmith.io/signed/vlt/benchmarks/npm/sveltejs/load-config/0.2.3/load-config-0.2.3.tgz?created=1790850812&expires=1790937212&source=t-PwLF9sWN2uK8&signature=gAAAAABqvjb8NeRFIWTfchU6bmFXEKk-3FuGOdE7IGgXQDaKreUxd2fLn2IjSn9JeVOvKNJ3E9IAvGLDhpVUJBZu7cery8zfCTVlYOxqdcJA5hFCYE4fpz-SQwQNyWCy8bAF7VSO3yf2 375ms (cache miss)
npm http fetch GET 200 https://dl.cloudsmith.io/signed/vlt/benchmarks/npm/polka/url/1.0.0-next.29/url-1.0.0-next.29.tgz?created=1790827194&expires=1790913594&source=t-PwLF9sWN2uK8&signature=gAAAAABqvdq6-J0B6RgKslJQNMkPslNtLOuiKvVcFgwICWb2c0lCGAZPMn90KyMer4cEgi_IlsddJyjm8e3GqiTa0PcCUiK__wXN-lSD4pGFeGPb-4EYpNfX0fSpkbsLPFx5uvZkusO8 373ms (cache miss)
npm http fetch GET 200 https://dl.cloudsmith.io/signed/vlt/benchmarks/npm/cookie/0.6.0/cookie-0.6.0.tgz?created=1790850813&expires=1790937213&source=t-PwLF9sWN2uK8&signature=gAAAAABqvjb9GhL3abjCaBY0xdK9s2_SPtIoBM59YGusJRw84yk3IxpdpPxOaldjz_flrK1rN2vpj78a5MwvjNasz37MQYRwfENeLICPXaAbEt89-G7iAR6Tgwg8XuH26PP5SgIZtsqH 371ms (cache miss)
npm http fetch GET 200 https://dl.cloudsmith.io/signed/vlt/benchmarks/npm/standard-schema/spec/1.1.0/spec-1.1.0.tgz?created=1790850813&expires=1790937213&source=t-PwLF9sWN2uK8&signature=gAAAAABqvjb9xE5QjO7Wzbf66YRfnl-6O6tp3gFgd42P9eFDg8uH2BbWXTwFiP63xkMMnU31roG3Ysb9sR9U-9WrjDx92vqeJ6UBrSehcOG-Ztn0-g6zxEyNnlD6spNifDX-xtwG2YaK 370ms (cache miss)
npm http fetch GET 200 https://dl.cloudsmith.io/signed/vlt/benchmarks/npm/picomatch/4.0.7/picomatch-4.0.7.tgz?created=1790850812&expires=1790937212&source=t-PwLF9sWN2uK8&signature=gAAAAABqvjb8Se5ra0Mil2zoyMhmTqtR-vfcUd7e3nALNwqHlcRz2jOMh0t1Peif3iw0Q1B2ytPUBffonyL-oeu1xRwBs0Q-rI4PcedFmRZgoKURALQm--ihSF_w5gX7lwkyVG1yge5M 379ms (cache miss)
npm http fetch GET 200 https://dl.cloudsmith.io/signed/vlt/benchmarks/npm/esm-env/1.2.2/esm-env-1.2.2.tgz?created=1790850813&expires=1790937213&source=t-PwLF9sWN2uK8&signature=gAAAAABqvjb9owI-IGP953Mm7lz02446ZKDWYhBqllw8UNYYaHTX8LSJZnCq21PQWcgvNRtf6l4ETs6Aj0L6pU51pWacgIGw7Js3fDs5D8-LZ9evM1v9RAf4VLu6xUVhnT9v_xjXUD2W 376ms (cache miss)
npm http fetch GET 200 https://dl.cloudsmith.io/signed/vlt/benchmarks/npm/neoconfetti/svelte/2.2.2/svelte-2.2.2.tgz?created=1790850813&expires=1790937213&source=t-PwLF9sWN2uK8&signature=gAAAAABqvjb9fWKq31deirVclLdhaZ9YtX1w3nqfAhfnGQXiUZYCPvdKEdLTLD5dCUPcpKTSmEmOuuQQWn28orWj4hW0Gq41uu9LSclXZYHV7En9Sr6Zh5ibSsAO85U4mV9eRvcDowUu 373ms (cache miss)
npm http fetch GET 200 https://dl.cloudsmith.io/signed/vlt/benchmarks/npm/sirv/3.0.2/sirv-3.0.2.tgz?created=1790850813&expires=1790937213&source=t-PwLF9sWN2uK8&signature=gAAAAABqvjb9iav5nD_Oyf_w0JJdIBG3yr8zk0-yduXZWW9DZEZdoySofwxi98p3cOkVQIH8mXIqXjT_hR5-J0mZATwBsAPEmnPQnc8os6gHnlnUZ_uIRewDlmkxiARWz3l8Gly06Vv3 379ms (cache miss)
npm http fetch GET 200 https://dl.cloudsmith.io/signed/vlt/benchmarks/npm/sveltejs/adapter-auto/3.3.1/adapter-auto-3.3.1.tgz?created=1790850813&expires=1790937213&source=t-PwLF9sWN2uK8&signature=gAAAAABqvjb9YisOEakbp-RnRyQBuB9XCm0murv5N6jsc2ZqgBoGLEYqORvZD956MHz7Lp2lSX7yQ2Z0Ef9VfFCXIqiRlQtweeE5zJhybbczXOAOaYZghtxA7NMSBMBY1kH3S0vPgMPk 376ms (cache miss)
npm http fetch GET 200 https://dl.cloudsmith.io/signed/vlt/benchmarks/npm/sveltejs/acorn-typescript/1.0.13/acorn-typescript-1.0.13.tgz?created=1790850813&expires=1790937213&source=t-PwLF9sWN2uK8&signature=gAAAAABqvjb92Z3GUXASf1Z2e3X5MukfPSLkEjwzRVt_c182eCENb0Zav1GavLvhywbbqY5rOmVzVlg7UAorUbl6ILg-6A91nv8TlsLjaWrNwbi4JHYI7eVBZkp7pTjirNxhung01ar5 379ms (cache miss)
npm http fetch GET 200 https://dl.cloudsmith.io/signed/vlt/benchmarks/npm/chokidar/4.0.3/chokidar-4.0.3.tgz?created=1790850812&expires=1790937212&source=t-PwLF9sWN2uK8&signature=gAAAAABqvjb8PRfQpObuhcYEgu3-u8v4O_BIk8CKLaZ0k1RZxqw6nzE0FjiVzhUsyyVG0Tvm05tT6e0g5ndw6jyDsVrj6iLuz9BkZwAOxCeGtA8dVsJPQnM8anzn9bOkUM2hXSACW8hj 409ms (cache miss)
npm http fetch GET 200 https://dl.cloudsmith.io/signed/vlt/benchmarks/npm/devalue/5.9.4/devalue-5.9.4.tgz?created=1790850813&expires=1790937213&source=t-PwLF9sWN2uK8&signature=gAAAAABqvjb90kpTXv4HB7ApFziCNf__3BNajfwz2TyO4t8-JRLa5DJoSRFS5HFIMMa8122FD9MIbRPFhfExrWXhd6rt1cas9N5H1w12YcX_Ni3joAruc5uqAoEc4zeErn0qt6YeOvo3 411ms (cache miss)
npm http fetch GET 200 https://dl.cloudsmith.io/signed/vlt/benchmarks/npm/source-map-js/1.2.2/source-map-js-1.2.2.tgz?created=1790850812&expires=1790937212&source=t-PwLF9sWN2uK8&signature=gAAAAABqvjb8G3rs2sTcV95FUTXYAkkAAKE45Rp0kbMxu-RAVfaUG_Nyp7eAkrQmlqMj245lWsPfTLNPkupxJmcAORLZ7ByvUETrCxIZF1YdNyyVj8dvP2TbuDsP-_jfB70GSZbcutJn 425ms (cache miss)
npm http fetch GET 200 https://dl.cloudsmith.io/signed/vlt/benchmarks/npm/magic-string/0.30.21/magic-string-0.30.21.tgz?created=1790850813&expires=1790937213&source=t-PwLF9sWN2uK8&signature=gAAAAABqvjb9maN6XTSlu_mWw8l1dwXoxFkU-pCV7Sqh4Bz7OCU-X-1oagil5aIL4e98bVc0oYHDZ3efNbY5ym7960OginPuYBhZFIkGOnqDXDPcvm0UYR6xeIeqXHYeGxYc5Ks9WBbZ 422ms (cache miss)
npm http fetch GET 200 https://dl.cloudsmith.io/signed/vlt/benchmarks/npm/import-meta-resolve/4.2.0/import-meta-resolve-4.2.0.tgz?created=1790850813&expires=1790937213&source=t-PwLF9sWN2uK8&signature=gAAAAABqvjb9u8_1ohNVHVRas-9shNbJPsWGpgwGyHCEFnhU8YKExC0uxN141xzV__LX02D4z7kYHarmkeMSYqbGGZb-jOfRALyPwDQbu1jZFd-gT2QckuKPa5B9WYk_F3cDIgpJILXz 421ms (cache miss)
npm http fetch GET 200 https://dl.cloudsmith.io/signed/vlt/benchmarks/npm/acorn/8.18.0/acorn-8.18.0.tgz?created=1790827205&expires=1790913605&source=t-PwLF9sWN2uK8&signature=gAAAAABqvdrF7diJvOXUaf4RZ9Gk7Pia1b2GXySszgdPWG9-Z-LXBOjwVJNdEsWxomRkuDhXBcFmVjg4uzkfv5aPvRrN8U1qoag102Ca15DsYfbqmy4-z56IPd1sRXFu51YaZRi1uIfd 428ms (cache miss)
npm http fetch GET 200 https://dl.cloudsmith.io/signed/vlt/benchmarks/npm/jridgewell/sourcemap-codec/1.6.0/sourcemap-codec-1.6.0.tgz?created=1790827211&expires=1790913611&source=t-PwLF9sWN2uK8&signature=gAAAAABqvdrLWi3FGftJw_W6BfL1F9uLoXgk0HzNrTptUI_2cV8a2JFo2WTh9MSzDqhgT0FkBbXiz2RCETTB3AVREY2j6KKJbGXmBogpYyAwqJaWoy3qmYxmq6h7L2OvYtTI8YGI0PnU 456ms (cache miss)
npm http fetch GET 200 https://dl.cloudsmith.io/signed/vlt/benchmarks/npm/jridgewell/gen-mapping/0.3.13/gen-mapping-0.3.13.tgz?created=1790827211&expires=1790913611&source=t-PwLF9sWN2uK8&signature=gAAAAABqvdrL-4LIT22j4N_gTXjQvmL4tKJzGnm7-E-HGGlsS3qoiUKrl52qAdcrxP9SWHp-464YbgCL6-z1TodBwYeIUQUq_Wmutsct3IQGjEdN4l0vMSPJ6vzS2FqLnJfoohzkGEyA 461ms (cache miss)
npm http fetch GET 200 https://dl.cloudsmith.io/signed/vlt/benchmarks/npm/esrap/2.4.0/esrap-2.4.0.tgz?created=1790850812&expires=1790937212&source=t-PwLF9sWN2uK8&signature=gAAAAABqvjb8PIFXlRFs7ZWUjCn_sTl1-wAjatv-MkEFDqoPyoGEN3DuO3M0XiOotBX6s7Sa7Y3QQWhkA3f8Cd_4io_owcEwLH-LxUtqjaSm4i0wLdPO4yrz-TYv91Yj3deJD5MYjGSu 487ms (cache miss)
npm http fetch GET 200 https://dl.cloudsmith.io/signed/vlt/benchmarks/npm/sveltejs/vite-plugin-svelte/5.1.1/vite-plugin-svelte-5.1.1.tgz?created=1790850813&expires=1790937213&source=t-PwLF9sWN2uK8&signature=gAAAAABqvjb9A1AESiCwBb_Y-Rqy6-zgBcIcFLlBke6DAUqlr7ktelJlT3nBWe76BL-GxXHlZ6XsIWJz2Z9N03nPutLrEy8usQeQz-5Rrei1KbdImUiULdiUQOxQlrgSPzzpTrmnU_WX 483ms (cache miss)
npm http fetch GET 200 https://dl.cloudsmith.io/signed/vlt/benchmarks/npm/jridgewell/trace-mapping/0.3.31/trace-mapping-0.3.31.tgz?created=1790827211&expires=1790913611&source=t-PwLF9sWN2uK8&signature=gAAAAABqvdrL9Uvn6Am3W-5N4Ln6niDg8wNCrWp98cNKWWYz8s7NU1KXQRlNi-lqFsHmxipR1Pk6_2bVumLF57eNHzbOv5k4R94jMVc65Z0wnRKHH_01V8G43VJqo1g-SPPgDB-9S92z 492ms (cache miss)
npm http fetch GET 200 https://dl.cloudsmith.io/signed/vlt/benchmarks/npm/postcss/8.5.28/postcss-8.5.28.tgz?created=1790827215&expires=1790913615&source=t-PwLF9sWN2uK8&signature=gAAAAABqvdrPiaKDmmyVGnJi37UQZty1LBwl5-20958ynjlToo9JWlURXjj_qoBqeNAp8XV2-QSdHjG-amBexKKj3AD8EqQQqjMm2dVbs13NImFKA5YP02dlW-NnFuhWtsbJG3C4amMA 505ms (cache miss)
npm http fetch GET 200 https://dl.cloudsmith.io/signed/vlt/benchmarks/npm/fontsource/fira-mono/5.3.0/fira-mono-5.3.0.tgz?created=1790850813&expires=1790937213&source=t-PwLF9sWN2uK8&signature=gAAAAABqvjb9Q2r1Rv605HG6C2pGAAyG_aJxshRu6fOabb--9ULUmJG5eDLtm4-h8PP-KzdVFN63VELy5gKCoKWtqKN6Iz8FLBEwJFwfozPiXAILyVyHMWzndjqcGmheihiVB3nOKkiF 517ms (cache miss)
npm http fetch GET 200 https://dl.cloudsmith.io/signed/vlt/benchmarks/npm/vite/6.4.3/vite-6.4.3.tgz?created=1790850813&expires=1790937213&source=t-PwLF9sWN2uK8&signature=gAAAAABqvjb9xg_vHmGIkzz4Bj_MsUdWdWcnH9ywQTwEb-6rA5obCjPFG7rQMTfGj6W322vXUNNlo2fYWcnYN5SauD48tvN8AG44oNC3zu8dnjRYMzCvM-WeuzrCXVhvbIFN7-M4icrp 544ms (cache miss)
npm http fetch GET 200 https://dl.cloudsmith.io/signed/vlt/benchmarks/npm/svelte-check/4.7.6/svelte-check-4.7.6.tgz?created=1790850813&expires=1790937213&source=t-PwLF9sWN2uK8&signature=gAAAAABqvjb9fSyxO6q0X-ccKLmtaH7Gr4ySXKov93W0YJwhtlVoYtPbMQb4mB7wlPiiOQh04rSSmJhPlU-qpbqypILx4Rnl7t7z_ERiF8rpVtAEdvhoiwI4-nBkYtajASzr78TFmDb9 565ms (cache miss)
npm http fetch GET 200 https://dl.cloudsmith.io/signed/vlt/benchmarks/npm/esbuild/linux-arm64/0.25.12/linux-arm64-0.25.12.tgz?created=1790850812&expires=1790937212&source=t-PwLF9sWN2uK8&signature=gAAAAABqvjb8MDWJ7svpcjxRtIJP1WnY24R8CGltOdTtBed97WduhsQLnMLmvJ4IPaVHpsRobFMkW9RrO9Np6zrtTzWh1JswWRyvesy42YB2nHfJfYUcO1Ntf7ouRdRT4hNKprjTFmzK 643ms (cache miss)
npm http fetch GET 200 https://dl.cloudsmith.io/signed/vlt/benchmarks/npm/axobject-query/4.1.0/axobject-query-4.1.0.tgz?created=1790827205&expires=1790913605&source=t-PwLF9sWN2uK8&signature=gAAAAABqvdrF9ZJ5nDSonqiIMBQEddJmw5sxjVRj1sFnM-OLzlKetMRCbKVrGEWH_uCeYB1LxxL-iP-oFxAEM3HCbaT1BqT4NpYq8H-9iFC439Xd4bvHwEwDiJUzoA0G1LiGJhFY-lB2 670ms (cache miss)
npm http fetch GET 200 https://dl.cloudsmith.io/signed/vlt/benchmarks/npm/aria-query/5.3.1/aria-query-5.3.1.tgz?created=1790850812&expires=1790937212&source=t-PwLF9sWN2uK8&signature=gAAAAABqvjb8NB7cxT5eEr0adWMYh32vUP3-Ogk5-jCFhqUyCvvuit7ZA0wpKXGS8YdXGLgRgUS6xL8g9Bzwhn4gB1b4BpYX2hTi_jZtndNlRxYO-9qiAAAv4N0RW03GaC9eQc6l1JNb 729ms (cache miss)
npm http fetch GET 200 https://dl.cloudsmith.io/signed/vlt/benchmarks/npm/sveltejs/kit/2.70.3/kit-2.70.3.tgz?created=1790850813&expires=1790937213&source=t-PwLF9sWN2uK8&signature=gAAAAABqvjb92RkX9V8dGU4E1ZpUxshIK6GB3Pm1Z3dtPu7VN4lV0nvbHejU7sbaNj3ZXVbXFrm6lfBYpeeSSM2PXernQ_iVHy6fW1feANK861mMbdcun1uNviXPeQJuziCPn-RbKrmo 743ms (cache miss)
npm http fetch GET 200 https://dl.cloudsmith.io/signed/vlt/benchmarks/npm/typescript/5.9.3/typescript-5.9.3.tgz?created=1790850813&expires=1790937213&source=t-PwLF9sWN2uK8&signature=gAAAAABqvjb9Ri93bmqATSoyuDUKIXO4v2uzYbNwlF7iblbtd18Bd5gxOgtuK6ceolOH_3JFSSDsPAmWD_S67CwYS6a6l3zuV_JuI8PosyLZ-dEqAiXObwoabM3rDZo5npD1t0t8Sif- 779ms (cache miss)
npm http fetch GET 200 https://dl.cloudsmith.io/signed/vlt/benchmarks/npm/svelte/5.57.1/svelte-5.57.1.tgz?created=1790850813&expires=1790937213&source=t-PwLF9sWN2uK8&signature=gAAAAABqvjb9b1lO_qozlJNhgaK2XQtb2egTo_BS7ewoM8h1L2bLn9ZfKTbRmOoF6b3C0muxyKTA5ciJiiGd93r3IjzLgqdVuo03kIWA_gptdZ9pOmbs_nC5itJ-89StmAIoUhF_ORUU 857ms (cache miss)
npm http fetch GET 200 https://dl.cloudsmith.io/signed/vlt/benchmarks/npm/rollup/4.63.6/rollup-4.63.6.tgz?created=1790850851&expires=1790937251&source=t-PwLF9sWN2uK8&signature=gAAAAABqvjcjSwQi2YqtpP7CHr8dSRnCcAdAqGTAvBUjgM8V3vf5QXlB-L18d5x_romyqv2_cg-4lpSgWfZZUhdY9r1i8r6kQk74vEnbLpgA9LikA0dPwN82uR1sf2pR5P1g6fvW5--- 1475ms (cache miss)
npm http fetch GET 200 https://dl.cloudsmith.io/signed/vlt/benchmarks/npm/rollup/rollup-linux-arm64-gnu/4.63.6/rollup-linux-arm64-gnu-4.63.6.tgz?created=1790850851&expires=1790937251&source=t-PwLF9sWN2uK8&signature=gAAAAABqvjcjAfjvB0oOgUgn7q9U1ussQSZ6HDOfQZSpipA-zDMageJEI2lWGqZjA_Yz0MGNbIGQWxWcPXUiGUJbpneMOcfPYRSDrjAlETleT94qy0CdUwSsEq7D0qw1TYZi0Y9m_uqr 1510ms (cache miss)

added 58 packages in 19s
