npm http fetch GET 200 https://npm.pkg.github.com/vltsandbox/@fontsource%2ffira-mono 170ms (cache miss)
npm http fetch GET 200 https://npm.pkg.github.com/vltsandbox/@neoconfetti%2fsvelte 1003ms (cache miss)
npm http fetch GET 200 https://npm.pkg.github.com/vltsandbox/svelte 230ms (cache miss)
npm http fetch GET 200 https://npm.pkg.github.com/vltsandbox/@sveltejs%2fadapter-auto 167ms (cache miss)
npm http fetch GET 200 https://npm.pkg.github.com/vltsandbox/@sveltejs%2fkit 665ms (cache miss)
npm http fetch GET 200 https://npm.pkg.github.com/vltsandbox/@opentelemetry%2fapi 152ms (cache miss)
npm http fetch GET 200 https://npm.pkg.github.com/vltsandbox/@sveltejs%2fvite-plugin-svelte 695ms (cache miss)
npm http fetch GET 200 https://npm.pkg.github.com/vltsandbox/vite 2097ms (cache miss)
npm http fetch GET 200 https://npm.pkg.github.com/vltsandbox/@types%2fnode 478ms (cache miss)
npm http fetch GET 200 https://npm.pkg.github.com/vltsandbox/jiti 120ms (cache miss)
npm http fetch GET 200 https://npm.pkg.github.com/vltsandbox/less 123ms (cache miss)
npm http fetch GET 200 https://npm.pkg.github.com/vltsandbox/lightningcss 151ms (cache miss)
npm http fetch GET 200 https://npm.pkg.github.com/vltsandbox/sass 177ms (cache miss)
npm http fetch GET 200 https://npm.pkg.github.com/vltsandbox/sass-embedded 132ms (cache miss)
npm http fetch GET 200 https://npm.pkg.github.com/vltsandbox/stylus 759ms (cache miss)
npm http fetch GET 200 https://npm.pkg.github.com/vltsandbox/sugarss 341ms (cache miss)
npm http fetch GET 200 https://npm.pkg.github.com/vltsandbox/postcss 131ms (cache miss)
npm http fetch GET 200 https://npm.pkg.github.com/vltsandbox/terser 150ms (cache miss)
npm http fetch GET 200 https://npm.pkg.github.com/vltsandbox/tsx 860ms (cache miss)
npm http fetch GET 200 https://npm.pkg.github.com/vltsandbox/yaml 633ms (cache miss)
npm http fetch GET 200 https://npm.pkg.github.com/vltsandbox/typescript 804ms (cache miss)
npm http fetch GET 200 https://npm.pkg.github.com/vltsandbox/svelte-check 835ms (cache miss)
npm http fetch GET 200 https://npm.pkg.github.com/vltsandbox/@jridgewell%2fremapping 289ms (cache miss)
npm http fetch GET 200 https://npm.pkg.github.com/vltsandbox/@jridgewell%2fsourcemap-codec 345ms (cache miss)
npm http fetch GET 200 https://npm.pkg.github.com/vltsandbox/@sveltejs%2facorn-typescript 373ms (cache miss)
npm http fetch GET 200 https://npm.pkg.github.com/vltsandbox/@types%2festree 335ms (cache miss)
npm http fetch GET 200 https://npm.pkg.github.com/vltsandbox/acorn 341ms (cache miss)
npm http fetch GET 200 https://npm.pkg.github.com/vltsandbox/axobject-query 108ms (cache miss)
npm http fetch GET 200 https://npm.pkg.github.com/vltsandbox/@types%2ftrusted-types 534ms (cache miss)
npm http fetch GET 200 https://npm.pkg.github.com/vltsandbox/aria-query 291ms (cache miss)
npm http fetch GET 200 https://npm.pkg.github.com/vltsandbox/clsx 573ms (cache miss)
npm http fetch GET 200 https://npm.pkg.github.com/vltsandbox/esrap 109ms (cache miss)
npm http fetch GET 200 https://npm.pkg.github.com/vltsandbox/devalue 684ms (cache miss)
npm http fetch GET 200 https://npm.pkg.github.com/vltsandbox/locate-character 85ms (cache miss)
npm http fetch GET 200 https://npm.pkg.github.com/vltsandbox/is-reference 244ms (cache miss)
npm http fetch GET 200 https://npm.pkg.github.com/vltsandbox/esm-env 922ms (cache miss)
npm http fetch GET 200 https://npm.pkg.github.com/vltsandbox/magic-string 211ms (cache miss)
npm http fetch GET 200 https://npm.pkg.github.com/vltsandbox/import-meta-resolve 333ms (cache miss)
npm http fetch GET 200 https://npm.pkg.github.com/vltsandbox/zimmerframe 904ms (cache miss)
npm http fetch GET 200 https://npm.pkg.github.com/vltsandbox/@standard-schema%2fspec 854ms (cache miss)
npm http fetch GET 200 https://npm.pkg.github.com/vltsandbox/cookie 137ms (cache miss)
npm http fetch GET 200 https://npm.pkg.github.com/vltsandbox/@types%2fcookie 839ms (cache miss)
npm http fetch GET 200 https://npm.pkg.github.com/vltsandbox/acorn 396ms (cache updated)
npm http fetch GET 200 https://npm.pkg.github.com/vltsandbox/esm-env 398ms (cache updated)
npm http fetch GET 200 https://npm.pkg.github.com/vltsandbox/kleur 766ms (cache miss)
npm http fetch GET 200 https://npm.pkg.github.com/vltsandbox/magic-string 738ms (cache updated)
npm http fetch GET 200 https://npm.pkg.github.com/vltsandbox/sirv 132ms (cache miss)
npm http fetch GET 200 https://npm.pkg.github.com/vltsandbox/mrmime 686ms (cache miss)
npm http fetch GET 200 https://npm.pkg.github.com/vltsandbox/debug 110ms (cache miss)
npm http fetch GET 200 https://npm.pkg.github.com/vltsandbox/vitefu 112ms (cache miss)
npm http fetch GET 200 https://npm.pkg.github.com/vltsandbox/deepmerge 493ms (cache miss)
npm http fetch GET 200 https://npm.pkg.github.com/vltsandbox/magic-string 506ms (cache updated)
npm http fetch GET 200 https://npm.pkg.github.com/vltsandbox/set-cookie-parser 922ms (cache miss)
npm http fetch GET 200 https://npm.pkg.github.com/vltsandbox/fdir 433ms (cache miss)
npm http fetch GET 200 https://npm.pkg.github.com/vltsandbox/rollup 673ms (cache miss)
npm http fetch GET 200 https://npm.pkg.github.com/vltsandbox/@sveltejs%2fvite-plugin-svelte-inspector 1506ms (cache miss)
npm http fetch GET 200 https://npm.pkg.github.com/vltsandbox/postcss 896ms (cache updated)
npm http fetch GET 200 https://npm.pkg.github.com/vltsandbox/tinyglobby 219ms (cache miss)
npm http fetch GET 200 https://npm.pkg.github.com/vltsandbox/fsevents 350ms (cache miss)
npm http fetch GET 200 https://npm.pkg.github.com/vltsandbox/@jridgewell%2ftrace-mapping 182ms (cache miss)
npm http fetch GET 200 https://npm.pkg.github.com/vltsandbox/esbuild 2087ms (cache miss)
npm http fetch GET 200 https://npm.pkg.github.com/vltsandbox/picomatch 1068ms (cache miss)
npm http fetch GET 200 https://npm.pkg.github.com/vltsandbox/picocolors 331ms (cache miss)
npm http fetch GET 200 https://npm.pkg.github.com/vltsandbox/chokidar 553ms (cache miss)
npm http fetch GET 200 https://npm.pkg.github.com/vltsandbox/fdir 652ms (cache updated)
npm http fetch GET 200 https://npm.pkg.github.com/vltsandbox/sade 583ms (cache miss)
npm http fetch GET 200 https://npm.pkg.github.com/vltsandbox/@polka%2furl 107ms (cache miss)
npm http fetch GET 200 https://npm.pkg.github.com/vltsandbox/@jridgewell%2fsourcemap-codec 1052ms (cache updated)
npm http fetch GET 200 https://npm.pkg.github.com/vltsandbox/totalist 1847ms (cache miss)
npm http fetch GET 200 https://npm.pkg.github.com/vltsandbox/debug 101ms (cache updated)
npm http fetch GET 200 https://npm.pkg.github.com/vltsandbox/ms 904ms (cache miss)
npm http fetch GET 200 https://npm.pkg.github.com/vltsandbox/@typescript-eslint%2ftypes 2198ms (cache miss)
npm http fetch GET 200 https://npm.pkg.github.com/vltsandbox/@jridgewell%2ftrace-mapping 812ms (cache updated)
npm http fetch GET 200 https://npm.pkg.github.com/vltsandbox/@jridgewell%2fgen-mapping 1541ms (cache miss)
npm http fetch GET 200 https://npm.pkg.github.com/vltsandbox/@jridgewell%2fresolve-uri 249ms (cache miss)
npm http fetch GET 200 https://npm.pkg.github.com/vltsandbox/picomatch 419ms (cache updated)
npm http fetch GET 200 https://npm.pkg.github.com/vltsandbox/mri 440ms (cache miss)
npm http fetch GET 200 https://npm.pkg.github.com/vltsandbox/readdirp 1129ms (cache miss)
npm http fetch GET 200 https://npm.pkg.github.com/vltsandbox/@esbuild%2faix-ppc64 294ms (cache miss)
npm http fetch GET 200 https://npm.pkg.github.com/vltsandbox/@esbuild%2fsunos-x64 283ms (cache miss)
npm http fetch GET 200 https://npm.pkg.github.com/vltsandbox/@esbuild%2flinux-arm 595ms (cache miss)
npm http fetch GET 200 https://npm.pkg.github.com/vltsandbox/@esbuild%2flinux-x64 665ms (cache miss)
npm http fetch GET 200 https://npm.pkg.github.com/vltsandbox/@esbuild%2fwin32-x64 541ms (cache miss)
npm http fetch GET 200 https://npm.pkg.github.com/vltsandbox/@esbuild%2fdarwin-x64 572ms (cache miss)
npm http fetch GET 200 https://npm.pkg.github.com/vltsandbox/@esbuild%2flinux-ia32 1129ms (cache miss)
npm http fetch GET 200 https://npm.pkg.github.com/vltsandbox/@esbuild%2fnetbsd-x64 788ms (cache miss)
npm http fetch GET 200 https://npm.pkg.github.com/vltsandbox/@esbuild%2fwin32-ia32 858ms (cache miss)
npm http fetch GET 200 https://npm.pkg.github.com/vltsandbox/@esbuild%2fandroid-x64 605ms (cache miss)
npm http fetch GET 200 https://npm.pkg.github.com/vltsandbox/@esbuild%2ffreebsd-x64 569ms (cache miss)
npm http fetch GET 200 https://npm.pkg.github.com/vltsandbox/@esbuild%2flinux-arm64 125ms (cache miss)
npm http fetch GET 200 https://npm.pkg.github.com/vltsandbox/@esbuild%2fandroid-arm 1205ms (cache miss)
npm http fetch GET 200 https://npm.pkg.github.com/vltsandbox/@esbuild%2flinux-ppc64 536ms (cache miss)
npm http fetch GET 200 https://npm.pkg.github.com/vltsandbox/@esbuild%2fopenbsd-x64 156ms (cache miss)
npm http fetch GET 200 https://npm.pkg.github.com/vltsandbox/@esbuild%2fwin32-arm64 145ms (cache miss)
npm http fetch GET 200 https://npm.pkg.github.com/vltsandbox/@esbuild%2fdarwin-arm64 240ms (cache miss)
npm http fetch GET 200 https://npm.pkg.github.com/vltsandbox/@esbuild%2fnetbsd-arm64 122ms (cache miss)
npm http fetch GET 200 https://npm.pkg.github.com/vltsandbox/@esbuild%2flinux-s390x 896ms (cache miss)
npm http fetch GET 200 https://npm.pkg.github.com/vltsandbox/@esbuild%2ffreebsd-arm64 205ms (cache miss)
npm http fetch GET 200 https://npm.pkg.github.com/vltsandbox/@esbuild%2flinux-loong64 130ms (cache miss)
npm http fetch GET 200 https://npm.pkg.github.com/vltsandbox/@esbuild%2fandroid-arm64 342ms (cache miss)
npm http fetch GET 200 https://npm.pkg.github.com/vltsandbox/@esbuild%2fopenbsd-arm64 118ms (cache miss)
npm http fetch GET 200 https://npm.pkg.github.com/vltsandbox/@esbuild%2flinux-mips64el 166ms (cache miss)
npm http fetch GET 200 https://npm.pkg.github.com/vltsandbox/@esbuild%2fopenharmony-arm64 150ms (cache miss)
npm http fetch GET 200 https://npm.pkg.github.com/vltsandbox/nanoid 132ms (cache miss)
npm http fetch GET 200 https://npm.pkg.github.com/vltsandbox/source-map-js 113ms (cache miss)
npm http fetch GET 200 https://npm.pkg.github.com/vltsandbox/@rollup%2frollup-android-arm64 138ms (cache miss)
npm http fetch GET 200 https://npm.pkg.github.com/vltsandbox/@rollup%2frollup-darwin-arm64 208ms (cache miss)
npm http fetch GET 200 https://npm.pkg.github.com/vltsandbox/@rollup%2frollup-freebsd-arm64 162ms (cache miss)
npm http fetch GET 200 https://npm.pkg.github.com/vltsandbox/@rollup%2frollup-win32-arm64-msvc 348ms (cache miss)
npm http fetch GET 200 https://npm.pkg.github.com/vltsandbox/@esbuild%2flinux-riscv64 946ms (cache miss)
npm http fetch GET 200 https://npm.pkg.github.com/vltsandbox/@rollup%2frollup-linux-arm64-musl 417ms (cache miss)
npm http fetch GET 200 https://npm.pkg.github.com/vltsandbox/@rollup%2frollup-android-arm-eabi 553ms (cache miss)
npm http fetch GET 200 https://npm.pkg.github.com/vltsandbox/@rollup%2frollup-linux-arm64-gnu 772ms (cache miss)
npm http fetch GET 200 https://npm.pkg.github.com/vltsandbox/@rollup%2frollup-linux-arm-gnueabihf 239ms (cache miss)
npm http fetch GET 200 https://npm.pkg.github.com/vltsandbox/@rollup%2frollup-linux-loong64-gnu 124ms (cache miss)
npm http fetch GET 200 https://npm.pkg.github.com/vltsandbox/@rollup%2frollup-win32-ia32-msvc 139ms (cache miss)
npm http fetch GET 200 https://npm.pkg.github.com/vltsandbox/@rollup%2frollup-linux-arm-musleabihf 308ms (cache miss)
npm http fetch GET 200 https://npm.pkg.github.com/vltsandbox/@rollup%2frollup-linux-riscv64-gnu 122ms (cache miss)
npm http fetch GET 200 https://npm.pkg.github.com/vltsandbox/@rollup%2frollup-linux-loong64-musl 163ms (cache miss)
npm http fetch GET 200 https://npm.pkg.github.com/vltsandbox/@rollup%2frollup-linux-riscv64-musl 167ms (cache miss)
npm http fetch GET 200 https://npm.pkg.github.com/vltsandbox/@rollup%2frollup-linux-ppc64-musl 115ms (cache miss)
npm http fetch GET 200 https://npm.pkg.github.com/vltsandbox/@rollup%2frollup-linux-ppc64-gnu 312ms (cache miss)
npm http fetch GET 200 https://npm.pkg.github.com/vltsandbox/@rollup%2frollup-darwin-x64 502ms (cache miss)
npm http fetch GET 200 https://npm.pkg.github.com/vltsandbox/@rollup%2frollup-linux-s390x-gnu 801ms (cache miss)
npm http fetch GET 200 https://npm.pkg.github.com/vltsandbox/@rollup%2frollup-win32-x64-msvc 532ms (cache miss)
npm http fetch GET 200 https://npm.pkg.github.com/vltsandbox/@rollup%2frollup-freebsd-x64 621ms (cache miss)
npm http fetch GET 200 https://npm.pkg.github.com/vltsandbox/@rollup%2frollup-win32-x64-gnu 1259ms (cache miss)
npm http fetch GET 200 https://npm.pkg.github.com/vltsandbox/@rollup%2frollup-openbsd-x64 126ms (cache miss)
npm http fetch GET 200 https://npm.pkg.github.com/vltsandbox/@rollup%2frollup-openharmony-arm64 756ms (cache miss)
npm http fetch GET 200 https://npm.pkg.github.com/vltsandbox/@rollup%2frollup-linux-x64-musl 1806ms (cache miss)
npm http fetch GET 200 https://npm.pkg.github.com/vltsandbox/@rollup%2frollup-linux-x64-gnu 2178ms (cache miss)
npm http fetch GET 200 https://registry.npmjs.com/rollup/-/rollup-4.60.2.tgz 353ms (cache miss)
npm http fetch GET 200 https://registry.npmjs.com/picomatch/-/picomatch-4.0.4.tgz 378ms (cache miss)
npm http fetch GET 200 https://registry.npmjs.com/picocolors/-/picocolors-1.1.1.tgz 383ms (cache miss)
npm http fetch GET 200 https://registry.npmjs.com/@rollup/rollup-linux-arm64-gnu/-/rollup-linux-arm64-gnu-4.60.2.tgz 444ms (cache miss)
npm http fetch GET 200 https://registry.npmjs.com/postcss/-/postcss-8.5.10.tgz 448ms (cache miss)
npm http fetch GET 200 https://registry.npmjs.com/zimmerframe/-/zimmerframe-1.1.4.tgz 456ms (cache miss)
npm http fetch GET 200 https://registry.npmjs.com/is-reference/-/is-reference-3.0.3.tgz 457ms (cache miss)
npm http fetch GET 200 https://registry.npmjs.com/clsx/-/clsx-2.1.1.tgz 456ms (cache miss)
npm http fetch GET 200 https://registry.npmjs.com/fdir/-/fdir-6.5.0.tgz 482ms (cache miss)
npm http fetch GET 200 https://registry.npmjs.com/@jridgewell/gen-mapping/-/gen-mapping-0.3.13.tgz 488ms (cache miss)
npm http fetch GET 200 https://registry.npmjs.com/mri/-/mri-1.2.0.tgz 498ms (cache miss)
npm http fetch GET 200 https://registry.npmjs.com/source-map-js/-/source-map-js-1.2.1.tgz 510ms (cache miss)
npm http fetch GET 200 https://registry.npmjs.com/@types/estree/-/estree-1.0.8.tgz 554ms (cache miss)
npm http fetch GET 200 https://registry.npmjs.com/readdirp/-/readdirp-4.1.2.tgz 597ms (cache miss)
npm http fetch GET 200 https://registry.npmjs.com/deepmerge/-/deepmerge-4.3.1.tgz 593ms (cache miss)
npm http fetch GET 200 https://registry.npmjs.com/@jridgewell/trace-mapping/-/trace-mapping-0.3.31.tgz 637ms (cache miss)
npm http fetch GET 200 https://registry.npmjs.com/chokidar/-/chokidar-4.0.3.tgz 642ms (cache miss)
npm http fetch GET 200 https://registry.npmjs.com/@esbuild/linux-arm64/-/linux-arm64-0.25.12.tgz 659ms (cache miss)
npm http fetch GET 200 https://registry.npmjs.com/aria-query/-/aria-query-5.3.1.tgz 675ms (cache miss)
npm http fetch GET 200 https://registry.npmjs.com/sirv/-/sirv-3.0.2.tgz 812ms (cache miss)
npm http fetch GET 200 https://registry.npmjs.com/ms/-/ms-2.1.3.tgz 822ms (cache miss)
npm http fetch GET 200 https://registry.npmjs.com/@jridgewell/remapping/-/remapping-2.3.5.tgz 885ms (cache miss)
npm http fetch GET 200 https://registry.npmjs.com/@sveltejs/vite-plugin-svelte-inspector/-/vite-plugin-svelte-inspector-4.0.1.tgz 893ms (cache miss)
npm http fetch GET 200 https://registry.npmjs.com/kleur/-/kleur-4.1.5.tgz 1036ms (cache miss)
npm http fetch GET 200 https://registry.npmjs.com/sade/-/sade-1.8.1.tgz 1057ms (cache miss)
npm http fetch GET 200 https://registry.npmjs.com/nanoid/-/nanoid-3.3.11.tgz 1061ms (cache miss)
npm http fetch GET 200 https://registry.npmjs.com/esbuild/-/esbuild-0.25.12.tgz 1060ms (cache miss)
npm http fetch GET 200 https://registry.npmjs.com/tinyglobby/-/tinyglobby-0.2.16.tgz 1066ms (cache miss)
npm http fetch GET 200 https://registry.npmjs.com/axobject-query/-/axobject-query-4.1.0.tgz 1064ms (cache miss)
npm http fetch GET 200 https://registry.npmjs.com/@jridgewell/resolve-uri/-/resolve-uri-3.1.2.tgz 1089ms (cache miss)
npm http fetch GET 200 https://registry.npmjs.com/esm-env/-/esm-env-1.2.2.tgz 1123ms (cache miss)
npm http fetch GET 200 https://registry.npmjs.com/@sveltejs/acorn-typescript/-/acorn-typescript-1.0.9.tgz 1210ms (cache miss)
npm http fetch GET 200 https://registry.npmjs.com/magic-string/-/magic-string-0.30.21.tgz 1250ms (cache miss)
npm http fetch GET 200 https://registry.npmjs.com/esrap/-/esrap-2.2.5.tgz 1288ms (cache miss)
npm http fetch GET 200 https://registry.npmjs.com/@types/trusted-types/-/trusted-types-2.0.7.tgz 1296ms (cache miss)
npm http fetch GET 200 https://registry.npmjs.com/vitefu/-/vitefu-1.1.3.tgz 1325ms (cache miss)
npm http fetch GET 200 https://registry.npmjs.com/@jridgewell/sourcemap-codec/-/sourcemap-codec-1.5.5.tgz 1329ms (cache miss)
npm http fetch GET 200 https://registry.npmjs.com/debug/-/debug-4.4.3.tgz 1334ms (cache miss)
npm http fetch GET 200 https://registry.npmjs.com/totalist/-/totalist-3.0.1.tgz 1335ms (cache miss)
npm http fetch GET 200 https://registry.npmjs.com/@standard-schema/spec/-/spec-1.1.0.tgz 1339ms (cache miss)
npm http fetch GET 200 https://registry.npmjs.com/acorn/-/acorn-8.16.0.tgz 1358ms (cache miss)
npm http fetch GET 200 https://registry.npmjs.com/cookie/-/cookie-0.6.0.tgz 1372ms (cache miss)
npm http fetch GET 200 https://registry.npmjs.com/@neoconfetti/svelte/-/svelte-2.2.2.tgz 1378ms (cache miss)
npm http fetch GET 200 https://registry.npmjs.com/locate-character/-/locate-character-3.0.0.tgz 1404ms (cache miss)
npm http fetch GET 200 https://registry.npmjs.com/mrmime/-/mrmime-2.0.1.tgz 1504ms (cache miss)
npm http fetch GET 200 https://registry.npmjs.com/set-cookie-parser/-/set-cookie-parser-3.1.0.tgz 1520ms (cache miss)
npm http fetch GET 200 https://registry.npmjs.com/@polka/url/-/url-1.0.0-next.29.tgz 1674ms (cache miss)
npm http fetch GET 200 https://registry.npmjs.com/@sveltejs/kit/-/kit-2.58.0.tgz 1720ms (cache miss)
npm http fetch GET 200 https://registry.npmjs.com/typescript/-/typescript-5.9.3.tgz 1751ms (cache miss)
npm http fetch GET 200 https://registry.npmjs.com/devalue/-/devalue-5.7.1.tgz 1840ms (cache miss)
npm http fetch GET 200 https://registry.npmjs.com/import-meta-resolve/-/import-meta-resolve-4.2.0.tgz 1840ms (cache miss)
npm http fetch GET 200 https://registry.npmjs.com/@types/cookie/-/cookie-0.6.0.tgz 1852ms (cache miss)
npm http fetch GET 200 https://registry.npmjs.com/@sveltejs/vite-plugin-svelte/-/vite-plugin-svelte-5.1.1.tgz 2003ms (cache miss)
npm http fetch GET 200 https://registry.npmjs.com/vite/-/vite-6.4.2.tgz 2031ms (cache miss)
npm http fetch GET 200 https://registry.npmjs.com/svelte-check/-/svelte-check-4.4.6.tgz 2037ms (cache miss)
npm http fetch GET 200 https://registry.npmjs.com/@fontsource/fira-mono/-/fira-mono-5.2.7.tgz 2111ms (cache miss)
npm http fetch GET 200 https://registry.npmjs.com/svelte/-/svelte-5.55.5.tgz 2118ms (cache miss)
npm http fetch GET 200 https://registry.npmjs.com/@sveltejs/adapter-auto/-/adapter-auto-3.3.1.tgz 2148ms (cache miss)

added 58 packages in 39s
