npm http fetch GET 200 https://npm.pkg.github.com/vltsandbox/@fontsource%2ffira-mono 143ms (cache miss)
npm http fetch GET 200 https://npm.pkg.github.com/vltsandbox/@neoconfetti%2fsvelte 304ms (cache miss)
npm http fetch GET 200 https://npm.pkg.github.com/vltsandbox/svelte 175ms (cache miss)
npm http fetch GET 200 https://npm.pkg.github.com/vltsandbox/@sveltejs%2fadapter-auto 147ms (cache miss)
npm http fetch GET 200 https://npm.pkg.github.com/vltsandbox/@sveltejs%2fkit 149ms (cache miss)
npm http fetch GET 200 https://npm.pkg.github.com/vltsandbox/@opentelemetry%2fapi 90ms (cache miss)
npm http fetch GET 200 https://npm.pkg.github.com/vltsandbox/@sveltejs%2fvite-plugin-svelte 118ms (cache miss)
npm http fetch GET 200 https://npm.pkg.github.com/vltsandbox/vite 1346ms (cache miss)
npm http fetch GET 200 https://npm.pkg.github.com/vltsandbox/@types%2fnode 284ms (cache miss)
npm http fetch GET 200 https://npm.pkg.github.com/vltsandbox/jiti 83ms (cache miss)
npm http fetch GET 200 https://npm.pkg.github.com/vltsandbox/less 151ms (cache miss)
npm http fetch GET 200 https://npm.pkg.github.com/vltsandbox/lightningcss 68ms (cache miss)
npm http fetch GET 200 https://npm.pkg.github.com/vltsandbox/sass 100ms (cache miss)
npm http fetch GET 200 https://npm.pkg.github.com/vltsandbox/sass-embedded 86ms (cache miss)
npm http fetch GET 200 https://npm.pkg.github.com/vltsandbox/stylus 79ms (cache miss)
npm http fetch GET 200 https://npm.pkg.github.com/vltsandbox/sugarss 78ms (cache miss)
npm http fetch GET 200 https://npm.pkg.github.com/vltsandbox/postcss 99ms (cache miss)
npm http fetch GET 200 https://npm.pkg.github.com/vltsandbox/terser 88ms (cache miss)
npm http fetch GET 200 https://npm.pkg.github.com/vltsandbox/tsx 95ms (cache miss)
npm http fetch GET 200 https://npm.pkg.github.com/vltsandbox/yaml 189ms (cache miss)
npm http fetch GET 200 https://npm.pkg.github.com/vltsandbox/typescript 298ms (cache miss)
npm http fetch GET 200 https://npm.pkg.github.com/vltsandbox/svelte-check 94ms (cache miss)
npm http fetch GET 200 https://npm.pkg.github.com/vltsandbox/@jridgewell%2fsourcemap-codec 119ms (cache miss)
npm http fetch GET 200 https://npm.pkg.github.com/vltsandbox/@sveltejs%2facorn-typescript 122ms (cache miss)
npm http fetch GET 200 https://npm.pkg.github.com/vltsandbox/@types%2festree 75ms (cache miss)
npm http fetch GET 200 https://npm.pkg.github.com/vltsandbox/acorn 75ms (cache miss)
npm http fetch GET 200 https://npm.pkg.github.com/vltsandbox/@jridgewell%2fremapping 307ms (cache miss)
npm http fetch GET 200 https://npm.pkg.github.com/vltsandbox/aria-query 68ms (cache miss)
npm http fetch GET 200 https://npm.pkg.github.com/vltsandbox/axobject-query 85ms (cache miss)
npm http fetch GET 200 https://npm.pkg.github.com/vltsandbox/clsx 86ms (cache miss)
npm http fetch GET 200 https://npm.pkg.github.com/vltsandbox/@types%2ftrusted-types 347ms (cache miss)
npm http fetch GET 200 https://npm.pkg.github.com/vltsandbox/devalue 79ms (cache miss)
npm http fetch GET 200 https://npm.pkg.github.com/vltsandbox/is-reference 65ms (cache miss)
npm http fetch GET 200 https://npm.pkg.github.com/vltsandbox/esm-env 166ms (cache miss)
npm http fetch GET 200 https://npm.pkg.github.com/vltsandbox/locate-character 89ms (cache miss)
npm http fetch GET 200 https://npm.pkg.github.com/vltsandbox/magic-string 84ms (cache miss)
npm http fetch GET 200 https://npm.pkg.github.com/vltsandbox/zimmerframe 80ms (cache miss)
npm http fetch GET 200 https://npm.pkg.github.com/vltsandbox/sirv 84ms (cache miss)
npm http fetch GET 200 https://npm.pkg.github.com/vltsandbox/import-meta-resolve 114ms (cache miss)
npm http fetch GET 200 https://npm.pkg.github.com/vltsandbox/acorn 135ms (cache updated)
npm http fetch GET 200 https://npm.pkg.github.com/vltsandbox/esrap 468ms (cache miss)
npm http fetch GET 200 https://npm.pkg.github.com/vltsandbox/kleur 197ms (cache miss)
npm http fetch GET 200 https://npm.pkg.github.com/vltsandbox/cookie 92ms (cache miss)
npm http fetch GET 200 https://npm.pkg.github.com/vltsandbox/mrmime 96ms (cache miss)
npm http fetch GET 200 https://npm.pkg.github.com/vltsandbox/esm-env 71ms (cache updated)
npm http fetch GET 200 https://npm.pkg.github.com/vltsandbox/magic-string 71ms (cache updated)
npm http fetch GET 200 https://npm.pkg.github.com/vltsandbox/set-cookie-parser 73ms (cache miss)
npm http fetch GET 200 https://npm.pkg.github.com/vltsandbox/@standard-schema%2fspec 86ms (cache miss)
npm http fetch GET 200 https://npm.pkg.github.com/vltsandbox/@sveltejs%2facorn-typescript 102ms (cache updated)
npm http fetch GET 200 https://npm.pkg.github.com/vltsandbox/@types%2fcookie 227ms (cache miss)
npm http fetch GET 200 https://npm.pkg.github.com/vltsandbox/debug 90ms (cache miss)
npm http fetch GET 200 https://npm.pkg.github.com/vltsandbox/vitefu 82ms (cache miss)
npm http fetch GET 200 https://npm.pkg.github.com/vltsandbox/magic-string 104ms (cache updated)
npm http fetch GET 200 https://npm.pkg.github.com/vltsandbox/@sveltejs%2fvite-plugin-svelte-inspector 82ms (cache miss)
npm http fetch GET 200 https://npm.pkg.github.com/vltsandbox/deepmerge 202ms (cache miss)
npm http fetch GET 200 https://npm.pkg.github.com/vltsandbox/fdir 114ms (cache miss)
npm http fetch GET 200 https://npm.pkg.github.com/vltsandbox/rollup 196ms (cache miss)
npm http fetch GET 200 https://npm.pkg.github.com/vltsandbox/esbuild 177ms (cache miss)
npm http fetch GET 200 https://npm.pkg.github.com/vltsandbox/postcss 152ms (cache updated)
npm http fetch GET 200 https://npm.pkg.github.com/vltsandbox/tinyglobby 68ms (cache miss)
npm http fetch GET 200 https://npm.pkg.github.com/vltsandbox/picomatch 91ms (cache miss)
npm http fetch GET 200 https://npm.pkg.github.com/vltsandbox/fsevents 74ms (cache miss)
npm http fetch GET 200 https://npm.pkg.github.com/vltsandbox/chokidar 75ms (cache miss)
npm http fetch GET 200 https://npm.pkg.github.com/vltsandbox/fdir 83ms (cache updated)
npm http fetch GET 200 https://npm.pkg.github.com/vltsandbox/@jridgewell%2ftrace-mapping 99ms (cache miss)
npm http fetch GET 200 https://npm.pkg.github.com/vltsandbox/picocolors 74ms (cache miss)
npm http fetch GET 200 https://npm.pkg.github.com/vltsandbox/sade 79ms (cache miss)
npm http fetch GET 200 https://npm.pkg.github.com/vltsandbox/@sveltejs%2fload-config 92ms (cache miss)
npm http fetch GET 200 https://npm.pkg.github.com/vltsandbox/totalist 60ms (cache miss)
npm http fetch GET 200 https://npm.pkg.github.com/vltsandbox/@polka%2furl 84ms (cache miss)
npm http fetch GET 200 https://npm.pkg.github.com/vltsandbox/@jridgewell%2fsourcemap-codec 96ms (cache updated)
npm http fetch GET 200 https://npm.pkg.github.com/vltsandbox/ms 64ms (cache miss)
npm http fetch GET 200 https://npm.pkg.github.com/vltsandbox/debug 129ms (cache updated)
npm http fetch GET 200 https://npm.pkg.github.com/vltsandbox/@typescript-eslint%2ftypes 489ms (cache miss)
npm http fetch GET 200 https://npm.pkg.github.com/vltsandbox/@jridgewell%2fgen-mapping 97ms (cache miss)
npm http fetch GET 200 https://npm.pkg.github.com/vltsandbox/@jridgewell%2ftrace-mapping 120ms (cache updated)
npm http fetch GET 200 https://npm.pkg.github.com/vltsandbox/@jridgewell%2fresolve-uri 78ms (cache miss)
npm http fetch GET 200 https://npm.pkg.github.com/vltsandbox/picomatch 111ms (cache updated)
npm http fetch GET 200 https://npm.pkg.github.com/vltsandbox/mri 86ms (cache miss)
npm http fetch GET 200 https://npm.pkg.github.com/vltsandbox/readdirp 89ms (cache miss)
npm http fetch GET 200 https://npm.pkg.github.com/vltsandbox/@esbuild%2flinux-arm 114ms (cache miss)
npm http fetch GET 200 https://npm.pkg.github.com/vltsandbox/@esbuild%2fsunos-x64 102ms (cache miss)
npm http fetch GET 200 https://npm.pkg.github.com/vltsandbox/@esbuild%2fwin32-x64 89ms (cache miss)
npm http fetch GET 200 https://npm.pkg.github.com/vltsandbox/@esbuild%2faix-ppc64 356ms (cache miss)
npm http fetch GET 200 https://npm.pkg.github.com/vltsandbox/@esbuild%2flinux-x64 375ms (cache miss)
npm http fetch GET 200 https://npm.pkg.github.com/vltsandbox/@esbuild%2fdarwin-x64 85ms (cache miss)
npm http fetch GET 200 https://npm.pkg.github.com/vltsandbox/@esbuild%2fnetbsd-x64 86ms (cache miss)
npm http fetch GET 200 https://npm.pkg.github.com/vltsandbox/@esbuild%2fwin32-ia32 84ms (cache miss)
npm http fetch GET 200 https://npm.pkg.github.com/vltsandbox/@esbuild%2flinux-ia32 128ms (cache miss)
npm http fetch GET 200 https://npm.pkg.github.com/vltsandbox/@esbuild%2ffreebsd-x64 81ms (cache miss)
npm http fetch GET 200 https://npm.pkg.github.com/vltsandbox/@esbuild%2fandroid-arm 142ms (cache miss)
npm http fetch GET 200 https://npm.pkg.github.com/vltsandbox/@esbuild%2fandroid-x64 129ms (cache miss)
npm http fetch GET 200 https://npm.pkg.github.com/vltsandbox/@esbuild%2flinux-arm64 93ms (cache miss)
npm http fetch GET 200 https://npm.pkg.github.com/vltsandbox/@esbuild%2flinux-s390x 86ms (cache miss)
npm http fetch GET 200 https://npm.pkg.github.com/vltsandbox/@esbuild%2flinux-ppc64 106ms (cache miss)
npm http fetch GET 200 https://npm.pkg.github.com/vltsandbox/@esbuild%2fopenbsd-x64 103ms (cache miss)
npm http fetch GET 200 https://npm.pkg.github.com/vltsandbox/@esbuild%2fdarwin-arm64 85ms (cache miss)
npm http fetch GET 200 https://npm.pkg.github.com/vltsandbox/@esbuild%2fwin32-arm64 108ms (cache miss)
npm http fetch GET 200 https://npm.pkg.github.com/vltsandbox/@esbuild%2fnetbsd-arm64 118ms (cache miss)
npm http fetch GET 200 https://npm.pkg.github.com/vltsandbox/@esbuild%2ffreebsd-arm64 86ms (cache miss)
npm http fetch GET 200 https://npm.pkg.github.com/vltsandbox/@esbuild%2fandroid-arm64 95ms (cache miss)
npm http fetch GET 200 https://npm.pkg.github.com/vltsandbox/@esbuild%2flinux-loong64 97ms (cache miss)
npm http fetch GET 200 https://npm.pkg.github.com/vltsandbox/@esbuild%2flinux-riscv64 92ms (cache miss)
npm http fetch GET 200 https://npm.pkg.github.com/vltsandbox/@esbuild%2fopenharmony-arm64 89ms (cache miss)
npm http fetch GET 200 https://npm.pkg.github.com/vltsandbox/@esbuild%2flinux-mips64el 100ms (cache miss)
npm http fetch GET 200 https://npm.pkg.github.com/vltsandbox/nanoid 83ms (cache miss)
npm http fetch GET 200 https://npm.pkg.github.com/vltsandbox/source-map-js 82ms (cache miss)
npm http fetch GET 200 https://npm.pkg.github.com/vltsandbox/@esbuild%2fopenbsd-arm64 327ms (cache miss)
npm http fetch GET 200 https://npm.pkg.github.com/vltsandbox/@rollup%2frollup-darwin-arm64 85ms (cache miss)
npm http fetch GET 200 https://npm.pkg.github.com/vltsandbox/@rollup%2frollup-android-arm64 98ms (cache miss)
npm http fetch GET 200 https://npm.pkg.github.com/vltsandbox/@rollup%2frollup-win32-arm64-msvc 108ms (cache miss)
npm http fetch GET 200 https://npm.pkg.github.com/vltsandbox/@rollup%2frollup-freebsd-arm64 89ms (cache miss)
npm http fetch GET 200 https://npm.pkg.github.com/vltsandbox/@rollup%2frollup-linux-arm64-gnu 88ms (cache miss)
npm http fetch GET 200 https://npm.pkg.github.com/vltsandbox/@rollup%2frollup-linux-arm64-musl 110ms (cache miss)
npm http fetch GET 200 https://npm.pkg.github.com/vltsandbox/@rollup%2frollup-linux-arm-gnueabihf 95ms (cache miss)
npm http fetch GET 200 https://npm.pkg.github.com/vltsandbox/@rollup%2frollup-linux-arm-musleabihf 104ms (cache miss)
npm http fetch GET 200 https://npm.pkg.github.com/vltsandbox/@rollup%2frollup-android-arm-eabi 225ms (cache miss)
npm http fetch GET 200 https://npm.pkg.github.com/vltsandbox/@rollup%2frollup-win32-ia32-msvc 150ms (cache miss)
npm http fetch GET 200 https://npm.pkg.github.com/vltsandbox/@rollup%2frollup-linux-loong64-gnu 78ms (cache miss)
npm http fetch GET 200 https://npm.pkg.github.com/vltsandbox/@rollup%2frollup-linux-loong64-musl 77ms (cache miss)
npm http fetch GET 200 https://npm.pkg.github.com/vltsandbox/@rollup%2frollup-linux-riscv64-gnu 94ms (cache miss)
npm http fetch GET 200 https://npm.pkg.github.com/vltsandbox/@rollup%2frollup-linux-ppc64-gnu 81ms (cache miss)
npm http fetch GET 200 https://npm.pkg.github.com/vltsandbox/@rollup%2frollup-linux-riscv64-musl 98ms (cache miss)
npm http fetch GET 200 https://npm.pkg.github.com/vltsandbox/@rollup%2frollup-linux-ppc64-musl 78ms (cache miss)
npm http fetch GET 200 https://npm.pkg.github.com/vltsandbox/@rollup%2frollup-linux-s390x-gnu 103ms (cache miss)
npm http fetch GET 200 https://npm.pkg.github.com/vltsandbox/@rollup%2frollup-darwin-x64 104ms (cache miss)
npm http fetch GET 200 https://npm.pkg.github.com/vltsandbox/@rollup%2frollup-win32-x64-gnu 86ms (cache miss)
npm http fetch GET 200 https://npm.pkg.github.com/vltsandbox/@rollup%2frollup-win32-x64-msvc 92ms (cache miss)
npm http fetch GET 200 https://npm.pkg.github.com/vltsandbox/@rollup%2frollup-freebsd-x64 94ms (cache miss)
npm http fetch GET 200 https://npm.pkg.github.com/vltsandbox/@rollup%2frollup-linux-x64-gnu 99ms (cache miss)
npm http fetch GET 200 https://npm.pkg.github.com/vltsandbox/@rollup%2frollup-openbsd-x64 82ms (cache miss)
npm http fetch GET 200 https://npm.pkg.github.com/vltsandbox/@rollup%2frollup-linux-x64-musl 89ms (cache miss)
npm http fetch GET 200 https://npm.pkg.github.com/vltsandbox/@rollup%2frollup-openharmony-arm64 81ms (cache miss)
npm http fetch GET 200 https://registry.npmjs.com/tinyglobby/-/tinyglobby-0.2.17.tgz 339ms (cache miss)
npm http fetch GET 200 https://registry.npmjs.com/is-reference/-/is-reference-3.0.3.tgz 354ms (cache miss)
npm http fetch GET 200 https://registry.npmjs.com/zimmerframe/-/zimmerframe-1.1.4.tgz 362ms (cache miss)
npm http fetch GET 200 https://registry.npmjs.com/@types/trusted-types/-/trusted-types-2.0.7.tgz 402ms (cache miss)
npm http fetch GET 200 https://registry.npmjs.com/@types/estree/-/estree-1.0.9.tgz 415ms (cache miss)
npm http fetch GET 200 https://registry.npmjs.com/@sveltejs/load-config/-/load-config-0.2.0.tgz 418ms (cache miss)
npm http fetch GET 200 https://registry.npmjs.com/clsx/-/clsx-2.1.1.tgz 417ms (cache miss)
npm http fetch GET 200 https://registry.npmjs.com/mri/-/mri-1.2.0.tgz 421ms (cache miss)
npm http fetch GET 200 https://registry.npmjs.com/ms/-/ms-2.1.3.tgz 416ms (cache miss)
npm http fetch GET 200 https://registry.npmjs.com/@polka/url/-/url-1.0.0-next.29.tgz 416ms (cache miss)
npm http fetch GET 200 https://registry.npmjs.com/sade/-/sade-1.8.1.tgz 427ms (cache miss)
npm http fetch GET 200 https://registry.npmjs.com/totalist/-/totalist-3.0.1.tgz 423ms (cache miss)
npm http fetch GET 200 https://registry.npmjs.com/@jridgewell/resolve-uri/-/resolve-uri-3.1.2.tgz 431ms (cache miss)
npm http fetch GET 200 https://registry.npmjs.com/readdirp/-/readdirp-4.1.2.tgz 433ms (cache miss)
npm http fetch GET 200 https://registry.npmjs.com/fdir/-/fdir-6.5.0.tgz 437ms (cache miss)
npm http fetch GET 200 https://registry.npmjs.com/vitefu/-/vitefu-1.1.3.tgz 438ms (cache miss)
npm http fetch GET 200 https://registry.npmjs.com/esm-env/-/esm-env-1.2.2.tgz 436ms (cache miss)
npm http fetch GET 200 https://registry.npmjs.com/debug/-/debug-4.4.3.tgz 446ms (cache miss)
npm http fetch GET 200 https://registry.npmjs.com/deepmerge/-/deepmerge-4.3.1.tgz 447ms (cache miss)
npm http fetch GET 200 https://registry.npmjs.com/@types/cookie/-/cookie-0.6.0.tgz 444ms (cache miss)
npm http fetch GET 200 https://registry.npmjs.com/kleur/-/kleur-4.1.5.tgz 449ms (cache miss)
npm http fetch GET 200 https://registry.npmjs.com/sirv/-/sirv-3.0.2.tgz 451ms (cache miss)
npm http fetch GET 200 https://registry.npmjs.com/picocolors/-/picocolors-1.1.1.tgz 461ms (cache miss)
npm http fetch GET 200 https://registry.npmjs.com/mrmime/-/mrmime-2.0.1.tgz 457ms (cache miss)
npm http fetch GET 200 https://registry.npmjs.com/cookie/-/cookie-0.6.0.tgz 461ms (cache miss)
npm http fetch GET 200 https://registry.npmjs.com/set-cookie-parser/-/set-cookie-parser-3.1.2.tgz 465ms (cache miss)
npm http fetch GET 200 https://registry.npmjs.com/chokidar/-/chokidar-4.0.3.tgz 485ms (cache miss)
npm http fetch GET 200 https://registry.npmjs.com/nanoid/-/nanoid-3.3.16.tgz 493ms (cache miss)
npm http fetch GET 200 https://registry.npmjs.com/@sveltejs/adapter-auto/-/adapter-auto-3.3.1.tgz 483ms (cache miss)
npm http fetch GET 200 https://registry.npmjs.com/@standard-schema/spec/-/spec-1.1.0.tgz 485ms (cache miss)
npm http fetch GET 200 https://registry.npmjs.com/locate-character/-/locate-character-3.0.0.tgz 496ms (cache miss)
npm http fetch GET 200 https://registry.npmjs.com/esbuild/-/esbuild-0.25.12.tgz 500ms (cache miss)
npm http fetch GET 200 https://registry.npmjs.com/@neoconfetti/svelte/-/svelte-2.2.2.tgz 492ms (cache miss)
npm http fetch GET 200 https://registry.npmjs.com/picomatch/-/picomatch-4.0.5.tgz 517ms (cache miss)
npm http fetch GET 200 https://registry.npmjs.com/@sveltejs/acorn-typescript/-/acorn-typescript-1.0.11.tgz 512ms (cache miss)
npm http fetch GET 200 https://registry.npmjs.com/@sveltejs/vite-plugin-svelte-inspector/-/vite-plugin-svelte-inspector-4.0.1.tgz 533ms (cache miss)
npm http fetch GET 200 https://registry.npmjs.com/devalue/-/devalue-5.8.1.tgz 537ms (cache miss)
npm http fetch GET 200 https://registry.npmjs.com/source-map-js/-/source-map-js-1.2.1.tgz 560ms (cache miss)
npm http fetch GET 200 https://registry.npmjs.com/esrap/-/esrap-2.2.13.tgz 553ms (cache miss)
npm http fetch GET 200 https://registry.npmjs.com/import-meta-resolve/-/import-meta-resolve-4.2.0.tgz 561ms (cache miss)
npm http fetch GET 200 https://registry.npmjs.com/@jridgewell/sourcemap-codec/-/sourcemap-codec-1.5.5.tgz 575ms (cache miss)
npm http fetch GET 200 https://registry.npmjs.com/magic-string/-/magic-string-0.30.21.tgz 575ms (cache miss)
npm http fetch GET 200 https://registry.npmjs.com/@jridgewell/remapping/-/remapping-2.3.5.tgz 593ms (cache miss)
npm http fetch GET 200 https://registry.npmjs.com/acorn/-/acorn-8.17.0.tgz 590ms (cache miss)
npm http fetch GET 200 https://registry.npmjs.com/@jridgewell/gen-mapping/-/gen-mapping-0.3.13.tgz 602ms (cache miss)
npm http fetch GET 200 https://registry.npmjs.com/@sveltejs/vite-plugin-svelte/-/vite-plugin-svelte-5.1.1.tgz 673ms (cache miss)
npm http fetch GET 200 https://registry.npmjs.com/@jridgewell/trace-mapping/-/trace-mapping-0.3.31.tgz 688ms (cache miss)
npm http fetch GET 200 https://registry.npmjs.com/@rollup/rollup-linux-arm64-gnu/-/rollup-linux-arm64-gnu-4.62.2.tgz 699ms (cache miss)
npm http fetch GET 200 https://registry.npmjs.com/postcss/-/postcss-8.5.19.tgz 698ms (cache miss)
npm http fetch GET 200 https://registry.npmjs.com/@fontsource/fira-mono/-/fira-mono-5.2.7.tgz 721ms (cache miss)
npm http fetch GET 200 https://registry.npmjs.com/rollup/-/rollup-4.62.2.tgz 760ms (cache miss)
npm http fetch GET 200 https://registry.npmjs.com/vite/-/vite-6.4.3.tgz 757ms (cache miss)
npm http fetch GET 200 https://registry.npmjs.com/svelte-check/-/svelte-check-4.7.3.tgz 772ms (cache miss)
npm http fetch GET 200 https://registry.npmjs.com/@esbuild/linux-arm64/-/linux-arm64-0.25.12.tgz 873ms (cache miss)
npm http fetch GET 200 https://registry.npmjs.com/axobject-query/-/axobject-query-4.1.0.tgz 894ms (cache miss)
npm http fetch GET 200 https://registry.npmjs.com/aria-query/-/aria-query-5.3.1.tgz 950ms (cache miss)
npm http fetch GET 200 https://registry.npmjs.com/@sveltejs/kit/-/kit-2.69.3.tgz 962ms (cache miss)
npm http fetch GET 200 https://registry.npmjs.com/typescript/-/typescript-5.9.3.tgz 999ms (cache miss)
npm http fetch GET 200 https://registry.npmjs.com/svelte/-/svelte-5.56.6.tgz 1085ms (cache miss)

added 59 packages in 11s
