npm http fetch GET 200 https://npm.pkg.github.com/vltsandbox/@fontsource%2ffira-mono 265ms (cache miss)
npm http fetch GET 200 https://npm.pkg.github.com/vltsandbox/@neoconfetti%2fsvelte 120ms (cache miss)
npm http fetch GET 200 https://npm.pkg.github.com/vltsandbox/svelte 296ms (cache miss)
npm http fetch GET 200 https://npm.pkg.github.com/vltsandbox/@sveltejs%2fadapter-auto 171ms (cache miss)
npm http fetch GET 200 https://npm.pkg.github.com/vltsandbox/@sveltejs%2fkit 205ms (cache miss)
npm http fetch GET 200 https://npm.pkg.github.com/vltsandbox/@sveltejs%2fvite-plugin-svelte 150ms (cache miss)
npm http fetch GET 200 https://npm.pkg.github.com/vltsandbox/vite 1326ms (cache miss)
npm http fetch GET 200 https://npm.pkg.github.com/vltsandbox/typescript 333ms (cache miss)
npm http fetch GET 200 https://npm.pkg.github.com/vltsandbox/svelte-check 164ms (cache miss)
npm http fetch GET 200 https://npm.pkg.github.com/vltsandbox/clsx 102ms (cache miss)
npm http fetch GET 200 https://npm.pkg.github.com/vltsandbox/esrap 204ms (cache miss)
npm http fetch GET 200 https://npm.pkg.github.com/vltsandbox/devalue 125ms (cache miss)
npm http fetch GET 200 https://npm.pkg.github.com/vltsandbox/acorn 293ms (cache miss)
npm http fetch GET 200 https://npm.pkg.github.com/vltsandbox/esm-env 109ms (cache miss)
npm http fetch GET 200 https://npm.pkg.github.com/vltsandbox/aria-query 99ms (cache miss)
npm http fetch GET 200 https://npm.pkg.github.com/vltsandbox/zimmerframe 101ms (cache miss)
npm http fetch GET 200 https://npm.pkg.github.com/vltsandbox/is-reference 111ms (cache miss)
npm http fetch GET 200 https://npm.pkg.github.com/vltsandbox/magic-string 110ms (cache miss)
npm http fetch GET 200 https://npm.pkg.github.com/vltsandbox/@types%2festree 120ms (cache miss)
npm http fetch GET 200 https://npm.pkg.github.com/vltsandbox/axobject-query 99ms (cache miss)
npm http fetch GET 200 https://npm.pkg.github.com/vltsandbox/locate-character 116ms (cache miss)
npm http fetch GET 200 https://npm.pkg.github.com/vltsandbox/@jridgewell%2fremapping 115ms (cache miss)
npm http fetch GET 200 https://npm.pkg.github.com/vltsandbox/@sveltejs%2facorn-typescript 107ms (cache miss)
npm http fetch GET 200 https://npm.pkg.github.com/vltsandbox/@jridgewell%2fsourcemap-codec 108ms (cache miss)
npm http fetch GET 200 https://npm.pkg.github.com/vltsandbox/import-meta-resolve 112ms (cache miss)
npm http fetch GET 200 https://npm.pkg.github.com/vltsandbox/sirv 133ms (cache miss)
npm http fetch GET 200 https://npm.pkg.github.com/vltsandbox/acorn 116ms (cache updated)
npm http fetch GET 200 https://npm.pkg.github.com/vltsandbox/kleur 112ms (cache miss)
npm http fetch GET 200 https://npm.pkg.github.com/vltsandbox/cookie 102ms (cache miss)
npm http fetch GET 200 https://npm.pkg.github.com/vltsandbox/mrmime 105ms (cache miss)
npm http fetch GET 200 https://npm.pkg.github.com/vltsandbox/esm-env 111ms (cache updated)
npm http fetch GET 200 https://npm.pkg.github.com/vltsandbox/magic-string 106ms (cache updated)
npm http fetch GET 200 https://npm.pkg.github.com/vltsandbox/devalue 164ms (cache updated)
npm http fetch GET 200 https://npm.pkg.github.com/vltsandbox/@types%2fcookie 97ms (cache miss)
npm http fetch GET 200 https://npm.pkg.github.com/vltsandbox/set-cookie-parser 103ms (cache miss)
npm http fetch GET 200 https://npm.pkg.github.com/vltsandbox/@standard-schema%2fspec 117ms (cache miss)
npm http fetch GET 200 https://npm.pkg.github.com/vltsandbox/@sveltejs%2facorn-typescript 110ms (cache updated)
npm http fetch GET 200 https://npm.pkg.github.com/vltsandbox/debug 111ms (cache miss)
npm http fetch GET 200 https://npm.pkg.github.com/vltsandbox/vitefu 106ms (cache miss)
npm http fetch GET 200 https://npm.pkg.github.com/vltsandbox/deepmerge 148ms (cache miss)
npm http fetch GET 200 https://npm.pkg.github.com/vltsandbox/magic-string 127ms (cache updated)
npm http fetch GET 200 https://npm.pkg.github.com/vltsandbox/@sveltejs%2fvite-plugin-svelte-inspector 124ms (cache miss)
npm http fetch GET 200 https://npm.pkg.github.com/vltsandbox/fdir 191ms (cache miss)
npm http fetch GET 200 https://npm.pkg.github.com/vltsandbox/rollup 222ms (cache miss)
npm http fetch GET 200 https://npm.pkg.github.com/vltsandbox/esbuild 261ms (cache miss)
npm http fetch GET 200 https://npm.pkg.github.com/vltsandbox/postcss 138ms (cache miss)
npm http fetch GET 200 https://npm.pkg.github.com/vltsandbox/picomatch 102ms (cache miss)
npm http fetch GET 200 https://npm.pkg.github.com/vltsandbox/tinyglobby 125ms (cache miss)
npm http fetch GET 200 https://npm.pkg.github.com/vltsandbox/fsevents 121ms (cache miss)
npm http fetch GET 200 https://npm.pkg.github.com/vltsandbox/fdir 108ms (cache updated)
npm http fetch GET 200 https://npm.pkg.github.com/vltsandbox/sade 109ms (cache miss)
npm http fetch GET 200 https://npm.pkg.github.com/vltsandbox/chokidar 108ms (cache miss)
npm http fetch GET 200 https://npm.pkg.github.com/vltsandbox/picocolors 115ms (cache miss)
npm http fetch GET 200 https://npm.pkg.github.com/vltsandbox/@sveltejs%2fload-config 123ms (cache miss)
npm http fetch GET 200 https://npm.pkg.github.com/vltsandbox/@jridgewell%2ftrace-mapping 126ms (cache miss)
npm http fetch GET 200 https://npm.pkg.github.com/vltsandbox/@jridgewell%2fsourcemap-codec 113ms (cache updated)
npm http fetch GET 200 https://npm.pkg.github.com/vltsandbox/@polka%2furl 114ms (cache miss)
npm http fetch GET 200 https://npm.pkg.github.com/vltsandbox/totalist 123ms (cache miss)
npm http fetch GET 200 https://npm.pkg.github.com/vltsandbox/ms 99ms (cache miss)
npm http fetch GET 200 https://npm.pkg.github.com/vltsandbox/debug 106ms (cache updated)
npm http fetch GET 200 https://npm.pkg.github.com/vltsandbox/@jridgewell%2fgen-mapping 124ms (cache miss)
npm http fetch GET 200 https://npm.pkg.github.com/vltsandbox/@jridgewell%2ftrace-mapping 124ms (cache updated)
npm http fetch GET 200 https://npm.pkg.github.com/vltsandbox/@jridgewell%2fresolve-uri 114ms (cache miss)
npm http fetch GET 200 https://npm.pkg.github.com/vltsandbox/mri 102ms (cache miss)
npm http fetch GET 200 https://npm.pkg.github.com/vltsandbox/readdirp 111ms (cache miss)
npm http fetch GET 200 https://npm.pkg.github.com/vltsandbox/@esbuild%2flinux-arm 122ms (cache miss)
npm http fetch GET 200 https://npm.pkg.github.com/vltsandbox/@esbuild%2faix-ppc64 131ms (cache miss)
npm http fetch GET 200 https://npm.pkg.github.com/vltsandbox/@esbuild%2flinux-x64 156ms (cache miss)
npm http fetch GET 200 https://npm.pkg.github.com/vltsandbox/@esbuild%2fwin32-x64 131ms (cache miss)
npm http fetch GET 200 https://npm.pkg.github.com/vltsandbox/@esbuild%2fsunos-x64 148ms (cache miss)
npm http fetch GET 200 https://npm.pkg.github.com/vltsandbox/@esbuild%2fdarwin-x64 155ms (cache miss)
npm http fetch GET 200 https://npm.pkg.github.com/vltsandbox/@esbuild%2flinux-ia32 135ms (cache miss)
npm http fetch GET 200 https://npm.pkg.github.com/vltsandbox/@esbuild%2fnetbsd-x64 177ms (cache miss)
npm http fetch GET 200 https://npm.pkg.github.com/vltsandbox/@esbuild%2fwin32-ia32 140ms (cache miss)
npm http fetch GET 200 https://npm.pkg.github.com/vltsandbox/@esbuild%2fandroid-arm 113ms (cache miss)
npm http fetch GET 200 https://npm.pkg.github.com/vltsandbox/@esbuild%2ffreebsd-x64 108ms (cache miss)
npm http fetch GET 200 https://npm.pkg.github.com/vltsandbox/@esbuild%2fandroid-x64 122ms (cache miss)
npm http fetch GET 200 https://npm.pkg.github.com/vltsandbox/@esbuild%2flinux-arm64 125ms (cache miss)
npm http fetch GET 200 https://npm.pkg.github.com/vltsandbox/@esbuild%2flinux-s390x 122ms (cache miss)
npm http fetch GET 200 https://npm.pkg.github.com/vltsandbox/@esbuild%2flinux-ppc64 149ms (cache miss)
npm http fetch GET 200 https://npm.pkg.github.com/vltsandbox/@esbuild%2fopenbsd-x64 145ms (cache miss)
npm http fetch GET 200 https://npm.pkg.github.com/vltsandbox/@esbuild%2fwin32-arm64 125ms (cache miss)
npm http fetch GET 200 https://npm.pkg.github.com/vltsandbox/@esbuild%2fdarwin-arm64 119ms (cache miss)
npm http fetch GET 200 https://npm.pkg.github.com/vltsandbox/@esbuild%2fnetbsd-arm64 108ms (cache miss)
npm http fetch GET 200 https://npm.pkg.github.com/vltsandbox/@esbuild%2fandroid-arm64 133ms (cache miss)
npm http fetch GET 200 https://npm.pkg.github.com/vltsandbox/@esbuild%2ffreebsd-arm64 126ms (cache miss)
npm http fetch GET 200 https://npm.pkg.github.com/vltsandbox/@esbuild%2flinux-loong64 145ms (cache miss)
npm http fetch GET 200 https://npm.pkg.github.com/vltsandbox/@esbuild%2flinux-riscv64 119ms (cache miss)
npm http fetch GET 200 https://npm.pkg.github.com/vltsandbox/@esbuild%2fopenbsd-arm64 185ms (cache miss)
npm http fetch GET 200 https://npm.pkg.github.com/vltsandbox/@esbuild%2flinux-mips64el 154ms (cache miss)
npm http fetch GET 200 https://npm.pkg.github.com/vltsandbox/@esbuild%2fopenharmony-arm64 131ms (cache miss)
npm http fetch GET 200 https://npm.pkg.github.com/vltsandbox/nanoid 119ms (cache miss)
npm http fetch GET 200 https://npm.pkg.github.com/vltsandbox/source-map-js 115ms (cache miss)
npm http fetch GET 200 https://npm.pkg.github.com/vltsandbox/@rollup%2frollup-darwin-x64 163ms (cache miss)
npm http fetch GET 200 https://npm.pkg.github.com/vltsandbox/@rollup%2frollup-freebsd-x64 146ms (cache miss)
npm http fetch GET 200 https://npm.pkg.github.com/vltsandbox/@rollup%2frollup-openbsd-x64 123ms (cache miss)
npm http fetch GET 200 https://npm.pkg.github.com/vltsandbox/@napi-rs%2flzma-linux-x64-gnu 117ms (cache miss)
npm http fetch GET 200 https://npm.pkg.github.com/vltsandbox/@rollup%2frollup-darwin-arm64 126ms (cache miss)
npm http fetch GET 200 https://npm.pkg.github.com/vltsandbox/@rollup%2frollup-android-arm64 118ms (cache miss)
npm http fetch GET 200 https://npm.pkg.github.com/vltsandbox/@rollup%2frollup-freebsd-arm64 146ms (cache miss)
npm http fetch GET 200 https://npm.pkg.github.com/vltsandbox/@rollup%2frollup-win32-x64-gnu 135ms (cache miss)
npm http fetch GET 200 https://npm.pkg.github.com/vltsandbox/@rollup%2frollup-linux-x64-gnu 168ms (cache miss)
npm http fetch GET 200 https://npm.pkg.github.com/vltsandbox/@rollup%2frollup-linux-x64-musl 128ms (cache miss)
npm http fetch GET 200 https://npm.pkg.github.com/vltsandbox/@rollup%2frollup-win32-x64-msvc 162ms (cache miss)
npm http fetch GET 200 https://npm.pkg.github.com/vltsandbox/@rollup%2frollup-linux-arm64-gnu 140ms (cache miss)
npm http fetch GET 200 https://npm.pkg.github.com/vltsandbox/@rollup%2frollup-linux-ppc64-gnu 125ms (cache miss)
npm http fetch GET 200 https://npm.pkg.github.com/vltsandbox/@rollup%2frollup-linux-s390x-gnu 132ms (cache miss)
npm http fetch GET 200 https://npm.pkg.github.com/vltsandbox/@rollup%2frollup-win32-ia32-msvc 136ms (cache miss)
npm http fetch GET 200 https://npm.pkg.github.com/vltsandbox/@rollup%2frollup-android-arm-eabi 118ms (cache miss)
npm http fetch GET 200 https://npm.pkg.github.com/vltsandbox/@rollup%2frollup-linux-ppc64-musl 118ms (cache miss)
npm http fetch GET 200 https://npm.pkg.github.com/vltsandbox/@rollup%2frollup-linux-arm64-musl 131ms (cache miss)
npm http fetch GET 200 https://npm.pkg.github.com/vltsandbox/@rollup%2frollup-win32-arm64-msvc 122ms (cache miss)
npm http fetch GET 200 https://npm.pkg.github.com/vltsandbox/@rollup%2frollup-linux-loong64-gnu 133ms (cache miss)
npm http fetch GET 200 https://npm.pkg.github.com/vltsandbox/@rollup%2frollup-openharmony-arm64 127ms (cache miss)
npm http fetch GET 200 https://npm.pkg.github.com/vltsandbox/@rollup%2frollup-linux-riscv64-gnu 201ms (cache miss)
npm http fetch GET 200 https://npm.pkg.github.com/vltsandbox/@rollup%2frollup-linux-loong64-musl 124ms (cache miss)
npm http fetch GET 200 https://npm.pkg.github.com/vltsandbox/@rollup%2frollup-linux-riscv64-musl 114ms (cache miss)
npm http fetch GET 200 https://npm.pkg.github.com/vltsandbox/@rollup%2frollup-linux-arm-gnueabihf 128ms (cache miss)
npm http fetch GET 200 https://npm.pkg.github.com/vltsandbox/@rollup%2frollup-linux-arm-musleabihf 139ms (cache miss)
npm http fetch GET 200 https://registry.npmjs.com/picocolors/-/picocolors-1.1.1.tgz 299ms (cache miss)
npm http fetch GET 200 https://registry.npmjs.com/source-map-js/-/source-map-js-1.2.1.tgz 382ms (cache miss)
npm http fetch GET 200 https://registry.npmjs.com/tinyglobby/-/tinyglobby-0.2.17.tgz 392ms (cache miss)
npm http fetch GET 200 https://registry.npmjs.com/clsx/-/clsx-2.1.1.tgz 404ms (cache miss)
npm http fetch GET 200 https://registry.npmjs.com/is-reference/-/is-reference-3.0.3.tgz 410ms (cache miss)
npm http fetch GET 200 https://registry.npmjs.com/@jridgewell/resolve-uri/-/resolve-uri-3.1.2.tgz 427ms (cache miss)
npm http fetch GET 200 https://registry.npmjs.com/totalist/-/totalist-3.0.1.tgz 426ms (cache miss)
npm http fetch GET 200 https://registry.npmjs.com/readdirp/-/readdirp-4.1.2.tgz 437ms (cache miss)
npm http fetch GET 200 https://registry.npmjs.com/locate-character/-/locate-character-3.0.0.tgz 434ms (cache miss)
npm http fetch GET 200 https://registry.npmjs.com/mri/-/mri-1.2.0.tgz 438ms (cache miss)
npm http fetch GET 200 https://registry.npmjs.com/nanoid/-/nanoid-3.3.19.tgz 444ms (cache miss)
npm http fetch GET 200 https://registry.npmjs.com/fdir/-/fdir-6.5.0.tgz 443ms (cache miss)
npm http fetch GET 200 https://registry.npmjs.com/@polka/url/-/url-1.0.0-next.29.tgz 440ms (cache miss)
npm http fetch GET 200 https://registry.npmjs.com/ms/-/ms-2.1.3.tgz 455ms (cache miss)
npm http fetch GET 200 https://registry.npmjs.com/sade/-/sade-1.8.1.tgz 463ms (cache miss)
npm http fetch GET 200 https://registry.npmjs.com/@sveltejs/load-config/-/load-config-0.2.3.tgz 462ms (cache miss)
npm http fetch GET 200 https://registry.npmjs.com/zimmerframe/-/zimmerframe-1.1.5.tgz 465ms (cache miss)
npm http fetch GET 200 https://registry.npmjs.com/@types/estree/-/estree-1.0.9.tgz 465ms (cache miss)
npm http fetch GET 200 https://registry.npmjs.com/deepmerge/-/deepmerge-4.3.1.tgz 476ms (cache miss)
npm http fetch GET 200 https://registry.npmjs.com/sirv/-/sirv-3.0.2.tgz 481ms (cache miss)
npm http fetch GET 200 https://registry.npmjs.com/mrmime/-/mrmime-2.0.1.tgz 486ms (cache miss)
npm http fetch GET 200 https://registry.npmjs.com/esm-env/-/esm-env-1.2.2.tgz 494ms (cache miss)
npm http fetch GET 200 https://registry.npmjs.com/set-cookie-parser/-/set-cookie-parser-3.1.2.tgz 510ms (cache miss)
npm http fetch GET 200 https://registry.npmjs.com/@standard-schema/spec/-/spec-1.1.0.tgz 509ms (cache miss)
npm http fetch GET 200 https://registry.npmjs.com/kleur/-/kleur-4.1.5.tgz 513ms (cache miss)
npm http fetch GET 200 https://registry.npmjs.com/cookie/-/cookie-0.6.0.tgz 516ms (cache miss)
npm http fetch GET 200 https://registry.npmjs.com/@types/cookie/-/cookie-0.6.0.tgz 517ms (cache miss)
npm http fetch GET 200 https://registry.npmjs.com/picomatch/-/picomatch-4.0.7.tgz 537ms (cache miss)
npm http fetch GET 200 https://registry.npmjs.com/vitefu/-/vitefu-1.1.3.tgz 531ms (cache miss)
npm http fetch GET 200 https://registry.npmjs.com/debug/-/debug-4.4.3.tgz 535ms (cache miss)
npm http fetch GET 200 https://registry.npmjs.com/esbuild/-/esbuild-0.25.12.tgz 542ms (cache miss)
npm http fetch GET 200 https://registry.npmjs.com/chokidar/-/chokidar-4.0.3.tgz 544ms (cache miss)
npm http fetch GET 200 https://registry.npmjs.com/@sveltejs/adapter-auto/-/adapter-auto-3.3.1.tgz 553ms (cache miss)
npm http fetch GET 200 https://registry.npmjs.com/@sveltejs/vite-plugin-svelte-inspector/-/vite-plugin-svelte-inspector-4.0.1.tgz 567ms (cache miss)
npm http fetch GET 200 https://registry.npmjs.com/@neoconfetti/svelte/-/svelte-2.2.2.tgz 568ms (cache miss)
npm http fetch GET 200 https://registry.npmjs.com/magic-string/-/magic-string-0.30.21.tgz 583ms (cache miss)
npm http fetch GET 200 https://registry.npmjs.com/import-meta-resolve/-/import-meta-resolve-4.2.0.tgz 603ms (cache miss)
npm http fetch GET 200 https://registry.npmjs.com/devalue/-/devalue-5.9.4.tgz 605ms (cache miss)
npm http fetch GET 200 https://registry.npmjs.com/@jridgewell/gen-mapping/-/gen-mapping-0.3.13.tgz 618ms (cache miss)
npm http fetch GET 200 https://registry.npmjs.com/@jridgewell/remapping/-/remapping-2.3.5.tgz 619ms (cache miss)
npm http fetch GET 200 https://registry.npmjs.com/acorn/-/acorn-8.18.0.tgz 627ms (cache miss)
npm http fetch GET 200 https://registry.npmjs.com/@jridgewell/sourcemap-codec/-/sourcemap-codec-1.6.0.tgz 636ms (cache miss)
npm http fetch GET 200 https://registry.npmjs.com/esrap/-/esrap-2.4.0.tgz 676ms (cache miss)
npm http fetch GET 200 https://registry.npmjs.com/@rollup/rollup-linux-arm64-gnu/-/rollup-linux-arm64-gnu-4.63.5.tgz 693ms (cache miss)
npm http fetch GET 200 https://registry.npmjs.com/postcss/-/postcss-8.5.28.tgz 706ms (cache miss)
npm http fetch GET 200 https://registry.npmjs.com/@jridgewell/trace-mapping/-/trace-mapping-0.3.31.tgz 704ms (cache miss)
npm http fetch GET 200 https://registry.npmjs.com/@sveltejs/acorn-typescript/-/acorn-typescript-1.0.13.tgz 701ms (cache miss)
npm http fetch GET 200 https://registry.npmjs.com/@sveltejs/vite-plugin-svelte/-/vite-plugin-svelte-5.1.1.tgz 705ms (cache miss)
npm http fetch GET 200 https://registry.npmjs.com/@fontsource/fira-mono/-/fira-mono-5.3.0.tgz 745ms (cache miss)
npm http fetch GET 200 https://registry.npmjs.com/rollup/-/rollup-4.63.5.tgz 770ms (cache miss)
npm http fetch GET 200 https://registry.npmjs.com/vite/-/vite-6.4.3.tgz 781ms (cache miss)
npm http fetch GET 200 https://registry.npmjs.com/svelte-check/-/svelte-check-4.7.6.tgz 799ms (cache miss)
npm http fetch GET 200 https://registry.npmjs.com/@esbuild/linux-arm64/-/linux-arm64-0.25.12.tgz 878ms (cache miss)
npm http fetch GET 200 https://registry.npmjs.com/axobject-query/-/axobject-query-4.1.0.tgz 898ms (cache miss)
npm http fetch GET 200 https://registry.npmjs.com/aria-query/-/aria-query-5.3.1.tgz 963ms (cache miss)
npm http fetch GET 200 https://registry.npmjs.com/@sveltejs/kit/-/kit-2.70.3.tgz 981ms (cache miss)
npm http fetch GET 200 https://registry.npmjs.com/typescript/-/typescript-5.9.3.tgz 1020ms (cache miss)
npm http fetch GET 200 https://registry.npmjs.com/svelte/-/svelte-5.57.1.tgz 1110ms (cache miss)

added 58 packages in 10s
