npm http fetch GET 200 https://vltoss.jfrog.io/artifactory/api/npm/benchmark-npm-remote/@fontsource%2ffira-mono 300ms (cache miss)
npm http fetch GET 200 https://vltoss.jfrog.io/artifactory/api/npm/benchmark-npm-remote/@neoconfetti%2fsvelte 54ms (cache miss)
npm http fetch GET 200 https://vltoss.jfrog.io/artifactory/api/npm/benchmark-npm-remote/svelte 472ms (cache miss)
npm http fetch GET 200 https://vltoss.jfrog.io/artifactory/api/npm/benchmark-npm-remote/@sveltejs%2fadapter-auto 75ms (cache miss)
npm http fetch GET 200 https://vltoss.jfrog.io/artifactory/api/npm/benchmark-npm-remote/@sveltejs%2fkit 231ms (cache miss)
npm http fetch GET 200 https://vltoss.jfrog.io/artifactory/api/npm/benchmark-npm-remote/@sveltejs%2fvite-plugin-svelte 74ms (cache miss)
npm http fetch GET 200 https://vltoss.jfrog.io/artifactory/api/npm/benchmark-npm-remote/vite 1255ms (cache miss)
npm http fetch GET 200 https://vltoss.jfrog.io/artifactory/api/npm/benchmark-npm-remote/typescript 584ms (cache miss)
npm http fetch GET 200 https://vltoss.jfrog.io/artifactory/api/npm/benchmark-npm-remote/svelte-check 87ms (cache miss)
npm http fetch GET 200 https://vltoss.jfrog.io/artifactory/api/npm/benchmark-npm-remote/clsx 58ms (cache miss)
npm http fetch GET 200 https://vltoss.jfrog.io/artifactory/api/npm/benchmark-npm-remote/devalue 58ms (cache miss)
npm http fetch GET 200 https://vltoss.jfrog.io/artifactory/api/npm/benchmark-npm-remote/esm-env 56ms (cache miss)
npm http fetch GET 200 https://vltoss.jfrog.io/artifactory/api/npm/benchmark-npm-remote/esrap 216ms (cache miss)
npm http fetch GET 200 https://vltoss.jfrog.io/artifactory/api/npm/benchmark-npm-remote/aria-query 57ms (cache miss)
npm http fetch GET 200 https://vltoss.jfrog.io/artifactory/api/npm/benchmark-npm-remote/zimmerframe 50ms (cache miss)
npm http fetch GET 200 https://vltoss.jfrog.io/artifactory/api/npm/benchmark-npm-remote/is-reference 55ms (cache miss)
npm http fetch GET 200 https://vltoss.jfrog.io/artifactory/api/npm/benchmark-npm-remote/acorn 340ms (cache miss)
npm http fetch GET 200 https://vltoss.jfrog.io/artifactory/api/npm/benchmark-npm-remote/@types%2festree 65ms (cache miss)
npm http fetch GET 200 https://vltoss.jfrog.io/artifactory/api/npm/benchmark-npm-remote/magic-string 102ms (cache miss)
npm http fetch GET 200 https://vltoss.jfrog.io/artifactory/api/npm/benchmark-npm-remote/axobject-query 61ms (cache miss)
npm http fetch GET 200 https://vltoss.jfrog.io/artifactory/api/npm/benchmark-npm-remote/locate-character 55ms (cache miss)
npm http fetch GET 200 https://vltoss.jfrog.io/artifactory/api/npm/benchmark-npm-remote/@jridgewell%2fremapping 47ms (cache miss)
npm http fetch GET 200 https://vltoss.jfrog.io/artifactory/api/npm/benchmark-npm-remote/@sveltejs%2facorn-typescript 68ms (cache miss)
npm http fetch GET 200 https://vltoss.jfrog.io/artifactory/api/npm/benchmark-npm-remote/@jridgewell%2fsourcemap-codec 62ms (cache miss)
npm http fetch GET 200 https://vltoss.jfrog.io/artifactory/api/npm/benchmark-npm-remote/import-meta-resolve 55ms (cache miss)
npm http fetch GET 200 https://vltoss.jfrog.io/artifactory/api/npm/benchmark-npm-remote/kleur 49ms (cache miss)
npm http fetch GET 200 https://vltoss.jfrog.io/artifactory/api/npm/benchmark-npm-remote/acorn 60ms (cache revalidated)
npm http fetch GET 200 https://vltoss.jfrog.io/artifactory/api/npm/benchmark-npm-remote/sirv 70ms (cache miss)
npm http fetch GET 200 https://vltoss.jfrog.io/artifactory/api/npm/benchmark-npm-remote/cookie 49ms (cache miss)
npm http fetch GET 200 https://vltoss.jfrog.io/artifactory/api/npm/benchmark-npm-remote/mrmime 52ms (cache miss)
npm http fetch GET 200 https://vltoss.jfrog.io/artifactory/api/npm/benchmark-npm-remote/devalue 56ms (cache revalidated)
npm http fetch GET 200 https://vltoss.jfrog.io/artifactory/api/npm/benchmark-npm-remote/esm-env 44ms (cache revalidated)
npm http fetch GET 200 https://vltoss.jfrog.io/artifactory/api/npm/benchmark-npm-remote/magic-string 51ms (cache revalidated)
npm http fetch GET 200 https://vltoss.jfrog.io/artifactory/api/npm/benchmark-npm-remote/@types%2fcookie 61ms (cache miss)
npm http fetch GET 200 https://vltoss.jfrog.io/artifactory/api/npm/benchmark-npm-remote/set-cookie-parser 48ms (cache miss)
npm http fetch GET 200 https://vltoss.jfrog.io/artifactory/api/npm/benchmark-npm-remote/@standard-schema%2fspec 52ms (cache miss)
npm http fetch GET 200 https://vltoss.jfrog.io/artifactory/api/npm/benchmark-npm-remote/@sveltejs%2facorn-typescript 56ms (cache revalidated)
npm http fetch GET 200 https://vltoss.jfrog.io/artifactory/api/npm/benchmark-npm-remote/debug 56ms (cache miss)
npm http fetch GET 200 https://vltoss.jfrog.io/artifactory/api/npm/benchmark-npm-remote/vitefu 53ms (cache miss)
npm http fetch GET 200 https://vltoss.jfrog.io/artifactory/api/npm/benchmark-npm-remote/@sveltejs%2fvite-plugin-svelte-inspector 49ms (cache miss)
npm http fetch GET 200 https://vltoss.jfrog.io/artifactory/api/npm/benchmark-npm-remote/deepmerge 66ms (cache miss)
npm http fetch GET 200 https://vltoss.jfrog.io/artifactory/api/npm/benchmark-npm-remote/fdir 57ms (cache miss)
npm http fetch GET 200 https://vltoss.jfrog.io/artifactory/api/npm/benchmark-npm-remote/postcss 98ms (cache miss)
npm http fetch GET 200 https://vltoss.jfrog.io/artifactory/api/npm/benchmark-npm-remote/picomatch 71ms (cache miss)
npm http fetch GET 200 https://vltoss.jfrog.io/artifactory/api/npm/benchmark-npm-remote/esbuild 228ms (cache miss)
npm http fetch GET 200 https://vltoss.jfrog.io/artifactory/api/npm/benchmark-npm-remote/tinyglobby 57ms (cache miss)
npm http fetch GET 200 https://vltoss.jfrog.io/artifactory/api/npm/benchmark-npm-remote/fdir 82ms (cache revalidated)
npm http fetch GET 200 https://vltoss.jfrog.io/artifactory/api/npm/benchmark-npm-remote/fsevents 117ms (cache miss)
npm http fetch GET 200 https://vltoss.jfrog.io/artifactory/api/npm/benchmark-npm-remote/rollup 396ms (cache miss)
npm http fetch GET 200 https://vltoss.jfrog.io/artifactory/api/npm/benchmark-npm-remote/sade 80ms (cache miss)
npm http fetch GET 200 https://vltoss.jfrog.io/artifactory/api/npm/benchmark-npm-remote/chokidar 74ms (cache miss)
npm http fetch GET 200 https://vltoss.jfrog.io/artifactory/api/npm/benchmark-npm-remote/picocolors 48ms (cache miss)
npm http fetch GET 200 https://vltoss.jfrog.io/artifactory/api/npm/benchmark-npm-remote/@sveltejs%2fload-config 60ms (cache miss)
npm http fetch GET 200 https://vltoss.jfrog.io/artifactory/api/npm/benchmark-npm-remote/@jridgewell%2ftrace-mapping 57ms (cache miss)
npm http fetch GET 200 https://vltoss.jfrog.io/artifactory/api/npm/benchmark-npm-remote/@polka%2furl 47ms (cache miss)
npm http fetch GET 200 https://vltoss.jfrog.io/artifactory/api/npm/benchmark-npm-remote/@jridgewell%2fsourcemap-codec 53ms (cache revalidated)
npm http fetch GET 200 https://vltoss.jfrog.io/artifactory/api/npm/benchmark-npm-remote/totalist 58ms (cache miss)
npm http fetch GET 200 https://vltoss.jfrog.io/artifactory/api/npm/benchmark-npm-remote/debug 52ms (cache revalidated)
npm http fetch GET 200 https://vltoss.jfrog.io/artifactory/api/npm/benchmark-npm-remote/ms 55ms (cache miss)
npm http fetch GET 200 https://vltoss.jfrog.io/artifactory/api/npm/benchmark-npm-remote/@jridgewell%2ftrace-mapping 55ms (cache revalidated)
npm http fetch GET 200 https://vltoss.jfrog.io/artifactory/api/npm/benchmark-npm-remote/@jridgewell%2fgen-mapping 59ms (cache miss)
npm http fetch GET 200 https://vltoss.jfrog.io/artifactory/api/npm/benchmark-npm-remote/@jridgewell%2fresolve-uri 50ms (cache miss)
npm http fetch GET 200 https://vltoss.jfrog.io/artifactory/api/npm/benchmark-npm-remote/mri 59ms (cache miss)
npm http fetch GET 200 https://vltoss.jfrog.io/artifactory/api/npm/benchmark-npm-remote/readdirp 63ms (cache miss)
npm http fetch GET 200 https://vltoss.jfrog.io/artifactory/api/npm/benchmark-npm-remote/@esbuild%2faix-ppc64 49ms (cache miss)
npm http fetch GET 200 https://vltoss.jfrog.io/artifactory/api/npm/benchmark-npm-remote/@esbuild%2flinux-x64 60ms (cache miss)
npm http fetch GET 200 https://vltoss.jfrog.io/artifactory/api/npm/benchmark-npm-remote/@esbuild%2flinux-arm 67ms (cache miss)
npm http fetch GET 200 https://vltoss.jfrog.io/artifactory/api/npm/benchmark-npm-remote/@esbuild%2fsunos-x64 49ms (cache miss)
npm http fetch GET 200 https://vltoss.jfrog.io/artifactory/api/npm/benchmark-npm-remote/@esbuild%2fwin32-x64 58ms (cache miss)
npm http fetch GET 200 https://vltoss.jfrog.io/artifactory/api/npm/benchmark-npm-remote/@esbuild%2fdarwin-x64 62ms (cache miss)
npm http fetch GET 200 https://vltoss.jfrog.io/artifactory/api/npm/benchmark-npm-remote/@esbuild%2flinux-ia32 53ms (cache miss)
npm http fetch GET 200 https://vltoss.jfrog.io/artifactory/api/npm/benchmark-npm-remote/@esbuild%2fnetbsd-x64 57ms (cache miss)
npm http fetch GET 200 https://vltoss.jfrog.io/artifactory/api/npm/benchmark-npm-remote/@esbuild%2fwin32-ia32 65ms (cache miss)
npm http fetch GET 200 https://vltoss.jfrog.io/artifactory/api/npm/benchmark-npm-remote/@esbuild%2fandroid-arm 58ms (cache miss)
npm http fetch GET 200 https://vltoss.jfrog.io/artifactory/api/npm/benchmark-npm-remote/@esbuild%2fandroid-x64 58ms (cache miss)
npm http fetch GET 200 https://vltoss.jfrog.io/artifactory/api/npm/benchmark-npm-remote/@esbuild%2ffreebsd-x64 64ms (cache miss)
npm http fetch GET 200 https://vltoss.jfrog.io/artifactory/api/npm/benchmark-npm-remote/@esbuild%2flinux-arm64 52ms (cache miss)
npm http fetch GET 200 https://vltoss.jfrog.io/artifactory/api/npm/benchmark-npm-remote/@esbuild%2flinux-ppc64 58ms (cache miss)
npm http fetch GET 200 https://vltoss.jfrog.io/artifactory/api/npm/benchmark-npm-remote/@esbuild%2fopenbsd-x64 50ms (cache miss)
npm http fetch GET 200 https://vltoss.jfrog.io/artifactory/api/npm/benchmark-npm-remote/@esbuild%2flinux-s390x 63ms (cache miss)
npm http fetch GET 200 https://vltoss.jfrog.io/artifactory/api/npm/benchmark-npm-remote/@esbuild%2fwin32-arm64 59ms (cache miss)
npm http fetch GET 200 https://vltoss.jfrog.io/artifactory/api/npm/benchmark-npm-remote/@esbuild%2fdarwin-arm64 51ms (cache miss)
npm http fetch GET 200 https://vltoss.jfrog.io/artifactory/api/npm/benchmark-npm-remote/@esbuild%2fnetbsd-arm64 59ms (cache miss)
npm http fetch GET 200 https://vltoss.jfrog.io/artifactory/api/npm/benchmark-npm-remote/@esbuild%2ffreebsd-arm64 53ms (cache miss)
npm http fetch GET 200 https://vltoss.jfrog.io/artifactory/api/npm/benchmark-npm-remote/@esbuild%2fandroid-arm64 66ms (cache miss)
npm http fetch GET 200 https://vltoss.jfrog.io/artifactory/api/npm/benchmark-npm-remote/@esbuild%2flinux-loong64 66ms (cache miss)
npm http fetch GET 200 https://vltoss.jfrog.io/artifactory/api/npm/benchmark-npm-remote/@esbuild%2flinux-riscv64 54ms (cache miss)
npm http fetch GET 200 https://vltoss.jfrog.io/artifactory/api/npm/benchmark-npm-remote/@esbuild%2fopenbsd-arm64 56ms (cache miss)
npm http fetch GET 200 https://vltoss.jfrog.io/artifactory/api/npm/benchmark-npm-remote/@esbuild%2flinux-mips64el 64ms (cache miss)
npm http fetch GET 200 https://vltoss.jfrog.io/artifactory/api/npm/benchmark-npm-remote/@esbuild%2fopenharmony-arm64 45ms (cache miss)
npm http fetch GET 200 https://vltoss.jfrog.io/artifactory/api/npm/benchmark-npm-remote/nanoid 64ms (cache miss)
npm http fetch GET 200 https://vltoss.jfrog.io/artifactory/api/npm/benchmark-npm-remote/source-map-js 58ms (cache miss)
npm http fetch GET 200 https://vltoss.jfrog.io/artifactory/api/npm/benchmark-npm-remote/@rollup%2frollup-darwin-x64 59ms (cache miss)
npm http fetch GET 200 https://vltoss.jfrog.io/artifactory/api/npm/benchmark-npm-remote/@rollup%2frollup-freebsd-x64 63ms (cache miss)
npm http fetch GET 200 https://vltoss.jfrog.io/artifactory/api/npm/benchmark-npm-remote/@napi-rs%2flzma-linux-x64-gnu 50ms (cache miss)
npm http fetch GET 200 https://vltoss.jfrog.io/artifactory/api/npm/benchmark-npm-remote/@rollup%2frollup-openbsd-x64 63ms (cache miss)
npm http fetch GET 200 https://vltoss.jfrog.io/artifactory/api/npm/benchmark-npm-remote/@rollup%2frollup-darwin-arm64 64ms (cache miss)
npm http fetch GET 200 https://vltoss.jfrog.io/artifactory/api/npm/benchmark-npm-remote/@rollup%2frollup-android-arm64 71ms (cache miss)
npm http fetch GET 200 https://vltoss.jfrog.io/artifactory/api/npm/benchmark-npm-remote/@rollup%2frollup-freebsd-arm64 74ms (cache miss)
npm http fetch GET 200 https://vltoss.jfrog.io/artifactory/api/npm/benchmark-npm-remote/@rollup%2frollup-linux-x64-gnu 64ms (cache miss)
npm http fetch GET 200 https://vltoss.jfrog.io/artifactory/api/npm/benchmark-npm-remote/@rollup%2frollup-win32-x64-gnu 49ms (cache miss)
npm http fetch GET 200 https://vltoss.jfrog.io/artifactory/api/npm/benchmark-npm-remote/@rollup%2frollup-linux-x64-musl 70ms (cache miss)
npm http fetch GET 200 https://vltoss.jfrog.io/artifactory/api/npm/benchmark-npm-remote/@rollup%2frollup-win32-x64-msvc 67ms (cache miss)
npm http fetch GET 200 https://vltoss.jfrog.io/artifactory/api/npm/benchmark-npm-remote/@rollup%2frollup-linux-arm64-gnu 61ms (cache miss)
npm http fetch GET 200 https://vltoss.jfrog.io/artifactory/api/npm/benchmark-npm-remote/@rollup%2frollup-linux-ppc64-gnu 61ms (cache miss)
npm http fetch GET 200 https://vltoss.jfrog.io/artifactory/api/npm/benchmark-npm-remote/@rollup%2frollup-linux-s390x-gnu 66ms (cache miss)
npm http fetch GET 200 https://vltoss.jfrog.io/artifactory/api/npm/benchmark-npm-remote/@rollup%2frollup-win32-ia32-msvc 61ms (cache miss)
npm http fetch GET 200 https://vltoss.jfrog.io/artifactory/api/npm/benchmark-npm-remote/@rollup%2frollup-android-arm-eabi 74ms (cache miss)
npm http fetch GET 200 https://vltoss.jfrog.io/artifactory/api/npm/benchmark-npm-remote/@rollup%2frollup-linux-ppc64-musl 46ms (cache miss)
npm http fetch GET 200 https://vltoss.jfrog.io/artifactory/api/npm/benchmark-npm-remote/@rollup%2frollup-linux-arm64-musl 69ms (cache miss)
npm http fetch GET 200 https://vltoss.jfrog.io/artifactory/api/npm/benchmark-npm-remote/@rollup%2frollup-linux-loong64-gnu 46ms (cache miss)
npm http fetch GET 200 https://vltoss.jfrog.io/artifactory/api/npm/benchmark-npm-remote/@rollup%2frollup-win32-arm64-msvc 67ms (cache miss)
npm http fetch GET 200 https://vltoss.jfrog.io/artifactory/api/npm/benchmark-npm-remote/@rollup%2frollup-linux-riscv64-gnu 64ms (cache miss)
npm http fetch GET 200 https://vltoss.jfrog.io/artifactory/api/npm/benchmark-npm-remote/@rollup%2frollup-openharmony-arm64 49ms (cache miss)
npm http fetch GET 200 https://vltoss.jfrog.io/artifactory/api/npm/benchmark-npm-remote/@rollup%2frollup-linux-loong64-musl 59ms (cache miss)
npm http fetch GET 200 https://vltoss.jfrog.io/artifactory/api/npm/benchmark-npm-remote/@rollup%2frollup-linux-riscv64-musl 58ms (cache miss)
npm http fetch GET 200 https://vltoss.jfrog.io/artifactory/api/npm/benchmark-npm-remote/@rollup%2frollup-linux-arm-gnueabihf 57ms (cache miss)
npm http fetch GET 200 https://vltoss.jfrog.io/artifactory/api/npm/benchmark-npm-remote/@rollup%2frollup-linux-arm-musleabihf 65ms (cache miss)
npm http fetch GET 200 https://vltoss.jfrog.io/artifactory/api/npm/benchmark-npm-remote/nanoid/-/nanoid-3.3.19.tgz 86ms (cache miss)
npm http fetch GET 200 https://vltoss.jfrog.io/artifactory/api/npm/benchmark-npm-remote/source-map-js/-/source-map-js-1.2.2.tgz 95ms (cache miss)
npm http fetch GET 200 https://vltoss.jfrog.io/artifactory/api/npm/benchmark-npm-remote/@sveltejs/load-config/-/load-config-0.2.3.tgz 106ms (cache miss)
npm http fetch GET 200 https://vltoss.jfrog.io/artifactory/api/npm/benchmark-npm-remote/@jridgewell/resolve-uri/-/resolve-uri-3.1.2.tgz 118ms (cache miss)
npm http fetch GET 200 https://vltoss.jfrog.io/artifactory/api/npm/benchmark-npm-remote/@jridgewell/trace-mapping/-/trace-mapping-0.3.31.tgz 138ms (cache miss)
npm http fetch GET 200 https://vltoss.jfrog.io/artifactory/api/npm/benchmark-npm-remote/picocolors/-/picocolors-1.1.1.tgz 156ms (cache miss)
npm http fetch GET 200 https://vltoss.jfrog.io/artifactory/api/npm/benchmark-npm-remote/zimmerframe/-/zimmerframe-1.1.5.tgz 180ms (cache miss)
npm http fetch GET 200 https://vltoss.jfrog.io/artifactory/api/npm/benchmark-npm-remote/locate-character/-/locate-character-3.0.0.tgz 188ms (cache miss)
npm http fetch GET 200 https://vltoss.jfrog.io/artifactory/api/npm/benchmark-npm-remote/mri/-/mri-1.2.0.tgz 192ms (cache miss)
npm http fetch GET 200 https://vltoss.jfrog.io/artifactory/api/npm/benchmark-npm-remote/@jridgewell/gen-mapping/-/gen-mapping-0.3.13.tgz 206ms (cache miss)
npm http fetch GET 200 https://vltoss.jfrog.io/artifactory/api/npm/benchmark-npm-remote/sade/-/sade-1.8.1.tgz 209ms (cache miss)
npm http fetch GET 200 https://vltoss.jfrog.io/artifactory/api/npm/benchmark-npm-remote/is-reference/-/is-reference-3.0.3.tgz 210ms (cache miss)
npm http fetch GET 200 https://vltoss.jfrog.io/artifactory/api/npm/benchmark-npm-remote/readdirp/-/readdirp-4.1.2.tgz 214ms (cache miss)
npm http fetch GET 200 https://vltoss.jfrog.io/artifactory/api/npm/benchmark-npm-remote/clsx/-/clsx-2.1.1.tgz 212ms (cache miss)
npm http fetch GET 200 https://vltoss.jfrog.io/artifactory/api/npm/benchmark-npm-remote/picomatch/-/picomatch-4.0.7.tgz 250ms (cache miss)
npm http fetch GET 200 https://vltoss.jfrog.io/artifactory/api/npm/benchmark-npm-remote/fdir/-/fdir-6.5.0.tgz 255ms (cache miss)
npm http fetch GET 200 https://vltoss.jfrog.io/artifactory/api/npm/benchmark-npm-remote/esbuild/-/esbuild-0.25.12.tgz 257ms (cache miss)
npm http fetch GET 200 https://vltoss.jfrog.io/artifactory/api/npm/benchmark-npm-remote/chokidar/-/chokidar-4.0.3.tgz 263ms (cache miss)
npm http fetch GET 200 https://vltoss.jfrog.io/artifactory/api/npm/benchmark-npm-remote/@polka/url/-/url-1.0.0-next.29.tgz 270ms (cache miss)
npm http fetch GET 200 https://vltoss.jfrog.io/artifactory/api/npm/benchmark-npm-remote/ms/-/ms-2.1.3.tgz 274ms (cache miss)
npm http fetch GET 200 https://vltoss.jfrog.io/artifactory/api/npm/benchmark-npm-remote/totalist/-/totalist-3.0.1.tgz 277ms (cache miss)
npm http fetch GET 200 https://vltoss.jfrog.io/artifactory/api/npm/benchmark-npm-remote/tinyglobby/-/tinyglobby-0.2.17.tgz 285ms (cache miss)
npm http fetch GET 200 https://vltoss.jfrog.io/artifactory/api/npm/benchmark-npm-remote/deepmerge/-/deepmerge-4.3.1.tgz 302ms (cache miss)
npm http fetch GET 200 https://vltoss.jfrog.io/artifactory/api/npm/benchmark-npm-remote/vitefu/-/vitefu-1.1.3.tgz 310ms (cache miss)
npm http fetch GET 200 https://vltoss.jfrog.io/artifactory/api/npm/benchmark-npm-remote/sirv/-/sirv-3.0.2.tgz 317ms (cache miss)
npm http fetch GET 200 https://vltoss.jfrog.io/artifactory/api/npm/benchmark-npm-remote/mrmime/-/mrmime-2.0.1.tgz 320ms (cache miss)
npm http fetch GET 200 https://vltoss.jfrog.io/artifactory/api/npm/benchmark-npm-remote/set-cookie-parser/-/set-cookie-parser-3.1.2.tgz 337ms (cache miss)
npm http fetch GET 200 https://vltoss.jfrog.io/artifactory/api/npm/benchmark-npm-remote/kleur/-/kleur-4.1.5.tgz 341ms (cache miss)
npm http fetch GET 200 https://vltoss.jfrog.io/artifactory/api/npm/benchmark-npm-remote/@types/cookie/-/cookie-0.6.0.tgz 341ms (cache miss)
npm http fetch GET 200 https://vltoss.jfrog.io/artifactory/api/npm/benchmark-npm-remote/debug/-/debug-4.4.3.tgz 346ms (cache miss)
npm http fetch GET 200 https://vltoss.jfrog.io/artifactory/api/npm/benchmark-npm-remote/esm-env/-/esm-env-1.2.2.tgz 345ms (cache miss)
npm http fetch GET 200 https://vltoss.jfrog.io/artifactory/api/npm/benchmark-npm-remote/@standard-schema/spec/-/spec-1.1.0.tgz 355ms (cache miss)
npm http fetch GET 200 https://vltoss.jfrog.io/artifactory/api/npm/benchmark-npm-remote/@sveltejs/vite-plugin-svelte-inspector/-/vite-plugin-svelte-inspector-4.0.1.tgz 363ms (cache miss)
npm http fetch GET 200 https://vltoss.jfrog.io/artifactory/api/npm/benchmark-npm-remote/cookie/-/cookie-0.6.0.tgz 365ms (cache miss)
npm http fetch GET 200 https://vltoss.jfrog.io/artifactory/api/npm/benchmark-npm-remote/@sveltejs/adapter-auto/-/adapter-auto-3.3.1.tgz 365ms (cache miss)
npm http fetch GET 200 https://vltoss.jfrog.io/artifactory/api/npm/benchmark-npm-remote/@neoconfetti/svelte/-/svelte-2.2.2.tgz 381ms (cache miss)
npm http fetch GET 200 https://vltoss.jfrog.io/artifactory/api/npm/benchmark-npm-remote/@types/estree/-/estree-1.0.9.tgz 391ms (cache miss)
npm http fetch GET 200 https://vltoss.jfrog.io/artifactory/api/npm/benchmark-npm-remote/@jridgewell/remapping/-/remapping-2.3.5.tgz 397ms (cache miss)
npm http fetch GET 200 https://vltoss.jfrog.io/artifactory/api/npm/benchmark-npm-remote/@sveltejs/acorn-typescript/-/acorn-typescript-1.0.13.tgz 396ms (cache miss)
npm http fetch GET 200 https://vltoss.jfrog.io/artifactory/api/npm/benchmark-npm-remote/@jridgewell/sourcemap-codec/-/sourcemap-codec-1.6.0.tgz 414ms (cache miss)
npm http fetch GET 200 https://vltoss.jfrog.io/artifactory/api/npm/benchmark-npm-remote/postcss/-/postcss-8.5.28.tgz 421ms (cache miss)
npm http fetch GET 200 https://vltoss.jfrog.io/artifactory/api/npm/benchmark-npm-remote/devalue/-/devalue-5.9.4.tgz 415ms (cache miss)
npm http fetch GET 200 https://vltoss.jfrog.io/artifactory/api/npm/benchmark-npm-remote/import-meta-resolve/-/import-meta-resolve-4.2.0.tgz 416ms (cache miss)
npm http fetch GET 200 https://vltoss.jfrog.io/artifactory/api/npm/benchmark-npm-remote/esrap/-/esrap-2.4.0.tgz 429ms (cache miss)
npm http fetch GET 200 https://vltoss.jfrog.io/artifactory/api/npm/benchmark-npm-remote/magic-string/-/magic-string-0.30.21.tgz 432ms (cache miss)
npm http fetch GET 200 https://vltoss.jfrog.io/artifactory/api/npm/benchmark-npm-remote/acorn/-/acorn-8.18.0.tgz 437ms (cache miss)
npm http fetch GET 200 https://vltoss.jfrog.io/artifactory/api/npm/benchmark-npm-remote/@sveltejs/vite-plugin-svelte/-/vite-plugin-svelte-5.1.1.tgz 458ms (cache miss)
npm http fetch GET 200 https://jfrog-prod-use2-shared-ohio-main.s3.amazonaws.com/aol-a0eigilwc24ii/filestore/3a/3a003154b9172d04499c5cfad12592d6efe3b1cc?response-content-disposition=attachment%3Bfilename%3D%22rollup-4.64.0.tgz%22&response-content-type=application%2Fx-gzip&X-Artifactory-username=darcy%40vlt.sh&X-Artifactory-repoType=local&X-Artifactory-repositoryKey=benchmark-npm-remote-cache&X-Artifactory-originPackageType=npm&X-Artifactory-packageType=npm&X-Artifactory-artifactPath=rollup%2F-%2Frollup-4.64.0.tgz&X-Artifactory-originProjectKey=benchmark&X-Artifactory-projectKey=benchmark&X-Artifactory-originRepoType=remote&X-Artifactory-originRepositoryKey=benchmark-npm-remote&x-jf-traceId=7ffa2550edb66d4583a7251d7b13eff8&X-Amz-Security-Token=IQoJb3JpZ2luX2VjEPz%2F%2F%2F%2F%2F%2F%2F%2F%2F%2FwEaCXVzLWVhc3QtMiJGMEQCIBNskANHS9bLatTXMJIN9Tb9uIUYv3BOzkUxN0tGXAqrAiAaUMdJlPQ18ehOmrwmRSbQslA7HKa0XqzEivqawRk0zyqbBQjF%2F%2F%2F%2F%2F%2F%2F%2F%2F%2F8BEAAaDDcyMTg4MjYxMzAzNyIMnXaxD3wlvY9gbCk9Ku8EyWDJJmIhnKw1vupfWf4ypD9cXCuYUxs3YzTkLMKJEuN303kC7RWrjJONO72CVcze72HnuwLRFhJ1FB6KxUMs%2FL5vZl15P0lHRBgIxNJdfiA6XfMjrnuZ7PhkjY08pgnOhjqZxnpS3DDEIbfoD2lCTSQANuJ8cMuFXY4IgnUFJ%2Bdl6pxLh87yerwng8ZDM6%2BHcFR7yyNFy7fQDrjf%2FwfFMBrr8asK7VixNuplmj9fA6V20aywQP8kuShxv%2FU%2FIwAO1rUFPChFqeQu3p7ytnDkpG5VSy8hZQGNjj9qbwT%2FUbU4WV8tGVgqBhwkJK%2FI6w%2FLHVmzKQ4%2BxM8z0qJPX2v0gq8EPpTXT5ZZCLDwUJbvGM7MfiRKoTPcp5QwWlZgILzegQAfTRA%2BkSQGsXnRocxlpYPruHmxTQ4%2Bvdf%2B9dRRkYoarbYi4%2Bk0rpGFywAZM6lvUK0lj2ZBSvEo7ADoUxAOPN6n7rqhn5Zx6Lb%2BgHD5kyYAqWly9gKVD3btKEb0BE2BIlXdqAuLj%2BGx0SmaxMTjASBLI3ImWf5UuWCkoeX%2F6wNo0qdujAUNHzZ3fxYokKr%2Fq6IZuIWeEbiaB4ZaNb38%2BJmipfl2B8PX6av1la9qyWL1wS%2FaEpFIGM5sWUPue1UnJSALQln%2Fhv9pBw5ZUHeT3EfAss0VHTNCSJZiADi%2Bi%2F6WxnqFxt3G%2BMsS9nIM54ohbJn86kuQvod1ViqUTpVRvyt7l28g8UQd%2Bccro5rf3RzRFcF9z%2F32IhXG5JcY1gXOe1xKc%2BWT07Zfv6UtZZun4c6Vup2oPFN44ZxC52GAObSHr2Di9kR7rZCh0adAPbYwyvmI1gY6mgHdwQFRf0qSNAbQQXjXqXqWInAGun2SjBK4q43WbNjLALndDK%2Bw%2B5HBx8zw%2Bp4XotBCmNOpOEcDgVvh%2FddNKfdEC4Ob0WIby3H8gZQcQHEfoSGHpeoMoIScGSFZv32ykCtyFIyrmEkiTLcpwOq%2B6qCAazJXBLskZv8Pm1eC7FhZxFyjyM46qGsssZrqvTxjmbAwLmVFJ6wTCOeU&X-Amz-Algorithm=AWS4-HMAC-SHA256&X-Amz-Date=20261004T114916Z&X-Amz-SignedHeaders=host&X-Amz-Credential=ASIA2QE4OQUWV2PQXDU3%2F20261004%2Fus-east-2%2Fs3%2Faws4_request&X-Amz-Expires=30&X-Amz-Signature=4a51f7b4295e9f92f179e57ec688ae95afde12c0850cbe137005b93d92c04d24 524ms (cache miss)
npm http fetch GET 200 https://jfrog-prod-use2-shared-ohio-main.s3.amazonaws.com/aol-a0eigilwc24ii/filestore/a4/a494e46d711d001cbcdb0e829d61631be632accb?response-content-disposition=attachment%3Bfilename%3D%22rollup-linux-arm64-gnu-4.64.0.tgz%22&response-content-type=application%2Fx-gzip&X-Artifactory-username=darcy%40vlt.sh&X-Artifactory-repoType=local&X-Artifactory-repositoryKey=benchmark-npm-remote-cache&X-Artifactory-originPackageType=npm&X-Artifactory-packageType=npm&X-Artifactory-artifactPath=%40rollup%2Frollup-linux-arm64-gnu%2F-%2Frollup-linux-arm64-gnu-4.64.0.tgz&X-Artifactory-originProjectKey=benchmark&X-Artifactory-projectKey=benchmark&X-Artifactory-originRepoType=remote&X-Artifactory-originRepositoryKey=benchmark-npm-remote&x-jf-traceId=ec1ab8971909d150b70f1ca4f0cb85c5&X-Amz-Security-Token=IQoJb3JpZ2luX2VjEPz%2F%2F%2F%2F%2F%2F%2F%2F%2F%2FwEaCXVzLWVhc3QtMiJGMEQCIBNskANHS9bLatTXMJIN9Tb9uIUYv3BOzkUxN0tGXAqrAiAaUMdJlPQ18ehOmrwmRSbQslA7HKa0XqzEivqawRk0zyqbBQjF%2F%2F%2F%2F%2F%2F%2F%2F%2F%2F8BEAAaDDcyMTg4MjYxMzAzNyIMnXaxD3wlvY9gbCk9Ku8EyWDJJmIhnKw1vupfWf4ypD9cXCuYUxs3YzTkLMKJEuN303kC7RWrjJONO72CVcze72HnuwLRFhJ1FB6KxUMs%2FL5vZl15P0lHRBgIxNJdfiA6XfMjrnuZ7PhkjY08pgnOhjqZxnpS3DDEIbfoD2lCTSQANuJ8cMuFXY4IgnUFJ%2Bdl6pxLh87yerwng8ZDM6%2BHcFR7yyNFy7fQDrjf%2FwfFMBrr8asK7VixNuplmj9fA6V20aywQP8kuShxv%2FU%2FIwAO1rUFPChFqeQu3p7ytnDkpG5VSy8hZQGNjj9qbwT%2FUbU4WV8tGVgqBhwkJK%2FI6w%2FLHVmzKQ4%2BxM8z0qJPX2v0gq8EPpTXT5ZZCLDwUJbvGM7MfiRKoTPcp5QwWlZgILzegQAfTRA%2BkSQGsXnRocxlpYPruHmxTQ4%2Bvdf%2B9dRRkYoarbYi4%2Bk0rpGFywAZM6lvUK0lj2ZBSvEo7ADoUxAOPN6n7rqhn5Zx6Lb%2BgHD5kyYAqWly9gKVD3btKEb0BE2BIlXdqAuLj%2BGx0SmaxMTjASBLI3ImWf5UuWCkoeX%2F6wNo0qdujAUNHzZ3fxYokKr%2Fq6IZuIWeEbiaB4ZaNb38%2BJmipfl2B8PX6av1la9qyWL1wS%2FaEpFIGM5sWUPue1UnJSALQln%2Fhv9pBw5ZUHeT3EfAss0VHTNCSJZiADi%2Bi%2F6WxnqFxt3G%2BMsS9nIM54ohbJn86kuQvod1ViqUTpVRvyt7l28g8UQd%2Bccro5rf3RzRFcF9z%2F32IhXG5JcY1gXOe1xKc%2BWT07Zfv6UtZZun4c6Vup2oPFN44ZxC52GAObSHr2Di9kR7rZCh0adAPbYwyvmI1gY6mgHdwQFRf0qSNAbQQXjXqXqWInAGun2SjBK4q43WbNjLALndDK%2Bw%2B5HBx8zw%2Bp4XotBCmNOpOEcDgVvh%2FddNKfdEC4Ob0WIby3H8gZQcQHEfoSGHpeoMoIScGSFZv32ykCtyFIyrmEkiTLcpwOq%2B6qCAazJXBLskZv8Pm1eC7FhZxFyjyM46qGsssZrqvTxjmbAwLmVFJ6wTCOeU&X-Amz-Algorithm=AWS4-HMAC-SHA256&X-Amz-Date=20261004T114916Z&X-Amz-SignedHeaders=host&X-Amz-Credential=ASIA2QE4OQUWV2PQXDU3%2F20261004%2Fus-east-2%2Fs3%2Faws4_request&X-Amz-Expires=30&X-Amz-Signature=e6705376dacbab7384cb21e5025d4979da6b878312ce524495ed813aa5fd3adf 625ms (cache miss)
npm http fetch GET 200 https://jfrog-prod-use2-shared-ohio-main.s3.amazonaws.com/aol-a0eigilwc24ii/filestore/55/55d7194076b92fddba25f8ac9b3cc8c0f365a3a3?response-content-disposition=attachment%3Bfilename%3D%22fira-mono-5.3.0.tgz%22&response-content-type=application%2Fx-gzip&X-Artifactory-username=darcy%40vlt.sh&X-Artifactory-repoType=local&X-Artifactory-repositoryKey=benchmark-npm-remote-cache&X-Artifactory-originPackageType=npm&X-Artifactory-packageType=npm&X-Artifactory-artifactPath=%40fontsource%2Ffira-mono%2F-%2Ffira-mono-5.3.0.tgz&X-Artifactory-originProjectKey=benchmark&X-Artifactory-projectKey=benchmark&X-Artifactory-originRepoType=remote&X-Artifactory-originRepositoryKey=benchmark-npm-remote&x-jf-traceId=f28d8800a34b5fad1933f519dc0e232d&X-Amz-Security-Token=IQoJb3JpZ2luX2VjEPz%2F%2F%2F%2F%2F%2F%2F%2F%2F%2FwEaCXVzLWVhc3QtMiJGMEQCIBNskANHS9bLatTXMJIN9Tb9uIUYv3BOzkUxN0tGXAqrAiAaUMdJlPQ18ehOmrwmRSbQslA7HKa0XqzEivqawRk0zyqbBQjF%2F%2F%2F%2F%2F%2F%2F%2F%2F%2F8BEAAaDDcyMTg4MjYxMzAzNyIMnXaxD3wlvY9gbCk9Ku8EyWDJJmIhnKw1vupfWf4ypD9cXCuYUxs3YzTkLMKJEuN303kC7RWrjJONO72CVcze72HnuwLRFhJ1FB6KxUMs%2FL5vZl15P0lHRBgIxNJdfiA6XfMjrnuZ7PhkjY08pgnOhjqZxnpS3DDEIbfoD2lCTSQANuJ8cMuFXY4IgnUFJ%2Bdl6pxLh87yerwng8ZDM6%2BHcFR7yyNFy7fQDrjf%2FwfFMBrr8asK7VixNuplmj9fA6V20aywQP8kuShxv%2FU%2FIwAO1rUFPChFqeQu3p7ytnDkpG5VSy8hZQGNjj9qbwT%2FUbU4WV8tGVgqBhwkJK%2FI6w%2FLHVmzKQ4%2BxM8z0qJPX2v0gq8EPpTXT5ZZCLDwUJbvGM7MfiRKoTPcp5QwWlZgILzegQAfTRA%2BkSQGsXnRocxlpYPruHmxTQ4%2Bvdf%2B9dRRkYoarbYi4%2Bk0rpGFywAZM6lvUK0lj2ZBSvEo7ADoUxAOPN6n7rqhn5Zx6Lb%2BgHD5kyYAqWly9gKVD3btKEb0BE2BIlXdqAuLj%2BGx0SmaxMTjASBLI3ImWf5UuWCkoeX%2F6wNo0qdujAUNHzZ3fxYokKr%2Fq6IZuIWeEbiaB4ZaNb38%2BJmipfl2B8PX6av1la9qyWL1wS%2FaEpFIGM5sWUPue1UnJSALQln%2Fhv9pBw5ZUHeT3EfAss0VHTNCSJZiADi%2Bi%2F6WxnqFxt3G%2BMsS9nIM54ohbJn86kuQvod1ViqUTpVRvyt7l28g8UQd%2Bccro5rf3RzRFcF9z%2F32IhXG5JcY1gXOe1xKc%2BWT07Zfv6UtZZun4c6Vup2oPFN44ZxC52GAObSHr2Di9kR7rZCh0adAPbYwyvmI1gY6mgHdwQFRf0qSNAbQQXjXqXqWInAGun2SjBK4q43WbNjLALndDK%2Bw%2B5HBx8zw%2Bp4XotBCmNOpOEcDgVvh%2FddNKfdEC4Ob0WIby3H8gZQcQHEfoSGHpeoMoIScGSFZv32ykCtyFIyrmEkiTLcpwOq%2B6qCAazJXBLskZv8Pm1eC7FhZxFyjyM46qGsssZrqvTxjmbAwLmVFJ6wTCOeU&X-Amz-Algorithm=AWS4-HMAC-SHA256&X-Amz-Date=20261004T114916Z&X-Amz-SignedHeaders=host&X-Amz-Credential=ASIA2QE4OQUWV2PQXDU3%2F20261004%2Fus-east-2%2Fs3%2Faws4_request&X-Amz-Expires=30&X-Amz-Signature=2a401bc19effaeba6220498f5fe7980b800cf37cd69ff0c0405cc8bcb8f67779 694ms (cache miss)
npm http fetch GET 200 https://vltoss.jfrog.io/artifactory/api/npm/benchmark-npm-remote/axobject-query/-/axobject-query-4.1.0.tgz 706ms (cache miss)
npm http fetch GET 200 https://jfrog-prod-use2-shared-ohio-main.s3.amazonaws.com/aol-a0eigilwc24ii/filestore/63/63cba2ab096d3c96b6b483575815f1f88acfe039?response-content-disposition=attachment%3Bfilename%3D%22svelte-check-4.7.6.tgz%22&response-content-type=application%2Fx-gzip&X-Artifactory-username=darcy%40vlt.sh&X-Artifactory-repoType=local&X-Artifactory-repositoryKey=benchmark-npm-remote-cache&X-Artifactory-originPackageType=npm&X-Artifactory-packageType=npm&X-Artifactory-artifactPath=svelte-check%2F-%2Fsvelte-check-4.7.6.tgz&X-Artifactory-originProjectKey=benchmark&X-Artifactory-projectKey=benchmark&X-Artifactory-originRepoType=remote&X-Artifactory-originRepositoryKey=benchmark-npm-remote&x-jf-traceId=337cd4c586fef8c8fbee4ac255e284f0&X-Amz-Security-Token=IQoJb3JpZ2luX2VjEPz%2F%2F%2F%2F%2F%2F%2F%2F%2F%2FwEaCXVzLWVhc3QtMiJGMEQCIBNskANHS9bLatTXMJIN9Tb9uIUYv3BOzkUxN0tGXAqrAiAaUMdJlPQ18ehOmrwmRSbQslA7HKa0XqzEivqawRk0zyqbBQjF%2F%2F%2F%2F%2F%2F%2F%2F%2F%2F8BEAAaDDcyMTg4MjYxMzAzNyIMnXaxD3wlvY9gbCk9Ku8EyWDJJmIhnKw1vupfWf4ypD9cXCuYUxs3YzTkLMKJEuN303kC7RWrjJONO72CVcze72HnuwLRFhJ1FB6KxUMs%2FL5vZl15P0lHRBgIxNJdfiA6XfMjrnuZ7PhkjY08pgnOhjqZxnpS3DDEIbfoD2lCTSQANuJ8cMuFXY4IgnUFJ%2Bdl6pxLh87yerwng8ZDM6%2BHcFR7yyNFy7fQDrjf%2FwfFMBrr8asK7VixNuplmj9fA6V20aywQP8kuShxv%2FU%2FIwAO1rUFPChFqeQu3p7ytnDkpG5VSy8hZQGNjj9qbwT%2FUbU4WV8tGVgqBhwkJK%2FI6w%2FLHVmzKQ4%2BxM8z0qJPX2v0gq8EPpTXT5ZZCLDwUJbvGM7MfiRKoTPcp5QwWlZgILzegQAfTRA%2BkSQGsXnRocxlpYPruHmxTQ4%2Bvdf%2B9dRRkYoarbYi4%2Bk0rpGFywAZM6lvUK0lj2ZBSvEo7ADoUxAOPN6n7rqhn5Zx6Lb%2BgHD5kyYAqWly9gKVD3btKEb0BE2BIlXdqAuLj%2BGx0SmaxMTjASBLI3ImWf5UuWCkoeX%2F6wNo0qdujAUNHzZ3fxYokKr%2Fq6IZuIWeEbiaB4ZaNb38%2BJmipfl2B8PX6av1la9qyWL1wS%2FaEpFIGM5sWUPue1UnJSALQln%2Fhv9pBw5ZUHeT3EfAss0VHTNCSJZiADi%2Bi%2F6WxnqFxt3G%2BMsS9nIM54ohbJn86kuQvod1ViqUTpVRvyt7l28g8UQd%2Bccro5rf3RzRFcF9z%2F32IhXG5JcY1gXOe1xKc%2BWT07Zfv6UtZZun4c6Vup2oPFN44ZxC52GAObSHr2Di9kR7rZCh0adAPbYwyvmI1gY6mgHdwQFRf0qSNAbQQXjXqXqWInAGun2SjBK4q43WbNjLALndDK%2Bw%2B5HBx8zw%2Bp4XotBCmNOpOEcDgVvh%2FddNKfdEC4Ob0WIby3H8gZQcQHEfoSGHpeoMoIScGSFZv32ykCtyFIyrmEkiTLcpwOq%2B6qCAazJXBLskZv8Pm1eC7FhZxFyjyM46qGsssZrqvTxjmbAwLmVFJ6wTCOeU&X-Amz-Algorithm=AWS4-HMAC-SHA256&X-Amz-Date=20261004T114916Z&X-Amz-SignedHeaders=host&X-Amz-Credential=ASIA2QE4OQUWV2PQXDU3%2F20261004%2Fus-east-2%2Fs3%2Faws4_request&X-Amz-Expires=30&X-Amz-Signature=6a7624af4be21707e6b3b19f332fce4754bc6bef14a72cd36aaf5ea6ba49d84c 769ms (cache miss)
npm http fetch GET 200 https://jfrog-prod-use2-shared-ohio-main.s3.amazonaws.com/aol-a0eigilwc24ii/filestore/e1/e1066bce58394f1b1141deec8557a5f0a22f5977?response-content-disposition=attachment%3Bfilename%3D%22linux-arm64-0.25.12.tgz%22&response-content-type=application%2Fx-gzip&X-Artifactory-username=darcy%40vlt.sh&X-Artifactory-repoType=local&X-Artifactory-repositoryKey=benchmark-npm-remote-cache&X-Artifactory-originPackageType=npm&X-Artifactory-packageType=npm&X-Artifactory-artifactPath=%40esbuild%2Flinux-arm64%2F-%2Flinux-arm64-0.25.12.tgz&X-Artifactory-originProjectKey=benchmark&X-Artifactory-projectKey=benchmark&X-Artifactory-originRepoType=remote&X-Artifactory-originRepositoryKey=benchmark-npm-remote&x-jf-traceId=0045546cbaf7d221c5fec11e2388ec5c&X-Amz-Security-Token=IQoJb3JpZ2luX2VjEPz%2F%2F%2F%2F%2F%2F%2F%2F%2F%2FwEaCXVzLWVhc3QtMiJGMEQCIBNskANHS9bLatTXMJIN9Tb9uIUYv3BOzkUxN0tGXAqrAiAaUMdJlPQ18ehOmrwmRSbQslA7HKa0XqzEivqawRk0zyqbBQjF%2F%2F%2F%2F%2F%2F%2F%2F%2F%2F8BEAAaDDcyMTg4MjYxMzAzNyIMnXaxD3wlvY9gbCk9Ku8EyWDJJmIhnKw1vupfWf4ypD9cXCuYUxs3YzTkLMKJEuN303kC7RWrjJONO72CVcze72HnuwLRFhJ1FB6KxUMs%2FL5vZl15P0lHRBgIxNJdfiA6XfMjrnuZ7PhkjY08pgnOhjqZxnpS3DDEIbfoD2lCTSQANuJ8cMuFXY4IgnUFJ%2Bdl6pxLh87yerwng8ZDM6%2BHcFR7yyNFy7fQDrjf%2FwfFMBrr8asK7VixNuplmj9fA6V20aywQP8kuShxv%2FU%2FIwAO1rUFPChFqeQu3p7ytnDkpG5VSy8hZQGNjj9qbwT%2FUbU4WV8tGVgqBhwkJK%2FI6w%2FLHVmzKQ4%2BxM8z0qJPX2v0gq8EPpTXT5ZZCLDwUJbvGM7MfiRKoTPcp5QwWlZgILzegQAfTRA%2BkSQGsXnRocxlpYPruHmxTQ4%2Bvdf%2B9dRRkYoarbYi4%2Bk0rpGFywAZM6lvUK0lj2ZBSvEo7ADoUxAOPN6n7rqhn5Zx6Lb%2BgHD5kyYAqWly9gKVD3btKEb0BE2BIlXdqAuLj%2BGx0SmaxMTjASBLI3ImWf5UuWCkoeX%2F6wNo0qdujAUNHzZ3fxYokKr%2Fq6IZuIWeEbiaB4ZaNb38%2BJmipfl2B8PX6av1la9qyWL1wS%2FaEpFIGM5sWUPue1UnJSALQln%2Fhv9pBw5ZUHeT3EfAss0VHTNCSJZiADi%2Bi%2F6WxnqFxt3G%2BMsS9nIM54ohbJn86kuQvod1ViqUTpVRvyt7l28g8UQd%2Bccro5rf3RzRFcF9z%2F32IhXG5JcY1gXOe1xKc%2BWT07Zfv6UtZZun4c6Vup2oPFN44ZxC52GAObSHr2Di9kR7rZCh0adAPbYwyvmI1gY6mgHdwQFRf0qSNAbQQXjXqXqWInAGun2SjBK4q43WbNjLALndDK%2Bw%2B5HBx8zw%2Bp4XotBCmNOpOEcDgVvh%2FddNKfdEC4Ob0WIby3H8gZQcQHEfoSGHpeoMoIScGSFZv32ykCtyFIyrmEkiTLcpwOq%2B6qCAazJXBLskZv8Pm1eC7FhZxFyjyM46qGsssZrqvTxjmbAwLmVFJ6wTCOeU&X-Amz-Algorithm=AWS4-HMAC-SHA256&X-Amz-Date=20261004T114916Z&X-Amz-SignedHeaders=host&X-Amz-Credential=ASIA2QE4OQUWV2PQXDU3%2F20261004%2Fus-east-2%2Fs3%2Faws4_request&X-Amz-Expires=30&X-Amz-Signature=acb2e51945ff8d012be32b6d0488c2f82a62c20fd83f428d3ccfb7a884f44f53 793ms (cache miss)
npm http fetch GET 200 https://jfrog-prod-use2-shared-ohio-main.s3.amazonaws.com/aol-a0eigilwc24ii/filestore/85/85a164db7ce706f2a776812efa2b340f1721858e?response-content-disposition=attachment%3Bfilename%3D%22vite-6.4.3.tgz%22&response-content-type=application%2Fx-gzip&X-Artifactory-username=darcy%40vlt.sh&X-Artifactory-repoType=local&X-Artifactory-repositoryKey=benchmark-npm-remote-cache&X-Artifactory-originPackageType=npm&X-Artifactory-packageType=npm&X-Artifactory-artifactPath=vite%2F-%2Fvite-6.4.3.tgz&X-Artifactory-originProjectKey=benchmark&X-Artifactory-projectKey=benchmark&X-Artifactory-originRepoType=remote&X-Artifactory-originRepositoryKey=benchmark-npm-remote&x-jf-traceId=4cd752d8e254e27bafab0897cb2afaa4&X-Amz-Security-Token=IQoJb3JpZ2luX2VjEPz%2F%2F%2F%2F%2F%2F%2F%2F%2F%2FwEaCXVzLWVhc3QtMiJGMEQCIBNskANHS9bLatTXMJIN9Tb9uIUYv3BOzkUxN0tGXAqrAiAaUMdJlPQ18ehOmrwmRSbQslA7HKa0XqzEivqawRk0zyqbBQjF%2F%2F%2F%2F%2F%2F%2F%2F%2F%2F8BEAAaDDcyMTg4MjYxMzAzNyIMnXaxD3wlvY9gbCk9Ku8EyWDJJmIhnKw1vupfWf4ypD9cXCuYUxs3YzTkLMKJEuN303kC7RWrjJONO72CVcze72HnuwLRFhJ1FB6KxUMs%2FL5vZl15P0lHRBgIxNJdfiA6XfMjrnuZ7PhkjY08pgnOhjqZxnpS3DDEIbfoD2lCTSQANuJ8cMuFXY4IgnUFJ%2Bdl6pxLh87yerwng8ZDM6%2BHcFR7yyNFy7fQDrjf%2FwfFMBrr8asK7VixNuplmj9fA6V20aywQP8kuShxv%2FU%2FIwAO1rUFPChFqeQu3p7ytnDkpG5VSy8hZQGNjj9qbwT%2FUbU4WV8tGVgqBhwkJK%2FI6w%2FLHVmzKQ4%2BxM8z0qJPX2v0gq8EPpTXT5ZZCLDwUJbvGM7MfiRKoTPcp5QwWlZgILzegQAfTRA%2BkSQGsXnRocxlpYPruHmxTQ4%2Bvdf%2B9dRRkYoarbYi4%2Bk0rpGFywAZM6lvUK0lj2ZBSvEo7ADoUxAOPN6n7rqhn5Zx6Lb%2BgHD5kyYAqWly9gKVD3btKEb0BE2BIlXdqAuLj%2BGx0SmaxMTjASBLI3ImWf5UuWCkoeX%2F6wNo0qdujAUNHzZ3fxYokKr%2Fq6IZuIWeEbiaB4ZaNb38%2BJmipfl2B8PX6av1la9qyWL1wS%2FaEpFIGM5sWUPue1UnJSALQln%2Fhv9pBw5ZUHeT3EfAss0VHTNCSJZiADi%2Bi%2F6WxnqFxt3G%2BMsS9nIM54ohbJn86kuQvod1ViqUTpVRvyt7l28g8UQd%2Bccro5rf3RzRFcF9z%2F32IhXG5JcY1gXOe1xKc%2BWT07Zfv6UtZZun4c6Vup2oPFN44ZxC52GAObSHr2Di9kR7rZCh0adAPbYwyvmI1gY6mgHdwQFRf0qSNAbQQXjXqXqWInAGun2SjBK4q43WbNjLALndDK%2Bw%2B5HBx8zw%2Bp4XotBCmNOpOEcDgVvh%2FddNKfdEC4Ob0WIby3H8gZQcQHEfoSGHpeoMoIScGSFZv32ykCtyFIyrmEkiTLcpwOq%2B6qCAazJXBLskZv8Pm1eC7FhZxFyjyM46qGsssZrqvTxjmbAwLmVFJ6wTCOeU&X-Amz-Algorithm=AWS4-HMAC-SHA256&X-Amz-Date=20261004T114916Z&X-Amz-SignedHeaders=host&X-Amz-Credential=ASIA2QE4OQUWV2PQXDU3%2F20261004%2Fus-east-2%2Fs3%2Faws4_request&X-Amz-Expires=30&X-Amz-Signature=9e0fdb4c6e4fd835f25ac13523415d126e31e4bb5b5473edb822781ed8141151 790ms (cache miss)
npm http fetch GET 200 https://vltoss.jfrog.io/artifactory/api/npm/benchmark-npm-remote/aria-query/-/aria-query-5.3.1.tgz 835ms (cache miss)
npm http fetch GET 200 https://jfrog-prod-use2-shared-ohio-main.s3.amazonaws.com/aol-a0eigilwc24ii/filestore/29/29199518912d79989cfd0460b1c931ff2dc1deb6?response-content-disposition=attachment%3Bfilename%3D%22kit-2.70.3.tgz%22&response-content-type=application%2Fx-gzip&X-Artifactory-username=darcy%40vlt.sh&X-Artifactory-repoType=local&X-Artifactory-repositoryKey=benchmark-npm-remote-cache&X-Artifactory-originPackageType=npm&X-Artifactory-packageType=npm&X-Artifactory-artifactPath=%40sveltejs%2Fkit%2F-%2Fkit-2.70.3.tgz&X-Artifactory-originProjectKey=benchmark&X-Artifactory-projectKey=benchmark&X-Artifactory-originRepoType=remote&X-Artifactory-originRepositoryKey=benchmark-npm-remote&x-jf-traceId=e0447ecdb5cfc2d17b9df05db43beb19&X-Amz-Security-Token=IQoJb3JpZ2luX2VjEPz%2F%2F%2F%2F%2F%2F%2F%2F%2F%2FwEaCXVzLWVhc3QtMiJGMEQCIBNskANHS9bLatTXMJIN9Tb9uIUYv3BOzkUxN0tGXAqrAiAaUMdJlPQ18ehOmrwmRSbQslA7HKa0XqzEivqawRk0zyqbBQjF%2F%2F%2F%2F%2F%2F%2F%2F%2F%2F8BEAAaDDcyMTg4MjYxMzAzNyIMnXaxD3wlvY9gbCk9Ku8EyWDJJmIhnKw1vupfWf4ypD9cXCuYUxs3YzTkLMKJEuN303kC7RWrjJONO72CVcze72HnuwLRFhJ1FB6KxUMs%2FL5vZl15P0lHRBgIxNJdfiA6XfMjrnuZ7PhkjY08pgnOhjqZxnpS3DDEIbfoD2lCTSQANuJ8cMuFXY4IgnUFJ%2Bdl6pxLh87yerwng8ZDM6%2BHcFR7yyNFy7fQDrjf%2FwfFMBrr8asK7VixNuplmj9fA6V20aywQP8kuShxv%2FU%2FIwAO1rUFPChFqeQu3p7ytnDkpG5VSy8hZQGNjj9qbwT%2FUbU4WV8tGVgqBhwkJK%2FI6w%2FLHVmzKQ4%2BxM8z0qJPX2v0gq8EPpTXT5ZZCLDwUJbvGM7MfiRKoTPcp5QwWlZgILzegQAfTRA%2BkSQGsXnRocxlpYPruHmxTQ4%2Bvdf%2B9dRRkYoarbYi4%2Bk0rpGFywAZM6lvUK0lj2ZBSvEo7ADoUxAOPN6n7rqhn5Zx6Lb%2BgHD5kyYAqWly9gKVD3btKEb0BE2BIlXdqAuLj%2BGx0SmaxMTjASBLI3ImWf5UuWCkoeX%2F6wNo0qdujAUNHzZ3fxYokKr%2Fq6IZuIWeEbiaB4ZaNb38%2BJmipfl2B8PX6av1la9qyWL1wS%2FaEpFIGM5sWUPue1UnJSALQln%2Fhv9pBw5ZUHeT3EfAss0VHTNCSJZiADi%2Bi%2F6WxnqFxt3G%2BMsS9nIM54ohbJn86kuQvod1ViqUTpVRvyt7l28g8UQd%2Bccro5rf3RzRFcF9z%2F32IhXG5JcY1gXOe1xKc%2BWT07Zfv6UtZZun4c6Vup2oPFN44ZxC52GAObSHr2Di9kR7rZCh0adAPbYwyvmI1gY6mgHdwQFRf0qSNAbQQXjXqXqWInAGun2SjBK4q43WbNjLALndDK%2Bw%2B5HBx8zw%2Bp4XotBCmNOpOEcDgVvh%2FddNKfdEC4Ob0WIby3H8gZQcQHEfoSGHpeoMoIScGSFZv32ykCtyFIyrmEkiTLcpwOq%2B6qCAazJXBLskZv8Pm1eC7FhZxFyjyM46qGsssZrqvTxjmbAwLmVFJ6wTCOeU&X-Amz-Algorithm=AWS4-HMAC-SHA256&X-Amz-Date=20261004T114916Z&X-Amz-SignedHeaders=host&X-Amz-Credential=ASIA2QE4OQUWV2PQXDU3%2F20261004%2Fus-east-2%2Fs3%2Faws4_request&X-Amz-Expires=30&X-Amz-Signature=e9d25275f4127304abe5909992578ef32edae5b2ac431557aa157abee986d6ac 868ms (cache miss)
npm http fetch GET 200 https://jfrog-prod-use2-shared-ohio-main.s3.amazonaws.com/aol-a0eigilwc24ii/filestore/5b/5b4f59e15310ab17a216f5d6cf53ee476ede670f?response-content-disposition=attachment%3Bfilename%3D%22typescript-5.9.3.tgz%22&response-content-type=application%2Fx-gzip&X-Artifactory-username=darcy%40vlt.sh&X-Artifactory-repoType=local&X-Artifactory-repositoryKey=benchmark-npm-remote-cache&X-Artifactory-originPackageType=npm&X-Artifactory-packageType=npm&X-Artifactory-artifactPath=typescript%2F-%2Ftypescript-5.9.3.tgz&X-Artifactory-originProjectKey=benchmark&X-Artifactory-projectKey=benchmark&X-Artifactory-originRepoType=remote&X-Artifactory-originRepositoryKey=benchmark-npm-remote&x-jf-traceId=ae1b72bf5b60e9a7fe416f3d17363a96&X-Amz-Security-Token=IQoJb3JpZ2luX2VjEPz%2F%2F%2F%2F%2F%2F%2F%2F%2F%2FwEaCXVzLWVhc3QtMiJGMEQCIBNskANHS9bLatTXMJIN9Tb9uIUYv3BOzkUxN0tGXAqrAiAaUMdJlPQ18ehOmrwmRSbQslA7HKa0XqzEivqawRk0zyqbBQjF%2F%2F%2F%2F%2F%2F%2F%2F%2F%2F8BEAAaDDcyMTg4MjYxMzAzNyIMnXaxD3wlvY9gbCk9Ku8EyWDJJmIhnKw1vupfWf4ypD9cXCuYUxs3YzTkLMKJEuN303kC7RWrjJONO72CVcze72HnuwLRFhJ1FB6KxUMs%2FL5vZl15P0lHRBgIxNJdfiA6XfMjrnuZ7PhkjY08pgnOhjqZxnpS3DDEIbfoD2lCTSQANuJ8cMuFXY4IgnUFJ%2Bdl6pxLh87yerwng8ZDM6%2BHcFR7yyNFy7fQDrjf%2FwfFMBrr8asK7VixNuplmj9fA6V20aywQP8kuShxv%2FU%2FIwAO1rUFPChFqeQu3p7ytnDkpG5VSy8hZQGNjj9qbwT%2FUbU4WV8tGVgqBhwkJK%2FI6w%2FLHVmzKQ4%2BxM8z0qJPX2v0gq8EPpTXT5ZZCLDwUJbvGM7MfiRKoTPcp5QwWlZgILzegQAfTRA%2BkSQGsXnRocxlpYPruHmxTQ4%2Bvdf%2B9dRRkYoarbYi4%2Bk0rpGFywAZM6lvUK0lj2ZBSvEo7ADoUxAOPN6n7rqhn5Zx6Lb%2BgHD5kyYAqWly9gKVD3btKEb0BE2BIlXdqAuLj%2BGx0SmaxMTjASBLI3ImWf5UuWCkoeX%2F6wNo0qdujAUNHzZ3fxYokKr%2Fq6IZuIWeEbiaB4ZaNb38%2BJmipfl2B8PX6av1la9qyWL1wS%2FaEpFIGM5sWUPue1UnJSALQln%2Fhv9pBw5ZUHeT3EfAss0VHTNCSJZiADi%2Bi%2F6WxnqFxt3G%2BMsS9nIM54ohbJn86kuQvod1ViqUTpVRvyt7l28g8UQd%2Bccro5rf3RzRFcF9z%2F32IhXG5JcY1gXOe1xKc%2BWT07Zfv6UtZZun4c6Vup2oPFN44ZxC52GAObSHr2Di9kR7rZCh0adAPbYwyvmI1gY6mgHdwQFRf0qSNAbQQXjXqXqWInAGun2SjBK4q43WbNjLALndDK%2Bw%2B5HBx8zw%2Bp4XotBCmNOpOEcDgVvh%2FddNKfdEC4Ob0WIby3H8gZQcQHEfoSGHpeoMoIScGSFZv32ykCtyFIyrmEkiTLcpwOq%2B6qCAazJXBLskZv8Pm1eC7FhZxFyjyM46qGsssZrqvTxjmbAwLmVFJ6wTCOeU&X-Amz-Algorithm=AWS4-HMAC-SHA256&X-Amz-Date=20261004T114916Z&X-Amz-SignedHeaders=host&X-Amz-Credential=ASIA2QE4OQUWV2PQXDU3%2F20261004%2Fus-east-2%2Fs3%2Faws4_request&X-Amz-Expires=30&X-Amz-Signature=4822cf30207010681dd6c13c63d6fc4d96fdf5e32d6af40d0372542f75b8ada4 928ms (cache miss)
npm http fetch GET 200 https://jfrog-prod-use2-shared-ohio-main.s3.amazonaws.com/aol-a0eigilwc24ii/filestore/57/57f287fa7872652ae762dba70599d662a549af15?response-content-disposition=attachment%3Bfilename%3D%22svelte-5.57.1.tgz%22&response-content-type=application%2Fx-gzip&X-Artifactory-username=darcy%40vlt.sh&X-Artifactory-repoType=local&X-Artifactory-repositoryKey=benchmark-npm-remote-cache&X-Artifactory-originPackageType=npm&X-Artifactory-packageType=npm&X-Artifactory-artifactPath=svelte%2F-%2Fsvelte-5.57.1.tgz&X-Artifactory-originProjectKey=benchmark&X-Artifactory-projectKey=benchmark&X-Artifactory-originRepoType=remote&X-Artifactory-originRepositoryKey=benchmark-npm-remote&x-jf-traceId=2ed6bb296efe5bf9acc8fbc18b681859&X-Amz-Security-Token=IQoJb3JpZ2luX2VjEPz%2F%2F%2F%2F%2F%2F%2F%2F%2F%2FwEaCXVzLWVhc3QtMiJGMEQCIBNskANHS9bLatTXMJIN9Tb9uIUYv3BOzkUxN0tGXAqrAiAaUMdJlPQ18ehOmrwmRSbQslA7HKa0XqzEivqawRk0zyqbBQjF%2F%2F%2F%2F%2F%2F%2F%2F%2F%2F8BEAAaDDcyMTg4MjYxMzAzNyIMnXaxD3wlvY9gbCk9Ku8EyWDJJmIhnKw1vupfWf4ypD9cXCuYUxs3YzTkLMKJEuN303kC7RWrjJONO72CVcze72HnuwLRFhJ1FB6KxUMs%2FL5vZl15P0lHRBgIxNJdfiA6XfMjrnuZ7PhkjY08pgnOhjqZxnpS3DDEIbfoD2lCTSQANuJ8cMuFXY4IgnUFJ%2Bdl6pxLh87yerwng8ZDM6%2BHcFR7yyNFy7fQDrjf%2FwfFMBrr8asK7VixNuplmj9fA6V20aywQP8kuShxv%2FU%2FIwAO1rUFPChFqeQu3p7ytnDkpG5VSy8hZQGNjj9qbwT%2FUbU4WV8tGVgqBhwkJK%2FI6w%2FLHVmzKQ4%2BxM8z0qJPX2v0gq8EPpTXT5ZZCLDwUJbvGM7MfiRKoTPcp5QwWlZgILzegQAfTRA%2BkSQGsXnRocxlpYPruHmxTQ4%2Bvdf%2B9dRRkYoarbYi4%2Bk0rpGFywAZM6lvUK0lj2ZBSvEo7ADoUxAOPN6n7rqhn5Zx6Lb%2BgHD5kyYAqWly9gKVD3btKEb0BE2BIlXdqAuLj%2BGx0SmaxMTjASBLI3ImWf5UuWCkoeX%2F6wNo0qdujAUNHzZ3fxYokKr%2Fq6IZuIWeEbiaB4ZaNb38%2BJmipfl2B8PX6av1la9qyWL1wS%2FaEpFIGM5sWUPue1UnJSALQln%2Fhv9pBw5ZUHeT3EfAss0VHTNCSJZiADi%2Bi%2F6WxnqFxt3G%2BMsS9nIM54ohbJn86kuQvod1ViqUTpVRvyt7l28g8UQd%2Bccro5rf3RzRFcF9z%2F32IhXG5JcY1gXOe1xKc%2BWT07Zfv6UtZZun4c6Vup2oPFN44ZxC52GAObSHr2Di9kR7rZCh0adAPbYwyvmI1gY6mgHdwQFRf0qSNAbQQXjXqXqWInAGun2SjBK4q43WbNjLALndDK%2Bw%2B5HBx8zw%2Bp4XotBCmNOpOEcDgVvh%2FddNKfdEC4Ob0WIby3H8gZQcQHEfoSGHpeoMoIScGSFZv32ykCtyFIyrmEkiTLcpwOq%2B6qCAazJXBLskZv8Pm1eC7FhZxFyjyM46qGsssZrqvTxjmbAwLmVFJ6wTCOeU&X-Amz-Algorithm=AWS4-HMAC-SHA256&X-Amz-Date=20261004T114916Z&X-Amz-SignedHeaders=host&X-Amz-Credential=ASIA2QE4OQUWV2PQXDU3%2F20261004%2Fus-east-2%2Fs3%2Faws4_request&X-Amz-Expires=30&X-Amz-Signature=d66cac3e55bc977b4c6e887436c64adeb98290d45525e15490d2d0b2581da761 1005ms (cache miss)

added 58 packages in 8s
