npm http fetch GET 200 https://vltoss.jfrog.io/artifactory/api/npm/benchmark-npm-remote/@fontsource%2ffira-mono 450ms (cache miss)
npm http fetch GET 200 https://vltoss.jfrog.io/artifactory/api/npm/benchmark-npm-remote/@neoconfetti%2fsvelte 83ms (cache miss)
npm http fetch GET 200 https://vltoss.jfrog.io/artifactory/api/npm/benchmark-npm-remote/svelte 765ms (cache miss)
npm http fetch GET 200 https://vltoss.jfrog.io/artifactory/api/npm/benchmark-npm-remote/@sveltejs%2fadapter-auto 107ms (cache miss)
npm http fetch GET 200 https://vltoss.jfrog.io/artifactory/api/npm/benchmark-npm-remote/@sveltejs%2fkit 242ms (cache miss)
npm http fetch GET 200 https://vltoss.jfrog.io/artifactory/api/npm/benchmark-npm-remote/@sveltejs%2fvite-plugin-svelte 96ms (cache miss)
npm http fetch GET 200 https://vltoss.jfrog.io/artifactory/api/npm/benchmark-npm-remote/vite 1454ms (cache miss)
npm http fetch GET 200 https://vltoss.jfrog.io/artifactory/api/npm/benchmark-npm-remote/typescript 582ms (cache miss)
npm http fetch GET 200 https://vltoss.jfrog.io/artifactory/api/npm/benchmark-npm-remote/svelte-check 116ms (cache miss)
npm http fetch GET 200 https://vltoss.jfrog.io/artifactory/api/npm/benchmark-npm-remote/clsx 84ms (cache miss)
npm http fetch GET 200 https://vltoss.jfrog.io/artifactory/api/npm/benchmark-npm-remote/devalue 85ms (cache miss)
npm http fetch GET 200 https://vltoss.jfrog.io/artifactory/api/npm/benchmark-npm-remote/esm-env 82ms (cache miss)
npm http fetch GET 200 https://vltoss.jfrog.io/artifactory/api/npm/benchmark-npm-remote/aria-query 84ms (cache miss)
npm http fetch GET 200 https://vltoss.jfrog.io/artifactory/api/npm/benchmark-npm-remote/zimmerframe 83ms (cache miss)
npm http fetch GET 200 https://vltoss.jfrog.io/artifactory/api/npm/benchmark-npm-remote/esrap 444ms (cache miss)
npm http fetch GET 200 https://vltoss.jfrog.io/artifactory/api/npm/benchmark-npm-remote/acorn 497ms (cache miss)
npm http fetch GET 200 https://vltoss.jfrog.io/artifactory/api/npm/benchmark-npm-remote/is-reference 81ms (cache miss)
npm http fetch GET 200 https://vltoss.jfrog.io/artifactory/api/npm/benchmark-npm-remote/@types%2festree 80ms (cache miss)
npm http fetch GET 200 https://vltoss.jfrog.io/artifactory/api/npm/benchmark-npm-remote/axobject-query 83ms (cache miss)
npm http fetch GET 200 https://vltoss.jfrog.io/artifactory/api/npm/benchmark-npm-remote/magic-string 204ms (cache miss)
npm http fetch GET 200 https://vltoss.jfrog.io/artifactory/api/npm/benchmark-npm-remote/locate-character 77ms (cache miss)
npm http fetch GET 200 https://vltoss.jfrog.io/artifactory/api/npm/benchmark-npm-remote/@jridgewell%2fremapping 80ms (cache miss)
npm http fetch GET 200 https://vltoss.jfrog.io/artifactory/api/npm/benchmark-npm-remote/@sveltejs%2facorn-typescript 81ms (cache miss)
npm http fetch GET 200 https://vltoss.jfrog.io/artifactory/api/npm/benchmark-npm-remote/@jridgewell%2fsourcemap-codec 82ms (cache miss)
npm http fetch GET 200 https://vltoss.jfrog.io/artifactory/api/npm/benchmark-npm-remote/import-meta-resolve 83ms (cache miss)
npm http fetch GET 200 https://vltoss.jfrog.io/artifactory/api/npm/benchmark-npm-remote/acorn 79ms (cache revalidated)
npm http fetch GET 200 https://vltoss.jfrog.io/artifactory/api/npm/benchmark-npm-remote/sirv 90ms (cache miss)
npm http fetch GET 200 https://vltoss.jfrog.io/artifactory/api/npm/benchmark-npm-remote/kleur 83ms (cache miss)
npm http fetch GET 200 https://vltoss.jfrog.io/artifactory/api/npm/benchmark-npm-remote/mrmime 79ms (cache miss)
npm http fetch GET 200 https://vltoss.jfrog.io/artifactory/api/npm/benchmark-npm-remote/cookie 87ms (cache miss)
npm http fetch GET 200 https://vltoss.jfrog.io/artifactory/api/npm/benchmark-npm-remote/devalue 78ms (cache revalidated)
npm http fetch GET 200 https://vltoss.jfrog.io/artifactory/api/npm/benchmark-npm-remote/esm-env 78ms (cache revalidated)
npm http fetch GET 200 https://vltoss.jfrog.io/artifactory/api/npm/benchmark-npm-remote/magic-string 78ms (cache revalidated)
npm http fetch GET 200 https://vltoss.jfrog.io/artifactory/api/npm/benchmark-npm-remote/@types%2fcookie 82ms (cache miss)
npm http fetch GET 200 https://vltoss.jfrog.io/artifactory/api/npm/benchmark-npm-remote/set-cookie-parser 83ms (cache miss)
npm http fetch GET 200 https://vltoss.jfrog.io/artifactory/api/npm/benchmark-npm-remote/@standard-schema%2fspec 81ms (cache miss)
npm http fetch GET 200 https://vltoss.jfrog.io/artifactory/api/npm/benchmark-npm-remote/@sveltejs%2facorn-typescript 80ms (cache revalidated)
npm http fetch GET 200 https://vltoss.jfrog.io/artifactory/api/npm/benchmark-npm-remote/vitefu 80ms (cache miss)
npm http fetch GET 200 https://vltoss.jfrog.io/artifactory/api/npm/benchmark-npm-remote/debug 91ms (cache miss)
npm http fetch GET 200 https://vltoss.jfrog.io/artifactory/api/npm/benchmark-npm-remote/deepmerge 84ms (cache miss)
npm http fetch GET 200 https://vltoss.jfrog.io/artifactory/api/npm/benchmark-npm-remote/@sveltejs%2fvite-plugin-svelte-inspector 82ms (cache miss)
npm http fetch GET 200 https://vltoss.jfrog.io/artifactory/api/npm/benchmark-npm-remote/fdir 84ms (cache miss)
npm http fetch GET 200 https://vltoss.jfrog.io/artifactory/api/npm/benchmark-npm-remote/postcss 215ms (cache miss)
npm http fetch GET 200 https://vltoss.jfrog.io/artifactory/api/npm/benchmark-npm-remote/rollup 328ms (cache miss)
npm http fetch GET 200 https://vltoss.jfrog.io/artifactory/api/npm/benchmark-npm-remote/esbuild 306ms (cache miss)
npm http fetch GET 200 https://vltoss.jfrog.io/artifactory/api/npm/benchmark-npm-remote/picomatch 87ms (cache miss)
npm http fetch GET 200 https://vltoss.jfrog.io/artifactory/api/npm/benchmark-npm-remote/tinyglobby 82ms (cache miss)
npm http fetch GET 200 https://vltoss.jfrog.io/artifactory/api/npm/benchmark-npm-remote/fdir 79ms (cache revalidated)
npm http fetch GET 200 https://vltoss.jfrog.io/artifactory/api/npm/benchmark-npm-remote/fsevents 88ms (cache miss)
npm http fetch GET 200 https://vltoss.jfrog.io/artifactory/api/npm/benchmark-npm-remote/sade 81ms (cache miss)
npm http fetch GET 200 https://vltoss.jfrog.io/artifactory/api/npm/benchmark-npm-remote/picocolors 83ms (cache miss)
npm http fetch GET 200 https://vltoss.jfrog.io/artifactory/api/npm/benchmark-npm-remote/chokidar 91ms (cache miss)
npm http fetch GET 200 https://vltoss.jfrog.io/artifactory/api/npm/benchmark-npm-remote/@sveltejs%2fload-config 79ms (cache miss)
npm http fetch GET 200 https://vltoss.jfrog.io/artifactory/api/npm/benchmark-npm-remote/@jridgewell%2ftrace-mapping 86ms (cache miss)
npm http fetch GET 200 https://vltoss.jfrog.io/artifactory/api/npm/benchmark-npm-remote/@jridgewell%2fsourcemap-codec 82ms (cache revalidated)
npm http fetch GET 200 https://vltoss.jfrog.io/artifactory/api/npm/benchmark-npm-remote/totalist 83ms (cache miss)
npm http fetch GET 200 https://vltoss.jfrog.io/artifactory/api/npm/benchmark-npm-remote/@polka%2furl 85ms (cache miss)
npm http fetch GET 200 https://vltoss.jfrog.io/artifactory/api/npm/benchmark-npm-remote/debug 79ms (cache revalidated)
npm http fetch GET 200 https://vltoss.jfrog.io/artifactory/api/npm/benchmark-npm-remote/ms 82ms (cache miss)
npm http fetch GET 200 https://vltoss.jfrog.io/artifactory/api/npm/benchmark-npm-remote/@jridgewell%2ftrace-mapping 77ms (cache revalidated)
npm http fetch GET 200 https://vltoss.jfrog.io/artifactory/api/npm/benchmark-npm-remote/@jridgewell%2fgen-mapping 83ms (cache miss)
npm http fetch GET 200 https://vltoss.jfrog.io/artifactory/api/npm/benchmark-npm-remote/@jridgewell%2fresolve-uri 79ms (cache miss)
npm http fetch GET 200 https://vltoss.jfrog.io/artifactory/api/npm/benchmark-npm-remote/mri 83ms (cache miss)
npm http fetch GET 200 https://vltoss.jfrog.io/artifactory/api/npm/benchmark-npm-remote/readdirp 85ms (cache miss)
npm http fetch GET 200 https://vltoss.jfrog.io/artifactory/api/npm/benchmark-npm-remote/@esbuild%2faix-ppc64 89ms (cache miss)
npm http fetch GET 200 https://vltoss.jfrog.io/artifactory/api/npm/benchmark-npm-remote/@esbuild%2flinux-x64 94ms (cache miss)
npm http fetch GET 200 https://vltoss.jfrog.io/artifactory/api/npm/benchmark-npm-remote/@esbuild%2flinux-arm 96ms (cache miss)
npm http fetch GET 200 https://vltoss.jfrog.io/artifactory/api/npm/benchmark-npm-remote/@esbuild%2fsunos-x64 90ms (cache miss)
npm http fetch GET 200 https://vltoss.jfrog.io/artifactory/api/npm/benchmark-npm-remote/@esbuild%2fwin32-x64 90ms (cache miss)
npm http fetch GET 200 https://vltoss.jfrog.io/artifactory/api/npm/benchmark-npm-remote/@esbuild%2fdarwin-x64 91ms (cache miss)
npm http fetch GET 200 https://vltoss.jfrog.io/artifactory/api/npm/benchmark-npm-remote/@esbuild%2flinux-ia32 94ms (cache miss)
npm http fetch GET 200 https://vltoss.jfrog.io/artifactory/api/npm/benchmark-npm-remote/@esbuild%2fnetbsd-x64 92ms (cache miss)
npm http fetch GET 200 https://vltoss.jfrog.io/artifactory/api/npm/benchmark-npm-remote/@esbuild%2fwin32-ia32 94ms (cache miss)
npm http fetch GET 200 https://vltoss.jfrog.io/artifactory/api/npm/benchmark-npm-remote/@esbuild%2fandroid-arm 93ms (cache miss)
npm http fetch GET 200 https://vltoss.jfrog.io/artifactory/api/npm/benchmark-npm-remote/@esbuild%2fandroid-x64 93ms (cache miss)
npm http fetch GET 200 https://vltoss.jfrog.io/artifactory/api/npm/benchmark-npm-remote/@esbuild%2ffreebsd-x64 93ms (cache miss)
npm http fetch GET 200 https://vltoss.jfrog.io/artifactory/api/npm/benchmark-npm-remote/@esbuild%2flinux-arm64 89ms (cache miss)
npm http fetch GET 200 https://vltoss.jfrog.io/artifactory/api/npm/benchmark-npm-remote/@esbuild%2flinux-ppc64 91ms (cache miss)
npm http fetch GET 200 https://vltoss.jfrog.io/artifactory/api/npm/benchmark-npm-remote/@esbuild%2flinux-s390x 92ms (cache miss)
npm http fetch GET 200 https://vltoss.jfrog.io/artifactory/api/npm/benchmark-npm-remote/@esbuild%2fopenbsd-x64 100ms (cache miss)
npm http fetch GET 200 https://vltoss.jfrog.io/artifactory/api/npm/benchmark-npm-remote/@esbuild%2fwin32-arm64 104ms (cache miss)
npm http fetch GET 200 https://vltoss.jfrog.io/artifactory/api/npm/benchmark-npm-remote/@esbuild%2fdarwin-arm64 101ms (cache miss)
npm http fetch GET 200 https://vltoss.jfrog.io/artifactory/api/npm/benchmark-npm-remote/@esbuild%2fnetbsd-arm64 81ms (cache miss)
npm http fetch GET 200 https://vltoss.jfrog.io/artifactory/api/npm/benchmark-npm-remote/@esbuild%2fandroid-arm64 86ms (cache miss)
npm http fetch GET 200 https://vltoss.jfrog.io/artifactory/api/npm/benchmark-npm-remote/@esbuild%2ffreebsd-arm64 89ms (cache miss)
npm http fetch GET 200 https://vltoss.jfrog.io/artifactory/api/npm/benchmark-npm-remote/@esbuild%2flinux-loong64 87ms (cache miss)
npm http fetch GET 200 https://vltoss.jfrog.io/artifactory/api/npm/benchmark-npm-remote/@esbuild%2fopenbsd-arm64 85ms (cache miss)
npm http fetch GET 200 https://vltoss.jfrog.io/artifactory/api/npm/benchmark-npm-remote/@esbuild%2flinux-riscv64 92ms (cache miss)
npm http fetch GET 200 https://vltoss.jfrog.io/artifactory/api/npm/benchmark-npm-remote/@esbuild%2flinux-mips64el 87ms (cache miss)
npm http fetch GET 200 https://vltoss.jfrog.io/artifactory/api/npm/benchmark-npm-remote/@esbuild%2fopenharmony-arm64 80ms (cache miss)
npm http fetch GET 200 https://vltoss.jfrog.io/artifactory/api/npm/benchmark-npm-remote/nanoid 94ms (cache miss)
npm http fetch GET 200 https://vltoss.jfrog.io/artifactory/api/npm/benchmark-npm-remote/source-map-js 78ms (cache miss)
npm http fetch GET 200 https://vltoss.jfrog.io/artifactory/api/npm/benchmark-npm-remote/@rollup%2frollup-darwin-x64 93ms (cache miss)
npm http fetch GET 200 https://vltoss.jfrog.io/artifactory/api/npm/benchmark-npm-remote/@rollup%2frollup-freebsd-x64 89ms (cache miss)
npm http fetch GET 200 https://vltoss.jfrog.io/artifactory/api/npm/benchmark-npm-remote/@rollup%2frollup-openbsd-x64 79ms (cache miss)
npm http fetch GET 200 https://vltoss.jfrog.io/artifactory/api/npm/benchmark-npm-remote/@napi-rs%2flzma-linux-x64-gnu 89ms (cache miss)
npm http fetch GET 200 https://vltoss.jfrog.io/artifactory/api/npm/benchmark-npm-remote/@rollup%2frollup-darwin-arm64 93ms (cache miss)
npm http fetch GET 200 https://vltoss.jfrog.io/artifactory/api/npm/benchmark-npm-remote/@rollup%2frollup-android-arm64 91ms (cache miss)
npm http fetch GET 200 https://vltoss.jfrog.io/artifactory/api/npm/benchmark-npm-remote/@rollup%2frollup-freebsd-arm64 86ms (cache miss)
npm http fetch GET 200 https://vltoss.jfrog.io/artifactory/api/npm/benchmark-npm-remote/@rollup%2frollup-linux-x64-gnu 93ms (cache miss)
npm http fetch GET 200 https://vltoss.jfrog.io/artifactory/api/npm/benchmark-npm-remote/@rollup%2frollup-win32-x64-gnu 80ms (cache miss)
npm http fetch GET 200 https://vltoss.jfrog.io/artifactory/api/npm/benchmark-npm-remote/@rollup%2frollup-linux-x64-musl 92ms (cache miss)
npm http fetch GET 200 https://vltoss.jfrog.io/artifactory/api/npm/benchmark-npm-remote/@rollup%2frollup-win32-x64-msvc 92ms (cache miss)
npm http fetch GET 200 https://vltoss.jfrog.io/artifactory/api/npm/benchmark-npm-remote/@rollup%2frollup-linux-arm64-gnu 97ms (cache miss)
npm http fetch GET 200 https://vltoss.jfrog.io/artifactory/api/npm/benchmark-npm-remote/@rollup%2frollup-linux-ppc64-gnu 87ms (cache miss)
npm http fetch GET 200 https://vltoss.jfrog.io/artifactory/api/npm/benchmark-npm-remote/@rollup%2frollup-linux-s390x-gnu 90ms (cache miss)
npm http fetch GET 200 https://vltoss.jfrog.io/artifactory/api/npm/benchmark-npm-remote/@rollup%2frollup-win32-ia32-msvc 91ms (cache miss)
npm http fetch GET 200 https://vltoss.jfrog.io/artifactory/api/npm/benchmark-npm-remote/@rollup%2frollup-android-arm-eabi 91ms (cache miss)
npm http fetch GET 200 https://vltoss.jfrog.io/artifactory/api/npm/benchmark-npm-remote/@rollup%2frollup-linux-arm64-musl 92ms (cache miss)
npm http fetch GET 200 https://vltoss.jfrog.io/artifactory/api/npm/benchmark-npm-remote/@rollup%2frollup-linux-ppc64-musl 80ms (cache miss)
npm http fetch GET 200 https://vltoss.jfrog.io/artifactory/api/npm/benchmark-npm-remote/@rollup%2frollup-win32-arm64-msvc 90ms (cache miss)
npm http fetch GET 200 https://vltoss.jfrog.io/artifactory/api/npm/benchmark-npm-remote/@rollup%2frollup-linux-loong64-gnu 85ms (cache miss)
npm http fetch GET 200 https://vltoss.jfrog.io/artifactory/api/npm/benchmark-npm-remote/@rollup%2frollup-linux-riscv64-gnu 86ms (cache miss)
npm http fetch GET 200 https://vltoss.jfrog.io/artifactory/api/npm/benchmark-npm-remote/@rollup%2frollup-openharmony-arm64 81ms (cache miss)
npm http fetch GET 200 https://vltoss.jfrog.io/artifactory/api/npm/benchmark-npm-remote/@rollup%2frollup-linux-loong64-musl 81ms (cache miss)
npm http fetch GET 200 https://vltoss.jfrog.io/artifactory/api/npm/benchmark-npm-remote/@rollup%2frollup-linux-riscv64-musl 81ms (cache miss)
npm http fetch GET 200 https://vltoss.jfrog.io/artifactory/api/npm/benchmark-npm-remote/@rollup%2frollup-linux-arm-gnueabihf 96ms (cache miss)
npm http fetch GET 200 https://vltoss.jfrog.io/artifactory/api/npm/benchmark-npm-remote/@rollup%2frollup-linux-arm-musleabihf 90ms (cache miss)
npm http fetch GET 200 https://vltoss.jfrog.io/artifactory/api/npm/benchmark-npm-remote/tinyglobby/-/tinyglobby-0.2.17.tgz 108ms (cache miss)
npm http fetch GET 200 https://vltoss.jfrog.io/artifactory/api/npm/benchmark-npm-remote/source-map-js/-/source-map-js-1.2.2.tgz 114ms (cache miss)
npm http fetch GET 200 https://vltoss.jfrog.io/artifactory/api/npm/benchmark-npm-remote/@jridgewell/resolve-uri/-/resolve-uri-3.1.2.tgz 182ms (cache miss)
npm http fetch GET 200 https://vltoss.jfrog.io/artifactory/api/npm/benchmark-npm-remote/@jridgewell/gen-mapping/-/gen-mapping-0.3.13.tgz 192ms (cache miss)
npm http fetch GET 200 https://vltoss.jfrog.io/artifactory/api/npm/benchmark-npm-remote/@jridgewell/trace-mapping/-/trace-mapping-0.3.31.tgz 209ms (cache miss)
npm http fetch GET 200 https://vltoss.jfrog.io/artifactory/api/npm/benchmark-npm-remote/zimmerframe/-/zimmerframe-1.1.5.tgz 252ms (cache miss)
npm http fetch GET 200 https://vltoss.jfrog.io/artifactory/api/npm/benchmark-npm-remote/is-reference/-/is-reference-3.0.3.tgz 253ms (cache miss)
npm http fetch GET 200 https://vltoss.jfrog.io/artifactory/api/npm/benchmark-npm-remote/locate-character/-/locate-character-3.0.0.tgz 253ms (cache miss)
npm http fetch GET 200 https://vltoss.jfrog.io/artifactory/api/npm/benchmark-npm-remote/@sveltejs/load-config/-/load-config-0.2.3.tgz 301ms (cache miss)
npm http fetch GET 200 https://vltoss.jfrog.io/artifactory/api/npm/benchmark-npm-remote/picocolors/-/picocolors-1.1.1.tgz 302ms (cache miss)
npm http fetch GET 200 https://vltoss.jfrog.io/artifactory/api/npm/benchmark-npm-remote/mri/-/mri-1.2.0.tgz 303ms (cache miss)
npm http fetch GET 200 https://vltoss.jfrog.io/artifactory/api/npm/benchmark-npm-remote/nanoid/-/nanoid-3.3.19.tgz 306ms (cache miss)
npm http fetch GET 200 https://vltoss.jfrog.io/artifactory/api/npm/benchmark-npm-remote/clsx/-/clsx-2.1.1.tgz 329ms (cache miss)
npm http fetch GET 200 https://vltoss.jfrog.io/artifactory/api/npm/benchmark-npm-remote/readdirp/-/readdirp-4.1.2.tgz 346ms (cache miss)
npm http fetch GET 200 https://vltoss.jfrog.io/artifactory/api/npm/benchmark-npm-remote/fdir/-/fdir-6.5.0.tgz 356ms (cache miss)
npm http fetch GET 200 https://vltoss.jfrog.io/artifactory/api/npm/benchmark-npm-remote/picomatch/-/picomatch-4.0.7.tgz 367ms (cache miss)
npm http fetch GET 200 https://vltoss.jfrog.io/artifactory/api/npm/benchmark-npm-remote/sade/-/sade-1.8.1.tgz 372ms (cache miss)
npm http fetch GET 200 https://vltoss.jfrog.io/artifactory/api/npm/benchmark-npm-remote/esbuild/-/esbuild-0.25.12.tgz 380ms (cache miss)
npm http fetch GET 200 https://vltoss.jfrog.io/artifactory/api/npm/benchmark-npm-remote/@types/estree/-/estree-1.0.9.tgz 377ms (cache miss)
npm http fetch GET 200 https://vltoss.jfrog.io/artifactory/api/npm/benchmark-npm-remote/totalist/-/totalist-3.0.1.tgz 378ms (cache miss)
npm http fetch GET 200 https://vltoss.jfrog.io/artifactory/api/npm/benchmark-npm-remote/@polka/url/-/url-1.0.0-next.29.tgz 379ms (cache miss)
npm http fetch GET 200 https://vltoss.jfrog.io/artifactory/api/npm/benchmark-npm-remote/esrap/-/esrap-2.4.0.tgz 381ms (cache miss)
npm http fetch GET 200 https://vltoss.jfrog.io/artifactory/api/npm/benchmark-npm-remote/postcss/-/postcss-8.5.28.tgz 399ms (cache miss)
npm http fetch GET 200 https://vltoss.jfrog.io/artifactory/api/npm/benchmark-npm-remote/ms/-/ms-2.1.3.tgz 423ms (cache miss)
npm http fetch GET 200 https://vltoss.jfrog.io/artifactory/api/npm/benchmark-npm-remote/vitefu/-/vitefu-1.1.3.tgz 431ms (cache miss)
npm http fetch GET 200 https://vltoss.jfrog.io/artifactory/api/npm/benchmark-npm-remote/deepmerge/-/deepmerge-4.3.1.tgz 431ms (cache miss)
npm http fetch GET 200 https://vltoss.jfrog.io/artifactory/api/npm/benchmark-npm-remote/chokidar/-/chokidar-4.0.3.tgz 443ms (cache miss)
npm http fetch GET 200 https://vltoss.jfrog.io/artifactory/api/npm/benchmark-npm-remote/sirv/-/sirv-3.0.2.tgz 442ms (cache miss)
npm http fetch GET 200 https://vltoss.jfrog.io/artifactory/api/npm/benchmark-npm-remote/mrmime/-/mrmime-2.0.1.tgz 448ms (cache miss)
npm http fetch GET 200 https://vltoss.jfrog.io/artifactory/api/npm/benchmark-npm-remote/debug/-/debug-4.4.3.tgz 451ms (cache miss)
npm http fetch GET 200 https://vltoss.jfrog.io/artifactory/api/npm/benchmark-npm-remote/set-cookie-parser/-/set-cookie-parser-3.1.2.tgz 450ms (cache miss)
npm http fetch GET 200 https://vltoss.jfrog.io/artifactory/api/npm/benchmark-npm-remote/@sveltejs/vite-plugin-svelte-inspector/-/vite-plugin-svelte-inspector-4.0.1.tgz 452ms (cache miss)
npm http fetch GET 200 https://vltoss.jfrog.io/artifactory/api/npm/benchmark-npm-remote/esm-env/-/esm-env-1.2.2.tgz 453ms (cache miss)
npm http fetch GET 200 https://vltoss.jfrog.io/artifactory/api/npm/benchmark-npm-remote/@jridgewell/sourcemap-codec/-/sourcemap-codec-1.6.0.tgz 460ms (cache miss)
npm http fetch GET 200 https://vltoss.jfrog.io/artifactory/api/npm/benchmark-npm-remote/cookie/-/cookie-0.6.0.tgz 466ms (cache miss)
npm http fetch GET 200 https://vltoss.jfrog.io/artifactory/api/npm/benchmark-npm-remote/@types/cookie/-/cookie-0.6.0.tgz 509ms (cache miss)
npm http fetch GET 200 https://vltoss.jfrog.io/artifactory/api/npm/benchmark-npm-remote/@standard-schema/spec/-/spec-1.1.0.tgz 519ms (cache miss)
npm http fetch GET 200 https://vltoss.jfrog.io/artifactory/api/npm/benchmark-npm-remote/kleur/-/kleur-4.1.5.tgz 521ms (cache miss)
npm http fetch GET 200 https://vltoss.jfrog.io/artifactory/api/npm/benchmark-npm-remote/@sveltejs/adapter-auto/-/adapter-auto-3.3.1.tgz 527ms (cache miss)
npm http fetch GET 200 https://vltoss.jfrog.io/artifactory/api/npm/benchmark-npm-remote/devalue/-/devalue-5.9.4.tgz 529ms (cache miss)
npm http fetch GET 200 https://vltoss.jfrog.io/artifactory/api/npm/benchmark-npm-remote/@sveltejs/acorn-typescript/-/acorn-typescript-1.0.13.tgz 531ms (cache miss)
npm http fetch GET 200 https://vltoss.jfrog.io/artifactory/api/npm/benchmark-npm-remote/import-meta-resolve/-/import-meta-resolve-4.2.0.tgz 539ms (cache miss)
npm http fetch GET 200 https://vltoss.jfrog.io/artifactory/api/npm/benchmark-npm-remote/acorn/-/acorn-8.18.0.tgz 547ms (cache miss)
npm http fetch GET 200 https://vltoss.jfrog.io/artifactory/api/npm/benchmark-npm-remote/axobject-query/-/axobject-query-4.1.0.tgz 558ms (cache miss)
npm http fetch GET 200 https://vltoss.jfrog.io/artifactory/api/npm/benchmark-npm-remote/magic-string/-/magic-string-0.30.21.tgz 569ms (cache miss)
npm http fetch GET 200 https://vltoss.jfrog.io/artifactory/api/npm/benchmark-npm-remote/@neoconfetti/svelte/-/svelte-2.2.2.tgz 566ms (cache miss)
npm http fetch GET 200 https://vltoss.jfrog.io/artifactory/api/npm/benchmark-npm-remote/@sveltejs/vite-plugin-svelte/-/vite-plugin-svelte-5.1.1.tgz 575ms (cache miss)
npm http fetch GET 200 https://vltoss.jfrog.io/artifactory/api/npm/benchmark-npm-remote/@jridgewell/remapping/-/remapping-2.3.5.tgz 578ms (cache miss)
npm http fetch GET 200 https://vltoss.jfrog.io/artifactory/api/npm/benchmark-npm-remote/aria-query/-/aria-query-5.3.1.tgz 615ms (cache miss)
npm http fetch GET 200 https://jfrog-prod-use2-shared-ohio-main.s3.amazonaws.com/aol-a0eigilwc24ii/filestore/a7/a7b08a3274a3a57e0f34ad4e418036b17c57af8e?response-content-disposition=attachment%3Bfilename%3D%22rollup-linux-arm64-gnu-4.63.6.tgz%22&response-content-type=application%2Fx-gzip&X-Artifactory-username=darcy%40vlt.sh&X-Artifactory-repoType=local&X-Artifactory-repositoryKey=benchmark-npm-remote-cache&X-Artifactory-originPackageType=npm&X-Artifactory-packageType=npm&X-Artifactory-artifactPath=%40rollup%2Frollup-linux-arm64-gnu%2F-%2Frollup-linux-arm64-gnu-4.63.6.tgz&X-Artifactory-originProjectKey=benchmark&X-Artifactory-projectKey=benchmark&X-Artifactory-originRepoType=remote&X-Artifactory-originRepositoryKey=benchmark-npm-remote&x-jf-traceId=bde234b8f9858d28d7c298facde48269&X-Amz-Security-Token=IQoJb3JpZ2luX2VjEMv%2F%2F%2F%2F%2F%2F%2F%2F%2F%2FwEaCXVzLWVhc3QtMiJHMEUCIQDpYjD1u%2B9SX2Y2uOkgt%2FlVH9CtbHOUM4ZR9IzpNqHMqwIgBwSyHJoS41Yce3BInW6ATVkYYo1%2Fd9HIEWvkHdFHfjoqmwUIlP%2F%2F%2F%2F%2F%2F%2F%2F%2F%2FARAAGgw3MjE4ODI2MTMwMzciDKs4jc%2FEpVQlLcMVgirvBHy7M3no1h7mwKxBL%2Fl%2FiH9RdAhP2ahTGKwYpioONZgPaN%2Fgtvs51x9O1l4SYlhT2gyGtyX71qUNI1WytV3VWmgwkLdaQGxu0kBGKLzvzYyJuIyYJC245WizNA9mTpfjV7DSIN2Tkk896eGBpyXNhqFzu3UGrt5TmuuBhMNc6gy0nEZZFHM%2FDOllupZqYMSHemXJzhlPZmgUZ6M1Gfey2yGyLOM9a0IGo4qt0NqlSu13%2FcKCiUaY5lTfWqqLEHZistbpQTQHjQYoKsFdCOf0f5KKL0LHkbO3%2BJ5R47uEc0gADl3oyzCoj%2FsOZCfjwULVqu1zE9uboVhUq2qd14Db7%2FnhabUd6PYrTvk2NQfssnkVfPgbWjAhIG%2BDv%2BqEUgtvJRa%2FoA4p1EEEJ2roM1jBxRHfuFm7%2B%2FDFFmfZKDO8R1%2BKOGE6p0C1dwqpV7yqAARzrb76ddsnfJdKhqoWOKC6feRoa8XyvnhAh8iotW%2B13LeKdmLMwaHhl0ZWxP8ihvYZMvMnSQZbg8UdEH96GLhH4qgZyJSR6qYWeiwfW00PhzJPACwCzEfH3eX%2BH1S88m2Jy00AB08uBOl7cKqdwISn%2BwgKPbkxZbqq27RXMqSzjlmgC0hhsAJpT7%2BQkV8zlF4J2n2bdygp9IrSCDc%2Bp5EkBHd7xHlr4NiN0WrP%2Ff7d0xBZabeTbVHd3oS%2BzBiAO%2BTsfIlu%2BtMTRC%2B3HxVVAosIr9QsfmmJX8%2Bl%2FsxpfYHIda42lupVx3pPqFvVQDMQUXk7DH%2B4apfM%2BqG%2BPNqM2g5NvXopfJSXqSOsZ%2FFM7Z3E3D1gkQ652Md88XBKwHSkUe0xMNSQ%2FtUGOpkBC96XzlPmxItRtZRrYXwMiWLT0R21GWXaELyzH4dK8uBtfEPw3x1UMPL5vP5bwVkYeOp3pDI0ob%2FkbjroQtK3yq9YjinSV3x3EuTg7mGAlogbJIlqhJhA0%2FHuenblyZtMFiT99%2BCo6Tn5c0i4KWnoKnNAHAsT4aX2TadgbNLKvE7o5Pk8F36CjYlbndztt0Jts66AENosfhWm&X-Amz-Algorithm=AWS4-HMAC-SHA256&X-Amz-Date=20261002T103448Z&X-Amz-SignedHeaders=host&X-Amz-Credential=ASIA2QE4OQUWYUACK7CQ%2F20261002%2Fus-east-2%2Fs3%2Faws4_request&X-Amz-Expires=30&X-Amz-Signature=0ad2e2b0b7c8ed18013963ee38b823d8d1cc76ec98497b5fe68a47d5f1ea712d 732ms (cache miss)
npm http fetch GET 200 https://jfrog-prod-use2-shared-ohio-main.s3.amazonaws.com/aol-a0eigilwc24ii/filestore/99/9961afdf2f64d9cd31ce08abe7f116d10b7a4d02?response-content-disposition=attachment%3Bfilename%3D%22rollup-4.63.6.tgz%22&response-content-type=application%2Fx-gzip&X-Artifactory-username=darcy%40vlt.sh&X-Artifactory-repoType=local&X-Artifactory-repositoryKey=benchmark-npm-remote-cache&X-Artifactory-originPackageType=npm&X-Artifactory-packageType=npm&X-Artifactory-artifactPath=rollup%2F-%2Frollup-4.63.6.tgz&X-Artifactory-originProjectKey=benchmark&X-Artifactory-projectKey=benchmark&X-Artifactory-originRepoType=remote&X-Artifactory-originRepositoryKey=benchmark-npm-remote&x-jf-traceId=8acdd134d5326bd662e9219214d14610&X-Amz-Security-Token=IQoJb3JpZ2luX2VjEMv%2F%2F%2F%2F%2F%2F%2F%2F%2F%2FwEaCXVzLWVhc3QtMiJHMEUCIQDpYjD1u%2B9SX2Y2uOkgt%2FlVH9CtbHOUM4ZR9IzpNqHMqwIgBwSyHJoS41Yce3BInW6ATVkYYo1%2Fd9HIEWvkHdFHfjoqmwUIlP%2F%2F%2F%2F%2F%2F%2F%2F%2F%2FARAAGgw3MjE4ODI2MTMwMzciDKs4jc%2FEpVQlLcMVgirvBHy7M3no1h7mwKxBL%2Fl%2FiH9RdAhP2ahTGKwYpioONZgPaN%2Fgtvs51x9O1l4SYlhT2gyGtyX71qUNI1WytV3VWmgwkLdaQGxu0kBGKLzvzYyJuIyYJC245WizNA9mTpfjV7DSIN2Tkk896eGBpyXNhqFzu3UGrt5TmuuBhMNc6gy0nEZZFHM%2FDOllupZqYMSHemXJzhlPZmgUZ6M1Gfey2yGyLOM9a0IGo4qt0NqlSu13%2FcKCiUaY5lTfWqqLEHZistbpQTQHjQYoKsFdCOf0f5KKL0LHkbO3%2BJ5R47uEc0gADl3oyzCoj%2FsOZCfjwULVqu1zE9uboVhUq2qd14Db7%2FnhabUd6PYrTvk2NQfssnkVfPgbWjAhIG%2BDv%2BqEUgtvJRa%2FoA4p1EEEJ2roM1jBxRHfuFm7%2B%2FDFFmfZKDO8R1%2BKOGE6p0C1dwqpV7yqAARzrb76ddsnfJdKhqoWOKC6feRoa8XyvnhAh8iotW%2B13LeKdmLMwaHhl0ZWxP8ihvYZMvMnSQZbg8UdEH96GLhH4qgZyJSR6qYWeiwfW00PhzJPACwCzEfH3eX%2BH1S88m2Jy00AB08uBOl7cKqdwISn%2BwgKPbkxZbqq27RXMqSzjlmgC0hhsAJpT7%2BQkV8zlF4J2n2bdygp9IrSCDc%2Bp5EkBHd7xHlr4NiN0WrP%2Ff7d0xBZabeTbVHd3oS%2BzBiAO%2BTsfIlu%2BtMTRC%2B3HxVVAosIr9QsfmmJX8%2Bl%2FsxpfYHIda42lupVx3pPqFvVQDMQUXk7DH%2B4apfM%2BqG%2BPNqM2g5NvXopfJSXqSOsZ%2FFM7Z3E3D1gkQ652Md88XBKwHSkUe0xMNSQ%2FtUGOpkBC96XzlPmxItRtZRrYXwMiWLT0R21GWXaELyzH4dK8uBtfEPw3x1UMPL5vP5bwVkYeOp3pDI0ob%2FkbjroQtK3yq9YjinSV3x3EuTg7mGAlogbJIlqhJhA0%2FHuenblyZtMFiT99%2BCo6Tn5c0i4KWnoKnNAHAsT4aX2TadgbNLKvE7o5Pk8F36CjYlbndztt0Jts66AENosfhWm&X-Amz-Algorithm=AWS4-HMAC-SHA256&X-Amz-Date=20261002T103449Z&X-Amz-SignedHeaders=host&X-Amz-Credential=ASIA2QE4OQUWYUACK7CQ%2F20261002%2Fus-east-2%2Fs3%2Faws4_request&X-Amz-Expires=30&X-Amz-Signature=e4f8f28e244a9b4b13fe0b761ae5f4b33be1d1703f8b132c7b8e45a8950a87cd 887ms (cache miss)
npm http fetch GET 200 https://jfrog-prod-use2-shared-ohio-main.s3.amazonaws.com/aol-a0eigilwc24ii/filestore/55/55d7194076b92fddba25f8ac9b3cc8c0f365a3a3?response-content-disposition=attachment%3Bfilename%3D%22fira-mono-5.3.0.tgz%22&response-content-type=application%2Fx-gzip&X-Artifactory-username=darcy%40vlt.sh&X-Artifactory-repoType=local&X-Artifactory-repositoryKey=benchmark-npm-remote-cache&X-Artifactory-originPackageType=npm&X-Artifactory-packageType=npm&X-Artifactory-artifactPath=%40fontsource%2Ffira-mono%2F-%2Ffira-mono-5.3.0.tgz&X-Artifactory-originProjectKey=benchmark&X-Artifactory-projectKey=benchmark&X-Artifactory-originRepoType=remote&X-Artifactory-originRepositoryKey=benchmark-npm-remote&x-jf-traceId=97314acdb11b26e1cf859d624c74a712&X-Amz-Security-Token=IQoJb3JpZ2luX2VjEMv%2F%2F%2F%2F%2F%2F%2F%2F%2F%2FwEaCXVzLWVhc3QtMiJHMEUCIQDpYjD1u%2B9SX2Y2uOkgt%2FlVH9CtbHOUM4ZR9IzpNqHMqwIgBwSyHJoS41Yce3BInW6ATVkYYo1%2Fd9HIEWvkHdFHfjoqmwUIlP%2F%2F%2F%2F%2F%2F%2F%2F%2F%2FARAAGgw3MjE4ODI2MTMwMzciDKs4jc%2FEpVQlLcMVgirvBHy7M3no1h7mwKxBL%2Fl%2FiH9RdAhP2ahTGKwYpioONZgPaN%2Fgtvs51x9O1l4SYlhT2gyGtyX71qUNI1WytV3VWmgwkLdaQGxu0kBGKLzvzYyJuIyYJC245WizNA9mTpfjV7DSIN2Tkk896eGBpyXNhqFzu3UGrt5TmuuBhMNc6gy0nEZZFHM%2FDOllupZqYMSHemXJzhlPZmgUZ6M1Gfey2yGyLOM9a0IGo4qt0NqlSu13%2FcKCiUaY5lTfWqqLEHZistbpQTQHjQYoKsFdCOf0f5KKL0LHkbO3%2BJ5R47uEc0gADl3oyzCoj%2FsOZCfjwULVqu1zE9uboVhUq2qd14Db7%2FnhabUd6PYrTvk2NQfssnkVfPgbWjAhIG%2BDv%2BqEUgtvJRa%2FoA4p1EEEJ2roM1jBxRHfuFm7%2B%2FDFFmfZKDO8R1%2BKOGE6p0C1dwqpV7yqAARzrb76ddsnfJdKhqoWOKC6feRoa8XyvnhAh8iotW%2B13LeKdmLMwaHhl0ZWxP8ihvYZMvMnSQZbg8UdEH96GLhH4qgZyJSR6qYWeiwfW00PhzJPACwCzEfH3eX%2BH1S88m2Jy00AB08uBOl7cKqdwISn%2BwgKPbkxZbqq27RXMqSzjlmgC0hhsAJpT7%2BQkV8zlF4J2n2bdygp9IrSCDc%2Bp5EkBHd7xHlr4NiN0WrP%2Ff7d0xBZabeTbVHd3oS%2BzBiAO%2BTsfIlu%2BtMTRC%2B3HxVVAosIr9QsfmmJX8%2Bl%2FsxpfYHIda42lupVx3pPqFvVQDMQUXk7DH%2B4apfM%2BqG%2BPNqM2g5NvXopfJSXqSOsZ%2FFM7Z3E3D1gkQ652Md88XBKwHSkUe0xMNSQ%2FtUGOpkBC96XzlPmxItRtZRrYXwMiWLT0R21GWXaELyzH4dK8uBtfEPw3x1UMPL5vP5bwVkYeOp3pDI0ob%2FkbjroQtK3yq9YjinSV3x3EuTg7mGAlogbJIlqhJhA0%2FHuenblyZtMFiT99%2BCo6Tn5c0i4KWnoKnNAHAsT4aX2TadgbNLKvE7o5Pk8F36CjYlbndztt0Jts66AENosfhWm&X-Amz-Algorithm=AWS4-HMAC-SHA256&X-Amz-Date=20261002T103449Z&X-Amz-SignedHeaders=host&X-Amz-Credential=ASIA2QE4OQUWYUACK7CQ%2F20261002%2Fus-east-2%2Fs3%2Faws4_request&X-Amz-Expires=30&X-Amz-Signature=39d9ac5cae46e77d16bc5fa45672c46f4f02c9dcaa909f365387d54cbf857b3e 1022ms (cache miss)
npm http fetch GET 200 https://jfrog-prod-use2-shared-ohio-main.s3.amazonaws.com/aol-a0eigilwc24ii/filestore/85/85a164db7ce706f2a776812efa2b340f1721858e?response-content-disposition=attachment%3Bfilename%3D%22vite-6.4.3.tgz%22&response-content-type=application%2Fx-gzip&X-Artifactory-username=darcy%40vlt.sh&X-Artifactory-repoType=local&X-Artifactory-repositoryKey=benchmark-npm-remote-cache&X-Artifactory-originPackageType=npm&X-Artifactory-packageType=npm&X-Artifactory-artifactPath=vite%2F-%2Fvite-6.4.3.tgz&X-Artifactory-originProjectKey=benchmark&X-Artifactory-projectKey=benchmark&X-Artifactory-originRepoType=remote&X-Artifactory-originRepositoryKey=benchmark-npm-remote&x-jf-traceId=fc05ff029266e32e9b8603de7d89d5c4&X-Amz-Security-Token=IQoJb3JpZ2luX2VjEMv%2F%2F%2F%2F%2F%2F%2F%2F%2F%2FwEaCXVzLWVhc3QtMiJHMEUCIQDpYjD1u%2B9SX2Y2uOkgt%2FlVH9CtbHOUM4ZR9IzpNqHMqwIgBwSyHJoS41Yce3BInW6ATVkYYo1%2Fd9HIEWvkHdFHfjoqmwUIlP%2F%2F%2F%2F%2F%2F%2F%2F%2F%2FARAAGgw3MjE4ODI2MTMwMzciDKs4jc%2FEpVQlLcMVgirvBHy7M3no1h7mwKxBL%2Fl%2FiH9RdAhP2ahTGKwYpioONZgPaN%2Fgtvs51x9O1l4SYlhT2gyGtyX71qUNI1WytV3VWmgwkLdaQGxu0kBGKLzvzYyJuIyYJC245WizNA9mTpfjV7DSIN2Tkk896eGBpyXNhqFzu3UGrt5TmuuBhMNc6gy0nEZZFHM%2FDOllupZqYMSHemXJzhlPZmgUZ6M1Gfey2yGyLOM9a0IGo4qt0NqlSu13%2FcKCiUaY5lTfWqqLEHZistbpQTQHjQYoKsFdCOf0f5KKL0LHkbO3%2BJ5R47uEc0gADl3oyzCoj%2FsOZCfjwULVqu1zE9uboVhUq2qd14Db7%2FnhabUd6PYrTvk2NQfssnkVfPgbWjAhIG%2BDv%2BqEUgtvJRa%2FoA4p1EEEJ2roM1jBxRHfuFm7%2B%2FDFFmfZKDO8R1%2BKOGE6p0C1dwqpV7yqAARzrb76ddsnfJdKhqoWOKC6feRoa8XyvnhAh8iotW%2B13LeKdmLMwaHhl0ZWxP8ihvYZMvMnSQZbg8UdEH96GLhH4qgZyJSR6qYWeiwfW00PhzJPACwCzEfH3eX%2BH1S88m2Jy00AB08uBOl7cKqdwISn%2BwgKPbkxZbqq27RXMqSzjlmgC0hhsAJpT7%2BQkV8zlF4J2n2bdygp9IrSCDc%2Bp5EkBHd7xHlr4NiN0WrP%2Ff7d0xBZabeTbVHd3oS%2BzBiAO%2BTsfIlu%2BtMTRC%2B3HxVVAosIr9QsfmmJX8%2Bl%2FsxpfYHIda42lupVx3pPqFvVQDMQUXk7DH%2B4apfM%2BqG%2BPNqM2g5NvXopfJSXqSOsZ%2FFM7Z3E3D1gkQ652Md88XBKwHSkUe0xMNSQ%2FtUGOpkBC96XzlPmxItRtZRrYXwMiWLT0R21GWXaELyzH4dK8uBtfEPw3x1UMPL5vP5bwVkYeOp3pDI0ob%2FkbjroQtK3yq9YjinSV3x3EuTg7mGAlogbJIlqhJhA0%2FHuenblyZtMFiT99%2BCo6Tn5c0i4KWnoKnNAHAsT4aX2TadgbNLKvE7o5Pk8F36CjYlbndztt0Jts66AENosfhWm&X-Amz-Algorithm=AWS4-HMAC-SHA256&X-Amz-Date=20261002T103449Z&X-Amz-SignedHeaders=host&X-Amz-Credential=ASIA2QE4OQUWYUACK7CQ%2F20261002%2Fus-east-2%2Fs3%2Faws4_request&X-Amz-Expires=30&X-Amz-Signature=5730098ceed7729fab134032ee80df6cc17c60b8424bca34cfc435d0c06de4e1 1037ms (cache miss)
npm http fetch GET 200 https://jfrog-prod-use2-shared-ohio-main.s3.amazonaws.com/aol-a0eigilwc24ii/filestore/29/29199518912d79989cfd0460b1c931ff2dc1deb6?response-content-disposition=attachment%3Bfilename%3D%22kit-2.70.3.tgz%22&response-content-type=application%2Fx-gzip&X-Artifactory-username=darcy%40vlt.sh&X-Artifactory-repoType=local&X-Artifactory-repositoryKey=benchmark-npm-remote-cache&X-Artifactory-originPackageType=npm&X-Artifactory-packageType=npm&X-Artifactory-artifactPath=%40sveltejs%2Fkit%2F-%2Fkit-2.70.3.tgz&X-Artifactory-originProjectKey=benchmark&X-Artifactory-projectKey=benchmark&X-Artifactory-originRepoType=remote&X-Artifactory-originRepositoryKey=benchmark-npm-remote&x-jf-traceId=01da8af3f256567cf33468216cbac222&X-Amz-Security-Token=IQoJb3JpZ2luX2VjEMv%2F%2F%2F%2F%2F%2F%2F%2F%2F%2FwEaCXVzLWVhc3QtMiJHMEUCIQDpYjD1u%2B9SX2Y2uOkgt%2FlVH9CtbHOUM4ZR9IzpNqHMqwIgBwSyHJoS41Yce3BInW6ATVkYYo1%2Fd9HIEWvkHdFHfjoqmwUIlP%2F%2F%2F%2F%2F%2F%2F%2F%2F%2FARAAGgw3MjE4ODI2MTMwMzciDKs4jc%2FEpVQlLcMVgirvBHy7M3no1h7mwKxBL%2Fl%2FiH9RdAhP2ahTGKwYpioONZgPaN%2Fgtvs51x9O1l4SYlhT2gyGtyX71qUNI1WytV3VWmgwkLdaQGxu0kBGKLzvzYyJuIyYJC245WizNA9mTpfjV7DSIN2Tkk896eGBpyXNhqFzu3UGrt5TmuuBhMNc6gy0nEZZFHM%2FDOllupZqYMSHemXJzhlPZmgUZ6M1Gfey2yGyLOM9a0IGo4qt0NqlSu13%2FcKCiUaY5lTfWqqLEHZistbpQTQHjQYoKsFdCOf0f5KKL0LHkbO3%2BJ5R47uEc0gADl3oyzCoj%2FsOZCfjwULVqu1zE9uboVhUq2qd14Db7%2FnhabUd6PYrTvk2NQfssnkVfPgbWjAhIG%2BDv%2BqEUgtvJRa%2FoA4p1EEEJ2roM1jBxRHfuFm7%2B%2FDFFmfZKDO8R1%2BKOGE6p0C1dwqpV7yqAARzrb76ddsnfJdKhqoWOKC6feRoa8XyvnhAh8iotW%2B13LeKdmLMwaHhl0ZWxP8ihvYZMvMnSQZbg8UdEH96GLhH4qgZyJSR6qYWeiwfW00PhzJPACwCzEfH3eX%2BH1S88m2Jy00AB08uBOl7cKqdwISn%2BwgKPbkxZbqq27RXMqSzjlmgC0hhsAJpT7%2BQkV8zlF4J2n2bdygp9IrSCDc%2Bp5EkBHd7xHlr4NiN0WrP%2Ff7d0xBZabeTbVHd3oS%2BzBiAO%2BTsfIlu%2BtMTRC%2B3HxVVAosIr9QsfmmJX8%2Bl%2FsxpfYHIda42lupVx3pPqFvVQDMQUXk7DH%2B4apfM%2BqG%2BPNqM2g5NvXopfJSXqSOsZ%2FFM7Z3E3D1gkQ652Md88XBKwHSkUe0xMNSQ%2FtUGOpkBC96XzlPmxItRtZRrYXwMiWLT0R21GWXaELyzH4dK8uBtfEPw3x1UMPL5vP5bwVkYeOp3pDI0ob%2FkbjroQtK3yq9YjinSV3x3EuTg7mGAlogbJIlqhJhA0%2FHuenblyZtMFiT99%2BCo6Tn5c0i4KWnoKnNAHAsT4aX2TadgbNLKvE7o5Pk8F36CjYlbndztt0Jts66AENosfhWm&X-Amz-Algorithm=AWS4-HMAC-SHA256&X-Amz-Date=20261002T103449Z&X-Amz-SignedHeaders=host&X-Amz-Credential=ASIA2QE4OQUWYUACK7CQ%2F20261002%2Fus-east-2%2Fs3%2Faws4_request&X-Amz-Expires=30&X-Amz-Signature=4a7757e7da327d751003718f478ae0f8b4c12c043e265f7666703febeadbff43 1039ms (cache miss)
npm http fetch GET 200 https://jfrog-prod-use2-shared-ohio-main.s3.amazonaws.com/aol-a0eigilwc24ii/filestore/63/63cba2ab096d3c96b6b483575815f1f88acfe039?response-content-disposition=attachment%3Bfilename%3D%22svelte-check-4.7.6.tgz%22&response-content-type=application%2Fx-gzip&X-Artifactory-username=darcy%40vlt.sh&X-Artifactory-repoType=local&X-Artifactory-repositoryKey=benchmark-npm-remote-cache&X-Artifactory-originPackageType=npm&X-Artifactory-packageType=npm&X-Artifactory-artifactPath=svelte-check%2F-%2Fsvelte-check-4.7.6.tgz&X-Artifactory-originProjectKey=benchmark&X-Artifactory-projectKey=benchmark&X-Artifactory-originRepoType=remote&X-Artifactory-originRepositoryKey=benchmark-npm-remote&x-jf-traceId=692961c7ff08247709371bd62ef87ac6&X-Amz-Security-Token=IQoJb3JpZ2luX2VjEMv%2F%2F%2F%2F%2F%2F%2F%2F%2F%2FwEaCXVzLWVhc3QtMiJHMEUCIQDpYjD1u%2B9SX2Y2uOkgt%2FlVH9CtbHOUM4ZR9IzpNqHMqwIgBwSyHJoS41Yce3BInW6ATVkYYo1%2Fd9HIEWvkHdFHfjoqmwUIlP%2F%2F%2F%2F%2F%2F%2F%2F%2F%2FARAAGgw3MjE4ODI2MTMwMzciDKs4jc%2FEpVQlLcMVgirvBHy7M3no1h7mwKxBL%2Fl%2FiH9RdAhP2ahTGKwYpioONZgPaN%2Fgtvs51x9O1l4SYlhT2gyGtyX71qUNI1WytV3VWmgwkLdaQGxu0kBGKLzvzYyJuIyYJC245WizNA9mTpfjV7DSIN2Tkk896eGBpyXNhqFzu3UGrt5TmuuBhMNc6gy0nEZZFHM%2FDOllupZqYMSHemXJzhlPZmgUZ6M1Gfey2yGyLOM9a0IGo4qt0NqlSu13%2FcKCiUaY5lTfWqqLEHZistbpQTQHjQYoKsFdCOf0f5KKL0LHkbO3%2BJ5R47uEc0gADl3oyzCoj%2FsOZCfjwULVqu1zE9uboVhUq2qd14Db7%2FnhabUd6PYrTvk2NQfssnkVfPgbWjAhIG%2BDv%2BqEUgtvJRa%2FoA4p1EEEJ2roM1jBxRHfuFm7%2B%2FDFFmfZKDO8R1%2BKOGE6p0C1dwqpV7yqAARzrb76ddsnfJdKhqoWOKC6feRoa8XyvnhAh8iotW%2B13LeKdmLMwaHhl0ZWxP8ihvYZMvMnSQZbg8UdEH96GLhH4qgZyJSR6qYWeiwfW00PhzJPACwCzEfH3eX%2BH1S88m2Jy00AB08uBOl7cKqdwISn%2BwgKPbkxZbqq27RXMqSzjlmgC0hhsAJpT7%2BQkV8zlF4J2n2bdygp9IrSCDc%2Bp5EkBHd7xHlr4NiN0WrP%2Ff7d0xBZabeTbVHd3oS%2BzBiAO%2BTsfIlu%2BtMTRC%2B3HxVVAosIr9QsfmmJX8%2Bl%2FsxpfYHIda42lupVx3pPqFvVQDMQUXk7DH%2B4apfM%2BqG%2BPNqM2g5NvXopfJSXqSOsZ%2FFM7Z3E3D1gkQ652Md88XBKwHSkUe0xMNSQ%2FtUGOpkBC96XzlPmxItRtZRrYXwMiWLT0R21GWXaELyzH4dK8uBtfEPw3x1UMPL5vP5bwVkYeOp3pDI0ob%2FkbjroQtK3yq9YjinSV3x3EuTg7mGAlogbJIlqhJhA0%2FHuenblyZtMFiT99%2BCo6Tn5c0i4KWnoKnNAHAsT4aX2TadgbNLKvE7o5Pk8F36CjYlbndztt0Jts66AENosfhWm&X-Amz-Algorithm=AWS4-HMAC-SHA256&X-Amz-Date=20261002T103449Z&X-Amz-SignedHeaders=host&X-Amz-Credential=ASIA2QE4OQUWYUACK7CQ%2F20261002%2Fus-east-2%2Fs3%2Faws4_request&X-Amz-Expires=30&X-Amz-Signature=36e6a20a762609d714fe1b6fa0ca89dec50daa16d8561eca1a48f47dd136dd14 1182ms (cache miss)
npm http fetch GET 200 https://jfrog-prod-use2-shared-ohio-main.s3.amazonaws.com/aol-a0eigilwc24ii/filestore/57/57f287fa7872652ae762dba70599d662a549af15?response-content-disposition=attachment%3Bfilename%3D%22svelte-5.57.1.tgz%22&response-content-type=application%2Fx-gzip&X-Artifactory-username=darcy%40vlt.sh&X-Artifactory-repoType=local&X-Artifactory-repositoryKey=benchmark-npm-remote-cache&X-Artifactory-originPackageType=npm&X-Artifactory-packageType=npm&X-Artifactory-artifactPath=svelte%2F-%2Fsvelte-5.57.1.tgz&X-Artifactory-originProjectKey=benchmark&X-Artifactory-projectKey=benchmark&X-Artifactory-originRepoType=remote&X-Artifactory-originRepositoryKey=benchmark-npm-remote&x-jf-traceId=57f238e74b3d0ff6654f65f2682dc07c&X-Amz-Security-Token=IQoJb3JpZ2luX2VjEMv%2F%2F%2F%2F%2F%2F%2F%2F%2F%2FwEaCXVzLWVhc3QtMiJHMEUCIQDpYjD1u%2B9SX2Y2uOkgt%2FlVH9CtbHOUM4ZR9IzpNqHMqwIgBwSyHJoS41Yce3BInW6ATVkYYo1%2Fd9HIEWvkHdFHfjoqmwUIlP%2F%2F%2F%2F%2F%2F%2F%2F%2F%2FARAAGgw3MjE4ODI2MTMwMzciDKs4jc%2FEpVQlLcMVgirvBHy7M3no1h7mwKxBL%2Fl%2FiH9RdAhP2ahTGKwYpioONZgPaN%2Fgtvs51x9O1l4SYlhT2gyGtyX71qUNI1WytV3VWmgwkLdaQGxu0kBGKLzvzYyJuIyYJC245WizNA9mTpfjV7DSIN2Tkk896eGBpyXNhqFzu3UGrt5TmuuBhMNc6gy0nEZZFHM%2FDOllupZqYMSHemXJzhlPZmgUZ6M1Gfey2yGyLOM9a0IGo4qt0NqlSu13%2FcKCiUaY5lTfWqqLEHZistbpQTQHjQYoKsFdCOf0f5KKL0LHkbO3%2BJ5R47uEc0gADl3oyzCoj%2FsOZCfjwULVqu1zE9uboVhUq2qd14Db7%2FnhabUd6PYrTvk2NQfssnkVfPgbWjAhIG%2BDv%2BqEUgtvJRa%2FoA4p1EEEJ2roM1jBxRHfuFm7%2B%2FDFFmfZKDO8R1%2BKOGE6p0C1dwqpV7yqAARzrb76ddsnfJdKhqoWOKC6feRoa8XyvnhAh8iotW%2B13LeKdmLMwaHhl0ZWxP8ihvYZMvMnSQZbg8UdEH96GLhH4qgZyJSR6qYWeiwfW00PhzJPACwCzEfH3eX%2BH1S88m2Jy00AB08uBOl7cKqdwISn%2BwgKPbkxZbqq27RXMqSzjlmgC0hhsAJpT7%2BQkV8zlF4J2n2bdygp9IrSCDc%2Bp5EkBHd7xHlr4NiN0WrP%2Ff7d0xBZabeTbVHd3oS%2BzBiAO%2BTsfIlu%2BtMTRC%2B3HxVVAosIr9QsfmmJX8%2Bl%2FsxpfYHIda42lupVx3pPqFvVQDMQUXk7DH%2B4apfM%2BqG%2BPNqM2g5NvXopfJSXqSOsZ%2FFM7Z3E3D1gkQ652Md88XBKwHSkUe0xMNSQ%2FtUGOpkBC96XzlPmxItRtZRrYXwMiWLT0R21GWXaELyzH4dK8uBtfEPw3x1UMPL5vP5bwVkYeOp3pDI0ob%2FkbjroQtK3yq9YjinSV3x3EuTg7mGAlogbJIlqhJhA0%2FHuenblyZtMFiT99%2BCo6Tn5c0i4KWnoKnNAHAsT4aX2TadgbNLKvE7o5Pk8F36CjYlbndztt0Jts66AENosfhWm&X-Amz-Algorithm=AWS4-HMAC-SHA256&X-Amz-Date=20261002T103449Z&X-Amz-SignedHeaders=host&X-Amz-Credential=ASIA2QE4OQUWYUACK7CQ%2F20261002%2Fus-east-2%2Fs3%2Faws4_request&X-Amz-Expires=30&X-Amz-Signature=fdbbb2377554ae1157c6205b432dab428aec8dd3225bd8b4fd5c23027a3179f8 1203ms (cache miss)
npm http fetch GET 200 https://jfrog-prod-use2-shared-ohio-main.s3.amazonaws.com/aol-a0eigilwc24ii/filestore/e1/e1066bce58394f1b1141deec8557a5f0a22f5977?response-content-disposition=attachment%3Bfilename%3D%22linux-arm64-0.25.12.tgz%22&response-content-type=application%2Fx-gzip&X-Artifactory-username=darcy%40vlt.sh&X-Artifactory-repoType=local&X-Artifactory-repositoryKey=benchmark-npm-remote-cache&X-Artifactory-originPackageType=npm&X-Artifactory-packageType=npm&X-Artifactory-artifactPath=%40esbuild%2Flinux-arm64%2F-%2Flinux-arm64-0.25.12.tgz&X-Artifactory-originProjectKey=benchmark&X-Artifactory-projectKey=benchmark&X-Artifactory-originRepoType=remote&X-Artifactory-originRepositoryKey=benchmark-npm-remote&x-jf-traceId=f6d2fe8b1045043573244823b17349a0&X-Amz-Security-Token=IQoJb3JpZ2luX2VjEMv%2F%2F%2F%2F%2F%2F%2F%2F%2F%2FwEaCXVzLWVhc3QtMiJHMEUCIQDpYjD1u%2B9SX2Y2uOkgt%2FlVH9CtbHOUM4ZR9IzpNqHMqwIgBwSyHJoS41Yce3BInW6ATVkYYo1%2Fd9HIEWvkHdFHfjoqmwUIlP%2F%2F%2F%2F%2F%2F%2F%2F%2F%2FARAAGgw3MjE4ODI2MTMwMzciDKs4jc%2FEpVQlLcMVgirvBHy7M3no1h7mwKxBL%2Fl%2FiH9RdAhP2ahTGKwYpioONZgPaN%2Fgtvs51x9O1l4SYlhT2gyGtyX71qUNI1WytV3VWmgwkLdaQGxu0kBGKLzvzYyJuIyYJC245WizNA9mTpfjV7DSIN2Tkk896eGBpyXNhqFzu3UGrt5TmuuBhMNc6gy0nEZZFHM%2FDOllupZqYMSHemXJzhlPZmgUZ6M1Gfey2yGyLOM9a0IGo4qt0NqlSu13%2FcKCiUaY5lTfWqqLEHZistbpQTQHjQYoKsFdCOf0f5KKL0LHkbO3%2BJ5R47uEc0gADl3oyzCoj%2FsOZCfjwULVqu1zE9uboVhUq2qd14Db7%2FnhabUd6PYrTvk2NQfssnkVfPgbWjAhIG%2BDv%2BqEUgtvJRa%2FoA4p1EEEJ2roM1jBxRHfuFm7%2B%2FDFFmfZKDO8R1%2BKOGE6p0C1dwqpV7yqAARzrb76ddsnfJdKhqoWOKC6feRoa8XyvnhAh8iotW%2B13LeKdmLMwaHhl0ZWxP8ihvYZMvMnSQZbg8UdEH96GLhH4qgZyJSR6qYWeiwfW00PhzJPACwCzEfH3eX%2BH1S88m2Jy00AB08uBOl7cKqdwISn%2BwgKPbkxZbqq27RXMqSzjlmgC0hhsAJpT7%2BQkV8zlF4J2n2bdygp9IrSCDc%2Bp5EkBHd7xHlr4NiN0WrP%2Ff7d0xBZabeTbVHd3oS%2BzBiAO%2BTsfIlu%2BtMTRC%2B3HxVVAosIr9QsfmmJX8%2Bl%2FsxpfYHIda42lupVx3pPqFvVQDMQUXk7DH%2B4apfM%2BqG%2BPNqM2g5NvXopfJSXqSOsZ%2FFM7Z3E3D1gkQ652Md88XBKwHSkUe0xMNSQ%2FtUGOpkBC96XzlPmxItRtZRrYXwMiWLT0R21GWXaELyzH4dK8uBtfEPw3x1UMPL5vP5bwVkYeOp3pDI0ob%2FkbjroQtK3yq9YjinSV3x3EuTg7mGAlogbJIlqhJhA0%2FHuenblyZtMFiT99%2BCo6Tn5c0i4KWnoKnNAHAsT4aX2TadgbNLKvE7o5Pk8F36CjYlbndztt0Jts66AENosfhWm&X-Amz-Algorithm=AWS4-HMAC-SHA256&X-Amz-Date=20261002T103449Z&X-Amz-SignedHeaders=host&X-Amz-Credential=ASIA2QE4OQUWYUACK7CQ%2F20261002%2Fus-east-2%2Fs3%2Faws4_request&X-Amz-Expires=30&X-Amz-Signature=0e609f4449f59addb190e55428d11ef7f47cda7d22adee0284e0a9df842c9a2b 1311ms (cache miss)
npm http fetch GET 200 https://jfrog-prod-use2-shared-ohio-main.s3.amazonaws.com/aol-a0eigilwc24ii/filestore/5b/5b4f59e15310ab17a216f5d6cf53ee476ede670f?response-content-disposition=attachment%3Bfilename%3D%22typescript-5.9.3.tgz%22&response-content-type=application%2Fx-gzip&X-Artifactory-username=darcy%40vlt.sh&X-Artifactory-repoType=local&X-Artifactory-repositoryKey=benchmark-npm-remote-cache&X-Artifactory-originPackageType=npm&X-Artifactory-packageType=npm&X-Artifactory-artifactPath=typescript%2F-%2Ftypescript-5.9.3.tgz&X-Artifactory-originProjectKey=benchmark&X-Artifactory-projectKey=benchmark&X-Artifactory-originRepoType=remote&X-Artifactory-originRepositoryKey=benchmark-npm-remote&x-jf-traceId=e071a6a08039a350d49ce7f39e2dc95d&X-Amz-Security-Token=IQoJb3JpZ2luX2VjEMv%2F%2F%2F%2F%2F%2F%2F%2F%2F%2FwEaCXVzLWVhc3QtMiJHMEUCIQDpYjD1u%2B9SX2Y2uOkgt%2FlVH9CtbHOUM4ZR9IzpNqHMqwIgBwSyHJoS41Yce3BInW6ATVkYYo1%2Fd9HIEWvkHdFHfjoqmwUIlP%2F%2F%2F%2F%2F%2F%2F%2F%2F%2FARAAGgw3MjE4ODI2MTMwMzciDKs4jc%2FEpVQlLcMVgirvBHy7M3no1h7mwKxBL%2Fl%2FiH9RdAhP2ahTGKwYpioONZgPaN%2Fgtvs51x9O1l4SYlhT2gyGtyX71qUNI1WytV3VWmgwkLdaQGxu0kBGKLzvzYyJuIyYJC245WizNA9mTpfjV7DSIN2Tkk896eGBpyXNhqFzu3UGrt5TmuuBhMNc6gy0nEZZFHM%2FDOllupZqYMSHemXJzhlPZmgUZ6M1Gfey2yGyLOM9a0IGo4qt0NqlSu13%2FcKCiUaY5lTfWqqLEHZistbpQTQHjQYoKsFdCOf0f5KKL0LHkbO3%2BJ5R47uEc0gADl3oyzCoj%2FsOZCfjwULVqu1zE9uboVhUq2qd14Db7%2FnhabUd6PYrTvk2NQfssnkVfPgbWjAhIG%2BDv%2BqEUgtvJRa%2FoA4p1EEEJ2roM1jBxRHfuFm7%2B%2FDFFmfZKDO8R1%2BKOGE6p0C1dwqpV7yqAARzrb76ddsnfJdKhqoWOKC6feRoa8XyvnhAh8iotW%2B13LeKdmLMwaHhl0ZWxP8ihvYZMvMnSQZbg8UdEH96GLhH4qgZyJSR6qYWeiwfW00PhzJPACwCzEfH3eX%2BH1S88m2Jy00AB08uBOl7cKqdwISn%2BwgKPbkxZbqq27RXMqSzjlmgC0hhsAJpT7%2BQkV8zlF4J2n2bdygp9IrSCDc%2Bp5EkBHd7xHlr4NiN0WrP%2Ff7d0xBZabeTbVHd3oS%2BzBiAO%2BTsfIlu%2BtMTRC%2B3HxVVAosIr9QsfmmJX8%2Bl%2FsxpfYHIda42lupVx3pPqFvVQDMQUXk7DH%2B4apfM%2BqG%2BPNqM2g5NvXopfJSXqSOsZ%2FFM7Z3E3D1gkQ652Md88XBKwHSkUe0xMNSQ%2FtUGOpkBC96XzlPmxItRtZRrYXwMiWLT0R21GWXaELyzH4dK8uBtfEPw3x1UMPL5vP5bwVkYeOp3pDI0ob%2FkbjroQtK3yq9YjinSV3x3EuTg7mGAlogbJIlqhJhA0%2FHuenblyZtMFiT99%2BCo6Tn5c0i4KWnoKnNAHAsT4aX2TadgbNLKvE7o5Pk8F36CjYlbndztt0Jts66AENosfhWm&X-Amz-Algorithm=AWS4-HMAC-SHA256&X-Amz-Date=20261002T103449Z&X-Amz-SignedHeaders=host&X-Amz-Credential=ASIA2QE4OQUWYUACK7CQ%2F20261002%2Fus-east-2%2Fs3%2Faws4_request&X-Amz-Expires=30&X-Amz-Signature=8538966f86e7cac3b70f914a433988d391d2287bd926292230e6e3eb8bb4bddd 1475ms (cache miss)

added 58 packages in 10s
