npm http fetch GET 200 https://vltoss.jfrog.io/artifactory/api/npm/benchmark-npm-remote/@fontsource%2ffira-mono 161ms (cache miss)
npm http fetch GET 200 https://vltoss.jfrog.io/artifactory/api/npm/benchmark-npm-remote/@neoconfetti%2fsvelte 33ms (cache miss)
npm http fetch GET 200 https://vltoss.jfrog.io/artifactory/api/npm/benchmark-npm-remote/svelte 230ms (cache miss)
npm http fetch GET 200 https://vltoss.jfrog.io/artifactory/api/npm/benchmark-npm-remote/@sveltejs%2fadapter-auto 46ms (cache miss)
npm http fetch GET 200 https://vltoss.jfrog.io/artifactory/api/npm/benchmark-npm-remote/@sveltejs%2fkit 175ms (cache miss)
npm http fetch GET 200 https://vltoss.jfrog.io/artifactory/api/npm/benchmark-npm-remote/@sveltejs%2fvite-plugin-svelte 46ms (cache miss)
npm http fetch GET 200 https://vltoss.jfrog.io/artifactory/api/npm/benchmark-npm-remote/vite 1443ms (cache miss)
npm http fetch GET 200 https://vltoss.jfrog.io/artifactory/api/npm/benchmark-npm-remote/typescript 658ms (cache miss)
npm http fetch GET 200 https://vltoss.jfrog.io/artifactory/api/npm/benchmark-npm-remote/svelte-check 86ms (cache miss)
npm http fetch GET 200 https://vltoss.jfrog.io/artifactory/api/npm/benchmark-npm-remote/clsx 34ms (cache miss)
npm http fetch GET 200 https://vltoss.jfrog.io/artifactory/api/npm/benchmark-npm-remote/devalue 34ms (cache miss)
npm http fetch GET 200 https://vltoss.jfrog.io/artifactory/api/npm/benchmark-npm-remote/esm-env 33ms (cache miss)
npm http fetch GET 200 https://vltoss.jfrog.io/artifactory/api/npm/benchmark-npm-remote/esrap 109ms (cache miss)
npm http fetch GET 200 https://vltoss.jfrog.io/artifactory/api/npm/benchmark-npm-remote/acorn 118ms (cache miss)
npm http fetch GET 200 https://vltoss.jfrog.io/artifactory/api/npm/benchmark-npm-remote/zimmerframe 31ms (cache miss)
npm http fetch GET 200 https://vltoss.jfrog.io/artifactory/api/npm/benchmark-npm-remote/aria-query 39ms (cache miss)
npm http fetch GET 200 https://vltoss.jfrog.io/artifactory/api/npm/benchmark-npm-remote/is-reference 31ms (cache miss)
npm http fetch GET 200 https://vltoss.jfrog.io/artifactory/api/npm/benchmark-npm-remote/@types%2festree 32ms (cache miss)
npm http fetch GET 200 https://vltoss.jfrog.io/artifactory/api/npm/benchmark-npm-remote/axobject-query 34ms (cache miss)
npm http fetch GET 200 https://vltoss.jfrog.io/artifactory/api/npm/benchmark-npm-remote/magic-string 59ms (cache miss)
npm http fetch GET 200 https://vltoss.jfrog.io/artifactory/api/npm/benchmark-npm-remote/locate-character 32ms (cache miss)
npm http fetch GET 200 https://vltoss.jfrog.io/artifactory/api/npm/benchmark-npm-remote/@jridgewell%2fremapping 31ms (cache miss)
npm http fetch GET 200 https://vltoss.jfrog.io/artifactory/api/npm/benchmark-npm-remote/@sveltejs%2facorn-typescript 30ms (cache miss)
npm http fetch GET 200 https://vltoss.jfrog.io/artifactory/api/npm/benchmark-npm-remote/@jridgewell%2fsourcemap-codec 31ms (cache miss)
npm http fetch GET 200 https://vltoss.jfrog.io/artifactory/api/npm/benchmark-npm-remote/import-meta-resolve 36ms (cache miss)
npm http fetch GET 200 https://vltoss.jfrog.io/artifactory/api/npm/benchmark-npm-remote/sirv 33ms (cache miss)
npm http fetch GET 200 https://vltoss.jfrog.io/artifactory/api/npm/benchmark-npm-remote/acorn 32ms (cache revalidated)
npm http fetch GET 200 https://vltoss.jfrog.io/artifactory/api/npm/benchmark-npm-remote/kleur 32ms (cache miss)
npm http fetch GET 200 https://vltoss.jfrog.io/artifactory/api/npm/benchmark-npm-remote/cookie 35ms (cache miss)
npm http fetch GET 200 https://vltoss.jfrog.io/artifactory/api/npm/benchmark-npm-remote/mrmime 32ms (cache miss)
npm http fetch GET 200 https://vltoss.jfrog.io/artifactory/api/npm/benchmark-npm-remote/devalue 30ms (cache revalidated)
npm http fetch GET 200 https://vltoss.jfrog.io/artifactory/api/npm/benchmark-npm-remote/esm-env 31ms (cache revalidated)
npm http fetch GET 200 https://vltoss.jfrog.io/artifactory/api/npm/benchmark-npm-remote/magic-string 30ms (cache revalidated)
npm http fetch GET 200 https://vltoss.jfrog.io/artifactory/api/npm/benchmark-npm-remote/@types%2fcookie 32ms (cache miss)
npm http fetch GET 200 https://vltoss.jfrog.io/artifactory/api/npm/benchmark-npm-remote/@standard-schema%2fspec 32ms (cache miss)
npm http fetch GET 200 https://vltoss.jfrog.io/artifactory/api/npm/benchmark-npm-remote/set-cookie-parser 38ms (cache miss)
npm http fetch GET 200 https://vltoss.jfrog.io/artifactory/api/npm/benchmark-npm-remote/@sveltejs%2facorn-typescript 29ms (cache revalidated)
npm http fetch GET 200 https://vltoss.jfrog.io/artifactory/api/npm/benchmark-npm-remote/deepmerge 34ms (cache miss)
npm http fetch GET 200 https://vltoss.jfrog.io/artifactory/api/npm/benchmark-npm-remote/vitefu 44ms (cache miss)
npm http fetch GET 200 https://vltoss.jfrog.io/artifactory/api/npm/benchmark-npm-remote/debug 54ms (cache miss)
npm http fetch GET 200 https://vltoss.jfrog.io/artifactory/api/npm/benchmark-npm-remote/@sveltejs%2fvite-plugin-svelte-inspector 33ms (cache miss)
npm http fetch GET 200 https://vltoss.jfrog.io/artifactory/api/npm/benchmark-npm-remote/fdir 33ms (cache miss)
npm http fetch GET 200 https://vltoss.jfrog.io/artifactory/api/npm/benchmark-npm-remote/postcss 106ms (cache miss)
npm http fetch GET 200 https://vltoss.jfrog.io/artifactory/api/npm/benchmark-npm-remote/esbuild 161ms (cache miss)
npm http fetch GET 200 https://vltoss.jfrog.io/artifactory/api/npm/benchmark-npm-remote/picomatch 52ms (cache miss)
npm http fetch GET 200 https://vltoss.jfrog.io/artifactory/api/npm/benchmark-npm-remote/tinyglobby 35ms (cache miss)
npm http fetch GET 200 https://vltoss.jfrog.io/artifactory/api/npm/benchmark-npm-remote/fsevents 40ms (cache miss)
npm http fetch GET 200 https://vltoss.jfrog.io/artifactory/api/npm/benchmark-npm-remote/fdir 32ms (cache revalidated)
npm http fetch GET 200 https://vltoss.jfrog.io/artifactory/api/npm/benchmark-npm-remote/sade 33ms (cache miss)
npm http fetch GET 200 https://vltoss.jfrog.io/artifactory/api/npm/benchmark-npm-remote/picocolors 33ms (cache miss)
npm http fetch GET 200 https://vltoss.jfrog.io/artifactory/api/npm/benchmark-npm-remote/chokidar 49ms (cache miss)
npm http fetch GET 200 https://vltoss.jfrog.io/artifactory/api/npm/benchmark-npm-remote/rollup 326ms (cache miss)
npm http fetch GET 200 https://vltoss.jfrog.io/artifactory/api/npm/benchmark-npm-remote/@sveltejs%2fload-config 65ms (cache miss)
npm http fetch GET 200 https://vltoss.jfrog.io/artifactory/api/npm/benchmark-npm-remote/@jridgewell%2ftrace-mapping 63ms (cache miss)
npm http fetch GET 200 https://vltoss.jfrog.io/artifactory/api/npm/benchmark-npm-remote/@jridgewell%2fsourcemap-codec 32ms (cache revalidated)
npm http fetch GET 200 https://vltoss.jfrog.io/artifactory/api/npm/benchmark-npm-remote/totalist 37ms (cache miss)
npm http fetch GET 200 https://vltoss.jfrog.io/artifactory/api/npm/benchmark-npm-remote/@polka%2furl 38ms (cache miss)
npm http fetch GET 200 https://vltoss.jfrog.io/artifactory/api/npm/benchmark-npm-remote/debug 29ms (cache revalidated)
npm http fetch GET 200 https://vltoss.jfrog.io/artifactory/api/npm/benchmark-npm-remote/ms 34ms (cache miss)
npm http fetch GET 200 https://vltoss.jfrog.io/artifactory/api/npm/benchmark-npm-remote/@jridgewell%2ftrace-mapping 32ms (cache revalidated)
npm http fetch GET 200 https://vltoss.jfrog.io/artifactory/api/npm/benchmark-npm-remote/@jridgewell%2fgen-mapping 36ms (cache miss)
npm http fetch GET 200 https://vltoss.jfrog.io/artifactory/api/npm/benchmark-npm-remote/@jridgewell%2fresolve-uri 31ms (cache miss)
npm http fetch GET 200 https://vltoss.jfrog.io/artifactory/api/npm/benchmark-npm-remote/mri 33ms (cache miss)
npm http fetch GET 200 https://vltoss.jfrog.io/artifactory/api/npm/benchmark-npm-remote/readdirp 36ms (cache miss)
npm http fetch GET 200 https://vltoss.jfrog.io/artifactory/api/npm/benchmark-npm-remote/@esbuild%2faix-ppc64 39ms (cache miss)
npm http fetch GET 200 https://vltoss.jfrog.io/artifactory/api/npm/benchmark-npm-remote/@esbuild%2flinux-arm 43ms (cache miss)
npm http fetch GET 200 https://vltoss.jfrog.io/artifactory/api/npm/benchmark-npm-remote/@esbuild%2flinux-x64 45ms (cache miss)
npm http fetch GET 200 https://vltoss.jfrog.io/artifactory/api/npm/benchmark-npm-remote/@esbuild%2fsunos-x64 41ms (cache miss)
npm http fetch GET 200 https://vltoss.jfrog.io/artifactory/api/npm/benchmark-npm-remote/@esbuild%2fwin32-x64 42ms (cache miss)
npm http fetch GET 200 https://vltoss.jfrog.io/artifactory/api/npm/benchmark-npm-remote/@esbuild%2fdarwin-x64 42ms (cache miss)
npm http fetch GET 200 https://vltoss.jfrog.io/artifactory/api/npm/benchmark-npm-remote/@esbuild%2flinux-ia32 54ms (cache miss)
npm http fetch GET 200 https://vltoss.jfrog.io/artifactory/api/npm/benchmark-npm-remote/@esbuild%2fnetbsd-x64 52ms (cache miss)
npm http fetch GET 200 https://vltoss.jfrog.io/artifactory/api/npm/benchmark-npm-remote/@esbuild%2fwin32-ia32 52ms (cache miss)
npm http fetch GET 200 https://vltoss.jfrog.io/artifactory/api/npm/benchmark-npm-remote/@esbuild%2fandroid-arm 44ms (cache miss)
npm http fetch GET 200 https://vltoss.jfrog.io/artifactory/api/npm/benchmark-npm-remote/@esbuild%2ffreebsd-x64 42ms (cache miss)
npm http fetch GET 200 https://vltoss.jfrog.io/artifactory/api/npm/benchmark-npm-remote/@esbuild%2fandroid-x64 46ms (cache miss)
npm http fetch GET 200 https://vltoss.jfrog.io/artifactory/api/npm/benchmark-npm-remote/@esbuild%2flinux-ppc64 40ms (cache miss)
npm http fetch GET 200 https://vltoss.jfrog.io/artifactory/api/npm/benchmark-npm-remote/@esbuild%2flinux-arm64 44ms (cache miss)
npm http fetch GET 200 https://vltoss.jfrog.io/artifactory/api/npm/benchmark-npm-remote/@esbuild%2flinux-s390x 43ms (cache miss)
npm http fetch GET 200 https://vltoss.jfrog.io/artifactory/api/npm/benchmark-npm-remote/@esbuild%2fwin32-arm64 40ms (cache miss)
npm http fetch GET 200 https://vltoss.jfrog.io/artifactory/api/npm/benchmark-npm-remote/@esbuild%2fopenbsd-x64 44ms (cache miss)
npm http fetch GET 200 https://vltoss.jfrog.io/artifactory/api/npm/benchmark-npm-remote/@esbuild%2fdarwin-arm64 51ms (cache miss)
npm http fetch GET 200 https://vltoss.jfrog.io/artifactory/api/npm/benchmark-npm-remote/@esbuild%2fnetbsd-arm64 37ms (cache miss)
npm http fetch GET 200 https://vltoss.jfrog.io/artifactory/api/npm/benchmark-npm-remote/@esbuild%2fandroid-arm64 39ms (cache miss)
npm http fetch GET 200 https://vltoss.jfrog.io/artifactory/api/npm/benchmark-npm-remote/@esbuild%2ffreebsd-arm64 36ms (cache miss)
npm http fetch GET 200 https://vltoss.jfrog.io/artifactory/api/npm/benchmark-npm-remote/@esbuild%2flinux-loong64 44ms (cache miss)
npm http fetch GET 200 https://vltoss.jfrog.io/artifactory/api/npm/benchmark-npm-remote/@esbuild%2flinux-riscv64 43ms (cache miss)
npm http fetch GET 200 https://vltoss.jfrog.io/artifactory/api/npm/benchmark-npm-remote/@esbuild%2fopenbsd-arm64 36ms (cache miss)
npm http fetch GET 200 https://vltoss.jfrog.io/artifactory/api/npm/benchmark-npm-remote/@esbuild%2fopenharmony-arm64 40ms (cache miss)
npm http fetch GET 200 https://vltoss.jfrog.io/artifactory/api/npm/benchmark-npm-remote/@esbuild%2flinux-mips64el 50ms (cache miss)
npm http fetch GET 200 https://vltoss.jfrog.io/artifactory/api/npm/benchmark-npm-remote/nanoid 52ms (cache miss)
npm http fetch GET 200 https://vltoss.jfrog.io/artifactory/api/npm/benchmark-npm-remote/source-map-js 31ms (cache miss)
npm http fetch GET 200 https://vltoss.jfrog.io/artifactory/api/npm/benchmark-npm-remote/@rollup%2frollup-darwin-x64 46ms (cache miss)
npm http fetch GET 200 https://vltoss.jfrog.io/artifactory/api/npm/benchmark-npm-remote/@rollup%2frollup-freebsd-x64 42ms (cache miss)
npm http fetch GET 200 https://vltoss.jfrog.io/artifactory/api/npm/benchmark-npm-remote/@rollup%2frollup-openbsd-x64 35ms (cache miss)
npm http fetch GET 200 https://vltoss.jfrog.io/artifactory/api/npm/benchmark-npm-remote/@napi-rs%2flzma-linux-x64-gnu 34ms (cache miss)
npm http fetch GET 200 https://vltoss.jfrog.io/artifactory/api/npm/benchmark-npm-remote/@rollup%2frollup-darwin-arm64 43ms (cache miss)
npm http fetch GET 200 https://vltoss.jfrog.io/artifactory/api/npm/benchmark-npm-remote/@rollup%2frollup-android-arm64 46ms (cache miss)
npm http fetch GET 200 https://vltoss.jfrog.io/artifactory/api/npm/benchmark-npm-remote/@rollup%2frollup-freebsd-arm64 40ms (cache miss)
npm http fetch GET 200 https://vltoss.jfrog.io/artifactory/api/npm/benchmark-npm-remote/@rollup%2frollup-win32-x64-gnu 35ms (cache miss)
npm http fetch GET 200 https://vltoss.jfrog.io/artifactory/api/npm/benchmark-npm-remote/@rollup%2frollup-linux-x64-gnu 50ms (cache miss)
npm http fetch GET 200 https://vltoss.jfrog.io/artifactory/api/npm/benchmark-npm-remote/@rollup%2frollup-linux-x64-musl 53ms (cache miss)
npm http fetch GET 200 https://vltoss.jfrog.io/artifactory/api/npm/benchmark-npm-remote/@rollup%2frollup-win32-x64-msvc 56ms (cache miss)
npm http fetch GET 200 https://vltoss.jfrog.io/artifactory/api/npm/benchmark-npm-remote/@rollup%2frollup-linux-arm64-gnu 55ms (cache miss)
npm http fetch GET 200 https://vltoss.jfrog.io/artifactory/api/npm/benchmark-npm-remote/@rollup%2frollup-linux-ppc64-gnu 41ms (cache miss)
npm http fetch GET 200 https://vltoss.jfrog.io/artifactory/api/npm/benchmark-npm-remote/@rollup%2frollup-linux-s390x-gnu 46ms (cache miss)
npm http fetch GET 200 https://vltoss.jfrog.io/artifactory/api/npm/benchmark-npm-remote/@rollup%2frollup-win32-ia32-msvc 49ms (cache miss)
npm http fetch GET 200 https://vltoss.jfrog.io/artifactory/api/npm/benchmark-npm-remote/@rollup%2frollup-android-arm-eabi 46ms (cache miss)
npm http fetch GET 200 https://vltoss.jfrog.io/artifactory/api/npm/benchmark-npm-remote/@rollup%2frollup-linux-ppc64-musl 34ms (cache miss)
npm http fetch GET 200 https://vltoss.jfrog.io/artifactory/api/npm/benchmark-npm-remote/@rollup%2frollup-linux-arm64-musl 45ms (cache miss)
npm http fetch GET 200 https://vltoss.jfrog.io/artifactory/api/npm/benchmark-npm-remote/@rollup%2frollup-win32-arm64-msvc 45ms (cache miss)
npm http fetch GET 200 https://vltoss.jfrog.io/artifactory/api/npm/benchmark-npm-remote/@rollup%2frollup-linux-loong64-gnu 34ms (cache miss)
npm http fetch GET 200 https://vltoss.jfrog.io/artifactory/api/npm/benchmark-npm-remote/@rollup%2frollup-linux-riscv64-gnu 50ms (cache miss)
npm http fetch GET 200 https://vltoss.jfrog.io/artifactory/api/npm/benchmark-npm-remote/@rollup%2frollup-openharmony-arm64 37ms (cache miss)
npm http fetch GET 200 https://vltoss.jfrog.io/artifactory/api/npm/benchmark-npm-remote/@rollup%2frollup-linux-loong64-musl 31ms (cache miss)
npm http fetch GET 200 https://vltoss.jfrog.io/artifactory/api/npm/benchmark-npm-remote/@rollup%2frollup-linux-riscv64-musl 35ms (cache miss)
npm http fetch GET 200 https://vltoss.jfrog.io/artifactory/api/npm/benchmark-npm-remote/@rollup%2frollup-linux-arm-musleabihf 42ms (cache miss)
npm http fetch GET 200 https://vltoss.jfrog.io/artifactory/api/npm/benchmark-npm-remote/@rollup%2frollup-linux-arm-gnueabihf 48ms (cache miss)
npm http fetch GET 200 https://vltoss.jfrog.io/artifactory/api/npm/benchmark-npm-remote/@sveltejs/load-config/-/load-config-0.2.3.tgz 91ms (cache miss)
npm http fetch GET 200 https://vltoss.jfrog.io/artifactory/api/npm/benchmark-npm-remote/nanoid/-/nanoid-3.3.20.tgz 96ms (cache miss)
npm http fetch GET 200 https://vltoss.jfrog.io/artifactory/api/npm/benchmark-npm-remote/fdir/-/fdir-6.5.0.tgz 133ms (cache miss)
npm http fetch GET 200 https://vltoss.jfrog.io/artifactory/api/npm/benchmark-npm-remote/mri/-/mri-1.2.0.tgz 156ms (cache miss)
npm http fetch GET 200 https://vltoss.jfrog.io/artifactory/api/npm/benchmark-npm-remote/readdirp/-/readdirp-4.1.2.tgz 209ms (cache miss)
npm http fetch GET 200 https://vltoss.jfrog.io/artifactory/api/npm/benchmark-npm-remote/locate-character/-/locate-character-3.0.0.tgz 224ms (cache miss)
npm http fetch GET 200 https://vltoss.jfrog.io/artifactory/api/npm/benchmark-npm-remote/picocolors/-/picocolors-1.1.1.tgz 231ms (cache miss)
npm http fetch GET 200 https://vltoss.jfrog.io/artifactory/api/npm/benchmark-npm-remote/zimmerframe/-/zimmerframe-1.1.5.tgz 237ms (cache miss)
npm http fetch GET 200 https://vltoss.jfrog.io/artifactory/api/npm/benchmark-npm-remote/is-reference/-/is-reference-3.0.3.tgz 237ms (cache miss)
npm http fetch GET 200 https://vltoss.jfrog.io/artifactory/api/npm/benchmark-npm-remote/picomatch/-/picomatch-4.0.7.tgz 258ms (cache miss)
npm http fetch GET 200 https://vltoss.jfrog.io/artifactory/api/npm/benchmark-npm-remote/tinyglobby/-/tinyglobby-0.2.17.tgz 259ms (cache miss)
npm http fetch GET 200 https://vltoss.jfrog.io/artifactory/api/npm/benchmark-npm-remote/clsx/-/clsx-2.1.1.tgz 270ms (cache miss)
npm http fetch GET 200 https://vltoss.jfrog.io/artifactory/api/npm/benchmark-npm-remote/sade/-/sade-1.8.1.tgz 276ms (cache miss)
npm http fetch GET 200 https://vltoss.jfrog.io/artifactory/api/npm/benchmark-npm-remote/@jridgewell/resolve-uri/-/resolve-uri-3.1.2.tgz 284ms (cache miss)
npm http fetch GET 200 https://vltoss.jfrog.io/artifactory/api/npm/benchmark-npm-remote/ms/-/ms-2.1.3.tgz 286ms (cache miss)
npm http fetch GET 200 https://vltoss.jfrog.io/artifactory/api/npm/benchmark-npm-remote/totalist/-/totalist-3.0.1.tgz 289ms (cache miss)
npm http fetch GET 200 https://vltoss.jfrog.io/artifactory/api/npm/benchmark-npm-remote/@polka/url/-/url-1.0.0-next.29.tgz 294ms (cache miss)
npm http fetch GET 200 https://vltoss.jfrog.io/artifactory/api/npm/benchmark-npm-remote/@types/estree/-/estree-1.0.9.tgz 297ms (cache miss)
npm http fetch GET 200 https://vltoss.jfrog.io/artifactory/api/npm/benchmark-npm-remote/mrmime/-/mrmime-2.0.1.tgz 295ms (cache miss)
npm http fetch GET 200 https://vltoss.jfrog.io/artifactory/api/npm/benchmark-npm-remote/sirv/-/sirv-3.0.2.tgz 303ms (cache miss)
npm http fetch GET 200 https://vltoss.jfrog.io/artifactory/api/npm/benchmark-npm-remote/esbuild/-/esbuild-0.25.12.tgz 310ms (cache miss)
npm http fetch GET 200 https://vltoss.jfrog.io/artifactory/api/npm/benchmark-npm-remote/deepmerge/-/deepmerge-4.3.1.tgz 313ms (cache miss)
npm http fetch GET 200 https://vltoss.jfrog.io/artifactory/api/npm/benchmark-npm-remote/kleur/-/kleur-4.1.5.tgz 312ms (cache miss)
npm http fetch GET 200 https://vltoss.jfrog.io/artifactory/api/npm/benchmark-npm-remote/@types/cookie/-/cookie-0.6.0.tgz 311ms (cache miss)
npm http fetch GET 200 https://vltoss.jfrog.io/artifactory/api/npm/benchmark-npm-remote/@sveltejs/adapter-auto/-/adapter-auto-3.3.1.tgz 310ms (cache miss)
npm http fetch GET 200 https://vltoss.jfrog.io/artifactory/api/npm/benchmark-npm-remote/set-cookie-parser/-/set-cookie-parser-3.1.3.tgz 316ms (cache miss)
npm http fetch GET 200 https://vltoss.jfrog.io/artifactory/api/npm/benchmark-npm-remote/esm-env/-/esm-env-1.2.2.tgz 316ms (cache miss)
npm http fetch GET 200 https://vltoss.jfrog.io/artifactory/api/npm/benchmark-npm-remote/vitefu/-/vitefu-1.1.3.tgz 322ms (cache miss)
npm http fetch GET 200 https://vltoss.jfrog.io/artifactory/api/npm/benchmark-npm-remote/@standard-schema/spec/-/spec-1.1.0.tgz 321ms (cache miss)
npm http fetch GET 200 https://vltoss.jfrog.io/artifactory/api/npm/benchmark-npm-remote/cookie/-/cookie-0.6.0.tgz 325ms (cache miss)
npm http fetch GET 200 https://vltoss.jfrog.io/artifactory/api/npm/benchmark-npm-remote/@neoconfetti/svelte/-/svelte-2.2.2.tgz 324ms (cache miss)
npm http fetch GET 200 https://vltoss.jfrog.io/artifactory/api/npm/benchmark-npm-remote/chokidar/-/chokidar-4.0.3.tgz 335ms (cache miss)
npm http fetch GET 200 https://vltoss.jfrog.io/artifactory/api/npm/benchmark-npm-remote/debug/-/debug-4.4.3.tgz 349ms (cache miss)
npm http fetch GET 200 https://vltoss.jfrog.io/artifactory/api/npm/benchmark-npm-remote/@sveltejs/vite-plugin-svelte-inspector/-/vite-plugin-svelte-inspector-4.0.1.tgz 355ms (cache miss)
npm http fetch GET 200 https://vltoss.jfrog.io/artifactory/api/npm/benchmark-npm-remote/source-map-js/-/source-map-js-1.2.2.tgz 384ms (cache miss)
npm http fetch GET 200 https://vltoss.jfrog.io/artifactory/api/npm/benchmark-npm-remote/@sveltejs/acorn-typescript/-/acorn-typescript-1.0.13.tgz 388ms (cache miss)
npm http fetch GET 200 https://vltoss.jfrog.io/artifactory/api/npm/benchmark-npm-remote/import-meta-resolve/-/import-meta-resolve-4.2.0.tgz 419ms (cache miss)
npm http fetch GET 200 https://vltoss.jfrog.io/artifactory/api/npm/benchmark-npm-remote/devalue/-/devalue-5.9.4.tgz 423ms (cache miss)
npm http fetch GET 200 https://vltoss.jfrog.io/artifactory/api/npm/benchmark-npm-remote/@jridgewell/gen-mapping/-/gen-mapping-0.3.13.tgz 429ms (cache miss)
npm http fetch GET 200 https://vltoss.jfrog.io/artifactory/api/npm/benchmark-npm-remote/@jridgewell/remapping/-/remapping-2.3.5.tgz 442ms (cache miss)
npm http fetch GET 200 https://vltoss.jfrog.io/artifactory/api/npm/benchmark-npm-remote/@jridgewell/sourcemap-codec/-/sourcemap-codec-1.6.0.tgz 446ms (cache miss)
npm http fetch GET 200 https://vltoss.jfrog.io/artifactory/api/npm/benchmark-npm-remote/magic-string/-/magic-string-0.30.21.tgz 448ms (cache miss)
npm http fetch GET 200 https://vltoss.jfrog.io/artifactory/api/npm/benchmark-npm-remote/acorn/-/acorn-8.19.0.tgz 473ms (cache miss)
npm http fetch GET 200 https://vltoss.jfrog.io/artifactory/api/npm/benchmark-npm-remote/@jridgewell/trace-mapping/-/trace-mapping-0.3.31.tgz 480ms (cache miss)
npm http fetch GET 200 https://vltoss.jfrog.io/artifactory/api/npm/benchmark-npm-remote/esrap/-/esrap-2.4.0.tgz 497ms (cache miss)
npm http fetch GET 200 https://vltoss.jfrog.io/artifactory/api/npm/benchmark-npm-remote/@sveltejs/vite-plugin-svelte/-/vite-plugin-svelte-5.1.1.tgz 511ms (cache miss)
npm http fetch GET 200 https://vltoss.jfrog.io/artifactory/api/npm/benchmark-npm-remote/postcss/-/postcss-8.5.29.tgz 525ms (cache miss)
npm http fetch GET 200 https://jfrog-prod-use2-shared-ohio-main.s3.amazonaws.com/aol-a0eigilwc24ii/filestore/47/47dfa846dc2c3188f0d6921b906ffe1e4813d32a?response-content-disposition=attachment%3Bfilename%3D%22rollup-linux-arm64-gnu-4.64.4.tgz%22&response-content-type=application%2Fx-gzip&X-Artifactory-username=darcy%40vlt.sh&X-Artifactory-repoType=local&X-Artifactory-repositoryKey=benchmark-npm-remote-cache&X-Artifactory-originPackageType=npm&X-Artifactory-packageType=npm&X-Artifactory-artifactPath=%40rollup%2Frollup-linux-arm64-gnu%2F-%2Frollup-linux-arm64-gnu-4.64.4.tgz&X-Artifactory-originProjectKey=benchmark&X-Artifactory-projectKey=benchmark&X-Artifactory-originRepoType=remote&X-Artifactory-originRepositoryKey=benchmark-npm-remote&x-jf-traceId=185f3ec1b03da32ec6efe1a103503488&X-Amz-Security-Token=IQoJb3JpZ2luX2VjEIr%2F%2F%2F%2F%2F%2F%2F%2F%2F%2FwEaCXVzLWVhc3QtMiJHMEUCIDbeTYsKHJwfB8q7AHmy3CK9AMZcCA%2Fl%2BWKhF2EcbT6aAiEAiaiKKjA3%2F7gc3YQf41SVg%2F4DdPCoKARMJOc7lOlXurgqkgUIVBAAGgw3MjE4ODI2MTMwMzciDHT3x%2FrdO9WBkKcJUirvBCTVT3d1ThhVvh%2FLbhCPJxBzyMIFmhBjrOs9HP6s9pRd1KPWLKWuqBqkNdMMJ7OavIG%2BQAYTjxwZBB7rt36XC6DhpdunrRrghoH3cukPppDhtaw%2FAqcDs4ayiU2MAEL5MZLEEcgkbvs9NxCKf8PowcsRmhU6N4FQKf%2BE8bSxxfxTEubnHRgozoFKLDsx2slmyn4SSy62oNq11leNARPD7%2FR%2BVMV3O0F9s6oZGRZz7uGaPAW6nWhCLXyNSye%2BPglJCrVNJ0VU4%2Ba8JJbJl5%2FyWMzFB8j1aR8OUweyvAgovUnT4M1Y1A%2BQNi9BF2zso1X11lw0eCZC1sMPs%2BolPDjZWSUZJuvFh9%2Fy0Z14W%2BbaozavFwcIwkBFWlnIgCb4zOgq9Je96wYjF%2BrP20YXI%2FRflYaC9fo2eD3TU1xIjfPmYz9KxuRHfwWkkpUczq8zY%2BT0u%2FsjxWQtjFzRQFg1p7lk8w6abWgYg6gcEypDJ7nl3ymGX89PrvRtkpCBQvDdY%2FQaOFoue%2BAOFPkX%2BU%2BL3QnaMcqOhQaj3yttmWwtCRqmWt%2FCtzl6QcF9ZEA6b7tDSojo8y9gyeufZGi7n5C53lHiplza%2FxPCcQanNvZXtHD39LJL71rExToSnmbEMHsbT4szEZx5LUgGAQqyOdRbBiedgbZ4pAEVKkTCY7wexVcGHUs8ET2mblY3UKPRp8oQPCOu3RbOVTkwj5DUcGx6UdAk1FY9h1DANHGhMBWKFsAzG2krxyWqxx8wo04NAwhFV5MIItFJpPCLt1LjnJ7fD9wr6yfg%2FK9a5EeTTlaK2pRY2EFTYKgjxOB1PNJoRv7fv7w4MPenqNYGOpkBQyqnEXEqEcG%2BZS9D3MdH5fH4kSShQ61doMUqeqLWnR1eA8czougKhX2jjVZff2GRUozMAqyOdS4YljoAoA%2BpjuLcUBEWTUXfdpTuyUihMbelCAsPe8aJlLevsGnWoqWH0UZZFgLiizOyIOs8lCVLxPDYN%2F6Z9vr%2FEvjSEAl38FAiJ38ezbXfk%2BFWp%2FGVTMS1RgYX5cccIqhA&X-Amz-Algorithm=AWS4-HMAC-SHA256&X-Amz-Date=20261010T103140Z&X-Amz-SignedHeaders=host&X-Amz-Credential=ASIA2QE4OQUWRFEOCHOM%2F20261010%2Fus-east-2%2Fs3%2Faws4_request&X-Amz-Expires=30&X-Amz-Signature=65bc715b9ed46f3bbc4516325d964297d49d9a2b60ea77b11bbe4763bd75d773 527ms (cache miss)
npm http fetch GET 200 https://jfrog-prod-use2-shared-ohio-main.s3.amazonaws.com/aol-a0eigilwc24ii/filestore/55/55d7194076b92fddba25f8ac9b3cc8c0f365a3a3?response-content-disposition=attachment%3Bfilename%3D%22fira-mono-5.3.0.tgz%22&response-content-type=application%2Fx-gzip&X-Artifactory-username=darcy%40vlt.sh&X-Artifactory-repoType=local&X-Artifactory-repositoryKey=benchmark-npm-remote-cache&X-Artifactory-originPackageType=npm&X-Artifactory-packageType=npm&X-Artifactory-artifactPath=%40fontsource%2Ffira-mono%2F-%2Ffira-mono-5.3.0.tgz&X-Artifactory-originProjectKey=benchmark&X-Artifactory-projectKey=benchmark&X-Artifactory-originRepoType=remote&X-Artifactory-originRepositoryKey=benchmark-npm-remote&x-jf-traceId=cecc00823ffd69a2a98090642820c3c5&X-Amz-Security-Token=IQoJb3JpZ2luX2VjEIr%2F%2F%2F%2F%2F%2F%2F%2F%2F%2FwEaCXVzLWVhc3QtMiJHMEUCIDbeTYsKHJwfB8q7AHmy3CK9AMZcCA%2Fl%2BWKhF2EcbT6aAiEAiaiKKjA3%2F7gc3YQf41SVg%2F4DdPCoKARMJOc7lOlXurgqkgUIVBAAGgw3MjE4ODI2MTMwMzciDHT3x%2FrdO9WBkKcJUirvBCTVT3d1ThhVvh%2FLbhCPJxBzyMIFmhBjrOs9HP6s9pRd1KPWLKWuqBqkNdMMJ7OavIG%2BQAYTjxwZBB7rt36XC6DhpdunrRrghoH3cukPppDhtaw%2FAqcDs4ayiU2MAEL5MZLEEcgkbvs9NxCKf8PowcsRmhU6N4FQKf%2BE8bSxxfxTEubnHRgozoFKLDsx2slmyn4SSy62oNq11leNARPD7%2FR%2BVMV3O0F9s6oZGRZz7uGaPAW6nWhCLXyNSye%2BPglJCrVNJ0VU4%2Ba8JJbJl5%2FyWMzFB8j1aR8OUweyvAgovUnT4M1Y1A%2BQNi9BF2zso1X11lw0eCZC1sMPs%2BolPDjZWSUZJuvFh9%2Fy0Z14W%2BbaozavFwcIwkBFWlnIgCb4zOgq9Je96wYjF%2BrP20YXI%2FRflYaC9fo2eD3TU1xIjfPmYz9KxuRHfwWkkpUczq8zY%2BT0u%2FsjxWQtjFzRQFg1p7lk8w6abWgYg6gcEypDJ7nl3ymGX89PrvRtkpCBQvDdY%2FQaOFoue%2BAOFPkX%2BU%2BL3QnaMcqOhQaj3yttmWwtCRqmWt%2FCtzl6QcF9ZEA6b7tDSojo8y9gyeufZGi7n5C53lHiplza%2FxPCcQanNvZXtHD39LJL71rExToSnmbEMHsbT4szEZx5LUgGAQqyOdRbBiedgbZ4pAEVKkTCY7wexVcGHUs8ET2mblY3UKPRp8oQPCOu3RbOVTkwj5DUcGx6UdAk1FY9h1DANHGhMBWKFsAzG2krxyWqxx8wo04NAwhFV5MIItFJpPCLt1LjnJ7fD9wr6yfg%2FK9a5EeTTlaK2pRY2EFTYKgjxOB1PNJoRv7fv7w4MPenqNYGOpkBQyqnEXEqEcG%2BZS9D3MdH5fH4kSShQ61doMUqeqLWnR1eA8czougKhX2jjVZff2GRUozMAqyOdS4YljoAoA%2BpjuLcUBEWTUXfdpTuyUihMbelCAsPe8aJlLevsGnWoqWH0UZZFgLiizOyIOs8lCVLxPDYN%2F6Z9vr%2FEvjSEAl38FAiJ38ezbXfk%2BFWp%2FGVTMS1RgYX5cccIqhA&X-Amz-Algorithm=AWS4-HMAC-SHA256&X-Amz-Date=20261010T103140Z&X-Amz-SignedHeaders=host&X-Amz-Credential=ASIA2QE4OQUWRFEOCHOM%2F20261010%2Fus-east-2%2Fs3%2Faws4_request&X-Amz-Expires=30&X-Amz-Signature=fc75302ce368f58bb3bf2c81176bfefb8a97edcc34e7a929771f67d4fa7f8011 561ms (cache miss)
npm http fetch GET 200 https://jfrog-prod-use2-shared-ohio-main.s3.amazonaws.com/aol-a0eigilwc24ii/filestore/bf/bfe48f70fb4fce938e50b66b8a03e564a53c7ea2?response-content-disposition=attachment%3Bfilename%3D%22rollup-4.64.4.tgz%22&response-content-type=application%2Fx-gzip&X-Artifactory-username=darcy%40vlt.sh&X-Artifactory-repoType=local&X-Artifactory-repositoryKey=benchmark-npm-remote-cache&X-Artifactory-originPackageType=npm&X-Artifactory-packageType=npm&X-Artifactory-artifactPath=rollup%2F-%2Frollup-4.64.4.tgz&X-Artifactory-originProjectKey=benchmark&X-Artifactory-projectKey=benchmark&X-Artifactory-originRepoType=remote&X-Artifactory-originRepositoryKey=benchmark-npm-remote&x-jf-traceId=0646da7f65243011546ac207f851af4e&X-Amz-Security-Token=IQoJb3JpZ2luX2VjEIr%2F%2F%2F%2F%2F%2F%2F%2F%2F%2FwEaCXVzLWVhc3QtMiJHMEUCIDbeTYsKHJwfB8q7AHmy3CK9AMZcCA%2Fl%2BWKhF2EcbT6aAiEAiaiKKjA3%2F7gc3YQf41SVg%2F4DdPCoKARMJOc7lOlXurgqkgUIVBAAGgw3MjE4ODI2MTMwMzciDHT3x%2FrdO9WBkKcJUirvBCTVT3d1ThhVvh%2FLbhCPJxBzyMIFmhBjrOs9HP6s9pRd1KPWLKWuqBqkNdMMJ7OavIG%2BQAYTjxwZBB7rt36XC6DhpdunrRrghoH3cukPppDhtaw%2FAqcDs4ayiU2MAEL5MZLEEcgkbvs9NxCKf8PowcsRmhU6N4FQKf%2BE8bSxxfxTEubnHRgozoFKLDsx2slmyn4SSy62oNq11leNARPD7%2FR%2BVMV3O0F9s6oZGRZz7uGaPAW6nWhCLXyNSye%2BPglJCrVNJ0VU4%2Ba8JJbJl5%2FyWMzFB8j1aR8OUweyvAgovUnT4M1Y1A%2BQNi9BF2zso1X11lw0eCZC1sMPs%2BolPDjZWSUZJuvFh9%2Fy0Z14W%2BbaozavFwcIwkBFWlnIgCb4zOgq9Je96wYjF%2BrP20YXI%2FRflYaC9fo2eD3TU1xIjfPmYz9KxuRHfwWkkpUczq8zY%2BT0u%2FsjxWQtjFzRQFg1p7lk8w6abWgYg6gcEypDJ7nl3ymGX89PrvRtkpCBQvDdY%2FQaOFoue%2BAOFPkX%2BU%2BL3QnaMcqOhQaj3yttmWwtCRqmWt%2FCtzl6QcF9ZEA6b7tDSojo8y9gyeufZGi7n5C53lHiplza%2FxPCcQanNvZXtHD39LJL71rExToSnmbEMHsbT4szEZx5LUgGAQqyOdRbBiedgbZ4pAEVKkTCY7wexVcGHUs8ET2mblY3UKPRp8oQPCOu3RbOVTkwj5DUcGx6UdAk1FY9h1DANHGhMBWKFsAzG2krxyWqxx8wo04NAwhFV5MIItFJpPCLt1LjnJ7fD9wr6yfg%2FK9a5EeTTlaK2pRY2EFTYKgjxOB1PNJoRv7fv7w4MPenqNYGOpkBQyqnEXEqEcG%2BZS9D3MdH5fH4kSShQ61doMUqeqLWnR1eA8czougKhX2jjVZff2GRUozMAqyOdS4YljoAoA%2BpjuLcUBEWTUXfdpTuyUihMbelCAsPe8aJlLevsGnWoqWH0UZZFgLiizOyIOs8lCVLxPDYN%2F6Z9vr%2FEvjSEAl38FAiJ38ezbXfk%2BFWp%2FGVTMS1RgYX5cccIqhA&X-Amz-Algorithm=AWS4-HMAC-SHA256&X-Amz-Date=20261010T103140Z&X-Amz-SignedHeaders=host&X-Amz-Credential=ASIA2QE4OQUWRFEOCHOM%2F20261010%2Fus-east-2%2Fs3%2Faws4_request&X-Amz-Expires=30&X-Amz-Signature=cfadc3b2eb5403676aa6a9836db3d49658f79287f64aee82732f6a22350a8ca1 589ms (cache miss)
npm http fetch GET 200 https://jfrog-prod-use2-shared-ohio-main.s3.amazonaws.com/aol-a0eigilwc24ii/filestore/dd/ddcfd2e568dd4904a9154d8763f2d78a3e9bf443?response-content-disposition=attachment%3Bfilename%3D%22vite-6.4.4.tgz%22&response-content-type=application%2Fx-gzip&X-Artifactory-username=darcy%40vlt.sh&X-Artifactory-repoType=local&X-Artifactory-repositoryKey=benchmark-npm-remote-cache&X-Artifactory-originPackageType=npm&X-Artifactory-packageType=npm&X-Artifactory-artifactPath=vite%2F-%2Fvite-6.4.4.tgz&X-Artifactory-originProjectKey=benchmark&X-Artifactory-projectKey=benchmark&X-Artifactory-originRepoType=remote&X-Artifactory-originRepositoryKey=benchmark-npm-remote&x-jf-traceId=107a989252d12b6af1853e54178c625a&X-Amz-Security-Token=IQoJb3JpZ2luX2VjEIr%2F%2F%2F%2F%2F%2F%2F%2F%2F%2FwEaCXVzLWVhc3QtMiJHMEUCIDbeTYsKHJwfB8q7AHmy3CK9AMZcCA%2Fl%2BWKhF2EcbT6aAiEAiaiKKjA3%2F7gc3YQf41SVg%2F4DdPCoKARMJOc7lOlXurgqkgUIVBAAGgw3MjE4ODI2MTMwMzciDHT3x%2FrdO9WBkKcJUirvBCTVT3d1ThhVvh%2FLbhCPJxBzyMIFmhBjrOs9HP6s9pRd1KPWLKWuqBqkNdMMJ7OavIG%2BQAYTjxwZBB7rt36XC6DhpdunrRrghoH3cukPppDhtaw%2FAqcDs4ayiU2MAEL5MZLEEcgkbvs9NxCKf8PowcsRmhU6N4FQKf%2BE8bSxxfxTEubnHRgozoFKLDsx2slmyn4SSy62oNq11leNARPD7%2FR%2BVMV3O0F9s6oZGRZz7uGaPAW6nWhCLXyNSye%2BPglJCrVNJ0VU4%2Ba8JJbJl5%2FyWMzFB8j1aR8OUweyvAgovUnT4M1Y1A%2BQNi9BF2zso1X11lw0eCZC1sMPs%2BolPDjZWSUZJuvFh9%2Fy0Z14W%2BbaozavFwcIwkBFWlnIgCb4zOgq9Je96wYjF%2BrP20YXI%2FRflYaC9fo2eD3TU1xIjfPmYz9KxuRHfwWkkpUczq8zY%2BT0u%2FsjxWQtjFzRQFg1p7lk8w6abWgYg6gcEypDJ7nl3ymGX89PrvRtkpCBQvDdY%2FQaOFoue%2BAOFPkX%2BU%2BL3QnaMcqOhQaj3yttmWwtCRqmWt%2FCtzl6QcF9ZEA6b7tDSojo8y9gyeufZGi7n5C53lHiplza%2FxPCcQanNvZXtHD39LJL71rExToSnmbEMHsbT4szEZx5LUgGAQqyOdRbBiedgbZ4pAEVKkTCY7wexVcGHUs8ET2mblY3UKPRp8oQPCOu3RbOVTkwj5DUcGx6UdAk1FY9h1DANHGhMBWKFsAzG2krxyWqxx8wo04NAwhFV5MIItFJpPCLt1LjnJ7fD9wr6yfg%2FK9a5EeTTlaK2pRY2EFTYKgjxOB1PNJoRv7fv7w4MPenqNYGOpkBQyqnEXEqEcG%2BZS9D3MdH5fH4kSShQ61doMUqeqLWnR1eA8czougKhX2jjVZff2GRUozMAqyOdS4YljoAoA%2BpjuLcUBEWTUXfdpTuyUihMbelCAsPe8aJlLevsGnWoqWH0UZZFgLiizOyIOs8lCVLxPDYN%2F6Z9vr%2FEvjSEAl38FAiJ38ezbXfk%2BFWp%2FGVTMS1RgYX5cccIqhA&X-Amz-Algorithm=AWS4-HMAC-SHA256&X-Amz-Date=20261010T103140Z&X-Amz-SignedHeaders=host&X-Amz-Credential=ASIA2QE4OQUWRFEOCHOM%2F20261010%2Fus-east-2%2Fs3%2Faws4_request&X-Amz-Expires=30&X-Amz-Signature=1d58b87901a80e0ada9ced6731abe56e0dcc4f0037123b64350e2c7fed91d53b 590ms (cache miss)
npm http fetch GET 200 https://jfrog-prod-use2-shared-ohio-main.s3.amazonaws.com/aol-a0eigilwc24ii/filestore/63/63cba2ab096d3c96b6b483575815f1f88acfe039?response-content-disposition=attachment%3Bfilename%3D%22svelte-check-4.7.6.tgz%22&response-content-type=application%2Fx-gzip&X-Artifactory-username=darcy%40vlt.sh&X-Artifactory-repoType=local&X-Artifactory-repositoryKey=benchmark-npm-remote-cache&X-Artifactory-originPackageType=npm&X-Artifactory-packageType=npm&X-Artifactory-artifactPath=svelte-check%2F-%2Fsvelte-check-4.7.6.tgz&X-Artifactory-originProjectKey=benchmark&X-Artifactory-projectKey=benchmark&X-Artifactory-originRepoType=remote&X-Artifactory-originRepositoryKey=benchmark-npm-remote&x-jf-traceId=a9ea953a091073a00785fdfba154c461&X-Amz-Security-Token=IQoJb3JpZ2luX2VjEIr%2F%2F%2F%2F%2F%2F%2F%2F%2F%2FwEaCXVzLWVhc3QtMiJHMEUCIDbeTYsKHJwfB8q7AHmy3CK9AMZcCA%2Fl%2BWKhF2EcbT6aAiEAiaiKKjA3%2F7gc3YQf41SVg%2F4DdPCoKARMJOc7lOlXurgqkgUIVBAAGgw3MjE4ODI2MTMwMzciDHT3x%2FrdO9WBkKcJUirvBCTVT3d1ThhVvh%2FLbhCPJxBzyMIFmhBjrOs9HP6s9pRd1KPWLKWuqBqkNdMMJ7OavIG%2BQAYTjxwZBB7rt36XC6DhpdunrRrghoH3cukPppDhtaw%2FAqcDs4ayiU2MAEL5MZLEEcgkbvs9NxCKf8PowcsRmhU6N4FQKf%2BE8bSxxfxTEubnHRgozoFKLDsx2slmyn4SSy62oNq11leNARPD7%2FR%2BVMV3O0F9s6oZGRZz7uGaPAW6nWhCLXyNSye%2BPglJCrVNJ0VU4%2Ba8JJbJl5%2FyWMzFB8j1aR8OUweyvAgovUnT4M1Y1A%2BQNi9BF2zso1X11lw0eCZC1sMPs%2BolPDjZWSUZJuvFh9%2Fy0Z14W%2BbaozavFwcIwkBFWlnIgCb4zOgq9Je96wYjF%2BrP20YXI%2FRflYaC9fo2eD3TU1xIjfPmYz9KxuRHfwWkkpUczq8zY%2BT0u%2FsjxWQtjFzRQFg1p7lk8w6abWgYg6gcEypDJ7nl3ymGX89PrvRtkpCBQvDdY%2FQaOFoue%2BAOFPkX%2BU%2BL3QnaMcqOhQaj3yttmWwtCRqmWt%2FCtzl6QcF9ZEA6b7tDSojo8y9gyeufZGi7n5C53lHiplza%2FxPCcQanNvZXtHD39LJL71rExToSnmbEMHsbT4szEZx5LUgGAQqyOdRbBiedgbZ4pAEVKkTCY7wexVcGHUs8ET2mblY3UKPRp8oQPCOu3RbOVTkwj5DUcGx6UdAk1FY9h1DANHGhMBWKFsAzG2krxyWqxx8wo04NAwhFV5MIItFJpPCLt1LjnJ7fD9wr6yfg%2FK9a5EeTTlaK2pRY2EFTYKgjxOB1PNJoRv7fv7w4MPenqNYGOpkBQyqnEXEqEcG%2BZS9D3MdH5fH4kSShQ61doMUqeqLWnR1eA8czougKhX2jjVZff2GRUozMAqyOdS4YljoAoA%2BpjuLcUBEWTUXfdpTuyUihMbelCAsPe8aJlLevsGnWoqWH0UZZFgLiizOyIOs8lCVLxPDYN%2F6Z9vr%2FEvjSEAl38FAiJ38ezbXfk%2BFWp%2FGVTMS1RgYX5cccIqhA&X-Amz-Algorithm=AWS4-HMAC-SHA256&X-Amz-Date=20261010T103140Z&X-Amz-SignedHeaders=host&X-Amz-Credential=ASIA2QE4OQUWRFEOCHOM%2F20261010%2Fus-east-2%2Fs3%2Faws4_request&X-Amz-Expires=30&X-Amz-Signature=49dc8f12d69b61b4c4c72632460e3a1e88152dec4950ed23ffcd2dc7a620b137 612ms (cache miss)
npm http fetch GET 200 https://vltoss.jfrog.io/artifactory/api/npm/benchmark-npm-remote/axobject-query/-/axobject-query-4.1.0.tgz 719ms (cache miss)
npm http fetch GET 200 https://jfrog-prod-use2-shared-ohio-main.s3.amazonaws.com/aol-a0eigilwc24ii/filestore/e1/e1066bce58394f1b1141deec8557a5f0a22f5977?response-content-disposition=attachment%3Bfilename%3D%22linux-arm64-0.25.12.tgz%22&response-content-type=application%2Fx-gzip&X-Artifactory-username=darcy%40vlt.sh&X-Artifactory-repoType=local&X-Artifactory-repositoryKey=benchmark-npm-remote-cache&X-Artifactory-originPackageType=npm&X-Artifactory-packageType=npm&X-Artifactory-artifactPath=%40esbuild%2Flinux-arm64%2F-%2Flinux-arm64-0.25.12.tgz&X-Artifactory-originProjectKey=benchmark&X-Artifactory-projectKey=benchmark&X-Artifactory-originRepoType=remote&X-Artifactory-originRepositoryKey=benchmark-npm-remote&x-jf-traceId=4c0e58057fc867dcda630bcd96892083&X-Amz-Security-Token=IQoJb3JpZ2luX2VjEIr%2F%2F%2F%2F%2F%2F%2F%2F%2F%2FwEaCXVzLWVhc3QtMiJHMEUCIDbeTYsKHJwfB8q7AHmy3CK9AMZcCA%2Fl%2BWKhF2EcbT6aAiEAiaiKKjA3%2F7gc3YQf41SVg%2F4DdPCoKARMJOc7lOlXurgqkgUIVBAAGgw3MjE4ODI2MTMwMzciDHT3x%2FrdO9WBkKcJUirvBCTVT3d1ThhVvh%2FLbhCPJxBzyMIFmhBjrOs9HP6s9pRd1KPWLKWuqBqkNdMMJ7OavIG%2BQAYTjxwZBB7rt36XC6DhpdunrRrghoH3cukPppDhtaw%2FAqcDs4ayiU2MAEL5MZLEEcgkbvs9NxCKf8PowcsRmhU6N4FQKf%2BE8bSxxfxTEubnHRgozoFKLDsx2slmyn4SSy62oNq11leNARPD7%2FR%2BVMV3O0F9s6oZGRZz7uGaPAW6nWhCLXyNSye%2BPglJCrVNJ0VU4%2Ba8JJbJl5%2FyWMzFB8j1aR8OUweyvAgovUnT4M1Y1A%2BQNi9BF2zso1X11lw0eCZC1sMPs%2BolPDjZWSUZJuvFh9%2Fy0Z14W%2BbaozavFwcIwkBFWlnIgCb4zOgq9Je96wYjF%2BrP20YXI%2FRflYaC9fo2eD3TU1xIjfPmYz9KxuRHfwWkkpUczq8zY%2BT0u%2FsjxWQtjFzRQFg1p7lk8w6abWgYg6gcEypDJ7nl3ymGX89PrvRtkpCBQvDdY%2FQaOFoue%2BAOFPkX%2BU%2BL3QnaMcqOhQaj3yttmWwtCRqmWt%2FCtzl6QcF9ZEA6b7tDSojo8y9gyeufZGi7n5C53lHiplza%2FxPCcQanNvZXtHD39LJL71rExToSnmbEMHsbT4szEZx5LUgGAQqyOdRbBiedgbZ4pAEVKkTCY7wexVcGHUs8ET2mblY3UKPRp8oQPCOu3RbOVTkwj5DUcGx6UdAk1FY9h1DANHGhMBWKFsAzG2krxyWqxx8wo04NAwhFV5MIItFJpPCLt1LjnJ7fD9wr6yfg%2FK9a5EeTTlaK2pRY2EFTYKgjxOB1PNJoRv7fv7w4MPenqNYGOpkBQyqnEXEqEcG%2BZS9D3MdH5fH4kSShQ61doMUqeqLWnR1eA8czougKhX2jjVZff2GRUozMAqyOdS4YljoAoA%2BpjuLcUBEWTUXfdpTuyUihMbelCAsPe8aJlLevsGnWoqWH0UZZFgLiizOyIOs8lCVLxPDYN%2F6Z9vr%2FEvjSEAl38FAiJ38ezbXfk%2BFWp%2FGVTMS1RgYX5cccIqhA&X-Amz-Algorithm=AWS4-HMAC-SHA256&X-Amz-Date=20261010T103140Z&X-Amz-SignedHeaders=host&X-Amz-Credential=ASIA2QE4OQUWRFEOCHOM%2F20261010%2Fus-east-2%2Fs3%2Faws4_request&X-Amz-Expires=30&X-Amz-Signature=b34aec5b7b7458f05c9fac76e3590798a759677731f1483af371ee5f76dfce08 725ms (cache miss)
npm http fetch GET 200 https://vltoss.jfrog.io/artifactory/api/npm/benchmark-npm-remote/aria-query/-/aria-query-5.3.1.tgz 797ms (cache miss)
npm http fetch GET 200 https://jfrog-prod-use2-shared-ohio-main.s3.amazonaws.com/aol-a0eigilwc24ii/filestore/29/29199518912d79989cfd0460b1c931ff2dc1deb6?response-content-disposition=attachment%3Bfilename%3D%22kit-2.70.3.tgz%22&response-content-type=application%2Fx-gzip&X-Artifactory-username=darcy%40vlt.sh&X-Artifactory-repoType=local&X-Artifactory-repositoryKey=benchmark-npm-remote-cache&X-Artifactory-originPackageType=npm&X-Artifactory-packageType=npm&X-Artifactory-artifactPath=%40sveltejs%2Fkit%2F-%2Fkit-2.70.3.tgz&X-Artifactory-originProjectKey=benchmark&X-Artifactory-projectKey=benchmark&X-Artifactory-originRepoType=remote&X-Artifactory-originRepositoryKey=benchmark-npm-remote&x-jf-traceId=e5d2afec333050297c21c49a179c3fba&X-Amz-Security-Token=IQoJb3JpZ2luX2VjEIr%2F%2F%2F%2F%2F%2F%2F%2F%2F%2FwEaCXVzLWVhc3QtMiJHMEUCIDbeTYsKHJwfB8q7AHmy3CK9AMZcCA%2Fl%2BWKhF2EcbT6aAiEAiaiKKjA3%2F7gc3YQf41SVg%2F4DdPCoKARMJOc7lOlXurgqkgUIVBAAGgw3MjE4ODI2MTMwMzciDHT3x%2FrdO9WBkKcJUirvBCTVT3d1ThhVvh%2FLbhCPJxBzyMIFmhBjrOs9HP6s9pRd1KPWLKWuqBqkNdMMJ7OavIG%2BQAYTjxwZBB7rt36XC6DhpdunrRrghoH3cukPppDhtaw%2FAqcDs4ayiU2MAEL5MZLEEcgkbvs9NxCKf8PowcsRmhU6N4FQKf%2BE8bSxxfxTEubnHRgozoFKLDsx2slmyn4SSy62oNq11leNARPD7%2FR%2BVMV3O0F9s6oZGRZz7uGaPAW6nWhCLXyNSye%2BPglJCrVNJ0VU4%2Ba8JJbJl5%2FyWMzFB8j1aR8OUweyvAgovUnT4M1Y1A%2BQNi9BF2zso1X11lw0eCZC1sMPs%2BolPDjZWSUZJuvFh9%2Fy0Z14W%2BbaozavFwcIwkBFWlnIgCb4zOgq9Je96wYjF%2BrP20YXI%2FRflYaC9fo2eD3TU1xIjfPmYz9KxuRHfwWkkpUczq8zY%2BT0u%2FsjxWQtjFzRQFg1p7lk8w6abWgYg6gcEypDJ7nl3ymGX89PrvRtkpCBQvDdY%2FQaOFoue%2BAOFPkX%2BU%2BL3QnaMcqOhQaj3yttmWwtCRqmWt%2FCtzl6QcF9ZEA6b7tDSojo8y9gyeufZGi7n5C53lHiplza%2FxPCcQanNvZXtHD39LJL71rExToSnmbEMHsbT4szEZx5LUgGAQqyOdRbBiedgbZ4pAEVKkTCY7wexVcGHUs8ET2mblY3UKPRp8oQPCOu3RbOVTkwj5DUcGx6UdAk1FY9h1DANHGhMBWKFsAzG2krxyWqxx8wo04NAwhFV5MIItFJpPCLt1LjnJ7fD9wr6yfg%2FK9a5EeTTlaK2pRY2EFTYKgjxOB1PNJoRv7fv7w4MPenqNYGOpkBQyqnEXEqEcG%2BZS9D3MdH5fH4kSShQ61doMUqeqLWnR1eA8czougKhX2jjVZff2GRUozMAqyOdS4YljoAoA%2BpjuLcUBEWTUXfdpTuyUihMbelCAsPe8aJlLevsGnWoqWH0UZZFgLiizOyIOs8lCVLxPDYN%2F6Z9vr%2FEvjSEAl38FAiJ38ezbXfk%2BFWp%2FGVTMS1RgYX5cccIqhA&X-Amz-Algorithm=AWS4-HMAC-SHA256&X-Amz-Date=20261010T103140Z&X-Amz-SignedHeaders=host&X-Amz-Credential=ASIA2QE4OQUWRFEOCHOM%2F20261010%2Fus-east-2%2Fs3%2Faws4_request&X-Amz-Expires=30&X-Amz-Signature=8c3525979fee10aaf3867c7c1c3f7ff844e74fb114a1aeac595c39698c18c181 813ms (cache miss)
npm http fetch GET 200 https://jfrog-prod-use2-shared-ohio-main.s3.amazonaws.com/aol-a0eigilwc24ii/filestore/5b/5b4f59e15310ab17a216f5d6cf53ee476ede670f?response-content-disposition=attachment%3Bfilename%3D%22typescript-5.9.3.tgz%22&response-content-type=application%2Fx-gzip&X-Artifactory-username=darcy%40vlt.sh&X-Artifactory-repoType=local&X-Artifactory-repositoryKey=benchmark-npm-remote-cache&X-Artifactory-originPackageType=npm&X-Artifactory-packageType=npm&X-Artifactory-artifactPath=typescript%2F-%2Ftypescript-5.9.3.tgz&X-Artifactory-originProjectKey=benchmark&X-Artifactory-projectKey=benchmark&X-Artifactory-originRepoType=remote&X-Artifactory-originRepositoryKey=benchmark-npm-remote&x-jf-traceId=0821787871d73737281893eca3428664&X-Amz-Security-Token=IQoJb3JpZ2luX2VjEIr%2F%2F%2F%2F%2F%2F%2F%2F%2F%2FwEaCXVzLWVhc3QtMiJHMEUCIDbeTYsKHJwfB8q7AHmy3CK9AMZcCA%2Fl%2BWKhF2EcbT6aAiEAiaiKKjA3%2F7gc3YQf41SVg%2F4DdPCoKARMJOc7lOlXurgqkgUIVBAAGgw3MjE4ODI2MTMwMzciDHT3x%2FrdO9WBkKcJUirvBCTVT3d1ThhVvh%2FLbhCPJxBzyMIFmhBjrOs9HP6s9pRd1KPWLKWuqBqkNdMMJ7OavIG%2BQAYTjxwZBB7rt36XC6DhpdunrRrghoH3cukPppDhtaw%2FAqcDs4ayiU2MAEL5MZLEEcgkbvs9NxCKf8PowcsRmhU6N4FQKf%2BE8bSxxfxTEubnHRgozoFKLDsx2slmyn4SSy62oNq11leNARPD7%2FR%2BVMV3O0F9s6oZGRZz7uGaPAW6nWhCLXyNSye%2BPglJCrVNJ0VU4%2Ba8JJbJl5%2FyWMzFB8j1aR8OUweyvAgovUnT4M1Y1A%2BQNi9BF2zso1X11lw0eCZC1sMPs%2BolPDjZWSUZJuvFh9%2Fy0Z14W%2BbaozavFwcIwkBFWlnIgCb4zOgq9Je96wYjF%2BrP20YXI%2FRflYaC9fo2eD3TU1xIjfPmYz9KxuRHfwWkkpUczq8zY%2BT0u%2FsjxWQtjFzRQFg1p7lk8w6abWgYg6gcEypDJ7nl3ymGX89PrvRtkpCBQvDdY%2FQaOFoue%2BAOFPkX%2BU%2BL3QnaMcqOhQaj3yttmWwtCRqmWt%2FCtzl6QcF9ZEA6b7tDSojo8y9gyeufZGi7n5C53lHiplza%2FxPCcQanNvZXtHD39LJL71rExToSnmbEMHsbT4szEZx5LUgGAQqyOdRbBiedgbZ4pAEVKkTCY7wexVcGHUs8ET2mblY3UKPRp8oQPCOu3RbOVTkwj5DUcGx6UdAk1FY9h1DANHGhMBWKFsAzG2krxyWqxx8wo04NAwhFV5MIItFJpPCLt1LjnJ7fD9wr6yfg%2FK9a5EeTTlaK2pRY2EFTYKgjxOB1PNJoRv7fv7w4MPenqNYGOpkBQyqnEXEqEcG%2BZS9D3MdH5fH4kSShQ61doMUqeqLWnR1eA8czougKhX2jjVZff2GRUozMAqyOdS4YljoAoA%2BpjuLcUBEWTUXfdpTuyUihMbelCAsPe8aJlLevsGnWoqWH0UZZFgLiizOyIOs8lCVLxPDYN%2F6Z9vr%2FEvjSEAl38FAiJ38ezbXfk%2BFWp%2FGVTMS1RgYX5cccIqhA&X-Amz-Algorithm=AWS4-HMAC-SHA256&X-Amz-Date=20261010T103140Z&X-Amz-SignedHeaders=host&X-Amz-Credential=ASIA2QE4OQUWRFEOCHOM%2F20261010%2Fus-east-2%2Fs3%2Faws4_request&X-Amz-Expires=30&X-Amz-Signature=dccd2252085145cf2b5128e97250cf5bc7f67bc5d4790542901f09d83f97e5e4 856ms (cache miss)
npm http fetch GET 200 https://jfrog-prod-use2-shared-ohio-main.s3.amazonaws.com/aol-a0eigilwc24ii/filestore/70/708ba9778114dc59457894055c9b034a4e0c86e0?response-content-disposition=attachment%3Bfilename%3D%22svelte-5.57.2.tgz%22&response-content-type=application%2Fx-gzip&X-Artifactory-username=darcy%40vlt.sh&X-Artifactory-repoType=local&X-Artifactory-repositoryKey=benchmark-npm-remote-cache&X-Artifactory-originPackageType=npm&X-Artifactory-packageType=npm&X-Artifactory-artifactPath=svelte%2F-%2Fsvelte-5.57.2.tgz&X-Artifactory-originProjectKey=benchmark&X-Artifactory-projectKey=benchmark&X-Artifactory-originRepoType=remote&X-Artifactory-originRepositoryKey=benchmark-npm-remote&x-jf-traceId=5469ef0d7150028ae7c60605c96af4be&X-Amz-Security-Token=IQoJb3JpZ2luX2VjEIr%2F%2F%2F%2F%2F%2F%2F%2F%2F%2FwEaCXVzLWVhc3QtMiJHMEUCIDbeTYsKHJwfB8q7AHmy3CK9AMZcCA%2Fl%2BWKhF2EcbT6aAiEAiaiKKjA3%2F7gc3YQf41SVg%2F4DdPCoKARMJOc7lOlXurgqkgUIVBAAGgw3MjE4ODI2MTMwMzciDHT3x%2FrdO9WBkKcJUirvBCTVT3d1ThhVvh%2FLbhCPJxBzyMIFmhBjrOs9HP6s9pRd1KPWLKWuqBqkNdMMJ7OavIG%2BQAYTjxwZBB7rt36XC6DhpdunrRrghoH3cukPppDhtaw%2FAqcDs4ayiU2MAEL5MZLEEcgkbvs9NxCKf8PowcsRmhU6N4FQKf%2BE8bSxxfxTEubnHRgozoFKLDsx2slmyn4SSy62oNq11leNARPD7%2FR%2BVMV3O0F9s6oZGRZz7uGaPAW6nWhCLXyNSye%2BPglJCrVNJ0VU4%2Ba8JJbJl5%2FyWMzFB8j1aR8OUweyvAgovUnT4M1Y1A%2BQNi9BF2zso1X11lw0eCZC1sMPs%2BolPDjZWSUZJuvFh9%2Fy0Z14W%2BbaozavFwcIwkBFWlnIgCb4zOgq9Je96wYjF%2BrP20YXI%2FRflYaC9fo2eD3TU1xIjfPmYz9KxuRHfwWkkpUczq8zY%2BT0u%2FsjxWQtjFzRQFg1p7lk8w6abWgYg6gcEypDJ7nl3ymGX89PrvRtkpCBQvDdY%2FQaOFoue%2BAOFPkX%2BU%2BL3QnaMcqOhQaj3yttmWwtCRqmWt%2FCtzl6QcF9ZEA6b7tDSojo8y9gyeufZGi7n5C53lHiplza%2FxPCcQanNvZXtHD39LJL71rExToSnmbEMHsbT4szEZx5LUgGAQqyOdRbBiedgbZ4pAEVKkTCY7wexVcGHUs8ET2mblY3UKPRp8oQPCOu3RbOVTkwj5DUcGx6UdAk1FY9h1DANHGhMBWKFsAzG2krxyWqxx8wo04NAwhFV5MIItFJpPCLt1LjnJ7fD9wr6yfg%2FK9a5EeTTlaK2pRY2EFTYKgjxOB1PNJoRv7fv7w4MPenqNYGOpkBQyqnEXEqEcG%2BZS9D3MdH5fH4kSShQ61doMUqeqLWnR1eA8czougKhX2jjVZff2GRUozMAqyOdS4YljoAoA%2BpjuLcUBEWTUXfdpTuyUihMbelCAsPe8aJlLevsGnWoqWH0UZZFgLiizOyIOs8lCVLxPDYN%2F6Z9vr%2FEvjSEAl38FAiJ38ezbXfk%2BFWp%2FGVTMS1RgYX5cccIqhA&X-Amz-Algorithm=AWS4-HMAC-SHA256&X-Amz-Date=20261010T103140Z&X-Amz-SignedHeaders=host&X-Amz-Credential=ASIA2QE4OQUWRFEOCHOM%2F20261010%2Fus-east-2%2Fs3%2Faws4_request&X-Amz-Expires=30&X-Amz-Signature=526ce7b6a26d78b761e82cad97adcb540ad222509fa854ba9328548a2b88f8a3 931ms (cache miss)

added 58 packages in 6s
