npm http fetch GET 200 https://vltoss.jfrog.io/artifactory/api/npm/benchmark-npm-remote/@fontsource%2ffira-mono 455ms (cache miss)
npm http fetch GET 200 https://vltoss.jfrog.io/artifactory/api/npm/benchmark-npm-remote/@neoconfetti%2fsvelte 87ms (cache miss)
npm http fetch GET 200 https://vltoss.jfrog.io/artifactory/api/npm/benchmark-npm-remote/svelte 883ms (cache miss)
npm http fetch GET 200 https://vltoss.jfrog.io/artifactory/api/npm/benchmark-npm-remote/@sveltejs%2fadapter-auto 104ms (cache miss)
npm http fetch GET 200 https://vltoss.jfrog.io/artifactory/api/npm/benchmark-npm-remote/@sveltejs%2fkit 247ms (cache miss)
npm http fetch GET 200 https://vltoss.jfrog.io/artifactory/api/npm/benchmark-npm-remote/@sveltejs%2fvite-plugin-svelte 99ms (cache miss)
npm http fetch GET 200 https://vltoss.jfrog.io/artifactory/api/npm/benchmark-npm-remote/vite 1409ms (cache miss)
npm http fetch GET 200 https://vltoss.jfrog.io/artifactory/api/npm/benchmark-npm-remote/typescript 613ms (cache miss)
npm http fetch GET 200 https://vltoss.jfrog.io/artifactory/api/npm/benchmark-npm-remote/svelte-check 122ms (cache miss)
npm http fetch GET 200 https://vltoss.jfrog.io/artifactory/api/npm/benchmark-npm-remote/clsx 86ms (cache miss)
npm http fetch GET 200 https://vltoss.jfrog.io/artifactory/api/npm/benchmark-npm-remote/devalue 89ms (cache miss)
npm http fetch GET 200 https://vltoss.jfrog.io/artifactory/api/npm/benchmark-npm-remote/esm-env 84ms (cache miss)
npm http fetch GET 200 https://vltoss.jfrog.io/artifactory/api/npm/benchmark-npm-remote/aria-query 89ms (cache miss)
npm http fetch GET 200 https://vltoss.jfrog.io/artifactory/api/npm/benchmark-npm-remote/zimmerframe 87ms (cache miss)
npm http fetch GET 200 https://vltoss.jfrog.io/artifactory/api/npm/benchmark-npm-remote/esrap 480ms (cache miss)
npm http fetch GET 200 https://vltoss.jfrog.io/artifactory/api/npm/benchmark-npm-remote/is-reference 85ms (cache miss)
npm http fetch GET 200 https://vltoss.jfrog.io/artifactory/api/npm/benchmark-npm-remote/acorn 533ms (cache miss)
npm http fetch GET 200 https://vltoss.jfrog.io/artifactory/api/npm/benchmark-npm-remote/@types%2festree 87ms (cache miss)
npm http fetch GET 200 https://vltoss.jfrog.io/artifactory/api/npm/benchmark-npm-remote/axobject-query 91ms (cache miss)
npm http fetch GET 200 https://vltoss.jfrog.io/artifactory/api/npm/benchmark-npm-remote/magic-string 217ms (cache miss)
npm http fetch GET 200 https://vltoss.jfrog.io/artifactory/api/npm/benchmark-npm-remote/locate-character 88ms (cache miss)
npm http fetch GET 200 https://vltoss.jfrog.io/artifactory/api/npm/benchmark-npm-remote/@jridgewell%2fremapping 82ms (cache miss)
npm http fetch GET 200 https://vltoss.jfrog.io/artifactory/api/npm/benchmark-npm-remote/@sveltejs%2facorn-typescript 84ms (cache miss)
npm http fetch GET 200 https://vltoss.jfrog.io/artifactory/api/npm/benchmark-npm-remote/import-meta-resolve 83ms (cache miss)
npm http fetch GET 200 https://vltoss.jfrog.io/artifactory/api/npm/benchmark-npm-remote/@jridgewell%2fsourcemap-codec 89ms (cache miss)
npm http fetch GET 200 https://vltoss.jfrog.io/artifactory/api/npm/benchmark-npm-remote/sirv 86ms (cache miss)
npm http fetch GET 200 https://vltoss.jfrog.io/artifactory/api/npm/benchmark-npm-remote/acorn 88ms (cache revalidated)
npm http fetch GET 200 https://vltoss.jfrog.io/artifactory/api/npm/benchmark-npm-remote/kleur 90ms (cache miss)
npm http fetch GET 200 https://vltoss.jfrog.io/artifactory/api/npm/benchmark-npm-remote/cookie 86ms (cache miss)
npm http fetch GET 200 https://vltoss.jfrog.io/artifactory/api/npm/benchmark-npm-remote/mrmime 82ms (cache miss)
npm http fetch GET 200 https://vltoss.jfrog.io/artifactory/api/npm/benchmark-npm-remote/devalue 82ms (cache revalidated)
npm http fetch GET 200 https://vltoss.jfrog.io/artifactory/api/npm/benchmark-npm-remote/esm-env 84ms (cache revalidated)
npm http fetch GET 200 https://vltoss.jfrog.io/artifactory/api/npm/benchmark-npm-remote/magic-string 81ms (cache revalidated)
npm http fetch GET 200 https://vltoss.jfrog.io/artifactory/api/npm/benchmark-npm-remote/@types%2fcookie 84ms (cache miss)
npm http fetch GET 200 https://vltoss.jfrog.io/artifactory/api/npm/benchmark-npm-remote/set-cookie-parser 85ms (cache miss)
npm http fetch GET 200 https://vltoss.jfrog.io/artifactory/api/npm/benchmark-npm-remote/@standard-schema%2fspec 86ms (cache miss)
npm http fetch GET 200 https://vltoss.jfrog.io/artifactory/api/npm/benchmark-npm-remote/@sveltejs%2facorn-typescript 83ms (cache revalidated)
npm http fetch GET 200 https://vltoss.jfrog.io/artifactory/api/npm/benchmark-npm-remote/vitefu 86ms (cache miss)
npm http fetch GET 200 https://vltoss.jfrog.io/artifactory/api/npm/benchmark-npm-remote/debug 97ms (cache miss)
npm http fetch GET 200 https://vltoss.jfrog.io/artifactory/api/npm/benchmark-npm-remote/deepmerge 98ms (cache miss)
npm http fetch GET 200 https://vltoss.jfrog.io/artifactory/api/npm/benchmark-npm-remote/@sveltejs%2fvite-plugin-svelte-inspector 87ms (cache miss)
npm http fetch GET 200 https://vltoss.jfrog.io/artifactory/api/npm/benchmark-npm-remote/fdir 88ms (cache miss)
npm http fetch GET 200 https://vltoss.jfrog.io/artifactory/api/npm/benchmark-npm-remote/rollup 293ms (cache miss)
npm http fetch GET 200 https://vltoss.jfrog.io/artifactory/api/npm/benchmark-npm-remote/postcss 263ms (cache miss)
npm http fetch GET 200 https://vltoss.jfrog.io/artifactory/api/npm/benchmark-npm-remote/picomatch 89ms (cache miss)
npm http fetch GET 200 https://vltoss.jfrog.io/artifactory/api/npm/benchmark-npm-remote/tinyglobby 85ms (cache miss)
npm http fetch GET 200 https://vltoss.jfrog.io/artifactory/api/npm/benchmark-npm-remote/esbuild 381ms (cache miss)
npm http fetch GET 200 https://vltoss.jfrog.io/artifactory/api/npm/benchmark-npm-remote/fsevents 99ms (cache miss)
npm http fetch GET 200 https://vltoss.jfrog.io/artifactory/api/npm/benchmark-npm-remote/fdir 81ms (cache revalidated)
npm http fetch GET 200 https://vltoss.jfrog.io/artifactory/api/npm/benchmark-npm-remote/sade 87ms (cache miss)
npm http fetch GET 200 https://vltoss.jfrog.io/artifactory/api/npm/benchmark-npm-remote/picocolors 84ms (cache miss)
npm http fetch GET 200 https://vltoss.jfrog.io/artifactory/api/npm/benchmark-npm-remote/chokidar 94ms (cache miss)
npm http fetch GET 200 https://vltoss.jfrog.io/artifactory/api/npm/benchmark-npm-remote/@sveltejs%2fload-config 81ms (cache miss)
npm http fetch GET 200 https://vltoss.jfrog.io/artifactory/api/npm/benchmark-npm-remote/@jridgewell%2ftrace-mapping 87ms (cache miss)
npm http fetch GET 200 https://vltoss.jfrog.io/artifactory/api/npm/benchmark-npm-remote/@jridgewell%2fsourcemap-codec 84ms (cache revalidated)
npm http fetch GET 200 https://vltoss.jfrog.io/artifactory/api/npm/benchmark-npm-remote/totalist 86ms (cache miss)
npm http fetch GET 200 https://vltoss.jfrog.io/artifactory/api/npm/benchmark-npm-remote/@polka%2furl 88ms (cache miss)
npm http fetch GET 200 https://vltoss.jfrog.io/artifactory/api/npm/benchmark-npm-remote/debug 83ms (cache revalidated)
npm http fetch GET 200 https://vltoss.jfrog.io/artifactory/api/npm/benchmark-npm-remote/ms 86ms (cache miss)
npm http fetch GET 200 https://vltoss.jfrog.io/artifactory/api/npm/benchmark-npm-remote/@jridgewell%2ftrace-mapping 81ms (cache revalidated)
npm http fetch GET 200 https://vltoss.jfrog.io/artifactory/api/npm/benchmark-npm-remote/@jridgewell%2fgen-mapping 87ms (cache miss)
npm http fetch GET 200 https://vltoss.jfrog.io/artifactory/api/npm/benchmark-npm-remote/@jridgewell%2fresolve-uri 83ms (cache miss)
npm http fetch GET 200 https://vltoss.jfrog.io/artifactory/api/npm/benchmark-npm-remote/mri 85ms (cache miss)
npm http fetch GET 200 https://vltoss.jfrog.io/artifactory/api/npm/benchmark-npm-remote/readdirp 89ms (cache miss)
npm http fetch GET 200 https://vltoss.jfrog.io/artifactory/api/npm/benchmark-npm-remote/@esbuild%2faix-ppc64 91ms (cache miss)
npm http fetch GET 200 https://vltoss.jfrog.io/artifactory/api/npm/benchmark-npm-remote/@esbuild%2flinux-x64 96ms (cache miss)
npm http fetch GET 200 https://vltoss.jfrog.io/artifactory/api/npm/benchmark-npm-remote/@esbuild%2flinux-arm 98ms (cache miss)
npm http fetch GET 200 https://vltoss.jfrog.io/artifactory/api/npm/benchmark-npm-remote/@esbuild%2fsunos-x64 94ms (cache miss)
npm http fetch GET 200 https://vltoss.jfrog.io/artifactory/api/npm/benchmark-npm-remote/@esbuild%2fwin32-x64 96ms (cache miss)
npm http fetch GET 200 https://vltoss.jfrog.io/artifactory/api/npm/benchmark-npm-remote/@esbuild%2fdarwin-x64 96ms (cache miss)
npm http fetch GET 200 https://vltoss.jfrog.io/artifactory/api/npm/benchmark-npm-remote/@esbuild%2flinux-ia32 88ms (cache miss)
npm http fetch GET 200 https://vltoss.jfrog.io/artifactory/api/npm/benchmark-npm-remote/@esbuild%2fnetbsd-x64 94ms (cache miss)
npm http fetch GET 200 https://vltoss.jfrog.io/artifactory/api/npm/benchmark-npm-remote/@esbuild%2fwin32-ia32 93ms (cache miss)
npm http fetch GET 200 https://vltoss.jfrog.io/artifactory/api/npm/benchmark-npm-remote/@esbuild%2fandroid-arm 88ms (cache miss)
npm http fetch GET 200 https://vltoss.jfrog.io/artifactory/api/npm/benchmark-npm-remote/@esbuild%2fandroid-x64 91ms (cache miss)
npm http fetch GET 200 https://vltoss.jfrog.io/artifactory/api/npm/benchmark-npm-remote/@esbuild%2ffreebsd-x64 94ms (cache miss)
npm http fetch GET 200 https://vltoss.jfrog.io/artifactory/api/npm/benchmark-npm-remote/@esbuild%2flinux-arm64 89ms (cache miss)
npm http fetch GET 200 https://vltoss.jfrog.io/artifactory/api/npm/benchmark-npm-remote/@esbuild%2flinux-ppc64 95ms (cache miss)
npm http fetch GET 200 https://vltoss.jfrog.io/artifactory/api/npm/benchmark-npm-remote/@esbuild%2flinux-s390x 95ms (cache miss)
npm http fetch GET 200 https://vltoss.jfrog.io/artifactory/api/npm/benchmark-npm-remote/@esbuild%2fopenbsd-x64 87ms (cache miss)
npm http fetch GET 200 https://vltoss.jfrog.io/artifactory/api/npm/benchmark-npm-remote/@esbuild%2fwin32-arm64 90ms (cache miss)
npm http fetch GET 200 https://vltoss.jfrog.io/artifactory/api/npm/benchmark-npm-remote/@esbuild%2fdarwin-arm64 93ms (cache miss)
npm http fetch GET 200 https://vltoss.jfrog.io/artifactory/api/npm/benchmark-npm-remote/@esbuild%2fnetbsd-arm64 81ms (cache miss)
npm http fetch GET 200 https://vltoss.jfrog.io/artifactory/api/npm/benchmark-npm-remote/@esbuild%2fandroid-arm64 89ms (cache miss)
npm http fetch GET 200 https://vltoss.jfrog.io/artifactory/api/npm/benchmark-npm-remote/@esbuild%2ffreebsd-arm64 95ms (cache miss)
npm http fetch GET 200 https://vltoss.jfrog.io/artifactory/api/npm/benchmark-npm-remote/@esbuild%2flinux-loong64 88ms (cache miss)
npm http fetch GET 200 https://vltoss.jfrog.io/artifactory/api/npm/benchmark-npm-remote/@esbuild%2flinux-riscv64 93ms (cache miss)
npm http fetch GET 200 https://vltoss.jfrog.io/artifactory/api/npm/benchmark-npm-remote/@esbuild%2fopenbsd-arm64 87ms (cache miss)
npm http fetch GET 200 https://vltoss.jfrog.io/artifactory/api/npm/benchmark-npm-remote/@esbuild%2flinux-mips64el 86ms (cache miss)
npm http fetch GET 200 https://vltoss.jfrog.io/artifactory/api/npm/benchmark-npm-remote/@esbuild%2fopenharmony-arm64 89ms (cache miss)
npm http fetch GET 200 https://vltoss.jfrog.io/artifactory/api/npm/benchmark-npm-remote/nanoid 103ms (cache miss)
npm http fetch GET 200 https://vltoss.jfrog.io/artifactory/api/npm/benchmark-npm-remote/source-map-js 80ms (cache miss)
npm http fetch GET 200 https://vltoss.jfrog.io/artifactory/api/npm/benchmark-npm-remote/@rollup%2frollup-darwin-x64 96ms (cache miss)
npm http fetch GET 200 https://vltoss.jfrog.io/artifactory/api/npm/benchmark-npm-remote/@rollup%2frollup-freebsd-x64 93ms (cache miss)
npm http fetch GET 200 https://vltoss.jfrog.io/artifactory/api/npm/benchmark-npm-remote/@rollup%2frollup-openbsd-x64 85ms (cache miss)
npm http fetch GET 200 https://vltoss.jfrog.io/artifactory/api/npm/benchmark-npm-remote/@napi-rs%2flzma-linux-x64-gnu 83ms (cache miss)
npm http fetch GET 200 https://vltoss.jfrog.io/artifactory/api/npm/benchmark-npm-remote/@rollup%2frollup-darwin-arm64 104ms (cache miss)
npm http fetch GET 200 https://vltoss.jfrog.io/artifactory/api/npm/benchmark-npm-remote/@rollup%2frollup-android-arm64 98ms (cache miss)
npm http fetch GET 200 https://vltoss.jfrog.io/artifactory/api/npm/benchmark-npm-remote/@rollup%2frollup-freebsd-arm64 89ms (cache miss)
npm http fetch GET 200 https://vltoss.jfrog.io/artifactory/api/npm/benchmark-npm-remote/@rollup%2frollup-win32-x64-gnu 87ms (cache miss)
npm http fetch GET 200 https://vltoss.jfrog.io/artifactory/api/npm/benchmark-npm-remote/@rollup%2frollup-linux-x64-gnu 100ms (cache miss)
npm http fetch GET 200 https://vltoss.jfrog.io/artifactory/api/npm/benchmark-npm-remote/@rollup%2frollup-linux-x64-musl 95ms (cache miss)
npm http fetch GET 200 https://vltoss.jfrog.io/artifactory/api/npm/benchmark-npm-remote/@rollup%2frollup-win32-x64-msvc 93ms (cache miss)
npm http fetch GET 200 https://vltoss.jfrog.io/artifactory/api/npm/benchmark-npm-remote/@rollup%2frollup-linux-arm64-gnu 100ms (cache miss)
npm http fetch GET 200 https://vltoss.jfrog.io/artifactory/api/npm/benchmark-npm-remote/@rollup%2frollup-linux-ppc64-gnu 86ms (cache miss)
npm http fetch GET 200 https://vltoss.jfrog.io/artifactory/api/npm/benchmark-npm-remote/@rollup%2frollup-linux-s390x-gnu 90ms (cache miss)
npm http fetch GET 200 https://vltoss.jfrog.io/artifactory/api/npm/benchmark-npm-remote/@rollup%2frollup-win32-ia32-msvc 100ms (cache miss)
npm http fetch GET 200 https://vltoss.jfrog.io/artifactory/api/npm/benchmark-npm-remote/@rollup%2frollup-android-arm-eabi 93ms (cache miss)
npm http fetch GET 200 https://vltoss.jfrog.io/artifactory/api/npm/benchmark-npm-remote/@rollup%2frollup-linux-arm64-musl 94ms (cache miss)
npm http fetch GET 200 https://vltoss.jfrog.io/artifactory/api/npm/benchmark-npm-remote/@rollup%2frollup-linux-ppc64-musl 86ms (cache miss)
npm http fetch GET 200 https://vltoss.jfrog.io/artifactory/api/npm/benchmark-npm-remote/@rollup%2frollup-win32-arm64-msvc 96ms (cache miss)
npm http fetch GET 200 https://vltoss.jfrog.io/artifactory/api/npm/benchmark-npm-remote/@rollup%2frollup-linux-loong64-gnu 88ms (cache miss)
npm http fetch GET 200 https://vltoss.jfrog.io/artifactory/api/npm/benchmark-npm-remote/@rollup%2frollup-linux-riscv64-gnu 96ms (cache miss)
npm http fetch GET 200 https://vltoss.jfrog.io/artifactory/api/npm/benchmark-npm-remote/@rollup%2frollup-openharmony-arm64 86ms (cache miss)
npm http fetch GET 200 https://vltoss.jfrog.io/artifactory/api/npm/benchmark-npm-remote/@rollup%2frollup-linux-loong64-musl 84ms (cache miss)
npm http fetch GET 200 https://vltoss.jfrog.io/artifactory/api/npm/benchmark-npm-remote/@rollup%2frollup-linux-riscv64-musl 90ms (cache miss)
npm http fetch GET 200 https://vltoss.jfrog.io/artifactory/api/npm/benchmark-npm-remote/@rollup%2frollup-linux-arm-gnueabihf 95ms (cache miss)
npm http fetch GET 200 https://vltoss.jfrog.io/artifactory/api/npm/benchmark-npm-remote/@rollup%2frollup-linux-arm-musleabihf 90ms (cache miss)
npm http fetch GET 200 https://vltoss.jfrog.io/artifactory/api/npm/benchmark-npm-remote/nanoid/-/nanoid-3.3.19.tgz 114ms (cache miss)
npm http fetch GET 200 https://vltoss.jfrog.io/artifactory/api/npm/benchmark-npm-remote/source-map-js/-/source-map-js-1.2.2.tgz 118ms (cache miss)
npm http fetch GET 200 https://vltoss.jfrog.io/artifactory/api/npm/benchmark-npm-remote/@jridgewell/resolve-uri/-/resolve-uri-3.1.2.tgz 182ms (cache miss)
npm http fetch GET 200 https://vltoss.jfrog.io/artifactory/api/npm/benchmark-npm-remote/chokidar/-/chokidar-4.0.3.tgz 185ms (cache miss)
npm http fetch GET 200 https://vltoss.jfrog.io/artifactory/api/npm/benchmark-npm-remote/@jridgewell/trace-mapping/-/trace-mapping-0.3.31.tgz 196ms (cache miss)
npm http fetch GET 200 https://vltoss.jfrog.io/artifactory/api/npm/benchmark-npm-remote/zimmerframe/-/zimmerframe-1.1.5.tgz 255ms (cache miss)
npm http fetch GET 200 https://vltoss.jfrog.io/artifactory/api/npm/benchmark-npm-remote/locate-character/-/locate-character-3.0.0.tgz 259ms (cache miss)
npm http fetch GET 200 https://vltoss.jfrog.io/artifactory/api/npm/benchmark-npm-remote/@jridgewell/gen-mapping/-/gen-mapping-0.3.13.tgz 265ms (cache miss)
npm http fetch GET 200 https://vltoss.jfrog.io/artifactory/api/npm/benchmark-npm-remote/mri/-/mri-1.2.0.tgz 309ms (cache miss)
npm http fetch GET 200 https://vltoss.jfrog.io/artifactory/api/npm/benchmark-npm-remote/picocolors/-/picocolors-1.1.1.tgz 310ms (cache miss)
npm http fetch GET 200 https://vltoss.jfrog.io/artifactory/api/npm/benchmark-npm-remote/@sveltejs/load-config/-/load-config-0.2.3.tgz 309ms (cache miss)
npm http fetch GET 200 https://vltoss.jfrog.io/artifactory/api/npm/benchmark-npm-remote/is-reference/-/is-reference-3.0.3.tgz 327ms (cache miss)
npm http fetch GET 200 https://vltoss.jfrog.io/artifactory/api/npm/benchmark-npm-remote/clsx/-/clsx-2.1.1.tgz 337ms (cache miss)
npm http fetch GET 200 https://vltoss.jfrog.io/artifactory/api/npm/benchmark-npm-remote/esrap/-/esrap-2.4.0.tgz 348ms (cache miss)
npm http fetch GET 200 https://vltoss.jfrog.io/artifactory/api/npm/benchmark-npm-remote/tinyglobby/-/tinyglobby-0.2.17.tgz 355ms (cache miss)
npm http fetch GET 200 https://vltoss.jfrog.io/artifactory/api/npm/benchmark-npm-remote/sade/-/sade-1.8.1.tgz 355ms (cache miss)
npm http fetch GET 200 https://vltoss.jfrog.io/artifactory/api/npm/benchmark-npm-remote/readdirp/-/readdirp-4.1.2.tgz 359ms (cache miss)
npm http fetch GET 200 https://vltoss.jfrog.io/artifactory/api/npm/benchmark-npm-remote/picomatch/-/picomatch-4.0.7.tgz 364ms (cache miss)
npm http fetch GET 200 https://vltoss.jfrog.io/artifactory/api/npm/benchmark-npm-remote/@types/estree/-/estree-1.0.9.tgz 371ms (cache miss)
npm http fetch GET 200 https://vltoss.jfrog.io/artifactory/api/npm/benchmark-npm-remote/fdir/-/fdir-6.5.0.tgz 374ms (cache miss)
npm http fetch GET 200 https://vltoss.jfrog.io/artifactory/api/npm/benchmark-npm-remote/esbuild/-/esbuild-0.25.12.tgz 376ms (cache miss)
npm http fetch GET 200 https://vltoss.jfrog.io/artifactory/api/npm/benchmark-npm-remote/totalist/-/totalist-3.0.1.tgz 389ms (cache miss)
npm http fetch GET 200 https://vltoss.jfrog.io/artifactory/api/npm/benchmark-npm-remote/@polka/url/-/url-1.0.0-next.29.tgz 403ms (cache miss)
npm http fetch GET 200 https://vltoss.jfrog.io/artifactory/api/npm/benchmark-npm-remote/ms/-/ms-2.1.3.tgz 410ms (cache miss)
npm http fetch GET 200 https://vltoss.jfrog.io/artifactory/api/npm/benchmark-npm-remote/postcss/-/postcss-8.5.28.tgz 421ms (cache miss)
npm http fetch GET 200 https://vltoss.jfrog.io/artifactory/api/npm/benchmark-npm-remote/vitefu/-/vitefu-1.1.3.tgz 436ms (cache miss)
npm http fetch GET 200 https://vltoss.jfrog.io/artifactory/api/npm/benchmark-npm-remote/deepmerge/-/deepmerge-4.3.1.tgz 438ms (cache miss)
npm http fetch GET 200 https://vltoss.jfrog.io/artifactory/api/npm/benchmark-npm-remote/debug/-/debug-4.4.3.tgz 448ms (cache miss)
npm http fetch GET 200 https://vltoss.jfrog.io/artifactory/api/npm/benchmark-npm-remote/@sveltejs/vite-plugin-svelte-inspector/-/vite-plugin-svelte-inspector-4.0.1.tgz 450ms (cache miss)
npm http fetch GET 200 https://vltoss.jfrog.io/artifactory/api/npm/benchmark-npm-remote/sirv/-/sirv-3.0.2.tgz 453ms (cache miss)
npm http fetch GET 200 https://vltoss.jfrog.io/artifactory/api/npm/benchmark-npm-remote/set-cookie-parser/-/set-cookie-parser-3.1.2.tgz 456ms (cache miss)
npm http fetch GET 200 https://vltoss.jfrog.io/artifactory/api/npm/benchmark-npm-remote/mrmime/-/mrmime-2.0.1.tgz 456ms (cache miss)
npm http fetch GET 200 https://vltoss.jfrog.io/artifactory/api/npm/benchmark-npm-remote/@jridgewell/sourcemap-codec/-/sourcemap-codec-1.6.0.tgz 466ms (cache miss)
npm http fetch GET 200 https://vltoss.jfrog.io/artifactory/api/npm/benchmark-npm-remote/@jridgewell/remapping/-/remapping-2.3.5.tgz 468ms (cache miss)
npm http fetch GET 200 https://vltoss.jfrog.io/artifactory/api/npm/benchmark-npm-remote/esm-env/-/esm-env-1.2.2.tgz 487ms (cache miss)
npm http fetch GET 200 https://vltoss.jfrog.io/artifactory/api/npm/benchmark-npm-remote/kleur/-/kleur-4.1.5.tgz 488ms (cache miss)
npm http fetch GET 200 https://vltoss.jfrog.io/artifactory/api/npm/benchmark-npm-remote/cookie/-/cookie-0.6.0.tgz 494ms (cache miss)
npm http fetch GET 200 https://vltoss.jfrog.io/artifactory/api/npm/benchmark-npm-remote/devalue/-/devalue-5.9.4.tgz 519ms (cache miss)
npm http fetch GET 200 https://vltoss.jfrog.io/artifactory/api/npm/benchmark-npm-remote/@types/cookie/-/cookie-0.6.0.tgz 520ms (cache miss)
npm http fetch GET 200 https://vltoss.jfrog.io/artifactory/api/npm/benchmark-npm-remote/@standard-schema/spec/-/spec-1.1.0.tgz 522ms (cache miss)
npm http fetch GET 200 https://vltoss.jfrog.io/artifactory/api/npm/benchmark-npm-remote/import-meta-resolve/-/import-meta-resolve-4.2.0.tgz 539ms (cache miss)
npm http fetch GET 200 https://vltoss.jfrog.io/artifactory/api/npm/benchmark-npm-remote/acorn/-/acorn-8.18.0.tgz 547ms (cache miss)
npm http fetch GET 200 https://vltoss.jfrog.io/artifactory/api/npm/benchmark-npm-remote/@sveltejs/adapter-auto/-/adapter-auto-3.3.1.tgz 564ms (cache miss)
npm http fetch GET 200 https://vltoss.jfrog.io/artifactory/api/npm/benchmark-npm-remote/@neoconfetti/svelte/-/svelte-2.2.2.tgz 566ms (cache miss)
npm http fetch GET 200 https://vltoss.jfrog.io/artifactory/api/npm/benchmark-npm-remote/@sveltejs/acorn-typescript/-/acorn-typescript-1.0.13.tgz 572ms (cache miss)
npm http fetch GET 200 https://vltoss.jfrog.io/artifactory/api/npm/benchmark-npm-remote/axobject-query/-/axobject-query-4.1.0.tgz 592ms (cache miss)
npm http fetch GET 200 https://vltoss.jfrog.io/artifactory/api/npm/benchmark-npm-remote/magic-string/-/magic-string-0.30.21.tgz 597ms (cache miss)
npm http fetch GET 200 https://vltoss.jfrog.io/artifactory/api/npm/benchmark-npm-remote/@sveltejs/vite-plugin-svelte/-/vite-plugin-svelte-5.1.1.tgz 597ms (cache miss)
npm http fetch GET 200 https://vltoss.jfrog.io/artifactory/api/npm/benchmark-npm-remote/aria-query/-/aria-query-5.3.1.tgz 622ms (cache miss)
npm http fetch GET 200 https://jfrog-prod-use2-shared-ohio-main.s3.amazonaws.com/aol-a0eigilwc24ii/filestore/a7/a7b08a3274a3a57e0f34ad4e418036b17c57af8e?response-content-disposition=attachment%3Bfilename%3D%22rollup-linux-arm64-gnu-4.63.6.tgz%22&response-content-type=application%2Fx-gzip&X-Artifactory-username=darcy%40vlt.sh&X-Artifactory-repoType=local&X-Artifactory-repositoryKey=benchmark-npm-remote-cache&X-Artifactory-originPackageType=npm&X-Artifactory-packageType=npm&X-Artifactory-artifactPath=%40rollup%2Frollup-linux-arm64-gnu%2F-%2Frollup-linux-arm64-gnu-4.63.6.tgz&X-Artifactory-originProjectKey=benchmark&X-Artifactory-projectKey=benchmark&X-Artifactory-originRepoType=remote&X-Artifactory-originRepositoryKey=benchmark-npm-remote&x-jf-traceId=118d3e2eb69768e4c6fd26654fe6a97e&X-Amz-Security-Token=IQoJb3JpZ2luX2VjELP%2F%2F%2F%2F%2F%2F%2F%2F%2F%2FwEaCXVzLWVhc3QtMiJHMEUCIA9EML%2F2l6CzNpmpPa8WNJ64bew7O6oKikaCyK0mip8fAiEA54Fj%2FcGo%2Fdo65mcVs2HJ3p4%2F6yFaUfvFll8H73pBCrMqkgUIfBAAGgw3MjE4ODI2MTMwMzciDHpnD9htyvdxXzb1ByrvBP8qqdaytGuzCEfOilEmmHeS%2Be38P2kY0R2hPF3Ds73svgJfiUKGQv%2FFcFpTEBkpNVXa59gIPNJz%2FNDHaFHpPAwC05q9KR4KrqrlWYLzC8DTvKc3puYIg6nmAuI625txbfvwy3lR5k8tM7UAhW%2B4e5jEKMzOk%2FVTyvfdp%2BUN79fVXZ9WfraeD3dAodml897tlhL6aKZoUGc3zPvzX%2FIvKbPRm0mdlVJ1RXbApr7jKzQ8%2FiRxwnZKWbKxMwyt6C5oII6DSAevZGkjq3QLBQQGb%2Fmzzu2WWrxgxJyz2EPph1qNPi27iukCdlXDd4fNDL0kNFp%2FT5jbUHLAUVUaNsTBfH5%2BwovO%2FK2qtanxeaZCiJvrm9pQYcIKu6tvKHvziCeSe0Ic1WWrixuMTZBrb%2BUoRkDYSbcFAddhVKByaWomo8dV49PflVMSkiQ5GrIz6q%2Bo4HshMUokg9Ab4NQ166TWANKuqE5Vumi12u9nk%2B8oJGe9MeGpUAx4GIniH717XU8heTH8l8sHP%2FsHQR1FOaM%2BuE%2BRrSlw6Gcey6AqDxnLACUGzIyhLnuaaXalVMyt2up7vpleAWwUbHzVWmqiJNWtpOb%2FyrVYNHTjtKLmBQV%2F0stPXmhrgZOSxi%2BFz377zhEawJWh%2BRg%2FFlF8%2FQfKvf84Z2zDLb6THeclU%2BbnWzXYuXS7HPhnVQUUX9OJLeekC1Q8gjXcxyuQuJz9RawJrkco4MhQjblCSJ8xLF2UR6ZXwCoePxbQ3%2FiztoKahexZtsEm7zAjrGsqrIaLn1OdG8i1kR96iWeglSxSVk7tRhKvg5usDxAMe6IiU1%2BbXJUCMb%2FsMMXu%2BNUGOpkBA6MiR0m5hqewwhZqVuNDukjPKirGZvZBi%2BWyGNUUDBPsjuUm1TTLkWlN1ri%2B0TT7sFqtI64D%2BMxqw9LNyXpn2bNB6HiOlKLfvWo45HBFu05Y%2FPlVWW7LzB3XXDBFsDZYKsieFi9fkU%2BuwrNGvIIj0JJTPCbXg4YBpKTSiJNKsKcd%2F9tai%2BrH3Dgbh7J7lhH7rvAIXPU0JOnr&X-Amz-Algorithm=AWS4-HMAC-SHA256&X-Amz-Date=20261001T103648Z&X-Amz-SignedHeaders=host&X-Amz-Credential=ASIA2QE4OQUW6FULCBTI%2F20261001%2Fus-east-2%2Fs3%2Faws4_request&X-Amz-Expires=30&X-Amz-Signature=d29f8ac101459a8f79adbdaebd1b1a8b3f1aa47d43a252789679b93d4377c368 836ms (cache miss)
npm http fetch GET 200 https://jfrog-prod-use2-shared-ohio-main.s3.amazonaws.com/aol-a0eigilwc24ii/filestore/99/9961afdf2f64d9cd31ce08abe7f116d10b7a4d02?response-content-disposition=attachment%3Bfilename%3D%22rollup-4.63.6.tgz%22&response-content-type=application%2Fx-gzip&X-Artifactory-username=darcy%40vlt.sh&X-Artifactory-repoType=local&X-Artifactory-repositoryKey=benchmark-npm-remote-cache&X-Artifactory-originPackageType=npm&X-Artifactory-packageType=npm&X-Artifactory-artifactPath=rollup%2F-%2Frollup-4.63.6.tgz&X-Artifactory-originProjectKey=benchmark&X-Artifactory-projectKey=benchmark&X-Artifactory-originRepoType=remote&X-Artifactory-originRepositoryKey=benchmark-npm-remote&x-jf-traceId=c388516f85a60a76ec7707fee0b55691&X-Amz-Security-Token=IQoJb3JpZ2luX2VjELP%2F%2F%2F%2F%2F%2F%2F%2F%2F%2FwEaCXVzLWVhc3QtMiJHMEUCIA9EML%2F2l6CzNpmpPa8WNJ64bew7O6oKikaCyK0mip8fAiEA54Fj%2FcGo%2Fdo65mcVs2HJ3p4%2F6yFaUfvFll8H73pBCrMqkgUIfBAAGgw3MjE4ODI2MTMwMzciDHpnD9htyvdxXzb1ByrvBP8qqdaytGuzCEfOilEmmHeS%2Be38P2kY0R2hPF3Ds73svgJfiUKGQv%2FFcFpTEBkpNVXa59gIPNJz%2FNDHaFHpPAwC05q9KR4KrqrlWYLzC8DTvKc3puYIg6nmAuI625txbfvwy3lR5k8tM7UAhW%2B4e5jEKMzOk%2FVTyvfdp%2BUN79fVXZ9WfraeD3dAodml897tlhL6aKZoUGc3zPvzX%2FIvKbPRm0mdlVJ1RXbApr7jKzQ8%2FiRxwnZKWbKxMwyt6C5oII6DSAevZGkjq3QLBQQGb%2Fmzzu2WWrxgxJyz2EPph1qNPi27iukCdlXDd4fNDL0kNFp%2FT5jbUHLAUVUaNsTBfH5%2BwovO%2FK2qtanxeaZCiJvrm9pQYcIKu6tvKHvziCeSe0Ic1WWrixuMTZBrb%2BUoRkDYSbcFAddhVKByaWomo8dV49PflVMSkiQ5GrIz6q%2Bo4HshMUokg9Ab4NQ166TWANKuqE5Vumi12u9nk%2B8oJGe9MeGpUAx4GIniH717XU8heTH8l8sHP%2FsHQR1FOaM%2BuE%2BRrSlw6Gcey6AqDxnLACUGzIyhLnuaaXalVMyt2up7vpleAWwUbHzVWmqiJNWtpOb%2FyrVYNHTjtKLmBQV%2F0stPXmhrgZOSxi%2BFz377zhEawJWh%2BRg%2FFlF8%2FQfKvf84Z2zDLb6THeclU%2BbnWzXYuXS7HPhnVQUUX9OJLeekC1Q8gjXcxyuQuJz9RawJrkco4MhQjblCSJ8xLF2UR6ZXwCoePxbQ3%2FiztoKahexZtsEm7zAjrGsqrIaLn1OdG8i1kR96iWeglSxSVk7tRhKvg5usDxAMe6IiU1%2BbXJUCMb%2FsMMXu%2BNUGOpkBA6MiR0m5hqewwhZqVuNDukjPKirGZvZBi%2BWyGNUUDBPsjuUm1TTLkWlN1ri%2B0TT7sFqtI64D%2BMxqw9LNyXpn2bNB6HiOlKLfvWo45HBFu05Y%2FPlVWW7LzB3XXDBFsDZYKsieFi9fkU%2BuwrNGvIIj0JJTPCbXg4YBpKTSiJNKsKcd%2F9tai%2BrH3Dgbh7J7lhH7rvAIXPU0JOnr&X-Amz-Algorithm=AWS4-HMAC-SHA256&X-Amz-Date=20261001T103648Z&X-Amz-SignedHeaders=host&X-Amz-Credential=ASIA2QE4OQUW6FULCBTI%2F20261001%2Fus-east-2%2Fs3%2Faws4_request&X-Amz-Expires=30&X-Amz-Signature=6669f46cc549945a25a90d26af51c24ffc3ede8843d8f26e2099676b512eb93a 845ms (cache miss)
npm http fetch GET 200 https://jfrog-prod-use2-shared-ohio-main.s3.amazonaws.com/aol-a0eigilwc24ii/filestore/29/29199518912d79989cfd0460b1c931ff2dc1deb6?response-content-disposition=attachment%3Bfilename%3D%22kit-2.70.3.tgz%22&response-content-type=application%2Fx-gzip&X-Artifactory-username=darcy%40vlt.sh&X-Artifactory-repoType=local&X-Artifactory-repositoryKey=benchmark-npm-remote-cache&X-Artifactory-originPackageType=npm&X-Artifactory-packageType=npm&X-Artifactory-artifactPath=%40sveltejs%2Fkit%2F-%2Fkit-2.70.3.tgz&X-Artifactory-originProjectKey=benchmark&X-Artifactory-projectKey=benchmark&X-Artifactory-originRepoType=remote&X-Artifactory-originRepositoryKey=benchmark-npm-remote&x-jf-traceId=7a4c8719523bcfe70d62916058f9754f&X-Amz-Security-Token=IQoJb3JpZ2luX2VjELP%2F%2F%2F%2F%2F%2F%2F%2F%2F%2FwEaCXVzLWVhc3QtMiJHMEUCIA9EML%2F2l6CzNpmpPa8WNJ64bew7O6oKikaCyK0mip8fAiEA54Fj%2FcGo%2Fdo65mcVs2HJ3p4%2F6yFaUfvFll8H73pBCrMqkgUIfBAAGgw3MjE4ODI2MTMwMzciDHpnD9htyvdxXzb1ByrvBP8qqdaytGuzCEfOilEmmHeS%2Be38P2kY0R2hPF3Ds73svgJfiUKGQv%2FFcFpTEBkpNVXa59gIPNJz%2FNDHaFHpPAwC05q9KR4KrqrlWYLzC8DTvKc3puYIg6nmAuI625txbfvwy3lR5k8tM7UAhW%2B4e5jEKMzOk%2FVTyvfdp%2BUN79fVXZ9WfraeD3dAodml897tlhL6aKZoUGc3zPvzX%2FIvKbPRm0mdlVJ1RXbApr7jKzQ8%2FiRxwnZKWbKxMwyt6C5oII6DSAevZGkjq3QLBQQGb%2Fmzzu2WWrxgxJyz2EPph1qNPi27iukCdlXDd4fNDL0kNFp%2FT5jbUHLAUVUaNsTBfH5%2BwovO%2FK2qtanxeaZCiJvrm9pQYcIKu6tvKHvziCeSe0Ic1WWrixuMTZBrb%2BUoRkDYSbcFAddhVKByaWomo8dV49PflVMSkiQ5GrIz6q%2Bo4HshMUokg9Ab4NQ166TWANKuqE5Vumi12u9nk%2B8oJGe9MeGpUAx4GIniH717XU8heTH8l8sHP%2FsHQR1FOaM%2BuE%2BRrSlw6Gcey6AqDxnLACUGzIyhLnuaaXalVMyt2up7vpleAWwUbHzVWmqiJNWtpOb%2FyrVYNHTjtKLmBQV%2F0stPXmhrgZOSxi%2BFz377zhEawJWh%2BRg%2FFlF8%2FQfKvf84Z2zDLb6THeclU%2BbnWzXYuXS7HPhnVQUUX9OJLeekC1Q8gjXcxyuQuJz9RawJrkco4MhQjblCSJ8xLF2UR6ZXwCoePxbQ3%2FiztoKahexZtsEm7zAjrGsqrIaLn1OdG8i1kR96iWeglSxSVk7tRhKvg5usDxAMe6IiU1%2BbXJUCMb%2FsMMXu%2BNUGOpkBA6MiR0m5hqewwhZqVuNDukjPKirGZvZBi%2BWyGNUUDBPsjuUm1TTLkWlN1ri%2B0TT7sFqtI64D%2BMxqw9LNyXpn2bNB6HiOlKLfvWo45HBFu05Y%2FPlVWW7LzB3XXDBFsDZYKsieFi9fkU%2BuwrNGvIIj0JJTPCbXg4YBpKTSiJNKsKcd%2F9tai%2BrH3Dgbh7J7lhH7rvAIXPU0JOnr&X-Amz-Algorithm=AWS4-HMAC-SHA256&X-Amz-Date=20261001T103649Z&X-Amz-SignedHeaders=host&X-Amz-Credential=ASIA2QE4OQUW6FULCBTI%2F20261001%2Fus-east-2%2Fs3%2Faws4_request&X-Amz-Expires=30&X-Amz-Signature=fbd9ed29409c462a6cda3f630b5adb6c8ffebb6363a10a7ec89bdb7725d66c87 1065ms (cache miss)
npm http fetch GET 200 https://jfrog-prod-use2-shared-ohio-main.s3.amazonaws.com/aol-a0eigilwc24ii/filestore/85/85a164db7ce706f2a776812efa2b340f1721858e?response-content-disposition=attachment%3Bfilename%3D%22vite-6.4.3.tgz%22&response-content-type=application%2Fx-gzip&X-Artifactory-username=darcy%40vlt.sh&X-Artifactory-repoType=local&X-Artifactory-repositoryKey=benchmark-npm-remote-cache&X-Artifactory-originPackageType=npm&X-Artifactory-packageType=npm&X-Artifactory-artifactPath=vite%2F-%2Fvite-6.4.3.tgz&X-Artifactory-originProjectKey=benchmark&X-Artifactory-projectKey=benchmark&X-Artifactory-originRepoType=remote&X-Artifactory-originRepositoryKey=benchmark-npm-remote&x-jf-traceId=a2b3846646e438e4c3e550883cb620b3&X-Amz-Security-Token=IQoJb3JpZ2luX2VjELP%2F%2F%2F%2F%2F%2F%2F%2F%2F%2FwEaCXVzLWVhc3QtMiJHMEUCIA9EML%2F2l6CzNpmpPa8WNJ64bew7O6oKikaCyK0mip8fAiEA54Fj%2FcGo%2Fdo65mcVs2HJ3p4%2F6yFaUfvFll8H73pBCrMqkgUIfBAAGgw3MjE4ODI2MTMwMzciDHpnD9htyvdxXzb1ByrvBP8qqdaytGuzCEfOilEmmHeS%2Be38P2kY0R2hPF3Ds73svgJfiUKGQv%2FFcFpTEBkpNVXa59gIPNJz%2FNDHaFHpPAwC05q9KR4KrqrlWYLzC8DTvKc3puYIg6nmAuI625txbfvwy3lR5k8tM7UAhW%2B4e5jEKMzOk%2FVTyvfdp%2BUN79fVXZ9WfraeD3dAodml897tlhL6aKZoUGc3zPvzX%2FIvKbPRm0mdlVJ1RXbApr7jKzQ8%2FiRxwnZKWbKxMwyt6C5oII6DSAevZGkjq3QLBQQGb%2Fmzzu2WWrxgxJyz2EPph1qNPi27iukCdlXDd4fNDL0kNFp%2FT5jbUHLAUVUaNsTBfH5%2BwovO%2FK2qtanxeaZCiJvrm9pQYcIKu6tvKHvziCeSe0Ic1WWrixuMTZBrb%2BUoRkDYSbcFAddhVKByaWomo8dV49PflVMSkiQ5GrIz6q%2Bo4HshMUokg9Ab4NQ166TWANKuqE5Vumi12u9nk%2B8oJGe9MeGpUAx4GIniH717XU8heTH8l8sHP%2FsHQR1FOaM%2BuE%2BRrSlw6Gcey6AqDxnLACUGzIyhLnuaaXalVMyt2up7vpleAWwUbHzVWmqiJNWtpOb%2FyrVYNHTjtKLmBQV%2F0stPXmhrgZOSxi%2BFz377zhEawJWh%2BRg%2FFlF8%2FQfKvf84Z2zDLb6THeclU%2BbnWzXYuXS7HPhnVQUUX9OJLeekC1Q8gjXcxyuQuJz9RawJrkco4MhQjblCSJ8xLF2UR6ZXwCoePxbQ3%2FiztoKahexZtsEm7zAjrGsqrIaLn1OdG8i1kR96iWeglSxSVk7tRhKvg5usDxAMe6IiU1%2BbXJUCMb%2FsMMXu%2BNUGOpkBA6MiR0m5hqewwhZqVuNDukjPKirGZvZBi%2BWyGNUUDBPsjuUm1TTLkWlN1ri%2B0TT7sFqtI64D%2BMxqw9LNyXpn2bNB6HiOlKLfvWo45HBFu05Y%2FPlVWW7LzB3XXDBFsDZYKsieFi9fkU%2BuwrNGvIIj0JJTPCbXg4YBpKTSiJNKsKcd%2F9tai%2BrH3Dgbh7J7lhH7rvAIXPU0JOnr&X-Amz-Algorithm=AWS4-HMAC-SHA256&X-Amz-Date=20261001T103649Z&X-Amz-SignedHeaders=host&X-Amz-Credential=ASIA2QE4OQUW6FULCBTI%2F20261001%2Fus-east-2%2Fs3%2Faws4_request&X-Amz-Expires=30&X-Amz-Signature=a92d44a8f9be6af306c07030fbfb37f0bcf8845ded325153435ef1a07ec685c8 1071ms (cache miss)
npm http fetch GET 200 https://jfrog-prod-use2-shared-ohio-main.s3.amazonaws.com/aol-a0eigilwc24ii/filestore/55/55d7194076b92fddba25f8ac9b3cc8c0f365a3a3?response-content-disposition=attachment%3Bfilename%3D%22fira-mono-5.3.0.tgz%22&response-content-type=application%2Fx-gzip&X-Artifactory-username=darcy%40vlt.sh&X-Artifactory-repoType=local&X-Artifactory-repositoryKey=benchmark-npm-remote-cache&X-Artifactory-originPackageType=npm&X-Artifactory-packageType=npm&X-Artifactory-artifactPath=%40fontsource%2Ffira-mono%2F-%2Ffira-mono-5.3.0.tgz&X-Artifactory-originProjectKey=benchmark&X-Artifactory-projectKey=benchmark&X-Artifactory-originRepoType=remote&X-Artifactory-originRepositoryKey=benchmark-npm-remote&x-jf-traceId=3a8c836119808027adfaaf3fe91688ee&X-Amz-Security-Token=IQoJb3JpZ2luX2VjELP%2F%2F%2F%2F%2F%2F%2F%2F%2F%2FwEaCXVzLWVhc3QtMiJHMEUCIA9EML%2F2l6CzNpmpPa8WNJ64bew7O6oKikaCyK0mip8fAiEA54Fj%2FcGo%2Fdo65mcVs2HJ3p4%2F6yFaUfvFll8H73pBCrMqkgUIfBAAGgw3MjE4ODI2MTMwMzciDHpnD9htyvdxXzb1ByrvBP8qqdaytGuzCEfOilEmmHeS%2Be38P2kY0R2hPF3Ds73svgJfiUKGQv%2FFcFpTEBkpNVXa59gIPNJz%2FNDHaFHpPAwC05q9KR4KrqrlWYLzC8DTvKc3puYIg6nmAuI625txbfvwy3lR5k8tM7UAhW%2B4e5jEKMzOk%2FVTyvfdp%2BUN79fVXZ9WfraeD3dAodml897tlhL6aKZoUGc3zPvzX%2FIvKbPRm0mdlVJ1RXbApr7jKzQ8%2FiRxwnZKWbKxMwyt6C5oII6DSAevZGkjq3QLBQQGb%2Fmzzu2WWrxgxJyz2EPph1qNPi27iukCdlXDd4fNDL0kNFp%2FT5jbUHLAUVUaNsTBfH5%2BwovO%2FK2qtanxeaZCiJvrm9pQYcIKu6tvKHvziCeSe0Ic1WWrixuMTZBrb%2BUoRkDYSbcFAddhVKByaWomo8dV49PflVMSkiQ5GrIz6q%2Bo4HshMUokg9Ab4NQ166TWANKuqE5Vumi12u9nk%2B8oJGe9MeGpUAx4GIniH717XU8heTH8l8sHP%2FsHQR1FOaM%2BuE%2BRrSlw6Gcey6AqDxnLACUGzIyhLnuaaXalVMyt2up7vpleAWwUbHzVWmqiJNWtpOb%2FyrVYNHTjtKLmBQV%2F0stPXmhrgZOSxi%2BFz377zhEawJWh%2BRg%2FFlF8%2FQfKvf84Z2zDLb6THeclU%2BbnWzXYuXS7HPhnVQUUX9OJLeekC1Q8gjXcxyuQuJz9RawJrkco4MhQjblCSJ8xLF2UR6ZXwCoePxbQ3%2FiztoKahexZtsEm7zAjrGsqrIaLn1OdG8i1kR96iWeglSxSVk7tRhKvg5usDxAMe6IiU1%2BbXJUCMb%2FsMMXu%2BNUGOpkBA6MiR0m5hqewwhZqVuNDukjPKirGZvZBi%2BWyGNUUDBPsjuUm1TTLkWlN1ri%2B0TT7sFqtI64D%2BMxqw9LNyXpn2bNB6HiOlKLfvWo45HBFu05Y%2FPlVWW7LzB3XXDBFsDZYKsieFi9fkU%2BuwrNGvIIj0JJTPCbXg4YBpKTSiJNKsKcd%2F9tai%2BrH3Dgbh7J7lhH7rvAIXPU0JOnr&X-Amz-Algorithm=AWS4-HMAC-SHA256&X-Amz-Date=20261001T103649Z&X-Amz-SignedHeaders=host&X-Amz-Credential=ASIA2QE4OQUW6FULCBTI%2F20261001%2Fus-east-2%2Fs3%2Faws4_request&X-Amz-Expires=30&X-Amz-Signature=eb9f4043c21be5ba2334de8fa74dd07bb79789b11dacf359e85ee950881496de 1096ms (cache miss)
npm http fetch GET 200 https://jfrog-prod-use2-shared-ohio-main.s3.amazonaws.com/aol-a0eigilwc24ii/filestore/63/63cba2ab096d3c96b6b483575815f1f88acfe039?response-content-disposition=attachment%3Bfilename%3D%22svelte-check-4.7.6.tgz%22&response-content-type=application%2Fx-gzip&X-Artifactory-username=darcy%40vlt.sh&X-Artifactory-repoType=local&X-Artifactory-repositoryKey=benchmark-npm-remote-cache&X-Artifactory-originPackageType=npm&X-Artifactory-packageType=npm&X-Artifactory-artifactPath=svelte-check%2F-%2Fsvelte-check-4.7.6.tgz&X-Artifactory-originProjectKey=benchmark&X-Artifactory-projectKey=benchmark&X-Artifactory-originRepoType=remote&X-Artifactory-originRepositoryKey=benchmark-npm-remote&x-jf-traceId=9deb061da3bb049d4997dc401e23c508&X-Amz-Security-Token=IQoJb3JpZ2luX2VjELP%2F%2F%2F%2F%2F%2F%2F%2F%2F%2FwEaCXVzLWVhc3QtMiJHMEUCIA9EML%2F2l6CzNpmpPa8WNJ64bew7O6oKikaCyK0mip8fAiEA54Fj%2FcGo%2Fdo65mcVs2HJ3p4%2F6yFaUfvFll8H73pBCrMqkgUIfBAAGgw3MjE4ODI2MTMwMzciDHpnD9htyvdxXzb1ByrvBP8qqdaytGuzCEfOilEmmHeS%2Be38P2kY0R2hPF3Ds73svgJfiUKGQv%2FFcFpTEBkpNVXa59gIPNJz%2FNDHaFHpPAwC05q9KR4KrqrlWYLzC8DTvKc3puYIg6nmAuI625txbfvwy3lR5k8tM7UAhW%2B4e5jEKMzOk%2FVTyvfdp%2BUN79fVXZ9WfraeD3dAodml897tlhL6aKZoUGc3zPvzX%2FIvKbPRm0mdlVJ1RXbApr7jKzQ8%2FiRxwnZKWbKxMwyt6C5oII6DSAevZGkjq3QLBQQGb%2Fmzzu2WWrxgxJyz2EPph1qNPi27iukCdlXDd4fNDL0kNFp%2FT5jbUHLAUVUaNsTBfH5%2BwovO%2FK2qtanxeaZCiJvrm9pQYcIKu6tvKHvziCeSe0Ic1WWrixuMTZBrb%2BUoRkDYSbcFAddhVKByaWomo8dV49PflVMSkiQ5GrIz6q%2Bo4HshMUokg9Ab4NQ166TWANKuqE5Vumi12u9nk%2B8oJGe9MeGpUAx4GIniH717XU8heTH8l8sHP%2FsHQR1FOaM%2BuE%2BRrSlw6Gcey6AqDxnLACUGzIyhLnuaaXalVMyt2up7vpleAWwUbHzVWmqiJNWtpOb%2FyrVYNHTjtKLmBQV%2F0stPXmhrgZOSxi%2BFz377zhEawJWh%2BRg%2FFlF8%2FQfKvf84Z2zDLb6THeclU%2BbnWzXYuXS7HPhnVQUUX9OJLeekC1Q8gjXcxyuQuJz9RawJrkco4MhQjblCSJ8xLF2UR6ZXwCoePxbQ3%2FiztoKahexZtsEm7zAjrGsqrIaLn1OdG8i1kR96iWeglSxSVk7tRhKvg5usDxAMe6IiU1%2BbXJUCMb%2FsMMXu%2BNUGOpkBA6MiR0m5hqewwhZqVuNDukjPKirGZvZBi%2BWyGNUUDBPsjuUm1TTLkWlN1ri%2B0TT7sFqtI64D%2BMxqw9LNyXpn2bNB6HiOlKLfvWo45HBFu05Y%2FPlVWW7LzB3XXDBFsDZYKsieFi9fkU%2BuwrNGvIIj0JJTPCbXg4YBpKTSiJNKsKcd%2F9tai%2BrH3Dgbh7J7lhH7rvAIXPU0JOnr&X-Amz-Algorithm=AWS4-HMAC-SHA256&X-Amz-Date=20261001T103649Z&X-Amz-SignedHeaders=host&X-Amz-Credential=ASIA2QE4OQUW6FULCBTI%2F20261001%2Fus-east-2%2Fs3%2Faws4_request&X-Amz-Expires=30&X-Amz-Signature=a3181a28a67077600cfcb331997b2a7817781105fc84ad073c1f4234e82ed3f4 1151ms (cache miss)
npm http fetch GET 200 https://jfrog-prod-use2-shared-ohio-main.s3.amazonaws.com/aol-a0eigilwc24ii/filestore/57/57f287fa7872652ae762dba70599d662a549af15?response-content-disposition=attachment%3Bfilename%3D%22svelte-5.57.1.tgz%22&response-content-type=application%2Fx-gzip&X-Artifactory-username=darcy%40vlt.sh&X-Artifactory-repoType=local&X-Artifactory-repositoryKey=benchmark-npm-remote-cache&X-Artifactory-originPackageType=npm&X-Artifactory-packageType=npm&X-Artifactory-artifactPath=svelte%2F-%2Fsvelte-5.57.1.tgz&X-Artifactory-originProjectKey=benchmark&X-Artifactory-projectKey=benchmark&X-Artifactory-originRepoType=remote&X-Artifactory-originRepositoryKey=benchmark-npm-remote&x-jf-traceId=3ef0cbc6b617812fb670fec017c3e27e&X-Amz-Security-Token=IQoJb3JpZ2luX2VjELP%2F%2F%2F%2F%2F%2F%2F%2F%2F%2FwEaCXVzLWVhc3QtMiJHMEUCIA9EML%2F2l6CzNpmpPa8WNJ64bew7O6oKikaCyK0mip8fAiEA54Fj%2FcGo%2Fdo65mcVs2HJ3p4%2F6yFaUfvFll8H73pBCrMqkgUIfBAAGgw3MjE4ODI2MTMwMzciDHpnD9htyvdxXzb1ByrvBP8qqdaytGuzCEfOilEmmHeS%2Be38P2kY0R2hPF3Ds73svgJfiUKGQv%2FFcFpTEBkpNVXa59gIPNJz%2FNDHaFHpPAwC05q9KR4KrqrlWYLzC8DTvKc3puYIg6nmAuI625txbfvwy3lR5k8tM7UAhW%2B4e5jEKMzOk%2FVTyvfdp%2BUN79fVXZ9WfraeD3dAodml897tlhL6aKZoUGc3zPvzX%2FIvKbPRm0mdlVJ1RXbApr7jKzQ8%2FiRxwnZKWbKxMwyt6C5oII6DSAevZGkjq3QLBQQGb%2Fmzzu2WWrxgxJyz2EPph1qNPi27iukCdlXDd4fNDL0kNFp%2FT5jbUHLAUVUaNsTBfH5%2BwovO%2FK2qtanxeaZCiJvrm9pQYcIKu6tvKHvziCeSe0Ic1WWrixuMTZBrb%2BUoRkDYSbcFAddhVKByaWomo8dV49PflVMSkiQ5GrIz6q%2Bo4HshMUokg9Ab4NQ166TWANKuqE5Vumi12u9nk%2B8oJGe9MeGpUAx4GIniH717XU8heTH8l8sHP%2FsHQR1FOaM%2BuE%2BRrSlw6Gcey6AqDxnLACUGzIyhLnuaaXalVMyt2up7vpleAWwUbHzVWmqiJNWtpOb%2FyrVYNHTjtKLmBQV%2F0stPXmhrgZOSxi%2BFz377zhEawJWh%2BRg%2FFlF8%2FQfKvf84Z2zDLb6THeclU%2BbnWzXYuXS7HPhnVQUUX9OJLeekC1Q8gjXcxyuQuJz9RawJrkco4MhQjblCSJ8xLF2UR6ZXwCoePxbQ3%2FiztoKahexZtsEm7zAjrGsqrIaLn1OdG8i1kR96iWeglSxSVk7tRhKvg5usDxAMe6IiU1%2BbXJUCMb%2FsMMXu%2BNUGOpkBA6MiR0m5hqewwhZqVuNDukjPKirGZvZBi%2BWyGNUUDBPsjuUm1TTLkWlN1ri%2B0TT7sFqtI64D%2BMxqw9LNyXpn2bNB6HiOlKLfvWo45HBFu05Y%2FPlVWW7LzB3XXDBFsDZYKsieFi9fkU%2BuwrNGvIIj0JJTPCbXg4YBpKTSiJNKsKcd%2F9tai%2BrH3Dgbh7J7lhH7rvAIXPU0JOnr&X-Amz-Algorithm=AWS4-HMAC-SHA256&X-Amz-Date=20261001T103649Z&X-Amz-SignedHeaders=host&X-Amz-Credential=ASIA2QE4OQUW6FULCBTI%2F20261001%2Fus-east-2%2Fs3%2Faws4_request&X-Amz-Expires=30&X-Amz-Signature=499b45f593a3c718cf9d797e4cc0cad544f073ef89ff88ebace5a841717ac6d2 1245ms (cache miss)
npm http fetch GET 200 https://jfrog-prod-use2-shared-ohio-main.s3.amazonaws.com/aol-a0eigilwc24ii/filestore/5b/5b4f59e15310ab17a216f5d6cf53ee476ede670f?response-content-disposition=attachment%3Bfilename%3D%22typescript-5.9.3.tgz%22&response-content-type=application%2Fx-gzip&X-Artifactory-username=darcy%40vlt.sh&X-Artifactory-repoType=local&X-Artifactory-repositoryKey=benchmark-npm-remote-cache&X-Artifactory-originPackageType=npm&X-Artifactory-packageType=npm&X-Artifactory-artifactPath=typescript%2F-%2Ftypescript-5.9.3.tgz&X-Artifactory-originProjectKey=benchmark&X-Artifactory-projectKey=benchmark&X-Artifactory-originRepoType=remote&X-Artifactory-originRepositoryKey=benchmark-npm-remote&x-jf-traceId=95c61db8771b88ad1dcef5e860a94d54&X-Amz-Security-Token=IQoJb3JpZ2luX2VjELP%2F%2F%2F%2F%2F%2F%2F%2F%2F%2FwEaCXVzLWVhc3QtMiJHMEUCIA9EML%2F2l6CzNpmpPa8WNJ64bew7O6oKikaCyK0mip8fAiEA54Fj%2FcGo%2Fdo65mcVs2HJ3p4%2F6yFaUfvFll8H73pBCrMqkgUIfBAAGgw3MjE4ODI2MTMwMzciDHpnD9htyvdxXzb1ByrvBP8qqdaytGuzCEfOilEmmHeS%2Be38P2kY0R2hPF3Ds73svgJfiUKGQv%2FFcFpTEBkpNVXa59gIPNJz%2FNDHaFHpPAwC05q9KR4KrqrlWYLzC8DTvKc3puYIg6nmAuI625txbfvwy3lR5k8tM7UAhW%2B4e5jEKMzOk%2FVTyvfdp%2BUN79fVXZ9WfraeD3dAodml897tlhL6aKZoUGc3zPvzX%2FIvKbPRm0mdlVJ1RXbApr7jKzQ8%2FiRxwnZKWbKxMwyt6C5oII6DSAevZGkjq3QLBQQGb%2Fmzzu2WWrxgxJyz2EPph1qNPi27iukCdlXDd4fNDL0kNFp%2FT5jbUHLAUVUaNsTBfH5%2BwovO%2FK2qtanxeaZCiJvrm9pQYcIKu6tvKHvziCeSe0Ic1WWrixuMTZBrb%2BUoRkDYSbcFAddhVKByaWomo8dV49PflVMSkiQ5GrIz6q%2Bo4HshMUokg9Ab4NQ166TWANKuqE5Vumi12u9nk%2B8oJGe9MeGpUAx4GIniH717XU8heTH8l8sHP%2FsHQR1FOaM%2BuE%2BRrSlw6Gcey6AqDxnLACUGzIyhLnuaaXalVMyt2up7vpleAWwUbHzVWmqiJNWtpOb%2FyrVYNHTjtKLmBQV%2F0stPXmhrgZOSxi%2BFz377zhEawJWh%2BRg%2FFlF8%2FQfKvf84Z2zDLb6THeclU%2BbnWzXYuXS7HPhnVQUUX9OJLeekC1Q8gjXcxyuQuJz9RawJrkco4MhQjblCSJ8xLF2UR6ZXwCoePxbQ3%2FiztoKahexZtsEm7zAjrGsqrIaLn1OdG8i1kR96iWeglSxSVk7tRhKvg5usDxAMe6IiU1%2BbXJUCMb%2FsMMXu%2BNUGOpkBA6MiR0m5hqewwhZqVuNDukjPKirGZvZBi%2BWyGNUUDBPsjuUm1TTLkWlN1ri%2B0TT7sFqtI64D%2BMxqw9LNyXpn2bNB6HiOlKLfvWo45HBFu05Y%2FPlVWW7LzB3XXDBFsDZYKsieFi9fkU%2BuwrNGvIIj0JJTPCbXg4YBpKTSiJNKsKcd%2F9tai%2BrH3Dgbh7J7lhH7rvAIXPU0JOnr&X-Amz-Algorithm=AWS4-HMAC-SHA256&X-Amz-Date=20261001T103649Z&X-Amz-SignedHeaders=host&X-Amz-Credential=ASIA2QE4OQUW6FULCBTI%2F20261001%2Fus-east-2%2Fs3%2Faws4_request&X-Amz-Expires=30&X-Amz-Signature=a201447f1f6c801dca37ccec315a273181efb18d93f81bc01f8bd477656d4e11 1487ms (cache miss)
npm http fetch GET 200 https://jfrog-prod-use2-shared-ohio-main.s3.amazonaws.com/aol-a0eigilwc24ii/filestore/e1/e1066bce58394f1b1141deec8557a5f0a22f5977?response-content-disposition=attachment%3Bfilename%3D%22linux-arm64-0.25.12.tgz%22&response-content-type=application%2Fx-gzip&X-Artifactory-username=darcy%40vlt.sh&X-Artifactory-repoType=local&X-Artifactory-repositoryKey=benchmark-npm-remote-cache&X-Artifactory-originPackageType=npm&X-Artifactory-packageType=npm&X-Artifactory-artifactPath=%40esbuild%2Flinux-arm64%2F-%2Flinux-arm64-0.25.12.tgz&X-Artifactory-originProjectKey=benchmark&X-Artifactory-projectKey=benchmark&X-Artifactory-originRepoType=remote&X-Artifactory-originRepositoryKey=benchmark-npm-remote&x-jf-traceId=3fbddcf2583de8356d66dd5d5caf1473&X-Amz-Security-Token=IQoJb3JpZ2luX2VjELP%2F%2F%2F%2F%2F%2F%2F%2F%2F%2FwEaCXVzLWVhc3QtMiJHMEUCIA9EML%2F2l6CzNpmpPa8WNJ64bew7O6oKikaCyK0mip8fAiEA54Fj%2FcGo%2Fdo65mcVs2HJ3p4%2F6yFaUfvFll8H73pBCrMqkgUIfBAAGgw3MjE4ODI2MTMwMzciDHpnD9htyvdxXzb1ByrvBP8qqdaytGuzCEfOilEmmHeS%2Be38P2kY0R2hPF3Ds73svgJfiUKGQv%2FFcFpTEBkpNVXa59gIPNJz%2FNDHaFHpPAwC05q9KR4KrqrlWYLzC8DTvKc3puYIg6nmAuI625txbfvwy3lR5k8tM7UAhW%2B4e5jEKMzOk%2FVTyvfdp%2BUN79fVXZ9WfraeD3dAodml897tlhL6aKZoUGc3zPvzX%2FIvKbPRm0mdlVJ1RXbApr7jKzQ8%2FiRxwnZKWbKxMwyt6C5oII6DSAevZGkjq3QLBQQGb%2Fmzzu2WWrxgxJyz2EPph1qNPi27iukCdlXDd4fNDL0kNFp%2FT5jbUHLAUVUaNsTBfH5%2BwovO%2FK2qtanxeaZCiJvrm9pQYcIKu6tvKHvziCeSe0Ic1WWrixuMTZBrb%2BUoRkDYSbcFAddhVKByaWomo8dV49PflVMSkiQ5GrIz6q%2Bo4HshMUokg9Ab4NQ166TWANKuqE5Vumi12u9nk%2B8oJGe9MeGpUAx4GIniH717XU8heTH8l8sHP%2FsHQR1FOaM%2BuE%2BRrSlw6Gcey6AqDxnLACUGzIyhLnuaaXalVMyt2up7vpleAWwUbHzVWmqiJNWtpOb%2FyrVYNHTjtKLmBQV%2F0stPXmhrgZOSxi%2BFz377zhEawJWh%2BRg%2FFlF8%2FQfKvf84Z2zDLb6THeclU%2BbnWzXYuXS7HPhnVQUUX9OJLeekC1Q8gjXcxyuQuJz9RawJrkco4MhQjblCSJ8xLF2UR6ZXwCoePxbQ3%2FiztoKahexZtsEm7zAjrGsqrIaLn1OdG8i1kR96iWeglSxSVk7tRhKvg5usDxAMe6IiU1%2BbXJUCMb%2FsMMXu%2BNUGOpkBA6MiR0m5hqewwhZqVuNDukjPKirGZvZBi%2BWyGNUUDBPsjuUm1TTLkWlN1ri%2B0TT7sFqtI64D%2BMxqw9LNyXpn2bNB6HiOlKLfvWo45HBFu05Y%2FPlVWW7LzB3XXDBFsDZYKsieFi9fkU%2BuwrNGvIIj0JJTPCbXg4YBpKTSiJNKsKcd%2F9tai%2BrH3Dgbh7J7lhH7rvAIXPU0JOnr&X-Amz-Algorithm=AWS4-HMAC-SHA256&X-Amz-Date=20261001T103648Z&X-Amz-SignedHeaders=host&X-Amz-Credential=ASIA2QE4OQUW6FULCBTI%2F20261001%2Fus-east-2%2Fs3%2Faws4_request&X-Amz-Expires=30&X-Amz-Signature=f2350152263daf591cf8e1458e233a907fea9bb79dcd65d82d4d10cb37f75ebc 3325ms (cache miss)

added 58 packages in 12s
