npm http fetch GET 200 https://registry.npmjs.org/@fontsource%2ffira-mono 92ms (cache miss)
npm http fetch GET 200 https://registry.npmjs.org/@neoconfetti%2fsvelte 40ms (cache miss)
npm http fetch GET 200 https://registry.npmjs.org/svelte 114ms (cache miss)
npm http fetch GET 200 https://registry.npmjs.org/@sveltejs%2fadapter-auto 77ms (cache miss)
npm http fetch GET 200 https://registry.npmjs.org/@sveltejs%2fkit 148ms (cache miss)
npm http fetch GET 200 https://registry.npmjs.org/@sveltejs%2fvite-plugin-svelte 61ms (cache miss)
npm http fetch GET 200 https://registry.npmjs.org/vite 1562ms (cache miss)
npm http fetch GET 200 https://registry.npmjs.org/typescript 225ms (cache miss)
npm http fetch GET 200 https://registry.npmjs.org/svelte-check 53ms (cache miss)
npm http fetch GET 200 https://registry.npmjs.org/clsx 30ms (cache miss)
npm http fetch GET 200 https://registry.npmjs.org/acorn 66ms (cache miss)
npm http fetch GET 200 https://registry.npmjs.org/esrap 69ms (cache miss)
npm http fetch GET 200 https://registry.npmjs.org/devalue 42ms (cache miss)
npm http fetch GET 200 https://registry.npmjs.org/esm-env 21ms (cache miss)
npm http fetch GET 200 https://registry.npmjs.org/aria-query 25ms (cache miss)
npm http fetch GET 200 https://registry.npmjs.org/zimmerframe 29ms (cache miss)
npm http fetch GET 200 https://registry.npmjs.org/is-reference 21ms (cache miss)
npm http fetch GET 200 https://registry.npmjs.org/magic-string 31ms (cache miss)
npm http fetch GET 200 https://registry.npmjs.org/axobject-query 27ms (cache miss)
npm http fetch GET 200 https://registry.npmjs.org/@types%2festree 44ms (cache miss)
npm http fetch GET 200 https://registry.npmjs.org/locate-character 25ms (cache miss)
npm http fetch GET 200 https://registry.npmjs.org/@sveltejs%2facorn-typescript 37ms (cache miss)
npm http fetch GET 200 https://registry.npmjs.org/@jridgewell%2fremapping 46ms (cache miss)
npm http fetch GET 200 https://registry.npmjs.org/@jridgewell%2fsourcemap-codec 35ms (cache miss)
npm http fetch GET 200 https://registry.npmjs.org/acorn 28ms (cache revalidated)
npm http fetch GET 200 https://registry.npmjs.org/sirv 37ms (cache miss)
npm http fetch GET 200 https://registry.npmjs.org/import-meta-resolve 40ms (cache miss)
npm http fetch GET 200 https://registry.npmjs.org/kleur 25ms (cache miss)
npm http fetch GET 200 https://registry.npmjs.org/mrmime 27ms (cache miss)
npm http fetch GET 200 https://registry.npmjs.org/cookie 31ms (cache miss)
npm http fetch GET 200 https://registry.npmjs.org/devalue 20ms (cache revalidated)
npm http fetch GET 200 https://registry.npmjs.org/esm-env 24ms (cache revalidated)
npm http fetch GET 200 https://registry.npmjs.org/magic-string 24ms (cache revalidated)
npm http fetch GET 200 https://registry.npmjs.org/@types%2fcookie 35ms (cache miss)
npm http fetch GET 200 https://registry.npmjs.org/set-cookie-parser 28ms (cache miss)
npm http fetch GET 200 https://registry.npmjs.org/@standard-schema%2fspec 32ms (cache miss)
npm http fetch GET 200 https://registry.npmjs.org/@sveltejs%2facorn-typescript 36ms (cache revalidated)
npm http fetch GET 200 https://registry.npmjs.org/debug 35ms (cache miss)
npm http fetch GET 200 https://registry.npmjs.org/vitefu 54ms (cache miss)
npm http fetch GET 200 https://registry.npmjs.org/deepmerge 32ms (cache miss)
npm http fetch GET 200 https://registry.npmjs.org/@sveltejs%2fvite-plugin-svelte-inspector 36ms (cache miss)
npm http fetch GET 200 https://registry.npmjs.org/fdir 31ms (cache miss)
npm http fetch GET 200 https://registry.npmjs.org/postcss 57ms (cache miss)
npm http fetch GET 200 https://registry.npmjs.org/esbuild 88ms (cache miss)
npm http fetch GET 200 https://registry.npmjs.org/picomatch 31ms (cache miss)
npm http fetch GET 200 https://registry.npmjs.org/tinyglobby 27ms (cache miss)
npm http fetch GET 200 https://registry.npmjs.org/rollup 141ms (cache miss)
npm http fetch GET 200 https://registry.npmjs.org/fdir 50ms (cache revalidated)
npm http fetch GET 200 https://registry.npmjs.org/fsevents 58ms (cache miss)
npm http fetch GET 200 https://registry.npmjs.org/sade 22ms (cache miss)
npm http fetch GET 200 https://registry.npmjs.org/picocolors 27ms (cache miss)
npm http fetch GET 200 https://registry.npmjs.org/chokidar 34ms (cache miss)
npm http fetch GET 200 https://registry.npmjs.org/@sveltejs%2fload-config 40ms (cache miss)
npm http fetch GET 200 https://registry.npmjs.org/@jridgewell%2ftrace-mapping 70ms (cache miss)
npm http fetch GET 200 https://registry.npmjs.org/totalist 21ms (cache miss)
npm http fetch GET 200 https://registry.npmjs.org/@jridgewell%2fsourcemap-codec 29ms (cache revalidated)
npm http fetch GET 200 https://registry.npmjs.org/@polka%2furl 35ms (cache miss)
npm http fetch GET 200 https://registry.npmjs.org/debug 22ms (cache revalidated)
npm http fetch GET 200 https://registry.npmjs.org/ms 31ms (cache miss)
npm http fetch GET 200 https://registry.npmjs.org/@jridgewell%2ftrace-mapping 37ms (cache revalidated)
npm http fetch GET 200 https://registry.npmjs.org/@jridgewell%2fgen-mapping 39ms (cache miss)
npm http fetch GET 200 https://registry.npmjs.org/@jridgewell%2fresolve-uri 32ms (cache miss)
npm http fetch GET 200 https://registry.npmjs.org/mri 28ms (cache miss)
npm http fetch GET 200 https://registry.npmjs.org/readdirp 30ms (cache miss)
npm http fetch GET 200 https://registry.npmjs.org/@esbuild%2faix-ppc64 31ms (cache miss)
npm http fetch GET 200 https://registry.npmjs.org/@esbuild%2flinux-x64 49ms (cache miss)
npm http fetch GET 200 https://registry.npmjs.org/@esbuild%2fsunos-x64 42ms (cache miss)
npm http fetch GET 200 https://registry.npmjs.org/@esbuild%2flinux-arm 81ms (cache miss)
npm http fetch GET 200 https://registry.npmjs.org/@esbuild%2fwin32-x64 43ms (cache miss)
npm http fetch GET 200 https://registry.npmjs.org/@esbuild%2fdarwin-x64 45ms (cache miss)
npm http fetch GET 200 https://registry.npmjs.org/@esbuild%2flinux-ia32 45ms (cache miss)
npm http fetch GET 200 https://registry.npmjs.org/@esbuild%2fnetbsd-x64 42ms (cache miss)
npm http fetch GET 200 https://registry.npmjs.org/@esbuild%2fwin32-ia32 32ms (cache miss)
npm http fetch GET 200 https://registry.npmjs.org/@esbuild%2fandroid-arm 43ms (cache miss)
npm http fetch GET 200 https://registry.npmjs.org/@esbuild%2fandroid-x64 48ms (cache miss)
npm http fetch GET 200 https://registry.npmjs.org/@esbuild%2ffreebsd-x64 44ms (cache miss)
npm http fetch GET 200 https://registry.npmjs.org/@esbuild%2flinux-arm64 41ms (cache miss)
npm http fetch GET 200 https://registry.npmjs.org/@esbuild%2flinux-ppc64 47ms (cache miss)
npm http fetch GET 200 https://registry.npmjs.org/@esbuild%2flinux-s390x 40ms (cache miss)
npm http fetch GET 200 https://registry.npmjs.org/@esbuild%2fopenbsd-x64 43ms (cache miss)
npm http fetch GET 200 https://registry.npmjs.org/@esbuild%2fwin32-arm64 39ms (cache miss)
npm http fetch GET 200 https://registry.npmjs.org/@esbuild%2fdarwin-arm64 42ms (cache miss)
npm http fetch GET 200 https://registry.npmjs.org/@esbuild%2fnetbsd-arm64 45ms (cache miss)
npm http fetch GET 200 https://registry.npmjs.org/@esbuild%2fandroid-arm64 34ms (cache miss)
npm http fetch GET 200 https://registry.npmjs.org/@esbuild%2ffreebsd-arm64 38ms (cache miss)
npm http fetch GET 200 https://registry.npmjs.org/@esbuild%2flinux-loong64 41ms (cache miss)
npm http fetch GET 200 https://registry.npmjs.org/@esbuild%2flinux-riscv64 44ms (cache miss)
npm http fetch GET 200 https://registry.npmjs.org/@esbuild%2fopenbsd-arm64 38ms (cache miss)
npm http fetch GET 200 https://registry.npmjs.org/@esbuild%2flinux-mips64el 38ms (cache miss)
npm http fetch GET 200 https://registry.npmjs.org/@esbuild%2fopenharmony-arm64 44ms (cache miss)
npm http fetch GET 200 https://registry.npmjs.org/nanoid 39ms (cache miss)
npm http fetch GET 200 https://registry.npmjs.org/source-map-js 29ms (cache miss)
npm http fetch GET 200 https://registry.npmjs.org/@rollup%2frollup-freebsd-x64 34ms (cache miss)
npm http fetch GET 200 https://registry.npmjs.org/@rollup%2frollup-openbsd-x64 36ms (cache miss)
npm http fetch GET 200 https://registry.npmjs.org/@rollup%2frollup-darwin-x64 52ms (cache miss)
npm http fetch GET 200 https://registry.npmjs.org/@napi-rs%2flzma-linux-x64-gnu 38ms (cache miss)
npm http fetch GET 200 https://registry.npmjs.org/@rollup%2frollup-darwin-arm64 39ms (cache miss)
npm http fetch GET 200 https://registry.npmjs.org/@rollup%2frollup-android-arm64 42ms (cache miss)
npm http fetch GET 200 https://registry.npmjs.org/@rollup%2frollup-freebsd-arm64 40ms (cache miss)
npm http fetch GET 200 https://registry.npmjs.org/@rollup%2frollup-linux-x64-gnu 36ms (cache miss)
npm http fetch GET 200 https://registry.npmjs.org/@rollup%2frollup-win32-x64-gnu 36ms (cache miss)
npm http fetch GET 200 https://registry.npmjs.org/@rollup%2frollup-linux-x64-musl 54ms (cache miss)
npm http fetch GET 200 https://registry.npmjs.org/@rollup%2frollup-linux-arm64-gnu 48ms (cache miss)
npm http fetch GET 200 https://registry.npmjs.org/@rollup%2frollup-win32-x64-msvc 62ms (cache miss)
npm http fetch GET 200 https://registry.npmjs.org/@rollup%2frollup-linux-ppc64-gnu 42ms (cache miss)
npm http fetch GET 200 https://registry.npmjs.org/@rollup%2frollup-linux-s390x-gnu 39ms (cache miss)
npm http fetch GET 200 https://registry.npmjs.org/@rollup%2frollup-win32-ia32-msvc 57ms (cache miss)
npm http fetch GET 200 https://registry.npmjs.org/@rollup%2frollup-android-arm-eabi 44ms (cache miss)
npm http fetch GET 200 https://registry.npmjs.org/@rollup%2frollup-linux-arm64-musl 44ms (cache miss)
npm http fetch GET 200 https://registry.npmjs.org/@rollup%2frollup-linux-ppc64-musl 38ms (cache miss)
npm http fetch GET 200 https://registry.npmjs.org/@rollup%2frollup-win32-arm64-msvc 38ms (cache miss)
npm http fetch GET 200 https://registry.npmjs.org/@rollup%2frollup-linux-loong64-gnu 36ms (cache miss)
npm http fetch GET 200 https://registry.npmjs.org/@rollup%2frollup-openharmony-arm64 28ms (cache miss)
npm http fetch GET 200 https://registry.npmjs.org/@rollup%2frollup-linux-riscv64-gnu 49ms (cache miss)
npm http fetch GET 200 https://registry.npmjs.org/@rollup%2frollup-linux-loong64-musl 36ms (cache miss)
npm http fetch GET 200 https://registry.npmjs.org/@rollup%2frollup-linux-riscv64-musl 40ms (cache miss)
npm http fetch GET 200 https://registry.npmjs.org/@rollup%2frollup-linux-arm-musleabihf 39ms (cache miss)
npm http fetch GET 200 https://registry.npmjs.org/@rollup%2frollup-linux-arm-gnueabihf 46ms (cache miss)
npm http fetch GET 200 https://registry.npmjs.org/@jridgewell/resolve-uri/-/resolve-uri-3.1.2.tgz 136ms (cache miss)
npm http fetch GET 200 https://registry.npmjs.org/mri/-/mri-1.2.0.tgz 191ms (cache miss)
npm http fetch GET 200 https://registry.npmjs.org/locate-character/-/locate-character-3.0.0.tgz 268ms (cache miss)
npm http fetch GET 200 https://registry.npmjs.org/is-reference/-/is-reference-3.0.3.tgz 268ms (cache miss)
npm http fetch GET 200 https://registry.npmjs.org/ms/-/ms-2.1.3.tgz 279ms (cache miss)
npm http fetch GET 200 https://registry.npmjs.org/totalist/-/totalist-3.0.1.tgz 282ms (cache miss)
npm http fetch GET 200 https://registry.npmjs.org/picocolors/-/picocolors-1.1.1.tgz 290ms (cache miss)
npm http fetch GET 200 https://registry.npmjs.org/@polka/url/-/url-1.0.0-next.29.tgz 288ms (cache miss)
npm http fetch GET 200 https://registry.npmjs.org/fdir/-/fdir-6.5.0.tgz 294ms (cache miss)
npm http fetch GET 200 https://registry.npmjs.org/@sveltejs/load-config/-/load-config-0.2.3.tgz 295ms (cache miss)
npm http fetch GET 200 https://registry.npmjs.org/clsx/-/clsx-2.1.1.tgz 299ms (cache miss)
npm http fetch GET 200 https://registry.npmjs.org/debug/-/debug-4.4.3.tgz 298ms (cache miss)
npm http fetch GET 200 https://registry.npmjs.org/nanoid/-/nanoid-3.3.19.tgz 307ms (cache miss)
npm http fetch GET 200 https://registry.npmjs.org/tinyglobby/-/tinyglobby-0.2.17.tgz 307ms (cache miss)
npm http fetch GET 200 https://registry.npmjs.org/zimmerframe/-/zimmerframe-1.1.5.tgz 304ms (cache miss)
npm http fetch GET 200 https://registry.npmjs.org/set-cookie-parser/-/set-cookie-parser-3.1.2.tgz 301ms (cache miss)
npm http fetch GET 200 https://registry.npmjs.org/mrmime/-/mrmime-2.0.1.tgz 302ms (cache miss)
npm http fetch GET 200 https://registry.npmjs.org/@types/cookie/-/cookie-0.6.0.tgz 304ms (cache miss)
npm http fetch GET 200 https://registry.npmjs.org/sade/-/sade-1.8.1.tgz 313ms (cache miss)
npm http fetch GET 200 https://registry.npmjs.org/esm-env/-/esm-env-1.2.2.tgz 308ms (cache miss)
npm http fetch GET 200 https://registry.npmjs.org/@sveltejs/adapter-auto/-/adapter-auto-3.3.1.tgz 309ms (cache miss)
npm http fetch GET 200 https://registry.npmjs.org/readdirp/-/readdirp-4.1.2.tgz 319ms (cache miss)
npm http fetch GET 200 https://registry.npmjs.org/sirv/-/sirv-3.0.2.tgz 315ms (cache miss)
npm http fetch GET 200 https://registry.npmjs.org/kleur/-/kleur-4.1.5.tgz 322ms (cache miss)
npm http fetch GET 200 https://registry.npmjs.org/@standard-schema/spec/-/spec-1.1.0.tgz 322ms (cache miss)
npm http fetch GET 200 https://registry.npmjs.org/source-map-js/-/source-map-js-1.2.1.tgz 333ms (cache miss)
npm http fetch GET 200 https://registry.npmjs.org/deepmerge/-/deepmerge-4.3.1.tgz 327ms (cache miss)
npm http fetch GET 200 https://registry.npmjs.org/@sveltejs/acorn-typescript/-/acorn-typescript-1.0.13.tgz 325ms (cache miss)
npm http fetch GET 200 https://registry.npmjs.org/@types/estree/-/estree-1.0.9.tgz 325ms (cache miss)
npm http fetch GET 200 https://registry.npmjs.org/@neoconfetti/svelte/-/svelte-2.2.2.tgz 326ms (cache miss)
npm http fetch GET 200 https://registry.npmjs.org/vitefu/-/vitefu-1.1.3.tgz 336ms (cache miss)
npm http fetch GET 200 https://registry.npmjs.org/esbuild/-/esbuild-0.25.12.tgz 346ms (cache miss)
npm http fetch GET 200 https://registry.npmjs.org/cookie/-/cookie-0.6.0.tgz 341ms (cache miss)
npm http fetch GET 200 https://registry.npmjs.org/chokidar/-/chokidar-4.0.3.tgz 363ms (cache miss)
npm http fetch GET 200 https://registry.npmjs.org/picomatch/-/picomatch-4.0.7.tgz 373ms (cache miss)
npm http fetch GET 200 https://registry.npmjs.org/devalue/-/devalue-5.9.4.tgz 368ms (cache miss)
npm http fetch GET 200 https://registry.npmjs.org/@sveltejs/vite-plugin-svelte-inspector/-/vite-plugin-svelte-inspector-4.0.1.tgz 373ms (cache miss)
npm http fetch GET 200 https://registry.npmjs.org/import-meta-resolve/-/import-meta-resolve-4.2.0.tgz 401ms (cache miss)
npm http fetch GET 200 https://registry.npmjs.org/magic-string/-/magic-string-0.30.21.tgz 424ms (cache miss)
npm http fetch GET 200 https://registry.npmjs.org/@jridgewell/gen-mapping/-/gen-mapping-0.3.13.tgz 437ms (cache miss)
npm http fetch GET 200 https://registry.npmjs.org/acorn/-/acorn-8.18.0.tgz 434ms (cache miss)
npm http fetch GET 200 https://registry.npmjs.org/@jridgewell/sourcemap-codec/-/sourcemap-codec-1.6.0.tgz 446ms (cache miss)
npm http fetch GET 200 https://registry.npmjs.org/@jridgewell/remapping/-/remapping-2.3.5.tgz 447ms (cache miss)
npm http fetch GET 200 https://registry.npmjs.org/@rollup/rollup-linux-arm64-gnu/-/rollup-linux-arm64-gnu-4.63.5.tgz 467ms (cache miss)
npm http fetch GET 200 https://registry.npmjs.org/@jridgewell/trace-mapping/-/trace-mapping-0.3.31.tgz 475ms (cache miss)
npm http fetch GET 200 https://registry.npmjs.org/esrap/-/esrap-2.4.0.tgz 491ms (cache miss)
npm http fetch GET 200 https://registry.npmjs.org/postcss/-/postcss-8.5.28.tgz 502ms (cache miss)
npm http fetch GET 200 https://registry.npmjs.org/@sveltejs/vite-plugin-svelte/-/vite-plugin-svelte-5.1.1.tgz 501ms (cache miss)
npm http fetch GET 200 https://registry.npmjs.org/@fontsource/fira-mono/-/fira-mono-5.3.0.tgz 553ms (cache miss)
npm http fetch GET 200 https://registry.npmjs.org/vite/-/vite-6.4.3.tgz 582ms (cache miss)
npm http fetch GET 200 https://registry.npmjs.org/rollup/-/rollup-4.63.5.tgz 602ms (cache miss)
npm http fetch GET 200 https://registry.npmjs.org/svelte-check/-/svelte-check-4.7.6.tgz 611ms (cache miss)
npm http fetch GET 200 https://registry.npmjs.org/@esbuild/linux-arm64/-/linux-arm64-0.25.12.tgz 695ms (cache miss)
npm http fetch GET 200 https://registry.npmjs.org/axobject-query/-/axobject-query-4.1.0.tgz 711ms (cache miss)
npm http fetch GET 200 https://registry.npmjs.org/aria-query/-/aria-query-5.3.1.tgz 776ms (cache miss)
npm http fetch GET 200 https://registry.npmjs.org/@sveltejs/kit/-/kit-2.70.3.tgz 789ms (cache miss)
npm http fetch GET 200 https://registry.npmjs.org/typescript/-/typescript-5.9.3.tgz 828ms (cache miss)
npm http fetch GET 200 https://registry.npmjs.org/svelte/-/svelte-5.57.1.tgz 924ms (cache miss)

added 58 packages in 6s
