npm http fetch GET 200 https://registry.npmjs.org/@fontsource%2ffira-mono 64ms (cache miss)
npm http fetch GET 200 https://registry.npmjs.org/@neoconfetti%2fsvelte 28ms (cache miss)
npm http fetch GET 200 https://registry.npmjs.org/svelte 80ms (cache miss)
npm http fetch GET 200 https://registry.npmjs.org/@sveltejs%2fadapter-auto 34ms (cache miss)
npm http fetch GET 200 https://registry.npmjs.org/@sveltejs%2fkit 96ms (cache miss)
npm http fetch GET 200 https://registry.npmjs.org/@opentelemetry%2fapi 37ms (cache miss)
npm http fetch GET 200 https://registry.npmjs.org/@sveltejs%2fvite-plugin-svelte 34ms (cache miss)
npm http fetch GET 200 https://registry.npmjs.org/vite 1137ms (cache miss)
npm http fetch GET 200 https://registry.npmjs.org/@types%2fnode 157ms (cache miss)
npm http fetch GET 200 https://registry.npmjs.org/jiti 25ms (cache miss)
npm http fetch GET 200 https://registry.npmjs.org/less 23ms (cache miss)
npm http fetch GET 200 https://registry.npmjs.org/lightningcss 16ms (cache miss)
npm http fetch GET 200 https://registry.npmjs.org/sass 30ms (cache miss)
npm http fetch GET 200 https://registry.npmjs.org/sass-embedded 26ms (cache miss)
npm http fetch GET 200 https://registry.npmjs.org/stylus 22ms (cache miss)
npm http fetch GET 200 https://registry.npmjs.org/sugarss 18ms (cache miss)
npm http fetch GET 200 https://registry.npmjs.org/postcss 32ms (cache miss)
npm http fetch GET 200 https://registry.npmjs.org/terser 33ms (cache miss)
npm http fetch GET 200 https://registry.npmjs.org/tsx 20ms (cache miss)
npm http fetch GET 200 https://registry.npmjs.org/yaml 23ms (cache miss)
npm http fetch GET 200 https://registry.npmjs.org/typescript 234ms (cache miss)
npm http fetch GET 200 https://registry.npmjs.org/svelte-check 38ms (cache miss)
npm http fetch GET 200 https://registry.npmjs.org/@jridgewell%2fremapping 29ms (cache miss)
npm http fetch GET 200 https://registry.npmjs.org/@types%2festree 21ms (cache miss)
npm http fetch GET 200 https://registry.npmjs.org/@sveltejs%2facorn-typescript 56ms (cache miss)
npm http fetch GET 200 https://registry.npmjs.org/@jridgewell%2fsourcemap-codec 65ms (cache miss)
npm http fetch GET 200 https://registry.npmjs.org/@types%2ftrusted-types 19ms (cache miss)
npm http fetch GET 200 https://registry.npmjs.org/axobject-query 15ms (cache miss)
npm http fetch GET 200 https://registry.npmjs.org/aria-query 29ms (cache miss)
npm http fetch GET 200 https://registry.npmjs.org/acorn 44ms (cache miss)
npm http fetch GET 200 https://registry.npmjs.org/clsx 18ms (cache miss)
npm http fetch GET 200 https://registry.npmjs.org/esm-env 23ms (cache miss)
npm http fetch GET 200 https://registry.npmjs.org/esrap 20ms (cache miss)
npm http fetch GET 200 https://registry.npmjs.org/devalue 37ms (cache miss)
npm http fetch GET 200 https://registry.npmjs.org/locate-character 14ms (cache miss)
npm http fetch GET 200 https://registry.npmjs.org/is-reference 24ms (cache miss)
npm http fetch GET 200 https://registry.npmjs.org/zimmerframe 14ms (cache miss)
npm http fetch GET 200 https://registry.npmjs.org/sirv 29ms (cache miss)
npm http fetch GET 200 https://registry.npmjs.org/import-meta-resolve 39ms (cache miss)
npm http fetch GET 200 https://registry.npmjs.org/magic-string 60ms (cache miss)
npm http fetch GET 200 https://registry.npmjs.org/acorn 26ms (cache revalidated)
npm http fetch GET 200 https://registry.npmjs.org/kleur 30ms (cache miss)
npm http fetch GET 200 https://registry.npmjs.org/cookie 29ms (cache miss)
npm http fetch GET 200 https://registry.npmjs.org/mrmime 16ms (cache miss)
npm http fetch GET 200 https://registry.npmjs.org/esm-env 18ms (cache revalidated)
npm http fetch GET 200 https://registry.npmjs.org/@types%2fcookie 20ms (cache miss)
npm http fetch GET 200 https://registry.npmjs.org/magic-string 35ms (cache revalidated)
npm http fetch GET 200 https://registry.npmjs.org/set-cookie-parser 26ms (cache miss)
npm http fetch GET 200 https://registry.npmjs.org/@standard-schema%2fspec 32ms (cache miss)
npm http fetch GET 200 https://registry.npmjs.org/debug 26ms (cache miss)
npm http fetch GET 200 https://registry.npmjs.org/vitefu 17ms (cache miss)
npm http fetch GET 200 https://registry.npmjs.org/@sveltejs%2facorn-typescript 48ms (cache revalidated)
npm http fetch GET 200 https://registry.npmjs.org/deepmerge 22ms (cache miss)
npm http fetch GET 200 https://registry.npmjs.org/@sveltejs%2fvite-plugin-svelte-inspector 25ms (cache miss)
npm http fetch GET 200 https://registry.npmjs.org/fdir 32ms (cache miss)
npm http fetch GET 200 https://registry.npmjs.org/postcss 22ms (cache revalidated)
npm http fetch GET 200 https://registry.npmjs.org/esbuild 64ms (cache miss)
npm http fetch GET 200 https://registry.npmjs.org/picomatch 35ms (cache miss)
npm http fetch GET 200 https://registry.npmjs.org/tinyglobby 21ms (cache miss)
npm http fetch GET 200 https://registry.npmjs.org/fsevents 27ms (cache miss)
npm http fetch GET 200 https://registry.npmjs.org/rollup 130ms (cache miss)
npm http fetch GET 200 https://registry.npmjs.org/@jridgewell%2ftrace-mapping 53ms (cache miss)
npm http fetch GET 200 https://registry.npmjs.org/chokidar 44ms (cache miss)
npm http fetch GET 200 https://registry.npmjs.org/picocolors 15ms (cache miss)
npm http fetch GET 200 https://registry.npmjs.org/fdir 27ms (cache revalidated)
npm http fetch GET 200 https://registry.npmjs.org/sade 24ms (cache miss)
npm http fetch GET 200 https://registry.npmjs.org/@sveltejs%2fload-config 23ms (cache miss)
npm http fetch GET 200 https://registry.npmjs.org/totalist 21ms (cache miss)
npm http fetch GET 200 https://registry.npmjs.org/@jridgewell%2fsourcemap-codec 25ms (cache revalidated)
npm http fetch GET 200 https://registry.npmjs.org/@polka%2furl 108ms (cache miss)
npm http fetch GET 200 https://registry.npmjs.org/debug 15ms (cache revalidated)
npm http fetch GET 200 https://registry.npmjs.org/ms 22ms (cache miss)
npm http fetch GET 200 https://registry.npmjs.org/@typescript-eslint%2ftypes 313ms (cache miss)
npm http fetch GET 200 https://registry.npmjs.org/@jridgewell%2fgen-mapping 26ms (cache miss)
npm http fetch GET 200 https://registry.npmjs.org/@jridgewell%2ftrace-mapping 36ms (cache revalidated)
npm http fetch GET 200 https://registry.npmjs.org/@jridgewell%2fresolve-uri 38ms (cache miss)
npm http fetch GET 200 https://registry.npmjs.org/picomatch 14ms (cache revalidated)
npm http fetch GET 200 https://registry.npmjs.org/readdirp 22ms (cache miss)
npm http fetch GET 200 https://registry.npmjs.org/mri 25ms (cache miss)
npm http fetch GET 200 https://registry.npmjs.org/@esbuild%2faix-ppc64 24ms (cache miss)
npm http fetch GET 200 https://registry.npmjs.org/@esbuild%2flinux-arm 36ms (cache miss)
npm http fetch GET 200 https://registry.npmjs.org/@esbuild%2flinux-x64 43ms (cache miss)
npm http fetch GET 200 https://registry.npmjs.org/@esbuild%2fsunos-x64 27ms (cache miss)
npm http fetch GET 200 https://registry.npmjs.org/@esbuild%2fwin32-x64 35ms (cache miss)
npm http fetch GET 200 https://registry.npmjs.org/@esbuild%2flinux-ia32 27ms (cache miss)
npm http fetch GET 200 https://registry.npmjs.org/@esbuild%2fdarwin-x64 44ms (cache miss)
npm http fetch GET 200 https://registry.npmjs.org/@esbuild%2fwin32-ia32 30ms (cache miss)
npm http fetch GET 200 https://registry.npmjs.org/@esbuild%2fnetbsd-x64 42ms (cache miss)
npm http fetch GET 200 https://registry.npmjs.org/@esbuild%2fandroid-arm 39ms (cache miss)
npm http fetch GET 200 https://registry.npmjs.org/@esbuild%2fandroid-x64 39ms (cache miss)
npm http fetch GET 200 https://registry.npmjs.org/@esbuild%2ffreebsd-x64 40ms (cache miss)
npm http fetch GET 200 https://registry.npmjs.org/@esbuild%2flinux-arm64 44ms (cache miss)
npm http fetch GET 200 https://registry.npmjs.org/@esbuild%2flinux-ppc64 36ms (cache miss)
npm http fetch GET 200 https://registry.npmjs.org/@esbuild%2flinux-s390x 40ms (cache miss)
npm http fetch GET 200 https://registry.npmjs.org/@esbuild%2fwin32-arm64 30ms (cache miss)
npm http fetch GET 200 https://registry.npmjs.org/@esbuild%2fopenbsd-x64 49ms (cache miss)
npm http fetch GET 200 https://registry.npmjs.org/@esbuild%2fnetbsd-arm64 24ms (cache miss)
npm http fetch GET 200 https://registry.npmjs.org/@esbuild%2fdarwin-arm64 49ms (cache miss)
npm http fetch GET 200 https://registry.npmjs.org/@esbuild%2fandroid-arm64 41ms (cache miss)
npm http fetch GET 200 https://registry.npmjs.org/@esbuild%2ffreebsd-arm64 27ms (cache miss)
npm http fetch GET 200 https://registry.npmjs.org/@esbuild%2flinux-loong64 40ms (cache miss)
npm http fetch GET 200 https://registry.npmjs.org/@esbuild%2fopenbsd-arm64 23ms (cache miss)
npm http fetch GET 200 https://registry.npmjs.org/@esbuild%2flinux-riscv64 42ms (cache miss)
npm http fetch GET 200 https://registry.npmjs.org/@esbuild%2fopenharmony-arm64 25ms (cache miss)
npm http fetch GET 200 https://registry.npmjs.org/@esbuild%2flinux-mips64el 36ms (cache miss)
npm http fetch GET 200 https://registry.npmjs.org/source-map-js 18ms (cache miss)
npm http fetch GET 200 https://registry.npmjs.org/nanoid 33ms (cache miss)
npm http fetch GET 200 https://registry.npmjs.org/@rollup%2frollup-win32-arm64-msvc 29ms (cache miss)
npm http fetch GET 200 https://registry.npmjs.org/@rollup%2frollup-android-arm64 40ms (cache miss)
npm http fetch GET 200 https://registry.npmjs.org/@rollup%2frollup-darwin-arm64 71ms (cache miss)
npm http fetch GET 200 https://registry.npmjs.org/@rollup%2frollup-freebsd-arm64 28ms (cache miss)
npm http fetch GET 200 https://registry.npmjs.org/@rollup%2frollup-linux-arm64-gnu 42ms (cache miss)
npm http fetch GET 200 https://registry.npmjs.org/@rollup%2frollup-android-arm-eabi 30ms (cache miss)
npm http fetch GET 200 https://registry.npmjs.org/@rollup%2frollup-linux-arm64-musl 42ms (cache miss)
npm http fetch GET 200 https://registry.npmjs.org/@rollup%2frollup-linux-arm-musleabihf 31ms (cache miss)
npm http fetch GET 200 https://registry.npmjs.org/@rollup%2frollup-linux-arm-gnueabihf 47ms (cache miss)
npm http fetch GET 200 https://registry.npmjs.org/@rollup%2frollup-win32-ia32-msvc 40ms (cache miss)
npm http fetch GET 200 https://registry.npmjs.org/@rollup%2frollup-linux-loong64-gnu 24ms (cache miss)
npm http fetch GET 200 https://registry.npmjs.org/@rollup%2frollup-linux-loong64-musl 41ms (cache miss)
npm http fetch GET 200 https://registry.npmjs.org/@rollup%2frollup-linux-riscv64-gnu 38ms (cache miss)
npm http fetch GET 200 https://registry.npmjs.org/@rollup%2frollup-linux-riscv64-musl 35ms (cache miss)
npm http fetch GET 200 https://registry.npmjs.org/@rollup%2frollup-linux-ppc64-musl 36ms (cache miss)
npm http fetch GET 200 https://registry.npmjs.org/@rollup%2frollup-linux-ppc64-gnu 45ms (cache miss)
npm http fetch GET 200 https://registry.npmjs.org/@rollup%2frollup-linux-s390x-gnu 34ms (cache miss)
npm http fetch GET 200 https://registry.npmjs.org/@rollup%2frollup-win32-x64-gnu 36ms (cache miss)
npm http fetch GET 200 https://registry.npmjs.org/@rollup%2frollup-win32-x64-msvc 37ms (cache miss)
npm http fetch GET 200 https://registry.npmjs.org/@rollup%2frollup-darwin-x64 47ms (cache miss)
npm http fetch GET 200 https://registry.npmjs.org/@rollup%2frollup-linux-x64-gnu 30ms (cache miss)
npm http fetch GET 200 https://registry.npmjs.org/@rollup%2frollup-freebsd-x64 42ms (cache miss)
npm http fetch GET 200 https://registry.npmjs.org/@rollup%2frollup-linux-x64-musl 48ms (cache miss)
npm http fetch GET 200 https://registry.npmjs.org/@rollup%2frollup-openbsd-x64 25ms (cache miss)
npm http fetch GET 200 https://registry.npmjs.org/@rollup%2frollup-openharmony-arm64 49ms (cache miss)
npm http fetch GET 200 https://registry.npmjs.org/@sveltejs/load-config/-/load-config-0.2.0.tgz 240ms (cache miss)
npm http fetch GET 200 https://registry.npmjs.org/picocolors/-/picocolors-1.1.1.tgz 266ms (cache miss)
npm http fetch GET 200 https://registry.npmjs.org/@jridgewell/resolve-uri/-/resolve-uri-3.1.2.tgz 266ms (cache miss)
npm http fetch GET 200 https://registry.npmjs.org/mri/-/mri-1.2.0.tgz 276ms (cache miss)
npm http fetch GET 200 https://registry.npmjs.org/is-reference/-/is-reference-3.0.3.tgz 274ms (cache miss)
npm http fetch GET 200 https://registry.npmjs.org/tinyglobby/-/tinyglobby-0.2.17.tgz 281ms (cache miss)
npm http fetch GET 200 https://registry.npmjs.org/locate-character/-/locate-character-3.0.0.tgz 281ms (cache miss)
npm http fetch GET 200 https://registry.npmjs.org/@polka/url/-/url-1.0.0-next.29.tgz 281ms (cache miss)
npm http fetch GET 200 https://registry.npmjs.org/sade/-/sade-1.8.1.tgz 287ms (cache miss)
npm http fetch GET 200 https://registry.npmjs.org/zimmerframe/-/zimmerframe-1.1.4.tgz 287ms (cache miss)
npm http fetch GET 200 https://registry.npmjs.org/clsx/-/clsx-2.1.1.tgz 286ms (cache miss)
npm http fetch GET 200 https://registry.npmjs.org/readdirp/-/readdirp-4.1.2.tgz 292ms (cache miss)
npm http fetch GET 200 https://registry.npmjs.org/totalist/-/totalist-3.0.1.tgz 290ms (cache miss)
npm http fetch GET 200 https://registry.npmjs.org/fdir/-/fdir-6.5.0.tgz 295ms (cache miss)
npm http fetch GET 200 https://registry.npmjs.org/@types/estree/-/estree-1.0.9.tgz 293ms (cache miss)
npm http fetch GET 200 https://registry.npmjs.org/ms/-/ms-2.1.3.tgz 293ms (cache miss)
npm http fetch GET 200 https://registry.npmjs.org/vitefu/-/vitefu-1.1.3.tgz 293ms (cache miss)
npm http fetch GET 200 https://registry.npmjs.org/esm-env/-/esm-env-1.2.2.tgz 292ms (cache miss)
npm http fetch GET 200 https://registry.npmjs.org/@types/trusted-types/-/trusted-types-2.0.7.tgz 297ms (cache miss)
npm http fetch GET 200 https://registry.npmjs.org/cookie/-/cookie-0.6.0.tgz 295ms (cache miss)
npm http fetch GET 200 https://registry.npmjs.org/kleur/-/kleur-4.1.5.tgz 295ms (cache miss)
npm http fetch GET 200 https://registry.npmjs.org/@sveltejs/adapter-auto/-/adapter-auto-3.3.1.tgz 295ms (cache miss)
npm http fetch GET 200 https://registry.npmjs.org/sirv/-/sirv-3.0.2.tgz 299ms (cache miss)
npm http fetch GET 200 https://registry.npmjs.org/@neoconfetti/svelte/-/svelte-2.2.2.tgz 300ms (cache miss)
npm http fetch GET 200 https://registry.npmjs.org/@standard-schema/spec/-/spec-1.1.0.tgz 304ms (cache miss)
npm http fetch GET 200 https://registry.npmjs.org/mrmime/-/mrmime-2.0.1.tgz 307ms (cache miss)
npm http fetch GET 200 https://registry.npmjs.org/@types/cookie/-/cookie-0.6.0.tgz 306ms (cache miss)
npm http fetch GET 200 https://registry.npmjs.org/set-cookie-parser/-/set-cookie-parser-3.1.2.tgz 311ms (cache miss)
npm http fetch GET 200 https://registry.npmjs.org/deepmerge/-/deepmerge-4.3.1.tgz 325ms (cache miss)
npm http fetch GET 200 https://registry.npmjs.org/esbuild/-/esbuild-0.25.12.tgz 334ms (cache miss)
npm http fetch GET 200 https://registry.npmjs.org/@sveltejs/acorn-typescript/-/acorn-typescript-1.0.11.tgz 332ms (cache miss)
npm http fetch GET 200 https://registry.npmjs.org/source-map-js/-/source-map-js-1.2.1.tgz 352ms (cache miss)
npm http fetch GET 200 https://registry.npmjs.org/debug/-/debug-4.4.3.tgz 345ms (cache miss)
npm http fetch GET 200 https://registry.npmjs.org/devalue/-/devalue-5.8.1.tgz 347ms (cache miss)
npm http fetch GET 200 https://registry.npmjs.org/chokidar/-/chokidar-4.0.3.tgz 356ms (cache miss)
npm http fetch GET 200 https://registry.npmjs.org/nanoid/-/nanoid-3.3.16.tgz 357ms (cache miss)
npm http fetch GET 200 https://registry.npmjs.org/@sveltejs/vite-plugin-svelte-inspector/-/vite-plugin-svelte-inspector-4.0.1.tgz 357ms (cache miss)
npm http fetch GET 200 https://registry.npmjs.org/picomatch/-/picomatch-4.0.5.tgz 365ms (cache miss)
npm http fetch GET 200 https://registry.npmjs.org/esrap/-/esrap-2.2.13.tgz 378ms (cache miss)
npm http fetch GET 200 https://registry.npmjs.org/acorn/-/acorn-8.17.0.tgz 376ms (cache miss)
npm http fetch GET 200 https://registry.npmjs.org/import-meta-resolve/-/import-meta-resolve-4.2.0.tgz 393ms (cache miss)
npm http fetch GET 200 https://registry.npmjs.org/magic-string/-/magic-string-0.30.21.tgz 404ms (cache miss)
npm http fetch GET 200 https://registry.npmjs.org/@jridgewell/sourcemap-codec/-/sourcemap-codec-1.5.5.tgz 406ms (cache miss)
npm http fetch GET 200 https://registry.npmjs.org/@jridgewell/remapping/-/remapping-2.3.5.tgz 414ms (cache miss)
npm http fetch GET 200 https://registry.npmjs.org/@jridgewell/gen-mapping/-/gen-mapping-0.3.13.tgz 420ms (cache miss)
npm http fetch GET 200 https://registry.npmjs.org/@rollup/rollup-linux-arm64-gnu/-/rollup-linux-arm64-gnu-4.62.2.tgz 454ms (cache miss)
npm http fetch GET 200 https://registry.npmjs.org/@jridgewell/trace-mapping/-/trace-mapping-0.3.31.tgz 470ms (cache miss)
npm http fetch GET 200 https://registry.npmjs.org/@sveltejs/vite-plugin-svelte/-/vite-plugin-svelte-5.1.1.tgz 466ms (cache miss)
npm http fetch GET 200 https://registry.npmjs.org/postcss/-/postcss-8.5.19.tgz 479ms (cache miss)
npm http fetch GET 200 https://registry.npmjs.org/@fontsource/fira-mono/-/fira-mono-5.2.7.tgz 495ms (cache miss)
npm http fetch GET 200 https://registry.npmjs.org/rollup/-/rollup-4.62.2.tgz 534ms (cache miss)
npm http fetch GET 200 https://registry.npmjs.org/vite/-/vite-6.4.3.tgz 528ms (cache miss)
npm http fetch GET 200 https://registry.npmjs.org/svelte-check/-/svelte-check-4.7.2.tgz 560ms (cache miss)
npm http fetch GET 200 https://registry.npmjs.org/@esbuild/linux-arm64/-/linux-arm64-0.25.12.tgz 631ms (cache miss)
npm http fetch GET 200 https://registry.npmjs.org/axobject-query/-/axobject-query-4.1.0.tgz 658ms (cache miss)
npm http fetch GET 200 https://registry.npmjs.org/aria-query/-/aria-query-5.3.1.tgz 711ms (cache miss)
npm http fetch GET 200 https://registry.npmjs.org/@sveltejs/kit/-/kit-2.69.2.tgz 721ms (cache miss)
npm http fetch GET 200 https://registry.npmjs.org/typescript/-/typescript-5.9.3.tgz 756ms (cache miss)
npm http fetch GET 200 https://registry.npmjs.org/svelte/-/svelte-5.56.4.tgz 843ms (cache miss)

added 59 packages in 6s
