npm http fetch GET 200 https://registry.npmjs.org/@fontsource%2ffira-mono 146ms (cache miss)
npm http fetch GET 200 https://registry.npmjs.org/@neoconfetti%2fsvelte 59ms (cache miss)
npm http fetch GET 200 https://registry.npmjs.org/svelte 161ms (cache miss)
npm http fetch GET 200 https://registry.npmjs.org/@sveltejs%2fadapter-auto 87ms (cache miss)
npm http fetch GET 200 https://registry.npmjs.org/@sveltejs%2fkit 116ms (cache miss)
npm http fetch GET 200 https://registry.npmjs.org/@sveltejs%2fvite-plugin-svelte 78ms (cache miss)
npm http fetch GET 200 https://registry.npmjs.org/vite 1216ms (cache miss)
npm http fetch GET 200 https://registry.npmjs.org/typescript 260ms (cache miss)
npm http fetch GET 200 https://registry.npmjs.org/svelte-check 69ms (cache miss)
npm http fetch GET 200 https://registry.npmjs.org/clsx 32ms (cache miss)
npm http fetch GET 200 https://registry.npmjs.org/devalue 45ms (cache miss)
npm http fetch GET 200 https://registry.npmjs.org/esrap 94ms (cache miss)
npm http fetch GET 200 https://registry.npmjs.org/acorn 117ms (cache miss)
npm http fetch GET 200 https://registry.npmjs.org/esm-env 47ms (cache miss)
npm http fetch GET 200 https://registry.npmjs.org/aria-query 43ms (cache miss)
npm http fetch GET 200 https://registry.npmjs.org/zimmerframe 33ms (cache miss)
npm http fetch GET 200 https://registry.npmjs.org/is-reference 40ms (cache miss)
npm http fetch GET 200 https://registry.npmjs.org/magic-string 51ms (cache miss)
npm http fetch GET 200 https://registry.npmjs.org/@types%2festree 43ms (cache miss)
npm http fetch GET 200 https://registry.npmjs.org/axobject-query 44ms (cache miss)
npm http fetch GET 200 https://registry.npmjs.org/locate-character 28ms (cache miss)
npm http fetch GET 200 https://registry.npmjs.org/@jridgewell%2fremapping 45ms (cache miss)
npm http fetch GET 200 https://registry.npmjs.org/import-meta-resolve 32ms (cache miss)
npm http fetch GET 200 https://registry.npmjs.org/@sveltejs%2facorn-typescript 69ms (cache miss)
npm http fetch GET 200 https://registry.npmjs.org/@jridgewell%2fsourcemap-codec 59ms (cache miss)
npm http fetch GET 200 https://registry.npmjs.org/acorn 36ms (cache revalidated)
npm http fetch GET 200 https://registry.npmjs.org/sirv 47ms (cache miss)
npm http fetch GET 200 https://registry.npmjs.org/kleur 43ms (cache miss)
npm http fetch GET 200 https://registry.npmjs.org/mrmime 32ms (cache miss)
npm http fetch GET 200 https://registry.npmjs.org/cookie 44ms (cache miss)
npm http fetch GET 200 https://registry.npmjs.org/devalue 43ms (cache revalidated)
npm http fetch GET 200 https://registry.npmjs.org/esm-env 32ms (cache revalidated)
npm http fetch GET 200 https://registry.npmjs.org/magic-string 36ms (cache revalidated)
npm http fetch GET 200 https://registry.npmjs.org/@types%2fcookie 48ms (cache miss)
npm http fetch GET 200 https://registry.npmjs.org/set-cookie-parser 35ms (cache miss)
npm http fetch GET 200 https://registry.npmjs.org/@standard-schema%2fspec 55ms (cache miss)
npm http fetch GET 200 https://registry.npmjs.org/debug 39ms (cache miss)
npm http fetch GET 200 https://registry.npmjs.org/@sveltejs%2facorn-typescript 58ms (cache revalidated)
npm http fetch GET 200 https://registry.npmjs.org/vitefu 43ms (cache miss)
npm http fetch GET 200 https://registry.npmjs.org/deepmerge 37ms (cache miss)
npm http fetch GET 200 https://registry.npmjs.org/fdir 35ms (cache miss)
npm http fetch GET 200 https://registry.npmjs.org/@sveltejs%2fvite-plugin-svelte-inspector 103ms (cache miss)
npm http fetch GET 200 https://registry.npmjs.org/esbuild 107ms (cache miss)
npm http fetch GET 200 https://registry.npmjs.org/postcss 74ms (cache miss)
npm http fetch GET 200 https://registry.npmjs.org/rollup 184ms (cache miss)
npm http fetch GET 200 https://registry.npmjs.org/picomatch 74ms (cache miss)
npm http fetch GET 200 https://registry.npmjs.org/tinyglobby 69ms (cache miss)
npm http fetch GET 200 https://registry.npmjs.org/fdir 37ms (cache revalidated)
npm http fetch GET 200 https://registry.npmjs.org/fsevents 51ms (cache miss)
npm http fetch GET 200 https://registry.npmjs.org/sade 40ms (cache miss)
npm http fetch GET 200 https://registry.npmjs.org/picocolors 33ms (cache miss)
npm http fetch GET 200 https://registry.npmjs.org/chokidar 38ms (cache miss)
npm http fetch GET 200 https://registry.npmjs.org/@sveltejs%2fload-config 40ms (cache miss)
npm http fetch GET 200 https://registry.npmjs.org/@jridgewell%2ftrace-mapping 58ms (cache miss)
npm http fetch GET 200 https://registry.npmjs.org/totalist 39ms (cache miss)
npm http fetch GET 200 https://registry.npmjs.org/@polka%2furl 44ms (cache miss)
npm http fetch GET 200 https://registry.npmjs.org/@jridgewell%2fsourcemap-codec 53ms (cache revalidated)
npm http fetch GET 200 https://registry.npmjs.org/debug 32ms (cache revalidated)
npm http fetch GET 200 https://registry.npmjs.org/ms 39ms (cache miss)
npm http fetch GET 200 https://registry.npmjs.org/@jridgewell%2ftrace-mapping 47ms (cache revalidated)
npm http fetch GET 200 https://registry.npmjs.org/@jridgewell%2fgen-mapping 58ms (cache miss)
npm http fetch GET 200 https://registry.npmjs.org/@jridgewell%2fresolve-uri 61ms (cache miss)
npm http fetch GET 200 https://registry.npmjs.org/readdirp 35ms (cache miss)
npm http fetch GET 200 https://registry.npmjs.org/mri 44ms (cache miss)
npm http fetch GET 200 https://registry.npmjs.org/@esbuild%2flinux-arm 41ms (cache miss)
npm http fetch GET 200 https://registry.npmjs.org/@esbuild%2faix-ppc64 63ms (cache miss)
npm http fetch GET 200 https://registry.npmjs.org/@esbuild%2flinux-x64 65ms (cache miss)
npm http fetch GET 200 https://registry.npmjs.org/@esbuild%2fsunos-x64 45ms (cache miss)
npm http fetch GET 200 https://registry.npmjs.org/@esbuild%2fwin32-x64 62ms (cache miss)
npm http fetch GET 200 https://registry.npmjs.org/@esbuild%2fdarwin-x64 66ms (cache miss)
npm http fetch GET 200 https://registry.npmjs.org/@esbuild%2flinux-ia32 49ms (cache miss)
npm http fetch GET 200 https://registry.npmjs.org/@esbuild%2fandroid-arm 48ms (cache miss)
npm http fetch GET 200 https://registry.npmjs.org/@esbuild%2fwin32-ia32 58ms (cache miss)
npm http fetch GET 200 https://registry.npmjs.org/@esbuild%2fnetbsd-x64 74ms (cache miss)
npm http fetch GET 200 https://registry.npmjs.org/@esbuild%2fandroid-x64 49ms (cache miss)
npm http fetch GET 200 https://registry.npmjs.org/@esbuild%2ffreebsd-x64 57ms (cache miss)
npm http fetch GET 200 https://registry.npmjs.org/@esbuild%2flinux-arm64 59ms (cache miss)
npm http fetch GET 200 https://registry.npmjs.org/@esbuild%2flinux-ppc64 49ms (cache miss)
npm http fetch GET 200 https://registry.npmjs.org/@esbuild%2flinux-s390x 59ms (cache miss)
npm http fetch GET 200 https://registry.npmjs.org/@esbuild%2fopenbsd-x64 61ms (cache miss)
npm http fetch GET 200 https://registry.npmjs.org/@esbuild%2fwin32-arm64 47ms (cache miss)
npm http fetch GET 200 https://registry.npmjs.org/@esbuild%2fnetbsd-arm64 41ms (cache miss)
npm http fetch GET 200 https://registry.npmjs.org/@esbuild%2fdarwin-arm64 67ms (cache miss)
npm http fetch GET 200 https://registry.npmjs.org/@esbuild%2fandroid-arm64 47ms (cache miss)
npm http fetch GET 200 https://registry.npmjs.org/@esbuild%2ffreebsd-arm64 60ms (cache miss)
npm http fetch GET 200 https://registry.npmjs.org/@esbuild%2flinux-riscv64 49ms (cache miss)
npm http fetch GET 200 https://registry.npmjs.org/@esbuild%2flinux-loong64 73ms (cache miss)
npm http fetch GET 200 https://registry.npmjs.org/@esbuild%2fopenbsd-arm64 42ms (cache miss)
npm http fetch GET 200 https://registry.npmjs.org/@esbuild%2flinux-mips64el 52ms (cache miss)
npm http fetch GET 200 https://registry.npmjs.org/@esbuild%2fopenharmony-arm64 40ms (cache miss)
npm http fetch GET 200 https://registry.npmjs.org/nanoid 39ms (cache miss)
npm http fetch GET 200 https://registry.npmjs.org/source-map-js 35ms (cache miss)
npm http fetch GET 200 https://registry.npmjs.org/@rollup%2frollup-darwin-x64 47ms (cache miss)
npm http fetch GET 200 https://registry.npmjs.org/@rollup%2frollup-freebsd-x64 48ms (cache miss)
npm http fetch GET 200 https://registry.npmjs.org/@rollup%2frollup-openbsd-x64 44ms (cache miss)
npm http fetch GET 200 https://registry.npmjs.org/@napi-rs%2flzma-linux-x64-gnu 59ms (cache miss)
npm http fetch GET 200 https://registry.npmjs.org/@rollup%2frollup-android-arm64 50ms (cache miss)
npm http fetch GET 200 https://registry.npmjs.org/@rollup%2frollup-darwin-arm64 65ms (cache miss)
npm http fetch GET 200 https://registry.npmjs.org/@rollup%2frollup-freebsd-arm64 68ms (cache miss)
npm http fetch GET 200 https://registry.npmjs.org/@rollup%2frollup-linux-x64-gnu 57ms (cache miss)
npm http fetch GET 200 https://registry.npmjs.org/@rollup%2frollup-win32-x64-gnu 65ms (cache miss)
npm http fetch GET 200 https://registry.npmjs.org/@rollup%2frollup-win32-x64-msvc 52ms (cache miss)
npm http fetch GET 200 https://registry.npmjs.org/@rollup%2frollup-linux-x64-musl 70ms (cache miss)
npm http fetch GET 200 https://registry.npmjs.org/@rollup%2frollup-linux-arm64-gnu 54ms (cache miss)
npm http fetch GET 200 https://registry.npmjs.org/@rollup%2frollup-linux-ppc64-gnu 43ms (cache miss)
npm http fetch GET 200 https://registry.npmjs.org/@rollup%2frollup-win32-ia32-msvc 49ms (cache miss)
npm http fetch GET 200 https://registry.npmjs.org/@rollup%2frollup-linux-s390x-gnu 69ms (cache miss)
npm http fetch GET 200 https://registry.npmjs.org/@rollup%2frollup-android-arm-eabi 49ms (cache miss)
npm http fetch GET 200 https://registry.npmjs.org/@rollup%2frollup-linux-arm64-musl 49ms (cache miss)
npm http fetch GET 200 https://registry.npmjs.org/@rollup%2frollup-linux-ppc64-musl 50ms (cache miss)
npm http fetch GET 200 https://registry.npmjs.org/@rollup%2frollup-win32-arm64-msvc 62ms (cache miss)
npm http fetch GET 200 https://registry.npmjs.org/@rollup%2frollup-linux-loong64-gnu 66ms (cache miss)
npm http fetch GET 200 https://registry.npmjs.org/@rollup%2frollup-linux-riscv64-gnu 67ms (cache miss)
npm http fetch GET 200 https://registry.npmjs.org/@rollup%2frollup-openharmony-arm64 47ms (cache miss)
npm http fetch GET 200 https://registry.npmjs.org/@rollup%2frollup-linux-loong64-musl 42ms (cache miss)
npm http fetch GET 200 https://registry.npmjs.org/@rollup%2frollup-linux-arm-gnueabihf 47ms (cache miss)
npm http fetch GET 200 https://registry.npmjs.org/@rollup%2frollup-linux-riscv64-musl 65ms (cache miss)
npm http fetch GET 200 https://registry.npmjs.org/@rollup%2frollup-linux-arm-musleabihf 52ms (cache miss)
npm http fetch GET 200 https://registry.npmjs.org/nanoid/-/nanoid-3.3.20.tgz 104ms (cache miss)
npm http fetch GET 200 https://registry.npmjs.org/fdir/-/fdir-6.5.0.tgz 150ms (cache miss)
npm http fetch GET 200 https://registry.npmjs.org/picocolors/-/picocolors-1.1.1.tgz 176ms (cache miss)
npm http fetch GET 200 https://registry.npmjs.org/mri/-/mri-1.2.0.tgz 236ms (cache miss)
npm http fetch GET 200 https://registry.npmjs.org/locate-character/-/locate-character-3.0.0.tgz 237ms (cache miss)
npm http fetch GET 200 https://registry.npmjs.org/tinyglobby/-/tinyglobby-0.2.17.tgz 246ms (cache miss)
npm http fetch GET 200 https://registry.npmjs.org/is-reference/-/is-reference-3.0.3.tgz 243ms (cache miss)
npm http fetch GET 200 https://registry.npmjs.org/zimmerframe/-/zimmerframe-1.1.5.tgz 247ms (cache miss)
npm http fetch GET 200 https://registry.npmjs.org/readdirp/-/readdirp-4.1.2.tgz 255ms (cache miss)
npm http fetch GET 200 https://registry.npmjs.org/sade/-/sade-1.8.1.tgz 260ms (cache miss)
npm http fetch GET 200 https://registry.npmjs.org/clsx/-/clsx-2.1.1.tgz 258ms (cache miss)
npm http fetch GET 200 https://registry.npmjs.org/totalist/-/totalist-3.0.1.tgz 257ms (cache miss)
npm http fetch GET 200 https://registry.npmjs.org/@jridgewell/resolve-uri/-/resolve-uri-3.1.2.tgz 274ms (cache miss)
npm http fetch GET 200 https://registry.npmjs.org/@types/estree/-/estree-1.0.9.tgz 272ms (cache miss)
npm http fetch GET 200 https://registry.npmjs.org/ms/-/ms-2.1.3.tgz 271ms (cache miss)
npm http fetch GET 200 https://registry.npmjs.org/@sveltejs/load-config/-/load-config-0.2.3.tgz 275ms (cache miss)
npm http fetch GET 200 https://registry.npmjs.org/deepmerge/-/deepmerge-4.3.1.tgz 285ms (cache miss)
npm http fetch GET 200 https://registry.npmjs.org/@polka/url/-/url-1.0.0-next.29.tgz 286ms (cache miss)
npm http fetch GET 200 https://registry.npmjs.org/sirv/-/sirv-3.0.2.tgz 285ms (cache miss)
npm http fetch GET 200 https://registry.npmjs.org/esbuild/-/esbuild-0.25.12.tgz 308ms (cache miss)
npm http fetch GET 200 https://registry.npmjs.org/cookie/-/cookie-0.6.0.tgz 309ms (cache miss)
npm http fetch GET 200 https://registry.npmjs.org/kleur/-/kleur-4.1.5.tgz 318ms (cache miss)
npm http fetch GET 200 https://registry.npmjs.org/debug/-/debug-4.4.3.tgz 323ms (cache miss)
npm http fetch GET 200 https://registry.npmjs.org/mrmime/-/mrmime-2.0.1.tgz 322ms (cache miss)
npm http fetch GET 200 https://registry.npmjs.org/chokidar/-/chokidar-4.0.3.tgz 329ms (cache miss)
npm http fetch GET 200 https://registry.npmjs.org/vitefu/-/vitefu-1.1.3.tgz 326ms (cache miss)
npm http fetch GET 200 https://registry.npmjs.org/@types/cookie/-/cookie-0.6.0.tgz 324ms (cache miss)
npm http fetch GET 200 https://registry.npmjs.org/set-cookie-parser/-/set-cookie-parser-3.1.3.tgz 328ms (cache miss)
npm http fetch GET 200 https://registry.npmjs.org/@standard-schema/spec/-/spec-1.1.0.tgz 327ms (cache miss)
npm http fetch GET 200 https://registry.npmjs.org/picomatch/-/picomatch-4.0.7.tgz 337ms (cache miss)
npm http fetch GET 200 https://registry.npmjs.org/@sveltejs/adapter-auto/-/adapter-auto-3.3.1.tgz 332ms (cache miss)
npm http fetch GET 200 https://registry.npmjs.org/esm-env/-/esm-env-1.2.2.tgz 342ms (cache miss)
npm http fetch GET 200 https://registry.npmjs.org/@neoconfetti/svelte/-/svelte-2.2.2.tgz 347ms (cache miss)
npm http fetch GET 200 https://registry.npmjs.org/@sveltejs/acorn-typescript/-/acorn-typescript-1.0.13.tgz 371ms (cache miss)
npm http fetch GET 200 https://registry.npmjs.org/source-map-js/-/source-map-js-1.2.2.tgz 382ms (cache miss)
npm http fetch GET 200 https://registry.npmjs.org/@sveltejs/vite-plugin-svelte-inspector/-/vite-plugin-svelte-inspector-4.0.1.tgz 377ms (cache miss)
npm http fetch GET 200 https://registry.npmjs.org/devalue/-/devalue-5.9.4.tgz 386ms (cache miss)
npm http fetch GET 200 https://registry.npmjs.org/acorn/-/acorn-8.19.0.tgz 392ms (cache miss)
npm http fetch GET 200 https://registry.npmjs.org/import-meta-resolve/-/import-meta-resolve-4.2.0.tgz 409ms (cache miss)
npm http fetch GET 200 https://registry.npmjs.org/@rollup/rollup-linux-arm64-gnu/-/rollup-linux-arm64-gnu-4.64.3.tgz 430ms (cache miss)
npm http fetch GET 200 https://registry.npmjs.org/magic-string/-/magic-string-0.30.21.tgz 420ms (cache miss)
npm http fetch GET 200 https://registry.npmjs.org/@jridgewell/gen-mapping/-/gen-mapping-0.3.13.tgz 436ms (cache miss)
npm http fetch GET 200 https://registry.npmjs.org/@jridgewell/remapping/-/remapping-2.3.5.tgz 438ms (cache miss)
npm http fetch GET 200 https://registry.npmjs.org/@jridgewell/sourcemap-codec/-/sourcemap-codec-1.6.0.tgz 440ms (cache miss)
npm http fetch GET 200 https://registry.npmjs.org/esrap/-/esrap-2.4.0.tgz 469ms (cache miss)
npm http fetch GET 200 https://registry.npmjs.org/@jridgewell/trace-mapping/-/trace-mapping-0.3.31.tgz 491ms (cache miss)
npm http fetch GET 200 https://registry.npmjs.org/@sveltejs/vite-plugin-svelte/-/vite-plugin-svelte-5.1.1.tgz 486ms (cache miss)
npm http fetch GET 200 https://registry.npmjs.org/postcss/-/postcss-8.5.29.tgz 508ms (cache miss)
npm http fetch GET 200 https://registry.npmjs.org/@fontsource/fira-mono/-/fira-mono-5.3.0.tgz 533ms (cache miss)
npm http fetch GET 200 https://registry.npmjs.org/vite/-/vite-6.4.4.tgz 551ms (cache miss)
npm http fetch GET 200 https://registry.npmjs.org/rollup/-/rollup-4.64.3.tgz 573ms (cache miss)
npm http fetch GET 200 https://registry.npmjs.org/svelte-check/-/svelte-check-4.7.6.tgz 580ms (cache miss)
npm http fetch GET 200 https://registry.npmjs.org/@esbuild/linux-arm64/-/linux-arm64-0.25.12.tgz 639ms (cache miss)
npm http fetch GET 200 https://registry.npmjs.org/axobject-query/-/axobject-query-4.1.0.tgz 671ms (cache miss)
npm http fetch GET 200 https://registry.npmjs.org/aria-query/-/aria-query-5.3.1.tgz 731ms (cache miss)
npm http fetch GET 200 https://registry.npmjs.org/@sveltejs/kit/-/kit-2.70.3.tgz 741ms (cache miss)
npm http fetch GET 200 https://registry.npmjs.org/typescript/-/typescript-5.9.3.tgz 777ms (cache miss)
npm http fetch GET 200 https://registry.npmjs.org/svelte/-/svelte-5.57.2.tgz 858ms (cache miss)

added 58 packages in 6s
