npm http fetch GET 200 https://registry.npmjs.org/@fontsource%2ffira-mono 109ms (cache miss)
npm http fetch GET 200 https://registry.npmjs.org/@neoconfetti%2fsvelte 52ms (cache miss)
npm http fetch GET 200 https://registry.npmjs.org/svelte 121ms (cache miss)
npm http fetch GET 200 https://registry.npmjs.org/@sveltejs%2fadapter-auto 77ms (cache miss)
npm http fetch GET 200 https://registry.npmjs.org/@sveltejs%2fkit 147ms (cache miss)
npm http fetch GET 200 https://registry.npmjs.org/@opentelemetry%2fapi 57ms (cache miss)
npm http fetch GET 200 https://registry.npmjs.org/@sveltejs%2fvite-plugin-svelte 62ms (cache miss)
npm http fetch GET 200 https://registry.npmjs.org/vite 1519ms (cache miss)
npm http fetch GET 200 https://registry.npmjs.org/@types%2fnode 251ms (cache miss)
npm http fetch GET 200 https://registry.npmjs.org/jiti 44ms (cache miss)
npm http fetch GET 200 https://registry.npmjs.org/less 39ms (cache miss)
npm http fetch GET 200 https://registry.npmjs.org/lightningcss 37ms (cache miss)
npm http fetch GET 200 https://registry.npmjs.org/sass 51ms (cache miss)
npm http fetch GET 200 https://registry.npmjs.org/sass-embedded 45ms (cache miss)
npm http fetch GET 200 https://registry.npmjs.org/stylus 39ms (cache miss)
npm http fetch GET 200 https://registry.npmjs.org/sugarss 35ms (cache miss)
npm http fetch GET 200 https://registry.npmjs.org/postcss 49ms (cache miss)
npm http fetch GET 200 https://registry.npmjs.org/terser 50ms (cache miss)
npm http fetch GET 200 https://registry.npmjs.org/tsx 43ms (cache miss)
npm http fetch GET 200 https://registry.npmjs.org/yaml 42ms (cache miss)
npm http fetch GET 200 https://registry.npmjs.org/typescript 303ms (cache miss)
npm http fetch GET 200 https://registry.npmjs.org/svelte-check 62ms (cache miss)
npm http fetch GET 200 https://registry.npmjs.org/@jridgewell%2fremapping 50ms (cache miss)
npm http fetch GET 200 https://registry.npmjs.org/@jridgewell%2fsourcemap-codec 74ms (cache miss)
npm http fetch GET 200 https://registry.npmjs.org/@sveltejs%2facorn-typescript 77ms (cache miss)
npm http fetch GET 200 https://registry.npmjs.org/@types%2festree 42ms (cache miss)
npm http fetch GET 200 https://registry.npmjs.org/@types%2ftrusted-types 39ms (cache miss)
npm http fetch GET 200 https://registry.npmjs.org/acorn 42ms (cache miss)
npm http fetch GET 200 https://registry.npmjs.org/aria-query 32ms (cache miss)
npm http fetch GET 200 https://registry.npmjs.org/axobject-query 30ms (cache miss)
npm http fetch GET 200 https://registry.npmjs.org/clsx 28ms (cache miss)
npm http fetch GET 200 https://registry.npmjs.org/devalue 31ms (cache miss)
npm http fetch GET 200 https://registry.npmjs.org/esm-env 26ms (cache miss)
npm http fetch GET 200 https://registry.npmjs.org/esrap 35ms (cache miss)
npm http fetch GET 200 https://registry.npmjs.org/is-reference 31ms (cache miss)
npm http fetch GET 200 https://registry.npmjs.org/locate-character 28ms (cache miss)
npm http fetch GET 200 https://registry.npmjs.org/zimmerframe 32ms (cache miss)
npm http fetch GET 200 https://registry.npmjs.org/magic-string 39ms (cache miss)
npm http fetch GET 200 https://registry.npmjs.org/import-meta-resolve 41ms (cache miss)
npm http fetch GET 200 https://registry.npmjs.org/sirv 37ms (cache miss)
npm http fetch GET 200 https://registry.npmjs.org/acorn 39ms (cache revalidated)
npm http fetch GET 200 https://registry.npmjs.org/kleur 32ms (cache miss)
npm http fetch GET 200 https://registry.npmjs.org/cookie 30ms (cache miss)
npm http fetch GET 200 https://registry.npmjs.org/mrmime 28ms (cache miss)
npm http fetch GET 200 https://registry.npmjs.org/esm-env 27ms (cache revalidated)
npm http fetch GET 200 https://registry.npmjs.org/magic-string 31ms (cache revalidated)
npm http fetch GET 200 https://registry.npmjs.org/@types%2fcookie 37ms (cache miss)
npm http fetch GET 200 https://registry.npmjs.org/set-cookie-parser 34ms (cache miss)
npm http fetch GET 200 https://registry.npmjs.org/debug 30ms (cache miss)
npm http fetch GET 200 https://registry.npmjs.org/@standard-schema%2fspec 47ms (cache miss)
npm http fetch GET 200 https://registry.npmjs.org/@sveltejs%2facorn-typescript 47ms (cache revalidated)
npm http fetch GET 200 https://registry.npmjs.org/vitefu 27ms (cache miss)
npm http fetch GET 200 https://registry.npmjs.org/deepmerge 50ms (cache miss)
npm http fetch GET 200 https://registry.npmjs.org/@sveltejs%2fvite-plugin-svelte-inspector 48ms (cache miss)
npm http fetch GET 200 https://registry.npmjs.org/picomatch 34ms (cache miss)
npm http fetch GET 200 https://registry.npmjs.org/fdir 43ms (cache miss)
npm http fetch GET 200 https://registry.npmjs.org/esbuild 84ms (cache miss)
npm http fetch GET 200 https://registry.npmjs.org/postcss 34ms (cache revalidated)
npm http fetch GET 200 https://registry.npmjs.org/tinyglobby 29ms (cache miss)
npm http fetch GET 200 https://registry.npmjs.org/fsevents 35ms (cache miss)
npm http fetch GET 200 https://registry.npmjs.org/@jridgewell%2ftrace-mapping 45ms (cache miss)
npm http fetch GET 200 https://registry.npmjs.org/chokidar 38ms (cache miss)
npm http fetch GET 200 https://registry.npmjs.org/fdir 29ms (cache revalidated)
npm http fetch GET 200 https://registry.npmjs.org/picocolors 29ms (cache miss)
npm http fetch GET 200 https://registry.npmjs.org/rollup 154ms (cache miss)
npm http fetch GET 200 https://registry.npmjs.org/sade 62ms (cache miss)
npm http fetch GET 200 https://registry.npmjs.org/@sveltejs%2fload-config 46ms (cache miss)
npm http fetch GET 200 https://registry.npmjs.org/totalist 32ms (cache miss)
npm http fetch GET 200 https://registry.npmjs.org/@jridgewell%2fsourcemap-codec 49ms (cache revalidated)
npm http fetch GET 200 https://registry.npmjs.org/@polka%2furl 50ms (cache miss)
npm http fetch GET 200 https://registry.npmjs.org/ms 29ms (cache miss)
npm http fetch GET 200 https://registry.npmjs.org/debug 49ms (cache revalidated)
npm http fetch GET 200 https://registry.npmjs.org/@typescript-eslint%2ftypes 309ms (cache miss)
npm http fetch GET 200 https://registry.npmjs.org/@jridgewell%2fgen-mapping 44ms (cache miss)
npm http fetch GET 200 https://registry.npmjs.org/@jridgewell%2ftrace-mapping 61ms (cache revalidated)
npm http fetch GET 200 https://registry.npmjs.org/@jridgewell%2fresolve-uri 51ms (cache miss)
npm http fetch GET 200 https://registry.npmjs.org/picomatch 27ms (cache revalidated)
npm http fetch GET 200 https://registry.npmjs.org/mri 30ms (cache miss)
npm http fetch GET 200 https://registry.npmjs.org/readdirp 31ms (cache miss)
npm http fetch GET 200 https://registry.npmjs.org/@esbuild%2faix-ppc64 48ms (cache miss)
npm http fetch GET 200 https://registry.npmjs.org/@esbuild%2flinux-arm 52ms (cache miss)
npm http fetch GET 200 https://registry.npmjs.org/@esbuild%2flinux-x64 58ms (cache miss)
npm http fetch GET 200 https://registry.npmjs.org/@esbuild%2fsunos-x64 54ms (cache miss)
npm http fetch GET 200 https://registry.npmjs.org/@esbuild%2fwin32-x64 56ms (cache miss)
npm http fetch GET 200 https://registry.npmjs.org/@esbuild%2fdarwin-x64 64ms (cache miss)
npm http fetch GET 200 https://registry.npmjs.org/@esbuild%2flinux-ia32 56ms (cache miss)
npm http fetch GET 200 https://registry.npmjs.org/@esbuild%2fnetbsd-x64 67ms (cache miss)
npm http fetch GET 200 https://registry.npmjs.org/@esbuild%2fwin32-ia32 76ms (cache miss)
npm http fetch GET 200 https://registry.npmjs.org/@esbuild%2fandroid-arm 57ms (cache miss)
npm http fetch GET 200 https://registry.npmjs.org/@esbuild%2fandroid-x64 62ms (cache miss)
npm http fetch GET 200 https://registry.npmjs.org/@esbuild%2ffreebsd-x64 52ms (cache miss)
npm http fetch GET 200 https://registry.npmjs.org/@esbuild%2flinux-arm64 72ms (cache miss)
npm http fetch GET 200 https://registry.npmjs.org/@esbuild%2flinux-ppc64 56ms (cache miss)
npm http fetch GET 200 https://registry.npmjs.org/@esbuild%2flinux-s390x 51ms (cache miss)
npm http fetch GET 200 https://registry.npmjs.org/@esbuild%2fopenbsd-x64 54ms (cache miss)
npm http fetch GET 200 https://registry.npmjs.org/@esbuild%2fwin32-arm64 53ms (cache miss)
npm http fetch GET 200 https://registry.npmjs.org/@esbuild%2fdarwin-arm64 52ms (cache miss)
npm http fetch GET 200 https://registry.npmjs.org/@esbuild%2fnetbsd-arm64 45ms (cache miss)
npm http fetch GET 200 https://registry.npmjs.org/@esbuild%2ffreebsd-arm64 49ms (cache miss)
npm http fetch GET 200 https://registry.npmjs.org/@esbuild%2fandroid-arm64 66ms (cache miss)
npm http fetch GET 200 https://registry.npmjs.org/@esbuild%2flinux-loong64 48ms (cache miss)
npm http fetch GET 200 https://registry.npmjs.org/@esbuild%2fopenbsd-arm64 45ms (cache miss)
npm http fetch GET 200 https://registry.npmjs.org/@esbuild%2flinux-riscv64 57ms (cache miss)
npm http fetch GET 200 https://registry.npmjs.org/@esbuild%2flinux-mips64el 48ms (cache miss)
npm http fetch GET 200 https://registry.npmjs.org/@esbuild%2fopenharmony-arm64 44ms (cache miss)
npm http fetch GET 200 https://registry.npmjs.org/nanoid 44ms (cache miss)
npm http fetch GET 200 https://registry.npmjs.org/source-map-js 27ms (cache miss)
npm http fetch GET 200 https://registry.npmjs.org/@rollup%2frollup-darwin-arm64 50ms (cache miss)
npm http fetch GET 200 https://registry.npmjs.org/@rollup%2frollup-win32-arm64-msvc 56ms (cache miss)
npm http fetch GET 200 https://registry.npmjs.org/@rollup%2frollup-freebsd-arm64 47ms (cache miss)
npm http fetch GET 200 https://registry.npmjs.org/@rollup%2frollup-linux-arm64-gnu 52ms (cache miss)
npm http fetch GET 200 https://registry.npmjs.org/@rollup%2frollup-android-arm64 137ms (cache miss)
npm http fetch GET 200 https://registry.npmjs.org/@rollup%2frollup-linux-arm64-musl 55ms (cache miss)
npm http fetch GET 200 https://registry.npmjs.org/@rollup%2frollup-android-arm-eabi 57ms (cache miss)
npm http fetch GET 200 https://registry.npmjs.org/@rollup%2frollup-linux-arm-musleabihf 57ms (cache miss)
npm http fetch GET 200 https://registry.npmjs.org/@rollup%2frollup-linux-arm-gnueabihf 84ms (cache miss)
npm http fetch GET 200 https://registry.npmjs.org/@rollup%2frollup-win32-ia32-msvc 59ms (cache miss)
npm http fetch GET 200 https://registry.npmjs.org/@rollup%2frollup-linux-loong64-gnu 43ms (cache miss)
npm http fetch GET 200 https://registry.npmjs.org/@rollup%2frollup-linux-riscv64-gnu 57ms (cache miss)
npm http fetch GET 200 https://registry.npmjs.org/@rollup%2frollup-linux-riscv64-musl 53ms (cache miss)
npm http fetch GET 200 https://registry.npmjs.org/@rollup%2frollup-linux-loong64-musl 86ms (cache miss)
npm http fetch GET 200 https://registry.npmjs.org/@rollup%2frollup-linux-ppc64-gnu 47ms (cache miss)
npm http fetch GET 200 https://registry.npmjs.org/@rollup%2frollup-linux-ppc64-musl 43ms (cache miss)
npm http fetch GET 200 https://registry.npmjs.org/@rollup%2frollup-linux-s390x-gnu 57ms (cache miss)
npm http fetch GET 200 https://registry.npmjs.org/@rollup%2frollup-darwin-x64 50ms (cache miss)
npm http fetch GET 200 https://registry.npmjs.org/@rollup%2frollup-win32-x64-gnu 45ms (cache miss)
npm http fetch GET 200 https://registry.npmjs.org/@rollup%2frollup-win32-x64-msvc 63ms (cache miss)
npm http fetch GET 200 https://registry.npmjs.org/@rollup%2frollup-freebsd-x64 48ms (cache miss)
npm http fetch GET 200 https://registry.npmjs.org/@rollup%2frollup-linux-x64-gnu 55ms (cache miss)
npm http fetch GET 200 https://registry.npmjs.org/@rollup%2frollup-openbsd-x64 58ms (cache miss)
npm http fetch GET 200 https://registry.npmjs.org/@rollup%2frollup-openharmony-arm64 47ms (cache miss)
npm http fetch GET 200 https://registry.npmjs.org/@rollup%2frollup-linux-x64-musl 70ms (cache miss)
npm http fetch GET 200 https://registry.npmjs.org/tinyglobby/-/tinyglobby-0.2.17.tgz 85ms (cache miss)
npm http fetch GET 200 https://registry.npmjs.org/source-map-js/-/source-map-js-1.2.1.tgz 123ms (cache miss)
npm http fetch GET 200 https://registry.npmjs.org/@jridgewell/resolve-uri/-/resolve-uri-3.1.2.tgz 131ms (cache miss)
npm http fetch GET 200 https://registry.npmjs.org/sade/-/sade-1.8.1.tgz 160ms (cache miss)
npm http fetch GET 200 https://registry.npmjs.org/picocolors/-/picocolors-1.1.1.tgz 182ms (cache miss)
npm http fetch GET 200 https://registry.npmjs.org/@sveltejs/load-config/-/load-config-0.1.1.tgz 182ms (cache miss)
npm http fetch GET 200 https://registry.npmjs.org/is-reference/-/is-reference-3.0.3.tgz 196ms (cache miss)
npm http fetch GET 200 https://registry.npmjs.org/mri/-/mri-1.2.0.tgz 206ms (cache miss)
npm http fetch GET 200 https://registry.npmjs.org/locate-character/-/locate-character-3.0.0.tgz 212ms (cache miss)
npm http fetch GET 200 https://registry.npmjs.org/totalist/-/totalist-3.0.1.tgz 221ms (cache miss)
npm http fetch GET 200 https://registry.npmjs.org/zimmerframe/-/zimmerframe-1.1.4.tgz 260ms (cache miss)
npm http fetch GET 200 https://registry.npmjs.org/fdir/-/fdir-6.5.0.tgz 268ms (cache miss)
npm http fetch GET 200 https://registry.npmjs.org/readdirp/-/readdirp-4.1.2.tgz 269ms (cache miss)
npm http fetch GET 200 https://registry.npmjs.org/clsx/-/clsx-2.1.1.tgz 273ms (cache miss)
npm http fetch GET 200 https://registry.npmjs.org/ms/-/ms-2.1.3.tgz 275ms (cache miss)
npm http fetch GET 200 https://registry.npmjs.org/@polka/url/-/url-1.0.0-next.29.tgz 280ms (cache miss)
npm http fetch GET 200 https://registry.npmjs.org/@types/trusted-types/-/trusted-types-2.0.7.tgz 282ms (cache miss)
npm http fetch GET 200 https://registry.npmjs.org/@types/estree/-/estree-1.0.9.tgz 293ms (cache miss)
npm http fetch GET 200 https://registry.npmjs.org/kleur/-/kleur-4.1.5.tgz 292ms (cache miss)
npm http fetch GET 200 https://registry.npmjs.org/esm-env/-/esm-env-1.2.2.tgz 292ms (cache miss)
npm http fetch GET 200 https://registry.npmjs.org/cookie/-/cookie-0.6.0.tgz 297ms (cache miss)
npm http fetch GET 200 https://registry.npmjs.org/@sveltejs/vite-plugin-svelte-inspector/-/vite-plugin-svelte-inspector-4.0.1.tgz 301ms (cache miss)
npm http fetch GET 200 https://registry.npmjs.org/mrmime/-/mrmime-2.0.1.tgz 312ms (cache miss)
npm http fetch GET 200 https://registry.npmjs.org/@sveltejs/adapter-auto/-/adapter-auto-3.3.1.tgz 313ms (cache miss)
npm http fetch GET 200 https://registry.npmjs.org/@types/cookie/-/cookie-0.6.0.tgz 318ms (cache miss)
npm http fetch GET 200 https://registry.npmjs.org/@neoconfetti/svelte/-/svelte-2.2.2.tgz 318ms (cache miss)
npm http fetch GET 200 https://registry.npmjs.org/@standard-schema/spec/-/spec-1.1.0.tgz 323ms (cache miss)
npm http fetch GET 200 https://registry.npmjs.org/vitefu/-/vitefu-1.1.3.tgz 328ms (cache miss)
npm http fetch GET 200 https://registry.npmjs.org/esbuild/-/esbuild-0.25.12.tgz 336ms (cache miss)
npm http fetch GET 200 https://registry.npmjs.org/sirv/-/sirv-3.0.2.tgz 327ms (cache miss)
npm http fetch GET 200 https://registry.npmjs.org/deepmerge/-/deepmerge-4.3.1.tgz 334ms (cache miss)
npm http fetch GET 200 https://registry.npmjs.org/picomatch/-/picomatch-4.0.4.tgz 353ms (cache miss)
npm http fetch GET 200 https://registry.npmjs.org/debug/-/debug-4.4.3.tgz 351ms (cache miss)
npm http fetch GET 200 https://registry.npmjs.org/set-cookie-parser/-/set-cookie-parser-3.1.0.tgz 348ms (cache miss)
npm http fetch GET 200 https://registry.npmjs.org/chokidar/-/chokidar-4.0.3.tgz 358ms (cache miss)
npm http fetch GET 200 https://registry.npmjs.org/nanoid/-/nanoid-3.3.12.tgz 364ms (cache miss)
npm http fetch GET 200 https://registry.npmjs.org/@sveltejs/acorn-typescript/-/acorn-typescript-1.0.10.tgz 368ms (cache miss)
npm http fetch GET 200 https://registry.npmjs.org/devalue/-/devalue-5.8.1.tgz 376ms (cache miss)
npm http fetch GET 200 https://registry.npmjs.org/esrap/-/esrap-2.2.11.tgz 388ms (cache miss)
npm http fetch GET 200 https://registry.npmjs.org/import-meta-resolve/-/import-meta-resolve-4.2.0.tgz 408ms (cache miss)
npm http fetch GET 200 https://registry.npmjs.org/magic-string/-/magic-string-0.30.21.tgz 416ms (cache miss)
npm http fetch GET 200 https://registry.npmjs.org/@rollup/rollup-linux-arm64-gnu/-/rollup-linux-arm64-gnu-4.61.1.tgz 429ms (cache miss)
npm http fetch GET 200 https://registry.npmjs.org/@jridgewell/sourcemap-codec/-/sourcemap-codec-1.5.5.tgz 425ms (cache miss)
npm http fetch GET 200 https://registry.npmjs.org/acorn/-/acorn-8.16.0.tgz 429ms (cache miss)
npm http fetch GET 200 https://registry.npmjs.org/@jridgewell/remapping/-/remapping-2.3.5.tgz 435ms (cache miss)
npm http fetch GET 200 https://registry.npmjs.org/@jridgewell/gen-mapping/-/gen-mapping-0.3.13.tgz 438ms (cache miss)
npm http fetch GET 200 https://registry.npmjs.org/@jridgewell/trace-mapping/-/trace-mapping-0.3.31.tgz 470ms (cache miss)
npm http fetch GET 200 https://registry.npmjs.org/@sveltejs/vite-plugin-svelte/-/vite-plugin-svelte-5.1.1.tgz 467ms (cache miss)
npm http fetch GET 200 https://registry.npmjs.org/postcss/-/postcss-8.5.15.tgz 496ms (cache miss)
npm http fetch GET 200 https://registry.npmjs.org/@fontsource/fira-mono/-/fira-mono-5.2.7.tgz 504ms (cache miss)
npm http fetch GET 200 https://registry.npmjs.org/rollup/-/rollup-4.61.1.tgz 550ms (cache miss)
npm http fetch GET 200 https://registry.npmjs.org/vite/-/vite-6.4.3.tgz 543ms (cache miss)
npm http fetch GET 200 https://registry.npmjs.org/svelte-check/-/svelte-check-4.6.0.tgz 579ms (cache miss)
npm http fetch GET 200 https://registry.npmjs.org/@esbuild/linux-arm64/-/linux-arm64-0.25.12.tgz 662ms (cache miss)
npm http fetch GET 200 https://registry.npmjs.org/axobject-query/-/axobject-query-4.1.0.tgz 683ms (cache miss)
npm http fetch GET 200 https://registry.npmjs.org/aria-query/-/aria-query-5.3.1.tgz 740ms (cache miss)
npm http fetch GET 200 https://registry.npmjs.org/@sveltejs/kit/-/kit-2.63.0.tgz 751ms (cache miss)
npm http fetch GET 200 https://registry.npmjs.org/typescript/-/typescript-5.9.3.tgz 790ms (cache miss)
npm http fetch GET 200 https://registry.npmjs.org/svelte/-/svelte-5.56.2.tgz 869ms (cache miss)

added 59 packages in 7s
