npm http fetch GET 200 https://registry.npmjs.org/@fontsource%2ffira-mono 123ms (cache miss)
npm http fetch GET 200 https://registry.npmjs.org/@neoconfetti%2fsvelte 48ms (cache miss)
npm http fetch GET 200 https://registry.npmjs.org/svelte 121ms (cache miss)
npm http fetch GET 200 https://registry.npmjs.org/@sveltejs%2fadapter-auto 59ms (cache miss)
npm http fetch GET 200 https://registry.npmjs.org/@sveltejs%2fkit 112ms (cache miss)
npm http fetch GET 200 https://registry.npmjs.org/@opentelemetry%2fapi 51ms (cache miss)
npm http fetch GET 200 https://registry.npmjs.org/@sveltejs%2fvite-plugin-svelte 55ms (cache miss)
npm http fetch GET 200 https://registry.npmjs.org/vite 1251ms (cache miss)
npm http fetch GET 200 https://registry.npmjs.org/@types%2fnode 176ms (cache miss)
npm http fetch GET 200 https://registry.npmjs.org/jiti 41ms (cache miss)
npm http fetch GET 200 https://registry.npmjs.org/less 42ms (cache miss)
npm http fetch GET 200 https://registry.npmjs.org/lightningcss 34ms (cache miss)
npm http fetch GET 200 https://registry.npmjs.org/sass 51ms (cache miss)
npm http fetch GET 200 https://registry.npmjs.org/sass-embedded 42ms (cache miss)
npm http fetch GET 200 https://registry.npmjs.org/stylus 40ms (cache miss)
npm http fetch GET 200 https://registry.npmjs.org/sugarss 33ms (cache miss)
npm http fetch GET 200 https://registry.npmjs.org/postcss 44ms (cache miss)
npm http fetch GET 200 https://registry.npmjs.org/terser 49ms (cache miss)
npm http fetch GET 200 https://registry.npmjs.org/tsx 39ms (cache miss)
npm http fetch GET 200 https://registry.npmjs.org/yaml 41ms (cache miss)
npm http fetch GET 200 https://registry.npmjs.org/typescript 225ms (cache miss)
npm http fetch GET 200 https://registry.npmjs.org/svelte-check 54ms (cache miss)
npm http fetch GET 200 https://registry.npmjs.org/@sveltejs%2facorn-typescript 100ms (cache miss)
npm http fetch GET 200 https://registry.npmjs.org/@jridgewell%2fsourcemap-codec 111ms (cache miss)
npm http fetch GET 200 https://registry.npmjs.org/@types%2festree 44ms (cache miss)
npm http fetch GET 200 https://registry.npmjs.org/@types%2ftrusted-types 47ms (cache miss)
npm http fetch GET 200 https://registry.npmjs.org/acorn 45ms (cache miss)
npm http fetch GET 200 https://registry.npmjs.org/aria-query 41ms (cache miss)
npm http fetch GET 200 https://registry.npmjs.org/axobject-query 32ms (cache miss)
npm http fetch GET 200 https://registry.npmjs.org/clsx 37ms (cache miss)
npm http fetch GET 200 https://registry.npmjs.org/devalue 32ms (cache miss)
npm http fetch GET 200 https://registry.npmjs.org/esm-env 42ms (cache miss)
npm http fetch GET 200 https://registry.npmjs.org/esrap 34ms (cache miss)
npm http fetch GET 200 https://registry.npmjs.org/is-reference 37ms (cache miss)
npm http fetch GET 200 https://registry.npmjs.org/locate-character 31ms (cache miss)
npm http fetch GET 200 https://registry.npmjs.org/zimmerframe 33ms (cache miss)
npm http fetch GET 200 https://registry.npmjs.org/magic-string 46ms (cache miss)
npm http fetch GET 200 https://registry.npmjs.org/import-meta-resolve 36ms (cache miss)
npm http fetch GET 200 https://registry.npmjs.org/@standard-schema%2fspec 54ms (cache miss)
npm http fetch GET 200 https://registry.npmjs.org/@sveltejs%2facorn-typescript 52ms (cache revalidated)
npm http fetch GET 200 https://registry.npmjs.org/acorn 29ms (cache revalidated)
npm http fetch GET 200 https://registry.npmjs.org/@types%2fcookie 66ms (cache miss)
npm http fetch GET 200 https://registry.npmjs.org/cookie 36ms (cache miss)
npm http fetch GET 200 https://registry.npmjs.org/esm-env 35ms (cache revalidated)
npm http fetch GET 200 https://registry.npmjs.org/kleur 37ms (cache miss)
npm http fetch GET 200 https://registry.npmjs.org/magic-string 39ms (cache revalidated)
npm http fetch GET 200 https://registry.npmjs.org/mrmime 33ms (cache miss)
npm http fetch GET 200 https://registry.npmjs.org/set-cookie-parser 37ms (cache miss)
npm http fetch GET 200 https://registry.npmjs.org/sirv 37ms (cache miss)
npm http fetch GET 200 https://registry.npmjs.org/debug 43ms (cache miss)
npm http fetch GET 200 https://registry.npmjs.org/vitefu 31ms (cache miss)
npm http fetch GET 200 https://registry.npmjs.org/deepmerge 38ms (cache miss)
npm http fetch GET 200 https://registry.npmjs.org/@sveltejs%2fvite-plugin-svelte-inspector 42ms (cache miss)
npm http fetch GET 200 https://registry.npmjs.org/fdir 119ms (cache miss)
npm http fetch GET 200 https://registry.npmjs.org/rollup 117ms (cache miss)
npm http fetch GET 200 https://registry.npmjs.org/postcss 39ms (cache revalidated)
npm http fetch GET 200 https://registry.npmjs.org/esbuild 117ms (cache miss)
npm http fetch GET 200 https://registry.npmjs.org/picomatch 44ms (cache miss)
npm http fetch GET 200 https://registry.npmjs.org/fsevents 36ms (cache miss)
npm http fetch GET 200 https://registry.npmjs.org/tinyglobby 54ms (cache miss)
npm http fetch GET 200 https://registry.npmjs.org/@jridgewell%2ftrace-mapping 45ms (cache miss)
npm http fetch GET 200 https://registry.npmjs.org/chokidar 40ms (cache miss)
npm http fetch GET 200 https://registry.npmjs.org/fdir 32ms (cache revalidated)
npm http fetch GET 200 https://registry.npmjs.org/picocolors 42ms (cache miss)
npm http fetch GET 200 https://registry.npmjs.org/sade 32ms (cache miss)
npm http fetch GET 200 https://registry.npmjs.org/@sveltejs%2fload-config 54ms (cache miss)
npm http fetch GET 200 https://registry.npmjs.org/@jridgewell%2fremapping 5148ms (cache miss)
npm http fetch GET 200 https://registry.npmjs.org/totalist 35ms (cache miss)
npm http fetch GET 200 https://registry.npmjs.org/@jridgewell%2fsourcemap-codec 49ms (cache revalidated)
npm http fetch GET 200 https://registry.npmjs.org/@polka%2furl 55ms (cache miss)
npm http fetch GET 200 https://registry.npmjs.org/ms 39ms (cache miss)
npm http fetch GET 200 https://registry.npmjs.org/debug 73ms (cache revalidated)
npm http fetch GET 200 https://registry.npmjs.org/@typescript-eslint%2ftypes 259ms (cache miss)
npm http fetch GET 200 https://registry.npmjs.org/@jridgewell%2ftrace-mapping 54ms (cache revalidated)
npm http fetch GET 200 https://registry.npmjs.org/@jridgewell%2fgen-mapping 58ms (cache miss)
npm http fetch GET 200 https://registry.npmjs.org/@jridgewell%2fresolve-uri 44ms (cache miss)
npm http fetch GET 200 https://registry.npmjs.org/picomatch 29ms (cache revalidated)
npm http fetch GET 200 https://registry.npmjs.org/mri 30ms (cache miss)
npm http fetch GET 200 https://registry.npmjs.org/readdirp 50ms (cache miss)
npm http fetch GET 200 https://registry.npmjs.org/@esbuild%2faix-ppc64 46ms (cache miss)
npm http fetch GET 200 https://registry.npmjs.org/@esbuild%2flinux-arm 51ms (cache miss)
npm http fetch GET 200 https://registry.npmjs.org/@esbuild%2flinux-x64 59ms (cache miss)
npm http fetch GET 200 https://registry.npmjs.org/@esbuild%2fsunos-x64 48ms (cache miss)
npm http fetch GET 200 https://registry.npmjs.org/@esbuild%2fwin32-x64 49ms (cache miss)
npm http fetch GET 200 https://registry.npmjs.org/@esbuild%2fdarwin-x64 68ms (cache miss)
npm http fetch GET 200 https://registry.npmjs.org/@esbuild%2flinux-ia32 50ms (cache miss)
npm http fetch GET 200 https://registry.npmjs.org/@esbuild%2fnetbsd-x64 56ms (cache miss)
npm http fetch GET 200 https://registry.npmjs.org/@esbuild%2fwin32-ia32 61ms (cache miss)
npm http fetch GET 200 https://registry.npmjs.org/@esbuild%2fandroid-arm 52ms (cache miss)
npm http fetch GET 200 https://registry.npmjs.org/@esbuild%2fandroid-x64 58ms (cache miss)
npm http fetch GET 200 https://registry.npmjs.org/@esbuild%2flinux-arm64 49ms (cache miss)
npm http fetch GET 200 https://registry.npmjs.org/@esbuild%2ffreebsd-x64 59ms (cache miss)
npm http fetch GET 200 https://registry.npmjs.org/@esbuild%2flinux-ppc64 48ms (cache miss)
npm http fetch GET 200 https://registry.npmjs.org/@esbuild%2flinux-s390x 56ms (cache miss)
npm http fetch GET 200 https://registry.npmjs.org/@esbuild%2fopenbsd-x64 64ms (cache miss)
npm http fetch GET 200 https://registry.npmjs.org/@esbuild%2fwin32-arm64 51ms (cache miss)
npm http fetch GET 200 https://registry.npmjs.org/@esbuild%2fandroid-arm64 49ms (cache miss)
npm http fetch GET 200 https://registry.npmjs.org/@esbuild%2fnetbsd-arm64 58ms (cache miss)
npm http fetch GET 200 https://registry.npmjs.org/@esbuild%2fdarwin-arm64 70ms (cache miss)
npm http fetch GET 200 https://registry.npmjs.org/@esbuild%2ffreebsd-arm64 48ms (cache miss)
npm http fetch GET 200 https://registry.npmjs.org/@esbuild%2flinux-riscv64 55ms (cache miss)
npm http fetch GET 200 https://registry.npmjs.org/@esbuild%2flinux-loong64 62ms (cache miss)
npm http fetch GET 200 https://registry.npmjs.org/@esbuild%2fopenbsd-arm64 45ms (cache miss)
npm http fetch GET 200 https://registry.npmjs.org/@esbuild%2flinux-mips64el 47ms (cache miss)
npm http fetch GET 200 https://registry.npmjs.org/@esbuild%2fopenharmony-arm64 51ms (cache miss)
npm http fetch GET 200 https://registry.npmjs.org/nanoid 38ms (cache miss)
npm http fetch GET 200 https://registry.npmjs.org/source-map-js 32ms (cache miss)
npm http fetch GET 200 https://registry.npmjs.org/@rollup%2frollup-darwin-arm64 63ms (cache miss)
npm http fetch GET 200 https://registry.npmjs.org/@rollup%2frollup-android-arm64 54ms (cache miss)
npm http fetch GET 200 https://registry.npmjs.org/@rollup%2frollup-win32-arm64-msvc 53ms (cache miss)
npm http fetch GET 200 https://registry.npmjs.org/@rollup%2frollup-linux-arm64-gnu 50ms (cache miss)
npm http fetch GET 200 https://registry.npmjs.org/@rollup%2frollup-freebsd-arm64 67ms (cache miss)
npm http fetch GET 200 https://registry.npmjs.org/@rollup%2frollup-linux-arm64-musl 52ms (cache miss)
npm http fetch GET 200 https://registry.npmjs.org/@rollup%2frollup-android-arm-eabi 52ms (cache miss)
npm http fetch GET 200 https://registry.npmjs.org/@rollup%2frollup-linux-arm-musleabihf 51ms (cache miss)
npm http fetch GET 200 https://registry.npmjs.org/@rollup%2frollup-linux-arm-gnueabihf 65ms (cache miss)
npm http fetch GET 200 https://registry.npmjs.org/@rollup%2frollup-linux-loong64-gnu 46ms (cache miss)
npm http fetch GET 200 https://registry.npmjs.org/@rollup%2frollup-win32-ia32-msvc 59ms (cache miss)
npm http fetch GET 200 https://registry.npmjs.org/@rollup%2frollup-linux-loong64-musl 59ms (cache miss)
npm http fetch GET 200 https://registry.npmjs.org/@rollup%2frollup-linux-riscv64-gnu 48ms (cache miss)
npm http fetch GET 200 https://registry.npmjs.org/@rollup%2frollup-linux-riscv64-musl 49ms (cache miss)
npm http fetch GET 200 https://registry.npmjs.org/@rollup%2frollup-linux-ppc64-gnu 62ms (cache miss)
npm http fetch GET 200 https://registry.npmjs.org/@rollup%2frollup-linux-ppc64-musl 44ms (cache miss)
npm http fetch GET 200 https://registry.npmjs.org/@rollup%2frollup-linux-s390x-gnu 56ms (cache miss)
npm http fetch GET 200 https://registry.npmjs.org/@rollup%2frollup-win32-x64-gnu 54ms (cache miss)
npm http fetch GET 200 https://registry.npmjs.org/@rollup%2frollup-darwin-x64 73ms (cache miss)
npm http fetch GET 200 https://registry.npmjs.org/@rollup%2frollup-win32-x64-msvc 52ms (cache miss)
npm http fetch GET 200 https://registry.npmjs.org/@rollup%2frollup-freebsd-x64 51ms (cache miss)
npm http fetch GET 200 https://registry.npmjs.org/@rollup%2frollup-linux-x64-musl 54ms (cache miss)
npm http fetch GET 200 https://registry.npmjs.org/@rollup%2frollup-linux-x64-gnu 61ms (cache miss)
npm http fetch GET 200 https://registry.npmjs.org/@rollup%2frollup-openbsd-x64 45ms (cache miss)
npm http fetch GET 200 https://registry.npmjs.org/@rollup%2frollup-openharmony-arm64 47ms (cache miss)
npm http fetch GET 200 https://registry.npmjs.org/nanoid/-/nanoid-3.3.15.tgz 88ms (cache miss)
npm http fetch GET 200 https://registry.npmjs.org/@jridgewell/resolve-uri/-/resolve-uri-3.1.2.tgz 102ms (cache miss)
npm http fetch GET 200 https://registry.npmjs.org/chokidar/-/chokidar-4.0.3.tgz 102ms (cache miss)
npm http fetch GET 200 https://registry.npmjs.org/source-map-js/-/source-map-js-1.2.1.tgz 121ms (cache miss)
npm http fetch GET 200 https://registry.npmjs.org/mri/-/mri-1.2.0.tgz 159ms (cache miss)
npm http fetch GET 200 https://registry.npmjs.org/picocolors/-/picocolors-1.1.1.tgz 182ms (cache miss)
npm http fetch GET 200 https://registry.npmjs.org/@sveltejs/load-config/-/load-config-0.2.0.tgz 236ms (cache miss)
npm http fetch GET 200 https://registry.npmjs.org/locate-character/-/locate-character-3.0.0.tgz 235ms (cache miss)
npm http fetch GET 200 https://registry.npmjs.org/sade/-/sade-1.8.1.tgz 242ms (cache miss)
npm http fetch GET 200 https://registry.npmjs.org/fdir/-/fdir-6.5.0.tgz 243ms (cache miss)
npm http fetch GET 200 https://registry.npmjs.org/is-reference/-/is-reference-3.0.3.tgz 242ms (cache miss)
npm http fetch GET 200 https://registry.npmjs.org/readdirp/-/readdirp-4.1.2.tgz 256ms (cache miss)
npm http fetch GET 200 https://registry.npmjs.org/@types/trusted-types/-/trusted-types-2.0.7.tgz 253ms (cache miss)
npm http fetch GET 200 https://registry.npmjs.org/totalist/-/totalist-3.0.1.tgz 253ms (cache miss)
npm http fetch GET 200 https://registry.npmjs.org/tinyglobby/-/tinyglobby-0.2.17.tgz 263ms (cache miss)
npm http fetch GET 200 https://registry.npmjs.org/clsx/-/clsx-2.1.1.tgz 263ms (cache miss)
npm http fetch GET 200 https://registry.npmjs.org/ms/-/ms-2.1.3.tgz 265ms (cache miss)
npm http fetch GET 200 https://registry.npmjs.org/zimmerframe/-/zimmerframe-1.1.4.tgz 275ms (cache miss)
npm http fetch GET 200 https://registry.npmjs.org/@polka/url/-/url-1.0.0-next.29.tgz 276ms (cache miss)
npm http fetch GET 200 https://registry.npmjs.org/@types/estree/-/estree-1.0.9.tgz 281ms (cache miss)
npm http fetch GET 200 https://registry.npmjs.org/esbuild/-/esbuild-0.25.12.tgz 291ms (cache miss)
npm http fetch GET 200 https://registry.npmjs.org/debug/-/debug-4.4.3.tgz 292ms (cache miss)
npm http fetch GET 200 https://registry.npmjs.org/kleur/-/kleur-4.1.5.tgz 291ms (cache miss)
npm http fetch GET 200 https://registry.npmjs.org/set-cookie-parser/-/set-cookie-parser-3.1.1.tgz 299ms (cache miss)
npm http fetch GET 200 https://registry.npmjs.org/esm-env/-/esm-env-1.2.2.tgz 299ms (cache miss)
npm http fetch GET 200 https://registry.npmjs.org/sirv/-/sirv-3.0.2.tgz 302ms (cache miss)
npm http fetch GET 200 https://registry.npmjs.org/mrmime/-/mrmime-2.0.1.tgz 305ms (cache miss)
npm http fetch GET 200 https://registry.npmjs.org/@types/cookie/-/cookie-0.6.0.tgz 308ms (cache miss)
npm http fetch GET 200 https://registry.npmjs.org/@standard-schema/spec/-/spec-1.1.0.tgz 308ms (cache miss)
npm http fetch GET 200 https://registry.npmjs.org/deepmerge/-/deepmerge-4.3.1.tgz 318ms (cache miss)
npm http fetch GET 200 https://registry.npmjs.org/@sveltejs/adapter-auto/-/adapter-auto-3.3.1.tgz 314ms (cache miss)
npm http fetch GET 200 https://registry.npmjs.org/@neoconfetti/svelte/-/svelte-2.2.2.tgz 318ms (cache miss)
npm http fetch GET 200 https://registry.npmjs.org/vitefu/-/vitefu-1.1.3.tgz 325ms (cache miss)
npm http fetch GET 200 https://registry.npmjs.org/cookie/-/cookie-0.6.0.tgz 323ms (cache miss)
npm http fetch GET 200 https://registry.npmjs.org/picomatch/-/picomatch-4.0.4.tgz 334ms (cache miss)
npm http fetch GET 200 https://registry.npmjs.org/@sveltejs/acorn-typescript/-/acorn-typescript-1.0.10.tgz 337ms (cache miss)
npm http fetch GET 200 https://registry.npmjs.org/@sveltejs/vite-plugin-svelte-inspector/-/vite-plugin-svelte-inspector-4.0.1.tgz 364ms (cache miss)
npm http fetch GET 200 https://registry.npmjs.org/devalue/-/devalue-5.8.1.tgz 364ms (cache miss)
npm http fetch GET 200 https://registry.npmjs.org/esrap/-/esrap-2.2.13.tgz 370ms (cache miss)
npm http fetch GET 200 https://registry.npmjs.org/import-meta-resolve/-/import-meta-resolve-4.2.0.tgz 386ms (cache miss)
npm http fetch GET 200 https://registry.npmjs.org/@rollup/rollup-linux-arm64-gnu/-/rollup-linux-arm64-gnu-4.62.2.tgz 400ms (cache miss)
npm http fetch GET 200 https://registry.npmjs.org/acorn/-/acorn-8.17.0.tgz 393ms (cache miss)
npm http fetch GET 200 https://registry.npmjs.org/magic-string/-/magic-string-0.30.21.tgz 404ms (cache miss)
npm http fetch GET 200 https://registry.npmjs.org/@jridgewell/sourcemap-codec/-/sourcemap-codec-1.5.5.tgz 407ms (cache miss)
npm http fetch GET 200 https://registry.npmjs.org/@jridgewell/gen-mapping/-/gen-mapping-0.3.13.tgz 412ms (cache miss)
npm http fetch GET 200 https://registry.npmjs.org/@jridgewell/remapping/-/remapping-2.3.5.tgz 412ms (cache miss)
npm http fetch GET 200 https://registry.npmjs.org/@jridgewell/trace-mapping/-/trace-mapping-0.3.31.tgz 447ms (cache miss)
npm http fetch GET 200 https://registry.npmjs.org/@sveltejs/vite-plugin-svelte/-/vite-plugin-svelte-5.1.1.tgz 460ms (cache miss)
npm http fetch GET 200 https://registry.npmjs.org/postcss/-/postcss-8.5.16.tgz 474ms (cache miss)
npm http fetch GET 200 https://registry.npmjs.org/@fontsource/fira-mono/-/fira-mono-5.2.7.tgz 510ms (cache miss)
npm http fetch GET 200 https://registry.npmjs.org/rollup/-/rollup-4.62.2.tgz 543ms (cache miss)
npm http fetch GET 200 https://registry.npmjs.org/vite/-/vite-6.4.3.tgz 537ms (cache miss)
npm http fetch GET 200 https://registry.npmjs.org/svelte-check/-/svelte-check-4.7.1.tgz 557ms (cache miss)
npm http fetch GET 200 https://registry.npmjs.org/@esbuild/linux-arm64/-/linux-arm64-0.25.12.tgz 641ms (cache miss)
npm http fetch GET 200 https://registry.npmjs.org/axobject-query/-/axobject-query-4.1.0.tgz 660ms (cache miss)
npm http fetch GET 200 https://registry.npmjs.org/aria-query/-/aria-query-5.3.1.tgz 734ms (cache miss)
npm http fetch GET 200 https://registry.npmjs.org/@sveltejs/kit/-/kit-2.68.0.tgz 747ms (cache miss)
npm http fetch GET 200 https://registry.npmjs.org/typescript/-/typescript-5.9.3.tgz 782ms (cache miss)
npm http fetch GET 200 https://registry.npmjs.org/svelte/-/svelte-5.56.4.tgz 861ms (cache miss)

added 59 packages in 11s
