npm http fetch GET 200 https://registry.vlt.io/npm/@fontsource%2ffira-mono 135ms (cache miss)
npm http fetch GET 200 https://registry.vlt.io/npm/@neoconfetti%2fsvelte 79ms (cache miss)
npm http fetch GET 200 https://registry.vlt.io/npm/svelte 76ms (cache miss)
npm http fetch GET 200 https://registry.vlt.io/npm/@sveltejs%2fadapter-auto 80ms (cache miss)
npm http fetch GET 200 https://registry.vlt.io/npm/@sveltejs%2fkit 66ms (cache miss)
npm http fetch GET 200 https://registry.vlt.io/npm/@opentelemetry%2fapi 127ms (cache miss)
npm http fetch GET 200 https://registry.vlt.io/npm/@sveltejs%2fvite-plugin-svelte 52ms (cache miss)
npm http fetch GET 200 https://registry.vlt.io/npm/vite 61ms (cache miss)
npm http fetch GET 200 https://registry.vlt.io/npm/@types%2fnode 60ms (cache miss)
npm http fetch GET 200 https://registry.vlt.io/npm/jiti 53ms (cache miss)
npm http fetch GET 200 https://registry.vlt.io/npm/less 53ms (cache miss)
npm http fetch GET 200 https://registry.vlt.io/npm/lightningcss 76ms (cache miss)
npm http fetch GET 200 https://registry.vlt.io/npm/sass 53ms (cache miss)
npm http fetch GET 200 https://registry.vlt.io/npm/sass-embedded 54ms (cache miss)
npm http fetch GET 200 https://registry.vlt.io/npm/stylus 52ms (cache miss)
npm http fetch GET 200 https://registry.vlt.io/npm/sugarss 78ms (cache miss)
npm http fetch GET 200 https://registry.vlt.io/npm/postcss 50ms (cache miss)
npm http fetch GET 200 https://registry.vlt.io/npm/terser 56ms (cache miss)
npm http fetch GET 200 https://registry.vlt.io/npm/tsx 72ms (cache miss)
npm http fetch GET 200 https://registry.vlt.io/npm/yaml 79ms (cache miss)
npm http fetch GET 200 https://registry.vlt.io/npm/typescript 80ms (cache miss)
npm http fetch GET 200 https://registry.vlt.io/npm/svelte-check 55ms (cache miss)
npm http fetch GET 200 https://registry.vlt.io/npm/clsx 79ms (cache miss)
npm http fetch GET 200 https://registry.vlt.io/npm/acorn 81ms (cache miss)
npm http fetch GET 200 https://registry.vlt.io/npm/esrap 113ms (cache miss)
npm http fetch GET 200 https://registry.vlt.io/npm/esm-env 46ms (cache miss)
npm http fetch GET 200 https://registry.vlt.io/npm/devalue 79ms (cache miss)
npm http fetch GET 200 https://registry.vlt.io/npm/aria-query 76ms (cache miss)
npm http fetch GET 200 https://registry.vlt.io/npm/is-reference 77ms (cache miss)
npm http fetch GET 200 https://registry.vlt.io/npm/magic-string 52ms (cache miss)
npm http fetch GET 200 https://registry.vlt.io/npm/zimmerframe 122ms (cache miss)
npm http fetch GET 200 https://registry.vlt.io/npm/@types%2festree 80ms (cache miss)
npm http fetch GET 200 https://registry.vlt.io/npm/axobject-query 77ms (cache miss)
npm http fetch GET 200 https://registry.vlt.io/npm/locate-character 76ms (cache miss)
npm http fetch GET 200 https://registry.vlt.io/npm/@types%2ftrusted-types 77ms (cache miss)
npm http fetch GET 200 https://registry.vlt.io/npm/@sveltejs%2facorn-typescript 84ms (cache miss)
npm http fetch GET 200 https://registry.vlt.io/npm/@jridgewell%2fsourcemap-codec 52ms (cache miss)
npm http fetch GET 200 https://registry.vlt.io/npm/@jridgewell%2fremapping 146ms (cache miss)
npm http fetch GET 200 https://registry.vlt.io/npm/import-meta-resolve 77ms (cache miss)
npm http fetch GET 200 https://registry.vlt.io/npm/acorn 57ms (cache revalidated)
npm http fetch GET 200 https://registry.vlt.io/npm/kleur 86ms (cache miss)
npm http fetch GET 200 https://registry.vlt.io/npm/sirv 131ms (cache miss)
npm http fetch GET 200 https://registry.vlt.io/npm/cookie 86ms (cache miss)
npm http fetch GET 200 https://registry.vlt.io/npm/esm-env 54ms (cache revalidated)
npm http fetch GET 200 https://registry.vlt.io/npm/mrmime 75ms (cache miss)
npm http fetch GET 200 https://registry.vlt.io/npm/magic-string 52ms (cache revalidated)
npm http fetch GET 200 https://registry.vlt.io/npm/@types%2fcookie 79ms (cache miss)
npm http fetch GET 200 https://registry.vlt.io/npm/@standard-schema%2fspec 86ms (cache miss)
npm http fetch GET 200 https://registry.vlt.io/npm/set-cookie-parser 124ms (cache miss)
npm http fetch GET 200 https://registry.vlt.io/npm/debug 81ms (cache miss)
npm http fetch GET 200 https://registry.vlt.io/npm/vitefu 73ms (cache miss)
npm http fetch GET 200 https://registry.vlt.io/npm/@sveltejs%2fvite-plugin-svelte-inspector 82ms (cache miss)
npm http fetch GET 200 https://registry.vlt.io/npm/fdir 54ms (cache miss)
npm http fetch GET 200 https://registry.vlt.io/npm/deepmerge 125ms (cache miss)
npm http fetch GET 200 https://registry.vlt.io/npm/esbuild 58ms (cache miss)
npm http fetch GET 200 https://registry.vlt.io/npm/postcss 56ms (cache revalidated)
npm http fetch GET 200 https://registry.vlt.io/npm/rollup 94ms (cache miss)
npm http fetch GET 200 https://registry.vlt.io/npm/picomatch 58ms (cache miss)
npm http fetch GET 200 https://registry.vlt.io/npm/tinyglobby 84ms (cache miss)
npm http fetch GET 200 https://registry.vlt.io/npm/fdir 61ms (cache revalidated)
npm http fetch GET 200 https://registry.vlt.io/npm/fsevents 81ms (cache miss)
npm http fetch GET 200 https://registry.vlt.io/npm/sade 78ms (cache miss)
npm http fetch GET 200 https://registry.vlt.io/npm/picocolors 72ms (cache miss)
npm http fetch GET 200 https://registry.vlt.io/npm/chokidar 81ms (cache miss)
npm http fetch GET 200 https://registry.vlt.io/npm/@jridgewell%2ftrace-mapping 54ms (cache miss)
npm http fetch GET 200 https://registry.vlt.io/npm/@jridgewell%2fsourcemap-codec 53ms (cache revalidated)
npm http fetch GET 200 https://registry.vlt.io/npm/totalist 80ms (cache miss)
npm http fetch GET 200 https://registry.vlt.io/npm/@polka%2furl 81ms (cache miss)
npm http fetch GET 200 https://registry.vlt.io/npm/debug 52ms (cache revalidated)
npm http fetch GET 200 https://registry.vlt.io/npm/ms 100ms (cache miss)
npm http fetch GET 200 https://registry.vlt.io/npm/@typescript-eslint%2ftypes 68ms (cache miss)
npm http fetch GET 200 https://registry.vlt.io/npm/@jridgewell%2ftrace-mapping 106ms (cache revalidated)
npm http fetch GET 200 https://registry.vlt.io/npm/@jridgewell%2fgen-mapping 122ms (cache miss)
npm http fetch GET 200 https://registry.vlt.io/npm/@jridgewell%2fresolve-uri 125ms (cache miss)
npm http fetch GET 200 https://registry.vlt.io/npm/picomatch 55ms (cache revalidated)
npm http fetch GET 200 https://registry.vlt.io/npm/readdirp 71ms (cache miss)
npm http fetch GET 200 https://registry.vlt.io/npm/mri 77ms (cache miss)
npm http fetch GET 200 https://registry.vlt.io/npm/@esbuild%2faix-ppc64 82ms (cache miss)
npm http fetch GET 200 https://registry.vlt.io/npm/@esbuild%2flinux-arm 84ms (cache miss)
npm http fetch GET 200 https://registry.vlt.io/npm/@esbuild%2flinux-x64 123ms (cache miss)
npm http fetch GET 200 https://registry.vlt.io/npm/@esbuild%2fwin32-x64 77ms (cache miss)
npm http fetch GET 200 https://registry.vlt.io/npm/@esbuild%2fsunos-x64 138ms (cache miss)
npm http fetch GET 200 https://registry.vlt.io/npm/@esbuild%2flinux-ia32 70ms (cache miss)
npm http fetch GET 200 https://registry.vlt.io/npm/@esbuild%2fdarwin-x64 168ms (cache miss)
npm http fetch GET 200 https://registry.vlt.io/npm/@esbuild%2fwin32-ia32 72ms (cache miss)
npm http fetch GET 200 https://registry.vlt.io/npm/@esbuild%2fnetbsd-x64 130ms (cache miss)
npm http fetch GET 200 https://registry.vlt.io/npm/@esbuild%2fandroid-arm 75ms (cache miss)
npm http fetch GET 200 https://registry.vlt.io/npm/@esbuild%2fandroid-x64 76ms (cache miss)
npm http fetch GET 200 https://registry.vlt.io/npm/@esbuild%2flinux-arm64 80ms (cache miss)
npm http fetch GET 200 https://registry.vlt.io/npm/@esbuild%2flinux-ppc64 73ms (cache miss)
npm http fetch GET 200 https://registry.vlt.io/npm/@esbuild%2ffreebsd-x64 127ms (cache miss)
npm http fetch GET 200 https://registry.vlt.io/npm/@esbuild%2flinux-s390x 78ms (cache miss)
npm http fetch GET 200 https://registry.vlt.io/npm/@esbuild%2fwin32-arm64 75ms (cache miss)
npm http fetch GET 200 https://registry.vlt.io/npm/@esbuild%2fopenbsd-x64 124ms (cache miss)
npm http fetch GET 200 https://registry.vlt.io/npm/@esbuild%2fdarwin-arm64 78ms (cache miss)
npm http fetch GET 200 https://registry.vlt.io/npm/@esbuild%2fandroid-arm64 75ms (cache miss)
npm http fetch GET 200 https://registry.vlt.io/npm/@esbuild%2fnetbsd-arm64 128ms (cache miss)
npm http fetch GET 200 https://registry.vlt.io/npm/@esbuild%2ffreebsd-arm64 79ms (cache miss)
npm http fetch GET 200 https://registry.vlt.io/npm/@esbuild%2flinux-loong64 73ms (cache miss)
npm http fetch GET 200 https://registry.vlt.io/npm/@esbuild%2flinux-mips64el 75ms (cache miss)
npm http fetch GET 200 https://registry.vlt.io/npm/@esbuild%2fopenbsd-arm64 124ms (cache miss)
npm http fetch GET 200 https://registry.vlt.io/npm/@esbuild%2flinux-riscv64 129ms (cache miss)
npm http fetch GET 200 https://registry.vlt.io/npm/@esbuild%2fopenharmony-arm64 76ms (cache miss)
npm http fetch GET 200 https://registry.vlt.io/npm/nanoid 77ms (cache miss)
npm http fetch GET 200 https://registry.vlt.io/npm/source-map-js 79ms (cache miss)
npm http fetch GET 200 https://registry.vlt.io/npm/@rollup%2frollup-darwin-x64 51ms (cache miss)
npm http fetch GET 200 https://registry.vlt.io/npm/@rollup%2frollup-freebsd-x64 78ms (cache miss)
npm http fetch GET 200 https://registry.vlt.io/npm/@rollup%2frollup-darwin-arm64 50ms (cache miss)
npm http fetch GET 200 https://registry.vlt.io/npm/@rollup%2frollup-openbsd-x64 123ms (cache miss)
npm http fetch GET 200 https://registry.vlt.io/npm/@rollup%2frollup-freebsd-arm64 69ms (cache miss)
npm http fetch GET 200 https://registry.vlt.io/npm/@rollup%2frollup-linux-x64-gnu 50ms (cache miss)
npm http fetch GET 200 https://registry.vlt.io/npm/@rollup%2frollup-android-arm64 114ms (cache miss)
npm http fetch GET 200 https://registry.vlt.io/npm/@rollup%2frollup-win32-x64-gnu 80ms (cache miss)
npm http fetch GET 200 https://registry.vlt.io/npm/@rollup%2frollup-win32-x64-msvc 56ms (cache miss)
npm http fetch GET 200 https://registry.vlt.io/npm/@rollup%2frollup-linux-x64-musl 99ms (cache miss)
npm http fetch GET 200 https://registry.vlt.io/npm/@rollup%2frollup-linux-arm64-gnu 50ms (cache miss)
npm http fetch GET 200 https://registry.vlt.io/npm/@rollup%2frollup-linux-ppc64-gnu 86ms (cache miss)
npm http fetch GET 200 https://registry.vlt.io/npm/@rollup%2frollup-linux-s390x-gnu 73ms (cache miss)
npm http fetch GET 200 https://registry.vlt.io/npm/@rollup%2frollup-win32-ia32-msvc 60ms (cache miss)
npm http fetch GET 200 https://registry.vlt.io/npm/@rollup%2frollup-android-arm-eabi 63ms (cache miss)
npm http fetch GET 200 https://registry.vlt.io/npm/@rollup%2frollup-linux-arm64-musl 53ms (cache miss)
npm http fetch GET 200 https://registry.vlt.io/npm/@rollup%2frollup-linux-ppc64-musl 82ms (cache miss)
npm http fetch GET 200 https://registry.vlt.io/npm/@rollup%2frollup-win32-arm64-msvc 54ms (cache miss)
npm http fetch GET 200 https://registry.vlt.io/npm/@rollup%2frollup-linux-loong64-gnu 76ms (cache miss)
npm http fetch GET 200 https://registry.vlt.io/npm/@rollup%2frollup-linux-riscv64-gnu 50ms (cache miss)
npm http fetch GET 200 https://registry.vlt.io/npm/@rollup%2frollup-linux-loong64-musl 92ms (cache miss)
npm http fetch GET 200 https://registry.vlt.io/npm/@rollup%2frollup-linux-riscv64-musl 81ms (cache miss)
npm http fetch GET 200 https://registry.vlt.io/npm/@rollup%2frollup-openharmony-arm64 147ms (cache miss)
npm http fetch GET 200 https://registry.vlt.io/npm/@rollup%2frollup-linux-arm-gnueabihf 52ms (cache miss)
npm http fetch GET 200 https://registry.vlt.io/npm/@rollup%2frollup-linux-arm-musleabihf 72ms (cache miss)
npm http fetch GET 200 https://registry.vlt.io/npm/nanoid/-/nanoid-3.3.11.tgz 92ms (cache miss)
npm http fetch GET 200 https://registry.vlt.io/npm/tinyglobby/-/tinyglobby-0.2.16.tgz 132ms (cache miss)
npm http fetch GET 200 https://registry.vlt.io/npm/mri/-/mri-1.2.0.tgz 132ms (cache miss)
npm http fetch GET 200 https://registry.vlt.io/npm/readdirp/-/readdirp-4.1.2.tgz 135ms (cache miss)
npm http fetch GET 200 https://registry.vlt.io/npm/sade/-/sade-1.8.1.tgz 137ms (cache miss)
npm http fetch GET 200 https://registry.vlt.io/npm/@jridgewell/resolve-uri/-/resolve-uri-3.1.2.tgz 137ms (cache miss)
npm http fetch GET 200 https://registry.vlt.io/npm/picomatch/-/picomatch-4.0.4.tgz 140ms (cache miss)
npm http fetch GET 200 https://registry.vlt.io/npm/esbuild/-/esbuild-0.25.12.tgz 140ms (cache miss)
npm http fetch GET 200 https://registry.vlt.io/npm/chokidar/-/chokidar-4.0.3.tgz 152ms (cache miss)
npm http fetch GET 200 https://registry.vlt.io/npm/zimmerframe/-/zimmerframe-1.1.4.tgz 179ms (cache miss)
npm http fetch GET 200 https://registry.vlt.io/npm/fdir/-/fdir-6.5.0.tgz 181ms (cache miss)
npm http fetch GET 200 https://registry.vlt.io/npm/clsx/-/clsx-2.1.1.tgz 186ms (cache miss)
npm http fetch GET 200 https://registry.vlt.io/npm/source-map-js/-/source-map-js-1.2.1.tgz 192ms (cache miss)
npm http fetch GET 200 https://registry.vlt.io/npm/is-reference/-/is-reference-3.0.3.tgz 191ms (cache miss)
npm http fetch GET 200 https://registry.vlt.io/npm/locate-character/-/locate-character-3.0.0.tgz 194ms (cache miss)
npm http fetch GET 200 https://registry.vlt.io/npm/@types/trusted-types/-/trusted-types-2.0.7.tgz 193ms (cache miss)
npm http fetch GET 200 https://registry.vlt.io/npm/@types/estree/-/estree-1.0.8.tgz 200ms (cache miss)
npm http fetch GET 200 https://registry.vlt.io/npm/@jridgewell/remapping/-/remapping-2.3.5.tgz 211ms (cache miss)
npm http fetch GET 200 https://registry.vlt.io/npm/totalist/-/totalist-3.0.1.tgz 222ms (cache miss)
npm http fetch GET 200 https://registry.vlt.io/npm/debug/-/debug-4.4.3.tgz 223ms (cache miss)
npm http fetch GET 200 https://registry.vlt.io/npm/ms/-/ms-2.1.3.tgz 243ms (cache miss)
npm http fetch GET 200 https://registry.vlt.io/npm/sirv/-/sirv-3.0.2.tgz 254ms (cache miss)
npm http fetch GET 200 https://registry.vlt.io/npm/deepmerge/-/deepmerge-4.3.1.tgz 254ms (cache miss)
npm http fetch GET 200 https://registry.vlt.io/npm/vitefu/-/vitefu-1.1.3.tgz 255ms (cache miss)
npm http fetch GET 200 https://registry.vlt.io/npm/esrap/-/esrap-2.2.5.tgz 266ms (cache miss)
npm http fetch GET 200 https://registry.vlt.io/npm/@polka/url/-/url-1.0.0-next.29.tgz 267ms (cache miss)
npm http fetch GET 200 https://registry.vlt.io/npm/mrmime/-/mrmime-2.0.1.tgz 270ms (cache miss)
npm http fetch GET 200 https://registry.vlt.io/npm/kleur/-/kleur-4.1.5.tgz 271ms (cache miss)
npm http fetch GET 200 https://registry.vlt.io/npm/@sveltejs/vite-plugin-svelte-inspector/-/vite-plugin-svelte-inspector-4.0.1.tgz 273ms (cache miss)
npm http fetch GET 200 https://registry.vlt.io/npm/esm-env/-/esm-env-1.2.2.tgz 280ms (cache miss)
npm http fetch GET 200 https://registry.vlt.io/npm/devalue/-/devalue-5.7.1.tgz 286ms (cache miss)
npm http fetch GET 200 https://registry.vlt.io/npm/picocolors/-/picocolors-1.1.1.tgz 292ms (cache miss)
npm http fetch GET 200 https://registry.vlt.io/npm/set-cookie-parser/-/set-cookie-parser-3.1.0.tgz 297ms (cache miss)
npm http fetch GET 200 https://registry.vlt.io/npm/cookie/-/cookie-0.6.0.tgz 299ms (cache miss)
npm http fetch GET 200 https://registry.vlt.io/npm/@standard-schema/spec/-/spec-1.1.0.tgz 299ms (cache miss)
npm http fetch GET 200 https://registry.vlt.io/npm/@types/cookie/-/cookie-0.6.0.tgz 301ms (cache miss)
npm http fetch GET 200 https://registry.vlt.io/npm/@rollup/rollup-linux-arm64-gnu/-/rollup-linux-arm64-gnu-4.60.2.tgz 322ms (cache miss)
npm http fetch GET 200 https://registry.vlt.io/npm/@sveltejs/acorn-typescript/-/acorn-typescript-1.0.9.tgz 312ms (cache miss)
npm http fetch GET 200 https://registry.vlt.io/npm/@sveltejs/adapter-auto/-/adapter-auto-3.3.1.tgz 327ms (cache miss)
npm http fetch GET 200 https://registry.vlt.io/npm/@jridgewell/gen-mapping/-/gen-mapping-0.3.13.tgz 349ms (cache miss)
npm http fetch GET 200 https://registry.vlt.io/npm/magic-string/-/magic-string-0.30.21.tgz 366ms (cache miss)
npm http fetch GET 200 https://registry.vlt.io/npm/acorn/-/acorn-8.16.0.tgz 378ms (cache miss)
npm http fetch GET 200 https://registry.vlt.io/npm/import-meta-resolve/-/import-meta-resolve-4.2.0.tgz 382ms (cache miss)
npm http fetch GET 200 https://registry.vlt.io/npm/@neoconfetti/svelte/-/svelte-2.2.2.tgz 384ms (cache miss)
npm http fetch GET 200 https://registry.vlt.io/npm/@jridgewell/sourcemap-codec/-/sourcemap-codec-1.5.5.tgz 393ms (cache miss)
npm http fetch GET 200 https://registry.vlt.io/npm/postcss/-/postcss-8.5.12.tgz 405ms (cache miss)
npm http fetch GET 200 https://registry.vlt.io/npm/@jridgewell/trace-mapping/-/trace-mapping-0.3.31.tgz 408ms (cache miss)
npm http fetch GET 200 https://registry.vlt.io/npm/@sveltejs/vite-plugin-svelte/-/vite-plugin-svelte-5.1.1.tgz 445ms (cache miss)
npm http fetch GET 200 https://registry.vlt.io/npm/rollup/-/rollup-4.60.2.tgz 473ms (cache miss)
npm http fetch GET 200 https://registry.vlt.io/npm/@fontsource/fira-mono/-/fira-mono-5.2.7.tgz 482ms (cache miss)
npm http fetch GET 200 https://registry.vlt.io/npm/vite/-/vite-6.4.2.tgz 515ms (cache miss)
npm http fetch GET 200 https://registry.vlt.io/npm/svelte-check/-/svelte-check-4.4.6.tgz 538ms (cache miss)
npm http fetch GET 200 https://registry.vlt.io/npm/@esbuild/linux-arm64/-/linux-arm64-0.25.12.tgz 588ms (cache miss)
npm http fetch GET 200 https://registry.vlt.io/npm/axobject-query/-/axobject-query-4.1.0.tgz 619ms (cache miss)
npm http fetch GET 200 https://registry.vlt.io/npm/aria-query/-/aria-query-5.3.1.tgz 675ms (cache miss)
npm http fetch GET 200 https://registry.vlt.io/npm/@sveltejs/kit/-/kit-2.58.0.tgz 671ms (cache miss)
npm http fetch GET 200 https://registry.vlt.io/npm/typescript/-/typescript-5.9.3.tgz 728ms (cache miss)
npm http fetch GET 200 https://registry.vlt.io/npm/svelte/-/svelte-5.55.5.tgz 807ms (cache miss)

added 58 packages in 6s
