npm http fetch GET 200 https://registry.vlt.io/vlt-benchmarks/npm/@fontsource%2ffira-mono 395ms (cache miss)
npm http fetch GET 200 https://registry.vlt.io/vlt-benchmarks/npm/@neoconfetti%2fsvelte 256ms (cache miss)
npm http fetch GET 200 https://registry.vlt.io/vlt-benchmarks/npm/svelte 803ms (cache miss)
npm http fetch GET 200 https://registry.vlt.io/vlt-benchmarks/npm/@sveltejs%2fadapter-auto 412ms (cache miss)
npm http fetch GET 200 https://registry.vlt.io/vlt-benchmarks/npm/@sveltejs%2fkit 578ms (cache miss)
npm http fetch GET 200 https://registry.vlt.io/vlt-benchmarks/npm/@sveltejs%2fvite-plugin-svelte 256ms (cache miss)
npm http fetch GET 200 https://registry.vlt.io/vlt-benchmarks/npm/vite 636ms (cache miss)
npm http fetch GET 200 https://registry.vlt.io/vlt-benchmarks/npm/typescript 408ms (cache miss)
npm http fetch GET 200 https://registry.vlt.io/vlt-benchmarks/npm/svelte-check 236ms (cache miss)
npm http fetch GET 200 https://registry.vlt.io/vlt-benchmarks/npm/clsx 101ms (cache miss)
npm http fetch GET 200 https://registry.vlt.io/vlt-benchmarks/npm/devalue 226ms (cache miss)
npm http fetch GET 200 https://registry.vlt.io/vlt-benchmarks/npm/acorn 380ms (cache miss)
npm http fetch GET 200 https://registry.vlt.io/vlt-benchmarks/npm/esrap 417ms (cache miss)
npm http fetch GET 200 https://registry.vlt.io/vlt-benchmarks/npm/zimmerframe 141ms (cache miss)
npm http fetch GET 200 https://registry.vlt.io/vlt-benchmarks/npm/esm-env 241ms (cache miss)
npm http fetch GET 200 https://registry.vlt.io/vlt-benchmarks/npm/aria-query 268ms (cache miss)
npm http fetch GET 200 https://registry.vlt.io/vlt-benchmarks/npm/is-reference 104ms (cache miss)
npm http fetch GET 200 https://registry.vlt.io/vlt-benchmarks/npm/@types%2festree 99ms (cache miss)
npm http fetch GET 200 https://registry.vlt.io/vlt-benchmarks/npm/locate-character 126ms (cache miss)
npm http fetch GET 200 https://registry.vlt.io/vlt-benchmarks/npm/@jridgewell%2fremapping 103ms (cache miss)
npm http fetch GET 200 https://registry.vlt.io/vlt-benchmarks/npm/axobject-query 371ms (cache miss)
npm http fetch GET 200 https://registry.vlt.io/vlt-benchmarks/npm/magic-string 509ms (cache miss)
npm http fetch GET 200 https://registry.vlt.io/vlt-benchmarks/npm/@sveltejs%2facorn-typescript 163ms (cache miss)
npm http fetch GET 200 https://registry.vlt.io/vlt-benchmarks/npm/@jridgewell%2fsourcemap-codec 194ms (cache miss)
npm http fetch GET 200 https://registry.vlt.io/vlt-benchmarks/npm/acorn 31ms (cache revalidated)
npm http fetch GET 200 https://registry.vlt.io/vlt-benchmarks/npm/sirv 138ms (cache miss)
npm http fetch GET 200 https://registry.vlt.io/vlt-benchmarks/npm/import-meta-resolve 308ms (cache miss)
npm http fetch GET 200 https://registry.vlt.io/vlt-benchmarks/npm/cookie 132ms (cache miss)
npm http fetch GET 200 https://registry.vlt.io/vlt-benchmarks/npm/devalue 8ms (cache revalidated)
npm http fetch GET 200 https://registry.vlt.io/vlt-benchmarks/npm/kleur 173ms (cache miss)
npm http fetch GET 200 https://registry.vlt.io/vlt-benchmarks/npm/mrmime 99ms (cache miss)
npm http fetch GET 200 https://registry.vlt.io/vlt-benchmarks/npm/esm-env 67ms (cache revalidated)
npm http fetch GET 200 https://registry.vlt.io/vlt-benchmarks/npm/magic-string 69ms (cache revalidated)
npm http fetch GET 200 https://registry.vlt.io/vlt-benchmarks/npm/set-cookie-parser 125ms (cache miss)
npm http fetch GET 200 https://registry.vlt.io/vlt-benchmarks/npm/@standard-schema%2fspec 127ms (cache miss)
npm http fetch GET 200 https://registry.vlt.io/vlt-benchmarks/npm/@sveltejs%2facorn-typescript 30ms (cache revalidated)
npm http fetch GET 200 https://registry.vlt.io/vlt-benchmarks/npm/debug 140ms (cache miss)
npm http fetch GET 200 https://registry.vlt.io/vlt-benchmarks/npm/@types%2fcookie 292ms (cache miss)
npm http fetch GET 200 https://registry.vlt.io/vlt-benchmarks/npm/deepmerge 97ms (cache miss)
npm http fetch GET 200 https://registry.vlt.io/vlt-benchmarks/npm/@sveltejs%2fvite-plugin-svelte-inspector 120ms (cache miss)
npm http fetch GET 200 https://registry.vlt.io/vlt-benchmarks/npm/vitefu 274ms (cache miss)
npm http fetch GET 200 https://registry.vlt.io/vlt-benchmarks/npm/fdir 226ms (cache miss)
npm http fetch GET 200 https://registry.vlt.io/vlt-benchmarks/npm/postcss 111ms (cache miss)
npm http fetch GET 200 https://registry.vlt.io/vlt-benchmarks/npm/esbuild 312ms (cache miss)
npm http fetch GET 200 https://registry.vlt.io/vlt-benchmarks/npm/picomatch 102ms (cache miss)
npm http fetch GET 200 https://registry.vlt.io/vlt-benchmarks/npm/tinyglobby 143ms (cache miss)
npm http fetch GET 200 https://registry.vlt.io/vlt-benchmarks/npm/fdir 8ms (cache revalidated)
npm http fetch GET 200 https://registry.vlt.io/vlt-benchmarks/npm/fsevents 177ms (cache miss)
npm http fetch GET 200 https://registry.vlt.io/vlt-benchmarks/npm/sade 174ms (cache miss)
npm http fetch GET 200 https://registry.vlt.io/vlt-benchmarks/npm/chokidar 97ms (cache miss)
npm http fetch GET 200 https://registry.vlt.io/vlt-benchmarks/npm/rollup 795ms (cache miss)
npm http fetch GET 200 https://registry.vlt.io/vlt-benchmarks/npm/@sveltejs%2fload-config 129ms (cache miss)
npm http fetch GET 200 https://registry.vlt.io/vlt-benchmarks/npm/picocolors 168ms (cache miss)
npm http fetch GET 200 https://registry.vlt.io/vlt-benchmarks/npm/@jridgewell%2ftrace-mapping 99ms (cache miss)
npm http fetch GET 200 https://registry.vlt.io/vlt-benchmarks/npm/@jridgewell%2fsourcemap-codec 31ms (cache revalidated)
npm http fetch GET 200 https://registry.vlt.io/vlt-benchmarks/npm/totalist 97ms (cache miss)
npm http fetch GET 200 https://registry.vlt.io/vlt-benchmarks/npm/@polka%2furl 104ms (cache miss)
npm http fetch GET 200 https://registry.vlt.io/vlt-benchmarks/npm/debug 10ms (cache revalidated)
npm http fetch GET 200 https://registry.vlt.io/vlt-benchmarks/npm/ms 137ms (cache miss)
npm http fetch GET 200 https://registry.vlt.io/vlt-benchmarks/npm/@jridgewell%2ftrace-mapping 9ms (cache revalidated)
npm http fetch GET 200 https://registry.vlt.io/vlt-benchmarks/npm/@jridgewell%2fgen-mapping 99ms (cache miss)
npm http fetch GET 200 https://registry.vlt.io/vlt-benchmarks/npm/@jridgewell%2fresolve-uri 102ms (cache miss)
npm http fetch GET 200 https://registry.vlt.io/vlt-benchmarks/npm/readdirp 101ms (cache miss)
npm http fetch GET 200 https://registry.vlt.io/vlt-benchmarks/npm/mri 234ms (cache miss)
npm http fetch GET 200 https://registry.vlt.io/vlt-benchmarks/npm/@esbuild%2faix-ppc64 127ms (cache miss)
npm http fetch GET 200 https://registry.vlt.io/vlt-benchmarks/npm/@esbuild%2flinux-arm 130ms (cache miss)
npm http fetch GET 200 https://registry.vlt.io/vlt-benchmarks/npm/@esbuild%2flinux-x64 319ms (cache miss)
npm http fetch GET 200 https://registry.vlt.io/vlt-benchmarks/npm/@esbuild%2fwin32-x64 295ms (cache miss)
npm http fetch GET 200 https://registry.vlt.io/vlt-benchmarks/npm/@esbuild%2fsunos-x64 318ms (cache miss)
npm http fetch GET 200 https://registry.vlt.io/vlt-benchmarks/npm/@esbuild%2flinux-ia32 314ms (cache miss)
npm http fetch GET 200 https://registry.vlt.io/vlt-benchmarks/npm/@esbuild%2fdarwin-x64 470ms (cache miss)
npm http fetch GET 200 https://registry.vlt.io/vlt-benchmarks/npm/@esbuild%2fnetbsd-x64 426ms (cache miss)
npm http fetch GET 200 https://registry.vlt.io/vlt-benchmarks/npm/@esbuild%2fwin32-ia32 797ms (cache miss)
npm http fetch GET 200 https://registry.vlt.io/vlt-benchmarks/npm/@esbuild%2fandroid-x64 721ms (cache miss)
npm http fetch GET 200 https://registry.vlt.io/vlt-benchmarks/npm/@esbuild%2fandroid-arm 815ms (cache miss)
npm http fetch GET 200 https://registry.vlt.io/vlt-benchmarks/npm/@esbuild%2ffreebsd-x64 1310ms (cache miss)
npm http fetch GET 200 https://registry.vlt.io/vlt-benchmarks/npm/@esbuild%2flinux-ppc64 1271ms (cache miss)
npm http fetch GET 200 https://registry.vlt.io/vlt-benchmarks/npm/@esbuild%2flinux-arm64 1367ms (cache miss)
npm http fetch GET 200 https://registry.vlt.io/vlt-benchmarks/npm/@esbuild%2flinux-s390x 128ms (cache miss)
npm http fetch GET 200 https://registry.vlt.io/vlt-benchmarks/npm/@esbuild%2fopenbsd-x64 179ms (cache miss)
npm http fetch GET 200 https://registry.vlt.io/vlt-benchmarks/npm/@esbuild%2fwin32-arm64 266ms (cache miss)
npm http fetch GET 200 https://registry.vlt.io/vlt-benchmarks/npm/@esbuild%2fdarwin-arm64 267ms (cache miss)
npm http fetch GET 200 https://registry.vlt.io/vlt-benchmarks/npm/@esbuild%2fnetbsd-arm64 224ms (cache miss)
npm http fetch GET 200 https://registry.vlt.io/vlt-benchmarks/npm/@esbuild%2fandroid-arm64 133ms (cache miss)
npm http fetch GET 200 https://registry.vlt.io/vlt-benchmarks/npm/@esbuild%2flinux-loong64 121ms (cache miss)
npm http fetch GET 200 https://registry.vlt.io/vlt-benchmarks/npm/@esbuild%2ffreebsd-arm64 180ms (cache miss)
npm http fetch GET 200 https://registry.vlt.io/vlt-benchmarks/npm/@esbuild%2flinux-riscv64 171ms (cache miss)
npm http fetch GET 200 https://registry.vlt.io/vlt-benchmarks/npm/@esbuild%2fopenbsd-arm64 130ms (cache miss)
npm http fetch GET 200 https://registry.vlt.io/vlt-benchmarks/npm/nanoid 140ms (cache miss)
npm http fetch GET 200 https://registry.vlt.io/vlt-benchmarks/npm/@esbuild%2flinux-mips64el 255ms (cache miss)
npm http fetch GET 200 https://registry.vlt.io/vlt-benchmarks/npm/@esbuild%2fopenharmony-arm64 159ms (cache miss)
npm http fetch GET 200 https://registry.vlt.io/vlt-benchmarks/npm/source-map-js 137ms (cache miss)
npm http fetch GET 200 https://registry.vlt.io/vlt-benchmarks/npm/@rollup%2frollup-darwin-x64 230ms (cache miss)
npm http fetch GET 200 https://registry.vlt.io/vlt-benchmarks/npm/@rollup%2frollup-freebsd-x64 250ms (cache miss)
npm http fetch GET 200 https://registry.vlt.io/vlt-benchmarks/npm/@rollup%2frollup-openbsd-x64 141ms (cache miss)
npm http fetch GET 200 https://registry.vlt.io/vlt-benchmarks/npm/@napi-rs%2flzma-linux-x64-gnu 204ms (cache miss)
npm http fetch GET 200 https://registry.vlt.io/vlt-benchmarks/npm/@rollup%2frollup-darwin-arm64 231ms (cache miss)
npm http fetch GET 200 https://registry.vlt.io/vlt-benchmarks/npm/@rollup%2frollup-android-arm64 280ms (cache miss)
npm http fetch GET 200 https://registry.vlt.io/vlt-benchmarks/npm/@rollup%2frollup-freebsd-arm64 164ms (cache miss)
npm http fetch GET 200 https://registry.vlt.io/vlt-benchmarks/npm/@rollup%2frollup-linux-x64-gnu 176ms (cache miss)
npm http fetch GET 200 https://registry.vlt.io/vlt-benchmarks/npm/@rollup%2frollup-win32-x64-gnu 175ms (cache miss)
npm http fetch GET 200 https://registry.vlt.io/vlt-benchmarks/npm/@rollup%2frollup-linux-x64-musl 167ms (cache miss)
npm http fetch GET 200 https://registry.vlt.io/vlt-benchmarks/npm/@rollup%2frollup-win32-x64-msvc 182ms (cache miss)
npm http fetch GET 200 https://registry.vlt.io/vlt-benchmarks/npm/@rollup%2frollup-linux-ppc64-gnu 174ms (cache miss)
npm http fetch GET 200 https://registry.vlt.io/vlt-benchmarks/npm/@rollup%2frollup-linux-arm64-gnu 478ms (cache miss)
npm http fetch GET 200 https://registry.vlt.io/vlt-benchmarks/npm/@rollup%2frollup-win32-ia32-msvc 271ms (cache miss)
npm http fetch GET 200 https://registry.vlt.io/vlt-benchmarks/npm/@rollup%2frollup-linux-s390x-gnu 366ms (cache miss)
npm http fetch GET 200 https://registry.vlt.io/vlt-benchmarks/npm/@rollup%2frollup-linux-ppc64-musl 187ms (cache miss)
npm http fetch GET 200 https://registry.vlt.io/vlt-benchmarks/npm/@rollup%2frollup-linux-arm64-musl 204ms (cache miss)
npm http fetch GET 200 https://registry.vlt.io/vlt-benchmarks/npm/@rollup%2frollup-android-arm-eabi 295ms (cache miss)
npm http fetch GET 200 https://registry.vlt.io/vlt-benchmarks/npm/@rollup%2frollup-linux-loong64-gnu 216ms (cache miss)
npm http fetch GET 200 https://registry.vlt.io/vlt-benchmarks/npm/@rollup%2frollup-win32-arm64-msvc 265ms (cache miss)
npm http fetch GET 200 https://registry.vlt.io/vlt-benchmarks/npm/@rollup%2frollup-openharmony-arm64 203ms (cache miss)
npm http fetch GET 200 https://registry.vlt.io/vlt-benchmarks/npm/@rollup%2frollup-linux-riscv64-gnu 336ms (cache miss)
npm http fetch GET 200 https://registry.vlt.io/vlt-benchmarks/npm/@rollup%2frollup-linux-loong64-musl 193ms (cache miss)
npm http fetch GET 200 https://registry.vlt.io/vlt-benchmarks/npm/@rollup%2frollup-linux-riscv64-musl 148ms (cache miss)
npm http fetch GET 200 https://registry.vlt.io/vlt-benchmarks/npm/@rollup%2frollup-linux-arm-gnueabihf 232ms (cache miss)
npm http fetch GET 200 https://registry.vlt.io/vlt-benchmarks/npm/@rollup%2frollup-linux-arm-musleabihf 265ms (cache miss)
npm http fetch GET 200 https://registry.vlt.io/vlt-benchmarks/npm/nanoid/-/nanoid-3.3.19.tgz 293ms (cache miss)
npm http fetch GET 200 https://registry.vlt.io/vlt-benchmarks/npm/@jridgewell/resolve-uri/-/resolve-uri-3.1.2.tgz 295ms (cache miss)
npm http fetch GET 200 https://registry.vlt.io/vlt-benchmarks/npm/esbuild/-/esbuild-0.25.12.tgz 301ms (cache miss)
npm http fetch GET 200 https://registry.vlt.io/vlt-benchmarks/npm/picocolors/-/picocolors-1.1.1.tgz 302ms (cache miss)
npm http fetch GET 200 https://registry.vlt.io/vlt-benchmarks/npm/zimmerframe/-/zimmerframe-1.1.5.tgz 304ms (cache miss)
npm http fetch GET 200 https://registry.vlt.io/vlt-benchmarks/npm/tinyglobby/-/tinyglobby-0.2.17.tgz 309ms (cache miss)
npm http fetch GET 200 https://registry.vlt.io/vlt-benchmarks/npm/is-reference/-/is-reference-3.0.3.tgz 309ms (cache miss)
npm http fetch GET 200 https://registry.vlt.io/vlt-benchmarks/npm/@jridgewell/remapping/-/remapping-2.3.5.tgz 308ms (cache miss)
npm http fetch GET 200 https://registry.vlt.io/vlt-benchmarks/npm/mrmime/-/mrmime-2.0.1.tgz 306ms (cache miss)
npm http fetch GET 200 https://registry.vlt.io/vlt-benchmarks/npm/locate-character/-/locate-character-3.0.0.tgz 313ms (cache miss)
npm http fetch GET 200 https://registry.vlt.io/vlt-benchmarks/npm/sade/-/sade-1.8.1.tgz 315ms (cache miss)
npm http fetch GET 200 https://registry.vlt.io/vlt-benchmarks/npm/@sveltejs/load-config/-/load-config-0.2.3.tgz 315ms (cache miss)
npm http fetch GET 200 https://registry.vlt.io/vlt-benchmarks/npm/mri/-/mri-1.2.0.tgz 317ms (cache miss)
npm http fetch GET 200 https://registry.vlt.io/vlt-benchmarks/npm/fdir/-/fdir-6.5.0.tgz 316ms (cache miss)
npm http fetch GET 200 https://registry.vlt.io/vlt-benchmarks/npm/readdirp/-/readdirp-4.1.2.tgz 317ms (cache miss)
npm http fetch GET 200 https://registry.vlt.io/vlt-benchmarks/npm/deepmerge/-/deepmerge-4.3.1.tgz 313ms (cache miss)
npm http fetch GET 200 https://registry.vlt.io/vlt-benchmarks/npm/@types/estree/-/estree-1.0.9.tgz 314ms (cache miss)
npm http fetch GET 200 https://registry.vlt.io/vlt-benchmarks/npm/clsx/-/clsx-2.1.1.tgz 318ms (cache miss)
npm http fetch GET 200 https://registry.vlt.io/vlt-benchmarks/npm/totalist/-/totalist-3.0.1.tgz 317ms (cache miss)
npm http fetch GET 200 https://registry.vlt.io/vlt-benchmarks/npm/kleur/-/kleur-4.1.5.tgz 316ms (cache miss)
npm http fetch GET 200 https://registry.vlt.io/vlt-benchmarks/npm/esm-env/-/esm-env-1.2.2.tgz 316ms (cache miss)
npm http fetch GET 200 https://registry.vlt.io/vlt-benchmarks/npm/cookie/-/cookie-0.6.0.tgz 315ms (cache miss)
npm http fetch GET 200 https://registry.vlt.io/vlt-benchmarks/npm/@sveltejs/vite-plugin-svelte-inspector/-/vite-plugin-svelte-inspector-4.0.1.tgz 318ms (cache miss)
npm http fetch GET 200 https://registry.vlt.io/vlt-benchmarks/npm/@sveltejs/adapter-auto/-/adapter-auto-3.3.1.tgz 315ms (cache miss)
npm http fetch GET 200 https://registry.vlt.io/vlt-benchmarks/npm/vitefu/-/vitefu-1.1.3.tgz 321ms (cache miss)
npm http fetch GET 200 https://registry.vlt.io/vlt-benchmarks/npm/ms/-/ms-2.1.3.tgz 322ms (cache miss)
npm http fetch GET 200 https://registry.vlt.io/vlt-benchmarks/npm/@polka/url/-/url-1.0.0-next.29.tgz 323ms (cache miss)
npm http fetch GET 200 https://registry.vlt.io/vlt-benchmarks/npm/debug/-/debug-4.4.3.tgz 322ms (cache miss)
npm http fetch GET 200 https://registry.vlt.io/vlt-benchmarks/npm/@types/cookie/-/cookie-0.6.0.tgz 321ms (cache miss)
npm http fetch GET 200 https://registry.vlt.io/vlt-benchmarks/npm/picomatch/-/picomatch-4.0.7.tgz 330ms (cache miss)
npm http fetch GET 200 https://registry.vlt.io/vlt-benchmarks/npm/sirv/-/sirv-3.0.2.tgz 325ms (cache miss)
npm http fetch GET 200 https://registry.vlt.io/vlt-benchmarks/npm/set-cookie-parser/-/set-cookie-parser-3.1.2.tgz 324ms (cache miss)
npm http fetch GET 200 https://registry.vlt.io/vlt-benchmarks/npm/@neoconfetti/svelte/-/svelte-2.2.2.tgz 322ms (cache miss)
npm http fetch GET 200 https://registry.vlt.io/vlt-benchmarks/npm/@standard-schema/spec/-/spec-1.1.0.tgz 326ms (cache miss)
npm http fetch GET 200 https://registry.vlt.io/vlt-benchmarks/npm/@sveltejs/acorn-typescript/-/acorn-typescript-1.0.13.tgz 327ms (cache miss)
npm http fetch GET 200 https://registry.vlt.io/vlt-benchmarks/npm/chokidar/-/chokidar-4.0.3.tgz 339ms (cache miss)
npm http fetch GET 200 https://registry.vlt.io/vlt-benchmarks/npm/source-map-js/-/source-map-js-1.2.1.tgz 376ms (cache miss)
npm http fetch GET 200 https://registry.vlt.io/vlt-benchmarks/npm/devalue/-/devalue-5.9.4.tgz 374ms (cache miss)
npm http fetch GET 200 https://registry.vlt.io/vlt-benchmarks/npm/import-meta-resolve/-/import-meta-resolve-4.2.0.tgz 400ms (cache miss)
npm http fetch GET 200 https://registry.vlt.io/vlt-benchmarks/npm/magic-string/-/magic-string-0.30.21.tgz 406ms (cache miss)
npm http fetch GET 200 https://registry.vlt.io/vlt-benchmarks/npm/acorn/-/acorn-8.18.0.tgz 411ms (cache miss)
npm http fetch GET 200 https://registry.vlt.io/vlt-benchmarks/npm/@jridgewell/sourcemap-codec/-/sourcemap-codec-1.6.0.tgz 454ms (cache miss)
npm http fetch GET 200 https://registry.vlt.io/vlt-benchmarks/npm/@jridgewell/gen-mapping/-/gen-mapping-0.3.13.tgz 459ms (cache miss)
npm http fetch GET 200 https://registry.vlt.io/vlt-benchmarks/npm/esrap/-/esrap-2.4.0.tgz 503ms (cache miss)
npm http fetch GET 200 https://registry.vlt.io/vlt-benchmarks/npm/@jridgewell/trace-mapping/-/trace-mapping-0.3.31.tgz 508ms (cache miss)
npm http fetch GET 200 https://registry.vlt.io/vlt-benchmarks/npm/@sveltejs/vite-plugin-svelte/-/vite-plugin-svelte-5.1.1.tgz 501ms (cache miss)
npm http fetch GET 200 https://registry.vlt.io/vlt-benchmarks/npm/postcss/-/postcss-8.5.28.tgz 530ms (cache miss)
npm http fetch GET 200 https://registry.vlt.io/vlt-benchmarks/npm/@rollup/rollup-linux-arm64-gnu/-/rollup-linux-arm64-gnu-4.63.4.tgz 571ms (cache miss)
npm http fetch GET 200 https://registry.vlt.io/vlt-benchmarks/npm/@fontsource/fira-mono/-/fira-mono-5.3.0.tgz 581ms (cache miss)
npm http fetch GET 200 https://registry.vlt.io/vlt-benchmarks/npm/rollup/-/rollup-4.63.4.tgz 621ms (cache miss)
npm http fetch GET 200 https://registry.vlt.io/vlt-benchmarks/npm/vite/-/vite-6.4.3.tgz 619ms (cache miss)
npm http fetch GET 200 https://registry.vlt.io/vlt-benchmarks/npm/svelte-check/-/svelte-check-4.7.6.tgz 640ms (cache miss)
npm http fetch GET 200 https://registry.vlt.io/vlt-benchmarks/npm/@esbuild/linux-arm64/-/linux-arm64-0.25.12.tgz 724ms (cache miss)
npm http fetch GET 200 https://registry.vlt.io/vlt-benchmarks/npm/axobject-query/-/axobject-query-4.1.0.tgz 740ms (cache miss)
npm http fetch GET 200 https://registry.vlt.io/vlt-benchmarks/npm/aria-query/-/aria-query-5.3.1.tgz 803ms (cache miss)
npm http fetch GET 200 https://registry.vlt.io/vlt-benchmarks/npm/@sveltejs/kit/-/kit-2.70.3.tgz 821ms (cache miss)
npm http fetch GET 200 https://registry.vlt.io/vlt-benchmarks/npm/typescript/-/typescript-5.9.3.tgz 854ms (cache miss)
npm http fetch GET 200 https://registry.vlt.io/vlt-benchmarks/npm/svelte/-/svelte-5.57.1.tgz 935ms (cache miss)

added 58 packages in 15s
