npm http fetch GET 200 https://registry.vlt.io/vlt-benchmarks/npm/@fontsource%2ffira-mono 54ms (cache miss)
npm http fetch GET 200 https://registry.vlt.io/vlt-benchmarks/npm/@neoconfetti%2fsvelte 13ms (cache miss)
npm http fetch GET 200 https://registry.vlt.io/vlt-benchmarks/npm/svelte 26ms (cache miss)
npm http fetch GET 200 https://registry.vlt.io/vlt-benchmarks/npm/@sveltejs%2fadapter-auto 14ms (cache miss)
npm http fetch GET 200 https://registry.vlt.io/vlt-benchmarks/npm/@sveltejs%2fkit 24ms (cache miss)
npm http fetch GET 200 https://registry.vlt.io/vlt-benchmarks/npm/@sveltejs%2fvite-plugin-svelte 14ms (cache miss)
npm http fetch GET 200 https://registry.vlt.io/vlt-benchmarks/npm/vite 23ms (cache miss)
npm http fetch GET 200 https://registry.vlt.io/vlt-benchmarks/npm/typescript 48ms (cache miss)
npm http fetch GET 200 https://registry.vlt.io/vlt-benchmarks/npm/svelte-check 16ms (cache miss)
npm http fetch GET 200 https://registry.vlt.io/vlt-benchmarks/npm/clsx 15ms (cache miss)
npm http fetch GET 200 https://registry.vlt.io/vlt-benchmarks/npm/devalue 14ms (cache miss)
npm http fetch GET 200 https://registry.vlt.io/vlt-benchmarks/npm/esrap 33ms (cache miss)
npm http fetch GET 200 https://registry.vlt.io/vlt-benchmarks/npm/acorn 38ms (cache miss)
npm http fetch GET 200 https://registry.vlt.io/vlt-benchmarks/npm/esm-env 12ms (cache miss)
npm http fetch GET 200 https://registry.vlt.io/vlt-benchmarks/npm/aria-query 18ms (cache miss)
npm http fetch GET 200 https://registry.vlt.io/vlt-benchmarks/npm/zimmerframe 16ms (cache miss)
npm http fetch GET 200 https://registry.vlt.io/vlt-benchmarks/npm/is-reference 14ms (cache miss)
npm http fetch GET 200 https://registry.vlt.io/vlt-benchmarks/npm/@types%2festree 14ms (cache miss)
npm http fetch GET 200 https://registry.vlt.io/vlt-benchmarks/npm/axobject-query 14ms (cache miss)
npm http fetch GET 200 https://registry.vlt.io/vlt-benchmarks/npm/magic-string 20ms (cache miss)
npm http fetch GET 200 https://registry.vlt.io/vlt-benchmarks/npm/locate-character 16ms (cache miss)
npm http fetch GET 200 https://registry.vlt.io/vlt-benchmarks/npm/@jridgewell%2fremapping 17ms (cache miss)
npm http fetch GET 200 https://registry.vlt.io/vlt-benchmarks/npm/@sveltejs%2facorn-typescript 16ms (cache miss)
npm http fetch GET 200 https://registry.vlt.io/vlt-benchmarks/npm/import-meta-resolve 15ms (cache miss)
npm http fetch GET 200 https://registry.vlt.io/vlt-benchmarks/npm/sirv 15ms (cache miss)
npm http fetch GET 200 https://registry.vlt.io/vlt-benchmarks/npm/@jridgewell%2fsourcemap-codec 20ms (cache miss)
npm http fetch GET 200 https://registry.vlt.io/vlt-benchmarks/npm/kleur 14ms (cache miss)
npm http fetch GET 200 https://registry.vlt.io/vlt-benchmarks/npm/acorn 20ms (cache revalidated)
npm http fetch GET 200 https://registry.vlt.io/vlt-benchmarks/npm/cookie 21ms (cache miss)
npm http fetch GET 200 https://registry.vlt.io/vlt-benchmarks/npm/mrmime 13ms (cache miss)
npm http fetch GET 200 https://registry.vlt.io/vlt-benchmarks/npm/devalue 14ms (cache revalidated)
npm http fetch GET 200 https://registry.vlt.io/vlt-benchmarks/npm/esm-env 15ms (cache revalidated)
npm http fetch GET 200 https://registry.vlt.io/vlt-benchmarks/npm/magic-string 13ms (cache revalidated)
npm http fetch GET 200 https://registry.vlt.io/vlt-benchmarks/npm/@types%2fcookie 12ms (cache miss)
npm http fetch GET 200 https://registry.vlt.io/vlt-benchmarks/npm/@standard-schema%2fspec 12ms (cache miss)
npm http fetch GET 200 https://registry.vlt.io/vlt-benchmarks/npm/@sveltejs%2facorn-typescript 13ms (cache revalidated)
npm http fetch GET 200 https://registry.vlt.io/vlt-benchmarks/npm/set-cookie-parser 31ms (cache miss)
npm http fetch GET 200 https://registry.vlt.io/vlt-benchmarks/npm/debug 17ms (cache miss)
npm http fetch GET 200 https://registry.vlt.io/vlt-benchmarks/npm/vitefu 14ms (cache miss)
npm http fetch GET 200 https://registry.vlt.io/vlt-benchmarks/npm/deepmerge 12ms (cache miss)
npm http fetch GET 200 https://registry.vlt.io/vlt-benchmarks/npm/@sveltejs%2fvite-plugin-svelte-inspector 13ms (cache miss)
npm http fetch GET 200 https://registry.vlt.io/vlt-benchmarks/npm/fdir 13ms (cache miss)
npm http fetch GET 200 https://registry.vlt.io/vlt-benchmarks/npm/esbuild 19ms (cache miss)
npm http fetch GET 200 https://registry.vlt.io/vlt-benchmarks/npm/postcss 21ms (cache miss)
npm http fetch GET 200 https://registry.vlt.io/vlt-benchmarks/npm/picomatch 13ms (cache miss)
npm http fetch GET 200 https://registry.vlt.io/vlt-benchmarks/npm/tinyglobby 14ms (cache miss)
npm http fetch GET 200 https://registry.vlt.io/vlt-benchmarks/npm/rollup 51ms (cache miss)
npm http fetch GET 200 https://registry.vlt.io/vlt-benchmarks/npm/fdir 25ms (cache revalidated)
npm http fetch GET 200 https://registry.vlt.io/vlt-benchmarks/npm/fsevents 32ms (cache miss)
npm http fetch GET 200 https://registry.vlt.io/vlt-benchmarks/npm/sade 14ms (cache miss)
npm http fetch GET 200 https://registry.vlt.io/vlt-benchmarks/npm/picocolors 12ms (cache miss)
npm http fetch GET 200 https://registry.vlt.io/vlt-benchmarks/npm/chokidar 15ms (cache miss)
npm http fetch GET 200 https://registry.vlt.io/vlt-benchmarks/npm/@sveltejs%2fload-config 12ms (cache miss)
npm http fetch GET 200 https://registry.vlt.io/vlt-benchmarks/npm/@jridgewell%2ftrace-mapping 13ms (cache miss)
npm http fetch GET 200 https://registry.vlt.io/vlt-benchmarks/npm/totalist 14ms (cache miss)
npm http fetch GET 200 https://registry.vlt.io/vlt-benchmarks/npm/@polka%2furl 15ms (cache miss)
npm http fetch GET 200 https://registry.vlt.io/vlt-benchmarks/npm/@jridgewell%2fsourcemap-codec 17ms (cache revalidated)
npm http fetch GET 200 https://registry.vlt.io/vlt-benchmarks/npm/ms 12ms (cache miss)
npm http fetch GET 200 https://registry.vlt.io/vlt-benchmarks/npm/debug 14ms (cache revalidated)
npm http fetch GET 200 https://registry.vlt.io/vlt-benchmarks/npm/@jridgewell%2ftrace-mapping 13ms (cache revalidated)
npm http fetch GET 200 https://registry.vlt.io/vlt-benchmarks/npm/@jridgewell%2fgen-mapping 15ms (cache miss)
npm http fetch GET 200 https://registry.vlt.io/vlt-benchmarks/npm/@jridgewell%2fresolve-uri 12ms (cache miss)
npm http fetch GET 200 https://registry.vlt.io/vlt-benchmarks/npm/mri 14ms (cache miss)
npm http fetch GET 200 https://registry.vlt.io/vlt-benchmarks/npm/readdirp 16ms (cache miss)
npm http fetch GET 200 https://registry.vlt.io/vlt-benchmarks/npm/@esbuild%2faix-ppc64 16ms (cache miss)
npm http fetch GET 200 https://registry.vlt.io/vlt-benchmarks/npm/@esbuild%2flinux-x64 16ms (cache miss)
npm http fetch GET 200 https://registry.vlt.io/vlt-benchmarks/npm/@esbuild%2flinux-arm 18ms (cache miss)
npm http fetch GET 200 https://registry.vlt.io/vlt-benchmarks/npm/@esbuild%2fsunos-x64 15ms (cache miss)
npm http fetch GET 200 https://registry.vlt.io/vlt-benchmarks/npm/@esbuild%2fwin32-x64 16ms (cache miss)
npm http fetch GET 200 https://registry.vlt.io/vlt-benchmarks/npm/@esbuild%2fdarwin-x64 16ms (cache miss)
npm http fetch GET 200 https://registry.vlt.io/vlt-benchmarks/npm/@esbuild%2flinux-ia32 15ms (cache miss)
npm http fetch GET 200 https://registry.vlt.io/vlt-benchmarks/npm/@esbuild%2fnetbsd-x64 14ms (cache miss)
npm http fetch GET 200 https://registry.vlt.io/vlt-benchmarks/npm/@esbuild%2fwin32-ia32 16ms (cache miss)
npm http fetch GET 200 https://registry.vlt.io/vlt-benchmarks/npm/@esbuild%2fandroid-arm 17ms (cache miss)
npm http fetch GET 200 https://registry.vlt.io/vlt-benchmarks/npm/@esbuild%2fandroid-x64 18ms (cache miss)
npm http fetch GET 200 https://registry.vlt.io/vlt-benchmarks/npm/@esbuild%2ffreebsd-x64 16ms (cache miss)
npm http fetch GET 200 https://registry.vlt.io/vlt-benchmarks/npm/@esbuild%2flinux-arm64 11ms (cache miss)
npm http fetch GET 200 https://registry.vlt.io/vlt-benchmarks/npm/@esbuild%2flinux-ppc64 15ms (cache miss)
npm http fetch GET 200 https://registry.vlt.io/vlt-benchmarks/npm/@esbuild%2flinux-s390x 15ms (cache miss)
npm http fetch GET 200 https://registry.vlt.io/vlt-benchmarks/npm/@esbuild%2fopenbsd-x64 15ms (cache miss)
npm http fetch GET 200 https://registry.vlt.io/vlt-benchmarks/npm/@esbuild%2fwin32-arm64 15ms (cache miss)
npm http fetch GET 200 https://registry.vlt.io/vlt-benchmarks/npm/@esbuild%2fdarwin-arm64 14ms (cache miss)
npm http fetch GET 200 https://registry.vlt.io/vlt-benchmarks/npm/@esbuild%2fnetbsd-arm64 12ms (cache miss)
npm http fetch GET 200 https://registry.vlt.io/vlt-benchmarks/npm/@esbuild%2ffreebsd-arm64 13ms (cache miss)
npm http fetch GET 200 https://registry.vlt.io/vlt-benchmarks/npm/@esbuild%2fandroid-arm64 16ms (cache miss)
npm http fetch GET 200 https://registry.vlt.io/vlt-benchmarks/npm/@esbuild%2flinux-loong64 13ms (cache miss)
npm http fetch GET 200 https://registry.vlt.io/vlt-benchmarks/npm/@esbuild%2fopenbsd-arm64 14ms (cache miss)
npm http fetch GET 200 https://registry.vlt.io/vlt-benchmarks/npm/@esbuild%2flinux-riscv64 17ms (cache miss)
npm http fetch GET 200 https://registry.vlt.io/vlt-benchmarks/npm/@esbuild%2flinux-mips64el 15ms (cache miss)
npm http fetch GET 200 https://registry.vlt.io/vlt-benchmarks/npm/@esbuild%2fopenharmony-arm64 14ms (cache miss)
npm http fetch GET 200 https://registry.vlt.io/vlt-benchmarks/npm/nanoid 15ms (cache miss)
npm http fetch GET 200 https://registry.vlt.io/vlt-benchmarks/npm/source-map-js 16ms (cache miss)
npm http fetch GET 200 https://registry.vlt.io/vlt-benchmarks/npm/@rollup%2frollup-darwin-x64 12ms (cache miss)
npm http fetch GET 200 https://registry.vlt.io/vlt-benchmarks/npm/@rollup%2frollup-freebsd-x64 14ms (cache miss)
npm http fetch GET 200 https://registry.vlt.io/vlt-benchmarks/npm/@rollup%2frollup-openbsd-x64 14ms (cache miss)
npm http fetch GET 200 https://registry.vlt.io/vlt-benchmarks/npm/@napi-rs%2flzma-linux-x64-gnu 13ms (cache miss)
npm http fetch GET 200 https://registry.vlt.io/vlt-benchmarks/npm/@rollup%2frollup-darwin-arm64 13ms (cache miss)
npm http fetch GET 200 https://registry.vlt.io/vlt-benchmarks/npm/@rollup%2frollup-freebsd-arm64 14ms (cache miss)
npm http fetch GET 200 https://registry.vlt.io/vlt-benchmarks/npm/@rollup%2frollup-android-arm64 18ms (cache miss)
npm http fetch GET 200 https://registry.vlt.io/vlt-benchmarks/npm/@rollup%2frollup-linux-x64-gnu 12ms (cache miss)
npm http fetch GET 200 https://registry.vlt.io/vlt-benchmarks/npm/@rollup%2frollup-win32-x64-gnu 13ms (cache miss)
npm http fetch GET 200 https://registry.vlt.io/vlt-benchmarks/npm/@rollup%2frollup-linux-x64-musl 14ms (cache miss)
npm http fetch GET 200 https://registry.vlt.io/vlt-benchmarks/npm/@rollup%2frollup-win32-x64-msvc 14ms (cache miss)
npm http fetch GET 200 https://registry.vlt.io/vlt-benchmarks/npm/@rollup%2frollup-linux-arm64-gnu 12ms (cache miss)
npm http fetch GET 200 https://registry.vlt.io/vlt-benchmarks/npm/@rollup%2frollup-linux-ppc64-gnu 13ms (cache miss)
npm http fetch GET 200 https://registry.vlt.io/vlt-benchmarks/npm/@rollup%2frollup-linux-s390x-gnu 13ms (cache miss)
npm http fetch GET 200 https://registry.vlt.io/vlt-benchmarks/npm/@rollup%2frollup-win32-ia32-msvc 15ms (cache miss)
npm http fetch GET 200 https://registry.vlt.io/vlt-benchmarks/npm/@rollup%2frollup-android-arm-eabi 14ms (cache miss)
npm http fetch GET 200 https://registry.vlt.io/vlt-benchmarks/npm/@rollup%2frollup-linux-arm64-musl 14ms (cache miss)
npm http fetch GET 200 https://registry.vlt.io/vlt-benchmarks/npm/@rollup%2frollup-linux-ppc64-musl 14ms (cache miss)
npm http fetch GET 200 https://registry.vlt.io/vlt-benchmarks/npm/@rollup%2frollup-win32-arm64-msvc 17ms (cache miss)
npm http fetch GET 200 https://registry.vlt.io/vlt-benchmarks/npm/@rollup%2frollup-linux-loong64-gnu 14ms (cache miss)
npm http fetch GET 200 https://registry.vlt.io/vlt-benchmarks/npm/@rollup%2frollup-linux-riscv64-gnu 13ms (cache miss)
npm http fetch GET 200 https://registry.vlt.io/vlt-benchmarks/npm/@rollup%2frollup-openharmony-arm64 14ms (cache miss)
npm http fetch GET 200 https://registry.vlt.io/vlt-benchmarks/npm/@rollup%2frollup-linux-loong64-musl 14ms (cache miss)
npm http fetch GET 200 https://registry.vlt.io/vlt-benchmarks/npm/@rollup%2frollup-linux-riscv64-musl 13ms (cache miss)
npm http fetch GET 200 https://registry.vlt.io/vlt-benchmarks/npm/@rollup%2frollup-linux-arm-gnueabihf 14ms (cache miss)
npm http fetch GET 200 https://registry.vlt.io/vlt-benchmarks/npm/@rollup%2frollup-linux-arm-musleabihf 14ms (cache miss)
npm http fetch GET 200 https://registry.vlt.io/vlt-benchmarks/npm/tinyglobby/-/tinyglobby-0.2.17.tgz 205ms (cache miss)
npm http fetch GET 200 https://registry.vlt.io/vlt-benchmarks/npm/picocolors/-/picocolors-1.1.1.tgz 240ms (cache miss)
npm http fetch GET 200 https://registry.vlt.io/vlt-benchmarks/npm/@jridgewell/resolve-uri/-/resolve-uri-3.1.2.tgz 243ms (cache miss)
npm http fetch GET 200 https://registry.vlt.io/vlt-benchmarks/npm/zimmerframe/-/zimmerframe-1.1.5.tgz 250ms (cache miss)
npm http fetch GET 200 https://registry.vlt.io/vlt-benchmarks/npm/sade/-/sade-1.8.1.tgz 255ms (cache miss)
npm http fetch GET 200 https://registry.vlt.io/vlt-benchmarks/npm/nanoid/-/nanoid-3.3.19.tgz 257ms (cache miss)
npm http fetch GET 200 https://registry.vlt.io/vlt-benchmarks/npm/mri/-/mri-1.2.0.tgz 258ms (cache miss)
npm http fetch GET 200 https://registry.vlt.io/vlt-benchmarks/npm/@sveltejs/load-config/-/load-config-0.2.3.tgz 258ms (cache miss)
npm http fetch GET 200 https://registry.vlt.io/vlt-benchmarks/npm/esbuild/-/esbuild-0.25.12.tgz 259ms (cache miss)
npm http fetch GET 200 https://registry.vlt.io/vlt-benchmarks/npm/readdirp/-/readdirp-4.1.2.tgz 262ms (cache miss)
npm http fetch GET 200 https://registry.vlt.io/vlt-benchmarks/npm/fdir/-/fdir-6.5.0.tgz 262ms (cache miss)
npm http fetch GET 200 https://registry.vlt.io/vlt-benchmarks/npm/@jridgewell/remapping/-/remapping-2.3.5.tgz 260ms (cache miss)
npm http fetch GET 200 https://registry.vlt.io/vlt-benchmarks/npm/mrmime/-/mrmime-2.0.1.tgz 258ms (cache miss)
npm http fetch GET 200 https://registry.vlt.io/vlt-benchmarks/npm/kleur/-/kleur-4.1.5.tgz 259ms (cache miss)
npm http fetch GET 200 https://registry.vlt.io/vlt-benchmarks/npm/locate-character/-/locate-character-3.0.0.tgz 265ms (cache miss)
npm http fetch GET 200 https://registry.vlt.io/vlt-benchmarks/npm/is-reference/-/is-reference-3.0.3.tgz 265ms (cache miss)
npm http fetch GET 200 https://registry.vlt.io/vlt-benchmarks/npm/clsx/-/clsx-2.1.1.tgz 265ms (cache miss)
npm http fetch GET 200 https://registry.vlt.io/vlt-benchmarks/npm/deepmerge/-/deepmerge-4.3.1.tgz 264ms (cache miss)
npm http fetch GET 200 https://registry.vlt.io/vlt-benchmarks/npm/@sveltejs/vite-plugin-svelte-inspector/-/vite-plugin-svelte-inspector-4.0.1.tgz 264ms (cache miss)
npm http fetch GET 200 https://registry.vlt.io/vlt-benchmarks/npm/picomatch/-/picomatch-4.0.7.tgz 272ms (cache miss)
npm http fetch GET 200 https://registry.vlt.io/vlt-benchmarks/npm/@types/estree/-/estree-1.0.9.tgz 269ms (cache miss)
npm http fetch GET 200 https://registry.vlt.io/vlt-benchmarks/npm/totalist/-/totalist-3.0.1.tgz 268ms (cache miss)
npm http fetch GET 200 https://registry.vlt.io/vlt-benchmarks/npm/@polka/url/-/url-1.0.0-next.29.tgz 269ms (cache miss)
npm http fetch GET 200 https://registry.vlt.io/vlt-benchmarks/npm/@sveltejs/adapter-auto/-/adapter-auto-3.3.1.tgz 265ms (cache miss)
npm http fetch GET 200 https://registry.vlt.io/vlt-benchmarks/npm/ms/-/ms-2.1.3.tgz 271ms (cache miss)
npm http fetch GET 200 https://registry.vlt.io/vlt-benchmarks/npm/vitefu/-/vitefu-1.1.3.tgz 271ms (cache miss)
npm http fetch GET 200 https://registry.vlt.io/vlt-benchmarks/npm/debug/-/debug-4.4.3.tgz 271ms (cache miss)
npm http fetch GET 200 https://registry.vlt.io/vlt-benchmarks/npm/@types/cookie/-/cookie-0.6.0.tgz 269ms (cache miss)
npm http fetch GET 200 https://registry.vlt.io/vlt-benchmarks/npm/cookie/-/cookie-0.6.0.tgz 270ms (cache miss)
npm http fetch GET 200 https://registry.vlt.io/vlt-benchmarks/npm/@neoconfetti/svelte/-/svelte-2.2.2.tgz 268ms (cache miss)
npm http fetch GET 200 https://registry.vlt.io/vlt-benchmarks/npm/set-cookie-parser/-/set-cookie-parser-3.1.2.tgz 273ms (cache miss)
npm http fetch GET 200 https://registry.vlt.io/vlt-benchmarks/npm/esm-env/-/esm-env-1.2.2.tgz 273ms (cache miss)
npm http fetch GET 200 https://registry.vlt.io/vlt-benchmarks/npm/sirv/-/sirv-3.0.2.tgz 275ms (cache miss)
npm http fetch GET 200 https://registry.vlt.io/vlt-benchmarks/npm/@standard-schema/spec/-/spec-1.1.0.tgz 272ms (cache miss)
npm http fetch GET 200 https://registry.vlt.io/vlt-benchmarks/npm/@sveltejs/acorn-typescript/-/acorn-typescript-1.0.13.tgz 274ms (cache miss)
npm http fetch GET 200 https://registry.vlt.io/vlt-benchmarks/npm/chokidar/-/chokidar-4.0.3.tgz 289ms (cache miss)
npm http fetch GET 200 https://registry.vlt.io/vlt-benchmarks/npm/source-map-js/-/source-map-js-1.2.2.tgz 309ms (cache miss)
npm http fetch GET 200 https://registry.vlt.io/vlt-benchmarks/npm/devalue/-/devalue-5.9.4.tgz 313ms (cache miss)
npm http fetch GET 200 https://registry.vlt.io/vlt-benchmarks/npm/import-meta-resolve/-/import-meta-resolve-4.2.0.tgz 319ms (cache miss)
npm http fetch GET 200 https://registry.vlt.io/vlt-benchmarks/npm/magic-string/-/magic-string-0.30.21.tgz 326ms (cache miss)
npm http fetch GET 200 https://registry.vlt.io/vlt-benchmarks/npm/acorn/-/acorn-8.18.0.tgz 328ms (cache miss)
npm http fetch GET 200 https://registry.vlt.io/vlt-benchmarks/npm/@jridgewell/sourcemap-codec/-/sourcemap-codec-1.6.0.tgz 362ms (cache miss)
npm http fetch GET 200 https://registry.vlt.io/vlt-benchmarks/npm/@jridgewell/gen-mapping/-/gen-mapping-0.3.13.tgz 365ms (cache miss)
npm http fetch GET 200 https://registry.vlt.io/vlt-benchmarks/npm/@rollup/rollup-linux-arm64-gnu/-/rollup-linux-arm64-gnu-4.63.6.tgz 412ms (cache miss)
npm http fetch GET 200 https://registry.vlt.io/vlt-benchmarks/npm/esrap/-/esrap-2.4.0.tgz 412ms (cache miss)
npm http fetch GET 200 https://registry.vlt.io/vlt-benchmarks/npm/@sveltejs/vite-plugin-svelte/-/vite-plugin-svelte-5.1.1.tgz 409ms (cache miss)
npm http fetch GET 200 https://registry.vlt.io/vlt-benchmarks/npm/@jridgewell/trace-mapping/-/trace-mapping-0.3.31.tgz 416ms (cache miss)
npm http fetch GET 200 https://registry.vlt.io/vlt-benchmarks/npm/postcss/-/postcss-8.5.28.tgz 432ms (cache miss)
npm http fetch GET 200 https://registry.vlt.io/vlt-benchmarks/npm/@fontsource/fira-mono/-/fira-mono-5.3.0.tgz 459ms (cache miss)
npm http fetch GET 200 https://registry.vlt.io/vlt-benchmarks/npm/rollup/-/rollup-4.63.6.tgz 486ms (cache miss)
npm http fetch GET 200 https://registry.vlt.io/vlt-benchmarks/npm/vite/-/vite-6.4.3.tgz 493ms (cache miss)
npm http fetch GET 200 https://registry.vlt.io/vlt-benchmarks/npm/svelte-check/-/svelte-check-4.7.6.tgz 503ms (cache miss)
npm http fetch GET 200 https://registry.vlt.io/vlt-benchmarks/npm/@esbuild/linux-arm64/-/linux-arm64-0.25.12.tgz 581ms (cache miss)
npm http fetch GET 200 https://registry.vlt.io/vlt-benchmarks/npm/axobject-query/-/axobject-query-4.1.0.tgz 605ms (cache miss)
npm http fetch GET 200 https://registry.vlt.io/vlt-benchmarks/npm/aria-query/-/aria-query-5.3.1.tgz 659ms (cache miss)
npm http fetch GET 200 https://registry.vlt.io/vlt-benchmarks/npm/@sveltejs/kit/-/kit-2.70.3.tgz 673ms (cache miss)
npm http fetch GET 200 https://registry.vlt.io/vlt-benchmarks/npm/typescript/-/typescript-5.9.3.tgz 708ms (cache miss)
npm http fetch GET 200 https://registry.vlt.io/vlt-benchmarks/npm/svelte/-/svelte-5.57.1.tgz 786ms (cache miss)

added 58 packages in 2s
