npm http fetch GET 200 https://registry.vlt.io/npm/@fontsource%2ffira-mono 77ms (cache miss)
npm http fetch GET 200 https://registry.vlt.io/npm/@neoconfetti%2fsvelte 33ms (cache miss)
npm http fetch GET 200 https://registry.vlt.io/npm/svelte 47ms (cache miss)
npm http fetch GET 200 https://registry.vlt.io/npm/@sveltejs%2fadapter-auto 54ms (cache miss)
npm http fetch GET 200 https://registry.vlt.io/npm/@sveltejs%2fkit 39ms (cache miss)
npm http fetch GET 200 https://registry.vlt.io/npm/@opentelemetry%2fapi 37ms (cache miss)
npm http fetch GET 200 https://registry.vlt.io/npm/@sveltejs%2fvite-plugin-svelte 33ms (cache miss)
npm http fetch GET 200 https://registry.vlt.io/npm/vite 44ms (cache miss)
npm http fetch GET 200 https://registry.vlt.io/npm/@types%2fnode 49ms (cache miss)
npm http fetch GET 200 https://registry.vlt.io/npm/jiti 35ms (cache miss)
npm http fetch GET 200 https://registry.vlt.io/npm/less 33ms (cache miss)
npm http fetch GET 200 https://registry.vlt.io/npm/lightningcss 32ms (cache miss)
npm http fetch GET 200 https://registry.vlt.io/npm/sass 32ms (cache miss)
npm http fetch GET 200 https://registry.vlt.io/npm/sass-embedded 33ms (cache miss)
npm http fetch GET 200 https://registry.vlt.io/npm/stylus 33ms (cache miss)
npm http fetch GET 200 https://registry.vlt.io/npm/sugarss 34ms (cache miss)
npm http fetch GET 200 https://registry.vlt.io/npm/postcss 31ms (cache miss)
npm http fetch GET 200 https://registry.vlt.io/npm/terser 35ms (cache miss)
npm http fetch GET 200 https://registry.vlt.io/npm/tsx 33ms (cache miss)
npm http fetch GET 200 https://registry.vlt.io/npm/yaml 34ms (cache miss)
npm http fetch GET 200 https://registry.vlt.io/npm/typescript 62ms (cache miss)
npm http fetch GET 200 https://registry.vlt.io/npm/svelte-check 33ms (cache miss)
npm http fetch GET 200 https://registry.vlt.io/npm/clsx 32ms (cache miss)
npm http fetch GET 200 https://registry.vlt.io/npm/esrap 53ms (cache miss)
npm http fetch GET 200 https://registry.vlt.io/npm/acorn 55ms (cache miss)
npm http fetch GET 200 https://registry.vlt.io/npm/devalue 34ms (cache miss)
npm http fetch GET 200 https://registry.vlt.io/npm/esm-env 32ms (cache miss)
npm http fetch GET 200 https://registry.vlt.io/npm/aria-query 32ms (cache miss)
npm http fetch GET 200 https://registry.vlt.io/npm/zimmerframe 31ms (cache miss)
npm http fetch GET 200 https://registry.vlt.io/npm/magic-string 30ms (cache miss)
npm http fetch GET 200 https://registry.vlt.io/npm/is-reference 38ms (cache miss)
npm http fetch GET 200 https://registry.vlt.io/npm/@types%2festree 42ms (cache miss)
npm http fetch GET 200 https://registry.vlt.io/npm/axobject-query 33ms (cache miss)
npm http fetch GET 200 https://registry.vlt.io/npm/locate-character 39ms (cache miss)
npm http fetch GET 200 https://registry.vlt.io/npm/@types%2ftrusted-types 33ms (cache miss)
npm http fetch GET 200 https://registry.vlt.io/npm/@jridgewell%2fremapping 33ms (cache miss)
npm http fetch GET 200 https://registry.vlt.io/npm/@sveltejs%2facorn-typescript 43ms (cache miss)
npm http fetch GET 200 https://registry.vlt.io/npm/@jridgewell%2fsourcemap-codec 35ms (cache miss)
npm http fetch GET 200 https://registry.vlt.io/npm/import-meta-resolve 36ms (cache miss)
npm http fetch GET 200 https://registry.vlt.io/npm/sirv 34ms (cache miss)
npm http fetch GET 200 https://registry.vlt.io/npm/acorn 37ms (cache revalidated)
npm http fetch GET 200 https://registry.vlt.io/npm/kleur 29ms (cache miss)
npm http fetch GET 200 https://registry.vlt.io/npm/cookie 33ms (cache miss)
npm http fetch GET 200 https://registry.vlt.io/npm/mrmime 33ms (cache miss)
npm http fetch GET 200 https://registry.vlt.io/npm/esm-env 43ms (cache revalidated)
npm http fetch GET 200 https://registry.vlt.io/npm/@types%2fcookie 32ms (cache miss)
npm http fetch GET 200 https://registry.vlt.io/npm/magic-string 42ms (cache revalidated)
npm http fetch GET 200 https://registry.vlt.io/npm/set-cookie-parser 42ms (cache miss)
npm http fetch GET 200 https://registry.vlt.io/npm/debug 32ms (cache miss)
npm http fetch GET 200 https://registry.vlt.io/npm/@standard-schema%2fspec 48ms (cache miss)
npm http fetch GET 200 https://registry.vlt.io/npm/vitefu 38ms (cache miss)
npm http fetch GET 200 https://registry.vlt.io/npm/deepmerge 31ms (cache miss)
npm http fetch GET 200 https://registry.vlt.io/npm/@sveltejs%2fvite-plugin-svelte-inspector 32ms (cache miss)
npm http fetch GET 200 https://registry.vlt.io/npm/fdir 31ms (cache miss)
npm http fetch GET 200 https://registry.vlt.io/npm/esbuild 37ms (cache miss)
npm http fetch GET 200 https://registry.vlt.io/npm/postcss 40ms (cache revalidated)
npm http fetch GET 200 https://registry.vlt.io/npm/rollup 78ms (cache miss)
npm http fetch GET 200 https://registry.vlt.io/npm/picomatch 55ms (cache miss)
npm http fetch GET 200 https://registry.vlt.io/npm/tinyglobby 37ms (cache miss)
npm http fetch GET 200 https://registry.vlt.io/npm/fsevents 31ms (cache miss)
npm http fetch GET 200 https://registry.vlt.io/npm/fdir 35ms (cache revalidated)
npm http fetch GET 200 https://registry.vlt.io/npm/sade 37ms (cache miss)
npm http fetch GET 200 https://registry.vlt.io/npm/chokidar 36ms (cache miss)
npm http fetch GET 200 https://registry.vlt.io/npm/picocolors 31ms (cache miss)
npm http fetch GET 200 https://registry.vlt.io/npm/@jridgewell%2ftrace-mapping 32ms (cache miss)
npm http fetch GET 200 https://registry.vlt.io/npm/@jridgewell%2fsourcemap-codec 34ms (cache revalidated)
npm http fetch GET 200 https://registry.vlt.io/npm/totalist 35ms (cache miss)
npm http fetch GET 200 https://registry.vlt.io/npm/@polka%2furl 36ms (cache miss)
npm http fetch GET 200 https://registry.vlt.io/npm/ms 32ms (cache miss)
npm http fetch GET 200 https://registry.vlt.io/npm/debug 35ms (cache revalidated)
npm http fetch GET 200 https://registry.vlt.io/npm/@typescript-eslint%2ftypes 48ms (cache miss)
npm http fetch GET 200 https://registry.vlt.io/npm/@jridgewell%2fgen-mapping 31ms (cache miss)
npm http fetch GET 200 https://registry.vlt.io/npm/@jridgewell%2ftrace-mapping 35ms (cache revalidated)
npm http fetch GET 200 https://registry.vlt.io/npm/@jridgewell%2fresolve-uri 34ms (cache miss)
npm http fetch GET 200 https://registry.vlt.io/npm/picomatch 31ms (cache revalidated)
npm http fetch GET 200 https://registry.vlt.io/npm/mri 35ms (cache miss)
npm http fetch GET 200 https://registry.vlt.io/npm/readdirp 36ms (cache miss)
npm http fetch GET 200 https://registry.vlt.io/npm/@esbuild%2flinux-x64 35ms (cache miss)
npm http fetch GET 200 https://registry.vlt.io/npm/@esbuild%2faix-ppc64 37ms (cache miss)
npm http fetch GET 200 https://registry.vlt.io/npm/@esbuild%2flinux-arm 38ms (cache miss)
npm http fetch GET 200 https://registry.vlt.io/npm/@esbuild%2fdarwin-x64 33ms (cache miss)
npm http fetch GET 200 https://registry.vlt.io/npm/@esbuild%2fsunos-x64 37ms (cache miss)
npm http fetch GET 200 https://registry.vlt.io/npm/@esbuild%2fwin32-x64 38ms (cache miss)
npm http fetch GET 200 https://registry.vlt.io/npm/@esbuild%2fnetbsd-x64 31ms (cache miss)
npm http fetch GET 200 https://registry.vlt.io/npm/@esbuild%2flinux-ia32 34ms (cache miss)
npm http fetch GET 200 https://registry.vlt.io/npm/@esbuild%2fwin32-ia32 36ms (cache miss)
npm http fetch GET 200 https://registry.vlt.io/npm/@esbuild%2fandroid-x64 34ms (cache miss)
npm http fetch GET 200 https://registry.vlt.io/npm/@esbuild%2ffreebsd-x64 34ms (cache miss)
npm http fetch GET 200 https://registry.vlt.io/npm/@esbuild%2fandroid-arm 42ms (cache miss)
npm http fetch GET 200 https://registry.vlt.io/npm/@esbuild%2flinux-arm64 35ms (cache miss)
npm http fetch GET 200 https://registry.vlt.io/npm/@esbuild%2flinux-ppc64 36ms (cache miss)
npm http fetch GET 200 https://registry.vlt.io/npm/@esbuild%2flinux-s390x 35ms (cache miss)
npm http fetch GET 200 https://registry.vlt.io/npm/@esbuild%2fopenbsd-x64 38ms (cache miss)
npm http fetch GET 200 https://registry.vlt.io/npm/@esbuild%2fwin32-arm64 35ms (cache miss)
npm http fetch GET 200 https://registry.vlt.io/npm/@esbuild%2fdarwin-arm64 34ms (cache miss)
npm http fetch GET 200 https://registry.vlt.io/npm/@esbuild%2fnetbsd-arm64 34ms (cache miss)
npm http fetch GET 200 https://registry.vlt.io/npm/@esbuild%2fandroid-arm64 35ms (cache miss)
npm http fetch GET 200 https://registry.vlt.io/npm/@esbuild%2ffreebsd-arm64 36ms (cache miss)
npm http fetch GET 200 https://registry.vlt.io/npm/@esbuild%2flinux-loong64 34ms (cache miss)
npm http fetch GET 200 https://registry.vlt.io/npm/@esbuild%2flinux-riscv64 33ms (cache miss)
npm http fetch GET 200 https://registry.vlt.io/npm/@esbuild%2fopenbsd-arm64 35ms (cache miss)
npm http fetch GET 200 https://registry.vlt.io/npm/@esbuild%2fopenharmony-arm64 33ms (cache miss)
npm http fetch GET 200 https://registry.vlt.io/npm/@esbuild%2flinux-mips64el 36ms (cache miss)
npm http fetch GET 200 https://registry.vlt.io/npm/nanoid 44ms (cache miss)
npm http fetch GET 200 https://registry.vlt.io/npm/source-map-js 33ms (cache miss)
npm http fetch GET 200 https://registry.vlt.io/npm/@rollup%2frollup-darwin-x64 35ms (cache miss)
npm http fetch GET 200 https://registry.vlt.io/npm/@rollup%2frollup-freebsd-x64 30ms (cache miss)
npm http fetch GET 200 https://registry.vlt.io/npm/@rollup%2frollup-openbsd-x64 33ms (cache miss)
npm http fetch GET 200 https://registry.vlt.io/npm/@rollup%2frollup-android-arm64 30ms (cache miss)
npm http fetch GET 200 https://registry.vlt.io/npm/@rollup%2frollup-darwin-arm64 43ms (cache miss)
npm http fetch GET 200 https://registry.vlt.io/npm/@rollup%2frollup-freebsd-arm64 34ms (cache miss)
npm http fetch GET 200 https://registry.vlt.io/npm/@rollup%2frollup-linux-x64-gnu 37ms (cache miss)
npm http fetch GET 200 https://registry.vlt.io/npm/@rollup%2frollup-win32-x64-gnu 37ms (cache miss)
npm http fetch GET 200 https://registry.vlt.io/npm/@rollup%2frollup-linux-x64-musl 38ms (cache miss)
npm http fetch GET 200 https://registry.vlt.io/npm/@rollup%2frollup-linux-arm64-gnu 32ms (cache miss)
npm http fetch GET 200 https://registry.vlt.io/npm/@rollup%2frollup-win32-x64-msvc 45ms (cache miss)
npm http fetch GET 200 https://registry.vlt.io/npm/@rollup%2frollup-linux-ppc64-gnu 40ms (cache miss)
npm http fetch GET 200 https://registry.vlt.io/npm/@rollup%2frollup-linux-s390x-gnu 34ms (cache miss)
npm http fetch GET 200 https://registry.vlt.io/npm/@rollup%2frollup-win32-ia32-msvc 32ms (cache miss)
npm http fetch GET 200 https://registry.vlt.io/npm/@rollup%2frollup-android-arm-eabi 37ms (cache miss)
npm http fetch GET 200 https://registry.vlt.io/npm/@rollup%2frollup-linux-arm64-musl 35ms (cache miss)
npm http fetch GET 200 https://registry.vlt.io/npm/@rollup%2frollup-linux-ppc64-musl 45ms (cache miss)
npm http fetch GET 200 https://registry.vlt.io/npm/@rollup%2frollup-linux-loong64-gnu 29ms (cache miss)
npm http fetch GET 200 https://registry.vlt.io/npm/@rollup%2frollup-win32-arm64-msvc 42ms (cache miss)
npm http fetch GET 200 https://registry.vlt.io/npm/@rollup%2frollup-linux-riscv64-gnu 42ms (cache miss)
npm http fetch GET 200 https://registry.vlt.io/npm/@rollup%2frollup-openharmony-arm64 33ms (cache miss)
npm http fetch GET 200 https://registry.vlt.io/npm/@rollup%2frollup-linux-loong64-musl 31ms (cache miss)
npm http fetch GET 200 https://registry.vlt.io/npm/@rollup%2frollup-linux-riscv64-musl 33ms (cache miss)
npm http fetch GET 200 https://registry.vlt.io/npm/@rollup%2frollup-linux-arm-gnueabihf 33ms (cache miss)
npm http fetch GET 200 https://registry.vlt.io/npm/@rollup%2frollup-linux-arm-musleabihf 32ms (cache miss)
npm http fetch GET 200 https://registry.vlt.io/npm/nanoid/-/nanoid-3.3.11.tgz 79ms (cache miss)
npm http fetch GET 200 https://registry.vlt.io/npm/@jridgewell/resolve-uri/-/resolve-uri-3.1.2.tgz 127ms (cache miss)
npm http fetch GET 200 https://registry.vlt.io/npm/sade/-/sade-1.8.1.tgz 172ms (cache miss)
npm http fetch GET 200 https://registry.vlt.io/npm/readdirp/-/readdirp-4.1.2.tgz 173ms (cache miss)
npm http fetch GET 200 https://registry.vlt.io/npm/tinyglobby/-/tinyglobby-0.2.16.tgz 188ms (cache miss)
npm http fetch GET 200 https://registry.vlt.io/npm/mri/-/mri-1.2.0.tgz 203ms (cache miss)
npm http fetch GET 200 https://registry.vlt.io/npm/fdir/-/fdir-6.5.0.tgz 203ms (cache miss)
npm http fetch GET 200 https://registry.vlt.io/npm/picocolors/-/picocolors-1.1.1.tgz 212ms (cache miss)
npm http fetch GET 200 https://registry.vlt.io/npm/clsx/-/clsx-2.1.1.tgz 212ms (cache miss)
npm http fetch GET 200 https://registry.vlt.io/npm/zimmerframe/-/zimmerframe-1.1.4.tgz 218ms (cache miss)
npm http fetch GET 200 https://registry.vlt.io/npm/locate-character/-/locate-character-3.0.0.tgz 218ms (cache miss)
npm http fetch GET 200 https://registry.vlt.io/npm/esbuild/-/esbuild-0.25.12.tgz 248ms (cache miss)
npm http fetch GET 200 https://registry.vlt.io/npm/source-map-js/-/source-map-js-1.2.1.tgz 255ms (cache miss)
npm http fetch GET 200 https://registry.vlt.io/npm/@types/trusted-types/-/trusted-types-2.0.7.tgz 256ms (cache miss)
npm http fetch GET 200 https://registry.vlt.io/npm/@types/estree/-/estree-1.0.8.tgz 263ms (cache miss)
npm http fetch GET 200 https://registry.vlt.io/npm/@jridgewell/remapping/-/remapping-2.3.5.tgz 262ms (cache miss)
npm http fetch GET 200 https://registry.vlt.io/npm/is-reference/-/is-reference-3.0.3.tgz 266ms (cache miss)
npm http fetch GET 200 https://registry.vlt.io/npm/picomatch/-/picomatch-4.0.4.tgz 273ms (cache miss)
npm http fetch GET 200 https://registry.vlt.io/npm/totalist/-/totalist-3.0.1.tgz 268ms (cache miss)
npm http fetch GET 200 https://registry.vlt.io/npm/vitefu/-/vitefu-1.1.3.tgz 268ms (cache miss)
npm http fetch GET 200 https://registry.vlt.io/npm/@polka/url/-/url-1.0.0-next.29.tgz 274ms (cache miss)
npm http fetch GET 200 https://registry.vlt.io/npm/deepmerge/-/deepmerge-4.3.1.tgz 275ms (cache miss)
npm http fetch GET 200 https://registry.vlt.io/npm/ms/-/ms-2.1.3.tgz 275ms (cache miss)
npm http fetch GET 200 https://registry.vlt.io/npm/set-cookie-parser/-/set-cookie-parser-3.1.0.tgz 277ms (cache miss)
npm http fetch GET 200 https://registry.vlt.io/npm/sirv/-/sirv-3.0.2.tgz 278ms (cache miss)
npm http fetch GET 200 https://registry.vlt.io/npm/mrmime/-/mrmime-2.0.1.tgz 277ms (cache miss)
npm http fetch GET 200 https://registry.vlt.io/npm/debug/-/debug-4.4.3.tgz 278ms (cache miss)
npm http fetch GET 200 https://registry.vlt.io/npm/esm-env/-/esm-env-1.2.2.tgz 280ms (cache miss)
npm http fetch GET 200 https://registry.vlt.io/npm/kleur/-/kleur-4.1.5.tgz 280ms (cache miss)
npm http fetch GET 200 https://registry.vlt.io/npm/chokidar/-/chokidar-4.0.3.tgz 288ms (cache miss)
npm http fetch GET 200 https://registry.vlt.io/npm/devalue/-/devalue-5.7.1.tgz 284ms (cache miss)
npm http fetch GET 200 https://registry.vlt.io/npm/@standard-schema/spec/-/spec-1.1.0.tgz 284ms (cache miss)
npm http fetch GET 200 https://registry.vlt.io/npm/@types/cookie/-/cookie-0.6.0.tgz 285ms (cache miss)
npm http fetch GET 200 https://registry.vlt.io/npm/cookie/-/cookie-0.6.0.tgz 288ms (cache miss)
npm http fetch GET 200 https://registry.vlt.io/npm/@sveltejs/acorn-typescript/-/acorn-typescript-1.0.9.tgz 288ms (cache miss)
npm http fetch GET 200 https://registry.vlt.io/npm/@sveltejs/adapter-auto/-/adapter-auto-3.3.1.tgz 288ms (cache miss)
npm http fetch GET 200 https://registry.vlt.io/npm/@neoconfetti/svelte/-/svelte-2.2.2.tgz 293ms (cache miss)
npm http fetch GET 200 https://registry.vlt.io/npm/@sveltejs/vite-plugin-svelte-inspector/-/vite-plugin-svelte-inspector-4.0.1.tgz 308ms (cache miss)
npm http fetch GET 200 https://registry.vlt.io/npm/esrap/-/esrap-2.2.5.tgz 326ms (cache miss)
npm http fetch GET 200 https://registry.vlt.io/npm/magic-string/-/magic-string-0.30.21.tgz 335ms (cache miss)
npm http fetch GET 200 https://registry.vlt.io/npm/import-meta-resolve/-/import-meta-resolve-4.2.0.tgz 337ms (cache miss)
npm http fetch GET 200 https://registry.vlt.io/npm/acorn/-/acorn-8.16.0.tgz 338ms (cache miss)
npm http fetch GET 200 https://registry.vlt.io/npm/@jridgewell/sourcemap-codec/-/sourcemap-codec-1.5.5.tgz 357ms (cache miss)
npm http fetch GET 200 https://registry.vlt.io/npm/@jridgewell/gen-mapping/-/gen-mapping-0.3.13.tgz 367ms (cache miss)
npm http fetch GET 200 https://registry.vlt.io/npm/@rollup/rollup-linux-arm64-gnu/-/rollup-linux-arm64-gnu-4.60.2.tgz 375ms (cache miss)
npm http fetch GET 200 https://registry.vlt.io/npm/@jridgewell/trace-mapping/-/trace-mapping-0.3.31.tgz 399ms (cache miss)
npm http fetch GET 200 https://registry.vlt.io/npm/@sveltejs/vite-plugin-svelte/-/vite-plugin-svelte-5.1.1.tgz 408ms (cache miss)
npm http fetch GET 200 https://registry.vlt.io/npm/postcss/-/postcss-8.5.10.tgz 419ms (cache miss)
npm http fetch GET 200 https://registry.vlt.io/npm/@fontsource/fira-mono/-/fira-mono-5.2.7.tgz 451ms (cache miss)
npm http fetch GET 200 https://registry.vlt.io/npm/rollup/-/rollup-4.60.2.tgz 477ms (cache miss)
npm http fetch GET 200 https://registry.vlt.io/npm/vite/-/vite-6.4.2.tgz 482ms (cache miss)
npm http fetch GET 200 https://registry.vlt.io/npm/svelte-check/-/svelte-check-4.4.6.tgz 504ms (cache miss)
npm http fetch GET 200 https://registry.vlt.io/npm/@esbuild/linux-arm64/-/linux-arm64-0.25.12.tgz 583ms (cache miss)
npm http fetch GET 200 https://registry.vlt.io/npm/axobject-query/-/axobject-query-4.1.0.tgz 608ms (cache miss)
npm http fetch GET 200 https://registry.vlt.io/npm/@sveltejs/kit/-/kit-2.57.1.tgz 652ms (cache miss)
npm http fetch GET 200 https://registry.vlt.io/npm/aria-query/-/aria-query-5.3.1.tgz 664ms (cache miss)
npm http fetch GET 200 https://registry.vlt.io/npm/typescript/-/typescript-5.9.3.tgz 709ms (cache miss)
npm http fetch GET 200 https://registry.vlt.io/npm/svelte/-/svelte-5.55.4.tgz 795ms (cache miss)

added 58 packages in 4s
