[zpm prepare]
cwd:
/home/runner/work/benchmarks/benchmarks/fixtures/astro
package.json:
-rw-r--r-- 1 runner runner 281 May 11 16:48 package.json
yarn path:
/home/runner/.yarn/switch/bin/yarn
yarn version:
4.14.1
canary version:
6.0.0-rc.18
packageManager (before):
"yarn@4.14.1"
set packageManager=yarn@6.0.0-rc.18:
packageManager (after):
"yarn@6.0.0-rc.18"
[zpm prepare]
cwd:
/home/runner/work/benchmarks/benchmarks/fixtures/astro
package.json:
-rw-r--r-- 1 runner runner 287 May 11 16:48 package.json
yarn path:
/home/runner/.yarn/switch/bin/yarn
yarn version:
6.0.0-rc.18.local
canary version:
6.0.0-rc.18
packageManager (before):
"yarn@6.0.0-rc.18"
set packageManager=yarn@6.0.0-rc.18:
packageManager (after):
"yarn@6.0.0-rc.18"
[zpm prepare]
cwd:
/home/runner/work/benchmarks/benchmarks/fixtures/astro
package.json:
-rw-r--r-- 1 runner runner 287 May 11 16:48 package.json
yarn path:
/home/runner/.yarn/switch/bin/yarn
yarn version:
6.0.0-rc.18.local
canary version:
6.0.0-rc.18
packageManager (before):
"yarn@6.0.0-rc.18"
set packageManager=yarn@6.0.0-rc.18:
packageManager (after):
"yarn@6.0.0-rc.18"
[zpm prepare]
cwd:
/home/runner/work/benchmarks/benchmarks/fixtures/astro
package.json:
-rw-r--r-- 1 runner runner 287 May 11 16:48 package.json
yarn path:
/home/runner/.yarn/switch/bin/yarn
yarn version:
6.0.0-rc.18.local
canary version:
6.0.0-rc.18
packageManager (before):
"yarn@6.0.0-rc.18"
set packageManager=yarn@6.0.0-rc.18:
packageManager (after):
"yarn@6.0.0-rc.18"
[zpm prepare]
cwd:
/home/runner/work/benchmarks/benchmarks/fixtures/astro
package.json:
-rw-r--r-- 1 runner runner 287 May 11 16:48 package.json
yarn path:
/home/runner/.yarn/switch/bin/yarn
yarn version:
6.0.0-rc.18.local
canary version:
6.0.0-rc.18
packageManager (before):
"yarn@6.0.0-rc.18"
set packageManager=yarn@6.0.0-rc.18:
packageManager (after):
"yarn@6.0.0-rc.18"
[zpm prepare]
cwd:
/home/runner/work/benchmarks/benchmarks/fixtures/astro
package.json:
-rw-r--r-- 1 runner runner 287 May 11 16:48 package.json
yarn path:
/home/runner/.yarn/switch/bin/yarn
yarn version:
6.0.0-rc.18.local
canary version:
6.0.0-rc.18
packageManager (before):
"yarn@6.0.0-rc.18"
set packageManager=yarn@6.0.0-rc.18:
packageManager (after):
"yarn@6.0.0-rc.18"
[zpm prepare]
cwd:
/home/runner/work/benchmarks/benchmarks/fixtures/astro
package.json:
-rw-r--r-- 1 runner runner 287 May 11 16:48 package.json
yarn path:
/home/runner/.yarn/switch/bin/yarn
yarn version:
6.0.0-rc.18.local
canary version:
6.0.0-rc.18
packageManager (before):
"yarn@6.0.0-rc.18"
set packageManager=yarn@6.0.0-rc.18:
packageManager (after):
"yarn@6.0.0-rc.18"
