Error:   × installing dependencies
  ├─▶ failed to import "/home/runner/.local/share/pnpm/store/v11/files/20/
  │   c7484509235ff553e9097718d5f94ea65b89a5604687f330216bf0d8e73ccc207c78f6cf
  │   eadc44f815e3df1f50ed1d8a206c1b51a8847e70e1ccfc8051e974" to "/home/
  │   runner/work/benchmarks/benchmarks/fixtures/astro/node_modules/.pnpm/
  │   @prisma+get-platform@7.8.0/node_modules/@prisma/get-platform/dist/test-
  │   utils/jestContext.d.ts": No such file or directory (os error 2)
  ├─▶ failed to import "/home/runner/.local/share/pnpm/store/v11/files/20/
  │   c7484509235ff553e9097718d5f94ea65b89a5604687f330216bf0d8e73ccc207c78f6cf
  │   eadc44f815e3df1f50ed1d8a206c1b51a8847e70e1ccfc8051e974" to "/home/
  │   runner/work/benchmarks/benchmarks/fixtures/astro/node_modules/.pnpm/
  │   @prisma+get-platform@7.8.0/node_modules/@prisma/get-platform/dist/test-
  │   utils/jestContext.d.ts": No such file or directory (os error 2)
  ├─▶ failed to import "/home/runner/.local/share/pnpm/store/v11/files/20/
  │   c7484509235ff553e9097718d5f94ea65b89a5604687f330216bf0d8e73ccc207c78f6cf
  │   eadc44f815e3df1f50ed1d8a206c1b51a8847e70e1ccfc8051e974" to "/home/
  │   runner/work/benchmarks/benchmarks/fixtures/astro/node_modules/.pnpm/
  │   @prisma+get-platform@7.8.0/node_modules/@prisma/get-platform/dist/test-
  │   utils/jestContext.d.ts": No such file or directory (os error 2)
  ├─▶ failed to import "/home/runner/.local/share/pnpm/store/v11/files/20/
  │   c7484509235ff553e9097718d5f94ea65b89a5604687f330216bf0d8e73ccc207c78f6cf
  │   eadc44f815e3df1f50ed1d8a206c1b51a8847e70e1ccfc8051e974" to "/home/
  │   runner/work/benchmarks/benchmarks/fixtures/astro/node_modules/.pnpm/
  │   @prisma+get-platform@7.8.0/node_modules/@prisma/get-platform/dist/test-
  │   utils/jestContext.d.ts": No such file or directory (os error 2)
  ├─▶ failed to import "/home/runner/.local/share/pnpm/store/v11/files/20/
  │   c7484509235ff553e9097718d5f94ea65b89a5604687f330216bf0d8e73ccc207c78f6cf
  │   eadc44f815e3df1f50ed1d8a206c1b51a8847e70e1ccfc8051e974" to "/home/
  │   runner/work/benchmarks/benchmarks/fixtures/astro/node_modules/.pnpm/
  │   @prisma+get-platform@7.8.0/node_modules/@prisma/get-platform/dist/test-
  │   utils/jestContext.d.ts": No such file or directory (os error 2)
  ╰─▶ No such file or directory (os error 2)

