[zpm prepare]
cwd:
/home/runner/work/benchmarks/benchmarks/fixtures/astro
package.json:
-rw-r--r-- 1 runner runner 267 Jul 29 11:10 package.json
yarn path:
/home/runner/.yarn/switch/bin/yarn
yarn version:
1.22.22
canary version:
6.0.0-rc.19
packageManager (before):
set packageManager=yarn@6.0.0-rc.19:
packageManager (after):
yarn@6.0.0-rc.19
[zpm prepare]
cwd:
/home/runner/work/benchmarks/benchmarks/fixtures/astro
package.json:
-rw-r--r-- 1 runner runner 267 Jul 29 11:11 package.json
yarn path:
/home/runner/.yarn/switch/bin/yarn
yarn version:
1.22.22
canary version:
6.0.0-rc.19
packageManager (before):
set packageManager=yarn@6.0.0-rc.19:
packageManager (after):
yarn@6.0.0-rc.19
[zpm prepare]
cwd:
/home/runner/work/benchmarks/benchmarks/fixtures/astro
package.json:
-rw-r--r-- 1 runner runner 267 Jul 29 11:11 package.json
yarn path:
/home/runner/.yarn/switch/bin/yarn
yarn version:
1.22.22
canary version:
6.0.0-rc.19
packageManager (before):
set packageManager=yarn@6.0.0-rc.19:
packageManager (after):
yarn@6.0.0-rc.19
[zpm prepare]
cwd:
/home/runner/work/benchmarks/benchmarks/fixtures/astro
package.json:
-rw-r--r-- 1 runner runner 267 Jul 29 11:11 package.json
yarn path:
/home/runner/.yarn/switch/bin/yarn
yarn version:
1.22.22
canary version:
6.0.0-rc.19
packageManager (before):
set packageManager=yarn@6.0.0-rc.19:
packageManager (after):
yarn@6.0.0-rc.19
[zpm prepare]
cwd:
/home/runner/work/benchmarks/benchmarks/fixtures/astro
package.json:
-rw-r--r-- 1 runner runner 267 Jul 29 11:11 package.json
yarn path:
/home/runner/.yarn/switch/bin/yarn
yarn version:
1.22.22
canary version:
6.0.0-rc.19
packageManager (before):
set packageManager=yarn@6.0.0-rc.19:
packageManager (after):
yarn@6.0.0-rc.19
[zpm prepare]
cwd:
/home/runner/work/benchmarks/benchmarks/fixtures/astro
package.json:
-rw-r--r-- 1 runner runner 267 Jul 29 11:11 package.json
yarn path:
/home/runner/.yarn/switch/bin/yarn
yarn version:
1.22.22
canary version:
6.0.0-rc.19
packageManager (before):
set packageManager=yarn@6.0.0-rc.19:
packageManager (after):
yarn@6.0.0-rc.19
[zpm prepare]
cwd:
/home/runner/work/benchmarks/benchmarks/fixtures/astro
package.json:
-rw-r--r-- 1 runner runner 267 Jul 29 11:11 package.json
yarn path:
/home/runner/.yarn/switch/bin/yarn
yarn version:
1.22.22
canary version:
6.0.0-rc.19
packageManager (before):
set packageManager=yarn@6.0.0-rc.19:
packageManager (after):
yarn@6.0.0-rc.19
[zpm prepare]
cwd:
/home/runner/work/benchmarks/benchmarks/fixtures/astro
package.json:
-rw-r--r-- 1 runner runner 267 Jul 29 11:14 package.json
yarn path:
/home/runner/.yarn/switch/bin/yarn
yarn version:
1.22.22
canary version:
6.0.0-rc.19
packageManager (before):
set packageManager=yarn@6.0.0-rc.19:
packageManager (after):
yarn@6.0.0-rc.19
