Error: unexpected end of file

Full details written to: /home/runner/.local/share/vlt/error-logs/error-16709.log

Full details:
Error: unexpected end of file
    at genericNodeError (node:internal/errors:985:15)
    at wrappedFn (node:internal/errors:539:14)
    at Zlib.zlibOnError [as onerror] (node:zlib:190:17)
    at processChunkSync (node:zlib:422:12)
    at zlibBufferSync (node:zlib:179:12)
    at syncBufferWrapper (node:zlib:789:14)
    at _CacheEntry.unzip (file:///opt/hostedtoolcache/node/24.16.0/arm64/lib/node_modules/vlt/chunk-DI2CYYXF.js:25535:17)
    at _CacheEntry.text (file:///opt/hostedtoolcache/node/24.16.0/arm64/lib/node_modules/vlt/chunk-DI2CYYXF.js:25552:10)
    at _CacheEntry.json (file:///opt/hostedtoolcache/node/24.16.0/arm64/lib/node_modules/vlt/chunk-DI2CYYXF.js:25560:23)
    at _CacheEntry.encode (file:///opt/hostedtoolcache/node/24.16.0/arm64/lib/node_modules/vlt/chunk-DI2CYYXF.js:25630:27) {
  errno: -5,
  code: 'Z_BUF_ERROR',
  cause: { errno: -5, code: 'Z_BUF_ERROR' }
}

Open an issue with the full error details at:
  https://github.com/vltpkg/vltpkg/issues/new
