[zpm prepare]
cwd:
/home/runner/work/benchmarks/benchmarks/fixtures/large
package.json:
-rw-r--r-- 1 runner runner 3660 Apr 21 10:54 package.json
yarn path:
/home/runner/.yarn/switch/bin/yarn
yarn version:
4.14.1
canary version:
6.0.0-rc.17
packageManager (before):
"yarn@4.14.1"
set packageManager=yarn@6.0.0-rc.17:
packageManager (after):
"yarn@6.0.0-rc.17"
[zpm prepare]
cwd:
/home/runner/work/benchmarks/benchmarks/fixtures/large
package.json:
-rw-r--r-- 1 runner runner 3660 Apr 21 10:55 package.json
yarn path:
/home/runner/.yarn/switch/bin/yarn
yarn version:
4.14.1
canary version:
6.0.0-rc.17
packageManager (before):
"yarn@4.14.1"
set packageManager=yarn@6.0.0-rc.17:
packageManager (after):
"yarn@6.0.0-rc.17"
[zpm prepare]
cwd:
/home/runner/work/benchmarks/benchmarks/fixtures/large
package.json:
-rw-r--r-- 1 runner runner 3660 Apr 21 10:55 package.json
yarn path:
/home/runner/.yarn/switch/bin/yarn
yarn version:
4.14.1
canary version:
6.0.0-rc.17
packageManager (before):
"yarn@4.14.1"
set packageManager=yarn@6.0.0-rc.17:
packageManager (after):
"yarn@6.0.0-rc.17"
[zpm prepare]
cwd:
/home/runner/work/benchmarks/benchmarks/fixtures/large
package.json:
-rw-r--r-- 1 runner runner 3660 Apr 21 10:55 package.json
yarn path:
/home/runner/.yarn/switch/bin/yarn
yarn version:
4.14.1
canary version:
6.0.0-rc.17
packageManager (before):
"yarn@4.14.1"
set packageManager=yarn@6.0.0-rc.17:
packageManager (after):
"yarn@6.0.0-rc.17"
[zpm prepare]
cwd:
/home/runner/work/benchmarks/benchmarks/fixtures/large
package.json:
-rw-r--r-- 1 runner runner 3660 Apr 21 11:07 package.json
yarn path:
/home/runner/.yarn/switch/bin/yarn
yarn version:
4.14.1
canary version:
6.0.0-rc.17
packageManager (before):
"yarn@4.14.1"
set packageManager=yarn@6.0.0-rc.17:
packageManager (after):
"yarn@6.0.0-rc.17"
