packages/dev/sharedUiComponents          | [WARN] The field "resolutions" was found in /home/runner/work/benchmarks/benchmarks/fixtures/babylon/packages/dev/sharedUiComponents/package.json. This will not take effect. Configure dependency overrides in pnpm-workspace.yaml using the "overrides" field instead.
Scope: all 87 workspace projects
? Verifying lockfile against supply-chain policies (1661 entries)...
Lockfile is up to date, resolution step is skipped
Already up to date
✓ Lockfile passes supply-chain policies (1661 entries in 6.7s)
[WARN] Failed to create bin at /home/runner/work/benchmarks/benchmarks/fixtures/babylon/node_modules/.bin/build-tools. ENOENT: no such file or directory, open '/home/runner/work/benchmarks/benchmarks/fixtures/babylon/packages/dev/buildTools/dist/index.js'
[WARN] Failed to create bin at /home/runner/work/benchmarks/benchmarks/fixtures/babylon/packages/dev/core/node_modules/.bin/build-tools. ENOENT: no such file or directory, open '/home/runner/work/benchmarks/benchmarks/fixtures/babylon/packages/dev/buildTools/dist/index.js'
[WARN] Failed to create bin at /home/runner/work/benchmarks/benchmarks/fixtures/babylon/packages/dev/lottiePlayer/node_modules/.bin/build-tools. ENOENT: no such file or directory, open '/home/runner/work/benchmarks/benchmarks/fixtures/babylon/packages/dev/buildTools/dist/index.js'
[WARN] Failed to create bin at /home/runner/work/benchmarks/benchmarks/fixtures/babylon/packages/dev/materials/node_modules/.bin/build-tools. ENOENT: no such file or directory, open '/home/runner/work/benchmarks/benchmarks/fixtures/babylon/packages/dev/buildTools/dist/index.js'
[WARN] Failed to create bin at /home/runner/work/benchmarks/benchmarks/fixtures/babylon/packages/dev/postProcesses/node_modules/.bin/build-tools. ENOENT: no such file or directory, open '/home/runner/work/benchmarks/benchmarks/fixtures/babylon/packages/dev/buildTools/dist/index.js'
[WARN] Failed to create bin at /home/runner/work/benchmarks/benchmarks/fixtures/babylon/packages/dev/proceduralTextures/node_modules/.bin/build-tools. ENOENT: no such file or directory, open '/home/runner/work/benchmarks/benchmarks/fixtures/babylon/packages/dev/buildTools/dist/index.js'
[WARN] Failed to create bin at /home/runner/work/benchmarks/benchmarks/fixtures/babylon/packages/dev/smartFilters/node_modules/.bin/build-tools. ENOENT: no such file or directory, open '/home/runner/work/benchmarks/benchmarks/fixtures/babylon/packages/dev/buildTools/dist/index.js'
[WARN] Failed to create bin at /home/runner/work/benchmarks/benchmarks/fixtures/babylon/packages/public/@babylonjs/addons/node_modules/.bin/build-tools. ENOENT: no such file or directory, open '/home/runner/work/benchmarks/benchmarks/fixtures/babylon/packages/dev/buildTools/dist/index.js'
[WARN] Failed to create bin at /home/runner/work/benchmarks/benchmarks/fixtures/babylon/packages/public/@babylonjs/core/node_modules/.bin/build-tools. ENOENT: no such file or directory, open '/home/runner/work/benchmarks/benchmarks/fixtures/babylon/packages/dev/buildTools/dist/index.js'
[WARN] Failed to create bin at /home/runner/work/benchmarks/benchmarks/fixtures/babylon/packages/public/@babylonjs/gui/node_modules/.bin/build-tools. ENOENT: no such file or directory, open '/home/runner/work/benchmarks/benchmarks/fixtures/babylon/packages/dev/buildTools/dist/index.js'
[WARN] Failed to create bin at /home/runner/work/benchmarks/benchmarks/fixtures/babylon/packages/public/@babylonjs/inspector-v2/node_modules/.bin/build-tools. ENOENT: no such file or directory, open '/home/runner/work/benchmarks/benchmarks/fixtures/babylon/packages/dev/buildTools/dist/index.js'
[WARN] Failed to create bin at /home/runner/work/benchmarks/benchmarks/fixtures/babylon/packages/public/@babylonjs/ktx2decoder/node_modules/.bin/build-tools. ENOENT: no such file or directory, open '/home/runner/work/benchmarks/benchmarks/fixtures/babylon/packages/dev/buildTools/dist/index.js'
[WARN] Failed to create bin at /home/runner/work/benchmarks/benchmarks/fixtures/babylon/packages/public/@babylonjs/loaders/node_modules/.bin/build-tools. ENOENT: no such file or directory, open '/home/runner/work/benchmarks/benchmarks/fixtures/babylon/packages/dev/buildTools/dist/index.js'
[WARN] Failed to create bin at /home/runner/work/benchmarks/benchmarks/fixtures/babylon/packages/public/@babylonjs/lottiePlayer/node_modules/.bin/build-tools. ENOENT: no such file or directory, open '/home/runner/work/benchmarks/benchmarks/fixtures/babylon/packages/dev/buildTools/dist/index.js'
[WARN] Failed to create bin at /home/runner/work/benchmarks/benchmarks/fixtures/babylon/packages/public/@babylonjs/materials/node_modules/.bin/build-tools. ENOENT: no such file or directory, open '/home/runner/work/benchmarks/benchmarks/fixtures/babylon/packages/dev/buildTools/dist/index.js'
[WARN] Failed to create bin at /home/runner/work/benchmarks/benchmarks/fixtures/babylon/packages/public/@babylonjs/post-processes/node_modules/.bin/build-tools. ENOENT: no such file or directory, open '/home/runner/work/benchmarks/benchmarks/fixtures/babylon/packages/dev/buildTools/dist/index.js'
[WARN] Failed to create bin at /home/runner/work/benchmarks/benchmarks/fixtures/babylon/packages/public/@babylonjs/procedural-textures/node_modules/.bin/build-tools. ENOENT: no such file or directory, open '/home/runner/work/benchmarks/benchmarks/fixtures/babylon/packages/dev/buildTools/dist/index.js'
[WARN] Failed to create bin at /home/runner/work/benchmarks/benchmarks/fixtures/babylon/packages/public/@babylonjs/serializers/node_modules/.bin/build-tools. ENOENT: no such file or directory, open '/home/runner/work/benchmarks/benchmarks/fixtures/babylon/packages/dev/buildTools/dist/index.js'
[WARN] Failed to create bin at /home/runner/work/benchmarks/benchmarks/fixtures/babylon/packages/public/@babylonjs/shared-ui-components/node_modules/.bin/build-tools. ENOENT: no such file or directory, open '/home/runner/work/benchmarks/benchmarks/fixtures/babylon/packages/dev/buildTools/dist/index.js'
[WARN] Failed to create bin at /home/runner/work/benchmarks/benchmarks/fixtures/babylon/packages/public/@babylonjs/smart-filters/node_modules/.bin/build-tools. ENOENT: no such file or directory, open '/home/runner/work/benchmarks/benchmarks/fixtures/babylon/packages/dev/buildTools/dist/index.js'
[WARN] Failed to create bin at /home/runner/work/benchmarks/benchmarks/fixtures/babylon/packages/public/@babylonjs/smart-filters-blocks/node_modules/.bin/build-tools. ENOENT: no such file or directory, open '/home/runner/work/benchmarks/benchmarks/fixtures/babylon/packages/dev/buildTools/dist/index.js'
[WARN] Failed to create bin at /home/runner/work/benchmarks/benchmarks/fixtures/babylon/packages/public/@babylonjs/viewer/node_modules/.bin/build-tools. ENOENT: no such file or directory, open '/home/runner/work/benchmarks/benchmarks/fixtures/babylon/packages/dev/buildTools/dist/index.js'
[WARN] Failed to create bin at /home/runner/work/benchmarks/benchmarks/fixtures/babylon/packages/public/umd/babylonjs/node_modules/.bin/build-tools. ENOENT: no such file or directory, open '/home/runner/work/benchmarks/benchmarks/fixtures/babylon/packages/dev/buildTools/dist/index.js'
[WARN] Failed to create bin at /home/runner/work/benchmarks/benchmarks/fixtures/babylon/packages/public/umd/babylonjs-accessibility/node_modules/.bin/build-tools. ENOENT: no such file or directory, open '/home/runner/work/benchmarks/benchmarks/fixtures/babylon/packages/dev/buildTools/dist/index.js'
[WARN] Failed to create bin at /home/runner/work/benchmarks/benchmarks/fixtures/babylon/packages/public/umd/babylonjs-addons/node_modules/.bin/build-tools. ENOENT: no such file or directory, open '/home/runner/work/benchmarks/benchmarks/fixtures/babylon/packages/dev/buildTools/dist/index.js'
[WARN] Failed to create bin at /home/runner/work/benchmarks/benchmarks/fixtures/babylon/packages/public/umd/babylonjs-gui/node_modules/.bin/build-tools. ENOENT: no such file or directory, open '/home/runner/work/benchmarks/benchmarks/fixtures/babylon/packages/dev/buildTools/dist/index.js'
[WARN] Failed to create bin at /home/runner/work/benchmarks/benchmarks/fixtures/babylon/packages/public/umd/babylonjs-gui-editor/node_modules/.bin/build-tools. ENOENT: no such file or directory, open '/home/runner/work/benchmarks/benchmarks/fixtures/babylon/packages/dev/buildTools/dist/index.js'
[WARN] Failed to create bin at /home/runner/work/benchmarks/benchmarks/fixtures/babylon/packages/public/umd/babylonjs-inspector/node_modules/.bin/build-tools. ENOENT: no such file or directory, open '/home/runner/work/benchmarks/benchmarks/fixtures/babylon/packages/dev/buildTools/dist/index.js'
[WARN] Failed to create bin at /home/runner/work/benchmarks/benchmarks/fixtures/babylon/packages/public/umd/babylonjs-inspector-v2/node_modules/.bin/build-tools. ENOENT: no such file or directory, open '/home/runner/work/benchmarks/benchmarks/fixtures/babylon/packages/dev/buildTools/dist/index.js'
[WARN] Failed to create bin at /home/runner/work/benchmarks/benchmarks/fixtures/babylon/packages/public/umd/babylonjs-ktx2decoder/node_modules/.bin/build-tools. ENOENT: no such file or directory, open '/home/runner/work/benchmarks/benchmarks/fixtures/babylon/packages/dev/buildTools/dist/index.js'
[WARN] Failed to create bin at /home/runner/work/benchmarks/benchmarks/fixtures/babylon/packages/public/umd/babylonjs-loaders/node_modules/.bin/build-tools. ENOENT: no such file or directory, open '/home/runner/work/benchmarks/benchmarks/fixtures/babylon/packages/dev/buildTools/dist/index.js'
[WARN] Failed to create bin at /home/runner/work/benchmarks/benchmarks/fixtures/babylon/packages/public/umd/babylonjs-materials/node_modules/.bin/build-tools. ENOENT: no such file or directory, open '/home/runner/work/benchmarks/benchmarks/fixtures/babylon/packages/dev/buildTools/dist/index.js'
[WARN] Failed to create bin at /home/runner/work/benchmarks/benchmarks/fixtures/babylon/packages/public/umd/babylonjs-node-editor/node_modules/.bin/build-tools. ENOENT: no such file or directory, open '/home/runner/work/benchmarks/benchmarks/fixtures/babylon/packages/dev/buildTools/dist/index.js'
[WARN] Failed to create bin at /home/runner/work/benchmarks/benchmarks/fixtures/babylon/packages/public/umd/babylonjs-node-geometry-editor/node_modules/.bin/build-tools. ENOENT: no such file or directory, open '/home/runner/work/benchmarks/benchmarks/fixtures/babylon/packages/dev/buildTools/dist/index.js'
[WARN] Failed to create bin at /home/runner/work/benchmarks/benchmarks/fixtures/babylon/packages/public/umd/babylonjs-node-particle-editor/node_modules/.bin/build-tools. ENOENT: no such file or directory, open '/home/runner/work/benchmarks/benchmarks/fixtures/babylon/packages/dev/buildTools/dist/index.js'
[WARN] Failed to create bin at /home/runner/work/benchmarks/benchmarks/fixtures/babylon/packages/public/umd/babylonjs-node-render-graph-editor/node_modules/.bin/build-tools. ENOENT: no such file or directory, open '/home/runner/work/benchmarks/benchmarks/fixtures/babylon/packages/dev/buildTools/dist/index.js'
[WARN] Failed to create bin at /home/runner/work/benchmarks/benchmarks/fixtures/babylon/packages/public/umd/babylonjs-post-process/node_modules/.bin/build-tools. ENOENT: no such file or directory, open '/home/runner/work/benchmarks/benchmarks/fixtures/babylon/packages/dev/buildTools/dist/index.js'
[WARN] Failed to create bin at /home/runner/work/benchmarks/benchmarks/fixtures/babylon/packages/public/umd/babylonjs-procedural-textures/node_modules/.bin/build-tools. ENOENT: no such file or directory, open '/home/runner/work/benchmarks/benchmarks/fixtures/babylon/packages/dev/buildTools/dist/index.js'
[WARN] Failed to create bin at /home/runner/work/benchmarks/benchmarks/fixtures/babylon/packages/public/umd/babylonjs-serializers/node_modules/.bin/build-tools. ENOENT: no such file or directory, open '/home/runner/work/benchmarks/benchmarks/fixtures/babylon/packages/dev/buildTools/dist/index.js'
[WARN] Failed to create bin at /home/runner/work/benchmarks/benchmarks/fixtures/babylon/packages/tools/babylonServer/node_modules/.bin/build-tools. ENOENT: no such file or directory, open '/home/runner/work/benchmarks/benchmarks/fixtures/babylon/packages/dev/buildTools/dist/index.js'
[WARN] Failed to create bin at /home/runner/work/benchmarks/benchmarks/fixtures/babylon/packages/tools/devHost/node_modules/.bin/build-tools. ENOENT: no such file or directory, open '/home/runner/work/benchmarks/benchmarks/fixtures/babylon/packages/dev/buildTools/dist/index.js'
[WARN] Failed to create bin at /home/runner/work/benchmarks/benchmarks/fixtures/babylon/packages/tools/guiEditor/node_modules/.bin/build-tools. ENOENT: no such file or directory, open '/home/runner/work/benchmarks/benchmarks/fixtures/babylon/packages/dev/buildTools/dist/index.js'
[WARN] Failed to create bin at /home/runner/work/benchmarks/benchmarks/fixtures/babylon/packages/tools/ktx2Decoder/node_modules/.bin/build-tools. ENOENT: no such file or directory, open '/home/runner/work/benchmarks/benchmarks/fixtures/babylon/packages/dev/buildTools/dist/index.js'
[WARN] Failed to create bin at /home/runner/work/benchmarks/benchmarks/fixtures/babylon/packages/tools/nodeEditor/node_modules/.bin/build-tools. ENOENT: no such file or directory, open '/home/runner/work/benchmarks/benchmarks/fixtures/babylon/packages/dev/buildTools/dist/index.js'
[WARN] Failed to create bin at /home/runner/work/benchmarks/benchmarks/fixtures/babylon/packages/tools/nodeGeometryEditor/node_modules/.bin/build-tools. ENOENT: no such file or directory, open '/home/runner/work/benchmarks/benchmarks/fixtures/babylon/packages/dev/buildTools/dist/index.js'
[WARN] Failed to create bin at /home/runner/work/benchmarks/benchmarks/fixtures/babylon/packages/tools/nodeParticleEditor/node_modules/.bin/build-tools. ENOENT: no such file or directory, open '/home/runner/work/benchmarks/benchmarks/fixtures/babylon/packages/dev/buildTools/dist/index.js'
[WARN] Failed to create bin at /home/runner/work/benchmarks/benchmarks/fixtures/babylon/packages/tools/nodeRenderGraphEditor/node_modules/.bin/build-tools. ENOENT: no such file or directory, open '/home/runner/work/benchmarks/benchmarks/fixtures/babylon/packages/dev/buildTools/dist/index.js'
[WARN] Failed to create bin at /home/runner/work/benchmarks/benchmarks/fixtures/babylon/packages/tools/playground/node_modules/.bin/build-tools. ENOENT: no such file or directory, open '/home/runner/work/benchmarks/benchmarks/fixtures/babylon/packages/dev/buildTools/dist/index.js'
[WARN] Failed to create bin at /home/runner/work/benchmarks/benchmarks/fixtures/babylon/packages/tools/sandbox/node_modules/.bin/build-tools. ENOENT: no such file or directory, open '/home/runner/work/benchmarks/benchmarks/fixtures/babylon/packages/dev/buildTools/dist/index.js'
[WARN] Failed to create bin at /home/runner/work/benchmarks/benchmarks/fixtures/babylon/packages/tools/viewer-configurator/node_modules/.bin/build-tools. ENOENT: no such file or directory, open '/home/runner/work/benchmarks/benchmarks/fixtures/babylon/packages/dev/buildTools/dist/index.js'
[WARN] Failed to create bin at /home/runner/work/benchmarks/benchmarks/fixtures/babylon/packages/tools/vsm/node_modules/.bin/build-tools. ENOENT: no such file or directory, open '/home/runner/work/benchmarks/benchmarks/fixtures/babylon/packages/dev/buildTools/dist/index.js'

[WARN] Failed to create bin at /home/runner/work/benchmarks/benchmarks/fixtures/babylon/packages/dev/core/node_modules/.bin/build-tools. ENOENT: no such file or directory, open '/home/runner/work/benchmarks/benchmarks/fixtures/babylon/packages/dev/core/node_modules/@dev/build-tools/dist/index.js'
[WARN] Failed to create bin at /home/runner/work/benchmarks/benchmarks/fixtures/babylon/node_modules/.bin/build-tools. ENOENT: no such file or directory, open '/home/runner/work/benchmarks/benchmarks/fixtures/babylon/node_modules/@dev/build-tools/dist/index.js'
[WARN] Failed to create bin at /home/runner/work/benchmarks/benchmarks/fixtures/babylon/packages/public/umd/babylonjs/node_modules/.bin/build-tools. ENOENT: no such file or directory, open '/home/runner/work/benchmarks/benchmarks/fixtures/babylon/packages/public/umd/babylonjs/node_modules/@dev/build-tools/dist/index.js'
[WARN] Failed to create bin at /home/runner/work/benchmarks/benchmarks/fixtures/babylon/packages/tools/ktx2Decoder/node_modules/.bin/build-tools. ENOENT: no such file or directory, open '/home/runner/work/benchmarks/benchmarks/fixtures/babylon/packages/tools/ktx2Decoder/node_modules/@dev/build-tools/dist/index.js'
packages/public/umd/babylonjs postinstall$ node ./scripts/postinstall.js
packages/public/umd/babylonjs postinstall: The Babylon.js team recommends using the es6-supported package - https://www.npmjs.com/package/@babylonjs/core
packages/public/umd/babylonjs postinstall: Read more here - https://doc.babylonjs.com/divingDeeper/developWithBjs/treeShaking
packages/public/umd/babylonjs postinstall: Done
[WARN] Failed to create bin at /home/runner/work/benchmarks/benchmarks/fixtures/babylon/packages/dev/lottiePlayer/node_modules/.bin/build-tools. ENOENT: no such file or directory, open '/home/runner/work/benchmarks/benchmarks/fixtures/babylon/packages/dev/lottiePlayer/node_modules/@dev/build-tools/dist/index.js'
[WARN] Failed to create bin at /home/runner/work/benchmarks/benchmarks/fixtures/babylon/packages/dev/materials/node_modules/.bin/build-tools. ENOENT: no such file or directory, open '/home/runner/work/benchmarks/benchmarks/fixtures/babylon/packages/dev/materials/node_modules/@dev/build-tools/dist/index.js'
[WARN] Failed to create bin at /home/runner/work/benchmarks/benchmarks/fixtures/babylon/packages/dev/postProcesses/node_modules/.bin/build-tools. ENOENT: no such file or directory, open '/home/runner/work/benchmarks/benchmarks/fixtures/babylon/packages/dev/postProcesses/node_modules/@dev/build-tools/dist/index.js'
[WARN] Failed to create bin at /home/runner/work/benchmarks/benchmarks/fixtures/babylon/packages/dev/proceduralTextures/node_modules/.bin/build-tools. ENOENT: no such file or directory, open '/home/runner/work/benchmarks/benchmarks/fixtures/babylon/packages/dev/proceduralTextures/node_modules/@dev/build-tools/dist/index.js'
[WARN] Failed to create bin at /home/runner/work/benchmarks/benchmarks/fixtures/babylon/packages/public/umd/babylonjs-ktx2decoder/node_modules/.bin/build-tools. ENOENT: no such file or directory, open '/home/runner/work/benchmarks/benchmarks/fixtures/babylon/packages/public/umd/babylonjs-ktx2decoder/node_modules/@dev/build-tools/dist/index.js'
[WARN] Failed to create bin at /home/runner/work/benchmarks/benchmarks/fixtures/babylon/packages/public/umd/babylonjs-loaders/node_modules/.bin/build-tools. ENOENT: no such file or directory, open '/home/runner/work/benchmarks/benchmarks/fixtures/babylon/packages/public/umd/babylonjs-loaders/node_modules/@dev/build-tools/dist/index.js'
[WARN] Failed to create bin at /home/runner/work/benchmarks/benchmarks/fixtures/babylon/packages/public/umd/babylonjs-post-process/node_modules/.bin/build-tools. ENOENT: no such file or directory, open '/home/runner/work/benchmarks/benchmarks/fixtures/babylon/packages/public/umd/babylonjs-post-process/node_modules/@dev/build-tools/dist/index.js'
[WARN] Failed to create bin at /home/runner/work/benchmarks/benchmarks/fixtures/babylon/packages/public/umd/babylonjs-procedural-textures/node_modules/.bin/build-tools. ENOENT: no such file or directory, open '/home/runner/work/benchmarks/benchmarks/fixtures/babylon/packages/public/umd/babylonjs-procedural-textures/node_modules/@dev/build-tools/dist/index.js'
[WARN] Failed to create bin at /home/runner/work/benchmarks/benchmarks/fixtures/babylon/packages/tools/playground/node_modules/.bin/build-tools. ENOENT: no such file or directory, open '/home/runner/work/benchmarks/benchmarks/fixtures/babylon/packages/tools/playground/node_modules/@dev/build-tools/dist/index.js'
[WARN] Failed to create bin at /home/runner/work/benchmarks/benchmarks/fixtures/babylon/packages/public/@babylonjs/core/node_modules/.bin/build-tools. ENOENT: no such file or directory, open '/home/runner/work/benchmarks/benchmarks/fixtures/babylon/packages/public/@babylonjs/core/node_modules/@dev/build-tools/dist/index.js'
[WARN] Failed to create bin at /home/runner/work/benchmarks/benchmarks/fixtures/babylon/packages/public/umd/babylonjs-addons/node_modules/.bin/build-tools. ENOENT: no such file or directory, open '/home/runner/work/benchmarks/benchmarks/fixtures/babylon/packages/public/umd/babylonjs-addons/node_modules/@dev/build-tools/dist/index.js'
[WARN] Failed to create bin at /home/runner/work/benchmarks/benchmarks/fixtures/babylon/packages/dev/smartFilters/node_modules/.bin/build-tools. ENOENT: no such file or directory, open '/home/runner/work/benchmarks/benchmarks/fixtures/babylon/packages/dev/smartFilters/node_modules/@dev/build-tools/dist/index.js'
[WARN] Failed to create bin at /home/runner/work/benchmarks/benchmarks/fixtures/babylon/packages/public/@babylonjs/addons/node_modules/.bin/build-tools. ENOENT: no such file or directory, open '/home/runner/work/benchmarks/benchmarks/fixtures/babylon/packages/public/@babylonjs/addons/node_modules/@dev/build-tools/dist/index.js'
[WARN] Failed to create bin at /home/runner/work/benchmarks/benchmarks/fixtures/babylon/packages/public/@babylonjs/gui/node_modules/.bin/build-tools. ENOENT: no such file or directory, open '/home/runner/work/benchmarks/benchmarks/fixtures/babylon/packages/public/@babylonjs/gui/node_modules/@dev/build-tools/dist/index.js'
[WARN] Failed to create bin at /home/runner/work/benchmarks/benchmarks/fixtures/babylon/packages/public/@babylonjs/ktx2decoder/node_modules/.bin/build-tools. ENOENT: no such file or directory, open '/home/runner/work/benchmarks/benchmarks/fixtures/babylon/packages/public/@babylonjs/ktx2decoder/node_modules/@dev/build-tools/dist/index.js'
[WARN] Failed to create bin at /home/runner/work/benchmarks/benchmarks/fixtures/babylon/packages/public/@babylonjs/loaders/node_modules/.bin/build-tools. ENOENT: no such file or directory, open '/home/runner/work/benchmarks/benchmarks/fixtures/babylon/packages/public/@babylonjs/loaders/node_modules/@dev/build-tools/dist/index.js'
[WARN] Failed to create bin at /home/runner/work/benchmarks/benchmarks/fixtures/babylon/packages/public/@babylonjs/lottiePlayer/node_modules/.bin/build-tools. ENOENT: no such file or directory, open '/home/runner/work/benchmarks/benchmarks/fixtures/babylon/packages/public/@babylonjs/lottiePlayer/node_modules/@dev/build-tools/dist/index.js'
[WARN] Failed to create bin at /home/runner/work/benchmarks/benchmarks/fixtures/babylon/packages/public/@babylonjs/materials/node_modules/.bin/build-tools. ENOENT: no such file or directory, open '/home/runner/work/benchmarks/benchmarks/fixtures/babylon/packages/public/@babylonjs/materials/node_modules/@dev/build-tools/dist/index.js'
[WARN] Failed to create bin at /home/runner/work/benchmarks/benchmarks/fixtures/babylon/packages/public/@babylonjs/post-processes/node_modules/.bin/build-tools. ENOENT: no such file or directory, open '/home/runner/work/benchmarks/benchmarks/fixtures/babylon/packages/public/@babylonjs/post-processes/node_modules/@dev/build-tools/dist/index.js'
[WARN] Failed to create bin at /home/runner/work/benchmarks/benchmarks/fixtures/babylon/packages/public/@babylonjs/procedural-textures/node_modules/.bin/build-tools. ENOENT: no such file or directory, open '/home/runner/work/benchmarks/benchmarks/fixtures/babylon/packages/public/@babylonjs/procedural-textures/node_modules/@dev/build-tools/dist/index.js'
[WARN] Failed to create bin at /home/runner/work/benchmarks/benchmarks/fixtures/babylon/packages/public/@babylonjs/serializers/node_modules/.bin/build-tools. ENOENT: no such file or directory, open '/home/runner/work/benchmarks/benchmarks/fixtures/babylon/packages/public/@babylonjs/serializers/node_modules/@dev/build-tools/dist/index.js'
[WARN] Failed to create bin at /home/runner/work/benchmarks/benchmarks/fixtures/babylon/packages/public/@babylonjs/shared-ui-components/node_modules/.bin/build-tools. ENOENT: no such file or directory, open '/home/runner/work/benchmarks/benchmarks/fixtures/babylon/packages/public/@babylonjs/shared-ui-components/node_modules/@dev/build-tools/dist/index.js'
[WARN] Failed to create bin at /home/runner/work/benchmarks/benchmarks/fixtures/babylon/packages/public/@babylonjs/smart-filters/node_modules/.bin/build-tools. ENOENT: no such file or directory, open '/home/runner/work/benchmarks/benchmarks/fixtures/babylon/packages/public/@babylonjs/smart-filters/node_modules/@dev/build-tools/dist/index.js'
[WARN] Failed to create bin at /home/runner/work/benchmarks/benchmarks/fixtures/babylon/packages/public/umd/babylonjs-gui/node_modules/.bin/build-tools. ENOENT: no such file or directory, open '/home/runner/work/benchmarks/benchmarks/fixtures/babylon/packages/public/umd/babylonjs-gui/node_modules/@dev/build-tools/dist/index.js'
[WARN] Failed to create bin at /home/runner/work/benchmarks/benchmarks/fixtures/babylon/packages/public/umd/babylonjs-materials/node_modules/.bin/build-tools. ENOENT: no such file or directory, open '/home/runner/work/benchmarks/benchmarks/fixtures/babylon/packages/public/umd/babylonjs-materials/node_modules/@dev/build-tools/dist/index.js'
[WARN] Failed to create bin at /home/runner/work/benchmarks/benchmarks/fixtures/babylon/packages/public/umd/babylonjs-serializers/node_modules/.bin/build-tools. ENOENT: no such file or directory, open '/home/runner/work/benchmarks/benchmarks/fixtures/babylon/packages/public/umd/babylonjs-serializers/node_modules/@dev/build-tools/dist/index.js'
[WARN] Failed to create bin at /home/runner/work/benchmarks/benchmarks/fixtures/babylon/packages/tools/devHost/node_modules/.bin/build-tools. ENOENT: no such file or directory, open '/home/runner/work/benchmarks/benchmarks/fixtures/babylon/packages/tools/devHost/node_modules/@dev/build-tools/dist/index.js'
[WARN] Failed to create bin at /home/runner/work/benchmarks/benchmarks/fixtures/babylon/packages/tools/guiEditor/node_modules/.bin/build-tools. ENOENT: no such file or directory, open '/home/runner/work/benchmarks/benchmarks/fixtures/babylon/packages/tools/guiEditor/node_modules/@dev/build-tools/dist/index.js'
[WARN] Failed to create bin at /home/runner/work/benchmarks/benchmarks/fixtures/babylon/packages/tools/nodeEditor/node_modules/.bin/build-tools. ENOENT: no such file or directory, open '/home/runner/work/benchmarks/benchmarks/fixtures/babylon/packages/tools/nodeEditor/node_modules/@dev/build-tools/dist/index.js'
[WARN] Failed to create bin at /home/runner/work/benchmarks/benchmarks/fixtures/babylon/packages/tools/nodeGeometryEditor/node_modules/.bin/build-tools. ENOENT: no such file or directory, open '/home/runner/work/benchmarks/benchmarks/fixtures/babylon/packages/tools/nodeGeometryEditor/node_modules/@dev/build-tools/dist/index.js'
[WARN] Failed to create bin at /home/runner/work/benchmarks/benchmarks/fixtures/babylon/packages/tools/nodeParticleEditor/node_modules/.bin/build-tools. ENOENT: no such file or directory, open '/home/runner/work/benchmarks/benchmarks/fixtures/babylon/packages/tools/nodeParticleEditor/node_modules/@dev/build-tools/dist/index.js'
[WARN] Failed to create bin at /home/runner/work/benchmarks/benchmarks/fixtures/babylon/packages/tools/nodeRenderGraphEditor/node_modules/.bin/build-tools. ENOENT: no such file or directory, open '/home/runner/work/benchmarks/benchmarks/fixtures/babylon/packages/tools/nodeRenderGraphEditor/node_modules/@dev/build-tools/dist/index.js'
[WARN] Failed to create bin at /home/runner/work/benchmarks/benchmarks/fixtures/babylon/packages/tools/viewer-configurator/node_modules/.bin/build-tools. ENOENT: no such file or directory, open '/home/runner/work/benchmarks/benchmarks/fixtures/babylon/packages/tools/viewer-configurator/node_modules/@dev/build-tools/dist/index.js'
[WARN] Failed to create bin at /home/runner/work/benchmarks/benchmarks/fixtures/babylon/packages/tools/vsm/node_modules/.bin/build-tools. ENOENT: no such file or directory, open '/home/runner/work/benchmarks/benchmarks/fixtures/babylon/packages/tools/vsm/node_modules/@dev/build-tools/dist/index.js'
[WARN] Failed to create bin at /home/runner/work/benchmarks/benchmarks/fixtures/babylon/packages/public/@babylonjs/smart-filters-blocks/node_modules/.bin/build-tools. ENOENT: no such file or directory, open '/home/runner/work/benchmarks/benchmarks/fixtures/babylon/packages/public/@babylonjs/smart-filters-blocks/node_modules/@dev/build-tools/dist/index.js'
[WARN] Failed to create bin at /home/runner/work/benchmarks/benchmarks/fixtures/babylon/packages/public/@babylonjs/viewer/node_modules/.bin/build-tools. ENOENT: no such file or directory, open '/home/runner/work/benchmarks/benchmarks/fixtures/babylon/packages/public/@babylonjs/viewer/node_modules/@dev/build-tools/dist/index.js'
[WARN] Failed to create bin at /home/runner/work/benchmarks/benchmarks/fixtures/babylon/packages/public/umd/babylonjs-accessibility/node_modules/.bin/build-tools. ENOENT: no such file or directory, open '/home/runner/work/benchmarks/benchmarks/fixtures/babylon/packages/public/umd/babylonjs-accessibility/node_modules/@dev/build-tools/dist/index.js'
[WARN] Failed to create bin at /home/runner/work/benchmarks/benchmarks/fixtures/babylon/packages/public/umd/babylonjs-gui-editor/node_modules/.bin/build-tools. ENOENT: no such file or directory, open '/home/runner/work/benchmarks/benchmarks/fixtures/babylon/packages/public/umd/babylonjs-gui-editor/node_modules/@dev/build-tools/dist/index.js'
[WARN] Failed to create bin at /home/runner/work/benchmarks/benchmarks/fixtures/babylon/packages/public/umd/babylonjs-node-editor/node_modules/.bin/build-tools. ENOENT: no such file or directory, open '/home/runner/work/benchmarks/benchmarks/fixtures/babylon/packages/public/umd/babylonjs-node-editor/node_modules/@dev/build-tools/dist/index.js'
[WARN] Failed to create bin at /home/runner/work/benchmarks/benchmarks/fixtures/babylon/packages/public/umd/babylonjs-node-geometry-editor/node_modules/.bin/build-tools. ENOENT: no such file or directory, open '/home/runner/work/benchmarks/benchmarks/fixtures/babylon/packages/public/umd/babylonjs-node-geometry-editor/node_modules/@dev/build-tools/dist/index.js'
[WARN] Failed to create bin at /home/runner/work/benchmarks/benchmarks/fixtures/babylon/packages/public/umd/babylonjs-node-particle-editor/node_modules/.bin/build-tools. ENOENT: no such file or directory, open '/home/runner/work/benchmarks/benchmarks/fixtures/babylon/packages/public/umd/babylonjs-node-particle-editor/node_modules/@dev/build-tools/dist/index.js'
[WARN] Failed to create bin at /home/runner/work/benchmarks/benchmarks/fixtures/babylon/packages/public/umd/babylonjs-node-render-graph-editor/node_modules/.bin/build-tools. ENOENT: no such file or directory, open '/home/runner/work/benchmarks/benchmarks/fixtures/babylon/packages/public/umd/babylonjs-node-render-graph-editor/node_modules/@dev/build-tools/dist/index.js'
[WARN] Failed to create bin at /home/runner/work/benchmarks/benchmarks/fixtures/babylon/packages/public/@babylonjs/inspector-v2/node_modules/.bin/build-tools. ENOENT: no such file or directory, open '/home/runner/work/benchmarks/benchmarks/fixtures/babylon/packages/public/@babylonjs/inspector-v2/node_modules/@dev/build-tools/dist/index.js'
[WARN] Failed to create bin at /home/runner/work/benchmarks/benchmarks/fixtures/babylon/packages/public/umd/babylonjs-inspector/node_modules/.bin/build-tools. ENOENT: no such file or directory, open '/home/runner/work/benchmarks/benchmarks/fixtures/babylon/packages/public/umd/babylonjs-inspector/node_modules/@dev/build-tools/dist/index.js'
[WARN] Failed to create bin at /home/runner/work/benchmarks/benchmarks/fixtures/babylon/packages/public/umd/babylonjs-inspector-v2/node_modules/.bin/build-tools. ENOENT: no such file or directory, open '/home/runner/work/benchmarks/benchmarks/fixtures/babylon/packages/public/umd/babylonjs-inspector-v2/node_modules/@dev/build-tools/dist/index.js'
[WARN] Failed to create bin at /home/runner/work/benchmarks/benchmarks/fixtures/babylon/packages/tools/babylonServer/node_modules/.bin/build-tools. ENOENT: no such file or directory, open '/home/runner/work/benchmarks/benchmarks/fixtures/babylon/packages/tools/babylonServer/node_modules/@dev/build-tools/dist/index.js'
packages/tools/babylonServer prepare$ node ./scripts/generateScripts.js
[WARN] Failed to create bin at /home/runner/work/benchmarks/benchmarks/fixtures/babylon/packages/tools/sandbox/node_modules/.bin/build-tools. ENOENT: no such file or directory, open '/home/runner/work/benchmarks/benchmarks/fixtures/babylon/packages/tools/sandbox/node_modules/@dev/build-tools/dist/index.js'
packages/tools/babylonServer prepare: Done
Done in 8s using pnpm v11.18.0
[ERR_PNPM_NO_SCRIPT] Missing script: build

Command "build" not found. Did you mean "pnpm run build:dev"?
