[zpm prepare]
cwd:
/home/runner/work/benchmarks/benchmarks/fixtures/run
package.json:
-rw-r--r-- 1 runner runner 254 Apr 21 10:48 package.json
yarn path:
/home/runner/.yarn/switch/bin/yarn
yarn version:
4.14.1
canary version:
6.0.0-rc.17
packageManager (before):
"yarn@4.14.1"
set packageManager=yarn@6.0.0-rc.17:
packageManager (after):
"yarn@6.0.0-rc.17"
[zpm prepare]
cwd:
/home/runner/work/benchmarks/benchmarks/fixtures/run
package.json:
-rw-r--r-- 1 runner runner 260 Apr 21 10:48 package.json
yarn path:
/home/runner/.yarn/switch/bin/yarn
yarn version:
6.0.0-rc.17.local
canary version:
6.0.0-rc.17
packageManager (before):
"yarn@6.0.0-rc.17"
set packageManager=yarn@6.0.0-rc.17:
packageManager (after):
"yarn@6.0.0-rc.17"
[zpm prepare]
cwd:
/home/runner/work/benchmarks/benchmarks/fixtures/run
package.json:
-rw-r--r-- 1 runner runner 260 Apr 21 10:48 package.json
yarn path:
/home/runner/.yarn/switch/bin/yarn
yarn version:
6.0.0-rc.17.local
canary version:
6.0.0-rc.17
packageManager (before):
"yarn@6.0.0-rc.17"
set packageManager=yarn@6.0.0-rc.17:
packageManager (after):
"yarn@6.0.0-rc.17"
[zpm prepare]
cwd:
/home/runner/work/benchmarks/benchmarks/fixtures/run
package.json:
-rw-r--r-- 1 runner runner 260 Apr 21 10:48 package.json
yarn path:
/home/runner/.yarn/switch/bin/yarn
yarn version:
6.0.0-rc.17.local
canary version:
6.0.0-rc.17
packageManager (before):
"yarn@6.0.0-rc.17"
set packageManager=yarn@6.0.0-rc.17:
packageManager (after):
"yarn@6.0.0-rc.17"
[zpm prepare]
cwd:
/home/runner/work/benchmarks/benchmarks/fixtures/run
package.json:
-rw-r--r-- 1 runner runner 260 Apr 21 10:48 package.json
yarn path:
/home/runner/.yarn/switch/bin/yarn
yarn version:
6.0.0-rc.17.local
canary version:
6.0.0-rc.17
packageManager (before):
"yarn@6.0.0-rc.17"
set packageManager=yarn@6.0.0-rc.17:
packageManager (after):
"yarn@6.0.0-rc.17"
[zpm prepare]
cwd:
/home/runner/work/benchmarks/benchmarks/fixtures/run
package.json:
-rw-r--r-- 1 runner runner 260 Apr 21 10:48 package.json
yarn path:
/home/runner/.yarn/switch/bin/yarn
yarn version:
6.0.0-rc.17.local
canary version:
6.0.0-rc.17
packageManager (before):
"yarn@6.0.0-rc.17"
set packageManager=yarn@6.0.0-rc.17:
packageManager (after):
"yarn@6.0.0-rc.17"
[zpm prepare]
cwd:
/home/runner/work/benchmarks/benchmarks/fixtures/run
package.json:
-rw-r--r-- 1 runner runner 260 Apr 21 10:48 package.json
yarn path:
/home/runner/.yarn/switch/bin/yarn
yarn version:
6.0.0-rc.17.local
canary version:
6.0.0-rc.17
packageManager (before):
"yarn@6.0.0-rc.17"
set packageManager=yarn@6.0.0-rc.17:
packageManager (after):
"yarn@6.0.0-rc.17"
