[zpm prepare]
cwd:
/home/runner/work/benchmarks/benchmarks/fixtures/next
package.json:
-rw-r--r-- 1 runner runner 693 Jul 28 03:14 package.json
yarn path:
/home/runner/.yarn/switch/bin/yarn
yarn version:
1.22.22
canary version:
6.0.0-rc.19
packageManager (before):
set packageManager=yarn@6.0.0-rc.19:
packageManager (after):
[zpm prepare]
cwd:
/home/runner/work/benchmarks/benchmarks/fixtures/next
package.json:
-rw-r--r-- 1 runner runner 693 Jul 28 03:15 package.json
yarn path:
/home/runner/.yarn/switch/bin/yarn
yarn version:
1.22.22
canary version:
6.0.0-rc.19
packageManager (before):
set packageManager=yarn@6.0.0-rc.19:
packageManager (after):
[zpm prepare]
cwd:
/home/runner/work/benchmarks/benchmarks/fixtures/next
package.json:
-rw-r--r-- 1 runner runner 693 Jul 28 03:15 package.json
yarn path:
/home/runner/.yarn/switch/bin/yarn
yarn version:
1.22.22
canary version:
6.0.0-rc.19
packageManager (before):
set packageManager=yarn@6.0.0-rc.19:
packageManager (after):
[zpm prepare]
cwd:
/home/runner/work/benchmarks/benchmarks/fixtures/next
package.json:
-rw-r--r-- 1 runner runner 693 Jul 28 03:16 package.json
yarn path:
/home/runner/.yarn/switch/bin/yarn
yarn version:
1.22.22
canary version:
6.0.0-rc.19
packageManager (before):
set packageManager=yarn@6.0.0-rc.19:
packageManager (after):
[zpm prepare]
cwd:
/home/runner/work/benchmarks/benchmarks/fixtures/next
package.json:
-rw-r--r-- 1 runner runner 693 Jul 28 03:16 package.json
yarn path:
/home/runner/.yarn/switch/bin/yarn
yarn version:
1.22.22
canary version:
6.0.0-rc.19
packageManager (before):
set packageManager=yarn@6.0.0-rc.19:
packageManager (after):
[zpm prepare]
cwd:
/home/runner/work/benchmarks/benchmarks/fixtures/next
package.json:
-rw-r--r-- 1 runner runner 693 Jul 28 03:17 package.json
yarn path:
/home/runner/.yarn/switch/bin/yarn
yarn version:
1.22.22
canary version:
6.0.0-rc.19
packageManager (before):
set packageManager=yarn@6.0.0-rc.19:
packageManager (after):
[zpm prepare]
cwd:
/home/runner/work/benchmarks/benchmarks/fixtures/next
package.json:
-rw-r--r-- 1 runner runner 693 Jul 28 03:17 package.json
yarn path:
/home/runner/.yarn/switch/bin/yarn
yarn version:
1.22.22
canary version:
6.0.0-rc.19
packageManager (before):
set packageManager=yarn@6.0.0-rc.19:
packageManager (after):
[zpm prepare]
cwd:
/home/runner/work/benchmarks/benchmarks/fixtures/next
package.json:
-rw-r--r-- 1 runner runner 693 Jul 28 03:26 package.json
yarn path:
/home/runner/.yarn/switch/bin/yarn
yarn version:
1.22.22
canary version:
6.0.0-rc.19
packageManager (before):
set packageManager=yarn@6.0.0-rc.19:
packageManager (after):
