npm http fetch GET 200 https://registry.vlt.io/vlt/npm/react 657ms (cache miss)
npm http fetch GET 200 https://registry.vlt.io/vlt/npm/react-dom 1843ms (cache miss)
npm http fetch GET 200 https://registry.vlt.io/vlt/npm/@types%2fnode 494ms (cache miss)
npm http fetch GET 200 https://registry.vlt.io/vlt/npm/@types%2freact 1438ms (cache miss)
npm http fetch GET 200 https://registry.vlt.io/vlt/npm/@types%2freact-dom 220ms (cache miss)
npm http fetch GET 200 https://registry.vlt.io/vlt/npm/eslint 2362ms (cache miss)
npm http fetch GET 200 https://registry.vlt.io/vlt/npm/eslint-config-next 1028ms (cache miss)
npm http fetch GET 200 https://registry.vlt.io/vlt/npm/typescript 4496ms (cache miss)
npm http fetch GET 200 https://registry.vlt.io/vlt/npm/postcss 990ms (cache miss)
npm http fetch GET 200 https://registry.vlt.io/vlt/npm/tailwindcss 1559ms (cache miss)
npm http fetch GET 200 https://registry.vlt.io/vlt/npm/undici-types 144ms (cache miss)
npm http fetch GET 200 https://registry.vlt.io/vlt/npm/@types%2fprop-types 216ms (cache miss)
npm http fetch GET 200 https://registry.vlt.io/vlt/npm/csstype 317ms (cache miss)
npm http fetch GET 200 https://registry.vlt.io/vlt/npm/levn 172ms (cache miss)
npm http fetch GET 200 https://registry.vlt.io/vlt/npm/chalk 157ms (cache miss)
npm http fetch GET 200 https://registry.vlt.io/vlt/npm/espree 218ms (cache miss)
npm http fetch GET 200 https://registry.vlt.io/vlt/npm/debug 1316ms (cache miss)
npm http fetch GET 200 https://registry.vlt.io/vlt/npm/ajv 1675ms (cache miss)
npm http fetch GET 200 https://registry.vlt.io/vlt/npm/esquery 175ms (cache miss)
npm http fetch GET 200 https://registry.vlt.io/vlt/npm/ignore 1234ms (cache miss)
npm http fetch GET 200 https://registry.vlt.io/vlt/npm/find-up 152ms (cache miss)
npm http fetch GET 200 https://registry.vlt.io/vlt/npm/is-glob 140ms (cache miss)
npm http fetch GET 200 https://registry.vlt.io/vlt/npm/esutils 949ms (cache miss)
npm http fetch GET 200 https://registry.vlt.io/vlt/npm/globals 939ms (cache miss)
npm http fetch GET 200 https://registry.vlt.io/vlt/npm/graphemer 119ms (cache miss)
npm http fetch GET 200 https://registry.vlt.io/vlt/npm/doctrine 1082ms (cache miss)
npm http fetch GET 200 https://registry.vlt.io/vlt/npm/js-yaml 1684ms (cache miss)
npm http fetch GET 200 https://registry.vlt.io/vlt/npm/@eslint%2fjs 120ms (cache miss)
npm http fetch GET 200 https://registry.vlt.io/vlt/npm/minimatch 989ms (cache miss)
npm http fetch GET 200 https://registry.vlt.io/vlt/npm/text-table 1055ms (cache miss)
npm http fetch GET 200 https://registry.vlt.io/vlt/npm/strip-ansi 1075ms (cache miss)
npm http fetch GET 200 https://registry.vlt.io/vlt/npm/glob-parent 148ms (cache miss)
npm http fetch GET 200 https://registry.vlt.io/vlt/npm/imurmurhash 844ms (cache miss)
npm http fetch GET 200 https://registry.vlt.io/vlt/npm/cross-spawn 1033ms (cache miss)
npm http fetch GET 200 https://registry.vlt.io/vlt/npm/lodash.merge 112ms (cache miss)
npm http fetch GET 200 https://registry.vlt.io/vlt/npm/eslint-scope 157ms (cache miss)
npm http fetch GET 200 https://registry.vlt.io/vlt/npm/is-path-inside 119ms (cache miss)
npm http fetch GET 200 https://registry.vlt.io/vlt/npm/natural-compare 101ms (cache miss)
npm http fetch GET 200 https://registry.vlt.io/vlt/npm/fast-deep-equal 960ms (cache miss)
npm http fetch GET 200 https://registry.vlt.io/vlt/npm/optionator 3329ms (cache miss)
npm http fetch GET 200 https://registry.vlt.io/vlt/npm/@eslint%2feslintrc 806ms (cache miss)
npm http fetch GET 200 https://registry.vlt.io/vlt/npm/file-entry-cache 201ms (cache miss)
npm http fetch GET 200 https://registry.vlt.io/vlt/npm/escape-string-regexp 98ms (cache miss)
npm http fetch GET 200 https://registry.vlt.io/vlt/npm/eslint-visitor-keys 1093ms (cache miss)
npm http fetch GET 200 https://registry.vlt.io/vlt/npm/@ungap%2fstructured-clone 841ms (cache miss)
npm http fetch GET 200 https://registry.vlt.io/vlt/npm/@nodelib%2ffs.walk 1208ms (cache miss)
npm http fetch GET 200 https://registry.vlt.io/vlt/npm/@eslint-community%2fregexpp 137ms (cache miss)
npm http fetch GET 200 https://registry.vlt.io/vlt/npm/@humanwhocodes%2fmodule-importer 902ms (cache miss)
npm http fetch GET 200 https://registry.vlt.io/vlt/npm/@humanwhocodes%2fconfig-array 1019ms (cache miss)
npm http fetch GET 200 https://registry.vlt.io/vlt/npm/@eslint-community%2feslint-utils 983ms (cache miss)
npm http fetch GET 200 https://registry.vlt.io/vlt/npm/json-stable-stringify-without-jsonify 107ms (cache miss)
npm http fetch GET 200 https://registry.vlt.io/vlt/npm/eslint-plugin-react 225ms (cache miss)
npm http fetch GET 200 https://registry.vlt.io/vlt/npm/eslint-plugin-jsx-a11y 242ms (cache miss)
npm http fetch GET 200 https://registry.vlt.io/vlt/npm/@rushstack%2feslint-patch 147ms (cache miss)
npm http fetch GET 200 https://registry.vlt.io/vlt/npm/@next%2feslint-plugin-next 1250ms (cache miss)
npm http fetch GET 200 https://registry.vlt.io/vlt/npm/eslint-plugin-import 2228ms (cache miss)
npm http fetch GET 200 https://registry.vlt.io/vlt/npm/@typescript-eslint%2fparser 2529ms (cache miss)
npm http fetch GET 200 https://registry.vlt.io/vlt/npm/eslint-import-resolver-node 1002ms (cache miss)
npm http fetch GET 200 https://registry.vlt.io/vlt/npm/eslint-import-resolver-typescript 399ms (cache miss)
npm http fetch GET 200 https://registry.vlt.io/vlt/npm/nanoid 301ms (cache miss)
npm http fetch GET 200 https://registry.vlt.io/vlt/npm/eslint-plugin-react-hooks 2343ms (cache miss)
npm http fetch GET 200 https://registry.vlt.io/vlt/npm/picocolors 321ms (cache miss)
npm http fetch GET 200 https://registry.vlt.io/vlt/npm/source-map-js 943ms (cache miss)
npm http fetch GET 200 https://registry.vlt.io/vlt/npm/scheduler 836ms (cache miss)
npm http fetch GET 200 https://registry.vlt.io/vlt/npm/dlv 193ms (cache miss)
