npm warn using --force Recommended protections disabled.
npm http fetch GET 200 https://npm.cloudsmith.io/vlt/benchmarks/animate.less 1347ms (cache miss)
npm http fetch GET 200 https://npm.cloudsmith.io/vlt/benchmarks/autoprefixer 730ms (cache miss)
npm http fetch GET 200 https://npm.cloudsmith.io/vlt/benchmarks/postcss 13164ms (cache miss)
npm http fetch GET 200 https://npm.cloudsmith.io/vlt/benchmarks/babel-core 13463ms (cache miss)
npm http fetch GET 200 https://npm.cloudsmith.io/vlt/benchmarks/babel-eslint 362ms (cache miss)
npm http fetch GET 200 https://npm.cloudsmith.io/vlt/benchmarks/eslint 727ms (cache miss)
npm http fetch GET 200 https://npm.cloudsmith.io/vlt/benchmarks/babel-loader 332ms (cache miss)
npm http fetch GET 200 https://npm.cloudsmith.io/vlt/benchmarks/@babel%2fcore 577ms (cache miss)
npm http fetch GET 200 https://npm.cloudsmith.io/vlt/benchmarks/webpack 792ms (cache miss)
npm http fetch GET 200 https://npm.cloudsmith.io/vlt/benchmarks/babel-plugin-lodash 895ms (cache miss)
npm http fetch GET 200 https://npm.cloudsmith.io/vlt/benchmarks/babel-plugin-module-resolver 17869ms (cache miss)
npm http fetch GET 200 https://npm.cloudsmith.io/vlt/benchmarks/babel-plugin-transform-decorators-legacy 353ms (cache miss)
npm http fetch GET 200 https://npm.cloudsmith.io/vlt/benchmarks/babel-plugin-transform-runtime 346ms (cache miss)
npm http fetch GET 200 https://npm.cloudsmith.io/vlt/benchmarks/babel-polyfill 1423ms (cache miss)
npm http fetch GET 200 https://npm.cloudsmith.io/vlt/benchmarks/babel-preset-es2015 1453ms (cache miss)
npm http fetch GET 200 https://npm.cloudsmith.io/vlt/benchmarks/babel-preset-react 335ms (cache miss)
npm http fetch GET 200 https://npm.cloudsmith.io/vlt/benchmarks/babel-preset-react-hmre 338ms (cache miss)
npm http fetch GET 200 https://npm.cloudsmith.io/vlt/benchmarks/babel-preset-stage-1 332ms (cache miss)
npm http fetch GET 200 https://npm.cloudsmith.io/vlt/benchmarks/babel-runtime 453ms (cache miss)
npm http fetch GET 200 https://npm.cloudsmith.io/vlt/benchmarks/clean-webpack-plugin 16420ms (cache miss)
npm http fetch GET 200 https://npm.cloudsmith.io/vlt/benchmarks/webpack 1213ms (cache updated)
npm http fetch GET 200 https://npm.cloudsmith.io/vlt/benchmarks/core-decorators 515ms (cache miss)
npm http fetch GET 200 https://npm.cloudsmith.io/vlt/benchmarks/css-loader 896ms (cache miss)
npm http fetch GET 200 https://npm.cloudsmith.io/vlt/benchmarks/css-mqpacker 1263ms (cache miss)
npm http fetch GET 200 https://npm.cloudsmith.io/vlt/benchmarks/cssnano 928ms (cache miss)
npm http fetch GET 200 https://npm.cloudsmith.io/vlt/benchmarks/postcss 2560ms (cache updated)
npm http fetch GET 200 https://npm.cloudsmith.io/vlt/benchmarks/custom-event-polyfill 273ms (cache miss)
npm http fetch GET 200 https://npm.cloudsmith.io/vlt/benchmarks/draft-js 301ms (cache miss)
npm http fetch GET 200 https://npm.cloudsmith.io/vlt/benchmarks/react 1205ms (cache miss)
npm http fetch GET 200 https://npm.cloudsmith.io/vlt/benchmarks/react-dom 2143ms (cache miss)
npm http fetch GET 200 https://npm.cloudsmith.io/vlt/benchmarks/ejs 385ms (cache miss)
npm http fetch GET 200 https://npm.cloudsmith.io/vlt/benchmarks/eslint-config-airbnb 335ms (cache miss)
npm http fetch GET 200 https://npm.cloudsmith.io/vlt/benchmarks/eslint-plugin-import 318ms (cache miss)
npm http fetch GET 200 https://npm.cloudsmith.io/vlt/benchmarks/eslint-plugin-jsx-a11y 350ms (cache miss)
npm http fetch GET 200 https://npm.cloudsmith.io/vlt/benchmarks/eslint-plugin-react 442ms (cache miss)
npm http fetch GET 200 https://npm.cloudsmith.io/vlt/benchmarks/eslint-plugin-react-hooks 15752ms (cache miss)
npm http fetch GET 200 https://npm.cloudsmith.io/vlt/benchmarks/eslint-import-resolver-webpack 484ms (cache miss)
npm http fetch GET 200 https://npm.cloudsmith.io/vlt/benchmarks/webpack 60ms (cache updated)
npm http fetch GET 200 https://npm.cloudsmith.io/vlt/benchmarks/express 1426ms (cache miss)
npm http fetch GET 200 https://npm.cloudsmith.io/vlt/benchmarks/express-http-proxy 2836ms (cache miss)
npm http fetch GET 200 https://npm.cloudsmith.io/vlt/benchmarks/font-awesome 467ms (cache miss)
npm http fetch GET 200 https://npm.cloudsmith.io/vlt/benchmarks/fready 539ms (cache miss)
npm http fetch GET 200 https://npm.cloudsmith.io/vlt/benchmarks/glob 500ms (cache miss)
npm http fetch GET 200 https://npm.cloudsmith.io/vlt/benchmarks/gulp 2257ms (cache miss)
npm http fetch GET 200 https://npm.cloudsmith.io/vlt/benchmarks/gulp-concat 560ms (cache miss)
npm http fetch GET 200 https://npm.cloudsmith.io/vlt/benchmarks/gulp-csslint 702ms (cache miss)
npm http fetch GET 200 https://npm.cloudsmith.io/vlt/benchmarks/gulp-cssnano 364ms (cache miss)
npm http fetch GET 200 https://npm.cloudsmith.io/vlt/benchmarks/gulp-eol 619ms (cache miss)
npm http fetch GET 200 https://npm.cloudsmith.io/vlt/benchmarks/gulp-less 7010ms (cache miss)
npm http fetch GET 200 https://npm.cloudsmith.io/vlt/benchmarks/gulp-livereload 9726ms (cache miss)
npm http fetch GET 200 https://npm.cloudsmith.io/vlt/benchmarks/gulp-minify-css 1728ms (cache miss)
npm http fetch GET 200 https://npm.cloudsmith.io/vlt/benchmarks/gulp-postcss 949ms (cache miss)
npm http fetch GET 200 https://npm.cloudsmith.io/vlt/benchmarks/postcss 251ms (cache updated)
npm http fetch GET 200 https://npm.cloudsmith.io/vlt/benchmarks/gulp-rename 14041ms (cache miss)
npm http fetch GET 200 https://npm.cloudsmith.io/vlt/benchmarks/gulp-util 428ms (cache miss)
npm http fetch GET 200 https://npm.cloudsmith.io/vlt/benchmarks/happypack 344ms (cache miss)
npm http fetch GET 200 https://npm.cloudsmith.io/vlt/benchmarks/highcharts 359ms (cache miss)
npm http fetch GET 200 https://npm.cloudsmith.io/vlt/benchmarks/highcharts-solid-gauge 530ms (cache miss)
npm http fetch GET 200 https://npm.cloudsmith.io/vlt/benchmarks/history 372ms (cache miss)
npm http fetch GET 200 https://npm.cloudsmith.io/vlt/benchmarks/howler 372ms (cache miss)
npm http fetch GET 200 https://npm.cloudsmith.io/vlt/benchmarks/imports-loader 313ms (cache miss)
npm http fetch GET 200 https://npm.cloudsmith.io/vlt/benchmarks/webpack 313ms (cache updated)
npm http fetch GET 200 https://npm.cloudsmith.io/vlt/benchmarks/jquery 1154ms (cache miss)
npm http fetch GET 200 https://npm.cloudsmith.io/vlt/benchmarks/jquery-ui 385ms (cache miss)
npm http fetch GET 200 https://npm.cloudsmith.io/vlt/benchmarks/js-cookie 335ms (cache miss)
npm http fetch GET 200 https://npm.cloudsmith.io/vlt/benchmarks/json-loader 421ms (cache miss)
npm http fetch GET 200 https://npm.cloudsmith.io/vlt/benchmarks/leftpad 463ms (cache miss)
npm http fetch GET 200 https://npm.cloudsmith.io/vlt/benchmarks/less 436ms (cache miss)
npm http fetch GET 200 https://npm.cloudsmith.io/vlt/benchmarks/lesshat 337ms (cache miss)
npm http fetch GET 200 https://npm.cloudsmith.io/vlt/benchmarks/lodash 561ms (cache miss)
npm http fetch GET 200 https://npm.cloudsmith.io/vlt/benchmarks/medium-draft 320ms (cache miss)
npm http fetch GET 200 https://npm.cloudsmith.io/vlt/benchmarks/draft-convert 316ms (cache miss)
npm http fetch GET 200 https://npm.cloudsmith.io/vlt/benchmarks/prop-types 304ms (cache miss)
npm http fetch GET 200 https://npm.cloudsmith.io/vlt/benchmarks/react 499ms (cache updated)
npm http fetch GET 200 https://npm.cloudsmith.io/vlt/benchmarks/react-dom 498ms (cache updated)
npm http fetch GET 200 https://npm.cloudsmith.io/vlt/benchmarks/mobx 17063ms (cache miss)
npm http fetch GET 200 https://npm.cloudsmith.io/vlt/benchmarks/mobx-react 24489ms (cache miss)
npm http fetch GET 200 https://npm.cloudsmith.io/vlt/benchmarks/moment 4245ms (cache miss)
npm http fetch GET 200 https://npm.cloudsmith.io/vlt/benchmarks/moment-range 1389ms (cache miss)
npm http fetch GET 200 https://npm.cloudsmith.io/vlt/benchmarks/moment-timezone 353ms (cache miss)
npm http fetch GET 200 https://npm.cloudsmith.io/vlt/benchmarks/password-policy 698ms (cache miss)
npm http fetch GET 200 https://npm.cloudsmith.io/vlt/benchmarks/postcss-reporter 391ms (cache miss)
npm http fetch GET 200 https://npm.cloudsmith.io/vlt/benchmarks/progress 323ms (cache miss)
npm http fetch GET 200 https://npm.cloudsmith.io/vlt/benchmarks/qs 442ms (cache miss)
npm http fetch GET 200 https://npm.cloudsmith.io/vlt/benchmarks/raw-loader 322ms (cache miss)
npm http fetch GET 200 https://npm.cloudsmith.io/vlt/benchmarks/webpack 20356ms (cache updated)
npm http fetch GET 200 https://npm.cloudsmith.io/vlt/benchmarks/rc-slider 361ms (cache miss)
npm http fetch GET 200 https://npm.cloudsmith.io/vlt/benchmarks/react-addons-css-transition-group 330ms (cache miss)
npm http fetch GET 200 https://npm.cloudsmith.io/vlt/benchmarks/react 465ms (cache updated)
npm http fetch GET 200 https://npm.cloudsmith.io/vlt/benchmarks/react-addons-shallow-compare 284ms (cache miss)
npm http fetch GET 200 https://npm.cloudsmith.io/vlt/benchmarks/react-dnd 378ms (cache miss)
npm http fetch GET 200 https://npm.cloudsmith.io/vlt/benchmarks/react-dnd-html5-backend 371ms (cache miss)
npm http fetch GET 200 https://npm.cloudsmith.io/vlt/benchmarks/react-draft-wysiwyg 382ms (cache miss)
npm http fetch GET 200 https://npm.cloudsmith.io/vlt/benchmarks/immutable 347ms (cache miss)
npm http fetch GET 200 https://npm.cloudsmith.io/vlt/benchmarks/react-dropzone 381ms (cache miss)
npm http fetch GET 200 https://npm.cloudsmith.io/vlt/benchmarks/react-grid-layout 419ms (cache miss)
npm http fetch GET 200 https://npm.cloudsmith.io/vlt/benchmarks/react-highcharts 301ms (cache miss)
npm http fetch GET 200 https://npm.cloudsmith.io/vlt/benchmarks/react 464ms (cache updated)
npm http fetch GET 200 https://npm.cloudsmith.io/vlt/benchmarks/react-dom 485ms (cache updated)
npm http fetch GET 200 https://npm.cloudsmith.io/vlt/benchmarks/react-hot-loader 407ms (cache miss)
npm http fetch GET 200 https://npm.cloudsmith.io/vlt/benchmarks/react 478ms (cache updated)
npm http fetch GET 200 https://npm.cloudsmith.io/vlt/benchmarks/react-dom 94ms (cache updated)
npm http fetch GET 200 https://npm.cloudsmith.io/vlt/benchmarks/react-input-calendar 395ms (cache miss)
npm http fetch GET 200 https://npm.cloudsmith.io/vlt/benchmarks/moment-range 250ms (cache updated)
npm http fetch GET 200 https://npm.cloudsmith.io/vlt/benchmarks/prop-types 274ms (cache updated)
npm http fetch GET 200 https://npm.cloudsmith.io/vlt/benchmarks/react 76ms (cache updated)
npm http fetch GET 200 https://npm.cloudsmith.io/vlt/benchmarks/react-lazyload 343ms (cache miss)
npm http fetch GET 200 https://npm.cloudsmith.io/vlt/benchmarks/react-measure 329ms (cache miss)
npm http fetch GET 200 https://npm.cloudsmith.io/vlt/benchmarks/react-mixin 278ms (cache miss)
npm http fetch GET 200 https://npm.cloudsmith.io/vlt/benchmarks/react-responsive 334ms (cache miss)
npm http fetch GET 200 https://npm.cloudsmith.io/vlt/benchmarks/react-responsive-tabs 424ms (cache miss)
npm http fetch GET 200 https://npm.cloudsmith.io/vlt/benchmarks/react 82ms (cache updated)
npm http fetch GET 200 https://npm.cloudsmith.io/vlt/benchmarks/react-dom 100ms (cache updated)
npm http fetch GET 200 https://npm.cloudsmith.io/vlt/benchmarks/react-router 636ms (cache miss)
npm http fetch GET 200 https://npm.cloudsmith.io/vlt/benchmarks/react-router-dom 684ms (cache miss)
npm http fetch GET 200 https://npm.cloudsmith.io/vlt/benchmarks/react-select-plus 356ms (cache miss)
npm http fetch GET 200 https://npm.cloudsmith.io/vlt/benchmarks/react 79ms (cache updated)
npm http fetch GET 200 https://npm.cloudsmith.io/vlt/benchmarks/react-dom 102ms (cache updated)
npm http fetch GET 200 https://npm.cloudsmith.io/vlt/benchmarks/react-skylight 285ms (cache miss)
npm http fetch GET 200 https://npm.cloudsmith.io/vlt/benchmarks/react 83ms (cache updated)
npm http fetch GET 200 https://npm.cloudsmith.io/vlt/benchmarks/react-sortablejs 360ms (cache miss)
npm http fetch GET 200 https://npm.cloudsmith.io/vlt/benchmarks/@types%2fsortablejs 303ms (cache miss)
npm http fetch GET 200 https://npm.cloudsmith.io/vlt/benchmarks/sortablejs 370ms (cache miss)
npm http fetch GET 200 https://npm.cloudsmith.io/vlt/benchmarks/react-tappable 307ms (cache miss)
npm http fetch GET 200 https://npm.cloudsmith.io/vlt/benchmarks/create-react-class 309ms (cache miss)
npm http fetch GET 200 https://npm.cloudsmith.io/vlt/benchmarks/prop-types 36ms (cache updated)
npm http fetch GET 200 https://npm.cloudsmith.io/vlt/benchmarks/react 83ms (cache updated)
npm http fetch GET 200 https://npm.cloudsmith.io/vlt/benchmarks/react-dom 104ms (cache updated)
npm http fetch GET 200 https://npm.cloudsmith.io/vlt/benchmarks/react-tooltip 531ms (cache miss)
npm http fetch GET 200 https://npm.cloudsmith.io/vlt/benchmarks/react-virtualized 385ms (cache miss)
npm http fetch GET 200 https://npm.cloudsmith.io/vlt/benchmarks/react-waypoint 347ms (cache miss)
npm http fetch GET 200 https://npm.cloudsmith.io/vlt/benchmarks/style-loader 293ms (cache miss)
npm http fetch GET 200 https://npm.cloudsmith.io/vlt/benchmarks/stylelint 379ms (cache miss)
npm http fetch GET 200 https://npm.cloudsmith.io/vlt/benchmarks/superagent 344ms (cache miss)
npm http fetch GET 200 https://npm.cloudsmith.io/vlt/benchmarks/uglify-js 443ms (cache miss)
npm http fetch GET 200 https://npm.cloudsmith.io/vlt/benchmarks/uuid 342ms (cache miss)
npm http fetch GET 200 https://npm.cloudsmith.io/vlt/benchmarks/verge 284ms (cache miss)
npm http fetch GET 200 https://npm.cloudsmith.io/vlt/benchmarks/webpack-bundle-analyzer 323ms (cache miss)
npm http fetch GET 200 https://npm.cloudsmith.io/vlt/benchmarks/webpack-hot-middleware 312ms (cache miss)
npm http fetch GET 200 https://npm.cloudsmith.io/vlt/benchmarks/webpack-notifier 275ms (cache miss)
npm http fetch GET 200 https://npm.cloudsmith.io/vlt/benchmarks/webpack-split-by-path 290ms (cache miss)
npm http fetch GET 200 https://npm.cloudsmith.io/vlt/benchmarks/whatwg-fetch 300ms (cache miss)
npm http fetch GET 200 https://npm.cloudsmith.io/vlt/benchmarks/nan-as 395ms (cache miss)
npm http fetch GET 200 https://npm.cloudsmith.io/vlt/benchmarks/browserslist 383ms (cache miss)
npm http fetch GET 200 https://npm.cloudsmith.io/vlt/benchmarks/fraction.js 401ms (cache miss)
npm http fetch GET 200 https://npm.cloudsmith.io/vlt/benchmarks/caniuse-lite 682ms (cache miss)
npm http fetch GET 200 https://npm.cloudsmith.io/vlt/benchmarks/postcss-value-parser 289ms (cache miss)
npm http fetch GET 200 https://npm.cloudsmith.io/vlt/benchmarks/picocolors 385ms (cache miss)
npm http fetch GET 200 https://npm.cloudsmith.io/vlt/benchmarks/nanoid 259ms (cache miss)
npm http fetch GET 200 https://npm.cloudsmith.io/vlt/benchmarks/picocolors 295ms (cache miss)
npm http fetch GET 200 https://npm.cloudsmith.io/vlt/benchmarks/source-map-js 271ms (cache miss)
npm http fetch GET 200 https://npm.cloudsmith.io/vlt/benchmarks/babel-code-frame 309ms (cache miss)
npm http fetch GET 200 https://npm.cloudsmith.io/vlt/benchmarks/babel-generator 306ms (cache miss)
npm http fetch GET 200 https://npm.cloudsmith.io/vlt/benchmarks/babel-helpers 319ms (cache miss)
npm http fetch GET 200 https://npm.cloudsmith.io/vlt/benchmarks/babel-messages 331ms (cache miss)
npm http fetch GET 200 https://npm.cloudsmith.io/vlt/benchmarks/babel-register 348ms (cache miss)
npm http fetch GET 200 https://npm.cloudsmith.io/vlt/benchmarks/babel-template 319ms (cache miss)
npm http fetch GET 200 https://npm.cloudsmith.io/vlt/benchmarks/babel-traverse 309ms (cache miss)
npm http fetch GET 200 https://npm.cloudsmith.io/vlt/benchmarks/babel-types 325ms (cache miss)
npm http fetch GET 200 https://npm.cloudsmith.io/vlt/benchmarks/babylon 359ms (cache miss)
npm http fetch GET 200 https://npm.cloudsmith.io/vlt/benchmarks/convert-source-map 399ms (cache miss)
npm http fetch GET 200 https://npm.cloudsmith.io/vlt/benchmarks/debug 337ms (cache miss)
npm http fetch GET 200 https://npm.cloudsmith.io/vlt/benchmarks/json5 293ms (cache miss)
npm http fetch GET 200 https://npm.cloudsmith.io/vlt/benchmarks/lodash 258ms (cache updated)
npm http fetch GET 200 https://npm.cloudsmith.io/vlt/benchmarks/path-is-absolute 281ms (cache miss)
npm http fetch GET 200 https://npm.cloudsmith.io/vlt/benchmarks/minimatch 353ms (cache miss)
npm http fetch GET 200 https://npm.cloudsmith.io/vlt/benchmarks/private 283ms (cache miss)
npm http fetch GET 200 https://npm.cloudsmith.io/vlt/benchmarks/slash 264ms (cache miss)
npm http fetch GET 200 https://npm.cloudsmith.io/vlt/benchmarks/source-map 296ms (cache miss)
npm http fetch GET 200 https://npm.cloudsmith.io/vlt/benchmarks/@babel%2fcode-frame 294ms (cache miss)
npm http fetch GET 200 https://npm.cloudsmith.io/vlt/benchmarks/@babel%2fparser 364ms (cache miss)
npm http fetch GET 200 https://npm.cloudsmith.io/vlt/benchmarks/@babel%2ftraverse 384ms (cache miss)
npm http fetch GET 200 https://npm.cloudsmith.io/vlt/benchmarks/eslint-visitor-keys 267ms (cache miss)
npm http fetch GET 200 https://npm.cloudsmith.io/vlt/benchmarks/@babel%2ftypes 398ms (cache miss)
npm http fetch GET 200 https://npm.cloudsmith.io/vlt/benchmarks/resolve 345ms (cache miss)
npm http fetch GET 200 https://npm.cloudsmith.io/vlt/benchmarks/@eslint-community%2feslint-utils 294ms (cache miss)
npm http fetch GET 200 https://npm.cloudsmith.io/vlt/benchmarks/@eslint-community%2fregexpp 276ms (cache miss)
npm http fetch GET 200 https://npm.cloudsmith.io/vlt/benchmarks/@eslint%2feslintrc 389ms (cache miss)
npm http fetch GET 200 https://npm.cloudsmith.io/vlt/benchmarks/@humanwhocodes%2fconfig-array 301ms (cache miss)
npm http fetch GET 200 https://npm.cloudsmith.io/vlt/benchmarks/@eslint%2fjs 307ms (cache miss)
npm http fetch GET 200 https://npm.cloudsmith.io/vlt/benchmarks/@nodelib%2ffs.walk 278ms (cache miss)
npm http fetch GET 200 https://npm.cloudsmith.io/vlt/benchmarks/@humanwhocodes%2fmodule-importer 315ms (cache miss)
npm http fetch GET 200 https://npm.cloudsmith.io/vlt/benchmarks/@ungap%2fstructured-clone 328ms (cache miss)
npm http fetch GET 200 https://npm.cloudsmith.io/vlt/benchmarks/chalk 273ms (cache miss)
npm http fetch GET 200 https://npm.cloudsmith.io/vlt/benchmarks/cross-spawn 309ms (cache miss)
npm http fetch GET 200 https://npm.cloudsmith.io/vlt/benchmarks/ajv 407ms (cache miss)
npm http fetch GET 200 https://npm.cloudsmith.io/vlt/benchmarks/debug 242ms (cache updated)
npm http fetch GET 200 https://npm.cloudsmith.io/vlt/benchmarks/doctrine 277ms (cache miss)
npm http fetch GET 200 https://npm.cloudsmith.io/vlt/benchmarks/eslint-visitor-keys 36ms (cache updated)
npm http fetch GET 200 https://npm.cloudsmith.io/vlt/benchmarks/eslint-scope 287ms (cache miss)
npm http fetch GET 200 https://npm.cloudsmith.io/vlt/benchmarks/escape-string-regexp 518ms (cache miss)
npm http fetch GET 200 https://npm.cloudsmith.io/vlt/benchmarks/espree 381ms (cache miss)
npm http fetch GET 200 https://npm.cloudsmith.io/vlt/benchmarks/esquery 287ms (cache miss)
npm http fetch GET 200 https://npm.cloudsmith.io/vlt/benchmarks/esutils 297ms (cache miss)
npm http fetch GET 200 https://npm.cloudsmith.io/vlt/benchmarks/fast-deep-equal 276ms (cache miss)
npm http fetch GET 200 https://npm.cloudsmith.io/vlt/benchmarks/file-entry-cache 349ms (cache miss)
npm http fetch GET 200 https://npm.cloudsmith.io/vlt/benchmarks/find-up 271ms (cache miss)
npm http fetch GET 200 https://npm.cloudsmith.io/vlt/benchmarks/glob-parent 277ms (cache miss)
npm http fetch GET 200 https://npm.cloudsmith.io/vlt/benchmarks/globals 309ms (cache miss)
npm http fetch GET 200 https://npm.cloudsmith.io/vlt/benchmarks/graphemer 283ms (cache miss)
npm http fetch GET 200 https://npm.cloudsmith.io/vlt/benchmarks/ignore 305ms (cache miss)
npm http fetch GET 200 https://npm.cloudsmith.io/vlt/benchmarks/imurmurhash 336ms (cache miss)
npm http fetch GET 200 https://npm.cloudsmith.io/vlt/benchmarks/is-glob 311ms (cache miss)
npm http fetch GET 200 https://npm.cloudsmith.io/vlt/benchmarks/is-path-inside 288ms (cache miss)
npm http fetch GET 200 https://npm.cloudsmith.io/vlt/benchmarks/js-yaml 307ms (cache miss)
npm http fetch GET 200 https://npm.cloudsmith.io/vlt/benchmarks/json-stable-stringify-without-jsonify 344ms (cache miss)
npm http fetch GET 200 https://npm.cloudsmith.io/vlt/benchmarks/levn 297ms (cache miss)
npm http fetch GET 200 https://npm.cloudsmith.io/vlt/benchmarks/lodash.merge 282ms (cache miss)
npm http fetch GET 200 https://npm.cloudsmith.io/vlt/benchmarks/minimatch 330ms (cache updated)
npm http fetch GET 200 https://npm.cloudsmith.io/vlt/benchmarks/natural-compare 277ms (cache miss)
npm http fetch GET 200 https://npm.cloudsmith.io/vlt/benchmarks/optionator 303ms (cache miss)
npm http fetch GET 200 https://npm.cloudsmith.io/vlt/benchmarks/text-table 279ms (cache miss)
npm http fetch GET 200 https://npm.cloudsmith.io/vlt/benchmarks/strip-ansi 308ms (cache miss)
npm http fetch GET 200 https://npm.cloudsmith.io/vlt/benchmarks/find-cache-dir 290ms (cache miss)
npm http fetch GET 200 https://npm.cloudsmith.io/vlt/benchmarks/@types%2festree 283ms (cache miss)
npm http fetch GET 200 https://npm.cloudsmith.io/vlt/benchmarks/schema-utils 298ms (cache miss)
npm http fetch GET 200 https://npm.cloudsmith.io/vlt/benchmarks/@types%2fjson-schema 272ms (cache miss)
npm http fetch GET 200 https://npm.cloudsmith.io/vlt/benchmarks/@webassemblyjs%2fast 316ms (cache miss)
npm http fetch GET 200 https://npm.cloudsmith.io/vlt/benchmarks/@webassemblyjs%2fwasm-edit 332ms (cache miss)
npm http fetch GET 200 https://npm.cloudsmith.io/vlt/benchmarks/browserslist 40ms (cache updated)
npm http fetch GET 200 https://npm.cloudsmith.io/vlt/benchmarks/@webassemblyjs%2fwasm-parser 319ms (cache miss)
npm http fetch GET 200 https://npm.cloudsmith.io/vlt/benchmarks/chrome-trace-event 288ms (cache miss)
npm http fetch GET 200 https://npm.cloudsmith.io/vlt/benchmarks/enhanced-resolve 367ms (cache miss)
npm http fetch GET 200 https://npm.cloudsmith.io/vlt/benchmarks/es-module-lexer 338ms (cache miss)
npm http fetch GET 200 https://npm.cloudsmith.io/vlt/benchmarks/events 282ms (cache miss)
npm http fetch GET 200 https://npm.cloudsmith.io/vlt/benchmarks/graceful-fs 303ms (cache miss)
npm http fetch GET 200 https://npm.cloudsmith.io/vlt/benchmarks/schema-utils 37ms (cache updated)
npm http fetch GET 200 https://npm.cloudsmith.io/vlt/benchmarks/mime-db 304ms (cache miss)
npm http fetch GET 200 https://npm.cloudsmith.io/vlt/benchmarks/minimizer-webpack-plugin 315ms (cache miss)
npm http fetch GET 200 https://npm.cloudsmith.io/vlt/benchmarks/tapable 368ms (cache miss)
npm http fetch GET 200 https://npm.cloudsmith.io/vlt/benchmarks/watchpack 309ms (cache miss)
npm http fetch GET 200 https://npm.cloudsmith.io/vlt/benchmarks/webpack-sources 376ms (cache miss)
npm http fetch GET 200 https://npm.cloudsmith.io/vlt/benchmarks/@babel%2fcode-frame 248ms (cache updated)
npm http fetch GET 200 https://npm.cloudsmith.io/vlt/benchmarks/@babel%2fhelper-compilation-targets 288ms (cache miss)
npm http fetch GET 200 https://npm.cloudsmith.io/vlt/benchmarks/@babel%2fgenerator 465ms (cache miss)
npm http fetch GET 200 https://npm.cloudsmith.io/vlt/benchmarks/@babel%2fparser 56ms (cache updated)
npm http fetch GET 200 https://npm.cloudsmith.io/vlt/benchmarks/@babel%2fhelper-module-transforms 357ms (cache miss)
npm http fetch GET 200 https://npm.cloudsmith.io/vlt/benchmarks/@babel%2ftraverse 40ms (cache updated)
npm http fetch GET 200 https://npm.cloudsmith.io/vlt/benchmarks/@babel%2ftypes 39ms (cache updated)
npm http fetch GET 200 https://npm.cloudsmith.io/vlt/benchmarks/@babel%2fhelpers 324ms (cache miss)
npm http fetch GET 200 https://npm.cloudsmith.io/vlt/benchmarks/convert-source-map 36ms (cache updated)
npm http fetch GET 200 https://npm.cloudsmith.io/vlt/benchmarks/debug 41ms (cache updated)
npm http fetch GET 200 https://npm.cloudsmith.io/vlt/benchmarks/@babel%2ftemplate 310ms (cache miss)
npm http fetch GET 200 https://npm.cloudsmith.io/vlt/benchmarks/json5 38ms (cache updated)
npm http fetch GET 200 https://npm.cloudsmith.io/vlt/benchmarks/@jridgewell%2fremapping 291ms (cache miss)
npm http fetch GET 200 https://npm.cloudsmith.io/vlt/benchmarks/gensync 291ms (cache miss)
npm http fetch GET 200 https://npm.cloudsmith.io/vlt/benchmarks/@babel%2ftypes 39ms (cache updated)
npm http fetch GET 200 https://npm.cloudsmith.io/vlt/benchmarks/semver 327ms (cache miss)
npm http fetch GET 200 https://npm.cloudsmith.io/vlt/benchmarks/lodash 40ms (cache updated)
npm http fetch GET 200 https://npm.cloudsmith.io/vlt/benchmarks/@babel%2fhelper-module-imports 298ms (cache miss)
npm http fetch GET 200 https://npm.cloudsmith.io/vlt/benchmarks/glob 265ms (cache updated)
npm http fetch GET 200 https://npm.cloudsmith.io/vlt/benchmarks/require-package-name 281ms (cache miss)
npm http fetch GET 200 https://npm.cloudsmith.io/vlt/benchmarks/find-babel-config 283ms (cache miss)
npm http fetch GET 200 https://npm.cloudsmith.io/vlt/benchmarks/glob 257ms (cache updated)
npm http fetch GET 200 https://npm.cloudsmith.io/vlt/benchmarks/resolve 37ms (cache updated)
npm http fetch GET 200 https://npm.cloudsmith.io/vlt/benchmarks/pkg-up 298ms (cache miss)
npm http fetch GET 200 https://npm.cloudsmith.io/vlt/benchmarks/reselect 300ms (cache miss)
npm http fetch GET 200 https://npm.cloudsmith.io/vlt/benchmarks/babel-template 37ms (cache updated)
npm http fetch GET 200 https://npm.cloudsmith.io/vlt/benchmarks/babel-plugin-syntax-decorators 285ms (cache miss)
npm http fetch GET 200 https://npm.cloudsmith.io/vlt/benchmarks/babel-runtime 290ms (cache updated)
npm http fetch GET 200 https://npm.cloudsmith.io/vlt/benchmarks/babel-runtime 284ms (cache updated)
npm http fetch GET 200 https://npm.cloudsmith.io/vlt/benchmarks/core-js 361ms (cache miss)
npm http fetch GET 200 https://npm.cloudsmith.io/vlt/benchmarks/regenerator-runtime 290ms (cache miss)
npm http fetch GET 200 https://npm.cloudsmith.io/vlt/benchmarks/babel-plugin-check-es2015-constants 283ms (cache miss)
npm http fetch GET 200 https://npm.cloudsmith.io/vlt/benchmarks/babel-plugin-transform-es2015-arrow-functions 308ms (cache miss)
npm http fetch GET 200 https://npm.cloudsmith.io/vlt/benchmarks/babel-plugin-transform-es2015-block-scoped-functions 299ms (cache miss)
npm http fetch GET 200 https://npm.cloudsmith.io/vlt/benchmarks/babel-plugin-transform-es2015-block-scoping 321ms (cache miss)
npm http fetch GET 200 https://npm.cloudsmith.io/vlt/benchmarks/babel-plugin-transform-es2015-computed-properties 293ms (cache miss)
npm http fetch GET 200 https://npm.cloudsmith.io/vlt/benchmarks/babel-plugin-transform-es2015-classes 324ms (cache miss)
npm http fetch GET 200 https://npm.cloudsmith.io/vlt/benchmarks/babel-plugin-transform-es2015-destructuring 291ms (cache miss)
npm http fetch GET 200 https://npm.cloudsmith.io/vlt/benchmarks/babel-plugin-transform-es2015-duplicate-keys 268ms (cache miss)
npm http fetch GET 200 https://npm.cloudsmith.io/vlt/benchmarks/babel-plugin-transform-es2015-for-of 317ms (cache miss)
npm http fetch GET 200 https://npm.cloudsmith.io/vlt/benchmarks/babel-plugin-transform-es2015-function-name 329ms (cache miss)
npm http fetch GET 200 https://npm.cloudsmith.io/vlt/benchmarks/babel-plugin-transform-es2015-literals 352ms (cache miss)
npm http fetch GET 200 https://npm.cloudsmith.io/vlt/benchmarks/babel-plugin-transform-es2015-modules-amd 304ms (cache miss)
npm http fetch GET 200 https://npm.cloudsmith.io/vlt/benchmarks/babel-plugin-transform-es2015-modules-commonjs 448ms (cache miss)
npm http fetch GET 200 https://npm.cloudsmith.io/vlt/benchmarks/babel-plugin-transform-es2015-modules-systemjs 263ms (cache miss)
npm http fetch GET 200 https://npm.cloudsmith.io/vlt/benchmarks/babel-plugin-transform-es2015-modules-umd 299ms (cache miss)
npm http fetch GET 200 https://npm.cloudsmith.io/vlt/benchmarks/babel-plugin-transform-es2015-object-super 304ms (cache miss)
npm http fetch GET 200 https://npm.cloudsmith.io/vlt/benchmarks/babel-plugin-transform-es2015-parameters 278ms (cache miss)
npm http fetch GET 200 https://npm.cloudsmith.io/vlt/benchmarks/babel-plugin-transform-es2015-shorthand-properties 299ms (cache miss)
npm http fetch GET 200 https://npm.cloudsmith.io/vlt/benchmarks/babel-plugin-transform-es2015-sticky-regex 295ms (cache miss)
npm http fetch GET 200 https://npm.cloudsmith.io/vlt/benchmarks/babel-plugin-transform-es2015-spread 305ms (cache miss)
npm http fetch GET 200 https://npm.cloudsmith.io/vlt/benchmarks/babel-plugin-transform-es2015-template-literals 289ms (cache miss)
npm http fetch GET 200 https://npm.cloudsmith.io/vlt/benchmarks/babel-plugin-transform-es2015-typeof-symbol 298ms (cache miss)
npm http fetch GET 200 https://npm.cloudsmith.io/vlt/benchmarks/babel-plugin-transform-es2015-unicode-regex 297ms (cache miss)
npm http fetch GET 200 https://npm.cloudsmith.io/vlt/benchmarks/babel-plugin-transform-regenerator 418ms (cache miss)
npm http fetch GET 200 https://npm.cloudsmith.io/vlt/benchmarks/babel-preset-flow 270ms (cache miss)
npm http fetch GET 200 https://npm.cloudsmith.io/vlt/benchmarks/babel-plugin-syntax-jsx 274ms (cache miss)
npm http fetch GET 200 https://npm.cloudsmith.io/vlt/benchmarks/babel-plugin-transform-react-display-name 321ms (cache miss)
npm http fetch GET 200 https://npm.cloudsmith.io/vlt/benchmarks/babel-plugin-transform-react-jsx 295ms (cache miss)
npm http fetch GET 200 https://npm.cloudsmith.io/vlt/benchmarks/babel-plugin-transform-react-jsx-self 264ms (cache miss)
npm http fetch GET 200 https://npm.cloudsmith.io/vlt/benchmarks/babel-plugin-react-transform 289ms (cache miss)
npm http fetch GET 200 https://npm.cloudsmith.io/vlt/benchmarks/react-transform-catch-errors 277ms (cache miss)
npm http fetch GET 200 https://npm.cloudsmith.io/vlt/benchmarks/react-transform-hmr 306ms (cache miss)
npm http fetch GET 200 https://npm.cloudsmith.io/vlt/benchmarks/babel-plugin-transform-react-jsx-source 993ms (cache miss)
npm http fetch GET 200 https://npm.cloudsmith.io/vlt/benchmarks/redbox-react 298ms (cache miss)
npm http fetch GET 200 https://npm.cloudsmith.io/vlt/benchmarks/babel-plugin-transform-class-constructor-call 313ms (cache miss)
npm http fetch GET 200 https://npm.cloudsmith.io/vlt/benchmarks/core-js 61ms (cache updated)
npm http fetch GET 200 https://npm.cloudsmith.io/vlt/benchmarks/babel-plugin-transform-export-extensions 318ms (cache miss)
npm http fetch GET 200 https://npm.cloudsmith.io/vlt/benchmarks/babel-preset-stage-2 314ms (cache miss)
npm http fetch GET 200 https://npm.cloudsmith.io/vlt/benchmarks/regenerator-runtime 247ms (cache updated)
npm http fetch GET 200 https://npm.cloudsmith.io/vlt/benchmarks/del 311ms (cache miss)
npm http fetch GET 200 https://npm.cloudsmith.io/vlt/benchmarks/icss-utils 289ms (cache miss)
npm http fetch GET 200 https://npm.cloudsmith.io/vlt/benchmarks/postcss-modules-extract-imports 316ms (cache miss)
npm http fetch GET 200 https://npm.cloudsmith.io/vlt/benchmarks/postcss-modules-local-by-default 314ms (cache miss)
npm http fetch GET 200 https://npm.cloudsmith.io/vlt/benchmarks/semver 36ms (cache updated)
npm http fetch GET 200 https://npm.cloudsmith.io/vlt/benchmarks/postcss-modules-scope 335ms (cache miss)
npm http fetch GET 200 https://npm.cloudsmith.io/vlt/benchmarks/postcss-modules-values 271ms (cache miss)
npm http fetch GET 200 https://npm.cloudsmith.io/vlt/benchmarks/minimist 264ms (cache miss)
npm http fetch GET 200 https://npm.cloudsmith.io/vlt/benchmarks/postcss 285ms (cache updated)
npm http fetch GET 200 https://npm.cloudsmith.io/vlt/benchmarks/lilconfig 302ms (cache miss)
npm http fetch GET 200 https://npm.cloudsmith.io/vlt/benchmarks/cssnano-preset-default 301ms (cache miss)
npm http fetch GET 200 https://npm.cloudsmith.io/vlt/benchmarks/fbjs 314ms (cache miss)
npm http fetch GET 200 https://npm.cloudsmith.io/vlt/benchmarks/object-assign 299ms (cache miss)
npm http fetch GET 200 https://npm.cloudsmith.io/vlt/benchmarks/immutable 481ms (cache updated)
npm http fetch GET 200 https://npm.cloudsmith.io/vlt/benchmarks/loose-envify 280ms (cache miss)
npm http fetch GET 200 https://npm.cloudsmith.io/vlt/benchmarks/loose-envify 224ms (cache miss)
npm http fetch GET 200 https://npm.cloudsmith.io/vlt/benchmarks/jake 319ms (cache miss)
npm http fetch GET 200 https://npm.cloudsmith.io/vlt/benchmarks/eslint-config-airbnb-base 281ms (cache miss)
npm http fetch GET 200 https://npm.cloudsmith.io/vlt/benchmarks/object.assign 293ms (cache miss)
npm http fetch GET 200 https://npm.cloudsmith.io/vlt/benchmarks/object.entries 322ms (cache miss)
npm http fetch GET 200 https://npm.cloudsmith.io/vlt/benchmarks/array-includes 285ms (cache miss)
npm http fetch GET 200 https://npm.cloudsmith.io/vlt/benchmarks/scheduler 1129ms (cache miss)
npm http fetch GET 200 https://npm.cloudsmith.io/vlt/benchmarks/array.prototype.findlast 312ms (cache miss)
npm http fetch GET 200 https://npm.cloudsmith.io/vlt/benchmarks/doctrine 37ms (cache updated)
npm http fetch GET 200 https://npm.cloudsmith.io/vlt/benchmarks/array.prototype.flatmap 278ms (cache miss)
npm http fetch GET 200 https://npm.cloudsmith.io/vlt/benchmarks/array.prototype.tosorted 316ms (cache miss)
npm http fetch GET 200 https://npm.cloudsmith.io/vlt/benchmarks/estraverse 279ms (cache miss)
npm http fetch GET 200 https://npm.cloudsmith.io/vlt/benchmarks/es-iterator-helpers 296ms (cache miss)
npm http fetch GET 200 https://npm.cloudsmith.io/vlt/benchmarks/object.entries 37ms (cache updated)
npm http fetch GET 200 https://npm.cloudsmith.io/vlt/benchmarks/hasown 262ms (cache miss)
npm http fetch GET 200 https://npm.cloudsmith.io/vlt/benchmarks/object.fromentries 271ms (cache miss)
npm http fetch GET 200 https://npm.cloudsmith.io/vlt/benchmarks/jsx-ast-utils 488ms (cache miss)
npm http fetch GET 200 https://npm.cloudsmith.io/vlt/benchmarks/resolve 37ms (cache updated)
npm http fetch GET 200 https://npm.cloudsmith.io/vlt/benchmarks/object.values 319ms (cache miss)
npm http fetch GET 200 https://npm.cloudsmith.io/vlt/benchmarks/prop-types 245ms (cache updated)
npm http fetch GET 200 https://npm.cloudsmith.io/vlt/benchmarks/string.prototype.repeat 293ms (cache miss)
npm http fetch GET 200 https://npm.cloudsmith.io/vlt/benchmarks/string.prototype.matchall 301ms (cache miss)
npm http fetch GET 200 https://npm.cloudsmith.io/vlt/benchmarks/aria-query 312ms (cache miss)
npm http fetch GET 200 https://npm.cloudsmith.io/vlt/benchmarks/array.prototype.flatmap 240ms (cache updated)
npm http fetch GET 200 https://npm.cloudsmith.io/vlt/benchmarks/ast-types-flow 288ms (cache miss)
npm http fetch GET 200 https://npm.cloudsmith.io/vlt/benchmarks/axobject-query 288ms (cache miss)
npm http fetch GET 200 https://npm.cloudsmith.io/vlt/benchmarks/damerau-levenshtein 275ms (cache miss)
npm http fetch GET 200 https://npm.cloudsmith.io/vlt/benchmarks/emoji-regex 283ms (cache miss)
npm http fetch GET 200 https://npm.cloudsmith.io/vlt/benchmarks/jsx-ast-utils 249ms (cache updated)
npm http fetch GET 200 https://npm.cloudsmith.io/vlt/benchmarks/axe-core 1033ms (cache miss)
npm http fetch GET 200 https://npm.cloudsmith.io/vlt/benchmarks/safe-regex-test 304ms (cache miss)
npm http fetch GET 200 https://npm.cloudsmith.io/vlt/benchmarks/language-tags 314ms (cache miss)
npm http fetch GET 200 https://npm.cloudsmith.io/vlt/benchmarks/array-includes 35ms (cache updated)
npm http fetch GET 200 https://npm.cloudsmith.io/vlt/benchmarks/string.prototype.includes 280ms (cache miss)
npm http fetch GET 200 https://npm.cloudsmith.io/vlt/benchmarks/@rtsao%2fscc 279ms (cache miss)
npm http fetch GET 200 https://npm.cloudsmith.io/vlt/benchmarks/debug 41ms (cache updated)
npm http fetch GET 200 https://npm.cloudsmith.io/vlt/benchmarks/array.prototype.findlastindex 286ms (cache miss)
npm http fetch GET 200 https://npm.cloudsmith.io/vlt/benchmarks/array.prototype.flat 270ms (cache miss)
npm http fetch GET 200 https://npm.cloudsmith.io/vlt/benchmarks/eslint-import-resolver-node 269ms (cache miss)
npm http fetch GET 200 https://npm.cloudsmith.io/vlt/benchmarks/eslint-module-utils 278ms (cache miss)
npm http fetch GET 200 https://npm.cloudsmith.io/vlt/benchmarks/is-glob 228ms (cache updated)
npm http fetch GET 200 https://npm.cloudsmith.io/vlt/benchmarks/is-core-module 308ms (cache miss)
npm http fetch GET 200 https://npm.cloudsmith.io/vlt/benchmarks/object.groupby 268ms (cache miss)
npm http fetch GET 200 https://npm.cloudsmith.io/vlt/benchmarks/enhanced-resolve 39ms (cache updated)
npm http fetch GET 200 https://npm.cloudsmith.io/vlt/benchmarks/string.prototype.trimend 299ms (cache miss)
npm http fetch GET 200 https://npm.cloudsmith.io/vlt/benchmarks/tsconfig-paths 301ms (cache miss)
npm http fetch GET 200 https://npm.cloudsmith.io/vlt/benchmarks/find-root 272ms (cache miss)
npm http fetch GET 200 https://npm.cloudsmith.io/vlt/benchmarks/lodash 41ms (cache updated)
npm http fetch GET 200 https://npm.cloudsmith.io/vlt/benchmarks/resolve 34ms (cache updated)
npm http fetch GET 200 https://npm.cloudsmith.io/vlt/benchmarks/semver 37ms (cache updated)
npm http fetch GET 200 https://npm.cloudsmith.io/vlt/benchmarks/interpret 293ms (cache miss)
npm http fetch GET 200 https://npm.cloudsmith.io/vlt/benchmarks/is-regex 322ms (cache miss)
npm http fetch GET 200 https://npm.cloudsmith.io/vlt/benchmarks/accepts 322ms (cache miss)
npm http fetch GET 200 https://npm.cloudsmith.io/vlt/benchmarks/array-flatten 280ms (cache miss)
npm http fetch GET 200 https://npm.cloudsmith.io/vlt/benchmarks/body-parser 331ms (cache miss)
npm http fetch GET 200 https://npm.cloudsmith.io/vlt/benchmarks/content-disposition 280ms (cache miss)
npm http fetch GET 200 https://npm.cloudsmith.io/vlt/benchmarks/content-type 365ms (cache miss)
npm http fetch GET 200 https://npm.cloudsmith.io/vlt/benchmarks/debug 36ms (cache updated)
npm http fetch GET 200 https://npm.cloudsmith.io/vlt/benchmarks/cookie 300ms (cache miss)
npm http fetch GET 200 https://npm.cloudsmith.io/vlt/benchmarks/cookie-signature 308ms (cache miss)
npm http fetch GET 200 https://npm.cloudsmith.io/vlt/benchmarks/depd 283ms (cache miss)
npm http fetch GET 200 https://npm.cloudsmith.io/vlt/benchmarks/encodeurl 284ms (cache miss)
npm http fetch GET 200 https://npm.cloudsmith.io/vlt/benchmarks/escape-html 298ms (cache miss)
npm http fetch GET 200 https://npm.cloudsmith.io/vlt/benchmarks/etag 294ms (cache miss)
npm http fetch GET 200 https://npm.cloudsmith.io/vlt/benchmarks/finalhandler 302ms (cache miss)
npm http fetch GET 200 https://npm.cloudsmith.io/vlt/benchmarks/fresh 273ms (cache miss)
npm http fetch GET 200 https://npm.cloudsmith.io/vlt/benchmarks/http-errors 340ms (cache miss)
npm http fetch GET 200 https://npm.cloudsmith.io/vlt/benchmarks/methods 311ms (cache miss)
npm http fetch GET 200 https://npm.cloudsmith.io/vlt/benchmarks/on-finished 267ms (cache miss)
npm http fetch GET 200 https://npm.cloudsmith.io/vlt/benchmarks/parseurl 319ms (cache miss)
npm http fetch GET 200 https://npm.cloudsmith.io/vlt/benchmarks/path-to-regexp 323ms (cache miss)
npm http fetch GET 200 https://npm.cloudsmith.io/vlt/benchmarks/proxy-addr 264ms (cache miss)
npm http fetch GET 200 https://npm.cloudsmith.io/vlt/benchmarks/merge-descriptors 1061ms (cache miss)
npm http fetch GET 200 https://npm.cloudsmith.io/vlt/benchmarks/qs 263ms (cache updated)
npm http fetch GET 200 https://npm.cloudsmith.io/vlt/benchmarks/range-parser 270ms (cache miss)
npm http fetch GET 200 https://npm.cloudsmith.io/vlt/benchmarks/safe-buffer 270ms (cache miss)
npm http fetch GET 200 https://npm.cloudsmith.io/vlt/benchmarks/send 281ms (cache miss)
npm http fetch GET 200 https://npm.cloudsmith.io/vlt/benchmarks/serve-static 315ms (cache miss)
npm http fetch GET 200 https://npm.cloudsmith.io/vlt/benchmarks/setprototypeof 282ms (cache miss)
npm http fetch GET 200 https://npm.cloudsmith.io/vlt/benchmarks/statuses 281ms (cache miss)
npm http fetch GET 200 https://npm.cloudsmith.io/vlt/benchmarks/utils-merge 259ms (cache miss)
npm http fetch GET 200 https://npm.cloudsmith.io/vlt/benchmarks/type-is 315ms (cache miss)
npm http fetch GET 200 https://npm.cloudsmith.io/vlt/benchmarks/debug 36ms (cache updated)
npm http fetch GET 200 https://npm.cloudsmith.io/vlt/benchmarks/vary 277ms (cache miss)
npm http fetch GET 200 https://npm.cloudsmith.io/vlt/benchmarks/es6-promise 314ms (cache miss)
npm http fetch GET 200 https://npm.cloudsmith.io/vlt/benchmarks/raw-body 365ms (cache miss)
npm http fetch GET 200 https://npm.cloudsmith.io/vlt/benchmarks/minimatch 51ms (cache updated)
npm http fetch GET 200 https://npm.cloudsmith.io/vlt/benchmarks/foreground-child 303ms (cache miss)
npm http fetch GET 200 https://npm.cloudsmith.io/vlt/benchmarks/jackspeak 319ms (cache miss)
npm http fetch GET 200 https://npm.cloudsmith.io/vlt/benchmarks/package-json-from-dist 270ms (cache miss)
npm http fetch GET 200 https://npm.cloudsmith.io/vlt/benchmarks/minipass 323ms (cache miss)
npm http fetch GET 200 https://npm.cloudsmith.io/vlt/benchmarks/path-scurry 331ms (cache miss)
npm http fetch GET 200 https://npm.cloudsmith.io/vlt/benchmarks/glob-watcher 283ms (cache miss)
npm http fetch GET 200 https://npm.cloudsmith.io/vlt/benchmarks/gulp-cli 295ms (cache miss)
npm http fetch GET 200 https://npm.cloudsmith.io/vlt/benchmarks/vinyl-fs 290ms (cache miss)
npm http fetch GET 200 https://npm.cloudsmith.io/vlt/benchmarks/undertaker 314ms (cache miss)
npm http fetch GET 200 https://npm.cloudsmith.io/vlt/benchmarks/concat-with-sourcemaps 316ms (cache miss)
npm http fetch GET 200 https://npm.cloudsmith.io/vlt/benchmarks/through2 275ms (cache miss)
npm http fetch GET 200 https://npm.cloudsmith.io/vlt/benchmarks/vinyl 331ms (cache miss)
npm http fetch GET 200 https://npm.cloudsmith.io/vlt/benchmarks/csslint 288ms (cache miss)
npm http fetch GET 200 https://npm.cloudsmith.io/vlt/benchmarks/fancy-log 288ms (cache miss)
npm http fetch GET 200 https://npm.cloudsmith.io/vlt/benchmarks/through2 37ms (cache updated)
npm http fetch GET 200 https://npm.cloudsmith.io/vlt/benchmarks/plugin-error 272ms (cache miss)
npm http fetch GET 200 https://npm.cloudsmith.io/vlt/benchmarks/vinyl 36ms (cache updated)
npm http fetch GET 200 https://npm.cloudsmith.io/vlt/benchmarks/rcloader 346ms (cache miss)
npm http fetch GET 200 https://npm.cloudsmith.io/vlt/benchmarks/object-assign 35ms (cache updated)
npm http fetch GET 200 https://npm.cloudsmith.io/vlt/benchmarks/cssnano 243ms (cache updated)
npm http fetch GET 200 https://npm.cloudsmith.io/vlt/benchmarks/buffer-from 279ms (cache miss)
npm http fetch GET 200 https://npm.cloudsmith.io/vlt/benchmarks/plugin-error 39ms (cache updated)
npm http fetch GET 200 https://npm.cloudsmith.io/vlt/benchmarks/through2 40ms (cache updated)
npm http fetch GET 200 https://npm.cloudsmith.io/vlt/benchmarks/plugin-error 36ms (cache updated)
npm http fetch GET 200 https://npm.cloudsmith.io/vlt/benchmarks/vinyl-sourcemaps-apply 280ms (cache miss)
npm http fetch GET 200 https://npm.cloudsmith.io/vlt/benchmarks/through2 35ms (cache updated)
npm http fetch GET 200 https://npm.cloudsmith.io/vlt/benchmarks/vinyl-sourcemaps-apply 39ms (cache updated)
npm http fetch GET 200 https://npm.cloudsmith.io/vlt/benchmarks/chalk 39ms (cache updated)
npm http fetch GET 200 https://npm.cloudsmith.io/vlt/benchmarks/less 237ms (cache updated)
npm http fetch GET 200 https://npm.cloudsmith.io/vlt/benchmarks/debug 41ms (cache updated)
npm http fetch GET 200 https://npm.cloudsmith.io/vlt/benchmarks/replace-ext 324ms (cache miss)
npm http fetch GET 200 https://npm.cloudsmith.io/vlt/benchmarks/lodash.assign 297ms (cache miss)
npm http fetch GET 200 https://npm.cloudsmith.io/vlt/benchmarks/vinyl 37ms (cache updated)
npm http fetch GET 200 https://npm.cloudsmith.io/vlt/benchmarks/readable-stream 316ms (cache miss)
npm http fetch GET 200 https://npm.cloudsmith.io/vlt/benchmarks/tiny-lr 312ms (cache miss)
npm http fetch GET 200 https://npm.cloudsmith.io/vlt/benchmarks/gulp-util 224ms (cache updated)
npm http fetch GET 200 https://npm.cloudsmith.io/vlt/benchmarks/readable-stream 244ms (cache updated)
npm http fetch GET 200 https://npm.cloudsmith.io/vlt/benchmarks/clean-css 372ms (cache miss)
npm http fetch GET 200 https://npm.cloudsmith.io/vlt/benchmarks/plugin-error 34ms (cache updated)
npm http fetch GET 200 https://npm.cloudsmith.io/vlt/benchmarks/fancy-log 226ms (cache updated)
npm http fetch GET 200 https://npm.cloudsmith.io/vlt/benchmarks/vinyl-bufferstream 427ms (cache miss)
npm http fetch GET 200 https://npm.cloudsmith.io/vlt/benchmarks/postcss-load-config 281ms (cache miss)
npm http fetch GET 200 https://npm.cloudsmith.io/vlt/benchmarks/array-differ 283ms (cache miss)
npm http fetch GET 200 https://npm.cloudsmith.io/vlt/benchmarks/chalk 36ms (cache updated)
npm http fetch GET 200 https://npm.cloudsmith.io/vlt/benchmarks/array-uniq 271ms (cache miss)
npm http fetch GET 200 https://npm.cloudsmith.io/vlt/benchmarks/beeper 267ms (cache miss)
npm http fetch GET 200 https://npm.cloudsmith.io/vlt/benchmarks/fancy-log 35ms (cache updated)
npm http fetch GET 200 https://npm.cloudsmith.io/vlt/benchmarks/dateformat 272ms (cache miss)
npm http fetch GET 200 https://npm.cloudsmith.io/vlt/benchmarks/gulplog 256ms (cache miss)
npm http fetch GET 200 https://npm.cloudsmith.io/vlt/benchmarks/has-gulplog 267ms (cache miss)
npm http fetch GET 200 https://npm.cloudsmith.io/vlt/benchmarks/lodash._reescape 366ms (cache miss)
npm http fetch GET 200 https://npm.cloudsmith.io/vlt/benchmarks/lodash._reevaluate 335ms (cache miss)
npm http fetch GET 200 https://npm.cloudsmith.io/vlt/benchmarks/minimist 35ms (cache updated)
npm http fetch GET 200 https://npm.cloudsmith.io/vlt/benchmarks/lodash._reinterpolate 372ms (cache miss)
npm http fetch GET 200 https://npm.cloudsmith.io/vlt/benchmarks/object-assign 36ms (cache updated)
npm http fetch GET 200 https://npm.cloudsmith.io/vlt/benchmarks/replace-ext 39ms (cache updated)
npm http fetch GET 200 https://npm.cloudsmith.io/vlt/benchmarks/vinyl 34ms (cache updated)
npm http fetch GET 200 https://npm.cloudsmith.io/vlt/benchmarks/lodash.template 298ms (cache miss)
npm http fetch GET 200 https://npm.cloudsmith.io/vlt/benchmarks/multipipe 304ms (cache miss)
npm http fetch GET 200 https://npm.cloudsmith.io/vlt/benchmarks/async 354ms (cache miss)
npm http fetch GET 200 https://npm.cloudsmith.io/vlt/benchmarks/json-stringify-safe 266ms (cache miss)
npm http fetch GET 200 https://npm.cloudsmith.io/vlt/benchmarks/loader-utils 270ms (cache miss)
npm http fetch GET 200 https://npm.cloudsmith.io/vlt/benchmarks/serialize-error 272ms (cache miss)
npm http fetch GET 200 https://npm.cloudsmith.io/vlt/benchmarks/source-map-js 252ms (cache updated)
npm http fetch GET 200 https://npm.cloudsmith.io/vlt/benchmarks/@babel%2fruntime 460ms (cache miss)
npm http fetch GET 200 https://npm.cloudsmith.io/vlt/benchmarks/strip-comments 289ms (cache miss)
npm http fetch GET 200 https://npm.cloudsmith.io/vlt/benchmarks/copy-anything 314ms (cache miss)
npm http fetch GET 200 https://npm.cloudsmith.io/vlt/benchmarks/graceful-fs 37ms (cache updated)
npm http fetch GET 200 https://npm.cloudsmith.io/vlt/benchmarks/parse-node-version 269ms (cache miss)
npm http fetch GET 200 https://npm.cloudsmith.io/vlt/benchmarks/errno 263ms (cache miss)
npm http fetch GET 200 https://npm.cloudsmith.io/vlt/benchmarks/probe-image-size 313ms (cache miss)
npm http fetch GET 200 https://npm.cloudsmith.io/vlt/benchmarks/make-dir 269ms (cache miss)
npm http fetch GET 200 https://npm.cloudsmith.io/vlt/benchmarks/mime 302ms (cache miss)
npm http fetch GET 200 https://npm.cloudsmith.io/vlt/benchmarks/source-map 265ms (cache updated)
npm http fetch GET 200 https://npm.cloudsmith.io/vlt/benchmarks/needle 303ms (cache miss)
npm http fetch GET 200 https://npm.cloudsmith.io/vlt/benchmarks/draft-js 266ms (cache updated)
npm http fetch GET 200 https://npm.cloudsmith.io/vlt/benchmarks/loose-envify 39ms (cache updated)
npm http fetch GET 200 https://npm.cloudsmith.io/vlt/benchmarks/immutable 288ms (cache updated)
npm http fetch GET 200 https://npm.cloudsmith.io/vlt/benchmarks/@babel%2fruntime 63ms (cache updated)
npm http fetch GET 200 https://npm.cloudsmith.io/vlt/benchmarks/react-transition-group 484ms (cache miss)
npm http fetch GET 200 https://npm.cloudsmith.io/vlt/benchmarks/invariant 275ms (cache miss)
npm http fetch GET 200 https://npm.cloudsmith.io/vlt/benchmarks/mobx-react-lite 318ms (cache miss)
npm http fetch GET 200 https://npm.cloudsmith.io/vlt/benchmarks/es6-symbol 271ms (cache miss)
npm http fetch GET 200 https://npm.cloudsmith.io/vlt/benchmarks/picocolors 238ms (cache updated)
npm http fetch GET 200 https://npm.cloudsmith.io/vlt/benchmarks/react-is 938ms (cache miss)
npm http fetch GET 200 https://npm.cloudsmith.io/vlt/benchmarks/thenby 278ms (cache miss)
npm http fetch GET 200 https://npm.cloudsmith.io/vlt/benchmarks/loader-utils 38ms (cache updated)
npm http fetch GET 200 https://npm.cloudsmith.io/vlt/benchmarks/schema-utils 40ms (cache updated)
npm http fetch GET 200 https://npm.cloudsmith.io/vlt/benchmarks/@babel%2fruntime 48ms (cache updated)
npm http fetch GET 200 https://npm.cloudsmith.io/vlt/benchmarks/es-define-property 295ms (cache miss)
npm http fetch GET 200 https://npm.cloudsmith.io/vlt/benchmarks/side-channel 260ms (cache miss)
npm http fetch GET 200 https://npm.cloudsmith.io/vlt/benchmarks/react-transition-group 230ms (cache updated)
npm http fetch GET 200 https://npm.cloudsmith.io/vlt/benchmarks/object-assign 35ms (cache updated)
npm http fetch GET 200 https://npm.cloudsmith.io/vlt/benchmarks/classnames 332ms (cache miss)
npm http fetch GET 200 https://npm.cloudsmith.io/vlt/benchmarks/rc-util 348ms (cache miss)
npm http fetch GET 200 https://npm.cloudsmith.io/vlt/benchmarks/@react-dnd%2finvariant 270ms (cache miss)
npm http fetch GET 200 https://npm.cloudsmith.io/vlt/benchmarks/@react-dnd%2fshallowequal 308ms (cache miss)
npm http fetch GET 200 https://npm.cloudsmith.io/vlt/benchmarks/dnd-core 306ms (cache miss)
npm http fetch GET 200 https://npm.cloudsmith.io/vlt/benchmarks/dnd-core 38ms (cache miss)
npm http fetch GET 200 https://npm.cloudsmith.io/vlt/benchmarks/hoist-non-react-statics 273ms (cache miss)
npm http fetch GET 200 https://npm.cloudsmith.io/vlt/benchmarks/classnames 226ms (cache updated)
npm http fetch GET 200 https://npm.cloudsmith.io/vlt/benchmarks/draftjs-utils 325ms (cache miss)
npm http fetch GET 200 https://npm.cloudsmith.io/vlt/benchmarks/html-to-draftjs 334ms (cache miss)
npm http fetch GET 200 https://npm.cloudsmith.io/vlt/benchmarks/attr-accept 274ms (cache miss)
npm http fetch GET 200 https://npm.cloudsmith.io/vlt/benchmarks/linkify-it 461ms (cache miss)
npm http fetch GET 200 https://npm.cloudsmith.io/vlt/benchmarks/file-selector 296ms (cache miss)
npm http fetch GET 200 https://npm.cloudsmith.io/vlt/benchmarks/clsx 289ms (cache miss)
npm http fetch GET 200 https://npm.cloudsmith.io/vlt/benchmarks/react-draggable 290ms (cache miss)
npm http fetch GET 200 https://npm.cloudsmith.io/vlt/benchmarks/react-resizable 321ms (cache miss)
npm http fetch GET 200 https://npm.cloudsmith.io/vlt/benchmarks/resize-observer-polyfill 273ms (cache miss)
npm http fetch GET 200 https://npm.cloudsmith.io/vlt/benchmarks/highcharts 260ms (cache updated)
npm http fetch GET 200 https://npm.cloudsmith.io/vlt/benchmarks/fast-levenshtein 284ms (cache miss)
npm http fetch GET 200 https://npm.cloudsmith.io/vlt/benchmarks/fast-equals 981ms (cache miss)
npm http fetch GET 200 https://npm.cloudsmith.io/vlt/benchmarks/hoist-non-react-statics 39ms (cache updated)
npm http fetch GET 200 https://npm.cloudsmith.io/vlt/benchmarks/global 299ms (cache miss)
npm http fetch GET 200 https://npm.cloudsmith.io/vlt/benchmarks/loader-utils 249ms (cache updated)
npm http fetch GET 200 https://npm.cloudsmith.io/vlt/benchmarks/react-lifecycles-compat 289ms (cache miss)
npm http fetch GET 200 https://npm.cloudsmith.io/vlt/benchmarks/classnames 38ms (cache updated)
npm http fetch GET 200 https://npm.cloudsmith.io/vlt/benchmarks/shallowequal 309ms (cache miss)
npm http fetch GET 200 https://npm.cloudsmith.io/vlt/benchmarks/source-map 248ms (cache updated)
npm http fetch GET 200 https://npm.cloudsmith.io/vlt/benchmarks/resize-observer-polyfill 36ms (cache updated)
npm http fetch GET 200 https://npm.cloudsmith.io/vlt/benchmarks/@babel%2fruntime 321ms (cache updated)
npm http fetch GET 200 https://npm.cloudsmith.io/vlt/benchmarks/get-node-dimensions 307ms (cache miss)
npm http fetch GET 200 https://npm.cloudsmith.io/vlt/benchmarks/smart-mixin 293ms (cache miss)
npm http fetch GET 200 https://npm.cloudsmith.io/vlt/benchmarks/hyphenate-style-name 306ms (cache miss)
npm http fetch GET 200 https://npm.cloudsmith.io/vlt/benchmarks/matchmediaquery 286ms (cache miss)
npm http fetch GET 200 https://npm.cloudsmith.io/vlt/benchmarks/classnames 38ms (cache updated)
npm http fetch GET 200 https://npm.cloudsmith.io/vlt/benchmarks/shallow-equal 300ms (cache miss)
npm http fetch GET 200 https://npm.cloudsmith.io/vlt/benchmarks/lodash.throttle 274ms (cache miss)
npm http fetch GET 200 https://npm.cloudsmith.io/vlt/benchmarks/react-resize-detector 302ms (cache miss)
npm http fetch GET 200 https://npm.cloudsmith.io/vlt/benchmarks/classnames 33ms (cache updated)
npm http fetch GET 200 https://npm.cloudsmith.io/vlt/benchmarks/@remix-run%2frouter 319ms (cache miss)
npm http fetch GET 200 https://npm.cloudsmith.io/vlt/benchmarks/classnames 33ms (cache updated)
npm http fetch GET 200 https://npm.cloudsmith.io/vlt/benchmarks/@remix-run%2frouter 308ms (cache miss)
npm http fetch GET 200 https://npm.cloudsmith.io/vlt/benchmarks/loose-envify 35ms (cache updated)
npm http fetch GET 200 https://npm.cloudsmith.io/vlt/benchmarks/react-input-autosize 308ms (cache miss)
npm http fetch GET 200 https://npm.cloudsmith.io/vlt/benchmarks/classnames 34ms (cache updated)
npm http fetch GET 200 https://npm.cloudsmith.io/vlt/benchmarks/@babel%2fruntime 61ms (cache updated)
npm http fetch GET 200 https://npm.cloudsmith.io/vlt/benchmarks/tiny-invariant 320ms (cache miss)
npm http fetch GET 200 https://npm.cloudsmith.io/vlt/benchmarks/@floating-ui%2fdom 284ms (cache miss)
npm http fetch GET 200 https://npm.cloudsmith.io/vlt/benchmarks/@babel%2fruntime 60ms (cache updated)
npm http fetch GET 200 https://npm.cloudsmith.io/vlt/benchmarks/clsx 226ms (cache updated)
npm http fetch GET 200 https://npm.cloudsmith.io/vlt/benchmarks/dom-helpers 298ms (cache miss)
npm http fetch GET 200 https://npm.cloudsmith.io/vlt/benchmarks/consolidated-events 284ms (cache miss)
npm http fetch GET 200 https://npm.cloudsmith.io/vlt/benchmarks/@csstools%2fcss-parser-algorithms 282ms (cache miss)
npm http fetch GET 200 https://npm.cloudsmith.io/vlt/benchmarks/react-is 377ms (cache updated)
npm http fetch GET 200 https://npm.cloudsmith.io/vlt/benchmarks/@csstools%2fcss-syntax-patches-for-csstree 303ms (cache miss)
npm http fetch GET 200 https://npm.cloudsmith.io/vlt/benchmarks/@csstools%2fcss-tokenizer 284ms (cache miss)
npm http fetch GET 200 https://npm.cloudsmith.io/vlt/benchmarks/@csstools%2fmedia-query-list-parser 309ms (cache miss)
npm http fetch GET 200 https://npm.cloudsmith.io/vlt/benchmarks/@csstools%2fselector-specificity 300ms (cache miss)
npm http fetch GET 200 https://npm.cloudsmith.io/vlt/benchmarks/@dual-bundle%2fimport-meta-resolve 315ms (cache miss)
npm http fetch GET 200 https://npm.cloudsmith.io/vlt/benchmarks/balanced-match 269ms (cache miss)
npm http fetch GET 200 https://npm.cloudsmith.io/vlt/benchmarks/colord 342ms (cache miss)
npm http fetch GET 200 https://npm.cloudsmith.io/vlt/benchmarks/cosmiconfig 282ms (cache miss)
npm http fetch GET 200 https://npm.cloudsmith.io/vlt/benchmarks/css-functions-list 309ms (cache miss)
npm http fetch GET 200 https://npm.cloudsmith.io/vlt/benchmarks/css-tree 280ms (cache miss)
npm http fetch GET 200 https://npm.cloudsmith.io/vlt/benchmarks/debug 262ms (cache updated)
npm http fetch GET 200 https://npm.cloudsmith.io/vlt/benchmarks/fast-glob 297ms (cache miss)
npm http fetch GET 200 https://npm.cloudsmith.io/vlt/benchmarks/fastest-levenshtein 265ms (cache miss)
npm http fetch GET 200 https://npm.cloudsmith.io/vlt/benchmarks/file-entry-cache 243ms (cache updated)
npm http fetch GET 200 https://npm.cloudsmith.io/vlt/benchmarks/global-modules 264ms (cache miss)
npm http fetch GET 200 https://npm.cloudsmith.io/vlt/benchmarks/globby 276ms (cache miss)
npm http fetch GET 200 https://npm.cloudsmith.io/vlt/benchmarks/globjoin 301ms (cache miss)
npm http fetch GET 200 https://npm.cloudsmith.io/vlt/benchmarks/html-tags 286ms (cache miss)
npm http fetch GET 200 https://npm.cloudsmith.io/vlt/benchmarks/ignore 236ms (cache updated)
npm http fetch GET 200 https://npm.cloudsmith.io/vlt/benchmarks/is-plain-object 277ms (cache miss)
npm http fetch GET 200 https://npm.cloudsmith.io/vlt/benchmarks/known-css-properties 313ms (cache miss)
npm http fetch GET 200 https://npm.cloudsmith.io/vlt/benchmarks/mathml-tag-names 284ms (cache miss)
npm http fetch GET 200 https://npm.cloudsmith.io/vlt/benchmarks/meow 278ms (cache miss)
npm http fetch GET 200 https://npm.cloudsmith.io/vlt/benchmarks/micromatch 281ms (cache miss)
npm http fetch GET 200 https://npm.cloudsmith.io/vlt/benchmarks/normalize-path 221ms (cache miss)
npm http fetch GET 200 https://npm.cloudsmith.io/vlt/benchmarks/postcss-resolve-nested-selector 261ms (cache miss)
npm http fetch GET 200 https://npm.cloudsmith.io/vlt/benchmarks/postcss-safe-parser 289ms (cache miss)
npm http fetch GET 200 https://npm.cloudsmith.io/vlt/benchmarks/postcss-selector-parser 313ms (cache miss)
npm http fetch GET 200 https://npm.cloudsmith.io/vlt/benchmarks/resolve-from 266ms (cache miss)
npm http fetch GET 200 https://npm.cloudsmith.io/vlt/benchmarks/string-width 307ms (cache miss)
npm http fetch GET 200 https://npm.cloudsmith.io/vlt/benchmarks/supports-hyperlinks 310ms (cache miss)
npm http fetch GET 200 https://npm.cloudsmith.io/vlt/benchmarks/svg-tags 263ms (cache miss)
npm http fetch GET 200 https://npm.cloudsmith.io/vlt/benchmarks/table 317ms (cache miss)
npm http fetch GET 200 https://npm.cloudsmith.io/vlt/benchmarks/component-emitter 267ms (cache miss)
npm http fetch GET 200 https://npm.cloudsmith.io/vlt/benchmarks/debug 35ms (cache updated)
npm http fetch GET 200 https://npm.cloudsmith.io/vlt/benchmarks/write-file-atomic 343ms (cache miss)
npm http fetch GET 200 https://npm.cloudsmith.io/vlt/benchmarks/cookiejar 308ms (cache miss)
npm http fetch GET 200 https://npm.cloudsmith.io/vlt/benchmarks/fast-safe-stringify 295ms (cache miss)
npm http fetch GET 200 https://npm.cloudsmith.io/vlt/benchmarks/form-data 280ms (cache miss)
npm http fetch GET 200 https://npm.cloudsmith.io/vlt/benchmarks/methods 35ms (cache updated)
npm http fetch GET 200 https://npm.cloudsmith.io/vlt/benchmarks/mime 36ms (cache updated)
npm http fetch GET 200 https://npm.cloudsmith.io/vlt/benchmarks/semver 225ms (cache updated)
npm http fetch GET 200 https://npm.cloudsmith.io/vlt/benchmarks/formidable 344ms (cache miss)
npm http fetch GET 200 https://npm.cloudsmith.io/vlt/benchmarks/@discoveryjs%2fjson-ext 291ms (cache miss)
npm http fetch GET 200 https://npm.cloudsmith.io/vlt/benchmarks/acorn 307ms (cache miss)
npm http fetch GET 200 https://npm.cloudsmith.io/vlt/benchmarks/acorn-walk 300ms (cache miss)
npm http fetch GET 200 https://npm.cloudsmith.io/vlt/benchmarks/commander 368ms (cache miss)
npm http fetch GET 200 https://npm.cloudsmith.io/vlt/benchmarks/debounce 266ms (cache miss)
npm http fetch GET 200 https://npm.cloudsmith.io/vlt/benchmarks/gzip-size 282ms (cache miss)
npm http fetch GET 200 https://npm.cloudsmith.io/vlt/benchmarks/html-escaper 312ms (cache miss)
npm http fetch GET 200 https://npm.cloudsmith.io/vlt/benchmarks/opener 265ms (cache miss)
npm http fetch GET 200 https://npm.cloudsmith.io/vlt/benchmarks/sirv 275ms (cache miss)
npm http fetch GET 200 https://npm.cloudsmith.io/vlt/benchmarks/ws 330ms (cache miss)
npm http fetch GET 200 https://npm.cloudsmith.io/vlt/benchmarks/html-entities 329ms (cache miss)
npm http fetch GET 200 https://npm.cloudsmith.io/vlt/benchmarks/ansi-html-community 433ms (cache miss)
npm http fetch GET 200 https://npm.cloudsmith.io/vlt/benchmarks/strip-ansi 242ms (cache updated)
npm http fetch GET 200 https://npm.cloudsmith.io/vlt/benchmarks/strip-ansi 237ms (cache updated)
npm http fetch GET 200 https://npm.cloudsmith.io/vlt/benchmarks/node-notifier 356ms (cache miss)
npm http fetch GET 200 https://npm.cloudsmith.io/vlt/benchmarks/@types%2fnode-notifier 286ms (cache miss)
npm http fetch GET 200 https://npm.cloudsmith.io/vlt/benchmarks/@babel%2fcore 262ms (cache updated)
npm http fetch GET 200 https://npm.cloudsmith.io/vlt/benchmarks/js-tokens 284ms (cache miss)
npm http fetch GET 200 https://npm.cloudsmith.io/vlt/benchmarks/@babel%2fparser 291ms (cache updated)
npm http fetch GET 200 https://npm.cloudsmith.io/vlt/benchmarks/@babel%2fhelper-validator-identifier 299ms (cache miss)
npm http fetch GET 200 https://npm.cloudsmith.io/vlt/benchmarks/@babel%2ftypes 264ms (cache updated)
npm http fetch GET 200 https://npm.cloudsmith.io/vlt/benchmarks/@jridgewell%2fgen-mapping 269ms (cache miss)
npm http fetch GET 200 https://npm.cloudsmith.io/vlt/benchmarks/@jridgewell%2ftrace-mapping 304ms (cache miss)
npm http fetch GET 200 https://npm.cloudsmith.io/vlt/benchmarks/jsesc 273ms (cache miss)
npm http fetch GET 200 https://npm.cloudsmith.io/vlt/benchmarks/@babel%2fhelper-validator-option 298ms (cache miss)
npm http fetch GET 200 https://npm.cloudsmith.io/vlt/benchmarks/@babel%2fcompat-data 345ms (cache miss)
npm http fetch GET 200 https://npm.cloudsmith.io/vlt/benchmarks/browserslist 261ms (cache updated)
npm http fetch GET 200 https://npm.cloudsmith.io/vlt/benchmarks/@babel%2fhelper-module-imports 252ms (cache updated)
npm http fetch GET 200 https://npm.cloudsmith.io/vlt/benchmarks/debug 35ms (cache updated)
npm http fetch GET 200 https://npm.cloudsmith.io/vlt/benchmarks/lru-cache 464ms (cache miss)
npm http fetch GET 200 https://npm.cloudsmith.io/vlt/benchmarks/@babel%2fhelper-globals 288ms (cache miss)
npm http fetch GET 200 https://npm.cloudsmith.io/vlt/benchmarks/@babel%2fhelper-string-parser 325ms (cache miss)
npm http fetch GET 200 https://npm.cloudsmith.io/vlt/benchmarks/@jridgewell%2fgen-mapping 237ms (cache updated)
npm http fetch GET 200 https://npm.cloudsmith.io/vlt/benchmarks/@jridgewell%2ftrace-mapping 233ms (cache updated)
npm http fetch GET 200 https://npm.cloudsmith.io/vlt/benchmarks/ms 309ms (cache miss)
npm http fetch GET 200 https://npm.cloudsmith.io/vlt/benchmarks/@jridgewell%2fsourcemap-codec 264ms (cache miss)
npm http fetch GET 200 https://npm.cloudsmith.io/vlt/benchmarks/@jridgewell%2fsourcemap-codec 291ms (cache miss)
npm http fetch GET 200 https://npm.cloudsmith.io/vlt/benchmarks/@jridgewell%2fresolve-uri 302ms (cache miss)
npm http fetch GET 200 https://npm.cloudsmith.io/vlt/benchmarks/caniuse-lite 307ms (cache updated)
npm http fetch GET 200 https://npm.cloudsmith.io/vlt/benchmarks/baseline-browser-mapping 358ms (cache miss)
npm http fetch GET 200 https://npm.cloudsmith.io/vlt/benchmarks/node-releases 301ms (cache miss)
npm http fetch GET 200 https://npm.cloudsmith.io/vlt/benchmarks/update-browserslist-db 288ms (cache miss)
npm http fetch GET 200 https://npm.cloudsmith.io/vlt/benchmarks/yallist 297ms (cache miss)
npm http fetch GET 200 https://npm.cloudsmith.io/vlt/benchmarks/electron-to-chromium 1021ms (cache miss)
npm http fetch GET 200 https://npm.cloudsmith.io/vlt/benchmarks/js-tokens 52ms (cache updated)
npm http fetch GET 200 https://npm.cloudsmith.io/vlt/benchmarks/jsesc 39ms (cache updated)
npm http fetch GET 200 https://npm.cloudsmith.io/vlt/benchmarks/chalk 253ms (cache updated)
npm http fetch GET 200 https://npm.cloudsmith.io/vlt/benchmarks/detect-indent 291ms (cache miss)
npm http fetch GET 200 https://npm.cloudsmith.io/vlt/benchmarks/trim-right 268ms (cache miss)
npm http fetch GET 200 https://npm.cloudsmith.io/vlt/benchmarks/babel-template 267ms (cache updated)
npm http fetch GET 200 https://npm.cloudsmith.io/vlt/benchmarks/home-or-tmp 271ms (cache miss)
npm http fetch GET 200 https://npm.cloudsmith.io/vlt/benchmarks/debug 34ms (cache updated)
npm http fetch GET 200 https://npm.cloudsmith.io/vlt/benchmarks/mkdirp 269ms (cache miss)
npm http fetch GET 200 https://npm.cloudsmith.io/vlt/benchmarks/source-map-support 286ms (cache miss)
npm http fetch GET 200 https://npm.cloudsmith.io/vlt/benchmarks/globals 230ms (cache updated)
npm http fetch GET 200 https://npm.cloudsmith.io/vlt/benchmarks/invariant 241ms (cache updated)
npm http fetch GET 200 https://npm.cloudsmith.io/vlt/benchmarks/ms 40ms (cache updated)
npm http fetch GET 200 https://npm.cloudsmith.io/vlt/benchmarks/to-fast-properties 293ms (cache miss)
npm http fetch GET 200 https://npm.cloudsmith.io/vlt/benchmarks/brace-expansion 310ms (cache miss)
npm http fetch GET 200 https://npm.cloudsmith.io/vlt/benchmarks/escape-string-regexp 237ms (cache updated)
npm http fetch GET 200 https://npm.cloudsmith.io/vlt/benchmarks/strip-ansi 37ms (cache updated)
npm http fetch GET 200 https://npm.cloudsmith.io/vlt/benchmarks/ansi-styles 277ms (cache miss)
npm http fetch GET 200 https://npm.cloudsmith.io/vlt/benchmarks/has-ansi 286ms (cache miss)
npm http fetch GET 200 https://npm.cloudsmith.io/vlt/benchmarks/supports-color 293ms (cache miss)
npm http fetch GET 200 https://npm.cloudsmith.io/vlt/benchmarks/path-parse 264ms (cache miss)
npm http fetch GET 200 https://npm.cloudsmith.io/vlt/benchmarks/es-errors 272ms (cache miss)
npm http fetch GET 200 https://npm.cloudsmith.io/vlt/benchmarks/supports-preserve-symlinks-flag 358ms (cache miss)
npm http fetch GET 200 https://npm.cloudsmith.io/vlt/benchmarks/repeating 276ms (cache miss)
npm http fetch GET 200 https://npm.cloudsmith.io/vlt/benchmarks/ajv 248ms (cache updated)
npm http fetch GET 200 https://npm.cloudsmith.io/vlt/benchmarks/pkg-dir 271ms (cache miss)
npm http fetch GET 200 https://npm.cloudsmith.io/vlt/benchmarks/common-path-prefix 300ms (cache miss)
npm http fetch GET 200 https://npm.cloudsmith.io/vlt/benchmarks/ajv-formats 296ms (cache miss)
npm http fetch GET 200 https://npm.cloudsmith.io/vlt/benchmarks/ajv-keywords 401ms (cache miss)
npm http fetch GET 200 https://npm.cloudsmith.io/vlt/benchmarks/inflight 281ms (cache miss)
npm http fetch GET 200 https://npm.cloudsmith.io/vlt/benchmarks/fs.realpath 291ms (cache miss)
npm http fetch GET 200 https://npm.cloudsmith.io/vlt/benchmarks/inherits 317ms (cache miss)
npm http fetch GET 200 https://npm.cloudsmith.io/vlt/benchmarks/once 269ms (cache miss)
npm http fetch GET 200 https://npm.cloudsmith.io/vlt/benchmarks/path-scurry 38ms (cache updated)
npm http fetch GET 200 https://npm.cloudsmith.io/vlt/benchmarks/minimatch 238ms (cache updated)
npm http fetch GET 200 https://npm.cloudsmith.io/vlt/benchmarks/minipass 243ms (cache updated)
npm http fetch GET 200 https://npm.cloudsmith.io/vlt/benchmarks/find-up 248ms (cache updated)
npm http fetch GET 200 https://npm.cloudsmith.io/vlt/benchmarks/babel-helper-replace-supers 273ms (cache miss)
npm http fetch GET 200 https://npm.cloudsmith.io/vlt/benchmarks/babel-helper-optimise-call-expression 275ms (cache miss)
npm http fetch GET 200 https://npm.cloudsmith.io/vlt/benchmarks/babel-helper-function-name 301ms (cache miss)
npm http fetch GET 200 https://npm.cloudsmith.io/vlt/benchmarks/babel-helper-function-name 249ms (cache miss)
npm http fetch GET 200 https://npm.cloudsmith.io/vlt/benchmarks/babel-helper-define-map 280ms (cache miss)
npm http fetch GET 200 https://npm.cloudsmith.io/vlt/benchmarks/babel-plugin-transform-strict-mode 321ms (cache miss)
npm http fetch GET 200 https://npm.cloudsmith.io/vlt/benchmarks/babel-helper-call-delegate 278ms (cache miss)
npm http fetch GET 200 https://npm.cloudsmith.io/vlt/benchmarks/babel-helper-hoist-variables 381ms (cache miss)
npm http fetch GET 200 https://npm.cloudsmith.io/vlt/benchmarks/babel-helper-get-function-arity 334ms (cache miss)
npm http fetch GET 200 https://npm.cloudsmith.io/vlt/benchmarks/babel-helper-regex 296ms (cache miss)
npm http fetch GET 200 https://npm.cloudsmith.io/vlt/benchmarks/babel-helper-regex 231ms (cache miss)
npm http fetch GET 200 https://npm.cloudsmith.io/vlt/benchmarks/regexpu-core 342ms (cache miss)
npm http fetch GET 200 https://npm.cloudsmith.io/vlt/benchmarks/regenerator-transform 275ms (cache miss)
npm http fetch GET 200 https://npm.cloudsmith.io/vlt/benchmarks/regenerate 283ms (cache miss)
npm http fetch GET 200 https://npm.cloudsmith.io/vlt/benchmarks/regjsgen 299ms (cache miss)
npm http fetch GET 200 https://npm.cloudsmith.io/vlt/benchmarks/regjsparser 300ms (cache miss)
npm http fetch GET 200 https://npm.cloudsmith.io/vlt/benchmarks/babel-helper-builder-react-jsx 277ms (cache miss)
npm http fetch GET 200 https://npm.cloudsmith.io/vlt/benchmarks/babel-plugin-transform-flow-strip-types 303ms (cache miss)
npm http fetch GET 200 https://npm.cloudsmith.io/vlt/benchmarks/babel-plugin-syntax-flow 275ms (cache miss)
npm http fetch GET 200 https://npm.cloudsmith.io/vlt/benchmarks/react 387ms (cache updated)
npm http fetch GET 200 https://npm.cloudsmith.io/vlt/benchmarks/react-dom 408ms (cache updated)
npm http fetch GET 200 https://npm.cloudsmith.io/vlt/benchmarks/error-stack-parser 278ms (cache miss)
npm http fetch GET 200 https://npm.cloudsmith.io/vlt/benchmarks/sourcemapped-stacktrace 283ms (cache miss)
npm http fetch GET 200 https://npm.cloudsmith.io/vlt/benchmarks/react-proxy 293ms (cache miss)
npm http fetch GET 200 https://npm.cloudsmith.io/vlt/benchmarks/scheduler 448ms (cache updated)
npm http fetch GET 200 https://npm.cloudsmith.io/vlt/benchmarks/babel-plugin-syntax-class-constructor-call 273ms (cache miss)
npm http fetch GET 200 https://npm.cloudsmith.io/vlt/benchmarks/babel-plugin-syntax-export-extensions 280ms (cache miss)
npm http fetch GET 200 https://npm.cloudsmith.io/vlt/benchmarks/babel-plugin-transform-class-properties 292ms (cache miss)
npm http fetch GET 200 https://npm.cloudsmith.io/vlt/benchmarks/babel-plugin-syntax-dynamic-import 283ms (cache miss)
npm http fetch GET 200 https://npm.cloudsmith.io/vlt/benchmarks/babel-plugin-transform-decorators 291ms (cache miss)
npm http fetch GET 200 https://npm.cloudsmith.io/vlt/benchmarks/babel-preset-stage-3 320ms (cache miss)
npm http fetch GET 200 https://npm.cloudsmith.io/vlt/benchmarks/babel-plugin-syntax-class-properties 276ms (cache miss)
npm http fetch GET 200 https://npm.cloudsmith.io/vlt/benchmarks/babel-helper-explode-class 278ms (cache miss)
npm http fetch GET 200 https://npm.cloudsmith.io/vlt/benchmarks/babel-plugin-syntax-trailing-function-commas 287ms (cache miss)
npm http fetch GET 200 https://npm.cloudsmith.io/vlt/benchmarks/babel-plugin-transform-async-generator-functions 270ms (cache miss)
npm http fetch GET 200 https://npm.cloudsmith.io/vlt/benchmarks/babel-plugin-transform-async-to-generator 272ms (cache miss)
npm http fetch GET 200 https://npm.cloudsmith.io/vlt/benchmarks/babel-plugin-transform-exponentiation-operator 293ms (cache miss)
