npm warn using --force Recommended protections disabled.
npm http fetch GET 200 https://registry.vlt.io/vlt-benchmarks/npm/animate.less 95ms (cache miss)
npm http fetch GET 200 https://registry.vlt.io/vlt-benchmarks/npm/autoprefixer 10ms (cache miss)
npm http fetch GET 200 https://registry.vlt.io/vlt-benchmarks/npm/postcss 9ms (cache miss)
npm http fetch GET 200 https://registry.vlt.io/vlt-benchmarks/npm/babel-core 30ms (cache miss)
npm http fetch GET 200 https://registry.vlt.io/vlt-benchmarks/npm/babel-eslint 29ms (cache miss)
npm http fetch GET 200 https://registry.vlt.io/vlt-benchmarks/npm/eslint 36ms (cache miss)
npm http fetch GET 200 https://registry.vlt.io/vlt-benchmarks/npm/babel-loader 27ms (cache miss)
npm http fetch GET 200 https://registry.vlt.io/vlt-benchmarks/npm/@babel%2fcore 28ms (cache miss)
npm http fetch GET 200 https://registry.vlt.io/vlt-benchmarks/npm/webpack 41ms (cache miss)
npm http fetch GET 200 https://registry.vlt.io/vlt-benchmarks/npm/babel-plugin-lodash 30ms (cache miss)
npm http fetch GET 200 https://registry.vlt.io/vlt-benchmarks/npm/babel-plugin-module-resolver 29ms (cache miss)
npm http fetch GET 200 https://registry.vlt.io/vlt-benchmarks/npm/babel-plugin-transform-decorators-legacy 29ms (cache miss)
npm http fetch GET 200 https://registry.vlt.io/vlt-benchmarks/npm/babel-plugin-transform-runtime 65ms (cache miss)
npm http fetch GET 200 https://registry.vlt.io/vlt-benchmarks/npm/babel-polyfill 27ms (cache miss)
npm http fetch GET 200 https://registry.vlt.io/vlt-benchmarks/npm/babel-preset-es2015 28ms (cache miss)
npm http fetch GET 200 https://registry.vlt.io/vlt-benchmarks/npm/babel-preset-react 27ms (cache miss)
npm http fetch GET 200 https://registry.vlt.io/vlt-benchmarks/npm/babel-preset-react-hmre 29ms (cache miss)
npm http fetch GET 200 https://registry.vlt.io/vlt-benchmarks/npm/babel-preset-stage-1 27ms (cache miss)
npm http fetch GET 200 https://registry.vlt.io/vlt-benchmarks/npm/babel-runtime 28ms (cache miss)
npm http fetch GET 200 https://registry.vlt.io/vlt-benchmarks/npm/clean-webpack-plugin 29ms (cache miss)
npm http fetch GET 200 https://registry.vlt.io/vlt-benchmarks/npm/webpack 15ms (cache revalidated)
npm http fetch GET 200 https://registry.vlt.io/vlt-benchmarks/npm/core-decorators 29ms (cache miss)
npm http fetch GET 200 https://registry.vlt.io/vlt-benchmarks/npm/css-loader 68ms (cache miss)
npm http fetch GET 200 https://registry.vlt.io/vlt-benchmarks/npm/@rspack%2fcore 17ms (cache miss)
npm http fetch GET 200 https://registry.vlt.io/vlt-benchmarks/npm/@swc%2fhelpers 27ms (cache miss)
npm http fetch GET 200 https://registry.vlt.io/vlt-benchmarks/npm/webpack 11ms (cache revalidated)
npm http fetch GET 200 https://registry.vlt.io/vlt-benchmarks/npm/css-mqpacker 37ms (cache miss)
npm http fetch GET 200 https://registry.vlt.io/vlt-benchmarks/npm/cssnano 8ms (cache miss)
npm http fetch GET 200 https://registry.vlt.io/vlt-benchmarks/npm/postcss 7ms (cache revalidated)
npm http fetch GET 200 https://registry.vlt.io/vlt-benchmarks/npm/custom-event-polyfill 26ms (cache miss)
npm http fetch GET 200 https://registry.vlt.io/vlt-benchmarks/npm/draft-js 27ms (cache miss)
npm http fetch GET 200 https://registry.vlt.io/vlt-benchmarks/npm/react 14ms (cache miss)
npm http fetch GET 200 https://registry.vlt.io/vlt-benchmarks/npm/react-dom 17ms (cache miss)
npm http fetch GET 200 https://registry.vlt.io/vlt-benchmarks/npm/ejs 27ms (cache miss)
npm http fetch GET 200 https://registry.vlt.io/vlt-benchmarks/npm/eslint-config-airbnb 28ms (cache miss)
npm http fetch GET 200 https://registry.vlt.io/vlt-benchmarks/npm/eslint-plugin-import 29ms (cache miss)
npm http fetch GET 200 https://registry.vlt.io/vlt-benchmarks/npm/eslint-plugin-jsx-a11y 67ms (cache miss)
npm http fetch GET 200 https://registry.vlt.io/vlt-benchmarks/npm/eslint-plugin-react 65ms (cache miss)
npm http fetch GET 200 https://registry.vlt.io/vlt-benchmarks/npm/eslint-plugin-react-hooks 27ms (cache miss)
npm http fetch GET 200 https://registry.vlt.io/vlt-benchmarks/npm/eslint-import-resolver-webpack 67ms (cache miss)
npm http fetch GET 200 https://registry.vlt.io/vlt-benchmarks/npm/webpack 11ms (cache revalidated)
npm http fetch GET 200 https://registry.vlt.io/vlt-benchmarks/npm/express 31ms (cache miss)
npm http fetch GET 200 https://registry.vlt.io/vlt-benchmarks/npm/express-http-proxy 26ms (cache miss)
npm http fetch GET 200 https://registry.vlt.io/vlt-benchmarks/npm/font-awesome 27ms (cache miss)
npm http fetch GET 200 https://registry.vlt.io/vlt-benchmarks/npm/fready 27ms (cache miss)
npm http fetch GET 200 https://registry.vlt.io/vlt-benchmarks/npm/glob 28ms (cache miss)
npm http fetch GET 200 https://registry.vlt.io/vlt-benchmarks/npm/gulp 67ms (cache miss)
npm http fetch GET 200 https://registry.vlt.io/vlt-benchmarks/npm/gulp-concat 65ms (cache miss)
npm http fetch GET 200 https://registry.vlt.io/vlt-benchmarks/npm/gulp-csslint 26ms (cache miss)
npm http fetch GET 200 https://registry.vlt.io/vlt-benchmarks/npm/gulp-cssnano 30ms (cache miss)
npm http fetch GET 200 https://registry.vlt.io/vlt-benchmarks/npm/gulp-eol 26ms (cache miss)
npm http fetch GET 200 https://registry.vlt.io/vlt-benchmarks/npm/gulp-less 27ms (cache miss)
npm http fetch GET 200 https://registry.vlt.io/vlt-benchmarks/npm/gulp-livereload 27ms (cache miss)
npm http fetch GET 200 https://registry.vlt.io/vlt-benchmarks/npm/gulp-minify-css 29ms (cache miss)
npm http fetch GET 200 https://registry.vlt.io/vlt-benchmarks/npm/gulp-postcss 26ms (cache miss)
npm http fetch GET 200 https://registry.vlt.io/vlt-benchmarks/npm/gulp-rename 66ms (cache miss)
npm http fetch GET 200 https://registry.vlt.io/vlt-benchmarks/npm/gulp-util 27ms (cache miss)
npm http fetch GET 200 https://registry.vlt.io/vlt-benchmarks/npm/happypack 26ms (cache miss)
npm http fetch GET 200 https://registry.vlt.io/vlt-benchmarks/npm/highcharts 6ms (cache miss)
npm http fetch GET 200 https://registry.vlt.io/vlt-benchmarks/npm/highcharts-solid-gauge 27ms (cache miss)
npm http fetch GET 200 https://registry.vlt.io/vlt-benchmarks/npm/history 27ms (cache miss)
npm http fetch GET 200 https://registry.vlt.io/vlt-benchmarks/npm/howler 27ms (cache miss)
npm http fetch GET 200 https://registry.vlt.io/vlt-benchmarks/npm/imports-loader 27ms (cache miss)
npm http fetch GET 200 https://registry.vlt.io/vlt-benchmarks/npm/jquery 67ms (cache miss)
npm http fetch GET 200 https://registry.vlt.io/vlt-benchmarks/npm/jquery-ui 28ms (cache miss)
npm http fetch GET 200 https://registry.vlt.io/vlt-benchmarks/npm/js-cookie 67ms (cache miss)
npm http fetch GET 200 https://registry.vlt.io/vlt-benchmarks/npm/json-loader 26ms (cache miss)
npm http fetch GET 200 https://registry.vlt.io/vlt-benchmarks/npm/leftpad 26ms (cache miss)
npm http fetch GET 200 https://registry.vlt.io/vlt-benchmarks/npm/less 7ms (cache miss)
npm http fetch GET 200 https://registry.vlt.io/vlt-benchmarks/npm/lesshat 26ms (cache miss)
npm http fetch GET 200 https://registry.vlt.io/vlt-benchmarks/npm/lodash 6ms (cache miss)
npm http fetch GET 200 https://registry.vlt.io/vlt-benchmarks/npm/medium-draft 27ms (cache miss)
npm http fetch GET 200 https://registry.vlt.io/vlt-benchmarks/npm/draft-convert 26ms (cache miss)
npm http fetch GET 200 https://registry.vlt.io/vlt-benchmarks/npm/prop-types 26ms (cache miss)
npm http fetch GET 200 https://registry.vlt.io/vlt-benchmarks/npm/react 8ms (cache revalidated)
npm http fetch GET 200 https://registry.vlt.io/vlt-benchmarks/npm/react-dom 17ms (cache revalidated)
npm http fetch GET 200 https://registry.vlt.io/vlt-benchmarks/npm/mobx 32ms (cache miss)
npm http fetch GET 200 https://registry.vlt.io/vlt-benchmarks/npm/mobx-react 28ms (cache miss)
npm http fetch GET 200 https://registry.vlt.io/vlt-benchmarks/npm/moment 27ms (cache miss)
npm http fetch GET 200 https://registry.vlt.io/vlt-benchmarks/npm/moment-range 28ms (cache miss)
npm http fetch GET 200 https://registry.vlt.io/vlt-benchmarks/npm/moment-timezone 6ms (cache miss)
npm http fetch GET 200 https://registry.vlt.io/vlt-benchmarks/npm/password-policy 31ms (cache miss)
npm http fetch GET 200 https://registry.vlt.io/vlt-benchmarks/npm/postcss-reporter 26ms (cache miss)
npm http fetch GET 200 https://registry.vlt.io/vlt-benchmarks/npm/progress 25ms (cache miss)
npm http fetch GET 200 https://registry.vlt.io/vlt-benchmarks/npm/qs 27ms (cache miss)
npm http fetch GET 200 https://registry.vlt.io/vlt-benchmarks/npm/raw-loader 29ms (cache miss)
npm http fetch GET 200 https://registry.vlt.io/vlt-benchmarks/npm/webpack 11ms (cache revalidated)
npm http fetch GET 200 https://registry.vlt.io/vlt-benchmarks/npm/rc-slider 28ms (cache miss)
npm http fetch GET 200 https://registry.vlt.io/vlt-benchmarks/npm/react-addons-css-transition-group 29ms (cache miss)
npm http fetch GET 200 https://registry.vlt.io/vlt-benchmarks/npm/react 8ms (cache revalidated)
npm http fetch GET 200 https://registry.vlt.io/vlt-benchmarks/npm/react-addons-shallow-compare 26ms (cache miss)
npm http fetch GET 200 https://registry.vlt.io/vlt-benchmarks/npm/react-dnd 27ms (cache miss)
npm http fetch GET 200 https://registry.vlt.io/vlt-benchmarks/npm/@types%2fhoist-non-react-statics 28ms (cache miss)
npm http fetch GET 200 https://registry.vlt.io/vlt-benchmarks/npm/@types%2freact 8ms (cache miss)
npm http fetch GET 200 https://registry.vlt.io/vlt-benchmarks/npm/@types%2fnode 21ms (cache miss)
npm http fetch GET 200 https://registry.vlt.io/vlt-benchmarks/npm/react-dnd-html5-backend 70ms (cache miss)
npm http fetch GET 200 https://registry.vlt.io/vlt-benchmarks/npm/react-draft-wysiwyg 27ms (cache miss)
npm http fetch GET 200 https://registry.vlt.io/vlt-benchmarks/npm/immutable 29ms (cache miss)
npm http fetch GET 200 https://registry.vlt.io/vlt-benchmarks/npm/react-dropzone 30ms (cache miss)
npm http fetch GET 200 https://registry.vlt.io/vlt-benchmarks/npm/react-grid-layout 26ms (cache miss)
npm http fetch GET 200 https://registry.vlt.io/vlt-benchmarks/npm/react-highcharts 27ms (cache miss)
npm http fetch GET 200 https://registry.vlt.io/vlt-benchmarks/npm/react 9ms (cache revalidated)
npm http fetch GET 200 https://registry.vlt.io/vlt-benchmarks/npm/react-dom 13ms (cache revalidated)
npm http fetch GET 200 https://registry.vlt.io/vlt-benchmarks/npm/react-hot-loader 27ms (cache miss)
npm http fetch GET 200 https://registry.vlt.io/vlt-benchmarks/npm/@types%2freact 7ms (cache revalidated)
npm http fetch GET 200 https://registry.vlt.io/vlt-benchmarks/npm/react 9ms (cache revalidated)
npm http fetch GET 200 https://registry.vlt.io/vlt-benchmarks/npm/react-dom 18ms (cache revalidated)
npm http fetch GET 200 https://registry.vlt.io/vlt-benchmarks/npm/react-input-calendar 28ms (cache miss)
npm http fetch GET 200 https://registry.vlt.io/vlt-benchmarks/npm/moment-range 6ms (cache revalidated)
npm http fetch GET 200 https://registry.vlt.io/vlt-benchmarks/npm/prop-types 6ms (cache revalidated)
npm http fetch GET 200 https://registry.vlt.io/vlt-benchmarks/npm/react 8ms (cache revalidated)
npm http fetch GET 200 https://registry.vlt.io/vlt-benchmarks/npm/react-lazyload 29ms (cache miss)
npm http fetch GET 200 https://registry.vlt.io/vlt-benchmarks/npm/react-measure 27ms (cache miss)
npm http fetch GET 200 https://registry.vlt.io/vlt-benchmarks/npm/react-mixin 27ms (cache miss)
npm http fetch GET 200 https://registry.vlt.io/vlt-benchmarks/npm/react-responsive 30ms (cache miss)
npm http fetch GET 200 https://registry.vlt.io/vlt-benchmarks/npm/react-responsive-tabs 67ms (cache miss)
npm http fetch GET 200 https://registry.vlt.io/vlt-benchmarks/npm/react 8ms (cache revalidated)
npm http fetch GET 200 https://registry.vlt.io/vlt-benchmarks/npm/react-dom 9ms (cache revalidated)
npm http fetch GET 200 https://registry.vlt.io/vlt-benchmarks/npm/react-router 10ms (cache miss)
npm http fetch GET 200 https://registry.vlt.io/vlt-benchmarks/npm/react-router-dom 9ms (cache miss)
npm http fetch GET 200 https://registry.vlt.io/vlt-benchmarks/npm/react-select-plus 27ms (cache miss)
npm http fetch GET 200 https://registry.vlt.io/vlt-benchmarks/npm/react 9ms (cache revalidated)
npm http fetch GET 200 https://registry.vlt.io/vlt-benchmarks/npm/react-dom 16ms (cache revalidated)
npm http fetch GET 200 https://registry.vlt.io/vlt-benchmarks/npm/react-skylight 28ms (cache miss)
npm http fetch GET 200 https://registry.vlt.io/vlt-benchmarks/npm/react 8ms (cache revalidated)
npm http fetch GET 200 https://registry.vlt.io/vlt-benchmarks/npm/react-sortablejs 28ms (cache miss)
npm http fetch GET 200 https://registry.vlt.io/vlt-benchmarks/npm/@types%2fsortablejs 27ms (cache miss)
npm http fetch GET 200 https://registry.vlt.io/vlt-benchmarks/npm/sortablejs 27ms (cache miss)
npm http fetch GET 200 https://registry.vlt.io/vlt-benchmarks/npm/react-tappable 27ms (cache miss)
npm http fetch GET 200 https://registry.vlt.io/vlt-benchmarks/npm/create-react-class 28ms (cache miss)
npm http fetch GET 200 https://registry.vlt.io/vlt-benchmarks/npm/react 8ms (cache revalidated)
npm http fetch GET 200 https://registry.vlt.io/vlt-benchmarks/npm/react-dom 9ms (cache revalidated)
npm http fetch GET 200 https://registry.vlt.io/vlt-benchmarks/npm/react-tooltip 32ms (cache miss)
npm http fetch GET 200 https://registry.vlt.io/vlt-benchmarks/npm/react-virtualized 30ms (cache miss)
npm http fetch GET 200 https://registry.vlt.io/vlt-benchmarks/npm/react-waypoint 28ms (cache miss)
npm http fetch GET 200 https://registry.vlt.io/vlt-benchmarks/npm/style-loader 26ms (cache miss)
npm http fetch GET 200 https://registry.vlt.io/vlt-benchmarks/npm/stylelint 29ms (cache miss)
npm http fetch GET 200 https://registry.vlt.io/vlt-benchmarks/npm/superagent 27ms (cache miss)
npm http fetch GET 200 https://registry.vlt.io/vlt-benchmarks/npm/uglify-js 29ms (cache miss)
npm http fetch GET 200 https://registry.vlt.io/vlt-benchmarks/npm/uuid 27ms (cache miss)
npm http fetch GET 200 https://registry.vlt.io/vlt-benchmarks/npm/verge 27ms (cache miss)
npm http fetch GET 200 https://registry.vlt.io/vlt-benchmarks/npm/webpack-bundle-analyzer 27ms (cache miss)
npm http fetch GET 200 https://registry.vlt.io/vlt-benchmarks/npm/webpack-hot-middleware 26ms (cache miss)
npm http fetch GET 200 https://registry.vlt.io/vlt-benchmarks/npm/webpack-notifier 27ms (cache miss)
npm http fetch GET 200 https://registry.vlt.io/vlt-benchmarks/npm/@types%2fwebpack 30ms (cache miss)
npm http fetch GET 200 https://registry.vlt.io/vlt-benchmarks/npm/webpack-split-by-path 27ms (cache miss)
npm http fetch GET 200 https://registry.vlt.io/vlt-benchmarks/npm/whatwg-fetch 28ms (cache miss)
npm http fetch GET 200 https://registry.vlt.io/vlt-benchmarks/npm/nan-as 28ms (cache miss)
npm http fetch GET 200 https://registry.vlt.io/vlt-benchmarks/npm/picocolors 28ms (cache miss)
npm http fetch GET 200 https://registry.vlt.io/vlt-benchmarks/npm/browserslist 40ms (cache miss)
npm http fetch GET 200 https://registry.vlt.io/vlt-benchmarks/npm/fraction.js 45ms (cache miss)
npm http fetch GET 200 https://registry.vlt.io/vlt-benchmarks/npm/nanoid 8ms (cache miss)
npm http fetch GET 200 https://registry.vlt.io/vlt-benchmarks/npm/caniuse-lite 34ms (cache miss)
npm http fetch GET 200 https://registry.vlt.io/vlt-benchmarks/npm/source-map-js 10ms (cache miss)
npm http fetch GET 200 https://registry.vlt.io/vlt-benchmarks/npm/postcss-value-parser 30ms (cache miss)
npm http fetch GET 200 https://registry.vlt.io/vlt-benchmarks/npm/debug 9ms (cache miss)
npm http fetch GET 200 https://registry.vlt.io/vlt-benchmarks/npm/lodash 6ms (cache revalidated)
npm http fetch GET 200 https://registry.vlt.io/vlt-benchmarks/npm/json5 29ms (cache miss)
npm http fetch GET 200 https://registry.vlt.io/vlt-benchmarks/npm/slash 26ms (cache miss)
npm http fetch GET 200 https://registry.vlt.io/vlt-benchmarks/npm/babylon 29ms (cache miss)
npm http fetch GET 200 https://registry.vlt.io/vlt-benchmarks/npm/private 28ms (cache miss)
npm http fetch GET 200 https://registry.vlt.io/vlt-benchmarks/npm/source-map 27ms (cache miss)
npm http fetch GET 200 https://registry.vlt.io/vlt-benchmarks/npm/babel-types 26ms (cache miss)
npm http fetch GET 200 https://registry.vlt.io/vlt-benchmarks/npm/minimatch 67ms (cache miss)
npm http fetch GET 200 https://registry.vlt.io/vlt-benchmarks/npm/babel-helpers 30ms (cache miss)
npm http fetch GET 200 https://registry.vlt.io/vlt-benchmarks/npm/babel-messages 27ms (cache miss)
npm http fetch GET 200 https://registry.vlt.io/vlt-benchmarks/npm/babel-register 28ms (cache miss)
npm http fetch GET 200 https://registry.vlt.io/vlt-benchmarks/npm/babel-template 28ms (cache miss)
npm http fetch GET 200 https://registry.vlt.io/vlt-benchmarks/npm/babel-traverse 27ms (cache miss)
npm http fetch GET 200 https://registry.vlt.io/vlt-benchmarks/npm/babel-generator 27ms (cache miss)
npm http fetch GET 200 https://registry.vlt.io/vlt-benchmarks/npm/babel-code-frame 30ms (cache miss)
npm http fetch GET 200 https://registry.vlt.io/vlt-benchmarks/npm/path-is-absolute 33ms (cache miss)
npm http fetch GET 200 https://registry.vlt.io/vlt-benchmarks/npm/convert-source-map 28ms (cache miss)
npm http fetch GET 200 https://registry.vlt.io/vlt-benchmarks/npm/resolve 29ms (cache miss)
npm http fetch GET 200 https://registry.vlt.io/vlt-benchmarks/npm/@babel%2ftypes 26ms (cache miss)
npm http fetch GET 200 https://registry.vlt.io/vlt-benchmarks/npm/@babel%2fparser 29ms (cache miss)
npm http fetch GET 200 https://registry.vlt.io/vlt-benchmarks/npm/eslint-visitor-keys 2225ms (cache miss)
npm http fetch GET 200 https://registry.vlt.io/vlt-benchmarks/npm/@babel%2fcode-frame 2575ms (cache miss)
npm http fetch GET 200 https://registry.vlt.io/vlt-benchmarks/npm/@babel%2ftraverse 2659ms (cache miss)
npm http fetch GET 200 https://registry.vlt.io/vlt-benchmarks/npm/levn 2168ms (cache miss)
npm http fetch GET 200 https://registry.vlt.io/vlt-benchmarks/npm/debug 14ms (cache revalidated)
npm http fetch GET 200 https://registry.vlt.io/vlt-benchmarks/npm/ajv 2598ms (cache miss)
npm http fetch GET 200 https://registry.vlt.io/vlt-benchmarks/npm/chalk 2224ms (cache miss)
npm http fetch GET 200 https://registry.vlt.io/vlt-benchmarks/npm/esquery 2411ms (cache miss)
npm http fetch GET 200 https://registry.vlt.io/vlt-benchmarks/npm/ignore 3048ms (cache miss)
npm http fetch GET 200 https://registry.vlt.io/vlt-benchmarks/npm/espree 3230ms (cache miss)
npm http fetch GET 200 https://registry.vlt.io/vlt-benchmarks/npm/esutils 2397ms (cache miss)
npm http fetch GET 200 https://registry.vlt.io/vlt-benchmarks/npm/find-up 2336ms (cache miss)
npm http fetch GET 200 https://registry.vlt.io/vlt-benchmarks/npm/globals 2998ms (cache miss)
npm http fetch GET 200 https://registry.vlt.io/vlt-benchmarks/npm/is-glob 2280ms (cache miss)
npm http fetch GET 200 https://registry.vlt.io/vlt-benchmarks/npm/js-yaml 2802ms (cache miss)
npm http fetch GET 200 https://registry.vlt.io/vlt-benchmarks/npm/minimatch 8ms (cache revalidated)
npm http fetch GET 200 https://registry.vlt.io/vlt-benchmarks/npm/doctrine 2318ms (cache miss)
npm http fetch GET 200 https://registry.vlt.io/vlt-benchmarks/npm/graphemer 2158ms (cache miss)
npm http fetch GET 200 https://registry.vlt.io/vlt-benchmarks/npm/@eslint%2fjs 2173ms (cache miss)
npm http fetch GET 200 https://registry.vlt.io/vlt-benchmarks/npm/optionator 2129ms (cache miss)
npm http fetch GET 200 https://registry.vlt.io/vlt-benchmarks/npm/strip-ansi 2130ms (cache miss)
npm http fetch GET 200 https://registry.vlt.io/vlt-benchmarks/npm/text-table 2165ms (cache miss)
npm http fetch GET 200 https://registry.vlt.io/vlt-benchmarks/npm/cross-spawn 2154ms (cache miss)
npm http fetch GET 200 https://registry.vlt.io/vlt-benchmarks/npm/glob-parent 2120ms (cache miss)
npm http fetch GET 200 https://registry.vlt.io/vlt-benchmarks/npm/imurmurhash 2116ms (cache miss)
npm http fetch GET 200 https://registry.vlt.io/vlt-benchmarks/npm/eslint-scope 2141ms (cache miss)
npm http fetch GET 200 https://registry.vlt.io/vlt-benchmarks/npm/lodash.merge 2167ms (cache miss)
npm http fetch GET 200 https://registry.vlt.io/vlt-benchmarks/npm/is-path-inside 2119ms (cache miss)
npm http fetch GET 200 https://registry.vlt.io/vlt-benchmarks/npm/fast-deep-equal 2135ms (cache miss)
npm http fetch GET 200 https://registry.vlt.io/vlt-benchmarks/npm/natural-compare 2135ms (cache miss)
npm http fetch GET 200 https://registry.vlt.io/vlt-benchmarks/npm/@eslint%2feslintrc 2182ms (cache miss)
npm http fetch GET 200 https://registry.vlt.io/vlt-benchmarks/npm/eslint-visitor-keys 29ms (cache revalidated)
npm http fetch GET 200 https://registry.vlt.io/vlt-benchmarks/npm/@nodelib%2ffs.walk 2139ms (cache miss)
npm http fetch GET 200 https://registry.vlt.io/vlt-benchmarks/npm/file-entry-cache 2143ms (cache miss)
npm http fetch GET 200 https://registry.vlt.io/vlt-benchmarks/npm/escape-string-regexp 2124ms (cache miss)
npm http fetch GET 200 https://registry.vlt.io/vlt-benchmarks/npm/@ungap%2fstructured-clone 2144ms (cache miss)
npm http fetch GET 200 https://registry.vlt.io/vlt-benchmarks/npm/@eslint-community%2fregexpp 2148ms (cache miss)
npm http fetch GET 200 https://registry.vlt.io/vlt-benchmarks/npm/@humanwhocodes%2fconfig-array 2152ms (cache miss)
npm http fetch GET 200 https://registry.vlt.io/vlt-benchmarks/npm/@eslint-community%2feslint-utils 2226ms (cache miss)
npm http fetch GET 200 https://registry.vlt.io/vlt-benchmarks/npm/schema-utils 135ms (cache miss)
npm http fetch GET 200 https://registry.vlt.io/vlt-benchmarks/npm/@humanwhocodes%2fmodule-importer 2110ms (cache miss)
npm http fetch GET 200 https://registry.vlt.io/vlt-benchmarks/npm/json5 6ms (cache revalidated)
npm http fetch GET 200 https://registry.vlt.io/vlt-benchmarks/npm/json-stable-stringify-without-jsonify 2117ms (cache miss)
npm http fetch GET 200 https://registry.vlt.io/vlt-benchmarks/npm/gensync 97ms (cache miss)
npm http fetch GET 200 https://registry.vlt.io/vlt-benchmarks/npm/@babel%2ftypes 7ms (cache revalidated)
npm http fetch GET 200 https://registry.vlt.io/vlt-benchmarks/npm/@babel%2fparser 7ms (cache revalidated)
npm http fetch GET 200 https://registry.vlt.io/vlt-benchmarks/npm/find-cache-dir 2121ms (cache miss)
npm http fetch GET 200 https://registry.vlt.io/vlt-benchmarks/npm/@babel%2ftemplate 218ms (cache miss)
npm http fetch GET 200 https://registry.vlt.io/vlt-benchmarks/npm/@babel%2ftraverse 27ms (cache revalidated)
npm http fetch GET 200 https://registry.vlt.io/vlt-benchmarks/npm/@babel%2fhelpers 3311ms (cache miss)
npm http fetch GET 200 https://registry.vlt.io/vlt-benchmarks/npm/semver 4570ms (cache miss)
npm http fetch GET 200 https://registry.vlt.io/vlt-benchmarks/npm/convert-source-map 6ms (cache revalidated)
npm http fetch GET 200 https://registry.vlt.io/vlt-benchmarks/npm/@babel%2fcode-frame 65ms (cache revalidated)
npm http fetch GET 200 https://registry.vlt.io/vlt-benchmarks/npm/@babel%2fgenerator 2916ms (cache miss)
npm http fetch GET 200 https://registry.vlt.io/vlt-benchmarks/npm/@jridgewell%2fremapping 2117ms (cache miss)
npm http fetch GET 200 https://registry.vlt.io/vlt-benchmarks/npm/@babel%2fhelper-compilation-targets 2205ms (cache miss)
npm http fetch GET 200 https://registry.vlt.io/vlt-benchmarks/npm/@babel%2fhelper-module-transforms 2382ms (cache miss)
npm http fetch GET 200 https://registry.vlt.io/vlt-benchmarks/npm/events 2125ms (cache miss)
npm http fetch GET 200 https://registry.vlt.io/vlt-benchmarks/npm/tapable 2164ms (cache miss)
npm http fetch GET 200 https://registry.vlt.io/vlt-benchmarks/npm/mime-db 2284ms (cache miss)
npm http fetch GET 200 https://registry.vlt.io/vlt-benchmarks/npm/browserslist 7ms (cache revalidated)
npm http fetch GET 200 https://registry.vlt.io/vlt-benchmarks/npm/schema-utils 7ms (cache revalidated)
npm http fetch GET 200 https://registry.vlt.io/vlt-benchmarks/npm/graceful-fs 99ms (cache miss)
npm http fetch GET 200 https://registry.vlt.io/vlt-benchmarks/npm/@types%2festree 95ms (cache miss)
npm http fetch GET 200 https://registry.vlt.io/vlt-benchmarks/npm/watchpack 2349ms (cache miss)
npm http fetch GET 200 https://registry.vlt.io/vlt-benchmarks/npm/es-module-lexer 2237ms (cache miss)
npm http fetch GET 200 https://registry.vlt.io/vlt-benchmarks/npm/@types%2fjson-schema 99ms (cache miss)
npm http fetch GET 200 https://registry.vlt.io/vlt-benchmarks/npm/webpack-sources 2309ms (cache miss)
npm http fetch GET 200 https://registry.vlt.io/vlt-benchmarks/npm/enhanced-resolve 2451ms (cache miss)
npm http fetch GET 200 https://registry.vlt.io/vlt-benchmarks/npm/@webassemblyjs%2fast 2258ms (cache miss)
npm http fetch GET 200 https://registry.vlt.io/vlt-benchmarks/npm/chrome-trace-event 2248ms (cache miss)
npm http fetch GET 200 https://registry.vlt.io/vlt-benchmarks/npm/minimizer-webpack-plugin 216ms (cache miss)
npm http fetch GET 200 https://registry.vlt.io/vlt-benchmarks/npm/glob 6ms (cache revalidated)
npm http fetch GET 200 https://registry.vlt.io/vlt-benchmarks/npm/@webassemblyjs%2fwasm-edit 2341ms (cache miss)
npm http fetch GET 200 https://registry.vlt.io/vlt-benchmarks/npm/@webassemblyjs%2fwasm-parser 2223ms (cache miss)
npm http fetch GET 200 https://registry.vlt.io/vlt-benchmarks/npm/require-package-name 2120ms (cache miss)
npm http fetch GET 200 https://registry.vlt.io/vlt-benchmarks/npm/resolve 6ms (cache revalidated)
npm http fetch GET 200 https://registry.vlt.io/vlt-benchmarks/npm/@babel%2fhelper-module-imports 2292ms (cache miss)
npm http fetch GET 200 https://registry.vlt.io/vlt-benchmarks/npm/pkg-up 2167ms (cache miss)
npm http fetch GET 200 https://registry.vlt.io/vlt-benchmarks/npm/babel-runtime 7ms (cache revalidated)
npm http fetch GET 200 https://registry.vlt.io/vlt-benchmarks/npm/babel-template 7ms (cache revalidated)
npm http fetch GET 200 https://registry.vlt.io/vlt-benchmarks/npm/reselect 2204ms (cache miss)
npm http fetch GET 200 https://registry.vlt.io/vlt-benchmarks/npm/find-babel-config 2227ms (cache miss)
npm http fetch GET 200 https://registry.vlt.io/vlt-benchmarks/npm/babel-plugin-syntax-decorators 2261ms (cache miss)
npm http fetch GET 200 https://registry.vlt.io/vlt-benchmarks/npm/core-js 2541ms (cache miss)
npm http fetch GET 200 https://registry.vlt.io/vlt-benchmarks/npm/babel-plugin-transform-regenerator 2143ms (cache miss)
npm http fetch GET 200 https://registry.vlt.io/vlt-benchmarks/npm/regenerator-runtime 2249ms (cache miss)
npm http fetch GET 200 https://registry.vlt.io/vlt-benchmarks/npm/babel-plugin-check-es2015-constants 2180ms (cache miss)
npm http fetch GET 200 https://registry.vlt.io/vlt-benchmarks/npm/babel-plugin-transform-es2015-for-of 2134ms (cache miss)
npm http fetch GET 200 https://registry.vlt.io/vlt-benchmarks/npm/babel-plugin-transform-es2015-spread 2249ms (cache miss)
npm http fetch GET 200 https://registry.vlt.io/vlt-benchmarks/npm/babel-plugin-transform-es2015-classes 2128ms (cache miss)
npm http fetch GET 200 https://registry.vlt.io/vlt-benchmarks/npm/babel-plugin-transform-es2015-literals 2127ms (cache miss)
npm http fetch GET 200 https://registry.vlt.io/vlt-benchmarks/npm/babel-plugin-transform-es2015-parameters 2260ms (cache miss)
npm http fetch GET 200 https://registry.vlt.io/vlt-benchmarks/npm/babel-plugin-transform-es2015-modules-amd 2161ms (cache miss)
npm http fetch GET 200 https://registry.vlt.io/vlt-benchmarks/npm/babel-plugin-transform-es2015-modules-umd 2139ms (cache miss)
npm http fetch GET 200 https://registry.vlt.io/vlt-benchmarks/npm/babel-plugin-transform-es2015-object-super 2523ms (cache miss)
npm http fetch GET 200 https://registry.vlt.io/vlt-benchmarks/npm/babel-plugin-transform-es2015-sticky-regex 2326ms (cache miss)
npm http fetch GET 200 https://registry.vlt.io/vlt-benchmarks/npm/babel-plugin-transform-es2015-block-scoping 2162ms (cache miss)
npm http fetch GET 200 https://registry.vlt.io/vlt-benchmarks/npm/babel-plugin-transform-es2015-destructuring 2120ms (cache miss)
npm http fetch GET 200 https://registry.vlt.io/vlt-benchmarks/npm/babel-plugin-transform-es2015-function-name 2120ms (cache miss)
npm http fetch GET 200 https://registry.vlt.io/vlt-benchmarks/npm/babel-plugin-transform-es2015-typeof-symbol 2169ms (cache miss)
npm http fetch GET 200 https://registry.vlt.io/vlt-benchmarks/npm/babel-plugin-transform-es2015-duplicate-keys 2131ms (cache miss)
npm http fetch GET 200 https://registry.vlt.io/vlt-benchmarks/npm/babel-plugin-transform-es2015-unicode-regex 2147ms (cache miss)
npm http fetch GET 200 https://registry.vlt.io/vlt-benchmarks/npm/babel-plugin-transform-es2015-arrow-functions 2118ms (cache miss)
npm http fetch GET 200 https://registry.vlt.io/vlt-benchmarks/npm/babel-plugin-transform-es2015-modules-commonjs 2123ms (cache miss)
npm http fetch GET 200 https://registry.vlt.io/vlt-benchmarks/npm/babel-plugin-transform-es2015-modules-systemjs 2125ms (cache miss)
npm http fetch GET 200 https://registry.vlt.io/vlt-benchmarks/npm/babel-plugin-transform-es2015-template-literals 2123ms (cache miss)
npm http fetch GET 200 https://registry.vlt.io/vlt-benchmarks/npm/babel-plugin-transform-es2015-computed-properties 2133ms (cache miss)
npm http fetch GET 200 https://registry.vlt.io/vlt-benchmarks/npm/babel-plugin-transform-es2015-shorthand-properties 2158ms (cache miss)
npm http fetch GET 200 https://registry.vlt.io/vlt-benchmarks/npm/babel-plugin-transform-es2015-block-scoped-functions 2126ms (cache miss)
npm http fetch GET 200 https://registry.vlt.io/vlt-benchmarks/npm/babel-preset-flow 2129ms (cache miss)
npm http fetch GET 200 https://registry.vlt.io/vlt-benchmarks/npm/babel-plugin-syntax-jsx 2120ms (cache miss)
npm http fetch GET 200 https://registry.vlt.io/vlt-benchmarks/npm/babel-plugin-transform-react-jsx 2252ms (cache miss)
npm http fetch GET 200 https://registry.vlt.io/vlt-benchmarks/npm/babel-plugin-transform-react-jsx-source 2127ms (cache miss)
npm http fetch GET 200 https://registry.vlt.io/vlt-benchmarks/npm/babel-plugin-transform-react-jsx-self 2237ms (cache miss)
npm http fetch GET 200 https://registry.vlt.io/vlt-benchmarks/npm/babel-plugin-transform-react-display-name 2263ms (cache miss)
npm http fetch GET 200 https://registry.vlt.io/vlt-benchmarks/npm/redbox-react 2177ms (cache miss)
npm http fetch GET 200 https://registry.vlt.io/vlt-benchmarks/npm/react-transform-hmr 2243ms (cache miss)
npm http fetch GET 200 https://registry.vlt.io/vlt-benchmarks/npm/babel-plugin-react-transform 2118ms (cache miss)
npm http fetch GET 200 https://registry.vlt.io/vlt-benchmarks/npm/react-transform-catch-errors 2235ms (cache miss)
npm http fetch GET 200 https://registry.vlt.io/vlt-benchmarks/npm/babel-preset-stage-2 2129ms (cache miss)
npm http fetch GET 200 https://registry.vlt.io/vlt-benchmarks/npm/core-js 29ms (cache revalidated)
npm http fetch GET 200 https://registry.vlt.io/vlt-benchmarks/npm/regenerator-runtime 28ms (cache revalidated)
npm http fetch GET 200 https://registry.vlt.io/vlt-benchmarks/npm/babel-plugin-transform-export-extensions 2113ms (cache miss)
npm http fetch GET 200 https://registry.vlt.io/vlt-benchmarks/npm/semver 27ms (cache revalidated)
npm http fetch GET 200 https://registry.vlt.io/vlt-benchmarks/npm/del 2134ms (cache miss)
npm http fetch GET 200 https://registry.vlt.io/vlt-benchmarks/npm/babel-plugin-transform-class-constructor-call 2244ms (cache miss)
npm http fetch GET 200 https://registry.vlt.io/vlt-benchmarks/npm/icss-utils 3376ms (cache miss)
npm http fetch GET 200 https://registry.vlt.io/vlt-benchmarks/npm/postcss-modules-values 2734ms (cache miss)
npm http fetch GET 200 https://registry.vlt.io/vlt-benchmarks/npm/postcss-modules-scope 2749ms (cache miss)
npm http fetch GET 200 https://registry.vlt.io/vlt-benchmarks/npm/postcss-modules-extract-imports 2142ms (cache miss)
npm http fetch GET 200 https://registry.vlt.io/vlt-benchmarks/npm/postcss-modules-local-by-default 2133ms (cache miss)
npm http fetch GET 200 https://registry.vlt.io/vlt-benchmarks/npm/minimist 2155ms (cache miss)
npm http fetch GET 200 https://registry.vlt.io/vlt-benchmarks/npm/cssnano-preset-default 215ms (cache miss)
npm http fetch GET 200 https://registry.vlt.io/vlt-benchmarks/npm/immutable 8ms (cache revalidated)
npm http fetch GET 200 https://registry.vlt.io/vlt-benchmarks/npm/lilconfig 2251ms (cache miss)
npm http fetch GET 200 https://registry.vlt.io/vlt-benchmarks/npm/fbjs 2269ms (cache miss)
npm http fetch GET 200 https://registry.vlt.io/vlt-benchmarks/npm/object-assign 2121ms (cache miss)
npm http fetch GET 200 https://registry.vlt.io/vlt-benchmarks/npm/loose-envify 2206ms (cache miss)
npm http fetch GET 200 https://registry.vlt.io/vlt-benchmarks/npm/loose-envify 2156ms (cache miss)
npm http fetch GET 200 https://registry.vlt.io/vlt-benchmarks/npm/object.assign 2163ms (cache miss)
npm http fetch GET 200 https://registry.vlt.io/vlt-benchmarks/npm/jake 2401ms (cache miss)
npm http fetch GET 200 https://registry.vlt.io/vlt-benchmarks/npm/scheduler 5937ms (cache miss)
npm http fetch GET 200 https://registry.vlt.io/vlt-benchmarks/npm/object.entries 2241ms (cache miss)
npm http fetch GET 200 https://registry.vlt.io/vlt-benchmarks/npm/eslint-config-airbnb-base 2270ms (cache miss)
npm http fetch GET 200 https://registry.vlt.io/vlt-benchmarks/npm/aria-query 217ms (cache miss)
npm http fetch GET 200 https://registry.vlt.io/vlt-benchmarks/npm/emoji-regex 98ms (cache miss)
npm http fetch GET 200 https://registry.vlt.io/vlt-benchmarks/npm/hasown 2189ms (cache miss)
npm http fetch GET 200 https://registry.vlt.io/vlt-benchmarks/npm/jsx-ast-utils 2175ms (cache miss)
npm http fetch GET 200 https://registry.vlt.io/vlt-benchmarks/npm/array-includes 226ms (cache miss)
npm http fetch GET 200 https://registry.vlt.io/vlt-benchmarks/npm/language-tags 2135ms (cache miss)
npm http fetch GET 200 https://registry.vlt.io/vlt-benchmarks/npm/axobject-query 98ms (cache miss)
npm http fetch GET 200 https://registry.vlt.io/vlt-benchmarks/npm/ast-types-flow 2250ms (cache miss)
npm http fetch GET 200 https://registry.vlt.io/vlt-benchmarks/npm/safe-regex-test 2131ms (cache miss)
npm http fetch GET 200 https://registry.vlt.io/vlt-benchmarks/npm/axe-core 5856ms (cache miss)
npm http fetch GET 200 https://registry.vlt.io/vlt-benchmarks/npm/object.fromentries 2121ms (cache miss)
npm http fetch GET 200 https://registry.vlt.io/vlt-benchmarks/npm/damerau-levenshtein 2257ms (cache miss)
npm http fetch GET 200 https://registry.vlt.io/vlt-benchmarks/npm/array.prototype.flatmap 2238ms (cache miss)
npm http fetch GET 200 https://registry.vlt.io/vlt-benchmarks/npm/is-glob 28ms (cache revalidated)
npm http fetch GET 200 https://registry.vlt.io/vlt-benchmarks/npm/doctrine 27ms (cache revalidated)
npm http fetch GET 200 https://registry.vlt.io/vlt-benchmarks/npm/string.prototype.includes 2167ms (cache miss)
npm http fetch GET 200 https://registry.vlt.io/vlt-benchmarks/npm/array-includes 7ms (cache revalidated)
npm http fetch GET 200 https://registry.vlt.io/vlt-benchmarks/npm/is-core-module 214ms (cache miss)
npm http fetch GET 200 https://registry.vlt.io/vlt-benchmarks/npm/@rtsao%2fscc 2134ms (cache miss)
npm http fetch GET 200 https://registry.vlt.io/vlt-benchmarks/npm/object.values 2237ms (cache miss)
npm http fetch GET 200 https://registry.vlt.io/vlt-benchmarks/npm/object.groupby 2111ms (cache miss)
npm http fetch GET 200 https://registry.vlt.io/vlt-benchmarks/npm/tsconfig-paths 2176ms (cache miss)
npm http fetch GET 200 https://registry.vlt.io/vlt-benchmarks/npm/array.prototype.flatmap 28ms (cache revalidated)
npm http fetch GET 200 https://registry.vlt.io/vlt-benchmarks/npm/eslint-module-utils 2187ms (cache miss)
npm http fetch GET 200 https://registry.vlt.io/vlt-benchmarks/npm/array.prototype.flat 2126ms (cache miss)
npm http fetch GET 200 https://registry.vlt.io/vlt-benchmarks/npm/string.prototype.trimend 2243ms (cache miss)
npm http fetch GET 200 https://registry.vlt.io/vlt-benchmarks/npm/eslint-import-resolver-node 2196ms (cache miss)
npm http fetch GET 200 https://registry.vlt.io/vlt-benchmarks/npm/jsx-ast-utils 28ms (cache revalidated)
npm http fetch GET 200 https://registry.vlt.io/vlt-benchmarks/npm/object.entries 28ms (cache revalidated)
npm http fetch GET 200 https://registry.vlt.io/vlt-benchmarks/npm/array.prototype.findlastindex 2116ms (cache miss)
npm http fetch GET 200 https://registry.vlt.io/vlt-benchmarks/npm/estraverse 2127ms (cache miss)
npm http fetch GET 200 https://registry.vlt.io/vlt-benchmarks/npm/es-iterator-helpers 2282ms (cache miss)
npm http fetch GET 200 https://registry.vlt.io/vlt-benchmarks/npm/string.prototype.repeat 2231ms (cache miss)
npm http fetch GET 200 https://registry.vlt.io/vlt-benchmarks/npm/array.prototype.findlast 2117ms (cache miss)
npm http fetch GET 200 https://registry.vlt.io/vlt-benchmarks/npm/array.prototype.tosorted 2163ms (cache miss)
npm http fetch GET 200 https://registry.vlt.io/vlt-benchmarks/npm/string.prototype.matchall 2222ms (cache miss)
npm http fetch GET 200 https://registry.vlt.io/vlt-benchmarks/npm/is-regex 2129ms (cache miss)
npm http fetch GET 200 https://registry.vlt.io/vlt-benchmarks/npm/enhanced-resolve 27ms (cache revalidated)
npm http fetch GET 200 https://registry.vlt.io/vlt-benchmarks/npm/qs 7ms (cache revalidated)
npm http fetch GET 200 https://registry.vlt.io/vlt-benchmarks/npm/find-root 2237ms (cache miss)
npm http fetch GET 200 https://registry.vlt.io/vlt-benchmarks/npm/interpret 2182ms (cache miss)
npm http fetch GET 200 https://registry.vlt.io/vlt-benchmarks/npm/depd 2236ms (cache miss)
npm http fetch GET 200 https://registry.vlt.io/vlt-benchmarks/npm/etag 2237ms (cache miss)
npm http fetch GET 200 https://registry.vlt.io/vlt-benchmarks/npm/send 2152ms (cache miss)
npm http fetch GET 200 https://registry.vlt.io/vlt-benchmarks/npm/vary 2239ms (cache miss)
npm http fetch GET 200 https://registry.vlt.io/vlt-benchmarks/npm/fresh 2125ms (cache miss)
npm http fetch GET 200 https://registry.vlt.io/vlt-benchmarks/npm/cookie 2266ms (cache miss)
npm http fetch GET 200 https://registry.vlt.io/vlt-benchmarks/npm/accepts 2131ms (cache miss)
npm http fetch GET 200 https://registry.vlt.io/vlt-benchmarks/npm/methods 2237ms (cache miss)
npm http fetch GET 200 https://registry.vlt.io/vlt-benchmarks/npm/type-is 2151ms (cache miss)
npm http fetch GET 200 https://registry.vlt.io/vlt-benchmarks/npm/parseurl 2222ms (cache miss)
npm http fetch GET 200 https://registry.vlt.io/vlt-benchmarks/npm/statuses 3721ms (cache miss)
npm http fetch GET 200 https://registry.vlt.io/vlt-benchmarks/npm/encodeurl 2703ms (cache miss)
npm http fetch GET 200 https://registry.vlt.io/vlt-benchmarks/npm/proxy-addr 2395ms (cache miss)
npm http fetch GET 200 https://registry.vlt.io/vlt-benchmarks/npm/body-parser 2221ms (cache miss)
npm http fetch GET 200 https://registry.vlt.io/vlt-benchmarks/npm/escape-html 2327ms (cache miss)
npm http fetch GET 200 https://registry.vlt.io/vlt-benchmarks/npm/http-errors 2380ms (cache miss)
npm http fetch GET 200 https://registry.vlt.io/vlt-benchmarks/npm/on-finished 2128ms (cache miss)
npm http fetch GET 200 https://registry.vlt.io/vlt-benchmarks/npm/content-type 101ms (cache miss)
npm http fetch GET 200 https://registry.vlt.io/vlt-benchmarks/npm/safe-buffer 2271ms (cache miss)
npm http fetch GET 200 https://registry.vlt.io/vlt-benchmarks/npm/utils-merge 2250ms (cache miss)
npm http fetch GET 200 https://registry.vlt.io/vlt-benchmarks/npm/finalhandler 2128ms (cache miss)
npm http fetch GET 200 https://registry.vlt.io/vlt-benchmarks/npm/range-parser 2125ms (cache miss)
npm http fetch GET 200 https://registry.vlt.io/vlt-benchmarks/npm/serve-static 2266ms (cache miss)
npm http fetch GET 200 https://registry.vlt.io/vlt-benchmarks/npm/array-flatten 2156ms (cache miss)
npm http fetch GET 200 https://registry.vlt.io/vlt-benchmarks/npm/path-to-regexp 2152ms (cache miss)
npm http fetch GET 200 https://registry.vlt.io/vlt-benchmarks/npm/setprototypeof 2122ms (cache miss)
npm http fetch GET 200 https://registry.vlt.io/vlt-benchmarks/npm/cookie-signature 2186ms (cache miss)
npm http fetch GET 200 https://registry.vlt.io/vlt-benchmarks/npm/merge-descriptors 2122ms (cache miss)
npm http fetch GET 200 https://registry.vlt.io/vlt-benchmarks/npm/content-disposition 2183ms (cache miss)
npm http fetch GET 200 https://registry.vlt.io/vlt-benchmarks/npm/raw-body 2347ms (cache miss)
npm http fetch GET 200 https://registry.vlt.io/vlt-benchmarks/npm/es6-promise 2122ms (cache miss)
npm http fetch GET 200 https://registry.vlt.io/vlt-benchmarks/npm/minipass 2270ms (cache miss)
npm http fetch GET 200 https://registry.vlt.io/vlt-benchmarks/npm/jackspeak 2259ms (cache miss)
npm http fetch GET 200 https://registry.vlt.io/vlt-benchmarks/npm/path-scurry 2297ms (cache miss)
npm http fetch GET 200 https://registry.vlt.io/vlt-benchmarks/npm/foreground-child 2168ms (cache miss)
npm http fetch GET 200 https://registry.vlt.io/vlt-benchmarks/npm/package-json-from-dist 2120ms (cache miss)
npm http fetch GET 200 https://registry.vlt.io/vlt-benchmarks/npm/gulp-cli 2135ms (cache miss)
npm http fetch GET 200 https://registry.vlt.io/vlt-benchmarks/npm/vinyl-fs 2262ms (cache miss)
npm http fetch GET 200 https://registry.vlt.io/vlt-benchmarks/npm/glob-watcher 2127ms (cache miss)
npm http fetch GET 200 https://registry.vlt.io/vlt-benchmarks/npm/undertaker 2249ms (cache miss)
npm http fetch GET 200 https://registry.vlt.io/vlt-benchmarks/npm/vinyl 2244ms (cache miss)
npm http fetch GET 200 https://registry.vlt.io/vlt-benchmarks/npm/vinyl 30ms (cache revalidated)
npm http fetch GET 200 https://registry.vlt.io/vlt-benchmarks/npm/concat-with-sourcemaps 2198ms (cache miss)
npm http fetch GET 200 https://registry.vlt.io/vlt-benchmarks/npm/through2 2351ms (cache miss)
npm http fetch GET 200 https://registry.vlt.io/vlt-benchmarks/npm/through2 30ms (cache revalidated)
npm http fetch GET 200 https://registry.vlt.io/vlt-benchmarks/npm/csslint 2262ms (cache miss)
npm http fetch GET 200 https://registry.vlt.io/vlt-benchmarks/npm/fancy-log 2220ms (cache miss)
npm http fetch GET 200 https://registry.vlt.io/vlt-benchmarks/npm/cssnano 7ms (cache revalidated)
npm http fetch GET 200 https://registry.vlt.io/vlt-benchmarks/npm/rcloader 2715ms (cache miss)
npm http fetch GET 200 https://registry.vlt.io/vlt-benchmarks/npm/plugin-error 2148ms (cache miss)
npm http fetch GET 200 https://registry.vlt.io/vlt-benchmarks/npm/plugin-error 312ms (cache miss)
npm http fetch GET 200 https://registry.vlt.io/vlt-benchmarks/npm/object-assign 30ms (cache revalidated)
npm http fetch GET 200 https://registry.vlt.io/vlt-benchmarks/npm/plugin-error 8ms (cache revalidated)
npm http fetch GET 200 https://registry.vlt.io/vlt-benchmarks/npm/less 7ms (cache revalidated)
npm http fetch GET 200 https://registry.vlt.io/vlt-benchmarks/npm/buffer-from 2117ms (cache miss)
npm http fetch GET 200 https://registry.vlt.io/vlt-benchmarks/npm/replace-ext 2291ms (cache miss)
npm http fetch GET 200 https://registry.vlt.io/vlt-benchmarks/npm/chalk 29ms (cache revalidated)
npm http fetch GET 200 https://registry.vlt.io/vlt-benchmarks/npm/vinyl-sourcemaps-apply 935ms (cache miss)
npm http fetch GET 200 https://registry.vlt.io/vlt-benchmarks/npm/vinyl-sourcemaps-apply 2413ms (cache miss)
npm http fetch GET 200 https://registry.vlt.io/vlt-benchmarks/npm/tiny-lr 2177ms (cache miss)
npm http fetch GET 200 https://registry.vlt.io/vlt-benchmarks/npm/lodash.assign 2195ms (cache miss)
npm http fetch GET 200 https://registry.vlt.io/vlt-benchmarks/npm/gulp-util 9ms (cache revalidated)
npm http fetch GET 200 https://registry.vlt.io/vlt-benchmarks/npm/readable-stream 158ms (cache miss)
npm http fetch GET 200 https://registry.vlt.io/vlt-benchmarks/npm/readable-stream 2367ms (cache miss)
npm http fetch GET 200 https://registry.vlt.io/vlt-benchmarks/npm/fancy-log 27ms (cache revalidated)
npm http fetch GET 200 https://registry.vlt.io/vlt-benchmarks/npm/clean-css 2315ms (cache miss)
npm http fetch GET 200 https://registry.vlt.io/vlt-benchmarks/npm/postcss-load-config 2150ms (cache miss)
npm http fetch GET 200 https://registry.vlt.io/vlt-benchmarks/npm/vinyl-bufferstream 2208ms (cache miss)
npm http fetch GET 200 https://registry.vlt.io/vlt-benchmarks/npm/minimist 26ms (cache revalidated)
npm http fetch GET 200 https://registry.vlt.io/vlt-benchmarks/npm/beeper 2132ms (cache miss)
npm http fetch GET 200 https://registry.vlt.io/vlt-benchmarks/npm/gulplog 2139ms (cache miss)
npm http fetch GET 200 https://registry.vlt.io/vlt-benchmarks/npm/multipipe 2140ms (cache miss)
npm http fetch GET 200 https://registry.vlt.io/vlt-benchmarks/npm/array-uniq 2119ms (cache miss)
npm http fetch GET 200 https://registry.vlt.io/vlt-benchmarks/npm/replace-ext 28ms (cache revalidated)
npm http fetch GET 200 https://registry.vlt.io/vlt-benchmarks/npm/has-gulplog 2117ms (cache miss)
npm http fetch GET 200 https://registry.vlt.io/vlt-benchmarks/npm/dateformat 2196ms (cache miss)
npm http fetch GET 200 https://registry.vlt.io/vlt-benchmarks/npm/array-differ 2124ms (cache miss)
npm http fetch GET 200 https://registry.vlt.io/vlt-benchmarks/npm/lodash.template 2129ms (cache miss)
npm http fetch GET 200 https://registry.vlt.io/vlt-benchmarks/npm/lodash._reescape 2110ms (cache miss)
npm http fetch GET 200 https://registry.vlt.io/vlt-benchmarks/npm/lodash._reevaluate 2109ms (cache miss)
npm http fetch GET 200 https://registry.vlt.io/vlt-benchmarks/npm/lodash._reinterpolate 2116ms (cache miss)
npm http fetch GET 200 https://registry.vlt.io/vlt-benchmarks/npm/async 2274ms (cache miss)
npm http fetch GET 200 https://registry.vlt.io/vlt-benchmarks/npm/loader-utils 2151ms (cache miss)
npm http fetch GET 200 https://registry.vlt.io/vlt-benchmarks/npm/serialize-error 2145ms (cache miss)
npm http fetch GET 200 https://registry.vlt.io/vlt-benchmarks/npm/source-map-js 6ms (cache revalidated)
npm http fetch GET 200 https://registry.vlt.io/vlt-benchmarks/npm/json-stringify-safe 2114ms (cache miss)
npm http fetch GET 200 https://registry.vlt.io/vlt-benchmarks/npm/copy-anything 102ms (cache miss)
npm http fetch GET 200 https://registry.vlt.io/vlt-benchmarks/npm/parse-node-version 4192ms (cache miss)
npm http fetch GET 200 https://registry.vlt.io/vlt-benchmarks/npm/strip-comments 4525ms (cache miss)
npm http fetch GET 200 https://registry.vlt.io/vlt-benchmarks/npm/@babel%2fruntime 4963ms (cache miss)
npm http fetch GET 200 https://registry.vlt.io/vlt-benchmarks/npm/mime 2151ms (cache miss)
npm http fetch GET 200 https://registry.vlt.io/vlt-benchmarks/npm/errno 2123ms (cache miss)
npm http fetch GET 200 https://registry.vlt.io/vlt-benchmarks/npm/source-map 14ms (cache revalidated)
npm http fetch GET 200 https://registry.vlt.io/vlt-benchmarks/npm/graceful-fs 11ms (cache revalidated)
npm http fetch GET 200 https://registry.vlt.io/vlt-benchmarks/npm/needle 2233ms (cache miss)
npm http fetch GET 200 https://registry.vlt.io/vlt-benchmarks/npm/draft-js 6ms (cache revalidated)
npm http fetch GET 200 https://registry.vlt.io/vlt-benchmarks/npm/make-dir 2125ms (cache miss)
npm http fetch GET 200 https://registry.vlt.io/vlt-benchmarks/npm/probe-image-size 2191ms (cache miss)
npm http fetch GET 200 https://registry.vlt.io/vlt-benchmarks/npm/@babel%2fruntime 28ms (cache revalidated)
npm http fetch GET 200 https://registry.vlt.io/vlt-benchmarks/npm/react-transition-group 2154ms (cache miss)
npm http fetch GET 200 https://registry.vlt.io/vlt-benchmarks/npm/loose-envify 7ms (cache revalidated)
npm http fetch GET 200 https://registry.vlt.io/vlt-benchmarks/npm/invariant 2243ms (cache miss)
npm http fetch GET 200 https://registry.vlt.io/vlt-benchmarks/npm/mobx-react-lite 2411ms (cache miss)
npm http fetch GET 200 https://registry.vlt.io/vlt-benchmarks/npm/es6-symbol 2533ms (cache miss)
npm http fetch GET 200 https://registry.vlt.io/vlt-benchmarks/npm/picocolors 6ms (cache revalidated)
npm http fetch GET 200 https://registry.vlt.io/vlt-benchmarks/npm/react-is 4745ms (cache miss)
npm http fetch GET 200 https://registry.vlt.io/vlt-benchmarks/npm/thenby 2245ms (cache miss)
npm http fetch GET 200 https://registry.vlt.io/vlt-benchmarks/npm/loader-utils 68ms (cache revalidated)
npm http fetch GET 200 https://registry.vlt.io/vlt-benchmarks/npm/side-channel 2126ms (cache miss)
npm http fetch GET 200 https://registry.vlt.io/vlt-benchmarks/npm/es-define-property 2111ms (cache miss)
npm http fetch GET 200 https://registry.vlt.io/vlt-benchmarks/npm/react-transition-group 26ms (cache revalidated)
npm http fetch GET 200 https://registry.vlt.io/vlt-benchmarks/npm/rc-util 2455ms (cache miss)
npm http fetch GET 200 https://registry.vlt.io/vlt-benchmarks/npm/classnames 2135ms (cache miss)
npm http fetch GET 200 https://registry.vlt.io/vlt-benchmarks/npm/dnd-core 2178ms (cache miss)
npm http fetch GET 200 https://registry.vlt.io/vlt-benchmarks/npm/@react-dnd%2finvariant 2241ms (cache miss)
npm http fetch GET 200 https://registry.vlt.io/vlt-benchmarks/npm/classnames 26ms (cache revalidated)
npm http fetch GET 200 https://registry.vlt.io/vlt-benchmarks/npm/@react-dnd%2fshallowequal 2123ms (cache miss)
npm http fetch GET 200 https://registry.vlt.io/vlt-benchmarks/npm/hoist-non-react-statics 2135ms (cache miss)
npm http fetch GET 200 https://registry.vlt.io/vlt-benchmarks/npm/linkify-it 2147ms (cache miss)
npm http fetch GET 200 https://registry.vlt.io/vlt-benchmarks/npm/draftjs-utils 2201ms (cache miss)
npm http fetch GET 200 https://registry.vlt.io/vlt-benchmarks/npm/html-to-draftjs 2173ms (cache miss)
npm http fetch GET 200 https://registry.vlt.io/vlt-benchmarks/npm/clsx 98ms (cache miss)
npm http fetch GET 200 https://registry.vlt.io/vlt-benchmarks/npm/fast-equals 98ms (cache miss)
npm http fetch GET 200 https://registry.vlt.io/vlt-benchmarks/npm/react-draggable 110ms (cache miss)
npm http fetch GET 200 https://registry.vlt.io/vlt-benchmarks/npm/attr-accept 2169ms (cache miss)
npm http fetch GET 200 https://registry.vlt.io/vlt-benchmarks/npm/file-selector 2249ms (cache miss)
npm http fetch GET 200 https://registry.vlt.io/vlt-benchmarks/npm/highcharts 6ms (cache revalidated)
npm http fetch GET 200 https://registry.vlt.io/vlt-benchmarks/npm/react-resizable 2264ms (cache miss)
npm http fetch GET 200 https://registry.vlt.io/vlt-benchmarks/npm/resize-observer-polyfill 2163ms (cache miss)
npm http fetch GET 200 https://registry.vlt.io/vlt-benchmarks/npm/global 2120ms (cache miss)
npm http fetch GET 200 https://registry.vlt.io/vlt-benchmarks/npm/hoist-non-react-statics 28ms (cache revalidated)
npm http fetch GET 200 https://registry.vlt.io/vlt-benchmarks/npm/shallowequal 2119ms (cache miss)
npm http fetch GET 200 https://registry.vlt.io/vlt-benchmarks/npm/fast-levenshtein 2132ms (cache miss)
npm http fetch GET 200 https://registry.vlt.io/vlt-benchmarks/npm/resize-observer-polyfill 27ms (cache revalidated)
npm http fetch GET 200 https://registry.vlt.io/vlt-benchmarks/npm/react-lifecycles-compat 2121ms (cache miss)
npm http fetch GET 200 https://registry.vlt.io/vlt-benchmarks/npm/get-node-dimensions 2120ms (cache miss)
npm http fetch GET 200 https://registry.vlt.io/vlt-benchmarks/npm/smart-mixin 2123ms (cache miss)
npm http fetch GET 200 https://registry.vlt.io/vlt-benchmarks/npm/shallow-equal 2119ms (cache miss)
npm http fetch GET 200 https://registry.vlt.io/vlt-benchmarks/npm/matchmediaquery 2120ms (cache miss)
npm http fetch GET 200 https://registry.vlt.io/vlt-benchmarks/npm/hyphenate-style-name 2123ms (cache miss)
npm http fetch GET 200 https://registry.vlt.io/vlt-benchmarks/npm/lodash.throttle 2123ms (cache miss)
npm http fetch GET 200 https://registry.vlt.io/vlt-benchmarks/npm/react-resize-detector 2261ms (cache miss)
npm http fetch GET 200 https://registry.vlt.io/vlt-benchmarks/npm/@remix-run%2frouter 1074ms (cache miss)
npm http fetch GET 200 https://registry.vlt.io/vlt-benchmarks/npm/@remix-run%2frouter 2348ms (cache miss)
npm http fetch GET 200 https://registry.vlt.io/vlt-benchmarks/npm/react-input-autosize 2149ms (cache miss)
npm http fetch GET 200 https://registry.vlt.io/vlt-benchmarks/npm/clsx 7ms (cache revalidated)
npm http fetch GET 200 https://registry.vlt.io/vlt-benchmarks/npm/tiny-invariant 2130ms (cache miss)
npm http fetch GET 200 https://registry.vlt.io/vlt-benchmarks/npm/react-is 8ms (cache revalidated)
npm http fetch GET 200 https://registry.vlt.io/vlt-benchmarks/npm/@floating-ui%2fdom 2172ms (cache miss)
npm http fetch GET 200 https://registry.vlt.io/vlt-benchmarks/npm/dom-helpers 2141ms (cache miss)
npm http fetch GET 200 https://registry.vlt.io/vlt-benchmarks/npm/consolidated-events 2123ms (cache miss)
npm http fetch GET 200 https://registry.vlt.io/vlt-benchmarks/npm/meow 2164ms (cache miss)
npm http fetch GET 200 https://registry.vlt.io/vlt-benchmarks/npm/table 2267ms (cache miss)
npm http fetch GET 200 https://registry.vlt.io/vlt-benchmarks/npm/ignore 26ms (cache revalidated)
npm http fetch GET 200 https://registry.vlt.io/vlt-benchmarks/npm/colord 2177ms (cache miss)
npm http fetch GET 200 https://registry.vlt.io/vlt-benchmarks/npm/globby 2233ms (cache miss)
npm http fetch GET 200 https://registry.vlt.io/vlt-benchmarks/npm/css-tree 2172ms (cache miss)
npm http fetch GET 200 https://registry.vlt.io/vlt-benchmarks/npm/globjoin 2118ms (cache miss)
npm http fetch GET 200 https://registry.vlt.io/vlt-benchmarks/npm/svg-tags 2118ms (cache miss)
npm http fetch GET 200 https://registry.vlt.io/vlt-benchmarks/npm/fast-glob 2142ms (cache miss)
npm http fetch GET 200 https://registry.vlt.io/vlt-benchmarks/npm/html-tags 3314ms (cache miss)
npm http fetch GET 200 https://registry.vlt.io/vlt-benchmarks/npm/micromatch 4557ms (cache miss)
npm http fetch GET 200 https://registry.vlt.io/vlt-benchmarks/npm/cosmiconfig 2822ms (cache miss)
npm http fetch GET 200 https://registry.vlt.io/vlt-benchmarks/npm/resolve-from 2781ms (cache miss)
npm http fetch GET 200 https://registry.vlt.io/vlt-benchmarks/npm/string-width 2142ms (cache miss)
npm http fetch GET 200 https://registry.vlt.io/vlt-benchmarks/npm/balanced-match 2124ms (cache miss)
npm http fetch GET 200 https://registry.vlt.io/vlt-benchmarks/npm/global-modules 2155ms (cache miss)
npm http fetch GET 200 https://registry.vlt.io/vlt-benchmarks/npm/file-entry-cache 65ms (cache revalidated)
npm http fetch GET 200 https://registry.vlt.io/vlt-benchmarks/npm/normalize-path 2133ms (cache miss)
npm http fetch GET 200 https://registry.vlt.io/vlt-benchmarks/npm/is-plain-object 2134ms (cache miss)
npm http fetch GET 200 https://registry.vlt.io/vlt-benchmarks/npm/mathml-tag-names 2148ms (cache miss)
npm http fetch GET 200 https://registry.vlt.io/vlt-benchmarks/npm/write-file-atomic 2160ms (cache miss)
npm http fetch GET 200 https://registry.vlt.io/vlt-benchmarks/npm/css-functions-list 2138ms (cache miss)
npm http fetch GET 200 https://registry.vlt.io/vlt-benchmarks/npm/fastest-levenshtein 2131ms (cache miss)
npm http fetch GET 200 https://registry.vlt.io/vlt-benchmarks/npm/supports-hyperlinks 2131ms (cache miss)
npm http fetch GET 200 https://registry.vlt.io/vlt-benchmarks/npm/postcss-safe-parser 2148ms (cache miss)
npm http fetch GET 200 https://registry.vlt.io/vlt-benchmarks/npm/known-css-properties 2141ms (cache miss)
npm http fetch GET 200 https://registry.vlt.io/vlt-benchmarks/npm/@csstools%2fcss-tokenizer 2146ms (cache miss)
npm http fetch GET 200 https://registry.vlt.io/vlt-benchmarks/npm/postcss-selector-parser 2230ms (cache miss)
npm http fetch GET 200 https://registry.vlt.io/vlt-benchmarks/npm/@csstools%2fselector-specificity 2133ms (cache miss)
npm http fetch GET 200 https://registry.vlt.io/vlt-benchmarks/npm/@csstools%2fcss-parser-algorithms 2132ms (cache miss)
npm http fetch GET 200 https://registry.vlt.io/vlt-benchmarks/npm/postcss-resolve-nested-selector 2584ms (cache miss)
npm http fetch GET 200 https://registry.vlt.io/vlt-benchmarks/npm/@dual-bundle%2fimport-meta-resolve 2129ms (cache miss)
npm http fetch GET 200 https://registry.vlt.io/vlt-benchmarks/npm/mime 26ms (cache revalidated)
npm http fetch GET 200 https://registry.vlt.io/vlt-benchmarks/npm/methods 28ms (cache revalidated)
npm http fetch GET 200 https://registry.vlt.io/vlt-benchmarks/npm/@csstools%2fmedia-query-list-parser 2137ms (cache miss)
npm http fetch GET 200 https://registry.vlt.io/vlt-benchmarks/npm/form-data 99ms (cache miss)
npm http fetch GET 200 https://registry.vlt.io/vlt-benchmarks/npm/@csstools%2fcss-syntax-patches-for-csstree 2167ms (cache miss)
npm http fetch GET 200 https://registry.vlt.io/vlt-benchmarks/npm/cookiejar 2135ms (cache miss)
npm http fetch GET 200 https://registry.vlt.io/vlt-benchmarks/npm/formidable 2261ms (cache miss)
npm http fetch GET 200 https://registry.vlt.io/vlt-benchmarks/npm/component-emitter 2137ms (cache miss)
npm http fetch GET 200 https://registry.vlt.io/vlt-benchmarks/npm/fast-safe-stringify 2127ms (cache miss)
npm http fetch GET 200 https://registry.vlt.io/vlt-benchmarks/npm/acorn 96ms (cache miss)
npm http fetch GET 200 https://registry.vlt.io/vlt-benchmarks/npm/ws 2225ms (cache miss)
npm http fetch GET 200 https://registry.vlt.io/vlt-benchmarks/npm/sirv 2138ms (cache miss)
npm http fetch GET 200 https://registry.vlt.io/vlt-benchmarks/npm/opener 2128ms (cache miss)
npm http fetch GET 200 https://registry.vlt.io/vlt-benchmarks/npm/debounce 2130ms (cache miss)
npm http fetch GET 200 https://registry.vlt.io/vlt-benchmarks/npm/commander 2398ms (cache miss)
npm http fetch GET 200 https://registry.vlt.io/vlt-benchmarks/npm/gzip-size 2131ms (cache miss)
npm http fetch GET 200 https://registry.vlt.io/vlt-benchmarks/npm/acorn-walk 2126ms (cache miss)
npm http fetch GET 200 https://registry.vlt.io/vlt-benchmarks/npm/strip-ansi 27ms (cache revalidated)
npm http fetch GET 200 https://registry.vlt.io/vlt-benchmarks/npm/html-escaper 2283ms (cache miss)
npm http fetch GET 200 https://registry.vlt.io/vlt-benchmarks/npm/@discoveryjs%2fjson-ext 2275ms (cache miss)
npm http fetch GET 200 https://registry.vlt.io/vlt-benchmarks/npm/html-entities 2224ms (cache miss)
npm http fetch GET 200 https://registry.vlt.io/vlt-benchmarks/npm/ansi-html-community 2113ms (cache miss)
npm http fetch GET 200 https://registry.vlt.io/vlt-benchmarks/npm/node-notifier 2158ms (cache miss)
npm http fetch GET 200 https://registry.vlt.io/vlt-benchmarks/npm/@types%2fnode-notifier 2172ms (cache miss)
npm http fetch GET 200 https://registry.vlt.io/vlt-benchmarks/npm/@babel%2fcore 6ms (cache revalidated)
npm http fetch GET 200 https://registry.vlt.io/vlt-benchmarks/npm/jsesc 2136ms (cache miss)
npm http fetch GET 200 https://registry.vlt.io/vlt-benchmarks/npm/@babel%2fhelper-validator-identifier 2174ms (cache miss)
npm http fetch GET 200 https://registry.vlt.io/vlt-benchmarks/npm/js-tokens 2440ms (cache miss)
npm http fetch GET 200 https://registry.vlt.io/vlt-benchmarks/npm/@jridgewell%2fgen-mapping 2143ms (cache miss)
npm http fetch GET 200 https://registry.vlt.io/vlt-benchmarks/npm/@jridgewell%2ftrace-mapping 2298ms (cache miss)
npm http fetch GET 200 https://registry.vlt.io/vlt-benchmarks/npm/lru-cache 2543ms (cache miss)
npm http fetch GET 200 https://registry.vlt.io/vlt-benchmarks/npm/@babel%2fhelper-module-imports 26ms (cache revalidated)
npm http fetch GET 200 https://registry.vlt.io/vlt-benchmarks/npm/@babel%2fcompat-data 2286ms (cache miss)
npm http fetch GET 200 https://registry.vlt.io/vlt-benchmarks/npm/@babel%2fhelper-validator-option 2166ms (cache miss)
npm http fetch GET 200 https://registry.vlt.io/vlt-benchmarks/npm/@jridgewell%2fgen-mapping 26ms (cache revalidated)
npm http fetch GET 200 https://registry.vlt.io/vlt-benchmarks/npm/@jridgewell%2ftrace-mapping 27ms (cache revalidated)
npm http fetch GET 200 https://registry.vlt.io/vlt-benchmarks/npm/ms 96ms (cache miss)
npm http fetch GET 200 https://registry.vlt.io/vlt-benchmarks/npm/@babel%2fhelper-globals 2129ms (cache miss)
npm http fetch GET 200 https://registry.vlt.io/vlt-benchmarks/npm/@babel%2fhelper-string-parser 2148ms (cache miss)
npm http fetch GET 200 https://registry.vlt.io/vlt-benchmarks/npm/@jridgewell%2fsourcemap-codec 99ms (cache miss)
npm http fetch GET 200 https://registry.vlt.io/vlt-benchmarks/npm/@jridgewell%2fsourcemap-codec 99ms (cache miss)
npm http fetch GET 200 https://registry.vlt.io/vlt-benchmarks/npm/@jridgewell%2fresolve-uri 2120ms (cache miss)
npm http fetch GET 200 https://registry.vlt.io/vlt-benchmarks/npm/update-browserslist-db 3650ms (cache miss)
npm http fetch GET 200 https://registry.vlt.io/vlt-benchmarks/npm/node-releases 3829ms (cache miss)
npm http fetch GET 200 https://registry.vlt.io/vlt-benchmarks/npm/yallist 2477ms (cache miss)
npm http fetch GET 200 https://registry.vlt.io/vlt-benchmarks/npm/baseline-browser-mapping 2774ms (cache miss)
npm http fetch GET 200 https://registry.vlt.io/vlt-benchmarks/npm/electron-to-chromium 6471ms (cache miss)
npm http fetch GET 200 https://registry.vlt.io/vlt-benchmarks/npm/js-tokens 30ms (cache revalidated)
npm http fetch GET 200 https://registry.vlt.io/vlt-benchmarks/npm/jsesc 31ms (cache revalidated)
npm http fetch GET 200 https://registry.vlt.io/vlt-benchmarks/npm/trim-right 2114ms (cache miss)
npm http fetch GET 200 https://registry.vlt.io/vlt-benchmarks/npm/detect-indent 2123ms (cache miss)
npm http fetch GET 200 https://registry.vlt.io/vlt-benchmarks/npm/mkdirp 2144ms (cache miss)
npm http fetch GET 200 https://registry.vlt.io/vlt-benchmarks/npm/globals 27ms (cache revalidated)
npm http fetch GET 200 https://registry.vlt.io/vlt-benchmarks/npm/invariant 68ms (cache revalidated)
npm http fetch GET 200 https://registry.vlt.io/vlt-benchmarks/npm/home-or-tmp 2164ms (cache miss)
npm http fetch GET 200 https://registry.vlt.io/vlt-benchmarks/npm/ms 7ms (cache revalidated)
npm http fetch GET 200 https://registry.vlt.io/vlt-benchmarks/npm/to-fast-properties 2120ms (cache miss)
npm http fetch GET 200 https://registry.vlt.io/vlt-benchmarks/npm/source-map-support 2274ms (cache miss)
npm http fetch GET 200 https://registry.vlt.io/vlt-benchmarks/npm/brace-expansion 2196ms (cache miss)
npm http fetch GET 200 https://registry.vlt.io/vlt-benchmarks/npm/has-ansi 2131ms (cache miss)
npm http fetch GET 200 https://registry.vlt.io/vlt-benchmarks/npm/ansi-styles 2133ms (cache miss)
npm http fetch GET 200 https://registry.vlt.io/vlt-benchmarks/npm/supports-color 2148ms (cache miss)
npm http fetch GET 200 https://registry.vlt.io/vlt-benchmarks/npm/escape-string-regexp 28ms (cache revalidated)
npm http fetch GET 200 https://registry.vlt.io/vlt-benchmarks/npm/es-errors 2118ms (cache miss)
npm http fetch GET 200 https://registry.vlt.io/vlt-benchmarks/npm/path-parse 2118ms (cache miss)
npm http fetch GET 200 https://registry.vlt.io/vlt-benchmarks/npm/supports-preserve-symlinks-flag 2229ms (cache miss)
npm http fetch GET 200 https://registry.vlt.io/vlt-benchmarks/npm/repeating 2122ms (cache miss)
npm http fetch GET 200 https://registry.vlt.io/vlt-benchmarks/npm/ajv 27ms (cache revalidated)
npm http fetch GET 200 https://registry.vlt.io/vlt-benchmarks/npm/common-path-prefix 2120ms (cache miss)
npm http fetch GET 200 https://registry.vlt.io/vlt-benchmarks/npm/pkg-dir 2123ms (cache miss)
npm http fetch GET 200 https://registry.vlt.io/vlt-benchmarks/npm/ajv-formats 2152ms (cache miss)
npm http fetch GET 200 https://registry.vlt.io/vlt-benchmarks/npm/ajv-keywords 2329ms (cache miss)
npm http fetch GET 200 https://registry.vlt.io/vlt-benchmarks/npm/inflight 2147ms (cache miss)
npm http fetch GET 200 https://registry.vlt.io/vlt-benchmarks/npm/once 2150ms (cache miss)
npm http fetch GET 200 https://registry.vlt.io/vlt-benchmarks/npm/inherits 2162ms (cache miss)
npm http fetch GET 200 https://registry.vlt.io/vlt-benchmarks/npm/fs.realpath 2115ms (cache miss)
npm http fetch GET 200 https://registry.vlt.io/vlt-benchmarks/npm/find-up 29ms (cache revalidated)
npm http fetch GET 200 https://registry.vlt.io/vlt-benchmarks/npm/path-scurry 31ms (cache revalidated)
npm http fetch GET 200 https://registry.vlt.io/vlt-benchmarks/npm/minipass 72ms (cache revalidated)
npm http fetch GET 200 https://registry.vlt.io/vlt-benchmarks/npm/babel-helper-function-name 2149ms (cache miss)
npm http fetch GET 200 https://registry.vlt.io/vlt-benchmarks/npm/babel-helper-replace-supers 2160ms (cache miss)
npm http fetch GET 200 https://registry.vlt.io/vlt-benchmarks/npm/babel-helper-define-map 2191ms (cache miss)
npm http fetch GET 200 https://registry.vlt.io/vlt-benchmarks/npm/babel-helper-optimise-call-expression 2123ms (cache miss)
npm http fetch GET 200 https://registry.vlt.io/vlt-benchmarks/npm/babel-plugin-transform-strict-mode 2118ms (cache miss)
npm http fetch GET 200 https://registry.vlt.io/vlt-benchmarks/npm/babel-helper-hoist-variables 2119ms (cache miss)
npm http fetch GET 200 https://registry.vlt.io/vlt-benchmarks/npm/babel-helper-call-delegate 2124ms (cache miss)
npm http fetch GET 200 https://registry.vlt.io/vlt-benchmarks/npm/babel-helper-get-function-arity 2121ms (cache miss)
npm http fetch GET 200 https://registry.vlt.io/vlt-benchmarks/npm/babel-helper-regex 37ms (cache miss)
npm http fetch GET 200 https://registry.vlt.io/vlt-benchmarks/npm/babel-helper-regex 2129ms (cache miss)
npm http fetch GET 200 https://registry.vlt.io/vlt-benchmarks/npm/regexpu-core 2153ms (cache miss)
npm http fetch GET 200 https://registry.vlt.io/vlt-benchmarks/npm/regenerator-transform 2188ms (cache miss)
npm http fetch GET 200 https://registry.vlt.io/vlt-benchmarks/npm/regjsparser 139ms (cache miss)
npm http fetch GET 200 https://registry.vlt.io/vlt-benchmarks/npm/regenerate 2118ms (cache miss)
npm http fetch GET 200 https://registry.vlt.io/vlt-benchmarks/npm/regjsgen 2126ms (cache miss)
