[zpm prepare]
cwd:
/home/runner/work/benchmarks/benchmarks/fixtures/babylon
package.json:
-rw-r--r-- 1 runner runner 8517 Jul  6 11:58 package.json
yarn path:
/home/runner/.yarn/switch/bin/yarn
yarn version:
1.22.22
canary version:
6.0.0-rc.19
packageManager (before):
set packageManager=yarn@6.0.0-rc.19:
packageManager (after):
[zpm prepare]
cwd:
/home/runner/work/benchmarks/benchmarks/fixtures/babylon
package.json:
-rw-r--r-- 1 runner runner 8517 Jul  6 12:00 package.json
yarn path:
/home/runner/.yarn/switch/bin/yarn
yarn version:
1.22.22
canary version:
6.0.0-rc.19
packageManager (before):
set packageManager=yarn@6.0.0-rc.19:
packageManager (after):
[zpm prepare]
cwd:
/home/runner/work/benchmarks/benchmarks/fixtures/babylon
package.json:
-rw-r--r-- 1 runner runner 8517 Jul  6 12:03 package.json
yarn path:
/home/runner/.yarn/switch/bin/yarn
yarn version:
1.22.22
canary version:
6.0.0-rc.19
packageManager (before):
set packageManager=yarn@6.0.0-rc.19:
packageManager (after):
[zpm prepare]
cwd:
/home/runner/work/benchmarks/benchmarks/fixtures/babylon
package.json:
-rw-r--r-- 1 runner runner 8517 Jul  6 12:06 package.json
yarn path:
/home/runner/.yarn/switch/bin/yarn
yarn version:
1.22.22
canary version:
6.0.0-rc.19
packageManager (before):
set packageManager=yarn@6.0.0-rc.19:
packageManager (after):
[zpm prepare]
cwd:
/home/runner/work/benchmarks/benchmarks/fixtures/babylon
package.json:
-rw-r--r-- 1 runner runner 8517 Jul  6 12:21 package.json
yarn path:
/home/runner/.yarn/switch/bin/yarn
yarn version:
1.22.22
canary version:
6.0.0-rc.19
packageManager (before):
set packageManager=yarn@6.0.0-rc.19:
packageManager (after):
