security-archive: failed to find node for @fontsource/fira-mono@undefined found in the response.
security-archive: failed to find node for @neoconfetti/svelte@undefined found in the response.
security-archive: failed to find node for @sveltejs/adapter-auto@undefined found in the response.
security-archive: failed to find node for @sveltejs/kit@undefined found in the response.
security-archive: failed to find node for @sveltejs/vite-plugin-svelte@undefined found in the response.
security-archive: failed to find node for @standard-schema/spec@undefined found in the response.
security-archive: failed to find node for @sveltejs/acorn-typescript@undefined found in the response.
security-archive: failed to find node for @types/cookie@undefined found in the response.
security-archive: failed to find node for @sveltejs/vite-plugin-svelte-inspector@undefined found in the response.
security-archive: failed to find node for @jridgewell/trace-mapping@undefined found in the response.
security-archive: failed to find node for @sveltejs/load-config@undefined found in the response.
security-archive: failed to find node for @jridgewell/remapping@undefined found in the response.
security-archive: failed to find node for @jridgewell/sourcemap-codec@undefined found in the response.
security-archive: failed to find node for @types/estree@undefined found in the response.
security-archive: failed to find node for @types/trusted-types@undefined found in the response.
security-archive: failed to find node for @polka/url@undefined found in the response.
security-archive: failed to find node for @jridgewell/resolve-uri@undefined found in the response.
security-archive: failed to find node for @jridgewell/gen-mapping@undefined found in the response.
security-archive: failed to find node for @esbuild/linux-arm64@undefined found in the response.
security-archive: failed to find node for @rollup/rollup-linux-arm64-gnu@undefined found in the response.
